[2025-07-03T17:48:15.437+0000] {taskinstance.py:1956} INFO - Dependencies all met for dep_context=non-requeueable deps ti=<TaskInstance: dataset_produces_1.producing_task_1 manual__2025-07-03T17:48:10.819192+00:00 [queued]>
[2025-07-03T17:48:15.452+0000] {taskinstance.py:1956} INFO - Dependencies all met for dep_context=requeueable deps ti=<TaskInstance: dataset_produces_1.producing_task_1 manual__2025-07-03T17:48:10.819192+00:00 [queued]>
[2025-07-03T17:48:15.452+0000] {taskinstance.py:2170} INFO - Starting attempt 1 of 1
[2025-07-03T17:48:15.480+0000] {taskinstance.py:2191} INFO - Executing <Task(BashOperator): producing_task_1> on 2025-07-03 17:48:10.819192+00:00
[2025-07-03T17:48:15.490+0000] {standard_task_runner.py:60} INFO - Started process 630 to run task
[2025-07-03T17:48:15.498+0000] {standard_task_runner.py:87} INFO - Running: ['***', 'tasks', 'run', 'dataset_produces_1', 'producing_task_1', 'manual__2025-07-03T17:48:10.819192+00:00', '--job-id', '3', '--raw', '--subdir', '/home/***/.local/lib/python3.8/site-packages/***/example_dags/example_datasets.py', '--cfg-path', '/tmp/tmpv422ivvv']
[2025-07-03T17:48:15.502+0000] {standard_task_runner.py:88} INFO - Job 3: Subtask producing_task_1
[2025-07-03T17:48:15.523+0000] {warnings.py:109} WARNING - /home/***/.local/lib/python3.8/site-packages/***/settings.py:194: DeprecationWarning: The sql_alchemy_conn option in [core] has been moved to the sql_alchemy_conn option in [database] - the old setting has been used, but please update your config.
  SQL_ALCHEMY_CONN = conf.get("database", "SQL_ALCHEMY_CONN")

[2025-07-03T17:48:15.584+0000] {task_command.py:423} INFO - Running <TaskInstance: dataset_produces_1.producing_task_1 manual__2025-07-03T17:48:10.819192+00:00 [running]> on host d77c3bcf817c
[2025-07-03T17:48:15.732+0000] {taskinstance.py:2480} INFO - Exporting env vars: AIRFLOW_CTX_DAG_OWNER='***' AIRFLOW_CTX_DAG_ID='dataset_produces_1' AIRFLOW_CTX_TASK_ID='producing_task_1' AIRFLOW_CTX_EXECUTION_DATE='2025-07-03T17:48:10.819192+00:00' AIRFLOW_CTX_TRY_NUMBER='1' AIRFLOW_CTX_DAG_RUN_ID='manual__2025-07-03T17:48:10.819192+00:00'
[2025-07-03T17:48:15.735+0000] {subprocess.py:63} INFO - Tmp dir root location: /tmp
[2025-07-03T17:48:15.736+0000] {subprocess.py:75} INFO - Running command: ['/usr/bin/bash', '-c', 'sleep 5']
[2025-07-03T17:48:15.756+0000] {subprocess.py:86} INFO - Output:
[2025-07-03T17:48:20.763+0000] {subprocess.py:97} INFO - Command exited with return code 0
[2025-07-03T17:48:20.791+0000] {warnings.py:109} WARNING - /home/***/.local/lib/python3.8/site-packages/***/models/baseoperator.py:1469: RemovedInAirflow3Warning: Passing 'execution_date' to 'TaskInstance.xcom_push()' is deprecated.
  context["ti"].xcom_push(key=key, value=value, execution_date=execution_date)

[2025-07-03T17:48:20.824+0000] {taskinstance.py:1138} INFO - Marking task as SUCCESS. dag_id=dataset_produces_1, task_id=producing_task_1, execution_date=20250703T174810, start_date=20250703T174815, end_date=20250703T174820
[2025-07-03T17:48:20.902+0000] {local_task_job_runner.py:234} INFO - Task exited with return code 0
[2025-07-03T17:48:20.926+0000] {taskinstance.py:3280} INFO - 0 downstream tasks scheduled from follow-on schedule check
