[2025-07-08T10:08:45.275+0000] {taskinstance.py:1956} INFO - Dependencies all met for dep_context=non-requeueable deps ti=<TaskInstance: weather_pipeline.fetch_weather scheduled__2025-07-08T10:07:00+00:00 [queued]>
[2025-07-08T10:08:45.372+0000] {taskinstance.py:1956} INFO - Dependencies all met for dep_context=requeueable deps ti=<TaskInstance: weather_pipeline.fetch_weather scheduled__2025-07-08T10:07:00+00:00 [queued]>
[2025-07-08T10:08:45.373+0000] {taskinstance.py:2170} INFO - Starting attempt 1 of 1
[2025-07-08T10:08:45.463+0000] {taskinstance.py:2191} INFO - Executing <Task(PythonOperator): fetch_weather> on 2025-07-08 10:07:00+00:00
[2025-07-08T10:08:45.511+0000] {standard_task_runner.py:60} INFO - Started process 2071 to run task
[2025-07-08T10:08:45.539+0000] {standard_task_runner.py:87} INFO - Running: ['***', 'tasks', 'run', 'weather_pipeline', 'fetch_weather', 'scheduled__2025-07-08T10:07:00+00:00', '--job-id', '3', '--raw', '--subdir', 'DAGS_FOLDER/weather_pipeline.py', '--cfg-path', '/tmp/tmpomajszmt']
[2025-07-08T10:08:45.567+0000] {standard_task_runner.py:88} INFO - Job 3: Subtask fetch_weather
[2025-07-08T10:08:45.640+0000] {warnings.py:109} WARNING - /home/***/.local/lib/python3.8/site-packages/***/settings.py:194: DeprecationWarning: The sql_alchemy_conn option in [core] has been moved to the sql_alchemy_conn option in [database] - the old setting has been used, but please update your config.
  SQL_ALCHEMY_CONN = conf.get("database", "SQL_ALCHEMY_CONN")

[2025-07-08T10:08:45.897+0000] {task_command.py:423} INFO - Running <TaskInstance: weather_pipeline.fetch_weather scheduled__2025-07-08T10:07:00+00:00 [running]> on host bacb6c67936a
[2025-07-08T10:08:46.349+0000] {taskinstance.py:2480} INFO - Exporting env vars: AIRFLOW_CTX_DAG_OWNER='***' AIRFLOW_CTX_DAG_ID='weather_pipeline' AIRFLOW_CTX_TASK_ID='fetch_weather' AIRFLOW_CTX_EXECUTION_DATE='2025-07-08T10:07:00+00:00' AIRFLOW_CTX_TRY_NUMBER='1' AIRFLOW_CTX_DAG_RUN_ID='scheduled__2025-07-08T10:07:00+00:00'
[2025-07-08T10:08:46.464+0000] {taskinstance.py:2698} ERROR - Task failed with exception
Traceback (most recent call last):
  File "/home/airflow/.local/lib/python3.8/site-packages/airflow/models/taskinstance.py", line 433, in _execute_task
    result = execute_callable(context=context, **execute_callable_kwargs)
  File "/home/airflow/.local/lib/python3.8/site-packages/airflow/operators/python.py", line 199, in execute
    return_value = self.execute_callable()
  File "/home/airflow/.local/lib/python3.8/site-packages/airflow/operators/python.py", line 216, in execute_callable
    return self.python_callable(*self.op_args, **self.op_kwargs)
  File "/opt/airflow/dags/weather_pipeline.py", line 22, in fetch_weather
    time_stamp = ctx["time_stamp"].replace(":", ".")
KeyError: 'time_stamp'
[2025-07-08T10:08:46.486+0000] {taskinstance.py:1138} INFO - Marking task as FAILED. dag_id=weather_pipeline, task_id=fetch_weather, execution_date=20250708T100700, start_date=20250708T100845, end_date=20250708T100846
[2025-07-08T10:08:46.536+0000] {standard_task_runner.py:107} ERROR - Failed to execute job 3 for task fetch_weather ('time_stamp'; 2071)
[2025-07-08T10:08:46.640+0000] {local_task_job_runner.py:234} INFO - Task exited with return code 1
[2025-07-08T10:08:46.815+0000] {taskinstance.py:3280} INFO - 0 downstream tasks scheduled from follow-on schedule check
