[2025-07-03T17:35:43.614+0000] {processor.py:161} INFO - Started process (PID=242) to work on /home/airflow/.local/lib/python3.8/site-packages/airflow/example_dags/example_dag_decorator.py
[2025-07-03T17:35:43.621+0000] {processor.py:830} INFO - Processing file /home/airflow/.local/lib/python3.8/site-packages/airflow/example_dags/example_dag_decorator.py for tasks to queue
[2025-07-03T17:35:43.624+0000] {logging_mixin.py:188} INFO - [2025-07-03T17:35:43.623+0000] {dagbag.py:538} INFO - Filling up the DagBag from /home/airflow/.local/lib/python3.8/site-packages/airflow/example_dags/example_dag_decorator.py
[2025-07-03T17:35:44.826+0000] {processor.py:840} INFO - DAG(s) 'example_dag_decorator' retrieved from /home/airflow/.local/lib/python3.8/site-packages/airflow/example_dags/example_dag_decorator.py
[2025-07-03T17:35:45.465+0000] {logging_mixin.py:188} INFO - [2025-07-03T17:35:45.465+0000] {dag.py:3036} INFO - Sync 1 DAGs
[2025-07-03T17:35:45.580+0000] {logging_mixin.py:188} INFO - [2025-07-03T17:35:45.580+0000] {dag.py:3823} INFO - Setting next_dagrun for example_dag_decorator to None, run_after=None
[2025-07-03T17:35:45.833+0000] {processor.py:183} INFO - Processing /home/airflow/.local/lib/python3.8/site-packages/airflow/example_dags/example_dag_decorator.py took 2.232 seconds
[2025-07-03T17:36:16.492+0000] {processor.py:161} INFO - Started process (PID=307) to work on /home/airflow/.local/lib/python3.8/site-packages/airflow/example_dags/example_dag_decorator.py
[2025-07-03T17:36:16.506+0000] {processor.py:830} INFO - Processing file /home/airflow/.local/lib/python3.8/site-packages/airflow/example_dags/example_dag_decorator.py for tasks to queue
[2025-07-03T17:36:16.509+0000] {logging_mixin.py:188} INFO - [2025-07-03T17:36:16.509+0000] {dagbag.py:538} INFO - Filling up the DagBag from /home/airflow/.local/lib/python3.8/site-packages/airflow/example_dags/example_dag_decorator.py
[2025-07-03T17:36:17.240+0000] {processor.py:840} INFO - DAG(s) 'example_dag_decorator' retrieved from /home/airflow/.local/lib/python3.8/site-packages/airflow/example_dags/example_dag_decorator.py
[2025-07-03T17:36:17.521+0000] {logging_mixin.py:188} INFO - [2025-07-03T17:36:17.520+0000] {dag.py:3036} INFO - Sync 1 DAGs
[2025-07-03T17:36:17.550+0000] {logging_mixin.py:188} INFO - [2025-07-03T17:36:17.550+0000] {dag.py:3823} INFO - Setting next_dagrun for example_dag_decorator to None, run_after=None
[2025-07-03T17:36:17.640+0000] {processor.py:183} INFO - Processing /home/airflow/.local/lib/python3.8/site-packages/airflow/example_dags/example_dag_decorator.py took 1.158 seconds
[2025-07-03T17:36:49.325+0000] {processor.py:161} INFO - Started process (PID=372) to work on /home/airflow/.local/lib/python3.8/site-packages/airflow/example_dags/example_dag_decorator.py
[2025-07-03T17:36:49.340+0000] {processor.py:830} INFO - Processing file /home/airflow/.local/lib/python3.8/site-packages/airflow/example_dags/example_dag_decorator.py for tasks to queue
[2025-07-03T17:36:49.342+0000] {logging_mixin.py:188} INFO - [2025-07-03T17:36:49.342+0000] {dagbag.py:538} INFO - Filling up the DagBag from /home/airflow/.local/lib/python3.8/site-packages/airflow/example_dags/example_dag_decorator.py
[2025-07-03T17:36:50.534+0000] {processor.py:840} INFO - DAG(s) 'example_dag_decorator' retrieved from /home/airflow/.local/lib/python3.8/site-packages/airflow/example_dags/example_dag_decorator.py
[2025-07-03T17:36:51.719+0000] {logging_mixin.py:188} INFO - [2025-07-03T17:36:51.717+0000] {dag.py:3036} INFO - Sync 1 DAGs
[2025-07-03T17:36:51.846+0000] {logging_mixin.py:188} INFO - [2025-07-03T17:36:51.836+0000] {dag.py:3823} INFO - Setting next_dagrun for example_dag_decorator to None, run_after=None
[2025-07-03T17:36:52.098+0000] {processor.py:183} INFO - Processing /home/airflow/.local/lib/python3.8/site-packages/airflow/example_dags/example_dag_decorator.py took 2.822 seconds
[2025-07-03T17:37:22.698+0000] {processor.py:161} INFO - Started process (PID=431) to work on /home/airflow/.local/lib/python3.8/site-packages/airflow/example_dags/example_dag_decorator.py
[2025-07-03T17:37:22.700+0000] {processor.py:830} INFO - Processing file /home/airflow/.local/lib/python3.8/site-packages/airflow/example_dags/example_dag_decorator.py for tasks to queue
[2025-07-03T17:37:22.702+0000] {logging_mixin.py:188} INFO - [2025-07-03T17:37:22.702+0000] {dagbag.py:538} INFO - Filling up the DagBag from /home/airflow/.local/lib/python3.8/site-packages/airflow/example_dags/example_dag_decorator.py
[2025-07-03T17:37:23.171+0000] {processor.py:840} INFO - DAG(s) 'example_dag_decorator' retrieved from /home/airflow/.local/lib/python3.8/site-packages/airflow/example_dags/example_dag_decorator.py
[2025-07-03T17:37:23.436+0000] {logging_mixin.py:188} INFO - [2025-07-03T17:37:23.436+0000] {dag.py:3036} INFO - Sync 1 DAGs
[2025-07-03T17:37:23.474+0000] {logging_mixin.py:188} INFO - [2025-07-03T17:37:23.474+0000] {dag.py:3823} INFO - Setting next_dagrun for example_dag_decorator to None, run_after=None
[2025-07-03T17:37:23.537+0000] {processor.py:183} INFO - Processing /home/airflow/.local/lib/python3.8/site-packages/airflow/example_dags/example_dag_decorator.py took 0.850 seconds
[2025-07-03T17:37:53.704+0000] {processor.py:161} INFO - Started process (PID=495) to work on /home/airflow/.local/lib/python3.8/site-packages/airflow/example_dags/example_dag_decorator.py
[2025-07-03T17:37:53.719+0000] {processor.py:830} INFO - Processing file /home/airflow/.local/lib/python3.8/site-packages/airflow/example_dags/example_dag_decorator.py for tasks to queue
[2025-07-03T17:37:53.734+0000] {logging_mixin.py:188} INFO - [2025-07-03T17:37:53.733+0000] {dagbag.py:538} INFO - Filling up the DagBag from /home/airflow/.local/lib/python3.8/site-packages/airflow/example_dags/example_dag_decorator.py
[2025-07-03T17:37:54.270+0000] {processor.py:840} INFO - DAG(s) 'example_dag_decorator' retrieved from /home/airflow/.local/lib/python3.8/site-packages/airflow/example_dags/example_dag_decorator.py
[2025-07-03T17:37:54.778+0000] {logging_mixin.py:188} INFO - [2025-07-03T17:37:54.777+0000] {dag.py:3036} INFO - Sync 1 DAGs
[2025-07-03T17:37:54.831+0000] {logging_mixin.py:188} INFO - [2025-07-03T17:37:54.831+0000] {dag.py:3823} INFO - Setting next_dagrun for example_dag_decorator to None, run_after=None
[2025-07-03T17:37:54.889+0000] {processor.py:183} INFO - Processing /home/airflow/.local/lib/python3.8/site-packages/airflow/example_dags/example_dag_decorator.py took 1.202 seconds
[2025-07-03T17:38:25.167+0000] {processor.py:161} INFO - Started process (PID=554) to work on /home/airflow/.local/lib/python3.8/site-packages/airflow/example_dags/example_dag_decorator.py
[2025-07-03T17:38:25.173+0000] {processor.py:830} INFO - Processing file /home/airflow/.local/lib/python3.8/site-packages/airflow/example_dags/example_dag_decorator.py for tasks to queue
[2025-07-03T17:38:25.182+0000] {logging_mixin.py:188} INFO - [2025-07-03T17:38:25.181+0000] {dagbag.py:538} INFO - Filling up the DagBag from /home/airflow/.local/lib/python3.8/site-packages/airflow/example_dags/example_dag_decorator.py
[2025-07-03T17:38:26.210+0000] {processor.py:840} INFO - DAG(s) 'example_dag_decorator' retrieved from /home/airflow/.local/lib/python3.8/site-packages/airflow/example_dags/example_dag_decorator.py
[2025-07-03T17:38:27.039+0000] {logging_mixin.py:188} INFO - [2025-07-03T17:38:27.038+0000] {dag.py:3036} INFO - Sync 1 DAGs
[2025-07-03T17:38:27.132+0000] {logging_mixin.py:188} INFO - [2025-07-03T17:38:27.131+0000] {dag.py:3823} INFO - Setting next_dagrun for example_dag_decorator to None, run_after=None
[2025-07-03T17:38:27.334+0000] {processor.py:183} INFO - Processing /home/airflow/.local/lib/python3.8/site-packages/airflow/example_dags/example_dag_decorator.py took 2.176 seconds
[2025-07-03T17:38:57.868+0000] {processor.py:161} INFO - Started process (PID=619) to work on /home/airflow/.local/lib/python3.8/site-packages/airflow/example_dags/example_dag_decorator.py
[2025-07-03T17:38:57.875+0000] {processor.py:830} INFO - Processing file /home/airflow/.local/lib/python3.8/site-packages/airflow/example_dags/example_dag_decorator.py for tasks to queue
[2025-07-03T17:38:57.878+0000] {logging_mixin.py:188} INFO - [2025-07-03T17:38:57.877+0000] {dagbag.py:538} INFO - Filling up the DagBag from /home/airflow/.local/lib/python3.8/site-packages/airflow/example_dags/example_dag_decorator.py
[2025-07-03T17:38:58.267+0000] {processor.py:840} INFO - DAG(s) 'example_dag_decorator' retrieved from /home/airflow/.local/lib/python3.8/site-packages/airflow/example_dags/example_dag_decorator.py
[2025-07-03T17:38:58.684+0000] {logging_mixin.py:188} INFO - [2025-07-03T17:38:58.684+0000] {dag.py:3036} INFO - Sync 1 DAGs
[2025-07-03T17:38:58.710+0000] {logging_mixin.py:188} INFO - [2025-07-03T17:38:58.709+0000] {dag.py:3823} INFO - Setting next_dagrun for example_dag_decorator to None, run_after=None
[2025-07-03T17:38:58.748+0000] {processor.py:183} INFO - Processing /home/airflow/.local/lib/python3.8/site-packages/airflow/example_dags/example_dag_decorator.py took 0.887 seconds
[2025-07-03T17:39:29.653+0000] {processor.py:161} INFO - Started process (PID=686) to work on /home/airflow/.local/lib/python3.8/site-packages/airflow/example_dags/example_dag_decorator.py
[2025-07-03T17:39:29.654+0000] {processor.py:830} INFO - Processing file /home/airflow/.local/lib/python3.8/site-packages/airflow/example_dags/example_dag_decorator.py for tasks to queue
[2025-07-03T17:39:29.657+0000] {logging_mixin.py:188} INFO - [2025-07-03T17:39:29.656+0000] {dagbag.py:538} INFO - Filling up the DagBag from /home/airflow/.local/lib/python3.8/site-packages/airflow/example_dags/example_dag_decorator.py
[2025-07-03T17:39:29.854+0000] {processor.py:840} INFO - DAG(s) 'example_dag_decorator' retrieved from /home/airflow/.local/lib/python3.8/site-packages/airflow/example_dags/example_dag_decorator.py
[2025-07-03T17:39:29.921+0000] {logging_mixin.py:188} INFO - [2025-07-03T17:39:29.920+0000] {dag.py:3036} INFO - Sync 1 DAGs
[2025-07-03T17:39:29.949+0000] {logging_mixin.py:188} INFO - [2025-07-03T17:39:29.949+0000] {dag.py:3823} INFO - Setting next_dagrun for example_dag_decorator to None, run_after=None
[2025-07-03T17:39:29.988+0000] {processor.py:183} INFO - Processing /home/airflow/.local/lib/python3.8/site-packages/airflow/example_dags/example_dag_decorator.py took 0.340 seconds
[2025-07-03T17:40:00.317+0000] {processor.py:161} INFO - Started process (PID=753) to work on /home/airflow/.local/lib/python3.8/site-packages/airflow/example_dags/example_dag_decorator.py
[2025-07-03T17:40:00.322+0000] {processor.py:830} INFO - Processing file /home/airflow/.local/lib/python3.8/site-packages/airflow/example_dags/example_dag_decorator.py for tasks to queue
[2025-07-03T17:40:00.325+0000] {logging_mixin.py:188} INFO - [2025-07-03T17:40:00.325+0000] {dagbag.py:538} INFO - Filling up the DagBag from /home/airflow/.local/lib/python3.8/site-packages/airflow/example_dags/example_dag_decorator.py
[2025-07-03T17:40:00.650+0000] {processor.py:840} INFO - DAG(s) 'example_dag_decorator' retrieved from /home/airflow/.local/lib/python3.8/site-packages/airflow/example_dags/example_dag_decorator.py
[2025-07-03T17:40:00.778+0000] {logging_mixin.py:188} INFO - [2025-07-03T17:40:00.777+0000] {dag.py:3036} INFO - Sync 1 DAGs
[2025-07-03T17:40:00.836+0000] {logging_mixin.py:188} INFO - [2025-07-03T17:40:00.833+0000] {dag.py:3823} INFO - Setting next_dagrun for example_dag_decorator to None, run_after=None
[2025-07-03T17:40:00.910+0000] {processor.py:183} INFO - Processing /home/airflow/.local/lib/python3.8/site-packages/airflow/example_dags/example_dag_decorator.py took 0.615 seconds
[2025-07-03T17:40:31.629+0000] {processor.py:161} INFO - Started process (PID=818) to work on /home/airflow/.local/lib/python3.8/site-packages/airflow/example_dags/example_dag_decorator.py
[2025-07-03T17:40:31.632+0000] {processor.py:830} INFO - Processing file /home/airflow/.local/lib/python3.8/site-packages/airflow/example_dags/example_dag_decorator.py for tasks to queue
[2025-07-03T17:40:31.643+0000] {logging_mixin.py:188} INFO - [2025-07-03T17:40:31.642+0000] {dagbag.py:538} INFO - Filling up the DagBag from /home/airflow/.local/lib/python3.8/site-packages/airflow/example_dags/example_dag_decorator.py
[2025-07-03T17:40:32.109+0000] {processor.py:840} INFO - DAG(s) 'example_dag_decorator' retrieved from /home/airflow/.local/lib/python3.8/site-packages/airflow/example_dags/example_dag_decorator.py
[2025-07-03T17:40:32.320+0000] {logging_mixin.py:188} INFO - [2025-07-03T17:40:32.320+0000] {dag.py:3036} INFO - Sync 1 DAGs
[2025-07-03T17:40:32.340+0000] {logging_mixin.py:188} INFO - [2025-07-03T17:40:32.340+0000] {dag.py:3823} INFO - Setting next_dagrun for example_dag_decorator to None, run_after=None
[2025-07-03T17:40:32.371+0000] {processor.py:183} INFO - Processing /home/airflow/.local/lib/python3.8/site-packages/airflow/example_dags/example_dag_decorator.py took 0.788 seconds
[2025-07-03T17:41:02.482+0000] {processor.py:161} INFO - Started process (PID=883) to work on /home/airflow/.local/lib/python3.8/site-packages/airflow/example_dags/example_dag_decorator.py
[2025-07-03T17:41:02.483+0000] {processor.py:830} INFO - Processing file /home/airflow/.local/lib/python3.8/site-packages/airflow/example_dags/example_dag_decorator.py for tasks to queue
[2025-07-03T17:41:02.485+0000] {logging_mixin.py:188} INFO - [2025-07-03T17:41:02.485+0000] {dagbag.py:538} INFO - Filling up the DagBag from /home/airflow/.local/lib/python3.8/site-packages/airflow/example_dags/example_dag_decorator.py
[2025-07-03T17:41:02.734+0000] {processor.py:840} INFO - DAG(s) 'example_dag_decorator' retrieved from /home/airflow/.local/lib/python3.8/site-packages/airflow/example_dags/example_dag_decorator.py
[2025-07-03T17:41:02.966+0000] {logging_mixin.py:188} INFO - [2025-07-03T17:41:02.965+0000] {dag.py:3036} INFO - Sync 1 DAGs
[2025-07-03T17:41:02.988+0000] {logging_mixin.py:188} INFO - [2025-07-03T17:41:02.988+0000] {dag.py:3823} INFO - Setting next_dagrun for example_dag_decorator to None, run_after=None
[2025-07-03T17:41:03.022+0000] {processor.py:183} INFO - Processing /home/airflow/.local/lib/python3.8/site-packages/airflow/example_dags/example_dag_decorator.py took 0.545 seconds
[2025-07-03T17:41:33.682+0000] {processor.py:161} INFO - Started process (PID=949) to work on /home/airflow/.local/lib/python3.8/site-packages/airflow/example_dags/example_dag_decorator.py
[2025-07-03T17:41:33.684+0000] {processor.py:830} INFO - Processing file /home/airflow/.local/lib/python3.8/site-packages/airflow/example_dags/example_dag_decorator.py for tasks to queue
[2025-07-03T17:41:33.686+0000] {logging_mixin.py:188} INFO - [2025-07-03T17:41:33.686+0000] {dagbag.py:538} INFO - Filling up the DagBag from /home/airflow/.local/lib/python3.8/site-packages/airflow/example_dags/example_dag_decorator.py
[2025-07-03T17:41:33.913+0000] {processor.py:840} INFO - DAG(s) 'example_dag_decorator' retrieved from /home/airflow/.local/lib/python3.8/site-packages/airflow/example_dags/example_dag_decorator.py
[2025-07-03T17:41:34.166+0000] {logging_mixin.py:188} INFO - [2025-07-03T17:41:34.166+0000] {dag.py:3036} INFO - Sync 1 DAGs
[2025-07-03T17:41:34.188+0000] {logging_mixin.py:188} INFO - [2025-07-03T17:41:34.187+0000] {dag.py:3823} INFO - Setting next_dagrun for example_dag_decorator to None, run_after=None
[2025-07-03T17:41:34.241+0000] {processor.py:183} INFO - Processing /home/airflow/.local/lib/python3.8/site-packages/airflow/example_dags/example_dag_decorator.py took 0.564 seconds
[2025-07-03T17:42:04.521+0000] {processor.py:161} INFO - Started process (PID=1012) to work on /home/airflow/.local/lib/python3.8/site-packages/airflow/example_dags/example_dag_decorator.py
[2025-07-03T17:42:04.522+0000] {processor.py:830} INFO - Processing file /home/airflow/.local/lib/python3.8/site-packages/airflow/example_dags/example_dag_decorator.py for tasks to queue
[2025-07-03T17:42:04.525+0000] {logging_mixin.py:188} INFO - [2025-07-03T17:42:04.524+0000] {dagbag.py:538} INFO - Filling up the DagBag from /home/airflow/.local/lib/python3.8/site-packages/airflow/example_dags/example_dag_decorator.py
[2025-07-03T17:42:04.712+0000] {processor.py:840} INFO - DAG(s) 'example_dag_decorator' retrieved from /home/airflow/.local/lib/python3.8/site-packages/airflow/example_dags/example_dag_decorator.py
[2025-07-03T17:42:04.915+0000] {logging_mixin.py:188} INFO - [2025-07-03T17:42:04.914+0000] {dag.py:3036} INFO - Sync 1 DAGs
[2025-07-03T17:42:04.934+0000] {logging_mixin.py:188} INFO - [2025-07-03T17:42:04.934+0000] {dag.py:3823} INFO - Setting next_dagrun for example_dag_decorator to None, run_after=None
[2025-07-03T17:42:04.971+0000] {processor.py:183} INFO - Processing /home/airflow/.local/lib/python3.8/site-packages/airflow/example_dags/example_dag_decorator.py took 0.455 seconds
[2025-07-03T17:42:35.745+0000] {processor.py:161} INFO - Started process (PID=1078) to work on /home/airflow/.local/lib/python3.8/site-packages/airflow/example_dags/example_dag_decorator.py
[2025-07-03T17:42:35.749+0000] {processor.py:830} INFO - Processing file /home/airflow/.local/lib/python3.8/site-packages/airflow/example_dags/example_dag_decorator.py for tasks to queue
[2025-07-03T17:42:35.752+0000] {logging_mixin.py:188} INFO - [2025-07-03T17:42:35.751+0000] {dagbag.py:538} INFO - Filling up the DagBag from /home/airflow/.local/lib/python3.8/site-packages/airflow/example_dags/example_dag_decorator.py
[2025-07-03T17:42:36.120+0000] {processor.py:840} INFO - DAG(s) 'example_dag_decorator' retrieved from /home/airflow/.local/lib/python3.8/site-packages/airflow/example_dags/example_dag_decorator.py
[2025-07-03T17:42:36.460+0000] {logging_mixin.py:188} INFO - [2025-07-03T17:42:36.460+0000] {dag.py:3036} INFO - Sync 1 DAGs
[2025-07-03T17:42:36.497+0000] {logging_mixin.py:188} INFO - [2025-07-03T17:42:36.497+0000] {dag.py:3823} INFO - Setting next_dagrun for example_dag_decorator to None, run_after=None
[2025-07-03T17:42:36.553+0000] {processor.py:183} INFO - Processing /home/airflow/.local/lib/python3.8/site-packages/airflow/example_dags/example_dag_decorator.py took 0.816 seconds
[2025-07-03T17:43:07.134+0000] {processor.py:161} INFO - Started process (PID=1144) to work on /home/airflow/.local/lib/python3.8/site-packages/airflow/example_dags/example_dag_decorator.py
[2025-07-03T17:43:07.150+0000] {processor.py:830} INFO - Processing file /home/airflow/.local/lib/python3.8/site-packages/airflow/example_dags/example_dag_decorator.py for tasks to queue
[2025-07-03T17:43:07.160+0000] {logging_mixin.py:188} INFO - [2025-07-03T17:43:07.160+0000] {dagbag.py:538} INFO - Filling up the DagBag from /home/airflow/.local/lib/python3.8/site-packages/airflow/example_dags/example_dag_decorator.py
[2025-07-03T17:43:07.628+0000] {processor.py:840} INFO - DAG(s) 'example_dag_decorator' retrieved from /home/airflow/.local/lib/python3.8/site-packages/airflow/example_dags/example_dag_decorator.py
[2025-07-03T17:43:08.003+0000] {logging_mixin.py:188} INFO - [2025-07-03T17:43:08.003+0000] {dag.py:3036} INFO - Sync 1 DAGs
[2025-07-03T17:43:08.086+0000] {logging_mixin.py:188} INFO - [2025-07-03T17:43:08.086+0000] {dag.py:3823} INFO - Setting next_dagrun for example_dag_decorator to None, run_after=None
[2025-07-03T17:43:08.209+0000] {processor.py:183} INFO - Processing /home/airflow/.local/lib/python3.8/site-packages/airflow/example_dags/example_dag_decorator.py took 1.080 seconds
[2025-07-03T17:43:39.091+0000] {processor.py:161} INFO - Started process (PID=1211) to work on /home/airflow/.local/lib/python3.8/site-packages/airflow/example_dags/example_dag_decorator.py
[2025-07-03T17:43:39.093+0000] {processor.py:830} INFO - Processing file /home/airflow/.local/lib/python3.8/site-packages/airflow/example_dags/example_dag_decorator.py for tasks to queue
[2025-07-03T17:43:39.095+0000] {logging_mixin.py:188} INFO - [2025-07-03T17:43:39.095+0000] {dagbag.py:538} INFO - Filling up the DagBag from /home/airflow/.local/lib/python3.8/site-packages/airflow/example_dags/example_dag_decorator.py
[2025-07-03T17:43:39.295+0000] {processor.py:840} INFO - DAG(s) 'example_dag_decorator' retrieved from /home/airflow/.local/lib/python3.8/site-packages/airflow/example_dags/example_dag_decorator.py
[2025-07-03T17:43:39.504+0000] {logging_mixin.py:188} INFO - [2025-07-03T17:43:39.504+0000] {dag.py:3036} INFO - Sync 1 DAGs
[2025-07-03T17:43:39.527+0000] {logging_mixin.py:188} INFO - [2025-07-03T17:43:39.527+0000] {dag.py:3823} INFO - Setting next_dagrun for example_dag_decorator to None, run_after=None
[2025-07-03T17:43:39.560+0000] {processor.py:183} INFO - Processing /home/airflow/.local/lib/python3.8/site-packages/airflow/example_dags/example_dag_decorator.py took 0.474 seconds
[2025-07-03T17:44:10.333+0000] {processor.py:161} INFO - Started process (PID=1284) to work on /home/airflow/.local/lib/python3.8/site-packages/airflow/example_dags/example_dag_decorator.py
[2025-07-03T17:44:10.337+0000] {processor.py:830} INFO - Processing file /home/airflow/.local/lib/python3.8/site-packages/airflow/example_dags/example_dag_decorator.py for tasks to queue
[2025-07-03T17:44:10.344+0000] {logging_mixin.py:188} INFO - [2025-07-03T17:44:10.343+0000] {dagbag.py:538} INFO - Filling up the DagBag from /home/airflow/.local/lib/python3.8/site-packages/airflow/example_dags/example_dag_decorator.py
[2025-07-03T17:44:10.661+0000] {processor.py:840} INFO - DAG(s) 'example_dag_decorator' retrieved from /home/airflow/.local/lib/python3.8/site-packages/airflow/example_dags/example_dag_decorator.py
[2025-07-03T17:44:11.100+0000] {logging_mixin.py:188} INFO - [2025-07-03T17:44:11.100+0000] {dag.py:3036} INFO - Sync 1 DAGs
[2025-07-03T17:44:11.133+0000] {logging_mixin.py:188} INFO - [2025-07-03T17:44:11.133+0000] {dag.py:3823} INFO - Setting next_dagrun for example_dag_decorator to None, run_after=None
[2025-07-03T17:44:11.203+0000] {processor.py:183} INFO - Processing /home/airflow/.local/lib/python3.8/site-packages/airflow/example_dags/example_dag_decorator.py took 0.881 seconds
[2025-07-03T17:44:41.334+0000] {processor.py:161} INFO - Started process (PID=1351) to work on /home/airflow/.local/lib/python3.8/site-packages/airflow/example_dags/example_dag_decorator.py
[2025-07-03T17:44:41.345+0000] {processor.py:830} INFO - Processing file /home/airflow/.local/lib/python3.8/site-packages/airflow/example_dags/example_dag_decorator.py for tasks to queue
[2025-07-03T17:44:41.348+0000] {logging_mixin.py:188} INFO - [2025-07-03T17:44:41.347+0000] {dagbag.py:538} INFO - Filling up the DagBag from /home/airflow/.local/lib/python3.8/site-packages/airflow/example_dags/example_dag_decorator.py
[2025-07-03T17:44:41.714+0000] {processor.py:840} INFO - DAG(s) 'example_dag_decorator' retrieved from /home/airflow/.local/lib/python3.8/site-packages/airflow/example_dags/example_dag_decorator.py
[2025-07-03T17:44:42.003+0000] {logging_mixin.py:188} INFO - [2025-07-03T17:44:42.003+0000] {dag.py:3036} INFO - Sync 1 DAGs
[2025-07-03T17:44:42.023+0000] {logging_mixin.py:188} INFO - [2025-07-03T17:44:42.023+0000] {dag.py:3823} INFO - Setting next_dagrun for example_dag_decorator to None, run_after=None
[2025-07-03T17:44:42.053+0000] {processor.py:183} INFO - Processing /home/airflow/.local/lib/python3.8/site-packages/airflow/example_dags/example_dag_decorator.py took 0.727 seconds
[2025-07-03T17:45:12.787+0000] {processor.py:161} INFO - Started process (PID=1411) to work on /home/airflow/.local/lib/python3.8/site-packages/airflow/example_dags/example_dag_decorator.py
[2025-07-03T17:45:12.789+0000] {processor.py:830} INFO - Processing file /home/airflow/.local/lib/python3.8/site-packages/airflow/example_dags/example_dag_decorator.py for tasks to queue
[2025-07-03T17:45:12.791+0000] {logging_mixin.py:188} INFO - [2025-07-03T17:45:12.791+0000] {dagbag.py:538} INFO - Filling up the DagBag from /home/airflow/.local/lib/python3.8/site-packages/airflow/example_dags/example_dag_decorator.py
[2025-07-03T17:45:12.959+0000] {processor.py:840} INFO - DAG(s) 'example_dag_decorator' retrieved from /home/airflow/.local/lib/python3.8/site-packages/airflow/example_dags/example_dag_decorator.py
[2025-07-03T17:45:13.120+0000] {logging_mixin.py:188} INFO - [2025-07-03T17:45:13.119+0000] {dag.py:3036} INFO - Sync 1 DAGs
[2025-07-03T17:45:13.136+0000] {logging_mixin.py:188} INFO - [2025-07-03T17:45:13.135+0000] {dag.py:3823} INFO - Setting next_dagrun for example_dag_decorator to None, run_after=None
[2025-07-03T17:45:13.162+0000] {processor.py:183} INFO - Processing /home/airflow/.local/lib/python3.8/site-packages/airflow/example_dags/example_dag_decorator.py took 0.380 seconds
[2025-07-03T17:45:43.234+0000] {processor.py:161} INFO - Started process (PID=1476) to work on /home/airflow/.local/lib/python3.8/site-packages/airflow/example_dags/example_dag_decorator.py
[2025-07-03T17:45:43.236+0000] {processor.py:830} INFO - Processing file /home/airflow/.local/lib/python3.8/site-packages/airflow/example_dags/example_dag_decorator.py for tasks to queue
[2025-07-03T17:45:43.238+0000] {logging_mixin.py:188} INFO - [2025-07-03T17:45:43.238+0000] {dagbag.py:538} INFO - Filling up the DagBag from /home/airflow/.local/lib/python3.8/site-packages/airflow/example_dags/example_dag_decorator.py
[2025-07-03T17:45:43.411+0000] {processor.py:840} INFO - DAG(s) 'example_dag_decorator' retrieved from /home/airflow/.local/lib/python3.8/site-packages/airflow/example_dags/example_dag_decorator.py
[2025-07-03T17:45:43.561+0000] {logging_mixin.py:188} INFO - [2025-07-03T17:45:43.561+0000] {dag.py:3036} INFO - Sync 1 DAGs
[2025-07-03T17:45:43.576+0000] {logging_mixin.py:188} INFO - [2025-07-03T17:45:43.575+0000] {dag.py:3823} INFO - Setting next_dagrun for example_dag_decorator to None, run_after=None
[2025-07-03T17:45:43.601+0000] {processor.py:183} INFO - Processing /home/airflow/.local/lib/python3.8/site-packages/airflow/example_dags/example_dag_decorator.py took 0.372 seconds
[2025-07-03T17:46:14.772+0000] {processor.py:161} INFO - Started process (PID=1545) to work on /home/airflow/.local/lib/python3.8/site-packages/airflow/example_dags/example_dag_decorator.py
[2025-07-03T17:46:14.774+0000] {processor.py:830} INFO - Processing file /home/airflow/.local/lib/python3.8/site-packages/airflow/example_dags/example_dag_decorator.py for tasks to queue
[2025-07-03T17:46:14.776+0000] {logging_mixin.py:188} INFO - [2025-07-03T17:46:14.776+0000] {dagbag.py:538} INFO - Filling up the DagBag from /home/airflow/.local/lib/python3.8/site-packages/airflow/example_dags/example_dag_decorator.py
[2025-07-03T17:46:14.963+0000] {processor.py:840} INFO - DAG(s) 'example_dag_decorator' retrieved from /home/airflow/.local/lib/python3.8/site-packages/airflow/example_dags/example_dag_decorator.py
[2025-07-03T17:46:15.129+0000] {logging_mixin.py:188} INFO - [2025-07-03T17:46:15.129+0000] {dag.py:3036} INFO - Sync 1 DAGs
[2025-07-03T17:46:15.303+0000] {logging_mixin.py:188} INFO - [2025-07-03T17:46:15.303+0000] {dag.py:3823} INFO - Setting next_dagrun for example_dag_decorator to None, run_after=None
[2025-07-03T17:46:15.334+0000] {processor.py:183} INFO - Processing /home/airflow/.local/lib/python3.8/site-packages/airflow/example_dags/example_dag_decorator.py took 0.566 seconds
[2025-07-03T17:46:45.988+0000] {processor.py:161} INFO - Started process (PID=1610) to work on /home/airflow/.local/lib/python3.8/site-packages/airflow/example_dags/example_dag_decorator.py
[2025-07-03T17:46:45.989+0000] {processor.py:830} INFO - Processing file /home/airflow/.local/lib/python3.8/site-packages/airflow/example_dags/example_dag_decorator.py for tasks to queue
[2025-07-03T17:46:45.992+0000] {logging_mixin.py:188} INFO - [2025-07-03T17:46:45.991+0000] {dagbag.py:538} INFO - Filling up the DagBag from /home/airflow/.local/lib/python3.8/site-packages/airflow/example_dags/example_dag_decorator.py
[2025-07-03T17:46:46.138+0000] {processor.py:840} INFO - DAG(s) 'example_dag_decorator' retrieved from /home/airflow/.local/lib/python3.8/site-packages/airflow/example_dags/example_dag_decorator.py
[2025-07-03T17:46:46.296+0000] {logging_mixin.py:188} INFO - [2025-07-03T17:46:46.295+0000] {dag.py:3036} INFO - Sync 1 DAGs
[2025-07-03T17:46:46.316+0000] {logging_mixin.py:188} INFO - [2025-07-03T17:46:46.315+0000] {dag.py:3823} INFO - Setting next_dagrun for example_dag_decorator to None, run_after=None
[2025-07-03T17:46:46.513+0000] {processor.py:183} INFO - Processing /home/airflow/.local/lib/python3.8/site-packages/airflow/example_dags/example_dag_decorator.py took 0.529 seconds
[2025-07-03T17:47:17.351+0000] {processor.py:161} INFO - Started process (PID=1676) to work on /home/airflow/.local/lib/python3.8/site-packages/airflow/example_dags/example_dag_decorator.py
[2025-07-03T17:47:17.364+0000] {processor.py:830} INFO - Processing file /home/airflow/.local/lib/python3.8/site-packages/airflow/example_dags/example_dag_decorator.py for tasks to queue
[2025-07-03T17:47:17.367+0000] {logging_mixin.py:188} INFO - [2025-07-03T17:47:17.366+0000] {dagbag.py:538} INFO - Filling up the DagBag from /home/airflow/.local/lib/python3.8/site-packages/airflow/example_dags/example_dag_decorator.py
[2025-07-03T17:47:17.656+0000] {processor.py:840} INFO - DAG(s) 'example_dag_decorator' retrieved from /home/airflow/.local/lib/python3.8/site-packages/airflow/example_dags/example_dag_decorator.py
[2025-07-03T17:47:17.863+0000] {logging_mixin.py:188} INFO - [2025-07-03T17:47:17.862+0000] {dag.py:3036} INFO - Sync 1 DAGs
[2025-07-03T17:47:17.883+0000] {logging_mixin.py:188} INFO - [2025-07-03T17:47:17.882+0000] {dag.py:3823} INFO - Setting next_dagrun for example_dag_decorator to None, run_after=None
[2025-07-03T17:47:17.913+0000] {processor.py:183} INFO - Processing /home/airflow/.local/lib/python3.8/site-packages/airflow/example_dags/example_dag_decorator.py took 0.566 seconds
[2025-07-03T17:47:47.954+0000] {processor.py:161} INFO - Started process (PID=1741) to work on /home/airflow/.local/lib/python3.8/site-packages/airflow/example_dags/example_dag_decorator.py
[2025-07-03T17:47:47.955+0000] {processor.py:830} INFO - Processing file /home/airflow/.local/lib/python3.8/site-packages/airflow/example_dags/example_dag_decorator.py for tasks to queue
[2025-07-03T17:47:47.957+0000] {logging_mixin.py:188} INFO - [2025-07-03T17:47:47.956+0000] {dagbag.py:538} INFO - Filling up the DagBag from /home/airflow/.local/lib/python3.8/site-packages/airflow/example_dags/example_dag_decorator.py
[2025-07-03T17:47:48.088+0000] {processor.py:840} INFO - DAG(s) 'example_dag_decorator' retrieved from /home/airflow/.local/lib/python3.8/site-packages/airflow/example_dags/example_dag_decorator.py
[2025-07-03T17:47:48.236+0000] {logging_mixin.py:188} INFO - [2025-07-03T17:47:48.235+0000] {dag.py:3036} INFO - Sync 1 DAGs
[2025-07-03T17:47:48.251+0000] {logging_mixin.py:188} INFO - [2025-07-03T17:47:48.251+0000] {dag.py:3823} INFO - Setting next_dagrun for example_dag_decorator to None, run_after=None
[2025-07-03T17:47:48.277+0000] {processor.py:183} INFO - Processing /home/airflow/.local/lib/python3.8/site-packages/airflow/example_dags/example_dag_decorator.py took 0.327 seconds
[2025-07-03T17:48:18.727+0000] {processor.py:161} INFO - Started process (PID=1807) to work on /home/airflow/.local/lib/python3.8/site-packages/airflow/example_dags/example_dag_decorator.py
[2025-07-03T17:48:18.728+0000] {processor.py:830} INFO - Processing file /home/airflow/.local/lib/python3.8/site-packages/airflow/example_dags/example_dag_decorator.py for tasks to queue
[2025-07-03T17:48:18.730+0000] {logging_mixin.py:188} INFO - [2025-07-03T17:48:18.729+0000] {dagbag.py:538} INFO - Filling up the DagBag from /home/airflow/.local/lib/python3.8/site-packages/airflow/example_dags/example_dag_decorator.py
[2025-07-03T17:48:18.865+0000] {processor.py:840} INFO - DAG(s) 'example_dag_decorator' retrieved from /home/airflow/.local/lib/python3.8/site-packages/airflow/example_dags/example_dag_decorator.py
[2025-07-03T17:48:19.239+0000] {logging_mixin.py:188} INFO - [2025-07-03T17:48:19.239+0000] {dag.py:3036} INFO - Sync 1 DAGs
[2025-07-03T17:48:19.259+0000] {logging_mixin.py:188} INFO - [2025-07-03T17:48:19.258+0000] {dag.py:3823} INFO - Setting next_dagrun for example_dag_decorator to None, run_after=None
[2025-07-03T17:48:19.289+0000] {processor.py:183} INFO - Processing /home/airflow/.local/lib/python3.8/site-packages/airflow/example_dags/example_dag_decorator.py took 0.566 seconds
[2025-07-03T17:48:49.530+0000] {processor.py:161} INFO - Started process (PID=1880) to work on /home/airflow/.local/lib/python3.8/site-packages/airflow/example_dags/example_dag_decorator.py
[2025-07-03T17:48:49.531+0000] {processor.py:830} INFO - Processing file /home/airflow/.local/lib/python3.8/site-packages/airflow/example_dags/example_dag_decorator.py for tasks to queue
[2025-07-03T17:48:49.534+0000] {logging_mixin.py:188} INFO - [2025-07-03T17:48:49.534+0000] {dagbag.py:538} INFO - Filling up the DagBag from /home/airflow/.local/lib/python3.8/site-packages/airflow/example_dags/example_dag_decorator.py
[2025-07-03T17:48:49.723+0000] {processor.py:840} INFO - DAG(s) 'example_dag_decorator' retrieved from /home/airflow/.local/lib/python3.8/site-packages/airflow/example_dags/example_dag_decorator.py
[2025-07-03T17:48:49.765+0000] {logging_mixin.py:188} INFO - [2025-07-03T17:48:49.765+0000] {dag.py:3036} INFO - Sync 1 DAGs
[2025-07-03T17:48:49.796+0000] {logging_mixin.py:188} INFO - [2025-07-03T17:48:49.796+0000] {dag.py:3823} INFO - Setting next_dagrun for example_dag_decorator to None, run_after=None
[2025-07-03T17:48:49.829+0000] {processor.py:183} INFO - Processing /home/airflow/.local/lib/python3.8/site-packages/airflow/example_dags/example_dag_decorator.py took 0.304 seconds
[2025-07-03T17:49:20.184+0000] {processor.py:161} INFO - Started process (PID=1946) to work on /home/airflow/.local/lib/python3.8/site-packages/airflow/example_dags/example_dag_decorator.py
[2025-07-03T17:49:20.189+0000] {processor.py:830} INFO - Processing file /home/airflow/.local/lib/python3.8/site-packages/airflow/example_dags/example_dag_decorator.py for tasks to queue
[2025-07-03T17:49:20.199+0000] {logging_mixin.py:188} INFO - [2025-07-03T17:49:20.198+0000] {dagbag.py:538} INFO - Filling up the DagBag from /home/airflow/.local/lib/python3.8/site-packages/airflow/example_dags/example_dag_decorator.py
[2025-07-03T17:49:20.439+0000] {processor.py:840} INFO - DAG(s) 'example_dag_decorator' retrieved from /home/airflow/.local/lib/python3.8/site-packages/airflow/example_dags/example_dag_decorator.py
[2025-07-03T17:49:20.662+0000] {logging_mixin.py:188} INFO - [2025-07-03T17:49:20.662+0000] {dag.py:3036} INFO - Sync 1 DAGs
[2025-07-03T17:49:20.695+0000] {logging_mixin.py:188} INFO - [2025-07-03T17:49:20.694+0000] {dag.py:3823} INFO - Setting next_dagrun for example_dag_decorator to None, run_after=None
[2025-07-03T17:49:20.736+0000] {processor.py:183} INFO - Processing /home/airflow/.local/lib/python3.8/site-packages/airflow/example_dags/example_dag_decorator.py took 0.566 seconds
[2025-07-03T17:49:50.787+0000] {processor.py:161} INFO - Started process (PID=2012) to work on /home/airflow/.local/lib/python3.8/site-packages/airflow/example_dags/example_dag_decorator.py
[2025-07-03T17:49:50.789+0000] {processor.py:830} INFO - Processing file /home/airflow/.local/lib/python3.8/site-packages/airflow/example_dags/example_dag_decorator.py for tasks to queue
[2025-07-03T17:49:50.792+0000] {logging_mixin.py:188} INFO - [2025-07-03T17:49:50.791+0000] {dagbag.py:538} INFO - Filling up the DagBag from /home/airflow/.local/lib/python3.8/site-packages/airflow/example_dags/example_dag_decorator.py
[2025-07-03T17:49:51.009+0000] {processor.py:840} INFO - DAG(s) 'example_dag_decorator' retrieved from /home/airflow/.local/lib/python3.8/site-packages/airflow/example_dags/example_dag_decorator.py
[2025-07-03T17:49:51.221+0000] {logging_mixin.py:188} INFO - [2025-07-03T17:49:51.221+0000] {dag.py:3036} INFO - Sync 1 DAGs
[2025-07-03T17:49:51.242+0000] {logging_mixin.py:188} INFO - [2025-07-03T17:49:51.242+0000] {dag.py:3823} INFO - Setting next_dagrun for example_dag_decorator to None, run_after=None
[2025-07-03T17:49:51.278+0000] {processor.py:183} INFO - Processing /home/airflow/.local/lib/python3.8/site-packages/airflow/example_dags/example_dag_decorator.py took 0.496 seconds
[2025-07-03T17:50:22.038+0000] {processor.py:161} INFO - Started process (PID=2078) to work on /home/airflow/.local/lib/python3.8/site-packages/airflow/example_dags/example_dag_decorator.py
[2025-07-03T17:50:22.039+0000] {processor.py:830} INFO - Processing file /home/airflow/.local/lib/python3.8/site-packages/airflow/example_dags/example_dag_decorator.py for tasks to queue
[2025-07-03T17:50:22.042+0000] {logging_mixin.py:188} INFO - [2025-07-03T17:50:22.041+0000] {dagbag.py:538} INFO - Filling up the DagBag from /home/airflow/.local/lib/python3.8/site-packages/airflow/example_dags/example_dag_decorator.py
[2025-07-03T17:50:22.178+0000] {processor.py:840} INFO - DAG(s) 'example_dag_decorator' retrieved from /home/airflow/.local/lib/python3.8/site-packages/airflow/example_dags/example_dag_decorator.py
[2025-07-03T17:50:22.473+0000] {logging_mixin.py:188} INFO - [2025-07-03T17:50:22.473+0000] {dag.py:3036} INFO - Sync 1 DAGs
[2025-07-03T17:50:22.488+0000] {logging_mixin.py:188} INFO - [2025-07-03T17:50:22.487+0000] {dag.py:3823} INFO - Setting next_dagrun for example_dag_decorator to None, run_after=None
[2025-07-03T17:50:22.513+0000] {processor.py:183} INFO - Processing /home/airflow/.local/lib/python3.8/site-packages/airflow/example_dags/example_dag_decorator.py took 0.478 seconds
[2025-07-03T17:50:53.677+0000] {processor.py:161} INFO - Started process (PID=2145) to work on /home/airflow/.local/lib/python3.8/site-packages/airflow/example_dags/example_dag_decorator.py
[2025-07-03T17:50:53.678+0000] {processor.py:830} INFO - Processing file /home/airflow/.local/lib/python3.8/site-packages/airflow/example_dags/example_dag_decorator.py for tasks to queue
[2025-07-03T17:50:53.683+0000] {logging_mixin.py:188} INFO - [2025-07-03T17:50:53.680+0000] {dagbag.py:538} INFO - Filling up the DagBag from /home/airflow/.local/lib/python3.8/site-packages/airflow/example_dags/example_dag_decorator.py
[2025-07-03T17:50:53.894+0000] {processor.py:840} INFO - DAG(s) 'example_dag_decorator' retrieved from /home/airflow/.local/lib/python3.8/site-packages/airflow/example_dags/example_dag_decorator.py
[2025-07-03T17:50:54.266+0000] {logging_mixin.py:188} INFO - [2025-07-03T17:50:54.265+0000] {dag.py:3036} INFO - Sync 1 DAGs
[2025-07-03T17:50:54.285+0000] {logging_mixin.py:188} INFO - [2025-07-03T17:50:54.285+0000] {dag.py:3823} INFO - Setting next_dagrun for example_dag_decorator to None, run_after=None
[2025-07-03T17:50:54.315+0000] {processor.py:183} INFO - Processing /home/airflow/.local/lib/python3.8/site-packages/airflow/example_dags/example_dag_decorator.py took 0.643 seconds
[2025-07-03T17:51:25.198+0000] {processor.py:161} INFO - Started process (PID=2211) to work on /home/airflow/.local/lib/python3.8/site-packages/airflow/example_dags/example_dag_decorator.py
[2025-07-03T17:51:25.206+0000] {processor.py:830} INFO - Processing file /home/airflow/.local/lib/python3.8/site-packages/airflow/example_dags/example_dag_decorator.py for tasks to queue
[2025-07-03T17:51:25.209+0000] {logging_mixin.py:188} INFO - [2025-07-03T17:51:25.208+0000] {dagbag.py:538} INFO - Filling up the DagBag from /home/airflow/.local/lib/python3.8/site-packages/airflow/example_dags/example_dag_decorator.py
[2025-07-03T17:51:25.601+0000] {processor.py:840} INFO - DAG(s) 'example_dag_decorator' retrieved from /home/airflow/.local/lib/python3.8/site-packages/airflow/example_dags/example_dag_decorator.py
[2025-07-03T17:51:25.787+0000] {logging_mixin.py:188} INFO - [2025-07-03T17:51:25.786+0000] {dag.py:3036} INFO - Sync 1 DAGs
[2025-07-03T17:51:25.955+0000] {logging_mixin.py:188} INFO - [2025-07-03T17:51:25.955+0000] {dag.py:3823} INFO - Setting next_dagrun for example_dag_decorator to None, run_after=None
[2025-07-03T17:51:25.980+0000] {processor.py:183} INFO - Processing /home/airflow/.local/lib/python3.8/site-packages/airflow/example_dags/example_dag_decorator.py took 0.796 seconds
[2025-07-03T17:51:57.046+0000] {processor.py:161} INFO - Started process (PID=2278) to work on /home/airflow/.local/lib/python3.8/site-packages/airflow/example_dags/example_dag_decorator.py
[2025-07-03T17:51:57.048+0000] {processor.py:830} INFO - Processing file /home/airflow/.local/lib/python3.8/site-packages/airflow/example_dags/example_dag_decorator.py for tasks to queue
[2025-07-03T17:51:57.050+0000] {logging_mixin.py:188} INFO - [2025-07-03T17:51:57.050+0000] {dagbag.py:538} INFO - Filling up the DagBag from /home/airflow/.local/lib/python3.8/site-packages/airflow/example_dags/example_dag_decorator.py
[2025-07-03T17:51:57.187+0000] {processor.py:840} INFO - DAG(s) 'example_dag_decorator' retrieved from /home/airflow/.local/lib/python3.8/site-packages/airflow/example_dags/example_dag_decorator.py
[2025-07-03T17:51:57.402+0000] {logging_mixin.py:188} INFO - [2025-07-03T17:51:57.401+0000] {dag.py:3036} INFO - Sync 1 DAGs
[2025-07-03T17:51:57.433+0000] {logging_mixin.py:188} INFO - [2025-07-03T17:51:57.432+0000] {dag.py:3823} INFO - Setting next_dagrun for example_dag_decorator to None, run_after=None
[2025-07-03T17:51:57.655+0000] {processor.py:183} INFO - Processing /home/airflow/.local/lib/python3.8/site-packages/airflow/example_dags/example_dag_decorator.py took 0.614 seconds
[2025-07-03T17:52:28.571+0000] {processor.py:161} INFO - Started process (PID=2344) to work on /home/airflow/.local/lib/python3.8/site-packages/airflow/example_dags/example_dag_decorator.py
[2025-07-03T17:52:28.572+0000] {processor.py:830} INFO - Processing file /home/airflow/.local/lib/python3.8/site-packages/airflow/example_dags/example_dag_decorator.py for tasks to queue
[2025-07-03T17:52:28.575+0000] {logging_mixin.py:188} INFO - [2025-07-03T17:52:28.574+0000] {dagbag.py:538} INFO - Filling up the DagBag from /home/airflow/.local/lib/python3.8/site-packages/airflow/example_dags/example_dag_decorator.py
[2025-07-03T17:52:28.713+0000] {processor.py:840} INFO - DAG(s) 'example_dag_decorator' retrieved from /home/airflow/.local/lib/python3.8/site-packages/airflow/example_dags/example_dag_decorator.py
[2025-07-03T17:52:29.018+0000] {logging_mixin.py:188} INFO - [2025-07-03T17:52:29.018+0000] {dag.py:3036} INFO - Sync 1 DAGs
[2025-07-03T17:52:29.033+0000] {logging_mixin.py:188} INFO - [2025-07-03T17:52:29.033+0000] {dag.py:3823} INFO - Setting next_dagrun for example_dag_decorator to None, run_after=None
[2025-07-03T17:52:29.060+0000] {processor.py:183} INFO - Processing /home/airflow/.local/lib/python3.8/site-packages/airflow/example_dags/example_dag_decorator.py took 0.494 seconds
[2025-07-03T17:52:59.590+0000] {processor.py:161} INFO - Started process (PID=2411) to work on /home/airflow/.local/lib/python3.8/site-packages/airflow/example_dags/example_dag_decorator.py
[2025-07-03T17:52:59.591+0000] {processor.py:830} INFO - Processing file /home/airflow/.local/lib/python3.8/site-packages/airflow/example_dags/example_dag_decorator.py for tasks to queue
[2025-07-03T17:52:59.594+0000] {logging_mixin.py:188} INFO - [2025-07-03T17:52:59.593+0000] {dagbag.py:538} INFO - Filling up the DagBag from /home/airflow/.local/lib/python3.8/site-packages/airflow/example_dags/example_dag_decorator.py
[2025-07-03T17:52:59.791+0000] {processor.py:840} INFO - DAG(s) 'example_dag_decorator' retrieved from /home/airflow/.local/lib/python3.8/site-packages/airflow/example_dags/example_dag_decorator.py
[2025-07-03T17:53:00.113+0000] {logging_mixin.py:188} INFO - [2025-07-03T17:53:00.113+0000] {dag.py:3036} INFO - Sync 1 DAGs
[2025-07-03T17:53:00.129+0000] {logging_mixin.py:188} INFO - [2025-07-03T17:53:00.129+0000] {dag.py:3823} INFO - Setting next_dagrun for example_dag_decorator to None, run_after=None
[2025-07-03T17:53:00.160+0000] {processor.py:183} INFO - Processing /home/airflow/.local/lib/python3.8/site-packages/airflow/example_dags/example_dag_decorator.py took 0.574 seconds
[2025-07-03T17:53:30.708+0000] {processor.py:161} INFO - Started process (PID=2477) to work on /home/airflow/.local/lib/python3.8/site-packages/airflow/example_dags/example_dag_decorator.py
[2025-07-03T17:53:30.709+0000] {processor.py:830} INFO - Processing file /home/airflow/.local/lib/python3.8/site-packages/airflow/example_dags/example_dag_decorator.py for tasks to queue
[2025-07-03T17:53:30.712+0000] {logging_mixin.py:188} INFO - [2025-07-03T17:53:30.711+0000] {dagbag.py:538} INFO - Filling up the DagBag from /home/airflow/.local/lib/python3.8/site-packages/airflow/example_dags/example_dag_decorator.py
[2025-07-03T17:53:30.900+0000] {processor.py:840} INFO - DAG(s) 'example_dag_decorator' retrieved from /home/airflow/.local/lib/python3.8/site-packages/airflow/example_dags/example_dag_decorator.py
[2025-07-03T17:53:31.213+0000] {logging_mixin.py:188} INFO - [2025-07-03T17:53:31.212+0000] {dag.py:3036} INFO - Sync 1 DAGs
[2025-07-03T17:53:31.228+0000] {logging_mixin.py:188} INFO - [2025-07-03T17:53:31.228+0000] {dag.py:3823} INFO - Setting next_dagrun for example_dag_decorator to None, run_after=None
[2025-07-03T17:53:31.256+0000] {processor.py:183} INFO - Processing /home/airflow/.local/lib/python3.8/site-packages/airflow/example_dags/example_dag_decorator.py took 0.552 seconds
[2025-07-03T17:54:01.361+0000] {processor.py:161} INFO - Started process (PID=2543) to work on /home/airflow/.local/lib/python3.8/site-packages/airflow/example_dags/example_dag_decorator.py
[2025-07-03T17:54:01.363+0000] {processor.py:830} INFO - Processing file /home/airflow/.local/lib/python3.8/site-packages/airflow/example_dags/example_dag_decorator.py for tasks to queue
[2025-07-03T17:54:01.366+0000] {logging_mixin.py:188} INFO - [2025-07-03T17:54:01.366+0000] {dagbag.py:538} INFO - Filling up the DagBag from /home/airflow/.local/lib/python3.8/site-packages/airflow/example_dags/example_dag_decorator.py
[2025-07-03T17:54:01.526+0000] {processor.py:840} INFO - DAG(s) 'example_dag_decorator' retrieved from /home/airflow/.local/lib/python3.8/site-packages/airflow/example_dags/example_dag_decorator.py
[2025-07-03T17:54:01.863+0000] {logging_mixin.py:188} INFO - [2025-07-03T17:54:01.863+0000] {dag.py:3036} INFO - Sync 1 DAGs
[2025-07-03T17:54:01.879+0000] {logging_mixin.py:188} INFO - [2025-07-03T17:54:01.879+0000] {dag.py:3823} INFO - Setting next_dagrun for example_dag_decorator to None, run_after=None
[2025-07-03T17:54:01.907+0000] {processor.py:183} INFO - Processing /home/airflow/.local/lib/python3.8/site-packages/airflow/example_dags/example_dag_decorator.py took 0.551 seconds
[2025-07-03T17:54:32.713+0000] {processor.py:161} INFO - Started process (PID=2609) to work on /home/airflow/.local/lib/python3.8/site-packages/airflow/example_dags/example_dag_decorator.py
[2025-07-03T17:54:32.714+0000] {processor.py:830} INFO - Processing file /home/airflow/.local/lib/python3.8/site-packages/airflow/example_dags/example_dag_decorator.py for tasks to queue
[2025-07-03T17:54:32.717+0000] {logging_mixin.py:188} INFO - [2025-07-03T17:54:32.716+0000] {dagbag.py:538} INFO - Filling up the DagBag from /home/airflow/.local/lib/python3.8/site-packages/airflow/example_dags/example_dag_decorator.py
[2025-07-03T17:54:32.873+0000] {processor.py:840} INFO - DAG(s) 'example_dag_decorator' retrieved from /home/airflow/.local/lib/python3.8/site-packages/airflow/example_dags/example_dag_decorator.py
[2025-07-03T17:54:33.167+0000] {logging_mixin.py:188} INFO - [2025-07-03T17:54:33.167+0000] {dag.py:3036} INFO - Sync 1 DAGs
[2025-07-03T17:54:33.182+0000] {logging_mixin.py:188} INFO - [2025-07-03T17:54:33.181+0000] {dag.py:3823} INFO - Setting next_dagrun for example_dag_decorator to None, run_after=None
[2025-07-03T17:54:33.207+0000] {processor.py:183} INFO - Processing /home/airflow/.local/lib/python3.8/site-packages/airflow/example_dags/example_dag_decorator.py took 0.499 seconds
[2025-07-03T17:55:03.893+0000] {processor.py:161} INFO - Started process (PID=2673) to work on /home/airflow/.local/lib/python3.8/site-packages/airflow/example_dags/example_dag_decorator.py
[2025-07-03T17:55:03.895+0000] {processor.py:830} INFO - Processing file /home/airflow/.local/lib/python3.8/site-packages/airflow/example_dags/example_dag_decorator.py for tasks to queue
[2025-07-03T17:55:03.898+0000] {logging_mixin.py:188} INFO - [2025-07-03T17:55:03.897+0000] {dagbag.py:538} INFO - Filling up the DagBag from /home/airflow/.local/lib/python3.8/site-packages/airflow/example_dags/example_dag_decorator.py
[2025-07-03T17:55:04.096+0000] {processor.py:840} INFO - DAG(s) 'example_dag_decorator' retrieved from /home/airflow/.local/lib/python3.8/site-packages/airflow/example_dags/example_dag_decorator.py
[2025-07-03T17:55:04.652+0000] {logging_mixin.py:188} INFO - [2025-07-03T17:55:04.651+0000] {dag.py:3036} INFO - Sync 1 DAGs
[2025-07-03T17:55:04.707+0000] {logging_mixin.py:188} INFO - [2025-07-03T17:55:04.707+0000] {dag.py:3823} INFO - Setting next_dagrun for example_dag_decorator to None, run_after=None
[2025-07-03T17:55:04.783+0000] {processor.py:183} INFO - Processing /home/airflow/.local/lib/python3.8/site-packages/airflow/example_dags/example_dag_decorator.py took 0.894 seconds
[2025-07-03T17:55:35.562+0000] {processor.py:161} INFO - Started process (PID=2740) to work on /home/airflow/.local/lib/python3.8/site-packages/airflow/example_dags/example_dag_decorator.py
[2025-07-03T17:55:35.563+0000] {processor.py:830} INFO - Processing file /home/airflow/.local/lib/python3.8/site-packages/airflow/example_dags/example_dag_decorator.py for tasks to queue
[2025-07-03T17:55:35.579+0000] {logging_mixin.py:188} INFO - [2025-07-03T17:55:35.578+0000] {dagbag.py:538} INFO - Filling up the DagBag from /home/airflow/.local/lib/python3.8/site-packages/airflow/example_dags/example_dag_decorator.py
[2025-07-03T17:55:35.989+0000] {processor.py:840} INFO - DAG(s) 'example_dag_decorator' retrieved from /home/airflow/.local/lib/python3.8/site-packages/airflow/example_dags/example_dag_decorator.py
[2025-07-03T17:55:36.369+0000] {logging_mixin.py:188} INFO - [2025-07-03T17:55:36.368+0000] {dag.py:3036} INFO - Sync 1 DAGs
[2025-07-03T17:55:36.384+0000] {logging_mixin.py:188} INFO - [2025-07-03T17:55:36.384+0000] {dag.py:3823} INFO - Setting next_dagrun for example_dag_decorator to None, run_after=None
[2025-07-03T17:55:36.411+0000] {processor.py:183} INFO - Processing /home/airflow/.local/lib/python3.8/site-packages/airflow/example_dags/example_dag_decorator.py took 0.853 seconds
[2025-07-03T17:56:07.019+0000] {processor.py:161} INFO - Started process (PID=2813) to work on /home/airflow/.local/lib/python3.8/site-packages/airflow/example_dags/example_dag_decorator.py
[2025-07-03T17:56:07.020+0000] {processor.py:830} INFO - Processing file /home/airflow/.local/lib/python3.8/site-packages/airflow/example_dags/example_dag_decorator.py for tasks to queue
[2025-07-03T17:56:07.023+0000] {logging_mixin.py:188} INFO - [2025-07-03T17:56:07.022+0000] {dagbag.py:538} INFO - Filling up the DagBag from /home/airflow/.local/lib/python3.8/site-packages/airflow/example_dags/example_dag_decorator.py
[2025-07-03T17:56:07.225+0000] {processor.py:840} INFO - DAG(s) 'example_dag_decorator' retrieved from /home/airflow/.local/lib/python3.8/site-packages/airflow/example_dags/example_dag_decorator.py
[2025-07-03T17:56:07.612+0000] {logging_mixin.py:188} INFO - [2025-07-03T17:56:07.611+0000] {dag.py:3036} INFO - Sync 1 DAGs
[2025-07-03T17:56:07.630+0000] {logging_mixin.py:188} INFO - [2025-07-03T17:56:07.630+0000] {dag.py:3823} INFO - Setting next_dagrun for example_dag_decorator to None, run_after=None
[2025-07-03T17:56:07.665+0000] {processor.py:183} INFO - Processing /home/airflow/.local/lib/python3.8/site-packages/airflow/example_dags/example_dag_decorator.py took 0.652 seconds
[2025-07-03T17:56:37.813+0000] {processor.py:161} INFO - Started process (PID=2878) to work on /home/airflow/.local/lib/python3.8/site-packages/airflow/example_dags/example_dag_decorator.py
[2025-07-03T17:56:37.821+0000] {processor.py:830} INFO - Processing file /home/airflow/.local/lib/python3.8/site-packages/airflow/example_dags/example_dag_decorator.py for tasks to queue
[2025-07-03T17:56:37.824+0000] {logging_mixin.py:188} INFO - [2025-07-03T17:56:37.823+0000] {dagbag.py:538} INFO - Filling up the DagBag from /home/airflow/.local/lib/python3.8/site-packages/airflow/example_dags/example_dag_decorator.py
[2025-07-03T17:56:38.210+0000] {processor.py:840} INFO - DAG(s) 'example_dag_decorator' retrieved from /home/airflow/.local/lib/python3.8/site-packages/airflow/example_dags/example_dag_decorator.py
[2025-07-03T17:56:39.298+0000] {logging_mixin.py:188} INFO - [2025-07-03T17:56:39.298+0000] {dag.py:3036} INFO - Sync 1 DAGs
[2025-07-03T17:56:39.392+0000] {logging_mixin.py:188} INFO - [2025-07-03T17:56:39.391+0000] {dag.py:3823} INFO - Setting next_dagrun for example_dag_decorator to None, run_after=None
[2025-07-03T17:56:39.486+0000] {processor.py:183} INFO - Processing /home/airflow/.local/lib/python3.8/site-packages/airflow/example_dags/example_dag_decorator.py took 1.698 seconds
[2025-07-03T17:57:09.728+0000] {processor.py:161} INFO - Started process (PID=2936) to work on /home/airflow/.local/lib/python3.8/site-packages/airflow/example_dags/example_dag_decorator.py
[2025-07-03T17:57:09.740+0000] {processor.py:830} INFO - Processing file /home/airflow/.local/lib/python3.8/site-packages/airflow/example_dags/example_dag_decorator.py for tasks to queue
[2025-07-03T17:57:09.746+0000] {logging_mixin.py:188} INFO - [2025-07-03T17:57:09.746+0000] {dagbag.py:538} INFO - Filling up the DagBag from /home/airflow/.local/lib/python3.8/site-packages/airflow/example_dags/example_dag_decorator.py
[2025-07-03T17:57:10.748+0000] {processor.py:840} INFO - DAG(s) 'example_dag_decorator' retrieved from /home/airflow/.local/lib/python3.8/site-packages/airflow/example_dags/example_dag_decorator.py
[2025-07-03T17:57:11.936+0000] {logging_mixin.py:188} INFO - [2025-07-03T17:57:11.936+0000] {dag.py:3036} INFO - Sync 1 DAGs
[2025-07-03T17:57:11.964+0000] {logging_mixin.py:188} INFO - [2025-07-03T17:57:11.964+0000] {dag.py:3823} INFO - Setting next_dagrun for example_dag_decorator to None, run_after=None
[2025-07-03T17:57:12.077+0000] {processor.py:183} INFO - Processing /home/airflow/.local/lib/python3.8/site-packages/airflow/example_dags/example_dag_decorator.py took 2.370 seconds
[2025-07-03T17:57:42.257+0000] {processor.py:161} INFO - Started process (PID=3002) to work on /home/airflow/.local/lib/python3.8/site-packages/airflow/example_dags/example_dag_decorator.py
[2025-07-03T17:57:42.259+0000] {processor.py:830} INFO - Processing file /home/airflow/.local/lib/python3.8/site-packages/airflow/example_dags/example_dag_decorator.py for tasks to queue
[2025-07-03T17:57:42.266+0000] {logging_mixin.py:188} INFO - [2025-07-03T17:57:42.265+0000] {dagbag.py:538} INFO - Filling up the DagBag from /home/airflow/.local/lib/python3.8/site-packages/airflow/example_dags/example_dag_decorator.py
[2025-07-03T17:57:42.711+0000] {processor.py:840} INFO - DAG(s) 'example_dag_decorator' retrieved from /home/airflow/.local/lib/python3.8/site-packages/airflow/example_dags/example_dag_decorator.py
[2025-07-03T17:57:43.842+0000] {logging_mixin.py:188} INFO - [2025-07-03T17:57:43.841+0000] {dag.py:3036} INFO - Sync 1 DAGs
[2025-07-03T17:57:43.910+0000] {logging_mixin.py:188} INFO - [2025-07-03T17:57:43.909+0000] {dag.py:3823} INFO - Setting next_dagrun for example_dag_decorator to None, run_after=None
[2025-07-03T17:57:44.025+0000] {processor.py:183} INFO - Processing /home/airflow/.local/lib/python3.8/site-packages/airflow/example_dags/example_dag_decorator.py took 1.781 seconds
[2025-07-03T17:58:14.372+0000] {processor.py:161} INFO - Started process (PID=3060) to work on /home/airflow/.local/lib/python3.8/site-packages/airflow/example_dags/example_dag_decorator.py
[2025-07-03T17:58:14.373+0000] {processor.py:830} INFO - Processing file /home/airflow/.local/lib/python3.8/site-packages/airflow/example_dags/example_dag_decorator.py for tasks to queue
[2025-07-03T17:58:14.375+0000] {logging_mixin.py:188} INFO - [2025-07-03T17:58:14.375+0000] {dagbag.py:538} INFO - Filling up the DagBag from /home/airflow/.local/lib/python3.8/site-packages/airflow/example_dags/example_dag_decorator.py
[2025-07-03T17:58:14.512+0000] {processor.py:840} INFO - DAG(s) 'example_dag_decorator' retrieved from /home/airflow/.local/lib/python3.8/site-packages/airflow/example_dags/example_dag_decorator.py
[2025-07-03T17:58:14.883+0000] {logging_mixin.py:188} INFO - [2025-07-03T17:58:14.883+0000] {dag.py:3036} INFO - Sync 1 DAGs
[2025-07-03T17:58:14.898+0000] {logging_mixin.py:188} INFO - [2025-07-03T17:58:14.898+0000] {dag.py:3823} INFO - Setting next_dagrun for example_dag_decorator to None, run_after=None
[2025-07-03T17:58:14.925+0000] {processor.py:183} INFO - Processing /home/airflow/.local/lib/python3.8/site-packages/airflow/example_dags/example_dag_decorator.py took 0.557 seconds
[2025-07-03T17:58:45.603+0000] {processor.py:161} INFO - Started process (PID=3126) to work on /home/airflow/.local/lib/python3.8/site-packages/airflow/example_dags/example_dag_decorator.py
[2025-07-03T17:58:45.604+0000] {processor.py:830} INFO - Processing file /home/airflow/.local/lib/python3.8/site-packages/airflow/example_dags/example_dag_decorator.py for tasks to queue
[2025-07-03T17:58:45.607+0000] {logging_mixin.py:188} INFO - [2025-07-03T17:58:45.606+0000] {dagbag.py:538} INFO - Filling up the DagBag from /home/airflow/.local/lib/python3.8/site-packages/airflow/example_dags/example_dag_decorator.py
[2025-07-03T17:58:45.939+0000] {processor.py:840} INFO - DAG(s) 'example_dag_decorator' retrieved from /home/airflow/.local/lib/python3.8/site-packages/airflow/example_dags/example_dag_decorator.py
[2025-07-03T17:58:46.080+0000] {logging_mixin.py:188} INFO - [2025-07-03T17:58:46.080+0000] {dag.py:3036} INFO - Sync 1 DAGs
[2025-07-03T17:58:46.095+0000] {logging_mixin.py:188} INFO - [2025-07-03T17:58:46.094+0000] {dag.py:3823} INFO - Setting next_dagrun for example_dag_decorator to None, run_after=None
[2025-07-03T17:58:46.121+0000] {processor.py:183} INFO - Processing /home/airflow/.local/lib/python3.8/site-packages/airflow/example_dags/example_dag_decorator.py took 0.523 seconds
[2025-07-03T17:59:16.442+0000] {processor.py:161} INFO - Started process (PID=3198) to work on /home/airflow/.local/lib/python3.8/site-packages/airflow/example_dags/example_dag_decorator.py
[2025-07-03T17:59:16.444+0000] {processor.py:830} INFO - Processing file /home/airflow/.local/lib/python3.8/site-packages/airflow/example_dags/example_dag_decorator.py for tasks to queue
[2025-07-03T17:59:16.446+0000] {logging_mixin.py:188} INFO - [2025-07-03T17:59:16.446+0000] {dagbag.py:538} INFO - Filling up the DagBag from /home/airflow/.local/lib/python3.8/site-packages/airflow/example_dags/example_dag_decorator.py
[2025-07-03T17:59:17.502+0000] {processor.py:840} INFO - DAG(s) 'example_dag_decorator' retrieved from /home/airflow/.local/lib/python3.8/site-packages/airflow/example_dags/example_dag_decorator.py
[2025-07-03T17:59:17.723+0000] {logging_mixin.py:188} INFO - [2025-07-03T17:59:17.723+0000] {dag.py:3036} INFO - Sync 1 DAGs
[2025-07-03T17:59:17.741+0000] {logging_mixin.py:188} INFO - [2025-07-03T17:59:17.740+0000] {dag.py:3823} INFO - Setting next_dagrun for example_dag_decorator to None, run_after=None
[2025-07-03T17:59:17.807+0000] {processor.py:183} INFO - Processing /home/airflow/.local/lib/python3.8/site-packages/airflow/example_dags/example_dag_decorator.py took 1.382 seconds
[2025-07-03T17:59:48.008+0000] {processor.py:161} INFO - Started process (PID=3262) to work on /home/airflow/.local/lib/python3.8/site-packages/airflow/example_dags/example_dag_decorator.py
[2025-07-03T17:59:48.009+0000] {processor.py:830} INFO - Processing file /home/airflow/.local/lib/python3.8/site-packages/airflow/example_dags/example_dag_decorator.py for tasks to queue
[2025-07-03T17:59:48.012+0000] {logging_mixin.py:188} INFO - [2025-07-03T17:59:48.011+0000] {dagbag.py:538} INFO - Filling up the DagBag from /home/airflow/.local/lib/python3.8/site-packages/airflow/example_dags/example_dag_decorator.py
[2025-07-03T17:59:48.634+0000] {processor.py:840} INFO - DAG(s) 'example_dag_decorator' retrieved from /home/airflow/.local/lib/python3.8/site-packages/airflow/example_dags/example_dag_decorator.py
[2025-07-03T17:59:48.818+0000] {logging_mixin.py:188} INFO - [2025-07-03T17:59:48.817+0000] {dag.py:3036} INFO - Sync 1 DAGs
[2025-07-03T17:59:48.838+0000] {logging_mixin.py:188} INFO - [2025-07-03T17:59:48.838+0000] {dag.py:3823} INFO - Setting next_dagrun for example_dag_decorator to None, run_after=None
[2025-07-03T17:59:48.868+0000] {processor.py:183} INFO - Processing /home/airflow/.local/lib/python3.8/site-packages/airflow/example_dags/example_dag_decorator.py took 0.883 seconds
[2025-07-03T18:00:19.552+0000] {processor.py:161} INFO - Started process (PID=3327) to work on /home/airflow/.local/lib/python3.8/site-packages/airflow/example_dags/example_dag_decorator.py
[2025-07-03T18:00:19.557+0000] {processor.py:830} INFO - Processing file /home/airflow/.local/lib/python3.8/site-packages/airflow/example_dags/example_dag_decorator.py for tasks to queue
[2025-07-03T18:00:19.560+0000] {logging_mixin.py:188} INFO - [2025-07-03T18:00:19.559+0000] {dagbag.py:538} INFO - Filling up the DagBag from /home/airflow/.local/lib/python3.8/site-packages/airflow/example_dags/example_dag_decorator.py
[2025-07-03T18:00:19.848+0000] {processor.py:840} INFO - DAG(s) 'example_dag_decorator' retrieved from /home/airflow/.local/lib/python3.8/site-packages/airflow/example_dags/example_dag_decorator.py
[2025-07-03T18:00:20.085+0000] {logging_mixin.py:188} INFO - [2025-07-03T18:00:20.085+0000] {dag.py:3036} INFO - Sync 1 DAGs
[2025-07-03T18:00:20.107+0000] {logging_mixin.py:188} INFO - [2025-07-03T18:00:20.107+0000] {dag.py:3823} INFO - Setting next_dagrun for example_dag_decorator to None, run_after=None
[2025-07-03T18:00:20.136+0000] {processor.py:183} INFO - Processing /home/airflow/.local/lib/python3.8/site-packages/airflow/example_dags/example_dag_decorator.py took 0.600 seconds
[2025-07-03T18:00:50.768+0000] {processor.py:161} INFO - Started process (PID=3385) to work on /home/airflow/.local/lib/python3.8/site-packages/airflow/example_dags/example_dag_decorator.py
[2025-07-03T18:00:50.770+0000] {processor.py:830} INFO - Processing file /home/airflow/.local/lib/python3.8/site-packages/airflow/example_dags/example_dag_decorator.py for tasks to queue
[2025-07-03T18:00:50.773+0000] {logging_mixin.py:188} INFO - [2025-07-03T18:00:50.773+0000] {dagbag.py:538} INFO - Filling up the DagBag from /home/airflow/.local/lib/python3.8/site-packages/airflow/example_dags/example_dag_decorator.py
[2025-07-03T18:00:50.969+0000] {processor.py:840} INFO - DAG(s) 'example_dag_decorator' retrieved from /home/airflow/.local/lib/python3.8/site-packages/airflow/example_dags/example_dag_decorator.py
[2025-07-03T18:00:51.151+0000] {logging_mixin.py:188} INFO - [2025-07-03T18:00:51.150+0000] {dag.py:3036} INFO - Sync 1 DAGs
[2025-07-03T18:00:51.166+0000] {logging_mixin.py:188} INFO - [2025-07-03T18:00:51.166+0000] {dag.py:3823} INFO - Setting next_dagrun for example_dag_decorator to None, run_after=None
[2025-07-03T18:00:51.189+0000] {processor.py:183} INFO - Processing /home/airflow/.local/lib/python3.8/site-packages/airflow/example_dags/example_dag_decorator.py took 0.426 seconds
[2025-07-03T18:01:21.774+0000] {processor.py:161} INFO - Started process (PID=3450) to work on /home/airflow/.local/lib/python3.8/site-packages/airflow/example_dags/example_dag_decorator.py
[2025-07-03T18:01:21.775+0000] {processor.py:830} INFO - Processing file /home/airflow/.local/lib/python3.8/site-packages/airflow/example_dags/example_dag_decorator.py for tasks to queue
[2025-07-03T18:01:21.794+0000] {logging_mixin.py:188} INFO - [2025-07-03T18:01:21.793+0000] {dagbag.py:538} INFO - Filling up the DagBag from /home/airflow/.local/lib/python3.8/site-packages/airflow/example_dags/example_dag_decorator.py
[2025-07-03T18:01:22.630+0000] {processor.py:840} INFO - DAG(s) 'example_dag_decorator' retrieved from /home/airflow/.local/lib/python3.8/site-packages/airflow/example_dags/example_dag_decorator.py
[2025-07-03T18:01:23.077+0000] {logging_mixin.py:188} INFO - [2025-07-03T18:01:23.077+0000] {dag.py:3036} INFO - Sync 1 DAGs
[2025-07-03T18:01:23.128+0000] {logging_mixin.py:188} INFO - [2025-07-03T18:01:23.127+0000] {dag.py:3823} INFO - Setting next_dagrun for example_dag_decorator to None, run_after=None
[2025-07-03T18:01:23.207+0000] {processor.py:183} INFO - Processing /home/airflow/.local/lib/python3.8/site-packages/airflow/example_dags/example_dag_decorator.py took 1.492 seconds
[2025-07-03T18:01:54.059+0000] {processor.py:161} INFO - Started process (PID=3516) to work on /home/airflow/.local/lib/python3.8/site-packages/airflow/example_dags/example_dag_decorator.py
[2025-07-03T18:01:54.065+0000] {processor.py:830} INFO - Processing file /home/airflow/.local/lib/python3.8/site-packages/airflow/example_dags/example_dag_decorator.py for tasks to queue
[2025-07-03T18:01:54.068+0000] {logging_mixin.py:188} INFO - [2025-07-03T18:01:54.067+0000] {dagbag.py:538} INFO - Filling up the DagBag from /home/airflow/.local/lib/python3.8/site-packages/airflow/example_dags/example_dag_decorator.py
[2025-07-03T18:01:54.468+0000] {processor.py:840} INFO - DAG(s) 'example_dag_decorator' retrieved from /home/airflow/.local/lib/python3.8/site-packages/airflow/example_dags/example_dag_decorator.py
[2025-07-03T18:01:54.653+0000] {logging_mixin.py:188} INFO - [2025-07-03T18:01:54.652+0000] {dag.py:3036} INFO - Sync 1 DAGs
[2025-07-03T18:01:54.674+0000] {logging_mixin.py:188} INFO - [2025-07-03T18:01:54.674+0000] {dag.py:3823} INFO - Setting next_dagrun for example_dag_decorator to None, run_after=None
[2025-07-03T18:01:54.703+0000] {processor.py:183} INFO - Processing /home/airflow/.local/lib/python3.8/site-packages/airflow/example_dags/example_dag_decorator.py took 0.659 seconds
[2025-07-03T18:02:25.372+0000] {processor.py:161} INFO - Started process (PID=3574) to work on /home/airflow/.local/lib/python3.8/site-packages/airflow/example_dags/example_dag_decorator.py
[2025-07-03T18:02:25.373+0000] {processor.py:830} INFO - Processing file /home/airflow/.local/lib/python3.8/site-packages/airflow/example_dags/example_dag_decorator.py for tasks to queue
[2025-07-03T18:02:25.375+0000] {logging_mixin.py:188} INFO - [2025-07-03T18:02:25.375+0000] {dagbag.py:538} INFO - Filling up the DagBag from /home/airflow/.local/lib/python3.8/site-packages/airflow/example_dags/example_dag_decorator.py
[2025-07-03T18:02:25.701+0000] {processor.py:840} INFO - DAG(s) 'example_dag_decorator' retrieved from /home/airflow/.local/lib/python3.8/site-packages/airflow/example_dags/example_dag_decorator.py
[2025-07-03T18:02:25.841+0000] {logging_mixin.py:188} INFO - [2025-07-03T18:02:25.840+0000] {dag.py:3036} INFO - Sync 1 DAGs
[2025-07-03T18:02:25.855+0000] {logging_mixin.py:188} INFO - [2025-07-03T18:02:25.855+0000] {dag.py:3823} INFO - Setting next_dagrun for example_dag_decorator to None, run_after=None
[2025-07-03T18:02:25.878+0000] {processor.py:183} INFO - Processing /home/airflow/.local/lib/python3.8/site-packages/airflow/example_dags/example_dag_decorator.py took 0.511 seconds
[2025-07-03T18:02:56.834+0000] {processor.py:161} INFO - Started process (PID=3640) to work on /home/airflow/.local/lib/python3.8/site-packages/airflow/example_dags/example_dag_decorator.py
[2025-07-03T18:02:56.845+0000] {processor.py:830} INFO - Processing file /home/airflow/.local/lib/python3.8/site-packages/airflow/example_dags/example_dag_decorator.py for tasks to queue
[2025-07-03T18:02:56.854+0000] {logging_mixin.py:188} INFO - [2025-07-03T18:02:56.853+0000] {dagbag.py:538} INFO - Filling up the DagBag from /home/airflow/.local/lib/python3.8/site-packages/airflow/example_dags/example_dag_decorator.py
[2025-07-03T18:02:57.980+0000] {processor.py:840} INFO - DAG(s) 'example_dag_decorator' retrieved from /home/airflow/.local/lib/python3.8/site-packages/airflow/example_dags/example_dag_decorator.py
[2025-07-03T18:02:58.313+0000] {logging_mixin.py:188} INFO - [2025-07-03T18:02:58.313+0000] {dag.py:3036} INFO - Sync 1 DAGs
[2025-07-03T18:02:58.334+0000] {logging_mixin.py:188} INFO - [2025-07-03T18:02:58.334+0000] {dag.py:3823} INFO - Setting next_dagrun for example_dag_decorator to None, run_after=None
[2025-07-03T18:02:58.374+0000] {processor.py:183} INFO - Processing /home/airflow/.local/lib/python3.8/site-packages/airflow/example_dags/example_dag_decorator.py took 1.548 seconds
[2025-07-03T18:04:09.668+0000] {processor.py:161} INFO - Started process (PID=3726) to work on /home/airflow/.local/lib/python3.8/site-packages/airflow/example_dags/example_dag_decorator.py
[2025-07-03T18:04:09.741+0000] {processor.py:830} INFO - Processing file /home/airflow/.local/lib/python3.8/site-packages/airflow/example_dags/example_dag_decorator.py for tasks to queue
[2025-07-03T18:04:09.778+0000] {logging_mixin.py:188} INFO - [2025-07-03T18:04:09.777+0000] {dagbag.py:538} INFO - Filling up the DagBag from /home/airflow/.local/lib/python3.8/site-packages/airflow/example_dags/example_dag_decorator.py
[2025-07-03T18:04:16.552+0000] {processor.py:840} INFO - DAG(s) 'example_dag_decorator' retrieved from /home/airflow/.local/lib/python3.8/site-packages/airflow/example_dags/example_dag_decorator.py
[2025-07-03T18:04:16.976+0000] {logging_mixin.py:188} INFO - [2025-07-03T18:04:16.976+0000] {dag.py:3036} INFO - Sync 1 DAGs
[2025-07-03T18:04:17.258+0000] {logging_mixin.py:188} INFO - [2025-07-03T18:04:17.257+0000] {dag.py:3823} INFO - Setting next_dagrun for example_dag_decorator to None, run_after=None
[2025-07-03T18:04:17.647+0000] {processor.py:183} INFO - Processing /home/airflow/.local/lib/python3.8/site-packages/airflow/example_dags/example_dag_decorator.py took 8.049 seconds
[2025-07-03T18:06:28.511+0000] {processor.py:161} INFO - Started process (PID=3837) to work on /home/airflow/.local/lib/python3.8/site-packages/airflow/example_dags/example_dag_decorator.py
[2025-07-03T18:06:28.578+0000] {processor.py:830} INFO - Processing file /home/airflow/.local/lib/python3.8/site-packages/airflow/example_dags/example_dag_decorator.py for tasks to queue
[2025-07-03T18:06:28.616+0000] {logging_mixin.py:188} INFO - [2025-07-03T18:06:28.615+0000] {dagbag.py:538} INFO - Filling up the DagBag from /home/airflow/.local/lib/python3.8/site-packages/airflow/example_dags/example_dag_decorator.py
[2025-07-03T18:06:34.859+0000] {processor.py:840} INFO - DAG(s) 'example_dag_decorator' retrieved from /home/airflow/.local/lib/python3.8/site-packages/airflow/example_dags/example_dag_decorator.py
[2025-07-03T18:06:42.762+0000] {logging_mixin.py:188} INFO - [2025-07-03T18:06:42.761+0000] {dag.py:3036} INFO - Sync 1 DAGs
[2025-07-03T18:06:43.424+0000] {logging_mixin.py:188} INFO - [2025-07-03T18:06:43.424+0000] {dag.py:3823} INFO - Setting next_dagrun for example_dag_decorator to None, run_after=None
[2025-07-03T18:06:45.219+0000] {processor.py:183} INFO - Processing /home/airflow/.local/lib/python3.8/site-packages/airflow/example_dags/example_dag_decorator.py took 16.928 seconds
[2025-07-03T18:21:13.274+0000] {processor.py:161} INFO - Started process (PID=116) to work on /home/airflow/.local/lib/python3.8/site-packages/airflow/example_dags/example_dag_decorator.py
[2025-07-03T18:21:13.276+0000] {processor.py:830} INFO - Processing file /home/airflow/.local/lib/python3.8/site-packages/airflow/example_dags/example_dag_decorator.py for tasks to queue
[2025-07-03T18:21:13.279+0000] {logging_mixin.py:188} INFO - [2025-07-03T18:21:13.279+0000] {dagbag.py:538} INFO - Filling up the DagBag from /home/airflow/.local/lib/python3.8/site-packages/airflow/example_dags/example_dag_decorator.py
[2025-07-03T18:21:13.546+0000] {processor.py:840} INFO - DAG(s) 'example_dag_decorator' retrieved from /home/airflow/.local/lib/python3.8/site-packages/airflow/example_dags/example_dag_decorator.py
[2025-07-03T18:21:13.858+0000] {logging_mixin.py:188} INFO - [2025-07-03T18:21:13.858+0000] {dag.py:3036} INFO - Sync 1 DAGs
[2025-07-03T18:21:13.882+0000] {logging_mixin.py:188} INFO - [2025-07-03T18:21:13.881+0000] {dag.py:3823} INFO - Setting next_dagrun for example_dag_decorator to None, run_after=None
[2025-07-03T18:21:13.929+0000] {processor.py:183} INFO - Processing /home/airflow/.local/lib/python3.8/site-packages/airflow/example_dags/example_dag_decorator.py took 0.659 seconds
[2025-07-03T18:21:44.207+0000] {processor.py:161} INFO - Started process (PID=181) to work on /home/airflow/.local/lib/python3.8/site-packages/airflow/example_dags/example_dag_decorator.py
[2025-07-03T18:21:44.208+0000] {processor.py:830} INFO - Processing file /home/airflow/.local/lib/python3.8/site-packages/airflow/example_dags/example_dag_decorator.py for tasks to queue
[2025-07-03T18:21:44.210+0000] {logging_mixin.py:188} INFO - [2025-07-03T18:21:44.210+0000] {dagbag.py:538} INFO - Filling up the DagBag from /home/airflow/.local/lib/python3.8/site-packages/airflow/example_dags/example_dag_decorator.py
[2025-07-03T18:21:44.345+0000] {processor.py:840} INFO - DAG(s) 'example_dag_decorator' retrieved from /home/airflow/.local/lib/python3.8/site-packages/airflow/example_dags/example_dag_decorator.py
[2025-07-03T18:21:44.491+0000] {logging_mixin.py:188} INFO - [2025-07-03T18:21:44.490+0000] {dag.py:3036} INFO - Sync 1 DAGs
[2025-07-03T18:21:44.506+0000] {logging_mixin.py:188} INFO - [2025-07-03T18:21:44.506+0000] {dag.py:3823} INFO - Setting next_dagrun for example_dag_decorator to None, run_after=None
[2025-07-03T18:21:44.530+0000] {processor.py:183} INFO - Processing /home/airflow/.local/lib/python3.8/site-packages/airflow/example_dags/example_dag_decorator.py took 0.327 seconds
[2025-07-03T18:22:14.608+0000] {processor.py:161} INFO - Started process (PID=246) to work on /home/airflow/.local/lib/python3.8/site-packages/airflow/example_dags/example_dag_decorator.py
[2025-07-03T18:22:14.609+0000] {processor.py:830} INFO - Processing file /home/airflow/.local/lib/python3.8/site-packages/airflow/example_dags/example_dag_decorator.py for tasks to queue
[2025-07-03T18:22:14.611+0000] {logging_mixin.py:188} INFO - [2025-07-03T18:22:14.611+0000] {dagbag.py:538} INFO - Filling up the DagBag from /home/airflow/.local/lib/python3.8/site-packages/airflow/example_dags/example_dag_decorator.py
[2025-07-03T18:22:14.745+0000] {processor.py:840} INFO - DAG(s) 'example_dag_decorator' retrieved from /home/airflow/.local/lib/python3.8/site-packages/airflow/example_dags/example_dag_decorator.py
[2025-07-03T18:22:14.890+0000] {logging_mixin.py:188} INFO - [2025-07-03T18:22:14.890+0000] {dag.py:3036} INFO - Sync 1 DAGs
[2025-07-03T18:22:14.906+0000] {logging_mixin.py:188} INFO - [2025-07-03T18:22:14.905+0000] {dag.py:3823} INFO - Setting next_dagrun for example_dag_decorator to None, run_after=None
[2025-07-03T18:22:14.930+0000] {processor.py:183} INFO - Processing /home/airflow/.local/lib/python3.8/site-packages/airflow/example_dags/example_dag_decorator.py took 0.327 seconds
[2025-07-03T18:22:45.671+0000] {processor.py:161} INFO - Started process (PID=313) to work on /home/airflow/.local/lib/python3.8/site-packages/airflow/example_dags/example_dag_decorator.py
[2025-07-03T18:22:45.677+0000] {processor.py:830} INFO - Processing file /home/airflow/.local/lib/python3.8/site-packages/airflow/example_dags/example_dag_decorator.py for tasks to queue
[2025-07-03T18:22:45.679+0000] {logging_mixin.py:188} INFO - [2025-07-03T18:22:45.679+0000] {dagbag.py:538} INFO - Filling up the DagBag from /home/airflow/.local/lib/python3.8/site-packages/airflow/example_dags/example_dag_decorator.py
[2025-07-03T18:22:46.031+0000] {processor.py:840} INFO - DAG(s) 'example_dag_decorator' retrieved from /home/airflow/.local/lib/python3.8/site-packages/airflow/example_dags/example_dag_decorator.py
[2025-07-03T18:22:46.369+0000] {logging_mixin.py:188} INFO - [2025-07-03T18:22:46.368+0000] {dag.py:3036} INFO - Sync 1 DAGs
[2025-07-03T18:22:46.431+0000] {logging_mixin.py:188} INFO - [2025-07-03T18:22:46.431+0000] {dag.py:3823} INFO - Setting next_dagrun for example_dag_decorator to None, run_after=None
[2025-07-03T18:22:46.520+0000] {processor.py:183} INFO - Processing /home/airflow/.local/lib/python3.8/site-packages/airflow/example_dags/example_dag_decorator.py took 0.858 seconds
[2025-07-03T18:23:16.764+0000] {processor.py:161} INFO - Started process (PID=382) to work on /home/airflow/.local/lib/python3.8/site-packages/airflow/example_dags/example_dag_decorator.py
[2025-07-03T18:23:16.770+0000] {processor.py:830} INFO - Processing file /home/airflow/.local/lib/python3.8/site-packages/airflow/example_dags/example_dag_decorator.py for tasks to queue
[2025-07-03T18:23:16.773+0000] {logging_mixin.py:188} INFO - [2025-07-03T18:23:16.773+0000] {dagbag.py:538} INFO - Filling up the DagBag from /home/airflow/.local/lib/python3.8/site-packages/airflow/example_dags/example_dag_decorator.py
[2025-07-03T18:23:17.074+0000] {processor.py:840} INFO - DAG(s) 'example_dag_decorator' retrieved from /home/airflow/.local/lib/python3.8/site-packages/airflow/example_dags/example_dag_decorator.py
[2025-07-03T18:23:17.198+0000] {logging_mixin.py:188} INFO - [2025-07-03T18:23:17.197+0000] {dag.py:3036} INFO - Sync 1 DAGs
[2025-07-03T18:23:17.266+0000] {logging_mixin.py:188} INFO - [2025-07-03T18:23:17.265+0000] {dag.py:3823} INFO - Setting next_dagrun for example_dag_decorator to None, run_after=None
[2025-07-03T18:23:17.341+0000] {processor.py:183} INFO - Processing /home/airflow/.local/lib/python3.8/site-packages/airflow/example_dags/example_dag_decorator.py took 0.586 seconds
[2025-07-03T18:23:48.184+0000] {processor.py:161} INFO - Started process (PID=455) to work on /home/airflow/.local/lib/python3.8/site-packages/airflow/example_dags/example_dag_decorator.py
[2025-07-03T18:23:48.197+0000] {processor.py:830} INFO - Processing file /home/airflow/.local/lib/python3.8/site-packages/airflow/example_dags/example_dag_decorator.py for tasks to queue
[2025-07-03T18:23:48.199+0000] {logging_mixin.py:188} INFO - [2025-07-03T18:23:48.199+0000] {dagbag.py:538} INFO - Filling up the DagBag from /home/airflow/.local/lib/python3.8/site-packages/airflow/example_dags/example_dag_decorator.py
[2025-07-03T18:23:48.836+0000] {processor.py:840} INFO - DAG(s) 'example_dag_decorator' retrieved from /home/airflow/.local/lib/python3.8/site-packages/airflow/example_dags/example_dag_decorator.py
[2025-07-03T18:23:49.122+0000] {logging_mixin.py:188} INFO - [2025-07-03T18:23:49.122+0000] {dag.py:3036} INFO - Sync 1 DAGs
[2025-07-03T18:23:49.155+0000] {logging_mixin.py:188} INFO - [2025-07-03T18:23:49.155+0000] {dag.py:3823} INFO - Setting next_dagrun for example_dag_decorator to None, run_after=None
[2025-07-03T18:23:49.214+0000] {processor.py:183} INFO - Processing /home/airflow/.local/lib/python3.8/site-packages/airflow/example_dags/example_dag_decorator.py took 1.047 seconds
[2025-07-03T18:24:19.394+0000] {processor.py:161} INFO - Started process (PID=524) to work on /home/airflow/.local/lib/python3.8/site-packages/airflow/example_dags/example_dag_decorator.py
[2025-07-03T18:24:19.401+0000] {processor.py:830} INFO - Processing file /home/airflow/.local/lib/python3.8/site-packages/airflow/example_dags/example_dag_decorator.py for tasks to queue
[2025-07-03T18:24:19.404+0000] {logging_mixin.py:188} INFO - [2025-07-03T18:24:19.403+0000] {dagbag.py:538} INFO - Filling up the DagBag from /home/airflow/.local/lib/python3.8/site-packages/airflow/example_dags/example_dag_decorator.py
[2025-07-03T18:24:19.635+0000] {processor.py:840} INFO - DAG(s) 'example_dag_decorator' retrieved from /home/airflow/.local/lib/python3.8/site-packages/airflow/example_dags/example_dag_decorator.py
[2025-07-03T18:24:19.931+0000] {logging_mixin.py:188} INFO - [2025-07-03T18:24:19.931+0000] {dag.py:3036} INFO - Sync 1 DAGs
[2025-07-03T18:24:19.979+0000] {logging_mixin.py:188} INFO - [2025-07-03T18:24:19.979+0000] {dag.py:3823} INFO - Setting next_dagrun for example_dag_decorator to None, run_after=None
[2025-07-03T18:24:20.041+0000] {processor.py:183} INFO - Processing /home/airflow/.local/lib/python3.8/site-packages/airflow/example_dags/example_dag_decorator.py took 0.652 seconds
