[2025-07-03T17:35:23.079+0000] {processor.py:161} INFO - Started process (PID=206) to work on /home/airflow/.local/lib/python3.8/site-packages/airflow/example_dags/example_branch_python_dop_operator_3.py
[2025-07-03T17:35:23.080+0000] {processor.py:830} INFO - Processing file /home/airflow/.local/lib/python3.8/site-packages/airflow/example_dags/example_branch_python_dop_operator_3.py for tasks to queue
[2025-07-03T17:35:23.101+0000] {logging_mixin.py:188} INFO - [2025-07-03T17:35:23.100+0000] {dagbag.py:538} INFO - Filling up the DagBag from /home/airflow/.local/lib/python3.8/site-packages/airflow/example_dags/example_branch_python_dop_operator_3.py
[2025-07-03T17:35:23.180+0000] {processor.py:840} INFO - DAG(s) 'example_branch_dop_operator_v3' retrieved from /home/airflow/.local/lib/python3.8/site-packages/airflow/example_dags/example_branch_python_dop_operator_3.py
[2025-07-03T17:35:23.856+0000] {logging_mixin.py:188} INFO - [2025-07-03T17:35:23.856+0000] {dag.py:3036} INFO - Sync 1 DAGs
[2025-07-03T17:35:23.970+0000] {logging_mixin.py:188} INFO - [2025-07-03T17:35:23.970+0000] {dag.py:3823} INFO - Setting next_dagrun for example_branch_dop_operator_v3 to 2025-07-03 17:34:00+00:00, run_after=2025-07-03 17:35:00+00:00
[2025-07-03T17:35:24.043+0000] {processor.py:183} INFO - Processing /home/airflow/.local/lib/python3.8/site-packages/airflow/example_dags/example_branch_python_dop_operator_3.py took 0.974 seconds
[2025-07-03T17:35:57.817+0000] {processor.py:161} INFO - Started process (PID=270) to work on /home/airflow/.local/lib/python3.8/site-packages/airflow/example_dags/example_branch_python_dop_operator_3.py
[2025-07-03T17:35:57.828+0000] {processor.py:830} INFO - Processing file /home/airflow/.local/lib/python3.8/site-packages/airflow/example_dags/example_branch_python_dop_operator_3.py for tasks to queue
[2025-07-03T17:35:57.836+0000] {logging_mixin.py:188} INFO - [2025-07-03T17:35:57.836+0000] {dagbag.py:538} INFO - Filling up the DagBag from /home/airflow/.local/lib/python3.8/site-packages/airflow/example_dags/example_branch_python_dop_operator_3.py
[2025-07-03T17:35:57.879+0000] {processor.py:840} INFO - DAG(s) 'example_branch_dop_operator_v3' retrieved from /home/airflow/.local/lib/python3.8/site-packages/airflow/example_dags/example_branch_python_dop_operator_3.py
[2025-07-03T17:35:57.981+0000] {logging_mixin.py:188} INFO - [2025-07-03T17:35:57.980+0000] {dag.py:3036} INFO - Sync 1 DAGs
[2025-07-03T17:35:58.291+0000] {logging_mixin.py:188} INFO - [2025-07-03T17:35:58.252+0000] {dag.py:3823} INFO - Setting next_dagrun for example_branch_dop_operator_v3 to 2025-07-03 17:34:00+00:00, run_after=2025-07-03 17:35:00+00:00
[2025-07-03T17:35:58.500+0000] {processor.py:183} INFO - Processing /home/airflow/.local/lib/python3.8/site-packages/airflow/example_dags/example_branch_python_dop_operator_3.py took 0.704 seconds
[2025-07-03T17:36:29.427+0000] {processor.py:161} INFO - Started process (PID=332) to work on /home/airflow/.local/lib/python3.8/site-packages/airflow/example_dags/example_branch_python_dop_operator_3.py
[2025-07-03T17:36:29.449+0000] {processor.py:830} INFO - Processing file /home/airflow/.local/lib/python3.8/site-packages/airflow/example_dags/example_branch_python_dop_operator_3.py for tasks to queue
[2025-07-03T17:36:29.456+0000] {logging_mixin.py:188} INFO - [2025-07-03T17:36:29.455+0000] {dagbag.py:538} INFO - Filling up the DagBag from /home/airflow/.local/lib/python3.8/site-packages/airflow/example_dags/example_branch_python_dop_operator_3.py
[2025-07-03T17:36:29.539+0000] {processor.py:840} INFO - DAG(s) 'example_branch_dop_operator_v3' retrieved from /home/airflow/.local/lib/python3.8/site-packages/airflow/example_dags/example_branch_python_dop_operator_3.py
[2025-07-03T17:36:29.650+0000] {logging_mixin.py:188} INFO - [2025-07-03T17:36:29.649+0000] {dag.py:3036} INFO - Sync 1 DAGs
[2025-07-03T17:36:29.858+0000] {logging_mixin.py:188} INFO - [2025-07-03T17:36:29.857+0000] {dag.py:3823} INFO - Setting next_dagrun for example_branch_dop_operator_v3 to 2025-07-03 17:35:00+00:00, run_after=2025-07-03 17:36:00+00:00
[2025-07-03T17:36:30.017+0000] {processor.py:183} INFO - Processing /home/airflow/.local/lib/python3.8/site-packages/airflow/example_dags/example_branch_python_dop_operator_3.py took 0.610 seconds
[2025-07-03T17:37:00.212+0000] {processor.py:161} INFO - Started process (PID=390) to work on /home/airflow/.local/lib/python3.8/site-packages/airflow/example_dags/example_branch_python_dop_operator_3.py
[2025-07-03T17:37:00.221+0000] {processor.py:830} INFO - Processing file /home/airflow/.local/lib/python3.8/site-packages/airflow/example_dags/example_branch_python_dop_operator_3.py for tasks to queue
[2025-07-03T17:37:00.224+0000] {logging_mixin.py:188} INFO - [2025-07-03T17:37:00.223+0000] {dagbag.py:538} INFO - Filling up the DagBag from /home/airflow/.local/lib/python3.8/site-packages/airflow/example_dags/example_branch_python_dop_operator_3.py
[2025-07-03T17:37:00.256+0000] {processor.py:840} INFO - DAG(s) 'example_branch_dop_operator_v3' retrieved from /home/airflow/.local/lib/python3.8/site-packages/airflow/example_dags/example_branch_python_dop_operator_3.py
[2025-07-03T17:37:00.344+0000] {logging_mixin.py:188} INFO - [2025-07-03T17:37:00.344+0000] {dag.py:3036} INFO - Sync 1 DAGs
[2025-07-03T17:37:00.412+0000] {logging_mixin.py:188} INFO - [2025-07-03T17:37:00.412+0000] {dag.py:3823} INFO - Setting next_dagrun for example_branch_dop_operator_v3 to 2025-07-03 17:36:00+00:00, run_after=2025-07-03 17:37:00+00:00
[2025-07-03T17:37:00.478+0000] {processor.py:183} INFO - Processing /home/airflow/.local/lib/python3.8/site-packages/airflow/example_dags/example_branch_python_dop_operator_3.py took 0.277 seconds
[2025-07-03T17:37:30.864+0000] {processor.py:161} INFO - Started process (PID=449) to work on /home/airflow/.local/lib/python3.8/site-packages/airflow/example_dags/example_branch_python_dop_operator_3.py
[2025-07-03T17:37:30.882+0000] {processor.py:830} INFO - Processing file /home/airflow/.local/lib/python3.8/site-packages/airflow/example_dags/example_branch_python_dop_operator_3.py for tasks to queue
[2025-07-03T17:37:30.893+0000] {logging_mixin.py:188} INFO - [2025-07-03T17:37:30.884+0000] {dagbag.py:538} INFO - Filling up the DagBag from /home/airflow/.local/lib/python3.8/site-packages/airflow/example_dags/example_branch_python_dop_operator_3.py
[2025-07-03T17:37:30.967+0000] {processor.py:840} INFO - DAG(s) 'example_branch_dop_operator_v3' retrieved from /home/airflow/.local/lib/python3.8/site-packages/airflow/example_dags/example_branch_python_dop_operator_3.py
[2025-07-03T17:37:31.044+0000] {logging_mixin.py:188} INFO - [2025-07-03T17:37:31.044+0000] {dag.py:3036} INFO - Sync 1 DAGs
[2025-07-03T17:37:31.252+0000] {logging_mixin.py:188} INFO - [2025-07-03T17:37:31.252+0000] {dag.py:3823} INFO - Setting next_dagrun for example_branch_dop_operator_v3 to 2025-07-03 17:36:00+00:00, run_after=2025-07-03 17:37:00+00:00
[2025-07-03T17:37:31.486+0000] {processor.py:183} INFO - Processing /home/airflow/.local/lib/python3.8/site-packages/airflow/example_dags/example_branch_python_dop_operator_3.py took 0.655 seconds
[2025-07-03T17:38:01.827+0000] {processor.py:161} INFO - Started process (PID=507) to work on /home/airflow/.local/lib/python3.8/site-packages/airflow/example_dags/example_branch_python_dop_operator_3.py
[2025-07-03T17:38:01.834+0000] {processor.py:830} INFO - Processing file /home/airflow/.local/lib/python3.8/site-packages/airflow/example_dags/example_branch_python_dop_operator_3.py for tasks to queue
[2025-07-03T17:38:01.836+0000] {logging_mixin.py:188} INFO - [2025-07-03T17:38:01.836+0000] {dagbag.py:538} INFO - Filling up the DagBag from /home/airflow/.local/lib/python3.8/site-packages/airflow/example_dags/example_branch_python_dop_operator_3.py
[2025-07-03T17:38:01.876+0000] {processor.py:840} INFO - DAG(s) 'example_branch_dop_operator_v3' retrieved from /home/airflow/.local/lib/python3.8/site-packages/airflow/example_dags/example_branch_python_dop_operator_3.py
[2025-07-03T17:38:01.934+0000] {logging_mixin.py:188} INFO - [2025-07-03T17:38:01.933+0000] {dag.py:3036} INFO - Sync 1 DAGs
[2025-07-03T17:38:02.042+0000] {logging_mixin.py:188} INFO - [2025-07-03T17:38:02.040+0000] {dag.py:3823} INFO - Setting next_dagrun for example_branch_dop_operator_v3 to 2025-07-03 17:37:00+00:00, run_after=2025-07-03 17:38:00+00:00
[2025-07-03T17:38:02.115+0000] {processor.py:183} INFO - Processing /home/airflow/.local/lib/python3.8/site-packages/airflow/example_dags/example_branch_python_dop_operator_3.py took 0.314 seconds
[2025-07-03T17:38:32.603+0000] {processor.py:161} INFO - Started process (PID=572) to work on /home/airflow/.local/lib/python3.8/site-packages/airflow/example_dags/example_branch_python_dop_operator_3.py
[2025-07-03T17:38:32.609+0000] {processor.py:830} INFO - Processing file /home/airflow/.local/lib/python3.8/site-packages/airflow/example_dags/example_branch_python_dop_operator_3.py for tasks to queue
[2025-07-03T17:38:32.630+0000] {logging_mixin.py:188} INFO - [2025-07-03T17:38:32.629+0000] {dagbag.py:538} INFO - Filling up the DagBag from /home/airflow/.local/lib/python3.8/site-packages/airflow/example_dags/example_branch_python_dop_operator_3.py
[2025-07-03T17:38:32.666+0000] {processor.py:840} INFO - DAG(s) 'example_branch_dop_operator_v3' retrieved from /home/airflow/.local/lib/python3.8/site-packages/airflow/example_dags/example_branch_python_dop_operator_3.py
[2025-07-03T17:38:32.850+0000] {logging_mixin.py:188} INFO - [2025-07-03T17:38:32.849+0000] {dag.py:3036} INFO - Sync 1 DAGs
[2025-07-03T17:38:33.000+0000] {logging_mixin.py:188} INFO - [2025-07-03T17:38:33.000+0000] {dag.py:3823} INFO - Setting next_dagrun for example_branch_dop_operator_v3 to 2025-07-03 17:37:00+00:00, run_after=2025-07-03 17:38:00+00:00
[2025-07-03T17:38:33.093+0000] {processor.py:183} INFO - Processing /home/airflow/.local/lib/python3.8/site-packages/airflow/example_dags/example_branch_python_dop_operator_3.py took 0.524 seconds
[2025-07-03T17:39:03.208+0000] {processor.py:161} INFO - Started process (PID=628) to work on /home/airflow/.local/lib/python3.8/site-packages/airflow/example_dags/example_branch_python_dop_operator_3.py
[2025-07-03T17:39:03.209+0000] {processor.py:830} INFO - Processing file /home/airflow/.local/lib/python3.8/site-packages/airflow/example_dags/example_branch_python_dop_operator_3.py for tasks to queue
[2025-07-03T17:39:03.212+0000] {logging_mixin.py:188} INFO - [2025-07-03T17:39:03.211+0000] {dagbag.py:538} INFO - Filling up the DagBag from /home/airflow/.local/lib/python3.8/site-packages/airflow/example_dags/example_branch_python_dop_operator_3.py
[2025-07-03T17:39:03.227+0000] {processor.py:840} INFO - DAG(s) 'example_branch_dop_operator_v3' retrieved from /home/airflow/.local/lib/python3.8/site-packages/airflow/example_dags/example_branch_python_dop_operator_3.py
[2025-07-03T17:39:03.259+0000] {logging_mixin.py:188} INFO - [2025-07-03T17:39:03.258+0000] {dag.py:3036} INFO - Sync 1 DAGs
[2025-07-03T17:39:03.316+0000] {logging_mixin.py:188} INFO - [2025-07-03T17:39:03.315+0000] {dag.py:3823} INFO - Setting next_dagrun for example_branch_dop_operator_v3 to 2025-07-03 17:38:00+00:00, run_after=2025-07-03 17:39:00+00:00
[2025-07-03T17:39:03.354+0000] {processor.py:183} INFO - Processing /home/airflow/.local/lib/python3.8/site-packages/airflow/example_dags/example_branch_python_dop_operator_3.py took 0.151 seconds
[2025-07-03T17:39:34.072+0000] {processor.py:161} INFO - Started process (PID=693) to work on /home/airflow/.local/lib/python3.8/site-packages/airflow/example_dags/example_branch_python_dop_operator_3.py
[2025-07-03T17:39:34.074+0000] {processor.py:830} INFO - Processing file /home/airflow/.local/lib/python3.8/site-packages/airflow/example_dags/example_branch_python_dop_operator_3.py for tasks to queue
[2025-07-03T17:39:34.077+0000] {logging_mixin.py:188} INFO - [2025-07-03T17:39:34.076+0000] {dagbag.py:538} INFO - Filling up the DagBag from /home/airflow/.local/lib/python3.8/site-packages/airflow/example_dags/example_branch_python_dop_operator_3.py
[2025-07-03T17:39:34.094+0000] {processor.py:840} INFO - DAG(s) 'example_branch_dop_operator_v3' retrieved from /home/airflow/.local/lib/python3.8/site-packages/airflow/example_dags/example_branch_python_dop_operator_3.py
[2025-07-03T17:39:34.127+0000] {logging_mixin.py:188} INFO - [2025-07-03T17:39:34.126+0000] {dag.py:3036} INFO - Sync 1 DAGs
[2025-07-03T17:39:34.186+0000] {logging_mixin.py:188} INFO - [2025-07-03T17:39:34.186+0000] {dag.py:3823} INFO - Setting next_dagrun for example_branch_dop_operator_v3 to 2025-07-03 17:38:00+00:00, run_after=2025-07-03 17:39:00+00:00
[2025-07-03T17:39:34.222+0000] {processor.py:183} INFO - Processing /home/airflow/.local/lib/python3.8/site-packages/airflow/example_dags/example_branch_python_dop_operator_3.py took 0.154 seconds
[2025-07-03T17:40:04.348+0000] {processor.py:161} INFO - Started process (PID=759) to work on /home/airflow/.local/lib/python3.8/site-packages/airflow/example_dags/example_branch_python_dop_operator_3.py
[2025-07-03T17:40:04.349+0000] {processor.py:830} INFO - Processing file /home/airflow/.local/lib/python3.8/site-packages/airflow/example_dags/example_branch_python_dop_operator_3.py for tasks to queue
[2025-07-03T17:40:04.352+0000] {logging_mixin.py:188} INFO - [2025-07-03T17:40:04.351+0000] {dagbag.py:538} INFO - Filling up the DagBag from /home/airflow/.local/lib/python3.8/site-packages/airflow/example_dags/example_branch_python_dop_operator_3.py
[2025-07-03T17:40:04.366+0000] {processor.py:840} INFO - DAG(s) 'example_branch_dop_operator_v3' retrieved from /home/airflow/.local/lib/python3.8/site-packages/airflow/example_dags/example_branch_python_dop_operator_3.py
[2025-07-03T17:40:04.397+0000] {logging_mixin.py:188} INFO - [2025-07-03T17:40:04.397+0000] {dag.py:3036} INFO - Sync 1 DAGs
[2025-07-03T17:40:04.452+0000] {logging_mixin.py:188} INFO - [2025-07-03T17:40:04.452+0000] {dag.py:3823} INFO - Setting next_dagrun for example_branch_dop_operator_v3 to 2025-07-03 17:39:00+00:00, run_after=2025-07-03 17:40:00+00:00
[2025-07-03T17:40:04.485+0000] {processor.py:183} INFO - Processing /home/airflow/.local/lib/python3.8/site-packages/airflow/example_dags/example_branch_python_dop_operator_3.py took 0.141 seconds
[2025-07-03T17:40:34.788+0000] {processor.py:161} INFO - Started process (PID=825) to work on /home/airflow/.local/lib/python3.8/site-packages/airflow/example_dags/example_branch_python_dop_operator_3.py
[2025-07-03T17:40:34.790+0000] {processor.py:830} INFO - Processing file /home/airflow/.local/lib/python3.8/site-packages/airflow/example_dags/example_branch_python_dop_operator_3.py for tasks to queue
[2025-07-03T17:40:34.793+0000] {logging_mixin.py:188} INFO - [2025-07-03T17:40:34.792+0000] {dagbag.py:538} INFO - Filling up the DagBag from /home/airflow/.local/lib/python3.8/site-packages/airflow/example_dags/example_branch_python_dop_operator_3.py
[2025-07-03T17:40:34.809+0000] {processor.py:840} INFO - DAG(s) 'example_branch_dop_operator_v3' retrieved from /home/airflow/.local/lib/python3.8/site-packages/airflow/example_dags/example_branch_python_dop_operator_3.py
[2025-07-03T17:40:34.844+0000] {logging_mixin.py:188} INFO - [2025-07-03T17:40:34.843+0000] {dag.py:3036} INFO - Sync 1 DAGs
[2025-07-03T17:40:34.898+0000] {logging_mixin.py:188} INFO - [2025-07-03T17:40:34.898+0000] {dag.py:3823} INFO - Setting next_dagrun for example_branch_dop_operator_v3 to 2025-07-03 17:39:00+00:00, run_after=2025-07-03 17:40:00+00:00
[2025-07-03T17:40:34.929+0000] {processor.py:183} INFO - Processing /home/airflow/.local/lib/python3.8/site-packages/airflow/example_dags/example_branch_python_dop_operator_3.py took 0.146 seconds
[2025-07-03T17:41:05.340+0000] {processor.py:161} INFO - Started process (PID=890) to work on /home/airflow/.local/lib/python3.8/site-packages/airflow/example_dags/example_branch_python_dop_operator_3.py
[2025-07-03T17:41:05.342+0000] {processor.py:830} INFO - Processing file /home/airflow/.local/lib/python3.8/site-packages/airflow/example_dags/example_branch_python_dop_operator_3.py for tasks to queue
[2025-07-03T17:41:05.345+0000] {logging_mixin.py:188} INFO - [2025-07-03T17:41:05.344+0000] {dagbag.py:538} INFO - Filling up the DagBag from /home/airflow/.local/lib/python3.8/site-packages/airflow/example_dags/example_branch_python_dop_operator_3.py
[2025-07-03T17:41:05.371+0000] {processor.py:840} INFO - DAG(s) 'example_branch_dop_operator_v3' retrieved from /home/airflow/.local/lib/python3.8/site-packages/airflow/example_dags/example_branch_python_dop_operator_3.py
[2025-07-03T17:41:05.408+0000] {logging_mixin.py:188} INFO - [2025-07-03T17:41:05.407+0000] {dag.py:3036} INFO - Sync 1 DAGs
[2025-07-03T17:41:05.447+0000] {logging_mixin.py:188} INFO - [2025-07-03T17:41:05.447+0000] {dag.py:3823} INFO - Setting next_dagrun for example_branch_dop_operator_v3 to 2025-07-03 17:40:00+00:00, run_after=2025-07-03 17:41:00+00:00
[2025-07-03T17:41:05.473+0000] {processor.py:183} INFO - Processing /home/airflow/.local/lib/python3.8/site-packages/airflow/example_dags/example_branch_python_dop_operator_3.py took 0.144 seconds
[2025-07-03T17:41:35.579+0000] {processor.py:161} INFO - Started process (PID=955) to work on /home/airflow/.local/lib/python3.8/site-packages/airflow/example_dags/example_branch_python_dop_operator_3.py
[2025-07-03T17:41:35.580+0000] {processor.py:830} INFO - Processing file /home/airflow/.local/lib/python3.8/site-packages/airflow/example_dags/example_branch_python_dop_operator_3.py for tasks to queue
[2025-07-03T17:41:35.582+0000] {logging_mixin.py:188} INFO - [2025-07-03T17:41:35.581+0000] {dagbag.py:538} INFO - Filling up the DagBag from /home/airflow/.local/lib/python3.8/site-packages/airflow/example_dags/example_branch_python_dop_operator_3.py
[2025-07-03T17:41:35.593+0000] {processor.py:840} INFO - DAG(s) 'example_branch_dop_operator_v3' retrieved from /home/airflow/.local/lib/python3.8/site-packages/airflow/example_dags/example_branch_python_dop_operator_3.py
[2025-07-03T17:41:35.618+0000] {logging_mixin.py:188} INFO - [2025-07-03T17:41:35.618+0000] {dag.py:3036} INFO - Sync 1 DAGs
[2025-07-03T17:41:35.657+0000] {logging_mixin.py:188} INFO - [2025-07-03T17:41:35.657+0000] {dag.py:3823} INFO - Setting next_dagrun for example_branch_dop_operator_v3 to 2025-07-03 17:40:00+00:00, run_after=2025-07-03 17:41:00+00:00
[2025-07-03T17:41:35.682+0000] {processor.py:183} INFO - Processing /home/airflow/.local/lib/python3.8/site-packages/airflow/example_dags/example_branch_python_dop_operator_3.py took 0.107 seconds
[2025-07-03T17:42:06.026+0000] {processor.py:161} INFO - Started process (PID=1017) to work on /home/airflow/.local/lib/python3.8/site-packages/airflow/example_dags/example_branch_python_dop_operator_3.py
[2025-07-03T17:42:06.028+0000] {processor.py:830} INFO - Processing file /home/airflow/.local/lib/python3.8/site-packages/airflow/example_dags/example_branch_python_dop_operator_3.py for tasks to queue
[2025-07-03T17:42:06.031+0000] {logging_mixin.py:188} INFO - [2025-07-03T17:42:06.030+0000] {dagbag.py:538} INFO - Filling up the DagBag from /home/airflow/.local/lib/python3.8/site-packages/airflow/example_dags/example_branch_python_dop_operator_3.py
[2025-07-03T17:42:06.047+0000] {processor.py:840} INFO - DAG(s) 'example_branch_dop_operator_v3' retrieved from /home/airflow/.local/lib/python3.8/site-packages/airflow/example_dags/example_branch_python_dop_operator_3.py
[2025-07-03T17:42:06.080+0000] {logging_mixin.py:188} INFO - [2025-07-03T17:42:06.079+0000] {dag.py:3036} INFO - Sync 1 DAGs
[2025-07-03T17:42:06.144+0000] {logging_mixin.py:188} INFO - [2025-07-03T17:42:06.144+0000] {dag.py:3823} INFO - Setting next_dagrun for example_branch_dop_operator_v3 to 2025-07-03 17:41:00+00:00, run_after=2025-07-03 17:42:00+00:00
[2025-07-03T17:42:06.177+0000] {processor.py:183} INFO - Processing /home/airflow/.local/lib/python3.8/site-packages/airflow/example_dags/example_branch_python_dop_operator_3.py took 0.156 seconds
[2025-07-03T17:42:36.941+0000] {processor.py:161} INFO - Started process (PID=1082) to work on /home/airflow/.local/lib/python3.8/site-packages/airflow/example_dags/example_branch_python_dop_operator_3.py
[2025-07-03T17:42:36.943+0000] {processor.py:830} INFO - Processing file /home/airflow/.local/lib/python3.8/site-packages/airflow/example_dags/example_branch_python_dop_operator_3.py for tasks to queue
[2025-07-03T17:42:36.945+0000] {logging_mixin.py:188} INFO - [2025-07-03T17:42:36.945+0000] {dagbag.py:538} INFO - Filling up the DagBag from /home/airflow/.local/lib/python3.8/site-packages/airflow/example_dags/example_branch_python_dop_operator_3.py
[2025-07-03T17:42:36.974+0000] {processor.py:840} INFO - DAG(s) 'example_branch_dop_operator_v3' retrieved from /home/airflow/.local/lib/python3.8/site-packages/airflow/example_dags/example_branch_python_dop_operator_3.py
[2025-07-03T17:42:37.046+0000] {logging_mixin.py:188} INFO - [2025-07-03T17:42:37.046+0000] {dag.py:3036} INFO - Sync 1 DAGs
[2025-07-03T17:42:37.150+0000] {logging_mixin.py:188} INFO - [2025-07-03T17:42:37.149+0000] {dag.py:3823} INFO - Setting next_dagrun for example_branch_dop_operator_v3 to 2025-07-03 17:41:00+00:00, run_after=2025-07-03 17:42:00+00:00
[2025-07-03T17:42:37.207+0000] {processor.py:183} INFO - Processing /home/airflow/.local/lib/python3.8/site-packages/airflow/example_dags/example_branch_python_dop_operator_3.py took 0.286 seconds
[2025-07-03T17:43:08.325+0000] {processor.py:161} INFO - Started process (PID=1147) to work on /home/airflow/.local/lib/python3.8/site-packages/airflow/example_dags/example_branch_python_dop_operator_3.py
[2025-07-03T17:43:08.333+0000] {processor.py:830} INFO - Processing file /home/airflow/.local/lib/python3.8/site-packages/airflow/example_dags/example_branch_python_dop_operator_3.py for tasks to queue
[2025-07-03T17:43:08.336+0000] {logging_mixin.py:188} INFO - [2025-07-03T17:43:08.335+0000] {dagbag.py:538} INFO - Filling up the DagBag from /home/airflow/.local/lib/python3.8/site-packages/airflow/example_dags/example_branch_python_dop_operator_3.py
[2025-07-03T17:43:08.385+0000] {processor.py:840} INFO - DAG(s) 'example_branch_dop_operator_v3' retrieved from /home/airflow/.local/lib/python3.8/site-packages/airflow/example_dags/example_branch_python_dop_operator_3.py
[2025-07-03T17:43:08.464+0000] {logging_mixin.py:188} INFO - [2025-07-03T17:43:08.464+0000] {dag.py:3036} INFO - Sync 1 DAGs
[2025-07-03T17:43:08.595+0000] {logging_mixin.py:188} INFO - [2025-07-03T17:43:08.594+0000] {dag.py:3823} INFO - Setting next_dagrun for example_branch_dop_operator_v3 to 2025-07-03 17:42:00+00:00, run_after=2025-07-03 17:43:00+00:00
[2025-07-03T17:43:08.646+0000] {processor.py:183} INFO - Processing /home/airflow/.local/lib/python3.8/site-packages/airflow/example_dags/example_branch_python_dop_operator_3.py took 0.350 seconds
[2025-07-03T17:43:39.080+0000] {processor.py:161} INFO - Started process (PID=1210) to work on /home/airflow/.local/lib/python3.8/site-packages/airflow/example_dags/example_branch_python_dop_operator_3.py
[2025-07-03T17:43:39.082+0000] {processor.py:830} INFO - Processing file /home/airflow/.local/lib/python3.8/site-packages/airflow/example_dags/example_branch_python_dop_operator_3.py for tasks to queue
[2025-07-03T17:43:39.085+0000] {logging_mixin.py:188} INFO - [2025-07-03T17:43:39.084+0000] {dagbag.py:538} INFO - Filling up the DagBag from /home/airflow/.local/lib/python3.8/site-packages/airflow/example_dags/example_branch_python_dop_operator_3.py
[2025-07-03T17:43:39.101+0000] {processor.py:840} INFO - DAG(s) 'example_branch_dop_operator_v3' retrieved from /home/airflow/.local/lib/python3.8/site-packages/airflow/example_dags/example_branch_python_dop_operator_3.py
[2025-07-03T17:43:39.134+0000] {logging_mixin.py:188} INFO - [2025-07-03T17:43:39.134+0000] {dag.py:3036} INFO - Sync 1 DAGs
[2025-07-03T17:43:39.187+0000] {logging_mixin.py:188} INFO - [2025-07-03T17:43:39.187+0000] {dag.py:3823} INFO - Setting next_dagrun for example_branch_dop_operator_v3 to 2025-07-03 17:42:00+00:00, run_after=2025-07-03 17:43:00+00:00
[2025-07-03T17:43:39.218+0000] {processor.py:183} INFO - Processing /home/airflow/.local/lib/python3.8/site-packages/airflow/example_dags/example_branch_python_dop_operator_3.py took 0.143 seconds
[2025-07-03T17:44:10.002+0000] {processor.py:161} INFO - Started process (PID=1282) to work on /home/airflow/.local/lib/python3.8/site-packages/airflow/example_dags/example_branch_python_dop_operator_3.py
[2025-07-03T17:44:10.004+0000] {processor.py:830} INFO - Processing file /home/airflow/.local/lib/python3.8/site-packages/airflow/example_dags/example_branch_python_dop_operator_3.py for tasks to queue
[2025-07-03T17:44:10.007+0000] {logging_mixin.py:188} INFO - [2025-07-03T17:44:10.006+0000] {dagbag.py:538} INFO - Filling up the DagBag from /home/airflow/.local/lib/python3.8/site-packages/airflow/example_dags/example_branch_python_dop_operator_3.py
[2025-07-03T17:44:10.046+0000] {processor.py:840} INFO - DAG(s) 'example_branch_dop_operator_v3' retrieved from /home/airflow/.local/lib/python3.8/site-packages/airflow/example_dags/example_branch_python_dop_operator_3.py
[2025-07-03T17:44:10.110+0000] {logging_mixin.py:188} INFO - [2025-07-03T17:44:10.109+0000] {dag.py:3036} INFO - Sync 1 DAGs
[2025-07-03T17:44:10.324+0000] {logging_mixin.py:188} INFO - [2025-07-03T17:44:10.324+0000] {dag.py:3823} INFO - Setting next_dagrun for example_branch_dop_operator_v3 to 2025-07-03 17:43:00+00:00, run_after=2025-07-03 17:44:00+00:00
[2025-07-03T17:44:10.391+0000] {processor.py:183} INFO - Processing /home/airflow/.local/lib/python3.8/site-packages/airflow/example_dags/example_branch_python_dop_operator_3.py took 0.406 seconds
[2025-07-03T17:44:40.575+0000] {processor.py:161} INFO - Started process (PID=1348) to work on /home/airflow/.local/lib/python3.8/site-packages/airflow/example_dags/example_branch_python_dop_operator_3.py
[2025-07-03T17:44:40.576+0000] {processor.py:830} INFO - Processing file /home/airflow/.local/lib/python3.8/site-packages/airflow/example_dags/example_branch_python_dop_operator_3.py for tasks to queue
[2025-07-03T17:44:40.579+0000] {logging_mixin.py:188} INFO - [2025-07-03T17:44:40.579+0000] {dagbag.py:538} INFO - Filling up the DagBag from /home/airflow/.local/lib/python3.8/site-packages/airflow/example_dags/example_branch_python_dop_operator_3.py
[2025-07-03T17:44:40.599+0000] {processor.py:840} INFO - DAG(s) 'example_branch_dop_operator_v3' retrieved from /home/airflow/.local/lib/python3.8/site-packages/airflow/example_dags/example_branch_python_dop_operator_3.py
[2025-07-03T17:44:40.654+0000] {logging_mixin.py:188} INFO - [2025-07-03T17:44:40.653+0000] {dag.py:3036} INFO - Sync 1 DAGs
[2025-07-03T17:44:40.720+0000] {logging_mixin.py:188} INFO - [2025-07-03T17:44:40.720+0000] {dag.py:3823} INFO - Setting next_dagrun for example_branch_dop_operator_v3 to 2025-07-03 17:43:00+00:00, run_after=2025-07-03 17:44:00+00:00
[2025-07-03T17:44:40.803+0000] {processor.py:183} INFO - Processing /home/airflow/.local/lib/python3.8/site-packages/airflow/example_dags/example_branch_python_dop_operator_3.py took 0.238 seconds
[2025-07-03T17:45:11.338+0000] {processor.py:161} INFO - Started process (PID=1405) to work on /home/airflow/.local/lib/python3.8/site-packages/airflow/example_dags/example_branch_python_dop_operator_3.py
[2025-07-03T17:45:11.339+0000] {processor.py:830} INFO - Processing file /home/airflow/.local/lib/python3.8/site-packages/airflow/example_dags/example_branch_python_dop_operator_3.py for tasks to queue
[2025-07-03T17:45:11.342+0000] {logging_mixin.py:188} INFO - [2025-07-03T17:45:11.342+0000] {dagbag.py:538} INFO - Filling up the DagBag from /home/airflow/.local/lib/python3.8/site-packages/airflow/example_dags/example_branch_python_dop_operator_3.py
[2025-07-03T17:45:11.369+0000] {processor.py:840} INFO - DAG(s) 'example_branch_dop_operator_v3' retrieved from /home/airflow/.local/lib/python3.8/site-packages/airflow/example_dags/example_branch_python_dop_operator_3.py
[2025-07-03T17:45:11.405+0000] {logging_mixin.py:188} INFO - [2025-07-03T17:45:11.405+0000] {dag.py:3036} INFO - Sync 1 DAGs
[2025-07-03T17:45:11.458+0000] {logging_mixin.py:188} INFO - [2025-07-03T17:45:11.458+0000] {dag.py:3823} INFO - Setting next_dagrun for example_branch_dop_operator_v3 to 2025-07-03 17:44:00+00:00, run_after=2025-07-03 17:45:00+00:00
[2025-07-03T17:45:11.490+0000] {processor.py:183} INFO - Processing /home/airflow/.local/lib/python3.8/site-packages/airflow/example_dags/example_branch_python_dop_operator_3.py took 0.158 seconds
[2025-07-03T17:45:41.807+0000] {processor.py:161} INFO - Started process (PID=1470) to work on /home/airflow/.local/lib/python3.8/site-packages/airflow/example_dags/example_branch_python_dop_operator_3.py
[2025-07-03T17:45:41.809+0000] {processor.py:830} INFO - Processing file /home/airflow/.local/lib/python3.8/site-packages/airflow/example_dags/example_branch_python_dop_operator_3.py for tasks to queue
[2025-07-03T17:45:41.811+0000] {logging_mixin.py:188} INFO - [2025-07-03T17:45:41.811+0000] {dagbag.py:538} INFO - Filling up the DagBag from /home/airflow/.local/lib/python3.8/site-packages/airflow/example_dags/example_branch_python_dop_operator_3.py
[2025-07-03T17:45:41.827+0000] {processor.py:840} INFO - DAG(s) 'example_branch_dop_operator_v3' retrieved from /home/airflow/.local/lib/python3.8/site-packages/airflow/example_dags/example_branch_python_dop_operator_3.py
[2025-07-03T17:45:41.859+0000] {logging_mixin.py:188} INFO - [2025-07-03T17:45:41.859+0000] {dag.py:3036} INFO - Sync 1 DAGs
[2025-07-03T17:45:41.914+0000] {logging_mixin.py:188} INFO - [2025-07-03T17:45:41.913+0000] {dag.py:3823} INFO - Setting next_dagrun for example_branch_dop_operator_v3 to 2025-07-03 17:44:00+00:00, run_after=2025-07-03 17:45:00+00:00
[2025-07-03T17:45:41.948+0000] {processor.py:183} INFO - Processing /home/airflow/.local/lib/python3.8/site-packages/airflow/example_dags/example_branch_python_dop_operator_3.py took 0.145 seconds
[2025-07-03T17:46:12.063+0000] {processor.py:161} INFO - Started process (PID=1536) to work on /home/airflow/.local/lib/python3.8/site-packages/airflow/example_dags/example_branch_python_dop_operator_3.py
[2025-07-03T17:46:12.064+0000] {processor.py:830} INFO - Processing file /home/airflow/.local/lib/python3.8/site-packages/airflow/example_dags/example_branch_python_dop_operator_3.py for tasks to queue
[2025-07-03T17:46:12.066+0000] {logging_mixin.py:188} INFO - [2025-07-03T17:46:12.066+0000] {dagbag.py:538} INFO - Filling up the DagBag from /home/airflow/.local/lib/python3.8/site-packages/airflow/example_dags/example_branch_python_dop_operator_3.py
[2025-07-03T17:46:12.078+0000] {processor.py:840} INFO - DAG(s) 'example_branch_dop_operator_v3' retrieved from /home/airflow/.local/lib/python3.8/site-packages/airflow/example_dags/example_branch_python_dop_operator_3.py
[2025-07-03T17:46:12.103+0000] {logging_mixin.py:188} INFO - [2025-07-03T17:46:12.103+0000] {dag.py:3036} INFO - Sync 1 DAGs
[2025-07-03T17:46:12.151+0000] {logging_mixin.py:188} INFO - [2025-07-03T17:46:12.151+0000] {dag.py:3823} INFO - Setting next_dagrun for example_branch_dop_operator_v3 to 2025-07-03 17:45:00+00:00, run_after=2025-07-03 17:46:00+00:00
[2025-07-03T17:46:12.184+0000] {processor.py:183} INFO - Processing /home/airflow/.local/lib/python3.8/site-packages/airflow/example_dags/example_branch_python_dop_operator_3.py took 0.124 seconds
[2025-07-03T17:46:42.246+0000] {processor.py:161} INFO - Started process (PID=1600) to work on /home/airflow/.local/lib/python3.8/site-packages/airflow/example_dags/example_branch_python_dop_operator_3.py
[2025-07-03T17:46:42.248+0000] {processor.py:830} INFO - Processing file /home/airflow/.local/lib/python3.8/site-packages/airflow/example_dags/example_branch_python_dop_operator_3.py for tasks to queue
[2025-07-03T17:46:42.251+0000] {logging_mixin.py:188} INFO - [2025-07-03T17:46:42.250+0000] {dagbag.py:538} INFO - Filling up the DagBag from /home/airflow/.local/lib/python3.8/site-packages/airflow/example_dags/example_branch_python_dop_operator_3.py
[2025-07-03T17:46:42.268+0000] {processor.py:840} INFO - DAG(s) 'example_branch_dop_operator_v3' retrieved from /home/airflow/.local/lib/python3.8/site-packages/airflow/example_dags/example_branch_python_dop_operator_3.py
[2025-07-03T17:46:42.295+0000] {logging_mixin.py:188} INFO - [2025-07-03T17:46:42.295+0000] {dag.py:3036} INFO - Sync 1 DAGs
[2025-07-03T17:46:42.340+0000] {logging_mixin.py:188} INFO - [2025-07-03T17:46:42.339+0000] {dag.py:3823} INFO - Setting next_dagrun for example_branch_dop_operator_v3 to 2025-07-03 17:45:00+00:00, run_after=2025-07-03 17:46:00+00:00
[2025-07-03T17:46:42.366+0000] {processor.py:183} INFO - Processing /home/airflow/.local/lib/python3.8/site-packages/airflow/example_dags/example_branch_python_dop_operator_3.py took 0.125 seconds
[2025-07-03T17:47:12.542+0000] {processor.py:161} INFO - Started process (PID=1664) to work on /home/airflow/.local/lib/python3.8/site-packages/airflow/example_dags/example_branch_python_dop_operator_3.py
[2025-07-03T17:47:12.543+0000] {processor.py:830} INFO - Processing file /home/airflow/.local/lib/python3.8/site-packages/airflow/example_dags/example_branch_python_dop_operator_3.py for tasks to queue
[2025-07-03T17:47:12.546+0000] {logging_mixin.py:188} INFO - [2025-07-03T17:47:12.546+0000] {dagbag.py:538} INFO - Filling up the DagBag from /home/airflow/.local/lib/python3.8/site-packages/airflow/example_dags/example_branch_python_dop_operator_3.py
[2025-07-03T17:47:12.569+0000] {processor.py:840} INFO - DAG(s) 'example_branch_dop_operator_v3' retrieved from /home/airflow/.local/lib/python3.8/site-packages/airflow/example_dags/example_branch_python_dop_operator_3.py
[2025-07-03T17:47:12.605+0000] {logging_mixin.py:188} INFO - [2025-07-03T17:47:12.605+0000] {dag.py:3036} INFO - Sync 1 DAGs
[2025-07-03T17:47:12.671+0000] {logging_mixin.py:188} INFO - [2025-07-03T17:47:12.671+0000] {dag.py:3823} INFO - Setting next_dagrun for example_branch_dop_operator_v3 to 2025-07-03 17:46:00+00:00, run_after=2025-07-03 17:47:00+00:00
[2025-07-03T17:47:12.697+0000] {processor.py:183} INFO - Processing /home/airflow/.local/lib/python3.8/site-packages/airflow/example_dags/example_branch_python_dop_operator_3.py took 0.159 seconds
[2025-07-03T17:47:42.723+0000] {processor.py:161} INFO - Started process (PID=1729) to work on /home/airflow/.local/lib/python3.8/site-packages/airflow/example_dags/example_branch_python_dop_operator_3.py
[2025-07-03T17:47:42.725+0000] {processor.py:830} INFO - Processing file /home/airflow/.local/lib/python3.8/site-packages/airflow/example_dags/example_branch_python_dop_operator_3.py for tasks to queue
[2025-07-03T17:47:42.727+0000] {logging_mixin.py:188} INFO - [2025-07-03T17:47:42.727+0000] {dagbag.py:538} INFO - Filling up the DagBag from /home/airflow/.local/lib/python3.8/site-packages/airflow/example_dags/example_branch_python_dop_operator_3.py
[2025-07-03T17:47:42.742+0000] {processor.py:840} INFO - DAG(s) 'example_branch_dop_operator_v3' retrieved from /home/airflow/.local/lib/python3.8/site-packages/airflow/example_dags/example_branch_python_dop_operator_3.py
[2025-07-03T17:47:42.775+0000] {logging_mixin.py:188} INFO - [2025-07-03T17:47:42.774+0000] {dag.py:3036} INFO - Sync 1 DAGs
[2025-07-03T17:47:42.829+0000] {logging_mixin.py:188} INFO - [2025-07-03T17:47:42.828+0000] {dag.py:3823} INFO - Setting next_dagrun for example_branch_dop_operator_v3 to 2025-07-03 17:46:00+00:00, run_after=2025-07-03 17:47:00+00:00
[2025-07-03T17:47:42.858+0000] {processor.py:183} INFO - Processing /home/airflow/.local/lib/python3.8/site-packages/airflow/example_dags/example_branch_python_dop_operator_3.py took 0.140 seconds
[2025-07-03T17:48:13.190+0000] {processor.py:161} INFO - Started process (PID=1794) to work on /home/airflow/.local/lib/python3.8/site-packages/airflow/example_dags/example_branch_python_dop_operator_3.py
[2025-07-03T17:48:13.191+0000] {processor.py:830} INFO - Processing file /home/airflow/.local/lib/python3.8/site-packages/airflow/example_dags/example_branch_python_dop_operator_3.py for tasks to queue
[2025-07-03T17:48:13.193+0000] {logging_mixin.py:188} INFO - [2025-07-03T17:48:13.193+0000] {dagbag.py:538} INFO - Filling up the DagBag from /home/airflow/.local/lib/python3.8/site-packages/airflow/example_dags/example_branch_python_dop_operator_3.py
[2025-07-03T17:48:13.230+0000] {processor.py:840} INFO - DAG(s) 'example_branch_dop_operator_v3' retrieved from /home/airflow/.local/lib/python3.8/site-packages/airflow/example_dags/example_branch_python_dop_operator_3.py
[2025-07-03T17:48:13.284+0000] {logging_mixin.py:188} INFO - [2025-07-03T17:48:13.283+0000] {dag.py:3036} INFO - Sync 1 DAGs
[2025-07-03T17:48:13.390+0000] {logging_mixin.py:188} INFO - [2025-07-03T17:48:13.389+0000] {dag.py:3823} INFO - Setting next_dagrun for example_branch_dop_operator_v3 to 2025-07-03 17:47:00+00:00, run_after=2025-07-03 17:48:00+00:00
[2025-07-03T17:48:13.495+0000] {processor.py:183} INFO - Processing /home/airflow/.local/lib/python3.8/site-packages/airflow/example_dags/example_branch_python_dop_operator_3.py took 0.317 seconds
[2025-07-03T17:48:44.114+0000] {processor.py:161} INFO - Started process (PID=1859) to work on /home/airflow/.local/lib/python3.8/site-packages/airflow/example_dags/example_branch_python_dop_operator_3.py
[2025-07-03T17:48:44.127+0000] {processor.py:830} INFO - Processing file /home/airflow/.local/lib/python3.8/site-packages/airflow/example_dags/example_branch_python_dop_operator_3.py for tasks to queue
[2025-07-03T17:48:44.132+0000] {logging_mixin.py:188} INFO - [2025-07-03T17:48:44.131+0000] {dagbag.py:538} INFO - Filling up the DagBag from /home/airflow/.local/lib/python3.8/site-packages/airflow/example_dags/example_branch_python_dop_operator_3.py
[2025-07-03T17:48:44.156+0000] {processor.py:840} INFO - DAG(s) 'example_branch_dop_operator_v3' retrieved from /home/airflow/.local/lib/python3.8/site-packages/airflow/example_dags/example_branch_python_dop_operator_3.py
[2025-07-03T17:48:44.214+0000] {logging_mixin.py:188} INFO - [2025-07-03T17:48:44.213+0000] {dag.py:3036} INFO - Sync 1 DAGs
[2025-07-03T17:48:44.271+0000] {logging_mixin.py:188} INFO - [2025-07-03T17:48:44.270+0000] {dag.py:3823} INFO - Setting next_dagrun for example_branch_dop_operator_v3 to 2025-07-03 17:47:00+00:00, run_after=2025-07-03 17:48:00+00:00
[2025-07-03T17:48:44.330+0000] {processor.py:183} INFO - Processing /home/airflow/.local/lib/python3.8/site-packages/airflow/example_dags/example_branch_python_dop_operator_3.py took 0.229 seconds
[2025-07-03T17:49:15.027+0000] {processor.py:161} INFO - Started process (PID=1925) to work on /home/airflow/.local/lib/python3.8/site-packages/airflow/example_dags/example_branch_python_dop_operator_3.py
[2025-07-03T17:49:15.037+0000] {processor.py:830} INFO - Processing file /home/airflow/.local/lib/python3.8/site-packages/airflow/example_dags/example_branch_python_dop_operator_3.py for tasks to queue
[2025-07-03T17:49:15.041+0000] {logging_mixin.py:188} INFO - [2025-07-03T17:49:15.041+0000] {dagbag.py:538} INFO - Filling up the DagBag from /home/airflow/.local/lib/python3.8/site-packages/airflow/example_dags/example_branch_python_dop_operator_3.py
[2025-07-03T17:49:15.119+0000] {processor.py:840} INFO - DAG(s) 'example_branch_dop_operator_v3' retrieved from /home/airflow/.local/lib/python3.8/site-packages/airflow/example_dags/example_branch_python_dop_operator_3.py
[2025-07-03T17:49:15.189+0000] {logging_mixin.py:188} INFO - [2025-07-03T17:49:15.188+0000] {dag.py:3036} INFO - Sync 1 DAGs
[2025-07-03T17:49:15.300+0000] {logging_mixin.py:188} INFO - [2025-07-03T17:49:15.299+0000] {dag.py:3823} INFO - Setting next_dagrun for example_branch_dop_operator_v3 to 2025-07-03 17:48:00+00:00, run_after=2025-07-03 17:49:00+00:00
[2025-07-03T17:49:15.381+0000] {processor.py:183} INFO - Processing /home/airflow/.local/lib/python3.8/site-packages/airflow/example_dags/example_branch_python_dop_operator_3.py took 0.364 seconds
[2025-07-03T17:49:45.825+0000] {processor.py:161} INFO - Started process (PID=1990) to work on /home/airflow/.local/lib/python3.8/site-packages/airflow/example_dags/example_branch_python_dop_operator_3.py
[2025-07-03T17:49:45.827+0000] {processor.py:830} INFO - Processing file /home/airflow/.local/lib/python3.8/site-packages/airflow/example_dags/example_branch_python_dop_operator_3.py for tasks to queue
[2025-07-03T17:49:45.830+0000] {logging_mixin.py:188} INFO - [2025-07-03T17:49:45.830+0000] {dagbag.py:538} INFO - Filling up the DagBag from /home/airflow/.local/lib/python3.8/site-packages/airflow/example_dags/example_branch_python_dop_operator_3.py
[2025-07-03T17:49:45.849+0000] {processor.py:840} INFO - DAG(s) 'example_branch_dop_operator_v3' retrieved from /home/airflow/.local/lib/python3.8/site-packages/airflow/example_dags/example_branch_python_dop_operator_3.py
[2025-07-03T17:49:45.883+0000] {logging_mixin.py:188} INFO - [2025-07-03T17:49:45.882+0000] {dag.py:3036} INFO - Sync 1 DAGs
[2025-07-03T17:49:45.937+0000] {logging_mixin.py:188} INFO - [2025-07-03T17:49:45.936+0000] {dag.py:3823} INFO - Setting next_dagrun for example_branch_dop_operator_v3 to 2025-07-03 17:48:00+00:00, run_after=2025-07-03 17:49:00+00:00
[2025-07-03T17:49:45.970+0000] {processor.py:183} INFO - Processing /home/airflow/.local/lib/python3.8/site-packages/airflow/example_dags/example_branch_python_dop_operator_3.py took 0.150 seconds
[2025-07-03T17:50:16.558+0000] {processor.py:161} INFO - Started process (PID=2064) to work on /home/airflow/.local/lib/python3.8/site-packages/airflow/example_dags/example_branch_python_dop_operator_3.py
[2025-07-03T17:50:16.563+0000] {processor.py:830} INFO - Processing file /home/airflow/.local/lib/python3.8/site-packages/airflow/example_dags/example_branch_python_dop_operator_3.py for tasks to queue
[2025-07-03T17:50:16.573+0000] {logging_mixin.py:188} INFO - [2025-07-03T17:50:16.572+0000] {dagbag.py:538} INFO - Filling up the DagBag from /home/airflow/.local/lib/python3.8/site-packages/airflow/example_dags/example_branch_python_dop_operator_3.py
[2025-07-03T17:50:16.601+0000] {processor.py:840} INFO - DAG(s) 'example_branch_dop_operator_v3' retrieved from /home/airflow/.local/lib/python3.8/site-packages/airflow/example_dags/example_branch_python_dop_operator_3.py
[2025-07-03T17:50:16.656+0000] {logging_mixin.py:188} INFO - [2025-07-03T17:50:16.656+0000] {dag.py:3036} INFO - Sync 1 DAGs
[2025-07-03T17:50:16.724+0000] {logging_mixin.py:188} INFO - [2025-07-03T17:50:16.723+0000] {dag.py:3823} INFO - Setting next_dagrun for example_branch_dop_operator_v3 to 2025-07-03 17:49:00+00:00, run_after=2025-07-03 17:50:00+00:00
[2025-07-03T17:50:16.795+0000] {processor.py:183} INFO - Processing /home/airflow/.local/lib/python3.8/site-packages/airflow/example_dags/example_branch_python_dop_operator_3.py took 0.251 seconds
[2025-07-03T17:50:46.955+0000] {processor.py:161} INFO - Started process (PID=2130) to work on /home/airflow/.local/lib/python3.8/site-packages/airflow/example_dags/example_branch_python_dop_operator_3.py
[2025-07-03T17:50:46.957+0000] {processor.py:830} INFO - Processing file /home/airflow/.local/lib/python3.8/site-packages/airflow/example_dags/example_branch_python_dop_operator_3.py for tasks to queue
[2025-07-03T17:50:46.960+0000] {logging_mixin.py:188} INFO - [2025-07-03T17:50:46.959+0000] {dagbag.py:538} INFO - Filling up the DagBag from /home/airflow/.local/lib/python3.8/site-packages/airflow/example_dags/example_branch_python_dop_operator_3.py
[2025-07-03T17:50:46.975+0000] {processor.py:840} INFO - DAG(s) 'example_branch_dop_operator_v3' retrieved from /home/airflow/.local/lib/python3.8/site-packages/airflow/example_dags/example_branch_python_dop_operator_3.py
[2025-07-03T17:50:47.008+0000] {logging_mixin.py:188} INFO - [2025-07-03T17:50:47.007+0000] {dag.py:3036} INFO - Sync 1 DAGs
[2025-07-03T17:50:47.060+0000] {logging_mixin.py:188} INFO - [2025-07-03T17:50:47.059+0000] {dag.py:3823} INFO - Setting next_dagrun for example_branch_dop_operator_v3 to 2025-07-03 17:49:00+00:00, run_after=2025-07-03 17:50:00+00:00
[2025-07-03T17:50:47.090+0000] {processor.py:183} INFO - Processing /home/airflow/.local/lib/python3.8/site-packages/airflow/example_dags/example_branch_python_dop_operator_3.py took 0.140 seconds
[2025-07-03T17:51:17.259+0000] {processor.py:161} INFO - Started process (PID=2195) to work on /home/airflow/.local/lib/python3.8/site-packages/airflow/example_dags/example_branch_python_dop_operator_3.py
[2025-07-03T17:51:17.266+0000] {processor.py:830} INFO - Processing file /home/airflow/.local/lib/python3.8/site-packages/airflow/example_dags/example_branch_python_dop_operator_3.py for tasks to queue
[2025-07-03T17:51:17.282+0000] {logging_mixin.py:188} INFO - [2025-07-03T17:51:17.268+0000] {dagbag.py:538} INFO - Filling up the DagBag from /home/airflow/.local/lib/python3.8/site-packages/airflow/example_dags/example_branch_python_dop_operator_3.py
[2025-07-03T17:51:17.361+0000] {processor.py:840} INFO - DAG(s) 'example_branch_dop_operator_v3' retrieved from /home/airflow/.local/lib/python3.8/site-packages/airflow/example_dags/example_branch_python_dop_operator_3.py
[2025-07-03T17:51:17.500+0000] {logging_mixin.py:188} INFO - [2025-07-03T17:51:17.500+0000] {dag.py:3036} INFO - Sync 1 DAGs
[2025-07-03T17:51:17.581+0000] {logging_mixin.py:188} INFO - [2025-07-03T17:51:17.581+0000] {dag.py:3823} INFO - Setting next_dagrun for example_branch_dop_operator_v3 to 2025-07-03 17:50:00+00:00, run_after=2025-07-03 17:51:00+00:00
[2025-07-03T17:51:17.618+0000] {processor.py:183} INFO - Processing /home/airflow/.local/lib/python3.8/site-packages/airflow/example_dags/example_branch_python_dop_operator_3.py took 0.375 seconds
[2025-07-03T17:51:48.011+0000] {processor.py:161} INFO - Started process (PID=2259) to work on /home/airflow/.local/lib/python3.8/site-packages/airflow/example_dags/example_branch_python_dop_operator_3.py
[2025-07-03T17:51:48.021+0000] {processor.py:830} INFO - Processing file /home/airflow/.local/lib/python3.8/site-packages/airflow/example_dags/example_branch_python_dop_operator_3.py for tasks to queue
[2025-07-03T17:51:48.023+0000] {logging_mixin.py:188} INFO - [2025-07-03T17:51:48.023+0000] {dagbag.py:538} INFO - Filling up the DagBag from /home/airflow/.local/lib/python3.8/site-packages/airflow/example_dags/example_branch_python_dop_operator_3.py
[2025-07-03T17:51:48.052+0000] {processor.py:840} INFO - DAG(s) 'example_branch_dop_operator_v3' retrieved from /home/airflow/.local/lib/python3.8/site-packages/airflow/example_dags/example_branch_python_dop_operator_3.py
[2025-07-03T17:51:48.118+0000] {logging_mixin.py:188} INFO - [2025-07-03T17:51:48.117+0000] {dag.py:3036} INFO - Sync 1 DAGs
[2025-07-03T17:51:48.214+0000] {logging_mixin.py:188} INFO - [2025-07-03T17:51:48.213+0000] {dag.py:3823} INFO - Setting next_dagrun for example_branch_dop_operator_v3 to 2025-07-03 17:50:00+00:00, run_after=2025-07-03 17:51:00+00:00
[2025-07-03T17:51:48.283+0000] {processor.py:183} INFO - Processing /home/airflow/.local/lib/python3.8/site-packages/airflow/example_dags/example_branch_python_dop_operator_3.py took 0.277 seconds
[2025-07-03T17:52:18.951+0000] {processor.py:161} INFO - Started process (PID=2325) to work on /home/airflow/.local/lib/python3.8/site-packages/airflow/example_dags/example_branch_python_dop_operator_3.py
[2025-07-03T17:52:18.953+0000] {processor.py:830} INFO - Processing file /home/airflow/.local/lib/python3.8/site-packages/airflow/example_dags/example_branch_python_dop_operator_3.py for tasks to queue
[2025-07-03T17:52:18.956+0000] {logging_mixin.py:188} INFO - [2025-07-03T17:52:18.955+0000] {dagbag.py:538} INFO - Filling up the DagBag from /home/airflow/.local/lib/python3.8/site-packages/airflow/example_dags/example_branch_python_dop_operator_3.py
[2025-07-03T17:52:18.992+0000] {processor.py:840} INFO - DAG(s) 'example_branch_dop_operator_v3' retrieved from /home/airflow/.local/lib/python3.8/site-packages/airflow/example_dags/example_branch_python_dop_operator_3.py
[2025-07-03T17:52:19.086+0000] {logging_mixin.py:188} INFO - [2025-07-03T17:52:19.085+0000] {dag.py:3036} INFO - Sync 1 DAGs
[2025-07-03T17:52:19.213+0000] {logging_mixin.py:188} INFO - [2025-07-03T17:52:19.213+0000] {dag.py:3823} INFO - Setting next_dagrun for example_branch_dop_operator_v3 to 2025-07-03 17:51:00+00:00, run_after=2025-07-03 17:52:00+00:00
[2025-07-03T17:52:19.323+0000] {processor.py:183} INFO - Processing /home/airflow/.local/lib/python3.8/site-packages/airflow/example_dags/example_branch_python_dop_operator_3.py took 0.385 seconds
[2025-07-03T17:52:49.599+0000] {processor.py:161} INFO - Started process (PID=2390) to work on /home/airflow/.local/lib/python3.8/site-packages/airflow/example_dags/example_branch_python_dop_operator_3.py
[2025-07-03T17:52:49.620+0000] {processor.py:830} INFO - Processing file /home/airflow/.local/lib/python3.8/site-packages/airflow/example_dags/example_branch_python_dop_operator_3.py for tasks to queue
[2025-07-03T17:52:49.623+0000] {logging_mixin.py:188} INFO - [2025-07-03T17:52:49.622+0000] {dagbag.py:538} INFO - Filling up the DagBag from /home/airflow/.local/lib/python3.8/site-packages/airflow/example_dags/example_branch_python_dop_operator_3.py
[2025-07-03T17:52:49.675+0000] {processor.py:840} INFO - DAG(s) 'example_branch_dop_operator_v3' retrieved from /home/airflow/.local/lib/python3.8/site-packages/airflow/example_dags/example_branch_python_dop_operator_3.py
[2025-07-03T17:52:49.790+0000] {logging_mixin.py:188} INFO - [2025-07-03T17:52:49.789+0000] {dag.py:3036} INFO - Sync 1 DAGs
[2025-07-03T17:52:49.938+0000] {logging_mixin.py:188} INFO - [2025-07-03T17:52:49.937+0000] {dag.py:3823} INFO - Setting next_dagrun for example_branch_dop_operator_v3 to 2025-07-03 17:51:00+00:00, run_after=2025-07-03 17:52:00+00:00
[2025-07-03T17:52:50.023+0000] {processor.py:183} INFO - Processing /home/airflow/.local/lib/python3.8/site-packages/airflow/example_dags/example_branch_python_dop_operator_3.py took 0.429 seconds
[2025-07-03T17:53:20.383+0000] {processor.py:161} INFO - Started process (PID=2446) to work on /home/airflow/.local/lib/python3.8/site-packages/airflow/example_dags/example_branch_python_dop_operator_3.py
[2025-07-03T17:53:20.384+0000] {processor.py:830} INFO - Processing file /home/airflow/.local/lib/python3.8/site-packages/airflow/example_dags/example_branch_python_dop_operator_3.py for tasks to queue
[2025-07-03T17:53:20.387+0000] {logging_mixin.py:188} INFO - [2025-07-03T17:53:20.386+0000] {dagbag.py:538} INFO - Filling up the DagBag from /home/airflow/.local/lib/python3.8/site-packages/airflow/example_dags/example_branch_python_dop_operator_3.py
[2025-07-03T17:53:20.414+0000] {processor.py:840} INFO - DAG(s) 'example_branch_dop_operator_v3' retrieved from /home/airflow/.local/lib/python3.8/site-packages/airflow/example_dags/example_branch_python_dop_operator_3.py
[2025-07-03T17:53:20.448+0000] {logging_mixin.py:188} INFO - [2025-07-03T17:53:20.447+0000] {dag.py:3036} INFO - Sync 1 DAGs
[2025-07-03T17:53:20.509+0000] {logging_mixin.py:188} INFO - [2025-07-03T17:53:20.509+0000] {dag.py:3823} INFO - Setting next_dagrun for example_branch_dop_operator_v3 to 2025-07-03 17:52:00+00:00, run_after=2025-07-03 17:53:00+00:00
[2025-07-03T17:53:20.539+0000] {processor.py:183} INFO - Processing /home/airflow/.local/lib/python3.8/site-packages/airflow/example_dags/example_branch_python_dop_operator_3.py took 0.161 seconds
[2025-07-03T17:53:50.687+0000] {processor.py:161} INFO - Started process (PID=2513) to work on /home/airflow/.local/lib/python3.8/site-packages/airflow/example_dags/example_branch_python_dop_operator_3.py
[2025-07-03T17:53:50.689+0000] {processor.py:830} INFO - Processing file /home/airflow/.local/lib/python3.8/site-packages/airflow/example_dags/example_branch_python_dop_operator_3.py for tasks to queue
[2025-07-03T17:53:50.692+0000] {logging_mixin.py:188} INFO - [2025-07-03T17:53:50.692+0000] {dagbag.py:538} INFO - Filling up the DagBag from /home/airflow/.local/lib/python3.8/site-packages/airflow/example_dags/example_branch_python_dop_operator_3.py
[2025-07-03T17:53:50.709+0000] {processor.py:840} INFO - DAG(s) 'example_branch_dop_operator_v3' retrieved from /home/airflow/.local/lib/python3.8/site-packages/airflow/example_dags/example_branch_python_dop_operator_3.py
[2025-07-03T17:53:50.744+0000] {logging_mixin.py:188} INFO - [2025-07-03T17:53:50.743+0000] {dag.py:3036} INFO - Sync 1 DAGs
[2025-07-03T17:53:50.801+0000] {logging_mixin.py:188} INFO - [2025-07-03T17:53:50.801+0000] {dag.py:3823} INFO - Setting next_dagrun for example_branch_dop_operator_v3 to 2025-07-03 17:52:00+00:00, run_after=2025-07-03 17:53:00+00:00
[2025-07-03T17:53:50.837+0000] {processor.py:183} INFO - Processing /home/airflow/.local/lib/python3.8/site-packages/airflow/example_dags/example_branch_python_dop_operator_3.py took 0.156 seconds
[2025-07-03T17:54:21.172+0000] {processor.py:161} INFO - Started process (PID=2577) to work on /home/airflow/.local/lib/python3.8/site-packages/airflow/example_dags/example_branch_python_dop_operator_3.py
[2025-07-03T17:54:21.181+0000] {processor.py:830} INFO - Processing file /home/airflow/.local/lib/python3.8/site-packages/airflow/example_dags/example_branch_python_dop_operator_3.py for tasks to queue
[2025-07-03T17:54:21.188+0000] {logging_mixin.py:188} INFO - [2025-07-03T17:54:21.187+0000] {dagbag.py:538} INFO - Filling up the DagBag from /home/airflow/.local/lib/python3.8/site-packages/airflow/example_dags/example_branch_python_dop_operator_3.py
[2025-07-03T17:54:21.222+0000] {processor.py:840} INFO - DAG(s) 'example_branch_dop_operator_v3' retrieved from /home/airflow/.local/lib/python3.8/site-packages/airflow/example_dags/example_branch_python_dop_operator_3.py
[2025-07-03T17:54:21.291+0000] {logging_mixin.py:188} INFO - [2025-07-03T17:54:21.290+0000] {dag.py:3036} INFO - Sync 1 DAGs
[2025-07-03T17:54:21.408+0000] {logging_mixin.py:188} INFO - [2025-07-03T17:54:21.408+0000] {dag.py:3823} INFO - Setting next_dagrun for example_branch_dop_operator_v3 to 2025-07-03 17:53:00+00:00, run_after=2025-07-03 17:54:00+00:00
[2025-07-03T17:54:21.501+0000] {processor.py:183} INFO - Processing /home/airflow/.local/lib/python3.8/site-packages/airflow/example_dags/example_branch_python_dop_operator_3.py took 0.334 seconds
[2025-07-03T17:54:52.249+0000] {processor.py:161} INFO - Started process (PID=2641) to work on /home/airflow/.local/lib/python3.8/site-packages/airflow/example_dags/example_branch_python_dop_operator_3.py
[2025-07-03T17:54:52.257+0000] {processor.py:830} INFO - Processing file /home/airflow/.local/lib/python3.8/site-packages/airflow/example_dags/example_branch_python_dop_operator_3.py for tasks to queue
[2025-07-03T17:54:52.260+0000] {logging_mixin.py:188} INFO - [2025-07-03T17:54:52.260+0000] {dagbag.py:538} INFO - Filling up the DagBag from /home/airflow/.local/lib/python3.8/site-packages/airflow/example_dags/example_branch_python_dop_operator_3.py
[2025-07-03T17:54:52.290+0000] {processor.py:840} INFO - DAG(s) 'example_branch_dop_operator_v3' retrieved from /home/airflow/.local/lib/python3.8/site-packages/airflow/example_dags/example_branch_python_dop_operator_3.py
[2025-07-03T17:54:52.334+0000] {logging_mixin.py:188} INFO - [2025-07-03T17:54:52.333+0000] {dag.py:3036} INFO - Sync 1 DAGs
[2025-07-03T17:54:52.455+0000] {logging_mixin.py:188} INFO - [2025-07-03T17:54:52.454+0000] {dag.py:3823} INFO - Setting next_dagrun for example_branch_dop_operator_v3 to 2025-07-03 17:53:00+00:00, run_after=2025-07-03 17:54:00+00:00
[2025-07-03T17:54:52.537+0000] {processor.py:183} INFO - Processing /home/airflow/.local/lib/python3.8/site-packages/airflow/example_dags/example_branch_python_dop_operator_3.py took 0.297 seconds
[2025-07-03T17:55:22.996+0000] {processor.py:161} INFO - Started process (PID=2706) to work on /home/airflow/.local/lib/python3.8/site-packages/airflow/example_dags/example_branch_python_dop_operator_3.py
[2025-07-03T17:55:22.997+0000] {processor.py:830} INFO - Processing file /home/airflow/.local/lib/python3.8/site-packages/airflow/example_dags/example_branch_python_dop_operator_3.py for tasks to queue
[2025-07-03T17:55:23.000+0000] {logging_mixin.py:188} INFO - [2025-07-03T17:55:22.999+0000] {dagbag.py:538} INFO - Filling up the DagBag from /home/airflow/.local/lib/python3.8/site-packages/airflow/example_dags/example_branch_python_dop_operator_3.py
[2025-07-03T17:55:23.016+0000] {processor.py:840} INFO - DAG(s) 'example_branch_dop_operator_v3' retrieved from /home/airflow/.local/lib/python3.8/site-packages/airflow/example_dags/example_branch_python_dop_operator_3.py
[2025-07-03T17:55:23.050+0000] {logging_mixin.py:188} INFO - [2025-07-03T17:55:23.049+0000] {dag.py:3036} INFO - Sync 1 DAGs
[2025-07-03T17:55:23.103+0000] {logging_mixin.py:188} INFO - [2025-07-03T17:55:23.103+0000] {dag.py:3823} INFO - Setting next_dagrun for example_branch_dop_operator_v3 to 2025-07-03 17:54:00+00:00, run_after=2025-07-03 17:55:00+00:00
[2025-07-03T17:55:23.140+0000] {processor.py:183} INFO - Processing /home/airflow/.local/lib/python3.8/site-packages/airflow/example_dags/example_branch_python_dop_operator_3.py took 0.149 seconds
[2025-07-03T17:55:53.281+0000] {processor.py:161} INFO - Started process (PID=2779) to work on /home/airflow/.local/lib/python3.8/site-packages/airflow/example_dags/example_branch_python_dop_operator_3.py
[2025-07-03T17:55:53.287+0000] {processor.py:830} INFO - Processing file /home/airflow/.local/lib/python3.8/site-packages/airflow/example_dags/example_branch_python_dop_operator_3.py for tasks to queue
[2025-07-03T17:55:53.291+0000] {logging_mixin.py:188} INFO - [2025-07-03T17:55:53.291+0000] {dagbag.py:538} INFO - Filling up the DagBag from /home/airflow/.local/lib/python3.8/site-packages/airflow/example_dags/example_branch_python_dop_operator_3.py
[2025-07-03T17:55:53.331+0000] {processor.py:840} INFO - DAG(s) 'example_branch_dop_operator_v3' retrieved from /home/airflow/.local/lib/python3.8/site-packages/airflow/example_dags/example_branch_python_dop_operator_3.py
[2025-07-03T17:55:53.402+0000] {logging_mixin.py:188} INFO - [2025-07-03T17:55:53.401+0000] {dag.py:3036} INFO - Sync 1 DAGs
[2025-07-03T17:55:53.480+0000] {logging_mixin.py:188} INFO - [2025-07-03T17:55:53.479+0000] {dag.py:3823} INFO - Setting next_dagrun for example_branch_dop_operator_v3 to 2025-07-03 17:54:00+00:00, run_after=2025-07-03 17:55:00+00:00
[2025-07-03T17:55:53.543+0000] {processor.py:183} INFO - Processing /home/airflow/.local/lib/python3.8/site-packages/airflow/example_dags/example_branch_python_dop_operator_3.py took 0.274 seconds
[2025-07-03T17:56:23.864+0000] {processor.py:161} INFO - Started process (PID=2844) to work on /home/airflow/.local/lib/python3.8/site-packages/airflow/example_dags/example_branch_python_dop_operator_3.py
[2025-07-03T17:56:23.877+0000] {processor.py:830} INFO - Processing file /home/airflow/.local/lib/python3.8/site-packages/airflow/example_dags/example_branch_python_dop_operator_3.py for tasks to queue
[2025-07-03T17:56:23.880+0000] {logging_mixin.py:188} INFO - [2025-07-03T17:56:23.879+0000] {dagbag.py:538} INFO - Filling up the DagBag from /home/airflow/.local/lib/python3.8/site-packages/airflow/example_dags/example_branch_python_dop_operator_3.py
[2025-07-03T17:56:23.904+0000] {processor.py:840} INFO - DAG(s) 'example_branch_dop_operator_v3' retrieved from /home/airflow/.local/lib/python3.8/site-packages/airflow/example_dags/example_branch_python_dop_operator_3.py
[2025-07-03T17:56:23.958+0000] {logging_mixin.py:188} INFO - [2025-07-03T17:56:23.957+0000] {dag.py:3036} INFO - Sync 1 DAGs
[2025-07-03T17:56:24.066+0000] {logging_mixin.py:188} INFO - [2025-07-03T17:56:24.066+0000] {dag.py:3823} INFO - Setting next_dagrun for example_branch_dop_operator_v3 to 2025-07-03 17:55:00+00:00, run_after=2025-07-03 17:56:00+00:00
[2025-07-03T17:56:24.143+0000] {processor.py:183} INFO - Processing /home/airflow/.local/lib/python3.8/site-packages/airflow/example_dags/example_branch_python_dop_operator_3.py took 0.284 seconds
[2025-07-03T17:56:54.528+0000] {processor.py:161} INFO - Started process (PID=2901) to work on /home/airflow/.local/lib/python3.8/site-packages/airflow/example_dags/example_branch_python_dop_operator_3.py
[2025-07-03T17:56:54.536+0000] {processor.py:830} INFO - Processing file /home/airflow/.local/lib/python3.8/site-packages/airflow/example_dags/example_branch_python_dop_operator_3.py for tasks to queue
[2025-07-03T17:56:54.540+0000] {logging_mixin.py:188} INFO - [2025-07-03T17:56:54.540+0000] {dagbag.py:538} INFO - Filling up the DagBag from /home/airflow/.local/lib/python3.8/site-packages/airflow/example_dags/example_branch_python_dop_operator_3.py
[2025-07-03T17:56:54.577+0000] {processor.py:840} INFO - DAG(s) 'example_branch_dop_operator_v3' retrieved from /home/airflow/.local/lib/python3.8/site-packages/airflow/example_dags/example_branch_python_dop_operator_3.py
[2025-07-03T17:56:54.647+0000] {logging_mixin.py:188} INFO - [2025-07-03T17:56:54.647+0000] {dag.py:3036} INFO - Sync 1 DAGs
[2025-07-03T17:56:54.796+0000] {logging_mixin.py:188} INFO - [2025-07-03T17:56:54.795+0000] {dag.py:3823} INFO - Setting next_dagrun for example_branch_dop_operator_v3 to 2025-07-03 17:55:00+00:00, run_after=2025-07-03 17:56:00+00:00
[2025-07-03T17:56:54.879+0000] {processor.py:183} INFO - Processing /home/airflow/.local/lib/python3.8/site-packages/airflow/example_dags/example_branch_python_dop_operator_3.py took 0.364 seconds
[2025-07-03T17:57:25.424+0000] {processor.py:161} INFO - Started process (PID=2963) to work on /home/airflow/.local/lib/python3.8/site-packages/airflow/example_dags/example_branch_python_dop_operator_3.py
[2025-07-03T17:57:25.437+0000] {processor.py:830} INFO - Processing file /home/airflow/.local/lib/python3.8/site-packages/airflow/example_dags/example_branch_python_dop_operator_3.py for tasks to queue
[2025-07-03T17:57:25.442+0000] {logging_mixin.py:188} INFO - [2025-07-03T17:57:25.441+0000] {dagbag.py:538} INFO - Filling up the DagBag from /home/airflow/.local/lib/python3.8/site-packages/airflow/example_dags/example_branch_python_dop_operator_3.py
[2025-07-03T17:57:25.508+0000] {processor.py:840} INFO - DAG(s) 'example_branch_dop_operator_v3' retrieved from /home/airflow/.local/lib/python3.8/site-packages/airflow/example_dags/example_branch_python_dop_operator_3.py
[2025-07-03T17:57:25.630+0000] {logging_mixin.py:188} INFO - [2025-07-03T17:57:25.629+0000] {dag.py:3036} INFO - Sync 1 DAGs
[2025-07-03T17:57:25.858+0000] {logging_mixin.py:188} INFO - [2025-07-03T17:57:25.858+0000] {dag.py:3823} INFO - Setting next_dagrun for example_branch_dop_operator_v3 to 2025-07-03 17:56:00+00:00, run_after=2025-07-03 17:57:00+00:00
[2025-07-03T17:57:26.021+0000] {processor.py:183} INFO - Processing /home/airflow/.local/lib/python3.8/site-packages/airflow/example_dags/example_branch_python_dop_operator_3.py took 0.614 seconds
[2025-07-03T17:57:56.142+0000] {processor.py:161} INFO - Started process (PID=3020) to work on /home/airflow/.local/lib/python3.8/site-packages/airflow/example_dags/example_branch_python_dop_operator_3.py
[2025-07-03T17:57:56.143+0000] {processor.py:830} INFO - Processing file /home/airflow/.local/lib/python3.8/site-packages/airflow/example_dags/example_branch_python_dop_operator_3.py for tasks to queue
[2025-07-03T17:57:56.145+0000] {logging_mixin.py:188} INFO - [2025-07-03T17:57:56.145+0000] {dagbag.py:538} INFO - Filling up the DagBag from /home/airflow/.local/lib/python3.8/site-packages/airflow/example_dags/example_branch_python_dop_operator_3.py
[2025-07-03T17:57:56.173+0000] {processor.py:840} INFO - DAG(s) 'example_branch_dop_operator_v3' retrieved from /home/airflow/.local/lib/python3.8/site-packages/airflow/example_dags/example_branch_python_dop_operator_3.py
[2025-07-03T17:57:56.246+0000] {logging_mixin.py:188} INFO - [2025-07-03T17:57:56.245+0000] {dag.py:3036} INFO - Sync 1 DAGs
[2025-07-03T17:57:56.345+0000] {logging_mixin.py:188} INFO - [2025-07-03T17:57:56.344+0000] {dag.py:3823} INFO - Setting next_dagrun for example_branch_dop_operator_v3 to 2025-07-03 17:56:00+00:00, run_after=2025-07-03 17:57:00+00:00
[2025-07-03T17:57:56.397+0000] {processor.py:183} INFO - Processing /home/airflow/.local/lib/python3.8/site-packages/airflow/example_dags/example_branch_python_dop_operator_3.py took 0.268 seconds
[2025-07-03T17:58:27.379+0000] {processor.py:161} INFO - Started process (PID=3086) to work on /home/airflow/.local/lib/python3.8/site-packages/airflow/example_dags/example_branch_python_dop_operator_3.py
[2025-07-03T17:58:27.389+0000] {processor.py:830} INFO - Processing file /home/airflow/.local/lib/python3.8/site-packages/airflow/example_dags/example_branch_python_dop_operator_3.py for tasks to queue
[2025-07-03T17:58:27.392+0000] {logging_mixin.py:188} INFO - [2025-07-03T17:58:27.392+0000] {dagbag.py:538} INFO - Filling up the DagBag from /home/airflow/.local/lib/python3.8/site-packages/airflow/example_dags/example_branch_python_dop_operator_3.py
[2025-07-03T17:58:27.423+0000] {processor.py:840} INFO - DAG(s) 'example_branch_dop_operator_v3' retrieved from /home/airflow/.local/lib/python3.8/site-packages/airflow/example_dags/example_branch_python_dop_operator_3.py
[2025-07-03T17:58:27.582+0000] {logging_mixin.py:188} INFO - [2025-07-03T17:58:27.581+0000] {dag.py:3036} INFO - Sync 1 DAGs
[2025-07-03T17:58:27.734+0000] {logging_mixin.py:188} INFO - [2025-07-03T17:58:27.734+0000] {dag.py:3823} INFO - Setting next_dagrun for example_branch_dop_operator_v3 to 2025-07-03 17:57:00+00:00, run_after=2025-07-03 17:58:00+00:00
[2025-07-03T17:58:27.858+0000] {processor.py:183} INFO - Processing /home/airflow/.local/lib/python3.8/site-packages/airflow/example_dags/example_branch_python_dop_operator_3.py took 0.484 seconds
[2025-07-03T17:58:59.450+0000] {processor.py:161} INFO - Started process (PID=3151) to work on /home/airflow/.local/lib/python3.8/site-packages/airflow/example_dags/example_branch_python_dop_operator_3.py
[2025-07-03T17:58:59.451+0000] {processor.py:830} INFO - Processing file /home/airflow/.local/lib/python3.8/site-packages/airflow/example_dags/example_branch_python_dop_operator_3.py for tasks to queue
[2025-07-03T17:58:59.466+0000] {logging_mixin.py:188} INFO - [2025-07-03T17:58:59.465+0000] {dagbag.py:538} INFO - Filling up the DagBag from /home/airflow/.local/lib/python3.8/site-packages/airflow/example_dags/example_branch_python_dop_operator_3.py
[2025-07-03T17:58:59.529+0000] {processor.py:840} INFO - DAG(s) 'example_branch_dop_operator_v3' retrieved from /home/airflow/.local/lib/python3.8/site-packages/airflow/example_dags/example_branch_python_dop_operator_3.py
[2025-07-03T17:58:59.653+0000] {logging_mixin.py:188} INFO - [2025-07-03T17:58:59.652+0000] {dag.py:3036} INFO - Sync 1 DAGs
[2025-07-03T17:58:59.892+0000] {logging_mixin.py:188} INFO - [2025-07-03T17:58:59.891+0000] {dag.py:3823} INFO - Setting next_dagrun for example_branch_dop_operator_v3 to 2025-07-03 17:57:00+00:00, run_after=2025-07-03 17:58:00+00:00
[2025-07-03T17:59:00.018+0000] {processor.py:183} INFO - Processing /home/airflow/.local/lib/python3.8/site-packages/airflow/example_dags/example_branch_python_dop_operator_3.py took 0.598 seconds
[2025-07-03T17:59:30.285+0000] {processor.py:161} INFO - Started process (PID=3214) to work on /home/airflow/.local/lib/python3.8/site-packages/airflow/example_dags/example_branch_python_dop_operator_3.py
[2025-07-03T17:59:30.297+0000] {processor.py:830} INFO - Processing file /home/airflow/.local/lib/python3.8/site-packages/airflow/example_dags/example_branch_python_dop_operator_3.py for tasks to queue
[2025-07-03T17:59:30.299+0000] {logging_mixin.py:188} INFO - [2025-07-03T17:59:30.299+0000] {dagbag.py:538} INFO - Filling up the DagBag from /home/airflow/.local/lib/python3.8/site-packages/airflow/example_dags/example_branch_python_dop_operator_3.py
[2025-07-03T17:59:30.323+0000] {processor.py:840} INFO - DAG(s) 'example_branch_dop_operator_v3' retrieved from /home/airflow/.local/lib/python3.8/site-packages/airflow/example_dags/example_branch_python_dop_operator_3.py
[2025-07-03T17:59:30.354+0000] {logging_mixin.py:188} INFO - [2025-07-03T17:59:30.354+0000] {dag.py:3036} INFO - Sync 1 DAGs
[2025-07-03T17:59:30.454+0000] {logging_mixin.py:188} INFO - [2025-07-03T17:59:30.454+0000] {dag.py:3823} INFO - Setting next_dagrun for example_branch_dop_operator_v3 to 2025-07-03 17:58:00+00:00, run_after=2025-07-03 17:59:00+00:00
[2025-07-03T17:59:30.517+0000] {processor.py:183} INFO - Processing /home/airflow/.local/lib/python3.8/site-packages/airflow/example_dags/example_branch_python_dop_operator_3.py took 0.257 seconds
[2025-07-03T18:00:00.902+0000] {processor.py:161} INFO - Started process (PID=3276) to work on /home/airflow/.local/lib/python3.8/site-packages/airflow/example_dags/example_branch_python_dop_operator_3.py
[2025-07-03T18:00:00.903+0000] {processor.py:830} INFO - Processing file /home/airflow/.local/lib/python3.8/site-packages/airflow/example_dags/example_branch_python_dop_operator_3.py for tasks to queue
[2025-07-03T18:00:00.914+0000] {logging_mixin.py:188} INFO - [2025-07-03T18:00:00.913+0000] {dagbag.py:538} INFO - Filling up the DagBag from /home/airflow/.local/lib/python3.8/site-packages/airflow/example_dags/example_branch_python_dop_operator_3.py
[2025-07-03T18:00:00.953+0000] {processor.py:840} INFO - DAG(s) 'example_branch_dop_operator_v3' retrieved from /home/airflow/.local/lib/python3.8/site-packages/airflow/example_dags/example_branch_python_dop_operator_3.py
[2025-07-03T18:00:00.990+0000] {logging_mixin.py:188} INFO - [2025-07-03T18:00:00.989+0000] {dag.py:3036} INFO - Sync 1 DAGs
[2025-07-03T18:00:01.047+0000] {logging_mixin.py:188} INFO - [2025-07-03T18:00:01.047+0000] {dag.py:3823} INFO - Setting next_dagrun for example_branch_dop_operator_v3 to 2025-07-03 17:59:00+00:00, run_after=2025-07-03 18:00:00+00:00
[2025-07-03T18:00:01.096+0000] {processor.py:183} INFO - Processing /home/airflow/.local/lib/python3.8/site-packages/airflow/example_dags/example_branch_python_dop_operator_3.py took 0.210 seconds
[2025-07-03T18:00:31.496+0000] {processor.py:161} INFO - Started process (PID=3340) to work on /home/airflow/.local/lib/python3.8/site-packages/airflow/example_dags/example_branch_python_dop_operator_3.py
[2025-07-03T18:00:31.499+0000] {processor.py:830} INFO - Processing file /home/airflow/.local/lib/python3.8/site-packages/airflow/example_dags/example_branch_python_dop_operator_3.py for tasks to queue
[2025-07-03T18:00:31.502+0000] {logging_mixin.py:188} INFO - [2025-07-03T18:00:31.501+0000] {dagbag.py:538} INFO - Filling up the DagBag from /home/airflow/.local/lib/python3.8/site-packages/airflow/example_dags/example_branch_python_dop_operator_3.py
[2025-07-03T18:00:31.526+0000] {processor.py:840} INFO - DAG(s) 'example_branch_dop_operator_v3' retrieved from /home/airflow/.local/lib/python3.8/site-packages/airflow/example_dags/example_branch_python_dop_operator_3.py
[2025-07-03T18:00:31.597+0000] {logging_mixin.py:188} INFO - [2025-07-03T18:00:31.597+0000] {dag.py:3036} INFO - Sync 1 DAGs
[2025-07-03T18:00:31.677+0000] {logging_mixin.py:188} INFO - [2025-07-03T18:00:31.677+0000] {dag.py:3823} INFO - Setting next_dagrun for example_branch_dop_operator_v3 to 2025-07-03 17:59:00+00:00, run_after=2025-07-03 18:00:00+00:00
[2025-07-03T18:00:31.743+0000] {processor.py:183} INFO - Processing /home/airflow/.local/lib/python3.8/site-packages/airflow/example_dags/example_branch_python_dop_operator_3.py took 0.254 seconds
[2025-07-03T18:01:02.131+0000] {processor.py:161} INFO - Started process (PID=3405) to work on /home/airflow/.local/lib/python3.8/site-packages/airflow/example_dags/example_branch_python_dop_operator_3.py
[2025-07-03T18:01:02.132+0000] {processor.py:830} INFO - Processing file /home/airflow/.local/lib/python3.8/site-packages/airflow/example_dags/example_branch_python_dop_operator_3.py for tasks to queue
[2025-07-03T18:01:02.134+0000] {logging_mixin.py:188} INFO - [2025-07-03T18:01:02.134+0000] {dagbag.py:538} INFO - Filling up the DagBag from /home/airflow/.local/lib/python3.8/site-packages/airflow/example_dags/example_branch_python_dop_operator_3.py
[2025-07-03T18:01:02.197+0000] {processor.py:840} INFO - DAG(s) 'example_branch_dop_operator_v3' retrieved from /home/airflow/.local/lib/python3.8/site-packages/airflow/example_dags/example_branch_python_dop_operator_3.py
[2025-07-03T18:01:02.354+0000] {logging_mixin.py:188} INFO - [2025-07-03T18:01:02.353+0000] {dag.py:3036} INFO - Sync 1 DAGs
[2025-07-03T18:01:02.583+0000] {logging_mixin.py:188} INFO - [2025-07-03T18:01:02.583+0000] {dag.py:3823} INFO - Setting next_dagrun for example_branch_dop_operator_v3 to 2025-07-03 18:00:00+00:00, run_after=2025-07-03 18:01:00+00:00
[2025-07-03T18:01:02.671+0000] {processor.py:183} INFO - Processing /home/airflow/.local/lib/python3.8/site-packages/airflow/example_dags/example_branch_python_dop_operator_3.py took 0.549 seconds
[2025-07-03T18:01:32.917+0000] {processor.py:161} INFO - Started process (PID=3462) to work on /home/airflow/.local/lib/python3.8/site-packages/airflow/example_dags/example_branch_python_dop_operator_3.py
[2025-07-03T18:01:32.919+0000] {processor.py:830} INFO - Processing file /home/airflow/.local/lib/python3.8/site-packages/airflow/example_dags/example_branch_python_dop_operator_3.py for tasks to queue
[2025-07-03T18:01:32.922+0000] {logging_mixin.py:188} INFO - [2025-07-03T18:01:32.922+0000] {dagbag.py:538} INFO - Filling up the DagBag from /home/airflow/.local/lib/python3.8/site-packages/airflow/example_dags/example_branch_python_dop_operator_3.py
[2025-07-03T18:01:32.940+0000] {processor.py:840} INFO - DAG(s) 'example_branch_dop_operator_v3' retrieved from /home/airflow/.local/lib/python3.8/site-packages/airflow/example_dags/example_branch_python_dop_operator_3.py
[2025-07-03T18:01:32.970+0000] {logging_mixin.py:188} INFO - [2025-07-03T18:01:32.970+0000] {dag.py:3036} INFO - Sync 1 DAGs
[2025-07-03T18:01:33.047+0000] {logging_mixin.py:188} INFO - [2025-07-03T18:01:33.047+0000] {dag.py:3823} INFO - Setting next_dagrun for example_branch_dop_operator_v3 to 2025-07-03 18:00:00+00:00, run_after=2025-07-03 18:01:00+00:00
[2025-07-03T18:01:33.114+0000] {processor.py:183} INFO - Processing /home/airflow/.local/lib/python3.8/site-packages/airflow/example_dags/example_branch_python_dop_operator_3.py took 0.220 seconds
[2025-07-03T18:02:03.374+0000] {processor.py:161} INFO - Started process (PID=3526) to work on /home/airflow/.local/lib/python3.8/site-packages/airflow/example_dags/example_branch_python_dop_operator_3.py
[2025-07-03T18:02:03.376+0000] {processor.py:830} INFO - Processing file /home/airflow/.local/lib/python3.8/site-packages/airflow/example_dags/example_branch_python_dop_operator_3.py for tasks to queue
[2025-07-03T18:02:03.378+0000] {logging_mixin.py:188} INFO - [2025-07-03T18:02:03.378+0000] {dagbag.py:538} INFO - Filling up the DagBag from /home/airflow/.local/lib/python3.8/site-packages/airflow/example_dags/example_branch_python_dop_operator_3.py
[2025-07-03T18:02:03.414+0000] {processor.py:840} INFO - DAG(s) 'example_branch_dop_operator_v3' retrieved from /home/airflow/.local/lib/python3.8/site-packages/airflow/example_dags/example_branch_python_dop_operator_3.py
[2025-07-03T18:02:03.474+0000] {logging_mixin.py:188} INFO - [2025-07-03T18:02:03.474+0000] {dag.py:3036} INFO - Sync 1 DAGs
[2025-07-03T18:02:03.545+0000] {logging_mixin.py:188} INFO - [2025-07-03T18:02:03.545+0000] {dag.py:3823} INFO - Setting next_dagrun for example_branch_dop_operator_v3 to 2025-07-03 18:01:00+00:00, run_after=2025-07-03 18:02:00+00:00
[2025-07-03T18:02:03.913+0000] {processor.py:183} INFO - Processing /home/airflow/.local/lib/python3.8/site-packages/airflow/example_dags/example_branch_python_dop_operator_3.py took 0.560 seconds
[2025-07-03T18:02:33.982+0000] {processor.py:161} INFO - Started process (PID=3591) to work on /home/airflow/.local/lib/python3.8/site-packages/airflow/example_dags/example_branch_python_dop_operator_3.py
[2025-07-03T18:02:33.989+0000] {processor.py:830} INFO - Processing file /home/airflow/.local/lib/python3.8/site-packages/airflow/example_dags/example_branch_python_dop_operator_3.py for tasks to queue
[2025-07-03T18:02:33.992+0000] {logging_mixin.py:188} INFO - [2025-07-03T18:02:33.991+0000] {dagbag.py:538} INFO - Filling up the DagBag from /home/airflow/.local/lib/python3.8/site-packages/airflow/example_dags/example_branch_python_dop_operator_3.py
[2025-07-03T18:02:34.019+0000] {processor.py:840} INFO - DAG(s) 'example_branch_dop_operator_v3' retrieved from /home/airflow/.local/lib/python3.8/site-packages/airflow/example_dags/example_branch_python_dop_operator_3.py
[2025-07-03T18:02:34.069+0000] {logging_mixin.py:188} INFO - [2025-07-03T18:02:34.069+0000] {dag.py:3036} INFO - Sync 1 DAGs
[2025-07-03T18:02:34.148+0000] {logging_mixin.py:188} INFO - [2025-07-03T18:02:34.147+0000] {dag.py:3823} INFO - Setting next_dagrun for example_branch_dop_operator_v3 to 2025-07-03 18:01:00+00:00, run_after=2025-07-03 18:02:00+00:00
[2025-07-03T18:02:34.190+0000] {processor.py:183} INFO - Processing /home/airflow/.local/lib/python3.8/site-packages/airflow/example_dags/example_branch_python_dop_operator_3.py took 0.212 seconds
[2025-07-03T18:03:04.430+0000] {processor.py:161} INFO - Started process (PID=3653) to work on /home/airflow/.local/lib/python3.8/site-packages/airflow/example_dags/example_branch_python_dop_operator_3.py
[2025-07-03T18:03:04.454+0000] {processor.py:830} INFO - Processing file /home/airflow/.local/lib/python3.8/site-packages/airflow/example_dags/example_branch_python_dop_operator_3.py for tasks to queue
[2025-07-03T18:03:04.457+0000] {logging_mixin.py:188} INFO - [2025-07-03T18:03:04.457+0000] {dagbag.py:538} INFO - Filling up the DagBag from /home/airflow/.local/lib/python3.8/site-packages/airflow/example_dags/example_branch_python_dop_operator_3.py
[2025-07-03T18:03:04.533+0000] {processor.py:840} INFO - DAG(s) 'example_branch_dop_operator_v3' retrieved from /home/airflow/.local/lib/python3.8/site-packages/airflow/example_dags/example_branch_python_dop_operator_3.py
[2025-07-03T18:03:04.698+0000] {logging_mixin.py:188} INFO - [2025-07-03T18:03:04.697+0000] {dag.py:3036} INFO - Sync 1 DAGs
[2025-07-03T18:03:04.939+0000] {logging_mixin.py:188} INFO - [2025-07-03T18:03:04.939+0000] {dag.py:3823} INFO - Setting next_dagrun for example_branch_dop_operator_v3 to 2025-07-03 18:02:00+00:00, run_after=2025-07-03 18:03:00+00:00
[2025-07-03T18:03:05.126+0000] {processor.py:183} INFO - Processing /home/airflow/.local/lib/python3.8/site-packages/airflow/example_dags/example_branch_python_dop_operator_3.py took 0.702 seconds
[2025-07-03T18:03:48.078+0000] {processor.py:161} INFO - Started process (PID=3710) to work on /home/airflow/.local/lib/python3.8/site-packages/airflow/example_dags/example_branch_python_dop_operator_3.py
[2025-07-03T18:03:48.086+0000] {processor.py:830} INFO - Processing file /home/airflow/.local/lib/python3.8/site-packages/airflow/example_dags/example_branch_python_dop_operator_3.py for tasks to queue
[2025-07-03T18:03:48.143+0000] {logging_mixin.py:188} INFO - [2025-07-03T18:03:48.143+0000] {dagbag.py:538} INFO - Filling up the DagBag from /home/airflow/.local/lib/python3.8/site-packages/airflow/example_dags/example_branch_python_dop_operator_3.py
[2025-07-03T18:03:48.574+0000] {processor.py:840} INFO - DAG(s) 'example_branch_dop_operator_v3' retrieved from /home/airflow/.local/lib/python3.8/site-packages/airflow/example_dags/example_branch_python_dop_operator_3.py
[2025-07-03T18:03:49.220+0000] {logging_mixin.py:188} INFO - [2025-07-03T18:03:49.219+0000] {dag.py:3036} INFO - Sync 1 DAGs
[2025-07-03T18:03:53.008+0000] {logging_mixin.py:188} INFO - [2025-07-03T18:03:53.008+0000] {dag.py:3823} INFO - Setting next_dagrun for example_branch_dop_operator_v3 to 2025-07-03 18:02:00+00:00, run_after=2025-07-03 18:03:00+00:00
[2025-07-03T18:03:53.554+0000] {processor.py:183} INFO - Processing /home/airflow/.local/lib/python3.8/site-packages/airflow/example_dags/example_branch_python_dop_operator_3.py took 5.570 seconds
[2025-07-03T18:04:45.257+0000] {processor.py:161} INFO - Started process (PID=3752) to work on /home/airflow/.local/lib/python3.8/site-packages/airflow/example_dags/example_branch_python_dop_operator_3.py
[2025-07-03T18:04:45.301+0000] {processor.py:830} INFO - Processing file /home/airflow/.local/lib/python3.8/site-packages/airflow/example_dags/example_branch_python_dop_operator_3.py for tasks to queue
[2025-07-03T18:04:45.310+0000] {logging_mixin.py:188} INFO - [2025-07-03T18:04:45.309+0000] {dagbag.py:538} INFO - Filling up the DagBag from /home/airflow/.local/lib/python3.8/site-packages/airflow/example_dags/example_branch_python_dop_operator_3.py
[2025-07-03T18:04:45.529+0000] {processor.py:840} INFO - DAG(s) 'example_branch_dop_operator_v3' retrieved from /home/airflow/.local/lib/python3.8/site-packages/airflow/example_dags/example_branch_python_dop_operator_3.py
[2025-07-03T18:04:46.238+0000] {logging_mixin.py:188} INFO - [2025-07-03T18:04:46.237+0000] {dag.py:3036} INFO - Sync 1 DAGs
[2025-07-03T18:04:47.567+0000] {logging_mixin.py:188} INFO - [2025-07-03T18:04:47.567+0000] {dag.py:3823} INFO - Setting next_dagrun for example_branch_dop_operator_v3 to 2025-07-03 18:03:00+00:00, run_after=2025-07-03 18:04:00+00:00
[2025-07-03T18:04:48.421+0000] {processor.py:183} INFO - Processing /home/airflow/.local/lib/python3.8/site-packages/airflow/example_dags/example_branch_python_dop_operator_3.py took 3.242 seconds
[2025-07-03T18:05:49.349+0000] {processor.py:161} INFO - Started process (PID=3813) to work on /home/airflow/.local/lib/python3.8/site-packages/airflow/example_dags/example_branch_python_dop_operator_3.py
[2025-07-03T18:05:49.377+0000] {processor.py:830} INFO - Processing file /home/airflow/.local/lib/python3.8/site-packages/airflow/example_dags/example_branch_python_dop_operator_3.py for tasks to queue
[2025-07-03T18:05:49.394+0000] {logging_mixin.py:188} INFO - [2025-07-03T18:05:49.393+0000] {dagbag.py:538} INFO - Filling up the DagBag from /home/airflow/.local/lib/python3.8/site-packages/airflow/example_dags/example_branch_python_dop_operator_3.py
[2025-07-03T18:05:50.166+0000] {processor.py:840} INFO - DAG(s) 'example_branch_dop_operator_v3' retrieved from /home/airflow/.local/lib/python3.8/site-packages/airflow/example_dags/example_branch_python_dop_operator_3.py
[2025-07-03T18:05:50.794+0000] {logging_mixin.py:188} INFO - [2025-07-03T18:05:50.793+0000] {dag.py:3036} INFO - Sync 1 DAGs
[2025-07-03T18:05:52.458+0000] {logging_mixin.py:188} INFO - [2025-07-03T18:05:52.458+0000] {dag.py:3823} INFO - Setting next_dagrun for example_branch_dop_operator_v3 to 2025-07-03 18:04:00+00:00, run_after=2025-07-03 18:05:00+00:00
[2025-07-03T18:05:53.497+0000] {processor.py:183} INFO - Processing /home/airflow/.local/lib/python3.8/site-packages/airflow/example_dags/example_branch_python_dop_operator_3.py took 4.287 seconds
[2025-07-03T18:07:17.054+0000] {processor.py:161} INFO - Started process (PID=3878) to work on /home/airflow/.local/lib/python3.8/site-packages/airflow/example_dags/example_branch_python_dop_operator_3.py
[2025-07-03T18:07:17.118+0000] {processor.py:830} INFO - Processing file /home/airflow/.local/lib/python3.8/site-packages/airflow/example_dags/example_branch_python_dop_operator_3.py for tasks to queue
[2025-07-03T18:07:17.182+0000] {logging_mixin.py:188} INFO - [2025-07-03T18:07:17.182+0000] {dagbag.py:538} INFO - Filling up the DagBag from /home/airflow/.local/lib/python3.8/site-packages/airflow/example_dags/example_branch_python_dop_operator_3.py
[2025-07-03T18:07:17.662+0000] {processor.py:840} INFO - DAG(s) 'example_branch_dop_operator_v3' retrieved from /home/airflow/.local/lib/python3.8/site-packages/airflow/example_dags/example_branch_python_dop_operator_3.py
[2025-07-03T18:07:18.950+0000] {logging_mixin.py:188} INFO - [2025-07-03T18:07:18.950+0000] {dag.py:3036} INFO - Sync 1 DAGs
[2025-07-03T18:07:20.972+0000] {logging_mixin.py:188} INFO - [2025-07-03T18:07:20.971+0000] {dag.py:3823} INFO - Setting next_dagrun for example_branch_dop_operator_v3 to 2025-07-03 18:06:00+00:00, run_after=2025-07-03 18:07:00+00:00
[2025-07-03T18:07:22.509+0000] {processor.py:183} INFO - Processing /home/airflow/.local/lib/python3.8/site-packages/airflow/example_dags/example_branch_python_dop_operator_3.py took 5.591 seconds
[2025-07-03T18:21:06.154+0000] {processor.py:161} INFO - Started process (PID=87) to work on /home/airflow/.local/lib/python3.8/site-packages/airflow/example_dags/example_branch_python_dop_operator_3.py
[2025-07-03T18:21:06.165+0000] {processor.py:830} INFO - Processing file /home/airflow/.local/lib/python3.8/site-packages/airflow/example_dags/example_branch_python_dop_operator_3.py for tasks to queue
[2025-07-03T18:21:06.167+0000] {logging_mixin.py:188} INFO - [2025-07-03T18:21:06.167+0000] {dagbag.py:538} INFO - Filling up the DagBag from /home/airflow/.local/lib/python3.8/site-packages/airflow/example_dags/example_branch_python_dop_operator_3.py
[2025-07-03T18:21:06.258+0000] {processor.py:840} INFO - DAG(s) 'example_branch_dop_operator_v3' retrieved from /home/airflow/.local/lib/python3.8/site-packages/airflow/example_dags/example_branch_python_dop_operator_3.py
[2025-07-03T18:21:06.550+0000] {logging_mixin.py:188} INFO - [2025-07-03T18:21:06.549+0000] {dag.py:3036} INFO - Sync 1 DAGs
[2025-07-03T18:21:06.700+0000] {logging_mixin.py:188} INFO - [2025-07-03T18:21:06.699+0000] {dag.py:3823} INFO - Setting next_dagrun for example_branch_dop_operator_v3 to 2025-07-03 18:20:00+00:00, run_after=2025-07-03 18:21:00+00:00
[2025-07-03T18:21:06.804+0000] {processor.py:183} INFO - Processing /home/airflow/.local/lib/python3.8/site-packages/airflow/example_dags/example_branch_python_dop_operator_3.py took 0.667 seconds
[2025-07-03T18:21:36.975+0000] {processor.py:161} INFO - Started process (PID=151) to work on /home/airflow/.local/lib/python3.8/site-packages/airflow/example_dags/example_branch_python_dop_operator_3.py
[2025-07-03T18:21:36.981+0000] {processor.py:830} INFO - Processing file /home/airflow/.local/lib/python3.8/site-packages/airflow/example_dags/example_branch_python_dop_operator_3.py for tasks to queue
[2025-07-03T18:21:36.990+0000] {logging_mixin.py:188} INFO - [2025-07-03T18:21:36.989+0000] {dagbag.py:538} INFO - Filling up the DagBag from /home/airflow/.local/lib/python3.8/site-packages/airflow/example_dags/example_branch_python_dop_operator_3.py
[2025-07-03T18:21:37.012+0000] {processor.py:840} INFO - DAG(s) 'example_branch_dop_operator_v3' retrieved from /home/airflow/.local/lib/python3.8/site-packages/airflow/example_dags/example_branch_python_dop_operator_3.py
[2025-07-03T18:21:37.086+0000] {logging_mixin.py:188} INFO - [2025-07-03T18:21:37.085+0000] {dag.py:3036} INFO - Sync 1 DAGs
[2025-07-03T18:21:37.215+0000] {logging_mixin.py:188} INFO - [2025-07-03T18:21:37.215+0000] {dag.py:3823} INFO - Setting next_dagrun for example_branch_dop_operator_v3 to 2025-07-03 18:20:00+00:00, run_after=2025-07-03 18:21:00+00:00
[2025-07-03T18:21:37.277+0000] {processor.py:183} INFO - Processing /home/airflow/.local/lib/python3.8/site-packages/airflow/example_dags/example_branch_python_dop_operator_3.py took 0.306 seconds
[2025-07-03T18:22:07.609+0000] {processor.py:161} INFO - Started process (PID=216) to work on /home/airflow/.local/lib/python3.8/site-packages/airflow/example_dags/example_branch_python_dop_operator_3.py
[2025-07-03T18:22:07.618+0000] {processor.py:830} INFO - Processing file /home/airflow/.local/lib/python3.8/site-packages/airflow/example_dags/example_branch_python_dop_operator_3.py for tasks to queue
[2025-07-03T18:22:07.621+0000] {logging_mixin.py:188} INFO - [2025-07-03T18:22:07.621+0000] {dagbag.py:538} INFO - Filling up the DagBag from /home/airflow/.local/lib/python3.8/site-packages/airflow/example_dags/example_branch_python_dop_operator_3.py
[2025-07-03T18:22:07.641+0000] {processor.py:840} INFO - DAG(s) 'example_branch_dop_operator_v3' retrieved from /home/airflow/.local/lib/python3.8/site-packages/airflow/example_dags/example_branch_python_dop_operator_3.py
[2025-07-03T18:22:07.675+0000] {logging_mixin.py:188} INFO - [2025-07-03T18:22:07.675+0000] {dag.py:3036} INFO - Sync 1 DAGs
[2025-07-03T18:22:07.727+0000] {logging_mixin.py:188} INFO - [2025-07-03T18:22:07.726+0000] {dag.py:3823} INFO - Setting next_dagrun for example_branch_dop_operator_v3 to 2025-07-03 18:21:00+00:00, run_after=2025-07-03 18:22:00+00:00
[2025-07-03T18:22:07.758+0000] {processor.py:183} INFO - Processing /home/airflow/.local/lib/python3.8/site-packages/airflow/example_dags/example_branch_python_dop_operator_3.py took 0.161 seconds
[2025-07-03T18:22:38.297+0000] {processor.py:161} INFO - Started process (PID=283) to work on /home/airflow/.local/lib/python3.8/site-packages/airflow/example_dags/example_branch_python_dop_operator_3.py
[2025-07-03T18:22:38.298+0000] {processor.py:830} INFO - Processing file /home/airflow/.local/lib/python3.8/site-packages/airflow/example_dags/example_branch_python_dop_operator_3.py for tasks to queue
[2025-07-03T18:22:38.301+0000] {logging_mixin.py:188} INFO - [2025-07-03T18:22:38.301+0000] {dagbag.py:538} INFO - Filling up the DagBag from /home/airflow/.local/lib/python3.8/site-packages/airflow/example_dags/example_branch_python_dop_operator_3.py
[2025-07-03T18:22:38.314+0000] {processor.py:840} INFO - DAG(s) 'example_branch_dop_operator_v3' retrieved from /home/airflow/.local/lib/python3.8/site-packages/airflow/example_dags/example_branch_python_dop_operator_3.py
[2025-07-03T18:22:38.340+0000] {logging_mixin.py:188} INFO - [2025-07-03T18:22:38.340+0000] {dag.py:3036} INFO - Sync 1 DAGs
[2025-07-03T18:22:38.378+0000] {logging_mixin.py:188} INFO - [2025-07-03T18:22:38.378+0000] {dag.py:3823} INFO - Setting next_dagrun for example_branch_dop_operator_v3 to 2025-07-03 18:21:00+00:00, run_after=2025-07-03 18:22:00+00:00
[2025-07-03T18:22:38.403+0000] {processor.py:183} INFO - Processing /home/airflow/.local/lib/python3.8/site-packages/airflow/example_dags/example_branch_python_dop_operator_3.py took 0.110 seconds
[2025-07-03T18:23:08.749+0000] {processor.py:161} INFO - Started process (PID=349) to work on /home/airflow/.local/lib/python3.8/site-packages/airflow/example_dags/example_branch_python_dop_operator_3.py
[2025-07-03T18:23:08.752+0000] {processor.py:830} INFO - Processing file /home/airflow/.local/lib/python3.8/site-packages/airflow/example_dags/example_branch_python_dop_operator_3.py for tasks to queue
[2025-07-03T18:23:08.754+0000] {logging_mixin.py:188} INFO - [2025-07-03T18:23:08.754+0000] {dagbag.py:538} INFO - Filling up the DagBag from /home/airflow/.local/lib/python3.8/site-packages/airflow/example_dags/example_branch_python_dop_operator_3.py
[2025-07-03T18:23:08.768+0000] {processor.py:840} INFO - DAG(s) 'example_branch_dop_operator_v3' retrieved from /home/airflow/.local/lib/python3.8/site-packages/airflow/example_dags/example_branch_python_dop_operator_3.py
[2025-07-03T18:23:08.793+0000] {logging_mixin.py:188} INFO - [2025-07-03T18:23:08.793+0000] {dag.py:3036} INFO - Sync 1 DAGs
[2025-07-03T18:23:08.834+0000] {logging_mixin.py:188} INFO - [2025-07-03T18:23:08.834+0000] {dag.py:3823} INFO - Setting next_dagrun for example_branch_dop_operator_v3 to 2025-07-03 18:22:00+00:00, run_after=2025-07-03 18:23:00+00:00
[2025-07-03T18:23:08.886+0000] {processor.py:183} INFO - Processing /home/airflow/.local/lib/python3.8/site-packages/airflow/example_dags/example_branch_python_dop_operator_3.py took 0.141 seconds
[2025-07-03T18:23:39.159+0000] {processor.py:161} INFO - Started process (PID=414) to work on /home/airflow/.local/lib/python3.8/site-packages/airflow/example_dags/example_branch_python_dop_operator_3.py
[2025-07-03T18:23:39.162+0000] {processor.py:830} INFO - Processing file /home/airflow/.local/lib/python3.8/site-packages/airflow/example_dags/example_branch_python_dop_operator_3.py for tasks to queue
[2025-07-03T18:23:39.164+0000] {logging_mixin.py:188} INFO - [2025-07-03T18:23:39.164+0000] {dagbag.py:538} INFO - Filling up the DagBag from /home/airflow/.local/lib/python3.8/site-packages/airflow/example_dags/example_branch_python_dop_operator_3.py
[2025-07-03T18:23:39.176+0000] {processor.py:840} INFO - DAG(s) 'example_branch_dop_operator_v3' retrieved from /home/airflow/.local/lib/python3.8/site-packages/airflow/example_dags/example_branch_python_dop_operator_3.py
[2025-07-03T18:23:39.222+0000] {logging_mixin.py:188} INFO - [2025-07-03T18:23:39.221+0000] {dag.py:3036} INFO - Sync 1 DAGs
[2025-07-03T18:23:39.276+0000] {logging_mixin.py:188} INFO - [2025-07-03T18:23:39.275+0000] {dag.py:3823} INFO - Setting next_dagrun for example_branch_dop_operator_v3 to 2025-07-03 18:22:00+00:00, run_after=2025-07-03 18:23:00+00:00
[2025-07-03T18:23:39.315+0000] {processor.py:183} INFO - Processing /home/airflow/.local/lib/python3.8/site-packages/airflow/example_dags/example_branch_python_dop_operator_3.py took 0.160 seconds
[2025-07-03T18:24:09.436+0000] {processor.py:161} INFO - Started process (PID=480) to work on /home/airflow/.local/lib/python3.8/site-packages/airflow/example_dags/example_branch_python_dop_operator_3.py
[2025-07-03T18:24:09.438+0000] {processor.py:830} INFO - Processing file /home/airflow/.local/lib/python3.8/site-packages/airflow/example_dags/example_branch_python_dop_operator_3.py for tasks to queue
[2025-07-03T18:24:09.440+0000] {logging_mixin.py:188} INFO - [2025-07-03T18:24:09.439+0000] {dagbag.py:538} INFO - Filling up the DagBag from /home/airflow/.local/lib/python3.8/site-packages/airflow/example_dags/example_branch_python_dop_operator_3.py
[2025-07-03T18:24:09.452+0000] {processor.py:840} INFO - DAG(s) 'example_branch_dop_operator_v3' retrieved from /home/airflow/.local/lib/python3.8/site-packages/airflow/example_dags/example_branch_python_dop_operator_3.py
[2025-07-03T18:24:09.483+0000] {logging_mixin.py:188} INFO - [2025-07-03T18:24:09.483+0000] {dag.py:3036} INFO - Sync 1 DAGs
[2025-07-03T18:24:09.540+0000] {logging_mixin.py:188} INFO - [2025-07-03T18:24:09.539+0000] {dag.py:3823} INFO - Setting next_dagrun for example_branch_dop_operator_v3 to 2025-07-03 18:23:00+00:00, run_after=2025-07-03 18:24:00+00:00
[2025-07-03T18:24:09.567+0000] {processor.py:183} INFO - Processing /home/airflow/.local/lib/python3.8/site-packages/airflow/example_dags/example_branch_python_dop_operator_3.py took 0.134 seconds
