[2025-07-03T17:35:29.988+0000] {processor.py:161} INFO - Started process (PID=221) to work on /home/airflow/.local/lib/python3.8/site-packages/airflow/example_dags/example_time_delta_sensor_async.py
[2025-07-03T17:35:30.022+0000] {processor.py:830} INFO - Processing file /home/airflow/.local/lib/python3.8/site-packages/airflow/example_dags/example_time_delta_sensor_async.py for tasks to queue
[2025-07-03T17:35:30.041+0000] {logging_mixin.py:188} INFO - [2025-07-03T17:35:30.041+0000] {dagbag.py:538} INFO - Filling up the DagBag from /home/airflow/.local/lib/python3.8/site-packages/airflow/example_dags/example_time_delta_sensor_async.py
[2025-07-03T17:35:30.096+0000] {processor.py:840} INFO - DAG(s) 'example_time_delta_sensor_async' retrieved from /home/airflow/.local/lib/python3.8/site-packages/airflow/example_dags/example_time_delta_sensor_async.py
[2025-07-03T17:35:31.307+0000] {logging_mixin.py:188} INFO - [2025-07-03T17:35:31.306+0000] {dag.py:3036} INFO - Sync 1 DAGs
[2025-07-03T17:35:31.444+0000] {logging_mixin.py:188} INFO - [2025-07-03T17:35:31.443+0000] {dag.py:3823} INFO - Setting next_dagrun for example_time_delta_sensor_async to None, run_after=None
[2025-07-03T17:35:31.665+0000] {processor.py:183} INFO - Processing /home/airflow/.local/lib/python3.8/site-packages/airflow/example_dags/example_time_delta_sensor_async.py took 1.704 seconds
[2025-07-03T17:36:04.528+0000] {processor.py:161} INFO - Started process (PID=279) to work on /home/airflow/.local/lib/python3.8/site-packages/airflow/example_dags/example_time_delta_sensor_async.py
[2025-07-03T17:36:04.545+0000] {processor.py:830} INFO - Processing file /home/airflow/.local/lib/python3.8/site-packages/airflow/example_dags/example_time_delta_sensor_async.py for tasks to queue
[2025-07-03T17:36:04.560+0000] {logging_mixin.py:188} INFO - [2025-07-03T17:36:04.558+0000] {dagbag.py:538} INFO - Filling up the DagBag from /home/airflow/.local/lib/python3.8/site-packages/airflow/example_dags/example_time_delta_sensor_async.py
[2025-07-03T17:36:04.577+0000] {processor.py:840} INFO - DAG(s) 'example_time_delta_sensor_async' retrieved from /home/airflow/.local/lib/python3.8/site-packages/airflow/example_dags/example_time_delta_sensor_async.py
[2025-07-03T17:36:04.690+0000] {logging_mixin.py:188} INFO - [2025-07-03T17:36:04.689+0000] {dag.py:3036} INFO - Sync 1 DAGs
[2025-07-03T17:36:04.779+0000] {logging_mixin.py:188} INFO - [2025-07-03T17:36:04.778+0000] {dag.py:3823} INFO - Setting next_dagrun for example_time_delta_sensor_async to None, run_after=None
[2025-07-03T17:36:04.869+0000] {processor.py:183} INFO - Processing /home/airflow/.local/lib/python3.8/site-packages/airflow/example_dags/example_time_delta_sensor_async.py took 0.350 seconds
[2025-07-03T17:36:34.997+0000] {processor.py:161} INFO - Started process (PID=342) to work on /home/airflow/.local/lib/python3.8/site-packages/airflow/example_dags/example_time_delta_sensor_async.py
[2025-07-03T17:36:34.998+0000] {processor.py:830} INFO - Processing file /home/airflow/.local/lib/python3.8/site-packages/airflow/example_dags/example_time_delta_sensor_async.py for tasks to queue
[2025-07-03T17:36:35.001+0000] {logging_mixin.py:188} INFO - [2025-07-03T17:36:35.000+0000] {dagbag.py:538} INFO - Filling up the DagBag from /home/airflow/.local/lib/python3.8/site-packages/airflow/example_dags/example_time_delta_sensor_async.py
[2025-07-03T17:36:35.018+0000] {processor.py:840} INFO - DAG(s) 'example_time_delta_sensor_async' retrieved from /home/airflow/.local/lib/python3.8/site-packages/airflow/example_dags/example_time_delta_sensor_async.py
[2025-07-03T17:36:35.102+0000] {logging_mixin.py:188} INFO - [2025-07-03T17:36:35.102+0000] {dag.py:3036} INFO - Sync 1 DAGs
[2025-07-03T17:36:35.142+0000] {logging_mixin.py:188} INFO - [2025-07-03T17:36:35.142+0000] {dag.py:3823} INFO - Setting next_dagrun for example_time_delta_sensor_async to None, run_after=None
[2025-07-03T17:36:35.224+0000] {processor.py:183} INFO - Processing /home/airflow/.local/lib/python3.8/site-packages/airflow/example_dags/example_time_delta_sensor_async.py took 0.245 seconds
[2025-07-03T17:37:05.647+0000] {processor.py:161} INFO - Started process (PID=399) to work on /home/airflow/.local/lib/python3.8/site-packages/airflow/example_dags/example_time_delta_sensor_async.py
[2025-07-03T17:37:05.662+0000] {processor.py:830} INFO - Processing file /home/airflow/.local/lib/python3.8/site-packages/airflow/example_dags/example_time_delta_sensor_async.py for tasks to queue
[2025-07-03T17:37:05.665+0000] {logging_mixin.py:188} INFO - [2025-07-03T17:37:05.664+0000] {dagbag.py:538} INFO - Filling up the DagBag from /home/airflow/.local/lib/python3.8/site-packages/airflow/example_dags/example_time_delta_sensor_async.py
[2025-07-03T17:37:05.682+0000] {processor.py:840} INFO - DAG(s) 'example_time_delta_sensor_async' retrieved from /home/airflow/.local/lib/python3.8/site-packages/airflow/example_dags/example_time_delta_sensor_async.py
[2025-07-03T17:37:05.806+0000] {logging_mixin.py:188} INFO - [2025-07-03T17:37:05.805+0000] {dag.py:3036} INFO - Sync 1 DAGs
[2025-07-03T17:37:05.845+0000] {logging_mixin.py:188} INFO - [2025-07-03T17:37:05.845+0000] {dag.py:3823} INFO - Setting next_dagrun for example_time_delta_sensor_async to None, run_after=None
[2025-07-03T17:37:05.909+0000] {processor.py:183} INFO - Processing /home/airflow/.local/lib/python3.8/site-packages/airflow/example_dags/example_time_delta_sensor_async.py took 0.273 seconds
[2025-07-03T17:37:36.291+0000] {processor.py:161} INFO - Started process (PID=462) to work on /home/airflow/.local/lib/python3.8/site-packages/airflow/example_dags/example_time_delta_sensor_async.py
[2025-07-03T17:37:36.299+0000] {processor.py:830} INFO - Processing file /home/airflow/.local/lib/python3.8/site-packages/airflow/example_dags/example_time_delta_sensor_async.py for tasks to queue
[2025-07-03T17:37:36.306+0000] {logging_mixin.py:188} INFO - [2025-07-03T17:37:36.305+0000] {dagbag.py:538} INFO - Filling up the DagBag from /home/airflow/.local/lib/python3.8/site-packages/airflow/example_dags/example_time_delta_sensor_async.py
[2025-07-03T17:37:36.331+0000] {processor.py:840} INFO - DAG(s) 'example_time_delta_sensor_async' retrieved from /home/airflow/.local/lib/python3.8/site-packages/airflow/example_dags/example_time_delta_sensor_async.py
[2025-07-03T17:37:36.410+0000] {logging_mixin.py:188} INFO - [2025-07-03T17:37:36.409+0000] {dag.py:3036} INFO - Sync 1 DAGs
[2025-07-03T17:37:36.446+0000] {logging_mixin.py:188} INFO - [2025-07-03T17:37:36.446+0000] {dag.py:3823} INFO - Setting next_dagrun for example_time_delta_sensor_async to None, run_after=None
[2025-07-03T17:37:36.505+0000] {processor.py:183} INFO - Processing /home/airflow/.local/lib/python3.8/site-packages/airflow/example_dags/example_time_delta_sensor_async.py took 0.226 seconds
[2025-07-03T17:38:07.045+0000] {processor.py:161} INFO - Started process (PID=519) to work on /home/airflow/.local/lib/python3.8/site-packages/airflow/example_dags/example_time_delta_sensor_async.py
[2025-07-03T17:38:07.062+0000] {processor.py:830} INFO - Processing file /home/airflow/.local/lib/python3.8/site-packages/airflow/example_dags/example_time_delta_sensor_async.py for tasks to queue
[2025-07-03T17:38:07.076+0000] {logging_mixin.py:188} INFO - [2025-07-03T17:38:07.075+0000] {dagbag.py:538} INFO - Filling up the DagBag from /home/airflow/.local/lib/python3.8/site-packages/airflow/example_dags/example_time_delta_sensor_async.py
[2025-07-03T17:38:07.096+0000] {processor.py:840} INFO - DAG(s) 'example_time_delta_sensor_async' retrieved from /home/airflow/.local/lib/python3.8/site-packages/airflow/example_dags/example_time_delta_sensor_async.py
[2025-07-03T17:38:07.275+0000] {logging_mixin.py:188} INFO - [2025-07-03T17:38:07.274+0000] {dag.py:3036} INFO - Sync 1 DAGs
[2025-07-03T17:38:07.331+0000] {logging_mixin.py:188} INFO - [2025-07-03T17:38:07.330+0000] {dag.py:3823} INFO - Setting next_dagrun for example_time_delta_sensor_async to None, run_after=None
[2025-07-03T17:38:07.417+0000] {processor.py:183} INFO - Processing /home/airflow/.local/lib/python3.8/site-packages/airflow/example_dags/example_time_delta_sensor_async.py took 0.396 seconds
[2025-07-03T17:38:37.627+0000] {processor.py:161} INFO - Started process (PID=584) to work on /home/airflow/.local/lib/python3.8/site-packages/airflow/example_dags/example_time_delta_sensor_async.py
[2025-07-03T17:38:37.630+0000] {processor.py:830} INFO - Processing file /home/airflow/.local/lib/python3.8/site-packages/airflow/example_dags/example_time_delta_sensor_async.py for tasks to queue
[2025-07-03T17:38:37.636+0000] {logging_mixin.py:188} INFO - [2025-07-03T17:38:37.634+0000] {dagbag.py:538} INFO - Filling up the DagBag from /home/airflow/.local/lib/python3.8/site-packages/airflow/example_dags/example_time_delta_sensor_async.py
[2025-07-03T17:38:37.644+0000] {processor.py:840} INFO - DAG(s) 'example_time_delta_sensor_async' retrieved from /home/airflow/.local/lib/python3.8/site-packages/airflow/example_dags/example_time_delta_sensor_async.py
[2025-07-03T17:38:37.737+0000] {logging_mixin.py:188} INFO - [2025-07-03T17:38:37.736+0000] {dag.py:3036} INFO - Sync 1 DAGs
[2025-07-03T17:38:37.779+0000] {logging_mixin.py:188} INFO - [2025-07-03T17:38:37.779+0000] {dag.py:3823} INFO - Setting next_dagrun for example_time_delta_sensor_async to None, run_after=None
[2025-07-03T17:38:37.815+0000] {processor.py:183} INFO - Processing /home/airflow/.local/lib/python3.8/site-packages/airflow/example_dags/example_time_delta_sensor_async.py took 0.206 seconds
[2025-07-03T17:39:08.658+0000] {processor.py:161} INFO - Started process (PID=648) to work on /home/airflow/.local/lib/python3.8/site-packages/airflow/example_dags/example_time_delta_sensor_async.py
[2025-07-03T17:39:08.666+0000] {processor.py:830} INFO - Processing file /home/airflow/.local/lib/python3.8/site-packages/airflow/example_dags/example_time_delta_sensor_async.py for tasks to queue
[2025-07-03T17:39:08.669+0000] {logging_mixin.py:188} INFO - [2025-07-03T17:39:08.669+0000] {dagbag.py:538} INFO - Filling up the DagBag from /home/airflow/.local/lib/python3.8/site-packages/airflow/example_dags/example_time_delta_sensor_async.py
[2025-07-03T17:39:08.679+0000] {processor.py:840} INFO - DAG(s) 'example_time_delta_sensor_async' retrieved from /home/airflow/.local/lib/python3.8/site-packages/airflow/example_dags/example_time_delta_sensor_async.py
[2025-07-03T17:39:08.759+0000] {logging_mixin.py:188} INFO - [2025-07-03T17:39:08.758+0000] {dag.py:3036} INFO - Sync 1 DAGs
[2025-07-03T17:39:08.786+0000] {logging_mixin.py:188} INFO - [2025-07-03T17:39:08.785+0000] {dag.py:3823} INFO - Setting next_dagrun for example_time_delta_sensor_async to None, run_after=None
[2025-07-03T17:39:08.829+0000] {processor.py:183} INFO - Processing /home/airflow/.local/lib/python3.8/site-packages/airflow/example_dags/example_time_delta_sensor_async.py took 0.193 seconds
[2025-07-03T17:39:39.894+0000] {processor.py:161} INFO - Started process (PID=714) to work on /home/airflow/.local/lib/python3.8/site-packages/airflow/example_dags/example_time_delta_sensor_async.py
[2025-07-03T17:39:39.902+0000] {processor.py:830} INFO - Processing file /home/airflow/.local/lib/python3.8/site-packages/airflow/example_dags/example_time_delta_sensor_async.py for tasks to queue
[2025-07-03T17:39:39.904+0000] {logging_mixin.py:188} INFO - [2025-07-03T17:39:39.904+0000] {dagbag.py:538} INFO - Filling up the DagBag from /home/airflow/.local/lib/python3.8/site-packages/airflow/example_dags/example_time_delta_sensor_async.py
[2025-07-03T17:39:39.911+0000] {processor.py:840} INFO - DAG(s) 'example_time_delta_sensor_async' retrieved from /home/airflow/.local/lib/python3.8/site-packages/airflow/example_dags/example_time_delta_sensor_async.py
[2025-07-03T17:39:39.998+0000] {logging_mixin.py:188} INFO - [2025-07-03T17:39:39.997+0000] {dag.py:3036} INFO - Sync 1 DAGs
[2025-07-03T17:39:40.043+0000] {logging_mixin.py:188} INFO - [2025-07-03T17:39:40.042+0000] {dag.py:3823} INFO - Setting next_dagrun for example_time_delta_sensor_async to None, run_after=None
[2025-07-03T17:39:40.117+0000] {processor.py:183} INFO - Processing /home/airflow/.local/lib/python3.8/site-packages/airflow/example_dags/example_time_delta_sensor_async.py took 0.251 seconds
[2025-07-03T17:40:10.202+0000] {processor.py:161} INFO - Started process (PID=771) to work on /home/airflow/.local/lib/python3.8/site-packages/airflow/example_dags/example_time_delta_sensor_async.py
[2025-07-03T17:40:10.204+0000] {processor.py:830} INFO - Processing file /home/airflow/.local/lib/python3.8/site-packages/airflow/example_dags/example_time_delta_sensor_async.py for tasks to queue
[2025-07-03T17:40:10.208+0000] {logging_mixin.py:188} INFO - [2025-07-03T17:40:10.208+0000] {dagbag.py:538} INFO - Filling up the DagBag from /home/airflow/.local/lib/python3.8/site-packages/airflow/example_dags/example_time_delta_sensor_async.py
[2025-07-03T17:40:10.227+0000] {processor.py:840} INFO - DAG(s) 'example_time_delta_sensor_async' retrieved from /home/airflow/.local/lib/python3.8/site-packages/airflow/example_dags/example_time_delta_sensor_async.py
[2025-07-03T17:40:10.264+0000] {logging_mixin.py:188} INFO - [2025-07-03T17:40:10.263+0000] {dag.py:3036} INFO - Sync 1 DAGs
[2025-07-03T17:40:10.284+0000] {logging_mixin.py:188} INFO - [2025-07-03T17:40:10.283+0000] {dag.py:3823} INFO - Setting next_dagrun for example_time_delta_sensor_async to None, run_after=None
[2025-07-03T17:40:10.309+0000] {processor.py:183} INFO - Processing /home/airflow/.local/lib/python3.8/site-packages/airflow/example_dags/example_time_delta_sensor_async.py took 0.114 seconds
[2025-07-03T17:40:40.568+0000] {processor.py:161} INFO - Started process (PID=837) to work on /home/airflow/.local/lib/python3.8/site-packages/airflow/example_dags/example_time_delta_sensor_async.py
[2025-07-03T17:40:40.570+0000] {processor.py:830} INFO - Processing file /home/airflow/.local/lib/python3.8/site-packages/airflow/example_dags/example_time_delta_sensor_async.py for tasks to queue
[2025-07-03T17:40:40.574+0000] {logging_mixin.py:188} INFO - [2025-07-03T17:40:40.573+0000] {dagbag.py:538} INFO - Filling up the DagBag from /home/airflow/.local/lib/python3.8/site-packages/airflow/example_dags/example_time_delta_sensor_async.py
[2025-07-03T17:40:40.581+0000] {processor.py:840} INFO - DAG(s) 'example_time_delta_sensor_async' retrieved from /home/airflow/.local/lib/python3.8/site-packages/airflow/example_dags/example_time_delta_sensor_async.py
[2025-07-03T17:40:40.615+0000] {logging_mixin.py:188} INFO - [2025-07-03T17:40:40.615+0000] {dag.py:3036} INFO - Sync 1 DAGs
[2025-07-03T17:40:40.634+0000] {logging_mixin.py:188} INFO - [2025-07-03T17:40:40.633+0000] {dag.py:3823} INFO - Setting next_dagrun for example_time_delta_sensor_async to None, run_after=None
[2025-07-03T17:40:40.659+0000] {processor.py:183} INFO - Processing /home/airflow/.local/lib/python3.8/site-packages/airflow/example_dags/example_time_delta_sensor_async.py took 0.096 seconds
[2025-07-03T17:41:11.349+0000] {processor.py:161} INFO - Started process (PID=901) to work on /home/airflow/.local/lib/python3.8/site-packages/airflow/example_dags/example_time_delta_sensor_async.py
[2025-07-03T17:41:11.352+0000] {processor.py:830} INFO - Processing file /home/airflow/.local/lib/python3.8/site-packages/airflow/example_dags/example_time_delta_sensor_async.py for tasks to queue
[2025-07-03T17:41:11.355+0000] {logging_mixin.py:188} INFO - [2025-07-03T17:41:11.354+0000] {dagbag.py:538} INFO - Filling up the DagBag from /home/airflow/.local/lib/python3.8/site-packages/airflow/example_dags/example_time_delta_sensor_async.py
[2025-07-03T17:41:11.367+0000] {processor.py:840} INFO - DAG(s) 'example_time_delta_sensor_async' retrieved from /home/airflow/.local/lib/python3.8/site-packages/airflow/example_dags/example_time_delta_sensor_async.py
[2025-07-03T17:41:11.419+0000] {logging_mixin.py:188} INFO - [2025-07-03T17:41:11.418+0000] {dag.py:3036} INFO - Sync 1 DAGs
[2025-07-03T17:41:11.441+0000] {logging_mixin.py:188} INFO - [2025-07-03T17:41:11.441+0000] {dag.py:3823} INFO - Setting next_dagrun for example_time_delta_sensor_async to None, run_after=None
[2025-07-03T17:41:11.478+0000] {processor.py:183} INFO - Processing /home/airflow/.local/lib/python3.8/site-packages/airflow/example_dags/example_time_delta_sensor_async.py took 0.134 seconds
[2025-07-03T17:41:41.929+0000] {processor.py:161} INFO - Started process (PID=967) to work on /home/airflow/.local/lib/python3.8/site-packages/airflow/example_dags/example_time_delta_sensor_async.py
[2025-07-03T17:41:41.945+0000] {processor.py:830} INFO - Processing file /home/airflow/.local/lib/python3.8/site-packages/airflow/example_dags/example_time_delta_sensor_async.py for tasks to queue
[2025-07-03T17:41:41.948+0000] {logging_mixin.py:188} INFO - [2025-07-03T17:41:41.947+0000] {dagbag.py:538} INFO - Filling up the DagBag from /home/airflow/.local/lib/python3.8/site-packages/airflow/example_dags/example_time_delta_sensor_async.py
[2025-07-03T17:41:41.961+0000] {processor.py:840} INFO - DAG(s) 'example_time_delta_sensor_async' retrieved from /home/airflow/.local/lib/python3.8/site-packages/airflow/example_dags/example_time_delta_sensor_async.py
[2025-07-03T17:41:42.033+0000] {logging_mixin.py:188} INFO - [2025-07-03T17:41:42.033+0000] {dag.py:3036} INFO - Sync 1 DAGs
[2025-07-03T17:41:42.061+0000] {logging_mixin.py:188} INFO - [2025-07-03T17:41:42.060+0000] {dag.py:3823} INFO - Setting next_dagrun for example_time_delta_sensor_async to None, run_after=None
[2025-07-03T17:41:42.094+0000] {processor.py:183} INFO - Processing /home/airflow/.local/lib/python3.8/site-packages/airflow/example_dags/example_time_delta_sensor_async.py took 0.181 seconds
[2025-07-03T17:42:12.323+0000] {processor.py:161} INFO - Started process (PID=1032) to work on /home/airflow/.local/lib/python3.8/site-packages/airflow/example_dags/example_time_delta_sensor_async.py
[2025-07-03T17:42:12.324+0000] {processor.py:830} INFO - Processing file /home/airflow/.local/lib/python3.8/site-packages/airflow/example_dags/example_time_delta_sensor_async.py for tasks to queue
[2025-07-03T17:42:12.326+0000] {logging_mixin.py:188} INFO - [2025-07-03T17:42:12.326+0000] {dagbag.py:538} INFO - Filling up the DagBag from /home/airflow/.local/lib/python3.8/site-packages/airflow/example_dags/example_time_delta_sensor_async.py
[2025-07-03T17:42:12.333+0000] {processor.py:840} INFO - DAG(s) 'example_time_delta_sensor_async' retrieved from /home/airflow/.local/lib/python3.8/site-packages/airflow/example_dags/example_time_delta_sensor_async.py
[2025-07-03T17:42:12.413+0000] {logging_mixin.py:188} INFO - [2025-07-03T17:42:12.413+0000] {dag.py:3036} INFO - Sync 1 DAGs
[2025-07-03T17:42:12.442+0000] {logging_mixin.py:188} INFO - [2025-07-03T17:42:12.441+0000] {dag.py:3823} INFO - Setting next_dagrun for example_time_delta_sensor_async to None, run_after=None
[2025-07-03T17:42:12.483+0000] {processor.py:183} INFO - Processing /home/airflow/.local/lib/python3.8/site-packages/airflow/example_dags/example_time_delta_sensor_async.py took 0.165 seconds
[2025-07-03T17:42:42.569+0000] {processor.py:161} INFO - Started process (PID=1097) to work on /home/airflow/.local/lib/python3.8/site-packages/airflow/example_dags/example_time_delta_sensor_async.py
[2025-07-03T17:42:42.570+0000] {processor.py:830} INFO - Processing file /home/airflow/.local/lib/python3.8/site-packages/airflow/example_dags/example_time_delta_sensor_async.py for tasks to queue
[2025-07-03T17:42:42.572+0000] {logging_mixin.py:188} INFO - [2025-07-03T17:42:42.572+0000] {dagbag.py:538} INFO - Filling up the DagBag from /home/airflow/.local/lib/python3.8/site-packages/airflow/example_dags/example_time_delta_sensor_async.py
[2025-07-03T17:42:42.579+0000] {processor.py:840} INFO - DAG(s) 'example_time_delta_sensor_async' retrieved from /home/airflow/.local/lib/python3.8/site-packages/airflow/example_dags/example_time_delta_sensor_async.py
[2025-07-03T17:42:42.606+0000] {logging_mixin.py:188} INFO - [2025-07-03T17:42:42.606+0000] {dag.py:3036} INFO - Sync 1 DAGs
[2025-07-03T17:42:42.623+0000] {logging_mixin.py:188} INFO - [2025-07-03T17:42:42.623+0000] {dag.py:3823} INFO - Setting next_dagrun for example_time_delta_sensor_async to None, run_after=None
[2025-07-03T17:42:42.650+0000] {processor.py:183} INFO - Processing /home/airflow/.local/lib/python3.8/site-packages/airflow/example_dags/example_time_delta_sensor_async.py took 0.086 seconds
[2025-07-03T17:43:13.742+0000] {processor.py:161} INFO - Started process (PID=1170) to work on /home/airflow/.local/lib/python3.8/site-packages/airflow/example_dags/example_time_delta_sensor_async.py
[2025-07-03T17:43:13.749+0000] {processor.py:830} INFO - Processing file /home/airflow/.local/lib/python3.8/site-packages/airflow/example_dags/example_time_delta_sensor_async.py for tasks to queue
[2025-07-03T17:43:13.752+0000] {logging_mixin.py:188} INFO - [2025-07-03T17:43:13.751+0000] {dagbag.py:538} INFO - Filling up the DagBag from /home/airflow/.local/lib/python3.8/site-packages/airflow/example_dags/example_time_delta_sensor_async.py
[2025-07-03T17:43:13.762+0000] {processor.py:840} INFO - DAG(s) 'example_time_delta_sensor_async' retrieved from /home/airflow/.local/lib/python3.8/site-packages/airflow/example_dags/example_time_delta_sensor_async.py
[2025-07-03T17:43:13.809+0000] {logging_mixin.py:188} INFO - [2025-07-03T17:43:13.808+0000] {dag.py:3036} INFO - Sync 1 DAGs
[2025-07-03T17:43:13.833+0000] {logging_mixin.py:188} INFO - [2025-07-03T17:43:13.832+0000] {dag.py:3823} INFO - Setting next_dagrun for example_time_delta_sensor_async to None, run_after=None
[2025-07-03T17:43:13.864+0000] {processor.py:183} INFO - Processing /home/airflow/.local/lib/python3.8/site-packages/airflow/example_dags/example_time_delta_sensor_async.py took 0.135 seconds
[2025-07-03T17:43:44.392+0000] {processor.py:161} INFO - Started process (PID=1236) to work on /home/airflow/.local/lib/python3.8/site-packages/airflow/example_dags/example_time_delta_sensor_async.py
[2025-07-03T17:43:44.393+0000] {processor.py:830} INFO - Processing file /home/airflow/.local/lib/python3.8/site-packages/airflow/example_dags/example_time_delta_sensor_async.py for tasks to queue
[2025-07-03T17:43:44.396+0000] {logging_mixin.py:188} INFO - [2025-07-03T17:43:44.395+0000] {dagbag.py:538} INFO - Filling up the DagBag from /home/airflow/.local/lib/python3.8/site-packages/airflow/example_dags/example_time_delta_sensor_async.py
[2025-07-03T17:43:44.410+0000] {processor.py:840} INFO - DAG(s) 'example_time_delta_sensor_async' retrieved from /home/airflow/.local/lib/python3.8/site-packages/airflow/example_dags/example_time_delta_sensor_async.py
[2025-07-03T17:43:44.460+0000] {logging_mixin.py:188} INFO - [2025-07-03T17:43:44.459+0000] {dag.py:3036} INFO - Sync 1 DAGs
[2025-07-03T17:43:44.484+0000] {logging_mixin.py:188} INFO - [2025-07-03T17:43:44.483+0000] {dag.py:3823} INFO - Setting next_dagrun for example_time_delta_sensor_async to None, run_after=None
[2025-07-03T17:43:44.513+0000] {processor.py:183} INFO - Processing /home/airflow/.local/lib/python3.8/site-packages/airflow/example_dags/example_time_delta_sensor_async.py took 0.131 seconds
[2025-07-03T17:44:15.002+0000] {processor.py:161} INFO - Started process (PID=1301) to work on /home/airflow/.local/lib/python3.8/site-packages/airflow/example_dags/example_time_delta_sensor_async.py
[2025-07-03T17:44:15.004+0000] {processor.py:830} INFO - Processing file /home/airflow/.local/lib/python3.8/site-packages/airflow/example_dags/example_time_delta_sensor_async.py for tasks to queue
[2025-07-03T17:44:15.006+0000] {logging_mixin.py:188} INFO - [2025-07-03T17:44:15.005+0000] {dagbag.py:538} INFO - Filling up the DagBag from /home/airflow/.local/lib/python3.8/site-packages/airflow/example_dags/example_time_delta_sensor_async.py
[2025-07-03T17:44:15.012+0000] {processor.py:840} INFO - DAG(s) 'example_time_delta_sensor_async' retrieved from /home/airflow/.local/lib/python3.8/site-packages/airflow/example_dags/example_time_delta_sensor_async.py
[2025-07-03T17:44:15.044+0000] {logging_mixin.py:188} INFO - [2025-07-03T17:44:15.043+0000] {dag.py:3036} INFO - Sync 1 DAGs
[2025-07-03T17:44:15.066+0000] {logging_mixin.py:188} INFO - [2025-07-03T17:44:15.066+0000] {dag.py:3823} INFO - Setting next_dagrun for example_time_delta_sensor_async to None, run_after=None
[2025-07-03T17:44:15.090+0000] {processor.py:183} INFO - Processing /home/airflow/.local/lib/python3.8/site-packages/airflow/example_dags/example_time_delta_sensor_async.py took 0.093 seconds
[2025-07-03T17:44:45.792+0000] {processor.py:161} INFO - Started process (PID=1366) to work on /home/airflow/.local/lib/python3.8/site-packages/airflow/example_dags/example_time_delta_sensor_async.py
[2025-07-03T17:44:45.801+0000] {processor.py:830} INFO - Processing file /home/airflow/.local/lib/python3.8/site-packages/airflow/example_dags/example_time_delta_sensor_async.py for tasks to queue
[2025-07-03T17:44:45.816+0000] {logging_mixin.py:188} INFO - [2025-07-03T17:44:45.813+0000] {dagbag.py:538} INFO - Filling up the DagBag from /home/airflow/.local/lib/python3.8/site-packages/airflow/example_dags/example_time_delta_sensor_async.py
[2025-07-03T17:44:45.831+0000] {processor.py:840} INFO - DAG(s) 'example_time_delta_sensor_async' retrieved from /home/airflow/.local/lib/python3.8/site-packages/airflow/example_dags/example_time_delta_sensor_async.py
[2025-07-03T17:44:45.885+0000] {logging_mixin.py:188} INFO - [2025-07-03T17:44:45.885+0000] {dag.py:3036} INFO - Sync 1 DAGs
[2025-07-03T17:44:45.924+0000] {logging_mixin.py:188} INFO - [2025-07-03T17:44:45.923+0000] {dag.py:3823} INFO - Setting next_dagrun for example_time_delta_sensor_async to None, run_after=None
[2025-07-03T17:44:46.009+0000] {processor.py:183} INFO - Processing /home/airflow/.local/lib/python3.8/site-packages/airflow/example_dags/example_time_delta_sensor_async.py took 0.232 seconds
[2025-07-03T17:45:16.380+0000] {processor.py:161} INFO - Started process (PID=1431) to work on /home/airflow/.local/lib/python3.8/site-packages/airflow/example_dags/example_time_delta_sensor_async.py
[2025-07-03T17:45:16.382+0000] {processor.py:830} INFO - Processing file /home/airflow/.local/lib/python3.8/site-packages/airflow/example_dags/example_time_delta_sensor_async.py for tasks to queue
[2025-07-03T17:45:16.388+0000] {logging_mixin.py:188} INFO - [2025-07-03T17:45:16.384+0000] {dagbag.py:538} INFO - Filling up the DagBag from /home/airflow/.local/lib/python3.8/site-packages/airflow/example_dags/example_time_delta_sensor_async.py
[2025-07-03T17:45:16.395+0000] {processor.py:840} INFO - DAG(s) 'example_time_delta_sensor_async' retrieved from /home/airflow/.local/lib/python3.8/site-packages/airflow/example_dags/example_time_delta_sensor_async.py
[2025-07-03T17:45:16.437+0000] {logging_mixin.py:188} INFO - [2025-07-03T17:45:16.436+0000] {dag.py:3036} INFO - Sync 1 DAGs
[2025-07-03T17:45:16.460+0000] {logging_mixin.py:188} INFO - [2025-07-03T17:45:16.459+0000] {dag.py:3823} INFO - Setting next_dagrun for example_time_delta_sensor_async to None, run_after=None
[2025-07-03T17:45:16.490+0000] {processor.py:183} INFO - Processing /home/airflow/.local/lib/python3.8/site-packages/airflow/example_dags/example_time_delta_sensor_async.py took 0.115 seconds
[2025-07-03T17:45:46.946+0000] {processor.py:161} INFO - Started process (PID=1488) to work on /home/airflow/.local/lib/python3.8/site-packages/airflow/example_dags/example_time_delta_sensor_async.py
[2025-07-03T17:45:46.949+0000] {processor.py:830} INFO - Processing file /home/airflow/.local/lib/python3.8/site-packages/airflow/example_dags/example_time_delta_sensor_async.py for tasks to queue
[2025-07-03T17:45:46.952+0000] {logging_mixin.py:188} INFO - [2025-07-03T17:45:46.951+0000] {dagbag.py:538} INFO - Filling up the DagBag from /home/airflow/.local/lib/python3.8/site-packages/airflow/example_dags/example_time_delta_sensor_async.py
[2025-07-03T17:45:46.959+0000] {processor.py:840} INFO - DAG(s) 'example_time_delta_sensor_async' retrieved from /home/airflow/.local/lib/python3.8/site-packages/airflow/example_dags/example_time_delta_sensor_async.py
[2025-07-03T17:45:46.989+0000] {logging_mixin.py:188} INFO - [2025-07-03T17:45:46.989+0000] {dag.py:3036} INFO - Sync 1 DAGs
[2025-07-03T17:45:47.006+0000] {logging_mixin.py:188} INFO - [2025-07-03T17:45:47.006+0000] {dag.py:3823} INFO - Setting next_dagrun for example_time_delta_sensor_async to None, run_after=None
[2025-07-03T17:45:47.032+0000] {processor.py:183} INFO - Processing /home/airflow/.local/lib/python3.8/site-packages/airflow/example_dags/example_time_delta_sensor_async.py took 0.090 seconds
[2025-07-03T17:46:17.345+0000] {processor.py:161} INFO - Started process (PID=1553) to work on /home/airflow/.local/lib/python3.8/site-packages/airflow/example_dags/example_time_delta_sensor_async.py
[2025-07-03T17:46:17.346+0000] {processor.py:830} INFO - Processing file /home/airflow/.local/lib/python3.8/site-packages/airflow/example_dags/example_time_delta_sensor_async.py for tasks to queue
[2025-07-03T17:46:17.348+0000] {logging_mixin.py:188} INFO - [2025-07-03T17:46:17.348+0000] {dagbag.py:538} INFO - Filling up the DagBag from /home/airflow/.local/lib/python3.8/site-packages/airflow/example_dags/example_time_delta_sensor_async.py
[2025-07-03T17:46:17.355+0000] {processor.py:840} INFO - DAG(s) 'example_time_delta_sensor_async' retrieved from /home/airflow/.local/lib/python3.8/site-packages/airflow/example_dags/example_time_delta_sensor_async.py
[2025-07-03T17:46:17.386+0000] {logging_mixin.py:188} INFO - [2025-07-03T17:46:17.386+0000] {dag.py:3036} INFO - Sync 1 DAGs
[2025-07-03T17:46:17.409+0000] {logging_mixin.py:188} INFO - [2025-07-03T17:46:17.409+0000] {dag.py:3823} INFO - Setting next_dagrun for example_time_delta_sensor_async to None, run_after=None
[2025-07-03T17:46:17.444+0000] {processor.py:183} INFO - Processing /home/airflow/.local/lib/python3.8/site-packages/airflow/example_dags/example_time_delta_sensor_async.py took 0.103 seconds
[2025-07-03T17:46:48.083+0000] {processor.py:161} INFO - Started process (PID=1615) to work on /home/airflow/.local/lib/python3.8/site-packages/airflow/example_dags/example_time_delta_sensor_async.py
[2025-07-03T17:46:48.084+0000] {processor.py:830} INFO - Processing file /home/airflow/.local/lib/python3.8/site-packages/airflow/example_dags/example_time_delta_sensor_async.py for tasks to queue
[2025-07-03T17:46:48.086+0000] {logging_mixin.py:188} INFO - [2025-07-03T17:46:48.086+0000] {dagbag.py:538} INFO - Filling up the DagBag from /home/airflow/.local/lib/python3.8/site-packages/airflow/example_dags/example_time_delta_sensor_async.py
[2025-07-03T17:46:48.093+0000] {processor.py:840} INFO - DAG(s) 'example_time_delta_sensor_async' retrieved from /home/airflow/.local/lib/python3.8/site-packages/airflow/example_dags/example_time_delta_sensor_async.py
[2025-07-03T17:46:48.123+0000] {logging_mixin.py:188} INFO - [2025-07-03T17:46:48.123+0000] {dag.py:3036} INFO - Sync 1 DAGs
[2025-07-03T17:46:48.146+0000] {logging_mixin.py:188} INFO - [2025-07-03T17:46:48.146+0000] {dag.py:3823} INFO - Setting next_dagrun for example_time_delta_sensor_async to None, run_after=None
[2025-07-03T17:46:48.178+0000] {processor.py:183} INFO - Processing /home/airflow/.local/lib/python3.8/site-packages/airflow/example_dags/example_time_delta_sensor_async.py took 0.100 seconds
[2025-07-03T17:47:18.573+0000] {processor.py:161} INFO - Started process (PID=1680) to work on /home/airflow/.local/lib/python3.8/site-packages/airflow/example_dags/example_time_delta_sensor_async.py
[2025-07-03T17:47:18.574+0000] {processor.py:830} INFO - Processing file /home/airflow/.local/lib/python3.8/site-packages/airflow/example_dags/example_time_delta_sensor_async.py for tasks to queue
[2025-07-03T17:47:18.578+0000] {logging_mixin.py:188} INFO - [2025-07-03T17:47:18.577+0000] {dagbag.py:538} INFO - Filling up the DagBag from /home/airflow/.local/lib/python3.8/site-packages/airflow/example_dags/example_time_delta_sensor_async.py
[2025-07-03T17:47:18.584+0000] {processor.py:840} INFO - DAG(s) 'example_time_delta_sensor_async' retrieved from /home/airflow/.local/lib/python3.8/site-packages/airflow/example_dags/example_time_delta_sensor_async.py
[2025-07-03T17:47:18.615+0000] {logging_mixin.py:188} INFO - [2025-07-03T17:47:18.615+0000] {dag.py:3036} INFO - Sync 1 DAGs
[2025-07-03T17:47:18.640+0000] {logging_mixin.py:188} INFO - [2025-07-03T17:47:18.640+0000] {dag.py:3823} INFO - Setting next_dagrun for example_time_delta_sensor_async to None, run_after=None
[2025-07-03T17:47:18.686+0000] {processor.py:183} INFO - Processing /home/airflow/.local/lib/python3.8/site-packages/airflow/example_dags/example_time_delta_sensor_async.py took 0.122 seconds
[2025-07-03T17:47:49.710+0000] {processor.py:161} INFO - Started process (PID=1752) to work on /home/airflow/.local/lib/python3.8/site-packages/airflow/example_dags/example_time_delta_sensor_async.py
[2025-07-03T17:47:49.713+0000] {processor.py:830} INFO - Processing file /home/airflow/.local/lib/python3.8/site-packages/airflow/example_dags/example_time_delta_sensor_async.py for tasks to queue
[2025-07-03T17:47:49.718+0000] {logging_mixin.py:188} INFO - [2025-07-03T17:47:49.717+0000] {dagbag.py:538} INFO - Filling up the DagBag from /home/airflow/.local/lib/python3.8/site-packages/airflow/example_dags/example_time_delta_sensor_async.py
[2025-07-03T17:47:49.740+0000] {processor.py:840} INFO - DAG(s) 'example_time_delta_sensor_async' retrieved from /home/airflow/.local/lib/python3.8/site-packages/airflow/example_dags/example_time_delta_sensor_async.py
[2025-07-03T17:47:49.780+0000] {logging_mixin.py:188} INFO - [2025-07-03T17:47:49.780+0000] {dag.py:3036} INFO - Sync 1 DAGs
[2025-07-03T17:47:49.804+0000] {logging_mixin.py:188} INFO - [2025-07-03T17:47:49.804+0000] {dag.py:3823} INFO - Setting next_dagrun for example_time_delta_sensor_async to None, run_after=None
[2025-07-03T17:47:49.836+0000] {processor.py:183} INFO - Processing /home/airflow/.local/lib/python3.8/site-packages/airflow/example_dags/example_time_delta_sensor_async.py took 0.144 seconds
[2025-07-03T17:48:19.900+0000] {processor.py:161} INFO - Started process (PID=1817) to work on /home/airflow/.local/lib/python3.8/site-packages/airflow/example_dags/example_time_delta_sensor_async.py
[2025-07-03T17:48:19.909+0000] {processor.py:830} INFO - Processing file /home/airflow/.local/lib/python3.8/site-packages/airflow/example_dags/example_time_delta_sensor_async.py for tasks to queue
[2025-07-03T17:48:19.911+0000] {logging_mixin.py:188} INFO - [2025-07-03T17:48:19.911+0000] {dagbag.py:538} INFO - Filling up the DagBag from /home/airflow/.local/lib/python3.8/site-packages/airflow/example_dags/example_time_delta_sensor_async.py
[2025-07-03T17:48:19.923+0000] {processor.py:840} INFO - DAG(s) 'example_time_delta_sensor_async' retrieved from /home/airflow/.local/lib/python3.8/site-packages/airflow/example_dags/example_time_delta_sensor_async.py
[2025-07-03T17:48:20.007+0000] {logging_mixin.py:188} INFO - [2025-07-03T17:48:20.007+0000] {dag.py:3036} INFO - Sync 1 DAGs
[2025-07-03T17:48:20.061+0000] {logging_mixin.py:188} INFO - [2025-07-03T17:48:20.060+0000] {dag.py:3823} INFO - Setting next_dagrun for example_time_delta_sensor_async to None, run_after=None
[2025-07-03T17:48:20.122+0000] {processor.py:183} INFO - Processing /home/airflow/.local/lib/python3.8/site-packages/airflow/example_dags/example_time_delta_sensor_async.py took 0.231 seconds
[2025-07-03T17:48:50.821+0000] {processor.py:161} INFO - Started process (PID=1884) to work on /home/airflow/.local/lib/python3.8/site-packages/airflow/example_dags/example_time_delta_sensor_async.py
[2025-07-03T17:48:50.825+0000] {processor.py:830} INFO - Processing file /home/airflow/.local/lib/python3.8/site-packages/airflow/example_dags/example_time_delta_sensor_async.py for tasks to queue
[2025-07-03T17:48:50.827+0000] {logging_mixin.py:188} INFO - [2025-07-03T17:48:50.827+0000] {dagbag.py:538} INFO - Filling up the DagBag from /home/airflow/.local/lib/python3.8/site-packages/airflow/example_dags/example_time_delta_sensor_async.py
[2025-07-03T17:48:50.842+0000] {processor.py:840} INFO - DAG(s) 'example_time_delta_sensor_async' retrieved from /home/airflow/.local/lib/python3.8/site-packages/airflow/example_dags/example_time_delta_sensor_async.py
[2025-07-03T17:48:50.894+0000] {logging_mixin.py:188} INFO - [2025-07-03T17:48:50.892+0000] {dag.py:3036} INFO - Sync 1 DAGs
[2025-07-03T17:48:50.940+0000] {logging_mixin.py:188} INFO - [2025-07-03T17:48:50.939+0000] {dag.py:3823} INFO - Setting next_dagrun for example_time_delta_sensor_async to None, run_after=None
[2025-07-03T17:48:50.972+0000] {processor.py:183} INFO - Processing /home/airflow/.local/lib/python3.8/site-packages/airflow/example_dags/example_time_delta_sensor_async.py took 0.159 seconds
[2025-07-03T17:49:21.463+0000] {processor.py:161} INFO - Started process (PID=1949) to work on /home/airflow/.local/lib/python3.8/site-packages/airflow/example_dags/example_time_delta_sensor_async.py
[2025-07-03T17:49:21.464+0000] {processor.py:830} INFO - Processing file /home/airflow/.local/lib/python3.8/site-packages/airflow/example_dags/example_time_delta_sensor_async.py for tasks to queue
[2025-07-03T17:49:21.468+0000] {logging_mixin.py:188} INFO - [2025-07-03T17:49:21.466+0000] {dagbag.py:538} INFO - Filling up the DagBag from /home/airflow/.local/lib/python3.8/site-packages/airflow/example_dags/example_time_delta_sensor_async.py
[2025-07-03T17:49:21.475+0000] {processor.py:840} INFO - DAG(s) 'example_time_delta_sensor_async' retrieved from /home/airflow/.local/lib/python3.8/site-packages/airflow/example_dags/example_time_delta_sensor_async.py
[2025-07-03T17:49:21.522+0000] {logging_mixin.py:188} INFO - [2025-07-03T17:49:21.521+0000] {dag.py:3036} INFO - Sync 1 DAGs
[2025-07-03T17:49:21.546+0000] {logging_mixin.py:188} INFO - [2025-07-03T17:49:21.545+0000] {dag.py:3823} INFO - Setting next_dagrun for example_time_delta_sensor_async to None, run_after=None
[2025-07-03T17:49:21.578+0000] {processor.py:183} INFO - Processing /home/airflow/.local/lib/python3.8/site-packages/airflow/example_dags/example_time_delta_sensor_async.py took 0.128 seconds
[2025-07-03T17:49:52.147+0000] {processor.py:161} INFO - Started process (PID=2015) to work on /home/airflow/.local/lib/python3.8/site-packages/airflow/example_dags/example_time_delta_sensor_async.py
[2025-07-03T17:49:52.148+0000] {processor.py:830} INFO - Processing file /home/airflow/.local/lib/python3.8/site-packages/airflow/example_dags/example_time_delta_sensor_async.py for tasks to queue
[2025-07-03T17:49:52.151+0000] {logging_mixin.py:188} INFO - [2025-07-03T17:49:52.150+0000] {dagbag.py:538} INFO - Filling up the DagBag from /home/airflow/.local/lib/python3.8/site-packages/airflow/example_dags/example_time_delta_sensor_async.py
[2025-07-03T17:49:52.158+0000] {processor.py:840} INFO - DAG(s) 'example_time_delta_sensor_async' retrieved from /home/airflow/.local/lib/python3.8/site-packages/airflow/example_dags/example_time_delta_sensor_async.py
[2025-07-03T17:49:52.193+0000] {logging_mixin.py:188} INFO - [2025-07-03T17:49:52.193+0000] {dag.py:3036} INFO - Sync 1 DAGs
[2025-07-03T17:49:52.217+0000] {logging_mixin.py:188} INFO - [2025-07-03T17:49:52.216+0000] {dag.py:3823} INFO - Setting next_dagrun for example_time_delta_sensor_async to None, run_after=None
[2025-07-03T17:49:52.247+0000] {processor.py:183} INFO - Processing /home/airflow/.local/lib/python3.8/site-packages/airflow/example_dags/example_time_delta_sensor_async.py took 0.106 seconds
[2025-07-03T17:50:22.691+0000] {processor.py:161} INFO - Started process (PID=2081) to work on /home/airflow/.local/lib/python3.8/site-packages/airflow/example_dags/example_time_delta_sensor_async.py
[2025-07-03T17:50:22.693+0000] {processor.py:830} INFO - Processing file /home/airflow/.local/lib/python3.8/site-packages/airflow/example_dags/example_time_delta_sensor_async.py for tasks to queue
[2025-07-03T17:50:22.695+0000] {logging_mixin.py:188} INFO - [2025-07-03T17:50:22.694+0000] {dagbag.py:538} INFO - Filling up the DagBag from /home/airflow/.local/lib/python3.8/site-packages/airflow/example_dags/example_time_delta_sensor_async.py
[2025-07-03T17:50:22.701+0000] {processor.py:840} INFO - DAG(s) 'example_time_delta_sensor_async' retrieved from /home/airflow/.local/lib/python3.8/site-packages/airflow/example_dags/example_time_delta_sensor_async.py
[2025-07-03T17:50:22.737+0000] {logging_mixin.py:188} INFO - [2025-07-03T17:50:22.736+0000] {dag.py:3036} INFO - Sync 1 DAGs
[2025-07-03T17:50:22.759+0000] {logging_mixin.py:188} INFO - [2025-07-03T17:50:22.759+0000] {dag.py:3823} INFO - Setting next_dagrun for example_time_delta_sensor_async to None, run_after=None
[2025-07-03T17:50:22.789+0000] {processor.py:183} INFO - Processing /home/airflow/.local/lib/python3.8/site-packages/airflow/example_dags/example_time_delta_sensor_async.py took 0.102 seconds
[2025-07-03T17:50:53.506+0000] {processor.py:161} INFO - Started process (PID=2144) to work on /home/airflow/.local/lib/python3.8/site-packages/airflow/example_dags/example_time_delta_sensor_async.py
[2025-07-03T17:50:53.517+0000] {processor.py:830} INFO - Processing file /home/airflow/.local/lib/python3.8/site-packages/airflow/example_dags/example_time_delta_sensor_async.py for tasks to queue
[2025-07-03T17:50:53.520+0000] {logging_mixin.py:188} INFO - [2025-07-03T17:50:53.519+0000] {dagbag.py:538} INFO - Filling up the DagBag from /home/airflow/.local/lib/python3.8/site-packages/airflow/example_dags/example_time_delta_sensor_async.py
[2025-07-03T17:50:53.528+0000] {processor.py:840} INFO - DAG(s) 'example_time_delta_sensor_async' retrieved from /home/airflow/.local/lib/python3.8/site-packages/airflow/example_dags/example_time_delta_sensor_async.py
[2025-07-03T17:50:53.593+0000] {logging_mixin.py:188} INFO - [2025-07-03T17:50:53.593+0000] {dag.py:3036} INFO - Sync 1 DAGs
[2025-07-03T17:50:53.632+0000] {logging_mixin.py:188} INFO - [2025-07-03T17:50:53.632+0000] {dag.py:3823} INFO - Setting next_dagrun for example_time_delta_sensor_async to None, run_after=None
[2025-07-03T17:50:53.714+0000] {processor.py:183} INFO - Processing /home/airflow/.local/lib/python3.8/site-packages/airflow/example_dags/example_time_delta_sensor_async.py took 0.225 seconds
[2025-07-03T17:51:23.880+0000] {processor.py:161} INFO - Started process (PID=2209) to work on /home/airflow/.local/lib/python3.8/site-packages/airflow/example_dags/example_time_delta_sensor_async.py
[2025-07-03T17:51:23.893+0000] {processor.py:830} INFO - Processing file /home/airflow/.local/lib/python3.8/site-packages/airflow/example_dags/example_time_delta_sensor_async.py for tasks to queue
[2025-07-03T17:51:23.896+0000] {logging_mixin.py:188} INFO - [2025-07-03T17:51:23.895+0000] {dagbag.py:538} INFO - Filling up the DagBag from /home/airflow/.local/lib/python3.8/site-packages/airflow/example_dags/example_time_delta_sensor_async.py
[2025-07-03T17:51:23.926+0000] {processor.py:840} INFO - DAG(s) 'example_time_delta_sensor_async' retrieved from /home/airflow/.local/lib/python3.8/site-packages/airflow/example_dags/example_time_delta_sensor_async.py
[2025-07-03T17:51:23.986+0000] {logging_mixin.py:188} INFO - [2025-07-03T17:51:23.985+0000] {dag.py:3036} INFO - Sync 1 DAGs
[2025-07-03T17:51:24.028+0000] {logging_mixin.py:188} INFO - [2025-07-03T17:51:24.028+0000] {dag.py:3823} INFO - Setting next_dagrun for example_time_delta_sensor_async to None, run_after=None
[2025-07-03T17:51:24.094+0000] {processor.py:183} INFO - Processing /home/airflow/.local/lib/python3.8/site-packages/airflow/example_dags/example_time_delta_sensor_async.py took 0.230 seconds
[2025-07-03T17:51:54.710+0000] {processor.py:161} INFO - Started process (PID=2274) to work on /home/airflow/.local/lib/python3.8/site-packages/airflow/example_dags/example_time_delta_sensor_async.py
[2025-07-03T17:51:54.711+0000] {processor.py:830} INFO - Processing file /home/airflow/.local/lib/python3.8/site-packages/airflow/example_dags/example_time_delta_sensor_async.py for tasks to queue
[2025-07-03T17:51:54.714+0000] {logging_mixin.py:188} INFO - [2025-07-03T17:51:54.713+0000] {dagbag.py:538} INFO - Filling up the DagBag from /home/airflow/.local/lib/python3.8/site-packages/airflow/example_dags/example_time_delta_sensor_async.py
[2025-07-03T17:51:54.720+0000] {processor.py:840} INFO - DAG(s) 'example_time_delta_sensor_async' retrieved from /home/airflow/.local/lib/python3.8/site-packages/airflow/example_dags/example_time_delta_sensor_async.py
[2025-07-03T17:51:54.753+0000] {logging_mixin.py:188} INFO - [2025-07-03T17:51:54.752+0000] {dag.py:3036} INFO - Sync 1 DAGs
[2025-07-03T17:51:54.776+0000] {logging_mixin.py:188} INFO - [2025-07-03T17:51:54.776+0000] {dag.py:3823} INFO - Setting next_dagrun for example_time_delta_sensor_async to None, run_after=None
[2025-07-03T17:51:54.824+0000] {processor.py:183} INFO - Processing /home/airflow/.local/lib/python3.8/site-packages/airflow/example_dags/example_time_delta_sensor_async.py took 0.119 seconds
[2025-07-03T17:52:25.256+0000] {processor.py:161} INFO - Started process (PID=2340) to work on /home/airflow/.local/lib/python3.8/site-packages/airflow/example_dags/example_time_delta_sensor_async.py
[2025-07-03T17:52:25.258+0000] {processor.py:830} INFO - Processing file /home/airflow/.local/lib/python3.8/site-packages/airflow/example_dags/example_time_delta_sensor_async.py for tasks to queue
[2025-07-03T17:52:25.260+0000] {logging_mixin.py:188} INFO - [2025-07-03T17:52:25.260+0000] {dagbag.py:538} INFO - Filling up the DagBag from /home/airflow/.local/lib/python3.8/site-packages/airflow/example_dags/example_time_delta_sensor_async.py
[2025-07-03T17:52:25.267+0000] {processor.py:840} INFO - DAG(s) 'example_time_delta_sensor_async' retrieved from /home/airflow/.local/lib/python3.8/site-packages/airflow/example_dags/example_time_delta_sensor_async.py
[2025-07-03T17:52:25.298+0000] {logging_mixin.py:188} INFO - [2025-07-03T17:52:25.298+0000] {dag.py:3036} INFO - Sync 1 DAGs
[2025-07-03T17:52:25.321+0000] {logging_mixin.py:188} INFO - [2025-07-03T17:52:25.321+0000] {dag.py:3823} INFO - Setting next_dagrun for example_time_delta_sensor_async to None, run_after=None
[2025-07-03T17:52:25.354+0000] {processor.py:183} INFO - Processing /home/airflow/.local/lib/python3.8/site-packages/airflow/example_dags/example_time_delta_sensor_async.py took 0.102 seconds
[2025-07-03T17:52:56.237+0000] {processor.py:161} INFO - Started process (PID=2406) to work on /home/airflow/.local/lib/python3.8/site-packages/airflow/example_dags/example_time_delta_sensor_async.py
[2025-07-03T17:52:56.239+0000] {processor.py:830} INFO - Processing file /home/airflow/.local/lib/python3.8/site-packages/airflow/example_dags/example_time_delta_sensor_async.py for tasks to queue
[2025-07-03T17:52:56.242+0000] {logging_mixin.py:188} INFO - [2025-07-03T17:52:56.242+0000] {dagbag.py:538} INFO - Filling up the DagBag from /home/airflow/.local/lib/python3.8/site-packages/airflow/example_dags/example_time_delta_sensor_async.py
[2025-07-03T17:52:56.250+0000] {processor.py:840} INFO - DAG(s) 'example_time_delta_sensor_async' retrieved from /home/airflow/.local/lib/python3.8/site-packages/airflow/example_dags/example_time_delta_sensor_async.py
[2025-07-03T17:52:56.284+0000] {logging_mixin.py:188} INFO - [2025-07-03T17:52:56.284+0000] {dag.py:3036} INFO - Sync 1 DAGs
[2025-07-03T17:52:56.309+0000] {logging_mixin.py:188} INFO - [2025-07-03T17:52:56.308+0000] {dag.py:3823} INFO - Setting next_dagrun for example_time_delta_sensor_async to None, run_after=None
[2025-07-03T17:52:56.337+0000] {processor.py:183} INFO - Processing /home/airflow/.local/lib/python3.8/site-packages/airflow/example_dags/example_time_delta_sensor_async.py took 0.105 seconds
[2025-07-03T17:53:27.110+0000] {processor.py:161} INFO - Started process (PID=2472) to work on /home/airflow/.local/lib/python3.8/site-packages/airflow/example_dags/example_time_delta_sensor_async.py
[2025-07-03T17:53:27.113+0000] {processor.py:830} INFO - Processing file /home/airflow/.local/lib/python3.8/site-packages/airflow/example_dags/example_time_delta_sensor_async.py for tasks to queue
[2025-07-03T17:53:27.116+0000] {logging_mixin.py:188} INFO - [2025-07-03T17:53:27.115+0000] {dagbag.py:538} INFO - Filling up the DagBag from /home/airflow/.local/lib/python3.8/site-packages/airflow/example_dags/example_time_delta_sensor_async.py
[2025-07-03T17:53:27.169+0000] {processor.py:840} INFO - DAG(s) 'example_time_delta_sensor_async' retrieved from /home/airflow/.local/lib/python3.8/site-packages/airflow/example_dags/example_time_delta_sensor_async.py
[2025-07-03T17:53:27.250+0000] {logging_mixin.py:188} INFO - [2025-07-03T17:53:27.249+0000] {dag.py:3036} INFO - Sync 1 DAGs
[2025-07-03T17:53:27.282+0000] {logging_mixin.py:188} INFO - [2025-07-03T17:53:27.282+0000] {dag.py:3823} INFO - Setting next_dagrun for example_time_delta_sensor_async to None, run_after=None
[2025-07-03T17:53:27.376+0000] {processor.py:183} INFO - Processing /home/airflow/.local/lib/python3.8/site-packages/airflow/example_dags/example_time_delta_sensor_async.py took 0.295 seconds
[2025-07-03T17:53:57.744+0000] {processor.py:161} INFO - Started process (PID=2538) to work on /home/airflow/.local/lib/python3.8/site-packages/airflow/example_dags/example_time_delta_sensor_async.py
[2025-07-03T17:53:57.747+0000] {processor.py:830} INFO - Processing file /home/airflow/.local/lib/python3.8/site-packages/airflow/example_dags/example_time_delta_sensor_async.py for tasks to queue
[2025-07-03T17:53:57.750+0000] {logging_mixin.py:188} INFO - [2025-07-03T17:53:57.749+0000] {dagbag.py:538} INFO - Filling up the DagBag from /home/airflow/.local/lib/python3.8/site-packages/airflow/example_dags/example_time_delta_sensor_async.py
[2025-07-03T17:53:57.757+0000] {processor.py:840} INFO - DAG(s) 'example_time_delta_sensor_async' retrieved from /home/airflow/.local/lib/python3.8/site-packages/airflow/example_dags/example_time_delta_sensor_async.py
[2025-07-03T17:53:57.817+0000] {logging_mixin.py:188} INFO - [2025-07-03T17:53:57.816+0000] {dag.py:3036} INFO - Sync 1 DAGs
[2025-07-03T17:53:57.848+0000] {logging_mixin.py:188} INFO - [2025-07-03T17:53:57.848+0000] {dag.py:3823} INFO - Setting next_dagrun for example_time_delta_sensor_async to None, run_after=None
[2025-07-03T17:53:57.896+0000] {processor.py:183} INFO - Processing /home/airflow/.local/lib/python3.8/site-packages/airflow/example_dags/example_time_delta_sensor_async.py took 0.163 seconds
[2025-07-03T17:54:28.109+0000] {processor.py:161} INFO - Started process (PID=2602) to work on /home/airflow/.local/lib/python3.8/site-packages/airflow/example_dags/example_time_delta_sensor_async.py
[2025-07-03T17:54:28.110+0000] {processor.py:830} INFO - Processing file /home/airflow/.local/lib/python3.8/site-packages/airflow/example_dags/example_time_delta_sensor_async.py for tasks to queue
[2025-07-03T17:54:28.112+0000] {logging_mixin.py:188} INFO - [2025-07-03T17:54:28.112+0000] {dagbag.py:538} INFO - Filling up the DagBag from /home/airflow/.local/lib/python3.8/site-packages/airflow/example_dags/example_time_delta_sensor_async.py
[2025-07-03T17:54:28.127+0000] {processor.py:840} INFO - DAG(s) 'example_time_delta_sensor_async' retrieved from /home/airflow/.local/lib/python3.8/site-packages/airflow/example_dags/example_time_delta_sensor_async.py
[2025-07-03T17:54:28.175+0000] {logging_mixin.py:188} INFO - [2025-07-03T17:54:28.175+0000] {dag.py:3036} INFO - Sync 1 DAGs
[2025-07-03T17:54:28.222+0000] {logging_mixin.py:188} INFO - [2025-07-03T17:54:28.222+0000] {dag.py:3823} INFO - Setting next_dagrun for example_time_delta_sensor_async to None, run_after=None
[2025-07-03T17:54:28.273+0000] {processor.py:183} INFO - Processing /home/airflow/.local/lib/python3.8/site-packages/airflow/example_dags/example_time_delta_sensor_async.py took 0.176 seconds
[2025-07-03T17:54:59.192+0000] {processor.py:161} INFO - Started process (PID=2666) to work on /home/airflow/.local/lib/python3.8/site-packages/airflow/example_dags/example_time_delta_sensor_async.py
[2025-07-03T17:54:59.194+0000] {processor.py:830} INFO - Processing file /home/airflow/.local/lib/python3.8/site-packages/airflow/example_dags/example_time_delta_sensor_async.py for tasks to queue
[2025-07-03T17:54:59.197+0000] {logging_mixin.py:188} INFO - [2025-07-03T17:54:59.196+0000] {dagbag.py:538} INFO - Filling up the DagBag from /home/airflow/.local/lib/python3.8/site-packages/airflow/example_dags/example_time_delta_sensor_async.py
[2025-07-03T17:54:59.203+0000] {processor.py:840} INFO - DAG(s) 'example_time_delta_sensor_async' retrieved from /home/airflow/.local/lib/python3.8/site-packages/airflow/example_dags/example_time_delta_sensor_async.py
[2025-07-03T17:54:59.234+0000] {logging_mixin.py:188} INFO - [2025-07-03T17:54:59.234+0000] {dag.py:3036} INFO - Sync 1 DAGs
[2025-07-03T17:54:59.256+0000] {logging_mixin.py:188} INFO - [2025-07-03T17:54:59.255+0000] {dag.py:3823} INFO - Setting next_dagrun for example_time_delta_sensor_async to None, run_after=None
[2025-07-03T17:54:59.306+0000] {processor.py:183} INFO - Processing /home/airflow/.local/lib/python3.8/site-packages/airflow/example_dags/example_time_delta_sensor_async.py took 0.122 seconds
[2025-07-03T17:55:29.459+0000] {processor.py:161} INFO - Started process (PID=2731) to work on /home/airflow/.local/lib/python3.8/site-packages/airflow/example_dags/example_time_delta_sensor_async.py
[2025-07-03T17:55:29.461+0000] {processor.py:830} INFO - Processing file /home/airflow/.local/lib/python3.8/site-packages/airflow/example_dags/example_time_delta_sensor_async.py for tasks to queue
[2025-07-03T17:55:29.464+0000] {logging_mixin.py:188} INFO - [2025-07-03T17:55:29.463+0000] {dagbag.py:538} INFO - Filling up the DagBag from /home/airflow/.local/lib/python3.8/site-packages/airflow/example_dags/example_time_delta_sensor_async.py
[2025-07-03T17:55:29.471+0000] {processor.py:840} INFO - DAG(s) 'example_time_delta_sensor_async' retrieved from /home/airflow/.local/lib/python3.8/site-packages/airflow/example_dags/example_time_delta_sensor_async.py
[2025-07-03T17:55:29.502+0000] {logging_mixin.py:188} INFO - [2025-07-03T17:55:29.502+0000] {dag.py:3036} INFO - Sync 1 DAGs
[2025-07-03T17:55:29.529+0000] {logging_mixin.py:188} INFO - [2025-07-03T17:55:29.528+0000] {dag.py:3823} INFO - Setting next_dagrun for example_time_delta_sensor_async to None, run_after=None
[2025-07-03T17:55:29.559+0000] {processor.py:183} INFO - Processing /home/airflow/.local/lib/python3.8/site-packages/airflow/example_dags/example_time_delta_sensor_async.py took 0.104 seconds
[2025-07-03T17:56:00.127+0000] {processor.py:161} INFO - Started process (PID=2796) to work on /home/airflow/.local/lib/python3.8/site-packages/airflow/example_dags/example_time_delta_sensor_async.py
[2025-07-03T17:56:00.129+0000] {processor.py:830} INFO - Processing file /home/airflow/.local/lib/python3.8/site-packages/airflow/example_dags/example_time_delta_sensor_async.py for tasks to queue
[2025-07-03T17:56:00.131+0000] {logging_mixin.py:188} INFO - [2025-07-03T17:56:00.131+0000] {dagbag.py:538} INFO - Filling up the DagBag from /home/airflow/.local/lib/python3.8/site-packages/airflow/example_dags/example_time_delta_sensor_async.py
[2025-07-03T17:56:00.138+0000] {processor.py:840} INFO - DAG(s) 'example_time_delta_sensor_async' retrieved from /home/airflow/.local/lib/python3.8/site-packages/airflow/example_dags/example_time_delta_sensor_async.py
[2025-07-03T17:56:00.171+0000] {logging_mixin.py:188} INFO - [2025-07-03T17:56:00.170+0000] {dag.py:3036} INFO - Sync 1 DAGs
[2025-07-03T17:56:00.195+0000] {logging_mixin.py:188} INFO - [2025-07-03T17:56:00.194+0000] {dag.py:3823} INFO - Setting next_dagrun for example_time_delta_sensor_async to None, run_after=None
[2025-07-03T17:56:00.225+0000] {processor.py:183} INFO - Processing /home/airflow/.local/lib/python3.8/site-packages/airflow/example_dags/example_time_delta_sensor_async.py took 0.102 seconds
[2025-07-03T17:56:31.327+0000] {processor.py:161} INFO - Started process (PID=2862) to work on /home/airflow/.local/lib/python3.8/site-packages/airflow/example_dags/example_time_delta_sensor_async.py
[2025-07-03T17:56:31.332+0000] {processor.py:830} INFO - Processing file /home/airflow/.local/lib/python3.8/site-packages/airflow/example_dags/example_time_delta_sensor_async.py for tasks to queue
[2025-07-03T17:56:31.336+0000] {logging_mixin.py:188} INFO - [2025-07-03T17:56:31.335+0000] {dagbag.py:538} INFO - Filling up the DagBag from /home/airflow/.local/lib/python3.8/site-packages/airflow/example_dags/example_time_delta_sensor_async.py
[2025-07-03T17:56:31.343+0000] {processor.py:840} INFO - DAG(s) 'example_time_delta_sensor_async' retrieved from /home/airflow/.local/lib/python3.8/site-packages/airflow/example_dags/example_time_delta_sensor_async.py
[2025-07-03T17:56:31.406+0000] {logging_mixin.py:188} INFO - [2025-07-03T17:56:31.405+0000] {dag.py:3036} INFO - Sync 1 DAGs
[2025-07-03T17:56:31.457+0000] {logging_mixin.py:188} INFO - [2025-07-03T17:56:31.457+0000] {dag.py:3823} INFO - Setting next_dagrun for example_time_delta_sensor_async to None, run_after=None
[2025-07-03T17:56:31.547+0000] {processor.py:183} INFO - Processing /home/airflow/.local/lib/python3.8/site-packages/airflow/example_dags/example_time_delta_sensor_async.py took 0.227 seconds
[2025-07-03T17:57:02.647+0000] {processor.py:161} INFO - Started process (PID=2926) to work on /home/airflow/.local/lib/python3.8/site-packages/airflow/example_dags/example_time_delta_sensor_async.py
[2025-07-03T17:57:02.665+0000] {processor.py:830} INFO - Processing file /home/airflow/.local/lib/python3.8/site-packages/airflow/example_dags/example_time_delta_sensor_async.py for tasks to queue
[2025-07-03T17:57:02.674+0000] {logging_mixin.py:188} INFO - [2025-07-03T17:57:02.673+0000] {dagbag.py:538} INFO - Filling up the DagBag from /home/airflow/.local/lib/python3.8/site-packages/airflow/example_dags/example_time_delta_sensor_async.py
[2025-07-03T17:57:02.707+0000] {processor.py:840} INFO - DAG(s) 'example_time_delta_sensor_async' retrieved from /home/airflow/.local/lib/python3.8/site-packages/airflow/example_dags/example_time_delta_sensor_async.py
[2025-07-03T17:57:02.858+0000] {logging_mixin.py:188} INFO - [2025-07-03T17:57:02.857+0000] {dag.py:3036} INFO - Sync 1 DAGs
[2025-07-03T17:57:02.938+0000] {logging_mixin.py:188} INFO - [2025-07-03T17:57:02.938+0000] {dag.py:3823} INFO - Setting next_dagrun for example_time_delta_sensor_async to None, run_after=None
[2025-07-03T17:57:03.053+0000] {processor.py:183} INFO - Processing /home/airflow/.local/lib/python3.8/site-packages/airflow/example_dags/example_time_delta_sensor_async.py took 0.411 seconds
[2025-07-03T17:57:33.688+0000] {processor.py:161} INFO - Started process (PID=2982) to work on /home/airflow/.local/lib/python3.8/site-packages/airflow/example_dags/example_time_delta_sensor_async.py
[2025-07-03T17:57:33.706+0000] {processor.py:830} INFO - Processing file /home/airflow/.local/lib/python3.8/site-packages/airflow/example_dags/example_time_delta_sensor_async.py for tasks to queue
[2025-07-03T17:57:33.718+0000] {logging_mixin.py:188} INFO - [2025-07-03T17:57:33.718+0000] {dagbag.py:538} INFO - Filling up the DagBag from /home/airflow/.local/lib/python3.8/site-packages/airflow/example_dags/example_time_delta_sensor_async.py
[2025-07-03T17:57:33.769+0000] {processor.py:840} INFO - DAG(s) 'example_time_delta_sensor_async' retrieved from /home/airflow/.local/lib/python3.8/site-packages/airflow/example_dags/example_time_delta_sensor_async.py
[2025-07-03T17:57:33.882+0000] {logging_mixin.py:188} INFO - [2025-07-03T17:57:33.881+0000] {dag.py:3036} INFO - Sync 1 DAGs
[2025-07-03T17:57:33.986+0000] {logging_mixin.py:188} INFO - [2025-07-03T17:57:33.986+0000] {dag.py:3823} INFO - Setting next_dagrun for example_time_delta_sensor_async to None, run_after=None
[2025-07-03T17:57:34.098+0000] {processor.py:183} INFO - Processing /home/airflow/.local/lib/python3.8/site-packages/airflow/example_dags/example_time_delta_sensor_async.py took 0.465 seconds
[2025-07-03T17:58:04.815+0000] {processor.py:161} INFO - Started process (PID=3048) to work on /home/airflow/.local/lib/python3.8/site-packages/airflow/example_dags/example_time_delta_sensor_async.py
[2025-07-03T17:58:04.829+0000] {processor.py:830} INFO - Processing file /home/airflow/.local/lib/python3.8/site-packages/airflow/example_dags/example_time_delta_sensor_async.py for tasks to queue
[2025-07-03T17:58:04.842+0000] {logging_mixin.py:188} INFO - [2025-07-03T17:58:04.841+0000] {dagbag.py:538} INFO - Filling up the DagBag from /home/airflow/.local/lib/python3.8/site-packages/airflow/example_dags/example_time_delta_sensor_async.py
[2025-07-03T17:58:04.848+0000] {processor.py:840} INFO - DAG(s) 'example_time_delta_sensor_async' retrieved from /home/airflow/.local/lib/python3.8/site-packages/airflow/example_dags/example_time_delta_sensor_async.py
[2025-07-03T17:58:05.088+0000] {logging_mixin.py:188} INFO - [2025-07-03T17:58:05.077+0000] {dag.py:3036} INFO - Sync 1 DAGs
[2025-07-03T17:58:05.293+0000] {logging_mixin.py:188} INFO - [2025-07-03T17:58:05.293+0000] {dag.py:3823} INFO - Setting next_dagrun for example_time_delta_sensor_async to None, run_after=None
[2025-07-03T17:58:05.483+0000] {processor.py:183} INFO - Processing /home/airflow/.local/lib/python3.8/site-packages/airflow/example_dags/example_time_delta_sensor_async.py took 0.689 seconds
[2025-07-03T17:58:35.719+0000] {processor.py:161} INFO - Started process (PID=3113) to work on /home/airflow/.local/lib/python3.8/site-packages/airflow/example_dags/example_time_delta_sensor_async.py
[2025-07-03T17:58:35.733+0000] {processor.py:830} INFO - Processing file /home/airflow/.local/lib/python3.8/site-packages/airflow/example_dags/example_time_delta_sensor_async.py for tasks to queue
[2025-07-03T17:58:35.736+0000] {logging_mixin.py:188} INFO - [2025-07-03T17:58:35.735+0000] {dagbag.py:538} INFO - Filling up the DagBag from /home/airflow/.local/lib/python3.8/site-packages/airflow/example_dags/example_time_delta_sensor_async.py
[2025-07-03T17:58:35.742+0000] {processor.py:840} INFO - DAG(s) 'example_time_delta_sensor_async' retrieved from /home/airflow/.local/lib/python3.8/site-packages/airflow/example_dags/example_time_delta_sensor_async.py
[2025-07-03T17:58:35.789+0000] {logging_mixin.py:188} INFO - [2025-07-03T17:58:35.789+0000] {dag.py:3036} INFO - Sync 1 DAGs
[2025-07-03T17:58:35.812+0000] {logging_mixin.py:188} INFO - [2025-07-03T17:58:35.812+0000] {dag.py:3823} INFO - Setting next_dagrun for example_time_delta_sensor_async to None, run_after=None
[2025-07-03T17:58:35.841+0000] {processor.py:183} INFO - Processing /home/airflow/.local/lib/python3.8/site-packages/airflow/example_dags/example_time_delta_sensor_async.py took 0.132 seconds
[2025-07-03T17:59:06.563+0000] {processor.py:161} INFO - Started process (PID=3178) to work on /home/airflow/.local/lib/python3.8/site-packages/airflow/example_dags/example_time_delta_sensor_async.py
[2025-07-03T17:59:06.564+0000] {processor.py:830} INFO - Processing file /home/airflow/.local/lib/python3.8/site-packages/airflow/example_dags/example_time_delta_sensor_async.py for tasks to queue
[2025-07-03T17:59:06.566+0000] {logging_mixin.py:188} INFO - [2025-07-03T17:59:06.566+0000] {dagbag.py:538} INFO - Filling up the DagBag from /home/airflow/.local/lib/python3.8/site-packages/airflow/example_dags/example_time_delta_sensor_async.py
[2025-07-03T17:59:06.573+0000] {processor.py:840} INFO - DAG(s) 'example_time_delta_sensor_async' retrieved from /home/airflow/.local/lib/python3.8/site-packages/airflow/example_dags/example_time_delta_sensor_async.py
[2025-07-03T17:59:06.621+0000] {logging_mixin.py:188} INFO - [2025-07-03T17:59:06.621+0000] {dag.py:3036} INFO - Sync 1 DAGs
[2025-07-03T17:59:06.645+0000] {logging_mixin.py:188} INFO - [2025-07-03T17:59:06.645+0000] {dag.py:3823} INFO - Setting next_dagrun for example_time_delta_sensor_async to None, run_after=None
[2025-07-03T17:59:06.676+0000] {processor.py:183} INFO - Processing /home/airflow/.local/lib/python3.8/site-packages/airflow/example_dags/example_time_delta_sensor_async.py took 0.118 seconds
[2025-07-03T17:59:36.939+0000] {processor.py:161} INFO - Started process (PID=3243) to work on /home/airflow/.local/lib/python3.8/site-packages/airflow/example_dags/example_time_delta_sensor_async.py
[2025-07-03T17:59:36.949+0000] {processor.py:830} INFO - Processing file /home/airflow/.local/lib/python3.8/site-packages/airflow/example_dags/example_time_delta_sensor_async.py for tasks to queue
[2025-07-03T17:59:36.954+0000] {logging_mixin.py:188} INFO - [2025-07-03T17:59:36.953+0000] {dagbag.py:538} INFO - Filling up the DagBag from /home/airflow/.local/lib/python3.8/site-packages/airflow/example_dags/example_time_delta_sensor_async.py
[2025-07-03T17:59:36.971+0000] {processor.py:840} INFO - DAG(s) 'example_time_delta_sensor_async' retrieved from /home/airflow/.local/lib/python3.8/site-packages/airflow/example_dags/example_time_delta_sensor_async.py
[2025-07-03T17:59:37.054+0000] {logging_mixin.py:188} INFO - [2025-07-03T17:59:37.053+0000] {dag.py:3036} INFO - Sync 1 DAGs
[2025-07-03T17:59:37.093+0000] {logging_mixin.py:188} INFO - [2025-07-03T17:59:37.093+0000] {dag.py:3823} INFO - Setting next_dagrun for example_time_delta_sensor_async to None, run_after=None
[2025-07-03T17:59:37.154+0000] {processor.py:183} INFO - Processing /home/airflow/.local/lib/python3.8/site-packages/airflow/example_dags/example_time_delta_sensor_async.py took 0.220 seconds
[2025-07-03T18:00:07.264+0000] {processor.py:161} INFO - Started process (PID=3305) to work on /home/airflow/.local/lib/python3.8/site-packages/airflow/example_dags/example_time_delta_sensor_async.py
[2025-07-03T18:00:07.266+0000] {processor.py:830} INFO - Processing file /home/airflow/.local/lib/python3.8/site-packages/airflow/example_dags/example_time_delta_sensor_async.py for tasks to queue
[2025-07-03T18:00:07.268+0000] {logging_mixin.py:188} INFO - [2025-07-03T18:00:07.268+0000] {dagbag.py:538} INFO - Filling up the DagBag from /home/airflow/.local/lib/python3.8/site-packages/airflow/example_dags/example_time_delta_sensor_async.py
[2025-07-03T18:00:07.275+0000] {processor.py:840} INFO - DAG(s) 'example_time_delta_sensor_async' retrieved from /home/airflow/.local/lib/python3.8/site-packages/airflow/example_dags/example_time_delta_sensor_async.py
[2025-07-03T18:00:07.306+0000] {logging_mixin.py:188} INFO - [2025-07-03T18:00:07.306+0000] {dag.py:3036} INFO - Sync 1 DAGs
[2025-07-03T18:00:07.329+0000] {logging_mixin.py:188} INFO - [2025-07-03T18:00:07.329+0000] {dag.py:3823} INFO - Setting next_dagrun for example_time_delta_sensor_async to None, run_after=None
[2025-07-03T18:00:07.522+0000] {processor.py:183} INFO - Processing /home/airflow/.local/lib/python3.8/site-packages/airflow/example_dags/example_time_delta_sensor_async.py took 0.262 seconds
[2025-07-03T18:00:37.888+0000] {processor.py:161} INFO - Started process (PID=3371) to work on /home/airflow/.local/lib/python3.8/site-packages/airflow/example_dags/example_time_delta_sensor_async.py
[2025-07-03T18:00:37.897+0000] {processor.py:830} INFO - Processing file /home/airflow/.local/lib/python3.8/site-packages/airflow/example_dags/example_time_delta_sensor_async.py for tasks to queue
[2025-07-03T18:00:37.903+0000] {logging_mixin.py:188} INFO - [2025-07-03T18:00:37.902+0000] {dagbag.py:538} INFO - Filling up the DagBag from /home/airflow/.local/lib/python3.8/site-packages/airflow/example_dags/example_time_delta_sensor_async.py
[2025-07-03T18:00:37.915+0000] {processor.py:840} INFO - DAG(s) 'example_time_delta_sensor_async' retrieved from /home/airflow/.local/lib/python3.8/site-packages/airflow/example_dags/example_time_delta_sensor_async.py
[2025-07-03T18:00:37.993+0000] {logging_mixin.py:188} INFO - [2025-07-03T18:00:37.993+0000] {dag.py:3036} INFO - Sync 1 DAGs
[2025-07-03T18:00:38.036+0000] {logging_mixin.py:188} INFO - [2025-07-03T18:00:38.036+0000] {dag.py:3823} INFO - Setting next_dagrun for example_time_delta_sensor_async to None, run_after=None
[2025-07-03T18:00:38.121+0000] {processor.py:183} INFO - Processing /home/airflow/.local/lib/python3.8/site-packages/airflow/example_dags/example_time_delta_sensor_async.py took 0.250 seconds
[2025-07-03T18:01:08.188+0000] {processor.py:161} INFO - Started process (PID=3427) to work on /home/airflow/.local/lib/python3.8/site-packages/airflow/example_dags/example_time_delta_sensor_async.py
[2025-07-03T18:01:08.189+0000] {processor.py:830} INFO - Processing file /home/airflow/.local/lib/python3.8/site-packages/airflow/example_dags/example_time_delta_sensor_async.py for tasks to queue
[2025-07-03T18:01:08.191+0000] {logging_mixin.py:188} INFO - [2025-07-03T18:01:08.191+0000] {dagbag.py:538} INFO - Filling up the DagBag from /home/airflow/.local/lib/python3.8/site-packages/airflow/example_dags/example_time_delta_sensor_async.py
[2025-07-03T18:01:08.197+0000] {processor.py:840} INFO - DAG(s) 'example_time_delta_sensor_async' retrieved from /home/airflow/.local/lib/python3.8/site-packages/airflow/example_dags/example_time_delta_sensor_async.py
[2025-07-03T18:01:08.223+0000] {logging_mixin.py:188} INFO - [2025-07-03T18:01:08.222+0000] {dag.py:3036} INFO - Sync 1 DAGs
[2025-07-03T18:01:08.239+0000] {logging_mixin.py:188} INFO - [2025-07-03T18:01:08.239+0000] {dag.py:3823} INFO - Setting next_dagrun for example_time_delta_sensor_async to None, run_after=None
[2025-07-03T18:01:08.265+0000] {processor.py:183} INFO - Processing /home/airflow/.local/lib/python3.8/site-packages/airflow/example_dags/example_time_delta_sensor_async.py took 0.081 seconds
[2025-07-03T18:01:38.984+0000] {processor.py:161} INFO - Started process (PID=3491) to work on /home/airflow/.local/lib/python3.8/site-packages/airflow/example_dags/example_time_delta_sensor_async.py
[2025-07-03T18:01:38.986+0000] {processor.py:830} INFO - Processing file /home/airflow/.local/lib/python3.8/site-packages/airflow/example_dags/example_time_delta_sensor_async.py for tasks to queue
[2025-07-03T18:01:38.988+0000] {logging_mixin.py:188} INFO - [2025-07-03T18:01:38.988+0000] {dagbag.py:538} INFO - Filling up the DagBag from /home/airflow/.local/lib/python3.8/site-packages/airflow/example_dags/example_time_delta_sensor_async.py
[2025-07-03T18:01:38.995+0000] {processor.py:840} INFO - DAG(s) 'example_time_delta_sensor_async' retrieved from /home/airflow/.local/lib/python3.8/site-packages/airflow/example_dags/example_time_delta_sensor_async.py
[2025-07-03T18:01:39.026+0000] {logging_mixin.py:188} INFO - [2025-07-03T18:01:39.026+0000] {dag.py:3036} INFO - Sync 1 DAGs
[2025-07-03T18:01:39.052+0000] {logging_mixin.py:188} INFO - [2025-07-03T18:01:39.052+0000] {dag.py:3823} INFO - Setting next_dagrun for example_time_delta_sensor_async to None, run_after=None
[2025-07-03T18:01:39.086+0000] {processor.py:183} INFO - Processing /home/airflow/.local/lib/python3.8/site-packages/airflow/example_dags/example_time_delta_sensor_async.py took 0.107 seconds
[2025-07-03T18:02:11.327+0000] {processor.py:161} INFO - Started process (PID=3554) to work on /home/airflow/.local/lib/python3.8/site-packages/airflow/example_dags/example_time_delta_sensor_async.py
[2025-07-03T18:02:11.338+0000] {processor.py:830} INFO - Processing file /home/airflow/.local/lib/python3.8/site-packages/airflow/example_dags/example_time_delta_sensor_async.py for tasks to queue
[2025-07-03T18:02:11.341+0000] {logging_mixin.py:188} INFO - [2025-07-03T18:02:11.340+0000] {dagbag.py:538} INFO - Filling up the DagBag from /home/airflow/.local/lib/python3.8/site-packages/airflow/example_dags/example_time_delta_sensor_async.py
[2025-07-03T18:02:11.383+0000] {processor.py:840} INFO - DAG(s) 'example_time_delta_sensor_async' retrieved from /home/airflow/.local/lib/python3.8/site-packages/airflow/example_dags/example_time_delta_sensor_async.py
[2025-07-03T18:02:11.454+0000] {logging_mixin.py:188} INFO - [2025-07-03T18:02:11.453+0000] {dag.py:3036} INFO - Sync 1 DAGs
[2025-07-03T18:02:11.959+0000] {logging_mixin.py:188} INFO - [2025-07-03T18:02:11.959+0000] {dag.py:3823} INFO - Setting next_dagrun for example_time_delta_sensor_async to None, run_after=None
[2025-07-03T18:02:12.030+0000] {processor.py:183} INFO - Processing /home/airflow/.local/lib/python3.8/site-packages/airflow/example_dags/example_time_delta_sensor_async.py took 0.716 seconds
[2025-07-03T18:02:42.676+0000] {processor.py:161} INFO - Started process (PID=3611) to work on /home/airflow/.local/lib/python3.8/site-packages/airflow/example_dags/example_time_delta_sensor_async.py
[2025-07-03T18:02:42.681+0000] {processor.py:830} INFO - Processing file /home/airflow/.local/lib/python3.8/site-packages/airflow/example_dags/example_time_delta_sensor_async.py for tasks to queue
[2025-07-03T18:02:42.683+0000] {logging_mixin.py:188} INFO - [2025-07-03T18:02:42.683+0000] {dagbag.py:538} INFO - Filling up the DagBag from /home/airflow/.local/lib/python3.8/site-packages/airflow/example_dags/example_time_delta_sensor_async.py
[2025-07-03T18:02:42.702+0000] {processor.py:840} INFO - DAG(s) 'example_time_delta_sensor_async' retrieved from /home/airflow/.local/lib/python3.8/site-packages/airflow/example_dags/example_time_delta_sensor_async.py
[2025-07-03T18:02:42.783+0000] {logging_mixin.py:188} INFO - [2025-07-03T18:02:42.782+0000] {dag.py:3036} INFO - Sync 1 DAGs
[2025-07-03T18:02:42.820+0000] {logging_mixin.py:188} INFO - [2025-07-03T18:02:42.820+0000] {dag.py:3823} INFO - Setting next_dagrun for example_time_delta_sensor_async to None, run_after=None
[2025-07-03T18:02:42.884+0000] {processor.py:183} INFO - Processing /home/airflow/.local/lib/python3.8/site-packages/airflow/example_dags/example_time_delta_sensor_async.py took 0.221 seconds
[2025-07-03T18:03:15.442+0000] {processor.py:161} INFO - Started process (PID=3675) to work on /home/airflow/.local/lib/python3.8/site-packages/airflow/example_dags/example_time_delta_sensor_async.py
[2025-07-03T18:03:15.449+0000] {processor.py:830} INFO - Processing file /home/airflow/.local/lib/python3.8/site-packages/airflow/example_dags/example_time_delta_sensor_async.py for tasks to queue
[2025-07-03T18:03:15.451+0000] {logging_mixin.py:188} INFO - [2025-07-03T18:03:15.451+0000] {dagbag.py:538} INFO - Filling up the DagBag from /home/airflow/.local/lib/python3.8/site-packages/airflow/example_dags/example_time_delta_sensor_async.py
[2025-07-03T18:03:15.480+0000] {processor.py:840} INFO - DAG(s) 'example_time_delta_sensor_async' retrieved from /home/airflow/.local/lib/python3.8/site-packages/airflow/example_dags/example_time_delta_sensor_async.py
[2025-07-03T18:03:15.594+0000] {logging_mixin.py:188} INFO - [2025-07-03T18:03:15.593+0000] {dag.py:3036} INFO - Sync 1 DAGs
[2025-07-03T18:03:15.685+0000] {logging_mixin.py:188} INFO - [2025-07-03T18:03:15.685+0000] {dag.py:3823} INFO - Setting next_dagrun for example_time_delta_sensor_async to None, run_after=None
[2025-07-03T18:03:15.806+0000] {processor.py:183} INFO - Processing /home/airflow/.local/lib/python3.8/site-packages/airflow/example_dags/example_time_delta_sensor_async.py took 0.373 seconds
[2025-07-03T18:05:01.685+0000] {processor.py:161} INFO - Started process (PID=3769) to work on /home/airflow/.local/lib/python3.8/site-packages/airflow/example_dags/example_time_delta_sensor_async.py
[2025-07-03T18:05:01.737+0000] {processor.py:830} INFO - Processing file /home/airflow/.local/lib/python3.8/site-packages/airflow/example_dags/example_time_delta_sensor_async.py for tasks to queue
[2025-07-03T18:05:01.755+0000] {logging_mixin.py:188} INFO - [2025-07-03T18:05:01.755+0000] {dagbag.py:538} INFO - Filling up the DagBag from /home/airflow/.local/lib/python3.8/site-packages/airflow/example_dags/example_time_delta_sensor_async.py
[2025-07-03T18:05:01.985+0000] {processor.py:840} INFO - DAG(s) 'example_time_delta_sensor_async' retrieved from /home/airflow/.local/lib/python3.8/site-packages/airflow/example_dags/example_time_delta_sensor_async.py
[2025-07-03T18:05:02.680+0000] {logging_mixin.py:188} INFO - [2025-07-03T18:05:02.680+0000] {dag.py:3036} INFO - Sync 1 DAGs
[2025-07-03T18:05:03.791+0000] {logging_mixin.py:188} INFO - [2025-07-03T18:05:03.791+0000] {dag.py:3823} INFO - Setting next_dagrun for example_time_delta_sensor_async to None, run_after=None
[2025-07-03T18:05:04.918+0000] {processor.py:183} INFO - Processing /home/airflow/.local/lib/python3.8/site-packages/airflow/example_dags/example_time_delta_sensor_async.py took 3.414 seconds
[2025-07-03T18:06:15.739+0000] {processor.py:161} INFO - Started process (PID=3831) to work on /home/airflow/.local/lib/python3.8/site-packages/airflow/example_dags/example_time_delta_sensor_async.py
[2025-07-03T18:06:15.836+0000] {processor.py:830} INFO - Processing file /home/airflow/.local/lib/python3.8/site-packages/airflow/example_dags/example_time_delta_sensor_async.py for tasks to queue
[2025-07-03T18:06:15.839+0000] {logging_mixin.py:188} INFO - [2025-07-03T18:06:15.839+0000] {dagbag.py:538} INFO - Filling up the DagBag from /home/airflow/.local/lib/python3.8/site-packages/airflow/example_dags/example_time_delta_sensor_async.py
[2025-07-03T18:06:16.253+0000] {processor.py:840} INFO - DAG(s) 'example_time_delta_sensor_async' retrieved from /home/airflow/.local/lib/python3.8/site-packages/airflow/example_dags/example_time_delta_sensor_async.py
[2025-07-03T18:06:17.129+0000] {logging_mixin.py:188} INFO - [2025-07-03T18:06:17.121+0000] {dag.py:3036} INFO - Sync 1 DAGs
[2025-07-03T18:06:17.784+0000] {logging_mixin.py:188} INFO - [2025-07-03T18:06:17.783+0000] {dag.py:3823} INFO - Setting next_dagrun for example_time_delta_sensor_async to None, run_after=None
[2025-07-03T18:06:18.573+0000] {processor.py:183} INFO - Processing /home/airflow/.local/lib/python3.8/site-packages/airflow/example_dags/example_time_delta_sensor_async.py took 3.031 seconds
[2025-07-03T18:07:41.472+0000] {processor.py:161} INFO - Started process (PID=3894) to work on /home/airflow/.local/lib/python3.8/site-packages/airflow/example_dags/example_time_delta_sensor_async.py
[2025-07-03T18:07:41.605+0000] {processor.py:830} INFO - Processing file /home/airflow/.local/lib/python3.8/site-packages/airflow/example_dags/example_time_delta_sensor_async.py for tasks to queue
[2025-07-03T18:07:41.634+0000] {logging_mixin.py:188} INFO - [2025-07-03T18:07:41.633+0000] {dagbag.py:538} INFO - Filling up the DagBag from /home/airflow/.local/lib/python3.8/site-packages/airflow/example_dags/example_time_delta_sensor_async.py
[2025-07-03T18:07:41.877+0000] {processor.py:840} INFO - DAG(s) 'example_time_delta_sensor_async' retrieved from /home/airflow/.local/lib/python3.8/site-packages/airflow/example_dags/example_time_delta_sensor_async.py
[2025-07-03T18:07:42.746+0000] {logging_mixin.py:188} INFO - [2025-07-03T18:07:42.745+0000] {dag.py:3036} INFO - Sync 1 DAGs
[2025-07-03T18:07:43.659+0000] {logging_mixin.py:188} INFO - [2025-07-03T18:07:43.658+0000] {dag.py:3823} INFO - Setting next_dagrun for example_time_delta_sensor_async to None, run_after=None
[2025-07-03T18:07:45.189+0000] {processor.py:183} INFO - Processing /home/airflow/.local/lib/python3.8/site-packages/airflow/example_dags/example_time_delta_sensor_async.py took 3.847 seconds
[2025-07-03T18:21:09.653+0000] {processor.py:161} INFO - Started process (PID=96) to work on /home/airflow/.local/lib/python3.8/site-packages/airflow/example_dags/example_time_delta_sensor_async.py
[2025-07-03T18:21:09.683+0000] {processor.py:830} INFO - Processing file /home/airflow/.local/lib/python3.8/site-packages/airflow/example_dags/example_time_delta_sensor_async.py for tasks to queue
[2025-07-03T18:21:09.694+0000] {logging_mixin.py:188} INFO - [2025-07-03T18:21:09.693+0000] {dagbag.py:538} INFO - Filling up the DagBag from /home/airflow/.local/lib/python3.8/site-packages/airflow/example_dags/example_time_delta_sensor_async.py
[2025-07-03T18:21:09.780+0000] {processor.py:840} INFO - DAG(s) 'example_time_delta_sensor_async' retrieved from /home/airflow/.local/lib/python3.8/site-packages/airflow/example_dags/example_time_delta_sensor_async.py
[2025-07-03T18:21:09.928+0000] {logging_mixin.py:188} INFO - [2025-07-03T18:21:09.927+0000] {dag.py:3036} INFO - Sync 1 DAGs
[2025-07-03T18:21:10.029+0000] {logging_mixin.py:188} INFO - [2025-07-03T18:21:10.029+0000] {dag.py:3823} INFO - Setting next_dagrun for example_time_delta_sensor_async to None, run_after=None
[2025-07-03T18:21:10.215+0000] {processor.py:183} INFO - Processing /home/airflow/.local/lib/python3.8/site-packages/airflow/example_dags/example_time_delta_sensor_async.py took 0.584 seconds
[2025-07-03T18:21:40.279+0000] {processor.py:161} INFO - Started process (PID=161) to work on /home/airflow/.local/lib/python3.8/site-packages/airflow/example_dags/example_time_delta_sensor_async.py
[2025-07-03T18:21:40.280+0000] {processor.py:830} INFO - Processing file /home/airflow/.local/lib/python3.8/site-packages/airflow/example_dags/example_time_delta_sensor_async.py for tasks to queue
[2025-07-03T18:21:40.283+0000] {logging_mixin.py:188} INFO - [2025-07-03T18:21:40.283+0000] {dagbag.py:538} INFO - Filling up the DagBag from /home/airflow/.local/lib/python3.8/site-packages/airflow/example_dags/example_time_delta_sensor_async.py
[2025-07-03T18:21:40.290+0000] {processor.py:840} INFO - DAG(s) 'example_time_delta_sensor_async' retrieved from /home/airflow/.local/lib/python3.8/site-packages/airflow/example_dags/example_time_delta_sensor_async.py
[2025-07-03T18:21:40.325+0000] {logging_mixin.py:188} INFO - [2025-07-03T18:21:40.325+0000] {dag.py:3036} INFO - Sync 1 DAGs
[2025-07-03T18:21:40.351+0000] {logging_mixin.py:188} INFO - [2025-07-03T18:21:40.351+0000] {dag.py:3823} INFO - Setting next_dagrun for example_time_delta_sensor_async to None, run_after=None
[2025-07-03T18:21:40.374+0000] {processor.py:183} INFO - Processing /home/airflow/.local/lib/python3.8/site-packages/airflow/example_dags/example_time_delta_sensor_async.py took 0.100 seconds
[2025-07-03T18:22:10.646+0000] {processor.py:161} INFO - Started process (PID=226) to work on /home/airflow/.local/lib/python3.8/site-packages/airflow/example_dags/example_time_delta_sensor_async.py
[2025-07-03T18:22:10.648+0000] {processor.py:830} INFO - Processing file /home/airflow/.local/lib/python3.8/site-packages/airflow/example_dags/example_time_delta_sensor_async.py for tasks to queue
[2025-07-03T18:22:10.657+0000] {logging_mixin.py:188} INFO - [2025-07-03T18:22:10.656+0000] {dagbag.py:538} INFO - Filling up the DagBag from /home/airflow/.local/lib/python3.8/site-packages/airflow/example_dags/example_time_delta_sensor_async.py
[2025-07-03T18:22:10.664+0000] {processor.py:840} INFO - DAG(s) 'example_time_delta_sensor_async' retrieved from /home/airflow/.local/lib/python3.8/site-packages/airflow/example_dags/example_time_delta_sensor_async.py
[2025-07-03T18:22:10.721+0000] {logging_mixin.py:188} INFO - [2025-07-03T18:22:10.720+0000] {dag.py:3036} INFO - Sync 1 DAGs
[2025-07-03T18:22:10.739+0000] {logging_mixin.py:188} INFO - [2025-07-03T18:22:10.738+0000] {dag.py:3823} INFO - Setting next_dagrun for example_time_delta_sensor_async to None, run_after=None
[2025-07-03T18:22:10.762+0000] {processor.py:183} INFO - Processing /home/airflow/.local/lib/python3.8/site-packages/airflow/example_dags/example_time_delta_sensor_async.py took 0.128 seconds
[2025-07-03T18:22:41.103+0000] {processor.py:161} INFO - Started process (PID=293) to work on /home/airflow/.local/lib/python3.8/site-packages/airflow/example_dags/example_time_delta_sensor_async.py
[2025-07-03T18:22:41.111+0000] {processor.py:830} INFO - Processing file /home/airflow/.local/lib/python3.8/site-packages/airflow/example_dags/example_time_delta_sensor_async.py for tasks to queue
[2025-07-03T18:22:41.116+0000] {logging_mixin.py:188} INFO - [2025-07-03T18:22:41.115+0000] {dagbag.py:538} INFO - Filling up the DagBag from /home/airflow/.local/lib/python3.8/site-packages/airflow/example_dags/example_time_delta_sensor_async.py
[2025-07-03T18:22:41.124+0000] {processor.py:840} INFO - DAG(s) 'example_time_delta_sensor_async' retrieved from /home/airflow/.local/lib/python3.8/site-packages/airflow/example_dags/example_time_delta_sensor_async.py
[2025-07-03T18:22:41.170+0000] {logging_mixin.py:188} INFO - [2025-07-03T18:22:41.169+0000] {dag.py:3036} INFO - Sync 1 DAGs
[2025-07-03T18:22:41.194+0000] {logging_mixin.py:188} INFO - [2025-07-03T18:22:41.194+0000] {dag.py:3823} INFO - Setting next_dagrun for example_time_delta_sensor_async to None, run_after=None
[2025-07-03T18:22:41.219+0000] {processor.py:183} INFO - Processing /home/airflow/.local/lib/python3.8/site-packages/airflow/example_dags/example_time_delta_sensor_async.py took 0.126 seconds
[2025-07-03T18:23:11.578+0000] {processor.py:161} INFO - Started process (PID=359) to work on /home/airflow/.local/lib/python3.8/site-packages/airflow/example_dags/example_time_delta_sensor_async.py
[2025-07-03T18:23:11.579+0000] {processor.py:830} INFO - Processing file /home/airflow/.local/lib/python3.8/site-packages/airflow/example_dags/example_time_delta_sensor_async.py for tasks to queue
[2025-07-03T18:23:11.582+0000] {logging_mixin.py:188} INFO - [2025-07-03T18:23:11.581+0000] {dagbag.py:538} INFO - Filling up the DagBag from /home/airflow/.local/lib/python3.8/site-packages/airflow/example_dags/example_time_delta_sensor_async.py
[2025-07-03T18:23:11.588+0000] {processor.py:840} INFO - DAG(s) 'example_time_delta_sensor_async' retrieved from /home/airflow/.local/lib/python3.8/site-packages/airflow/example_dags/example_time_delta_sensor_async.py
[2025-07-03T18:23:11.624+0000] {logging_mixin.py:188} INFO - [2025-07-03T18:23:11.624+0000] {dag.py:3036} INFO - Sync 1 DAGs
[2025-07-03T18:23:11.641+0000] {logging_mixin.py:188} INFO - [2025-07-03T18:23:11.641+0000] {dag.py:3823} INFO - Setting next_dagrun for example_time_delta_sensor_async to None, run_after=None
[2025-07-03T18:23:11.665+0000] {processor.py:183} INFO - Processing /home/airflow/.local/lib/python3.8/site-packages/airflow/example_dags/example_time_delta_sensor_async.py took 0.092 seconds
[2025-07-03T18:23:41.936+0000] {processor.py:161} INFO - Started process (PID=424) to work on /home/airflow/.local/lib/python3.8/site-packages/airflow/example_dags/example_time_delta_sensor_async.py
[2025-07-03T18:23:41.941+0000] {processor.py:830} INFO - Processing file /home/airflow/.local/lib/python3.8/site-packages/airflow/example_dags/example_time_delta_sensor_async.py for tasks to queue
[2025-07-03T18:23:41.955+0000] {logging_mixin.py:188} INFO - [2025-07-03T18:23:41.954+0000] {dagbag.py:538} INFO - Filling up the DagBag from /home/airflow/.local/lib/python3.8/site-packages/airflow/example_dags/example_time_delta_sensor_async.py
[2025-07-03T18:23:41.963+0000] {processor.py:840} INFO - DAG(s) 'example_time_delta_sensor_async' retrieved from /home/airflow/.local/lib/python3.8/site-packages/airflow/example_dags/example_time_delta_sensor_async.py
[2025-07-03T18:23:41.994+0000] {logging_mixin.py:188} INFO - [2025-07-03T18:23:41.994+0000] {dag.py:3036} INFO - Sync 1 DAGs
[2025-07-03T18:23:42.011+0000] {logging_mixin.py:188} INFO - [2025-07-03T18:23:42.010+0000] {dag.py:3823} INFO - Setting next_dagrun for example_time_delta_sensor_async to None, run_after=None
[2025-07-03T18:23:42.036+0000] {processor.py:183} INFO - Processing /home/airflow/.local/lib/python3.8/site-packages/airflow/example_dags/example_time_delta_sensor_async.py took 0.112 seconds
[2025-07-03T18:24:12.199+0000] {processor.py:161} INFO - Started process (PID=490) to work on /home/airflow/.local/lib/python3.8/site-packages/airflow/example_dags/example_time_delta_sensor_async.py
[2025-07-03T18:24:12.201+0000] {processor.py:830} INFO - Processing file /home/airflow/.local/lib/python3.8/site-packages/airflow/example_dags/example_time_delta_sensor_async.py for tasks to queue
[2025-07-03T18:24:12.204+0000] {logging_mixin.py:188} INFO - [2025-07-03T18:24:12.203+0000] {dagbag.py:538} INFO - Filling up the DagBag from /home/airflow/.local/lib/python3.8/site-packages/airflow/example_dags/example_time_delta_sensor_async.py
[2025-07-03T18:24:12.211+0000] {processor.py:840} INFO - DAG(s) 'example_time_delta_sensor_async' retrieved from /home/airflow/.local/lib/python3.8/site-packages/airflow/example_dags/example_time_delta_sensor_async.py
[2025-07-03T18:24:12.240+0000] {logging_mixin.py:188} INFO - [2025-07-03T18:24:12.240+0000] {dag.py:3036} INFO - Sync 1 DAGs
[2025-07-03T18:24:12.257+0000] {logging_mixin.py:188} INFO - [2025-07-03T18:24:12.256+0000] {dag.py:3823} INFO - Setting next_dagrun for example_time_delta_sensor_async to None, run_after=None
[2025-07-03T18:24:12.280+0000] {processor.py:183} INFO - Processing /home/airflow/.local/lib/python3.8/site-packages/airflow/example_dags/example_time_delta_sensor_async.py took 0.086 seconds
