[2025-07-03T17:35:31.862+0000] {processor.py:161} INFO - Started process (PID=224) to work on /home/airflow/.local/lib/python3.8/site-packages/airflow/example_dags/example_nested_branch_dag.py
[2025-07-03T17:35:31.891+0000] {processor.py:830} INFO - Processing file /home/airflow/.local/lib/python3.8/site-packages/airflow/example_dags/example_nested_branch_dag.py for tasks to queue
[2025-07-03T17:35:31.898+0000] {logging_mixin.py:188} INFO - [2025-07-03T17:35:31.897+0000] {dagbag.py:538} INFO - Filling up the DagBag from /home/airflow/.local/lib/python3.8/site-packages/airflow/example_dags/example_nested_branch_dag.py
[2025-07-03T17:35:31.981+0000] {processor.py:840} INFO - DAG(s) 'example_nested_branch_dag' retrieved from /home/airflow/.local/lib/python3.8/site-packages/airflow/example_dags/example_nested_branch_dag.py
[2025-07-03T17:35:33.186+0000] {logging_mixin.py:188} INFO - [2025-07-03T17:35:33.185+0000] {dag.py:3036} INFO - Sync 1 DAGs
[2025-07-03T17:35:33.327+0000] {logging_mixin.py:188} INFO - [2025-07-03T17:35:33.326+0000] {dag.py:3823} INFO - Setting next_dagrun for example_nested_branch_dag to 2025-07-02 00:00:00+00:00, run_after=2025-07-03 00:00:00+00:00
[2025-07-03T17:35:33.464+0000] {processor.py:183} INFO - Processing /home/airflow/.local/lib/python3.8/site-packages/airflow/example_dags/example_nested_branch_dag.py took 1.615 seconds
[2025-07-03T17:36:05.338+0000] {processor.py:161} INFO - Started process (PID=281) to work on /home/airflow/.local/lib/python3.8/site-packages/airflow/example_dags/example_nested_branch_dag.py
[2025-07-03T17:36:05.353+0000] {processor.py:830} INFO - Processing file /home/airflow/.local/lib/python3.8/site-packages/airflow/example_dags/example_nested_branch_dag.py for tasks to queue
[2025-07-03T17:36:05.356+0000] {logging_mixin.py:188} INFO - [2025-07-03T17:36:05.356+0000] {dagbag.py:538} INFO - Filling up the DagBag from /home/airflow/.local/lib/python3.8/site-packages/airflow/example_dags/example_nested_branch_dag.py
[2025-07-03T17:36:05.401+0000] {processor.py:840} INFO - DAG(s) 'example_nested_branch_dag' retrieved from /home/airflow/.local/lib/python3.8/site-packages/airflow/example_dags/example_nested_branch_dag.py
[2025-07-03T17:36:05.490+0000] {logging_mixin.py:188} INFO - [2025-07-03T17:36:05.489+0000] {dag.py:3036} INFO - Sync 1 DAGs
[2025-07-03T17:36:05.693+0000] {logging_mixin.py:188} INFO - [2025-07-03T17:36:05.693+0000] {dag.py:3823} INFO - Setting next_dagrun for example_nested_branch_dag to 2025-07-02 00:00:00+00:00, run_after=2025-07-03 00:00:00+00:00
[2025-07-03T17:36:05.889+0000] {processor.py:183} INFO - Processing /home/airflow/.local/lib/python3.8/site-packages/airflow/example_dags/example_nested_branch_dag.py took 0.568 seconds
[2025-07-03T17:36:36.075+0000] {processor.py:161} INFO - Started process (PID=344) to work on /home/airflow/.local/lib/python3.8/site-packages/airflow/example_dags/example_nested_branch_dag.py
[2025-07-03T17:36:36.076+0000] {processor.py:830} INFO - Processing file /home/airflow/.local/lib/python3.8/site-packages/airflow/example_dags/example_nested_branch_dag.py for tasks to queue
[2025-07-03T17:36:36.078+0000] {logging_mixin.py:188} INFO - [2025-07-03T17:36:36.078+0000] {dagbag.py:538} INFO - Filling up the DagBag from /home/airflow/.local/lib/python3.8/site-packages/airflow/example_dags/example_nested_branch_dag.py
[2025-07-03T17:36:36.144+0000] {processor.py:840} INFO - DAG(s) 'example_nested_branch_dag' retrieved from /home/airflow/.local/lib/python3.8/site-packages/airflow/example_dags/example_nested_branch_dag.py
[2025-07-03T17:36:36.247+0000] {logging_mixin.py:188} INFO - [2025-07-03T17:36:36.244+0000] {dag.py:3036} INFO - Sync 1 DAGs
[2025-07-03T17:36:36.367+0000] {logging_mixin.py:188} INFO - [2025-07-03T17:36:36.367+0000] {dag.py:3823} INFO - Setting next_dagrun for example_nested_branch_dag to 2025-07-02 00:00:00+00:00, run_after=2025-07-03 00:00:00+00:00
[2025-07-03T17:36:36.429+0000] {processor.py:183} INFO - Processing /home/airflow/.local/lib/python3.8/site-packages/airflow/example_dags/example_nested_branch_dag.py took 0.375 seconds
[2025-07-03T17:37:06.878+0000] {processor.py:161} INFO - Started process (PID=401) to work on /home/airflow/.local/lib/python3.8/site-packages/airflow/example_dags/example_nested_branch_dag.py
[2025-07-03T17:37:06.886+0000] {processor.py:830} INFO - Processing file /home/airflow/.local/lib/python3.8/site-packages/airflow/example_dags/example_nested_branch_dag.py for tasks to queue
[2025-07-03T17:37:06.895+0000] {logging_mixin.py:188} INFO - [2025-07-03T17:37:06.895+0000] {dagbag.py:538} INFO - Filling up the DagBag from /home/airflow/.local/lib/python3.8/site-packages/airflow/example_dags/example_nested_branch_dag.py
[2025-07-03T17:37:07.000+0000] {processor.py:840} INFO - DAG(s) 'example_nested_branch_dag' retrieved from /home/airflow/.local/lib/python3.8/site-packages/airflow/example_dags/example_nested_branch_dag.py
[2025-07-03T17:37:07.104+0000] {logging_mixin.py:188} INFO - [2025-07-03T17:37:07.104+0000] {dag.py:3036} INFO - Sync 1 DAGs
[2025-07-03T17:37:07.381+0000] {logging_mixin.py:188} INFO - [2025-07-03T17:37:07.348+0000] {dag.py:3823} INFO - Setting next_dagrun for example_nested_branch_dag to 2025-07-02 00:00:00+00:00, run_after=2025-07-03 00:00:00+00:00
[2025-07-03T17:37:07.557+0000] {processor.py:183} INFO - Processing /home/airflow/.local/lib/python3.8/site-packages/airflow/example_dags/example_nested_branch_dag.py took 0.694 seconds
[2025-07-03T17:37:37.978+0000] {processor.py:161} INFO - Started process (PID=464) to work on /home/airflow/.local/lib/python3.8/site-packages/airflow/example_dags/example_nested_branch_dag.py
[2025-07-03T17:37:37.989+0000] {processor.py:830} INFO - Processing file /home/airflow/.local/lib/python3.8/site-packages/airflow/example_dags/example_nested_branch_dag.py for tasks to queue
[2025-07-03T17:37:37.998+0000] {logging_mixin.py:188} INFO - [2025-07-03T17:37:37.997+0000] {dagbag.py:538} INFO - Filling up the DagBag from /home/airflow/.local/lib/python3.8/site-packages/airflow/example_dags/example_nested_branch_dag.py
[2025-07-03T17:37:38.030+0000] {processor.py:840} INFO - DAG(s) 'example_nested_branch_dag' retrieved from /home/airflow/.local/lib/python3.8/site-packages/airflow/example_dags/example_nested_branch_dag.py
[2025-07-03T17:37:38.069+0000] {logging_mixin.py:188} INFO - [2025-07-03T17:37:38.068+0000] {dag.py:3036} INFO - Sync 1 DAGs
[2025-07-03T17:37:38.142+0000] {logging_mixin.py:188} INFO - [2025-07-03T17:37:38.142+0000] {dag.py:3823} INFO - Setting next_dagrun for example_nested_branch_dag to 2025-07-02 00:00:00+00:00, run_after=2025-07-03 00:00:00+00:00
[2025-07-03T17:37:38.217+0000] {processor.py:183} INFO - Processing /home/airflow/.local/lib/python3.8/site-packages/airflow/example_dags/example_nested_branch_dag.py took 0.244 seconds
[2025-07-03T17:38:08.568+0000] {processor.py:161} INFO - Started process (PID=521) to work on /home/airflow/.local/lib/python3.8/site-packages/airflow/example_dags/example_nested_branch_dag.py
[2025-07-03T17:38:08.581+0000] {processor.py:830} INFO - Processing file /home/airflow/.local/lib/python3.8/site-packages/airflow/example_dags/example_nested_branch_dag.py for tasks to queue
[2025-07-03T17:38:08.584+0000] {logging_mixin.py:188} INFO - [2025-07-03T17:38:08.583+0000] {dagbag.py:538} INFO - Filling up the DagBag from /home/airflow/.local/lib/python3.8/site-packages/airflow/example_dags/example_nested_branch_dag.py
[2025-07-03T17:38:08.654+0000] {processor.py:840} INFO - DAG(s) 'example_nested_branch_dag' retrieved from /home/airflow/.local/lib/python3.8/site-packages/airflow/example_dags/example_nested_branch_dag.py
[2025-07-03T17:38:08.744+0000] {logging_mixin.py:188} INFO - [2025-07-03T17:38:08.744+0000] {dag.py:3036} INFO - Sync 1 DAGs
[2025-07-03T17:38:08.847+0000] {logging_mixin.py:188} INFO - [2025-07-03T17:38:08.846+0000] {dag.py:3823} INFO - Setting next_dagrun for example_nested_branch_dag to 2025-07-02 00:00:00+00:00, run_after=2025-07-03 00:00:00+00:00
[2025-07-03T17:38:08.915+0000] {processor.py:183} INFO - Processing /home/airflow/.local/lib/python3.8/site-packages/airflow/example_dags/example_nested_branch_dag.py took 0.400 seconds
[2025-07-03T17:38:39.062+0000] {processor.py:161} INFO - Started process (PID=586) to work on /home/airflow/.local/lib/python3.8/site-packages/airflow/example_dags/example_nested_branch_dag.py
[2025-07-03T17:38:39.069+0000] {processor.py:830} INFO - Processing file /home/airflow/.local/lib/python3.8/site-packages/airflow/example_dags/example_nested_branch_dag.py for tasks to queue
[2025-07-03T17:38:39.072+0000] {logging_mixin.py:188} INFO - [2025-07-03T17:38:39.071+0000] {dagbag.py:538} INFO - Filling up the DagBag from /home/airflow/.local/lib/python3.8/site-packages/airflow/example_dags/example_nested_branch_dag.py
[2025-07-03T17:38:39.126+0000] {processor.py:840} INFO - DAG(s) 'example_nested_branch_dag' retrieved from /home/airflow/.local/lib/python3.8/site-packages/airflow/example_dags/example_nested_branch_dag.py
[2025-07-03T17:38:39.326+0000] {logging_mixin.py:188} INFO - [2025-07-03T17:38:39.325+0000] {dag.py:3036} INFO - Sync 1 DAGs
[2025-07-03T17:38:39.450+0000] {logging_mixin.py:188} INFO - [2025-07-03T17:38:39.450+0000] {dag.py:3823} INFO - Setting next_dagrun for example_nested_branch_dag to 2025-07-02 00:00:00+00:00, run_after=2025-07-03 00:00:00+00:00
[2025-07-03T17:38:39.519+0000] {processor.py:183} INFO - Processing /home/airflow/.local/lib/python3.8/site-packages/airflow/example_dags/example_nested_branch_dag.py took 0.479 seconds
[2025-07-03T17:39:09.716+0000] {processor.py:161} INFO - Started process (PID=650) to work on /home/airflow/.local/lib/python3.8/site-packages/airflow/example_dags/example_nested_branch_dag.py
[2025-07-03T17:39:09.721+0000] {processor.py:830} INFO - Processing file /home/airflow/.local/lib/python3.8/site-packages/airflow/example_dags/example_nested_branch_dag.py for tasks to queue
[2025-07-03T17:39:09.723+0000] {logging_mixin.py:188} INFO - [2025-07-03T17:39:09.723+0000] {dagbag.py:538} INFO - Filling up the DagBag from /home/airflow/.local/lib/python3.8/site-packages/airflow/example_dags/example_nested_branch_dag.py
[2025-07-03T17:39:09.786+0000] {processor.py:840} INFO - DAG(s) 'example_nested_branch_dag' retrieved from /home/airflow/.local/lib/python3.8/site-packages/airflow/example_dags/example_nested_branch_dag.py
[2025-07-03T17:39:09.886+0000] {logging_mixin.py:188} INFO - [2025-07-03T17:39:09.885+0000] {dag.py:3036} INFO - Sync 1 DAGs
[2025-07-03T17:39:09.968+0000] {logging_mixin.py:188} INFO - [2025-07-03T17:39:09.967+0000] {dag.py:3823} INFO - Setting next_dagrun for example_nested_branch_dag to 2025-07-02 00:00:00+00:00, run_after=2025-07-03 00:00:00+00:00
[2025-07-03T17:39:10.038+0000] {processor.py:183} INFO - Processing /home/airflow/.local/lib/python3.8/site-packages/airflow/example_dags/example_nested_branch_dag.py took 0.327 seconds
[2025-07-03T17:39:40.232+0000] {processor.py:161} INFO - Started process (PID=716) to work on /home/airflow/.local/lib/python3.8/site-packages/airflow/example_dags/example_nested_branch_dag.py
[2025-07-03T17:39:40.245+0000] {processor.py:830} INFO - Processing file /home/airflow/.local/lib/python3.8/site-packages/airflow/example_dags/example_nested_branch_dag.py for tasks to queue
[2025-07-03T17:39:40.247+0000] {logging_mixin.py:188} INFO - [2025-07-03T17:39:40.247+0000] {dagbag.py:538} INFO - Filling up the DagBag from /home/airflow/.local/lib/python3.8/site-packages/airflow/example_dags/example_nested_branch_dag.py
[2025-07-03T17:39:40.276+0000] {processor.py:840} INFO - DAG(s) 'example_nested_branch_dag' retrieved from /home/airflow/.local/lib/python3.8/site-packages/airflow/example_dags/example_nested_branch_dag.py
[2025-07-03T17:39:40.366+0000] {logging_mixin.py:188} INFO - [2025-07-03T17:39:40.365+0000] {dag.py:3036} INFO - Sync 1 DAGs
[2025-07-03T17:39:40.490+0000] {logging_mixin.py:188} INFO - [2025-07-03T17:39:40.480+0000] {dag.py:3823} INFO - Setting next_dagrun for example_nested_branch_dag to 2025-07-02 00:00:00+00:00, run_after=2025-07-03 00:00:00+00:00
[2025-07-03T17:39:40.567+0000] {processor.py:183} INFO - Processing /home/airflow/.local/lib/python3.8/site-packages/airflow/example_dags/example_nested_branch_dag.py took 0.340 seconds
[2025-07-03T17:40:11.295+0000] {processor.py:161} INFO - Started process (PID=781) to work on /home/airflow/.local/lib/python3.8/site-packages/airflow/example_dags/example_nested_branch_dag.py
[2025-07-03T17:40:11.301+0000] {processor.py:830} INFO - Processing file /home/airflow/.local/lib/python3.8/site-packages/airflow/example_dags/example_nested_branch_dag.py for tasks to queue
[2025-07-03T17:40:11.303+0000] {logging_mixin.py:188} INFO - [2025-07-03T17:40:11.303+0000] {dagbag.py:538} INFO - Filling up the DagBag from /home/airflow/.local/lib/python3.8/site-packages/airflow/example_dags/example_nested_branch_dag.py
[2025-07-03T17:40:11.363+0000] {processor.py:840} INFO - DAG(s) 'example_nested_branch_dag' retrieved from /home/airflow/.local/lib/python3.8/site-packages/airflow/example_dags/example_nested_branch_dag.py
[2025-07-03T17:40:11.523+0000] {logging_mixin.py:188} INFO - [2025-07-03T17:40:11.523+0000] {dag.py:3036} INFO - Sync 1 DAGs
[2025-07-03T17:40:11.666+0000] {logging_mixin.py:188} INFO - [2025-07-03T17:40:11.665+0000] {dag.py:3823} INFO - Setting next_dagrun for example_nested_branch_dag to 2025-07-02 00:00:00+00:00, run_after=2025-07-03 00:00:00+00:00
[2025-07-03T17:40:11.734+0000] {processor.py:183} INFO - Processing /home/airflow/.local/lib/python3.8/site-packages/airflow/example_dags/example_nested_branch_dag.py took 0.465 seconds
[2025-07-03T17:40:41.886+0000] {processor.py:161} INFO - Started process (PID=839) to work on /home/airflow/.local/lib/python3.8/site-packages/airflow/example_dags/example_nested_branch_dag.py
[2025-07-03T17:40:41.887+0000] {processor.py:830} INFO - Processing file /home/airflow/.local/lib/python3.8/site-packages/airflow/example_dags/example_nested_branch_dag.py for tasks to queue
[2025-07-03T17:40:41.890+0000] {logging_mixin.py:188} INFO - [2025-07-03T17:40:41.889+0000] {dagbag.py:538} INFO - Filling up the DagBag from /home/airflow/.local/lib/python3.8/site-packages/airflow/example_dags/example_nested_branch_dag.py
[2025-07-03T17:40:41.908+0000] {processor.py:840} INFO - DAG(s) 'example_nested_branch_dag' retrieved from /home/airflow/.local/lib/python3.8/site-packages/airflow/example_dags/example_nested_branch_dag.py
[2025-07-03T17:40:41.946+0000] {logging_mixin.py:188} INFO - [2025-07-03T17:40:41.946+0000] {dag.py:3036} INFO - Sync 1 DAGs
[2025-07-03T17:40:42.009+0000] {logging_mixin.py:188} INFO - [2025-07-03T17:40:42.009+0000] {dag.py:3823} INFO - Setting next_dagrun for example_nested_branch_dag to 2025-07-02 00:00:00+00:00, run_after=2025-07-03 00:00:00+00:00
[2025-07-03T17:40:42.050+0000] {processor.py:183} INFO - Processing /home/airflow/.local/lib/python3.8/site-packages/airflow/example_dags/example_nested_branch_dag.py took 0.170 seconds
[2025-07-03T17:41:12.448+0000] {processor.py:161} INFO - Started process (PID=903) to work on /home/airflow/.local/lib/python3.8/site-packages/airflow/example_dags/example_nested_branch_dag.py
[2025-07-03T17:41:12.457+0000] {processor.py:830} INFO - Processing file /home/airflow/.local/lib/python3.8/site-packages/airflow/example_dags/example_nested_branch_dag.py for tasks to queue
[2025-07-03T17:41:12.460+0000] {logging_mixin.py:188} INFO - [2025-07-03T17:41:12.459+0000] {dagbag.py:538} INFO - Filling up the DagBag from /home/airflow/.local/lib/python3.8/site-packages/airflow/example_dags/example_nested_branch_dag.py
[2025-07-03T17:41:12.491+0000] {processor.py:840} INFO - DAG(s) 'example_nested_branch_dag' retrieved from /home/airflow/.local/lib/python3.8/site-packages/airflow/example_dags/example_nested_branch_dag.py
[2025-07-03T17:41:12.610+0000] {logging_mixin.py:188} INFO - [2025-07-03T17:41:12.609+0000] {dag.py:3036} INFO - Sync 1 DAGs
[2025-07-03T17:41:12.711+0000] {logging_mixin.py:188} INFO - [2025-07-03T17:41:12.710+0000] {dag.py:3823} INFO - Setting next_dagrun for example_nested_branch_dag to 2025-07-02 00:00:00+00:00, run_after=2025-07-03 00:00:00+00:00
[2025-07-03T17:41:12.766+0000] {processor.py:183} INFO - Processing /home/airflow/.local/lib/python3.8/site-packages/airflow/example_dags/example_nested_branch_dag.py took 0.329 seconds
[2025-07-03T17:41:43.083+0000] {processor.py:161} INFO - Started process (PID=969) to work on /home/airflow/.local/lib/python3.8/site-packages/airflow/example_dags/example_nested_branch_dag.py
[2025-07-03T17:41:43.085+0000] {processor.py:830} INFO - Processing file /home/airflow/.local/lib/python3.8/site-packages/airflow/example_dags/example_nested_branch_dag.py for tasks to queue
[2025-07-03T17:41:43.091+0000] {logging_mixin.py:188} INFO - [2025-07-03T17:41:43.090+0000] {dagbag.py:538} INFO - Filling up the DagBag from /home/airflow/.local/lib/python3.8/site-packages/airflow/example_dags/example_nested_branch_dag.py
[2025-07-03T17:41:43.170+0000] {processor.py:840} INFO - DAG(s) 'example_nested_branch_dag' retrieved from /home/airflow/.local/lib/python3.8/site-packages/airflow/example_dags/example_nested_branch_dag.py
[2025-07-03T17:41:43.283+0000] {logging_mixin.py:188} INFO - [2025-07-03T17:41:43.283+0000] {dag.py:3036} INFO - Sync 1 DAGs
[2025-07-03T17:41:43.400+0000] {logging_mixin.py:188} INFO - [2025-07-03T17:41:43.400+0000] {dag.py:3823} INFO - Setting next_dagrun for example_nested_branch_dag to 2025-07-02 00:00:00+00:00, run_after=2025-07-03 00:00:00+00:00
[2025-07-03T17:41:43.451+0000] {processor.py:183} INFO - Processing /home/airflow/.local/lib/python3.8/site-packages/airflow/example_dags/example_nested_branch_dag.py took 0.391 seconds
[2025-07-03T17:42:13.528+0000] {processor.py:161} INFO - Started process (PID=1034) to work on /home/airflow/.local/lib/python3.8/site-packages/airflow/example_dags/example_nested_branch_dag.py
[2025-07-03T17:42:13.530+0000] {processor.py:830} INFO - Processing file /home/airflow/.local/lib/python3.8/site-packages/airflow/example_dags/example_nested_branch_dag.py for tasks to queue
[2025-07-03T17:42:13.532+0000] {logging_mixin.py:188} INFO - [2025-07-03T17:42:13.532+0000] {dagbag.py:538} INFO - Filling up the DagBag from /home/airflow/.local/lib/python3.8/site-packages/airflow/example_dags/example_nested_branch_dag.py
[2025-07-03T17:42:13.550+0000] {processor.py:840} INFO - DAG(s) 'example_nested_branch_dag' retrieved from /home/airflow/.local/lib/python3.8/site-packages/airflow/example_dags/example_nested_branch_dag.py
[2025-07-03T17:42:13.584+0000] {logging_mixin.py:188} INFO - [2025-07-03T17:42:13.583+0000] {dag.py:3036} INFO - Sync 1 DAGs
[2025-07-03T17:42:13.617+0000] {logging_mixin.py:188} INFO - [2025-07-03T17:42:13.617+0000] {dag.py:3823} INFO - Setting next_dagrun for example_nested_branch_dag to 2025-07-02 00:00:00+00:00, run_after=2025-07-03 00:00:00+00:00
[2025-07-03T17:42:13.641+0000] {processor.py:183} INFO - Processing /home/airflow/.local/lib/python3.8/site-packages/airflow/example_dags/example_nested_branch_dag.py took 0.118 seconds
[2025-07-03T17:42:43.699+0000] {processor.py:161} INFO - Started process (PID=1107) to work on /home/airflow/.local/lib/python3.8/site-packages/airflow/example_dags/example_nested_branch_dag.py
[2025-07-03T17:42:43.700+0000] {processor.py:830} INFO - Processing file /home/airflow/.local/lib/python3.8/site-packages/airflow/example_dags/example_nested_branch_dag.py for tasks to queue
[2025-07-03T17:42:43.711+0000] {logging_mixin.py:188} INFO - [2025-07-03T17:42:43.710+0000] {dagbag.py:538} INFO - Filling up the DagBag from /home/airflow/.local/lib/python3.8/site-packages/airflow/example_dags/example_nested_branch_dag.py
[2025-07-03T17:42:43.746+0000] {processor.py:840} INFO - DAG(s) 'example_nested_branch_dag' retrieved from /home/airflow/.local/lib/python3.8/site-packages/airflow/example_dags/example_nested_branch_dag.py
[2025-07-03T17:42:43.816+0000] {logging_mixin.py:188} INFO - [2025-07-03T17:42:43.815+0000] {dag.py:3036} INFO - Sync 1 DAGs
[2025-07-03T17:42:43.936+0000] {logging_mixin.py:188} INFO - [2025-07-03T17:42:43.935+0000] {dag.py:3823} INFO - Setting next_dagrun for example_nested_branch_dag to 2025-07-02 00:00:00+00:00, run_after=2025-07-03 00:00:00+00:00
[2025-07-03T17:42:43.977+0000] {processor.py:183} INFO - Processing /home/airflow/.local/lib/python3.8/site-packages/airflow/example_dags/example_nested_branch_dag.py took 0.282 seconds
[2025-07-03T17:43:14.913+0000] {processor.py:161} INFO - Started process (PID=1172) to work on /home/airflow/.local/lib/python3.8/site-packages/airflow/example_dags/example_nested_branch_dag.py
[2025-07-03T17:43:14.915+0000] {processor.py:830} INFO - Processing file /home/airflow/.local/lib/python3.8/site-packages/airflow/example_dags/example_nested_branch_dag.py for tasks to queue
[2025-07-03T17:43:14.918+0000] {logging_mixin.py:188} INFO - [2025-07-03T17:43:14.917+0000] {dagbag.py:538} INFO - Filling up the DagBag from /home/airflow/.local/lib/python3.8/site-packages/airflow/example_dags/example_nested_branch_dag.py
[2025-07-03T17:43:14.943+0000] {processor.py:840} INFO - DAG(s) 'example_nested_branch_dag' retrieved from /home/airflow/.local/lib/python3.8/site-packages/airflow/example_dags/example_nested_branch_dag.py
[2025-07-03T17:43:15.019+0000] {logging_mixin.py:188} INFO - [2025-07-03T17:43:15.019+0000] {dag.py:3036} INFO - Sync 1 DAGs
[2025-07-03T17:43:15.110+0000] {logging_mixin.py:188} INFO - [2025-07-03T17:43:15.110+0000] {dag.py:3823} INFO - Setting next_dagrun for example_nested_branch_dag to 2025-07-02 00:00:00+00:00, run_after=2025-07-03 00:00:00+00:00
[2025-07-03T17:43:15.179+0000] {processor.py:183} INFO - Processing /home/airflow/.local/lib/python3.8/site-packages/airflow/example_dags/example_nested_branch_dag.py took 0.291 seconds
[2025-07-03T17:43:45.476+0000] {processor.py:161} INFO - Started process (PID=1238) to work on /home/airflow/.local/lib/python3.8/site-packages/airflow/example_dags/example_nested_branch_dag.py
[2025-07-03T17:43:45.478+0000] {processor.py:830} INFO - Processing file /home/airflow/.local/lib/python3.8/site-packages/airflow/example_dags/example_nested_branch_dag.py for tasks to queue
[2025-07-03T17:43:45.480+0000] {logging_mixin.py:188} INFO - [2025-07-03T17:43:45.480+0000] {dagbag.py:538} INFO - Filling up the DagBag from /home/airflow/.local/lib/python3.8/site-packages/airflow/example_dags/example_nested_branch_dag.py
[2025-07-03T17:43:45.498+0000] {processor.py:840} INFO - DAG(s) 'example_nested_branch_dag' retrieved from /home/airflow/.local/lib/python3.8/site-packages/airflow/example_dags/example_nested_branch_dag.py
[2025-07-03T17:43:45.540+0000] {logging_mixin.py:188} INFO - [2025-07-03T17:43:45.540+0000] {dag.py:3036} INFO - Sync 1 DAGs
[2025-07-03T17:43:45.583+0000] {logging_mixin.py:188} INFO - [2025-07-03T17:43:45.583+0000] {dag.py:3823} INFO - Setting next_dagrun for example_nested_branch_dag to 2025-07-02 00:00:00+00:00, run_after=2025-07-03 00:00:00+00:00
[2025-07-03T17:43:45.614+0000] {processor.py:183} INFO - Processing /home/airflow/.local/lib/python3.8/site-packages/airflow/example_dags/example_nested_branch_dag.py took 0.142 seconds
[2025-07-03T17:44:16.148+0000] {processor.py:161} INFO - Started process (PID=1303) to work on /home/airflow/.local/lib/python3.8/site-packages/airflow/example_dags/example_nested_branch_dag.py
[2025-07-03T17:44:16.164+0000] {processor.py:830} INFO - Processing file /home/airflow/.local/lib/python3.8/site-packages/airflow/example_dags/example_nested_branch_dag.py for tasks to queue
[2025-07-03T17:44:16.166+0000] {logging_mixin.py:188} INFO - [2025-07-03T17:44:16.166+0000] {dagbag.py:538} INFO - Filling up the DagBag from /home/airflow/.local/lib/python3.8/site-packages/airflow/example_dags/example_nested_branch_dag.py
[2025-07-03T17:44:16.187+0000] {processor.py:840} INFO - DAG(s) 'example_nested_branch_dag' retrieved from /home/airflow/.local/lib/python3.8/site-packages/airflow/example_dags/example_nested_branch_dag.py
[2025-07-03T17:44:16.229+0000] {logging_mixin.py:188} INFO - [2025-07-03T17:44:16.228+0000] {dag.py:3036} INFO - Sync 1 DAGs
[2025-07-03T17:44:16.294+0000] {logging_mixin.py:188} INFO - [2025-07-03T17:44:16.294+0000] {dag.py:3823} INFO - Setting next_dagrun for example_nested_branch_dag to 2025-07-02 00:00:00+00:00, run_after=2025-07-03 00:00:00+00:00
[2025-07-03T17:44:16.339+0000] {processor.py:183} INFO - Processing /home/airflow/.local/lib/python3.8/site-packages/airflow/example_dags/example_nested_branch_dag.py took 0.195 seconds
[2025-07-03T17:44:46.866+0000] {processor.py:161} INFO - Started process (PID=1368) to work on /home/airflow/.local/lib/python3.8/site-packages/airflow/example_dags/example_nested_branch_dag.py
[2025-07-03T17:44:46.873+0000] {processor.py:830} INFO - Processing file /home/airflow/.local/lib/python3.8/site-packages/airflow/example_dags/example_nested_branch_dag.py for tasks to queue
[2025-07-03T17:44:46.882+0000] {logging_mixin.py:188} INFO - [2025-07-03T17:44:46.881+0000] {dagbag.py:538} INFO - Filling up the DagBag from /home/airflow/.local/lib/python3.8/site-packages/airflow/example_dags/example_nested_branch_dag.py
[2025-07-03T17:44:46.934+0000] {processor.py:840} INFO - DAG(s) 'example_nested_branch_dag' retrieved from /home/airflow/.local/lib/python3.8/site-packages/airflow/example_dags/example_nested_branch_dag.py
[2025-07-03T17:44:47.010+0000] {logging_mixin.py:188} INFO - [2025-07-03T17:44:47.009+0000] {dag.py:3036} INFO - Sync 1 DAGs
[2025-07-03T17:44:47.101+0000] {logging_mixin.py:188} INFO - [2025-07-03T17:44:47.101+0000] {dag.py:3823} INFO - Setting next_dagrun for example_nested_branch_dag to 2025-07-02 00:00:00+00:00, run_after=2025-07-03 00:00:00+00:00
[2025-07-03T17:44:47.165+0000] {processor.py:183} INFO - Processing /home/airflow/.local/lib/python3.8/site-packages/airflow/example_dags/example_nested_branch_dag.py took 0.304 seconds
[2025-07-03T17:45:17.505+0000] {processor.py:161} INFO - Started process (PID=1433) to work on /home/airflow/.local/lib/python3.8/site-packages/airflow/example_dags/example_nested_branch_dag.py
[2025-07-03T17:45:17.533+0000] {processor.py:830} INFO - Processing file /home/airflow/.local/lib/python3.8/site-packages/airflow/example_dags/example_nested_branch_dag.py for tasks to queue
[2025-07-03T17:45:17.538+0000] {logging_mixin.py:188} INFO - [2025-07-03T17:45:17.537+0000] {dagbag.py:538} INFO - Filling up the DagBag from /home/airflow/.local/lib/python3.8/site-packages/airflow/example_dags/example_nested_branch_dag.py
[2025-07-03T17:45:17.665+0000] {processor.py:840} INFO - DAG(s) 'example_nested_branch_dag' retrieved from /home/airflow/.local/lib/python3.8/site-packages/airflow/example_dags/example_nested_branch_dag.py
[2025-07-03T17:45:17.752+0000] {logging_mixin.py:188} INFO - [2025-07-03T17:45:17.752+0000] {dag.py:3036} INFO - Sync 1 DAGs
[2025-07-03T17:45:17.865+0000] {logging_mixin.py:188} INFO - [2025-07-03T17:45:17.865+0000] {dag.py:3823} INFO - Setting next_dagrun for example_nested_branch_dag to 2025-07-02 00:00:00+00:00, run_after=2025-07-03 00:00:00+00:00
[2025-07-03T17:45:17.950+0000] {processor.py:183} INFO - Processing /home/airflow/.local/lib/python3.8/site-packages/airflow/example_dags/example_nested_branch_dag.py took 0.477 seconds
[2025-07-03T17:45:48.089+0000] {processor.py:161} INFO - Started process (PID=1497) to work on /home/airflow/.local/lib/python3.8/site-packages/airflow/example_dags/example_nested_branch_dag.py
[2025-07-03T17:45:48.090+0000] {processor.py:830} INFO - Processing file /home/airflow/.local/lib/python3.8/site-packages/airflow/example_dags/example_nested_branch_dag.py for tasks to queue
[2025-07-03T17:45:48.092+0000] {logging_mixin.py:188} INFO - [2025-07-03T17:45:48.092+0000] {dagbag.py:538} INFO - Filling up the DagBag from /home/airflow/.local/lib/python3.8/site-packages/airflow/example_dags/example_nested_branch_dag.py
[2025-07-03T17:45:48.136+0000] {processor.py:840} INFO - DAG(s) 'example_nested_branch_dag' retrieved from /home/airflow/.local/lib/python3.8/site-packages/airflow/example_dags/example_nested_branch_dag.py
[2025-07-03T17:45:48.262+0000] {logging_mixin.py:188} INFO - [2025-07-03T17:45:48.261+0000] {dag.py:3036} INFO - Sync 1 DAGs
[2025-07-03T17:45:48.411+0000] {logging_mixin.py:188} INFO - [2025-07-03T17:45:48.410+0000] {dag.py:3823} INFO - Setting next_dagrun for example_nested_branch_dag to 2025-07-02 00:00:00+00:00, run_after=2025-07-03 00:00:00+00:00
[2025-07-03T17:45:48.507+0000] {processor.py:183} INFO - Processing /home/airflow/.local/lib/python3.8/site-packages/airflow/example_dags/example_nested_branch_dag.py took 0.451 seconds
[2025-07-03T17:46:18.813+0000] {processor.py:161} INFO - Started process (PID=1555) to work on /home/airflow/.local/lib/python3.8/site-packages/airflow/example_dags/example_nested_branch_dag.py
[2025-07-03T17:46:18.825+0000] {processor.py:830} INFO - Processing file /home/airflow/.local/lib/python3.8/site-packages/airflow/example_dags/example_nested_branch_dag.py for tasks to queue
[2025-07-03T17:46:18.828+0000] {logging_mixin.py:188} INFO - [2025-07-03T17:46:18.827+0000] {dagbag.py:538} INFO - Filling up the DagBag from /home/airflow/.local/lib/python3.8/site-packages/airflow/example_dags/example_nested_branch_dag.py
[2025-07-03T17:46:18.862+0000] {processor.py:840} INFO - DAG(s) 'example_nested_branch_dag' retrieved from /home/airflow/.local/lib/python3.8/site-packages/airflow/example_dags/example_nested_branch_dag.py
[2025-07-03T17:46:18.974+0000] {logging_mixin.py:188} INFO - [2025-07-03T17:46:18.973+0000] {dag.py:3036} INFO - Sync 1 DAGs
[2025-07-03T17:46:19.099+0000] {logging_mixin.py:188} INFO - [2025-07-03T17:46:19.099+0000] {dag.py:3823} INFO - Setting next_dagrun for example_nested_branch_dag to 2025-07-02 00:00:00+00:00, run_after=2025-07-03 00:00:00+00:00
[2025-07-03T17:46:19.209+0000] {processor.py:183} INFO - Processing /home/airflow/.local/lib/python3.8/site-packages/airflow/example_dags/example_nested_branch_dag.py took 0.401 seconds
[2025-07-03T17:46:50.014+0000] {processor.py:161} INFO - Started process (PID=1619) to work on /home/airflow/.local/lib/python3.8/site-packages/airflow/example_dags/example_nested_branch_dag.py
[2025-07-03T17:46:50.024+0000] {processor.py:830} INFO - Processing file /home/airflow/.local/lib/python3.8/site-packages/airflow/example_dags/example_nested_branch_dag.py for tasks to queue
[2025-07-03T17:46:50.026+0000] {logging_mixin.py:188} INFO - [2025-07-03T17:46:50.026+0000] {dagbag.py:538} INFO - Filling up the DagBag from /home/airflow/.local/lib/python3.8/site-packages/airflow/example_dags/example_nested_branch_dag.py
[2025-07-03T17:46:50.055+0000] {processor.py:840} INFO - DAG(s) 'example_nested_branch_dag' retrieved from /home/airflow/.local/lib/python3.8/site-packages/airflow/example_dags/example_nested_branch_dag.py
[2025-07-03T17:46:50.159+0000] {logging_mixin.py:188} INFO - [2025-07-03T17:46:50.159+0000] {dag.py:3036} INFO - Sync 1 DAGs
[2025-07-03T17:46:50.238+0000] {logging_mixin.py:188} INFO - [2025-07-03T17:46:50.237+0000] {dag.py:3823} INFO - Setting next_dagrun for example_nested_branch_dag to 2025-07-02 00:00:00+00:00, run_after=2025-07-03 00:00:00+00:00
[2025-07-03T17:46:50.270+0000] {processor.py:183} INFO - Processing /home/airflow/.local/lib/python3.8/site-packages/airflow/example_dags/example_nested_branch_dag.py took 0.281 seconds
[2025-07-03T17:47:20.418+0000] {processor.py:161} INFO - Started process (PID=1691) to work on /home/airflow/.local/lib/python3.8/site-packages/airflow/example_dags/example_nested_branch_dag.py
[2025-07-03T17:47:20.421+0000] {processor.py:830} INFO - Processing file /home/airflow/.local/lib/python3.8/site-packages/airflow/example_dags/example_nested_branch_dag.py for tasks to queue
[2025-07-03T17:47:20.425+0000] {logging_mixin.py:188} INFO - [2025-07-03T17:47:20.425+0000] {dagbag.py:538} INFO - Filling up the DagBag from /home/airflow/.local/lib/python3.8/site-packages/airflow/example_dags/example_nested_branch_dag.py
[2025-07-03T17:47:20.471+0000] {processor.py:840} INFO - DAG(s) 'example_nested_branch_dag' retrieved from /home/airflow/.local/lib/python3.8/site-packages/airflow/example_dags/example_nested_branch_dag.py
[2025-07-03T17:47:20.563+0000] {logging_mixin.py:188} INFO - [2025-07-03T17:47:20.563+0000] {dag.py:3036} INFO - Sync 1 DAGs
[2025-07-03T17:47:20.643+0000] {logging_mixin.py:188} INFO - [2025-07-03T17:47:20.643+0000] {dag.py:3823} INFO - Setting next_dagrun for example_nested_branch_dag to 2025-07-02 00:00:00+00:00, run_after=2025-07-03 00:00:00+00:00
[2025-07-03T17:47:20.712+0000] {processor.py:183} INFO - Processing /home/airflow/.local/lib/python3.8/site-packages/airflow/example_dags/example_nested_branch_dag.py took 0.307 seconds
[2025-07-03T17:47:50.778+0000] {processor.py:161} INFO - Started process (PID=1754) to work on /home/airflow/.local/lib/python3.8/site-packages/airflow/example_dags/example_nested_branch_dag.py
[2025-07-03T17:47:50.779+0000] {processor.py:830} INFO - Processing file /home/airflow/.local/lib/python3.8/site-packages/airflow/example_dags/example_nested_branch_dag.py for tasks to queue
[2025-07-03T17:47:50.790+0000] {logging_mixin.py:188} INFO - [2025-07-03T17:47:50.789+0000] {dagbag.py:538} INFO - Filling up the DagBag from /home/airflow/.local/lib/python3.8/site-packages/airflow/example_dags/example_nested_branch_dag.py
[2025-07-03T17:47:50.810+0000] {processor.py:840} INFO - DAG(s) 'example_nested_branch_dag' retrieved from /home/airflow/.local/lib/python3.8/site-packages/airflow/example_dags/example_nested_branch_dag.py
[2025-07-03T17:47:50.848+0000] {logging_mixin.py:188} INFO - [2025-07-03T17:47:50.847+0000] {dag.py:3036} INFO - Sync 1 DAGs
[2025-07-03T17:47:50.923+0000] {logging_mixin.py:188} INFO - [2025-07-03T17:47:50.922+0000] {dag.py:3823} INFO - Setting next_dagrun for example_nested_branch_dag to 2025-07-02 00:00:00+00:00, run_after=2025-07-03 00:00:00+00:00
[2025-07-03T17:47:50.989+0000] {processor.py:183} INFO - Processing /home/airflow/.local/lib/python3.8/site-packages/airflow/example_dags/example_nested_branch_dag.py took 0.215 seconds
[2025-07-03T17:48:21.169+0000] {processor.py:161} INFO - Started process (PID=1819) to work on /home/airflow/.local/lib/python3.8/site-packages/airflow/example_dags/example_nested_branch_dag.py
[2025-07-03T17:48:21.171+0000] {processor.py:830} INFO - Processing file /home/airflow/.local/lib/python3.8/site-packages/airflow/example_dags/example_nested_branch_dag.py for tasks to queue
[2025-07-03T17:48:21.174+0000] {logging_mixin.py:188} INFO - [2025-07-03T17:48:21.173+0000] {dagbag.py:538} INFO - Filling up the DagBag from /home/airflow/.local/lib/python3.8/site-packages/airflow/example_dags/example_nested_branch_dag.py
[2025-07-03T17:48:21.191+0000] {processor.py:840} INFO - DAG(s) 'example_nested_branch_dag' retrieved from /home/airflow/.local/lib/python3.8/site-packages/airflow/example_dags/example_nested_branch_dag.py
[2025-07-03T17:48:21.227+0000] {logging_mixin.py:188} INFO - [2025-07-03T17:48:21.227+0000] {dag.py:3036} INFO - Sync 1 DAGs
[2025-07-03T17:48:21.276+0000] {logging_mixin.py:188} INFO - [2025-07-03T17:48:21.276+0000] {dag.py:3823} INFO - Setting next_dagrun for example_nested_branch_dag to 2025-07-02 00:00:00+00:00, run_after=2025-07-03 00:00:00+00:00
[2025-07-03T17:48:21.308+0000] {processor.py:183} INFO - Processing /home/airflow/.local/lib/python3.8/site-packages/airflow/example_dags/example_nested_branch_dag.py took 0.143 seconds
[2025-07-03T17:48:51.978+0000] {processor.py:161} INFO - Started process (PID=1885) to work on /home/airflow/.local/lib/python3.8/site-packages/airflow/example_dags/example_nested_branch_dag.py
[2025-07-03T17:48:51.980+0000] {processor.py:830} INFO - Processing file /home/airflow/.local/lib/python3.8/site-packages/airflow/example_dags/example_nested_branch_dag.py for tasks to queue
[2025-07-03T17:48:51.983+0000] {logging_mixin.py:188} INFO - [2025-07-03T17:48:51.982+0000] {dagbag.py:538} INFO - Filling up the DagBag from /home/airflow/.local/lib/python3.8/site-packages/airflow/example_dags/example_nested_branch_dag.py
[2025-07-03T17:48:52.007+0000] {processor.py:840} INFO - DAG(s) 'example_nested_branch_dag' retrieved from /home/airflow/.local/lib/python3.8/site-packages/airflow/example_dags/example_nested_branch_dag.py
[2025-07-03T17:48:52.043+0000] {logging_mixin.py:188} INFO - [2025-07-03T17:48:52.043+0000] {dag.py:3036} INFO - Sync 1 DAGs
[2025-07-03T17:48:52.090+0000] {logging_mixin.py:188} INFO - [2025-07-03T17:48:52.090+0000] {dag.py:3823} INFO - Setting next_dagrun for example_nested_branch_dag to 2025-07-02 00:00:00+00:00, run_after=2025-07-03 00:00:00+00:00
[2025-07-03T17:48:52.121+0000] {processor.py:183} INFO - Processing /home/airflow/.local/lib/python3.8/site-packages/airflow/example_dags/example_nested_branch_dag.py took 0.149 seconds
[2025-07-03T17:49:22.632+0000] {processor.py:161} INFO - Started process (PID=1950) to work on /home/airflow/.local/lib/python3.8/site-packages/airflow/example_dags/example_nested_branch_dag.py
[2025-07-03T17:49:22.634+0000] {processor.py:830} INFO - Processing file /home/airflow/.local/lib/python3.8/site-packages/airflow/example_dags/example_nested_branch_dag.py for tasks to queue
[2025-07-03T17:49:22.638+0000] {logging_mixin.py:188} INFO - [2025-07-03T17:49:22.637+0000] {dagbag.py:538} INFO - Filling up the DagBag from /home/airflow/.local/lib/python3.8/site-packages/airflow/example_dags/example_nested_branch_dag.py
[2025-07-03T17:49:22.659+0000] {processor.py:840} INFO - DAG(s) 'example_nested_branch_dag' retrieved from /home/airflow/.local/lib/python3.8/site-packages/airflow/example_dags/example_nested_branch_dag.py
[2025-07-03T17:49:22.777+0000] {logging_mixin.py:188} INFO - [2025-07-03T17:49:22.777+0000] {dag.py:3036} INFO - Sync 1 DAGs
[2025-07-03T17:49:22.882+0000] {logging_mixin.py:188} INFO - [2025-07-03T17:49:22.882+0000] {dag.py:3823} INFO - Setting next_dagrun for example_nested_branch_dag to 2025-07-02 00:00:00+00:00, run_after=2025-07-03 00:00:00+00:00
[2025-07-03T17:49:22.963+0000] {processor.py:183} INFO - Processing /home/airflow/.local/lib/python3.8/site-packages/airflow/example_dags/example_nested_branch_dag.py took 0.336 seconds
[2025-07-03T17:49:53.158+0000] {processor.py:161} INFO - Started process (PID=2016) to work on /home/airflow/.local/lib/python3.8/site-packages/airflow/example_dags/example_nested_branch_dag.py
[2025-07-03T17:49:53.159+0000] {processor.py:830} INFO - Processing file /home/airflow/.local/lib/python3.8/site-packages/airflow/example_dags/example_nested_branch_dag.py for tasks to queue
[2025-07-03T17:49:53.162+0000] {logging_mixin.py:188} INFO - [2025-07-03T17:49:53.161+0000] {dagbag.py:538} INFO - Filling up the DagBag from /home/airflow/.local/lib/python3.8/site-packages/airflow/example_dags/example_nested_branch_dag.py
[2025-07-03T17:49:53.176+0000] {processor.py:840} INFO - DAG(s) 'example_nested_branch_dag' retrieved from /home/airflow/.local/lib/python3.8/site-packages/airflow/example_dags/example_nested_branch_dag.py
[2025-07-03T17:49:53.214+0000] {logging_mixin.py:188} INFO - [2025-07-03T17:49:53.213+0000] {dag.py:3036} INFO - Sync 1 DAGs
[2025-07-03T17:49:53.251+0000] {logging_mixin.py:188} INFO - [2025-07-03T17:49:53.250+0000] {dag.py:3823} INFO - Setting next_dagrun for example_nested_branch_dag to 2025-07-02 00:00:00+00:00, run_after=2025-07-03 00:00:00+00:00
[2025-07-03T17:49:53.283+0000] {processor.py:183} INFO - Processing /home/airflow/.local/lib/python3.8/site-packages/airflow/example_dags/example_nested_branch_dag.py took 0.130 seconds
[2025-07-03T17:50:23.796+0000] {processor.py:161} INFO - Started process (PID=2082) to work on /home/airflow/.local/lib/python3.8/site-packages/airflow/example_dags/example_nested_branch_dag.py
[2025-07-03T17:50:23.797+0000] {processor.py:830} INFO - Processing file /home/airflow/.local/lib/python3.8/site-packages/airflow/example_dags/example_nested_branch_dag.py for tasks to queue
[2025-07-03T17:50:23.799+0000] {logging_mixin.py:188} INFO - [2025-07-03T17:50:23.798+0000] {dagbag.py:538} INFO - Filling up the DagBag from /home/airflow/.local/lib/python3.8/site-packages/airflow/example_dags/example_nested_branch_dag.py
[2025-07-03T17:50:23.814+0000] {processor.py:840} INFO - DAG(s) 'example_nested_branch_dag' retrieved from /home/airflow/.local/lib/python3.8/site-packages/airflow/example_dags/example_nested_branch_dag.py
[2025-07-03T17:50:23.842+0000] {logging_mixin.py:188} INFO - [2025-07-03T17:50:23.842+0000] {dag.py:3036} INFO - Sync 1 DAGs
[2025-07-03T17:50:23.884+0000] {logging_mixin.py:188} INFO - [2025-07-03T17:50:23.884+0000] {dag.py:3823} INFO - Setting next_dagrun for example_nested_branch_dag to 2025-07-02 00:00:00+00:00, run_after=2025-07-03 00:00:00+00:00
[2025-07-03T17:50:23.926+0000] {processor.py:183} INFO - Processing /home/airflow/.local/lib/python3.8/site-packages/airflow/example_dags/example_nested_branch_dag.py took 0.133 seconds
[2025-07-03T17:50:54.355+0000] {processor.py:161} INFO - Started process (PID=2146) to work on /home/airflow/.local/lib/python3.8/site-packages/airflow/example_dags/example_nested_branch_dag.py
[2025-07-03T17:50:54.356+0000] {processor.py:830} INFO - Processing file /home/airflow/.local/lib/python3.8/site-packages/airflow/example_dags/example_nested_branch_dag.py for tasks to queue
[2025-07-03T17:50:54.358+0000] {logging_mixin.py:188} INFO - [2025-07-03T17:50:54.358+0000] {dagbag.py:538} INFO - Filling up the DagBag from /home/airflow/.local/lib/python3.8/site-packages/airflow/example_dags/example_nested_branch_dag.py
[2025-07-03T17:50:54.376+0000] {processor.py:840} INFO - DAG(s) 'example_nested_branch_dag' retrieved from /home/airflow/.local/lib/python3.8/site-packages/airflow/example_dags/example_nested_branch_dag.py
[2025-07-03T17:50:54.412+0000] {logging_mixin.py:188} INFO - [2025-07-03T17:50:54.412+0000] {dag.py:3036} INFO - Sync 1 DAGs
[2025-07-03T17:50:54.456+0000] {logging_mixin.py:188} INFO - [2025-07-03T17:50:54.456+0000] {dag.py:3823} INFO - Setting next_dagrun for example_nested_branch_dag to 2025-07-02 00:00:00+00:00, run_after=2025-07-03 00:00:00+00:00
[2025-07-03T17:50:54.488+0000] {processor.py:183} INFO - Processing /home/airflow/.local/lib/python3.8/site-packages/airflow/example_dags/example_nested_branch_dag.py took 0.138 seconds
[2025-07-03T17:51:25.162+0000] {processor.py:161} INFO - Started process (PID=2210) to work on /home/airflow/.local/lib/python3.8/site-packages/airflow/example_dags/example_nested_branch_dag.py
[2025-07-03T17:51:25.171+0000] {processor.py:830} INFO - Processing file /home/airflow/.local/lib/python3.8/site-packages/airflow/example_dags/example_nested_branch_dag.py for tasks to queue
[2025-07-03T17:51:25.181+0000] {logging_mixin.py:188} INFO - [2025-07-03T17:51:25.179+0000] {dagbag.py:538} INFO - Filling up the DagBag from /home/airflow/.local/lib/python3.8/site-packages/airflow/example_dags/example_nested_branch_dag.py
[2025-07-03T17:51:25.249+0000] {processor.py:840} INFO - DAG(s) 'example_nested_branch_dag' retrieved from /home/airflow/.local/lib/python3.8/site-packages/airflow/example_dags/example_nested_branch_dag.py
[2025-07-03T17:51:25.392+0000] {logging_mixin.py:188} INFO - [2025-07-03T17:51:25.391+0000] {dag.py:3036} INFO - Sync 1 DAGs
[2025-07-03T17:51:25.557+0000] {logging_mixin.py:188} INFO - [2025-07-03T17:51:25.544+0000] {dag.py:3823} INFO - Setting next_dagrun for example_nested_branch_dag to 2025-07-02 00:00:00+00:00, run_after=2025-07-03 00:00:00+00:00
[2025-07-03T17:51:25.621+0000] {processor.py:183} INFO - Processing /home/airflow/.local/lib/python3.8/site-packages/airflow/example_dags/example_nested_branch_dag.py took 0.473 seconds
[2025-07-03T17:51:55.861+0000] {processor.py:161} INFO - Started process (PID=2275) to work on /home/airflow/.local/lib/python3.8/site-packages/airflow/example_dags/example_nested_branch_dag.py
[2025-07-03T17:51:55.863+0000] {processor.py:830} INFO - Processing file /home/airflow/.local/lib/python3.8/site-packages/airflow/example_dags/example_nested_branch_dag.py for tasks to queue
[2025-07-03T17:51:55.865+0000] {logging_mixin.py:188} INFO - [2025-07-03T17:51:55.865+0000] {dagbag.py:538} INFO - Filling up the DagBag from /home/airflow/.local/lib/python3.8/site-packages/airflow/example_dags/example_nested_branch_dag.py
[2025-07-03T17:51:55.880+0000] {processor.py:840} INFO - DAG(s) 'example_nested_branch_dag' retrieved from /home/airflow/.local/lib/python3.8/site-packages/airflow/example_dags/example_nested_branch_dag.py
[2025-07-03T17:51:55.909+0000] {logging_mixin.py:188} INFO - [2025-07-03T17:51:55.909+0000] {dag.py:3036} INFO - Sync 1 DAGs
[2025-07-03T17:51:55.943+0000] {logging_mixin.py:188} INFO - [2025-07-03T17:51:55.943+0000] {dag.py:3823} INFO - Setting next_dagrun for example_nested_branch_dag to 2025-07-02 00:00:00+00:00, run_after=2025-07-03 00:00:00+00:00
[2025-07-03T17:51:55.971+0000] {processor.py:183} INFO - Processing /home/airflow/.local/lib/python3.8/site-packages/airflow/example_dags/example_nested_branch_dag.py took 0.117 seconds
[2025-07-03T17:52:26.374+0000] {processor.py:161} INFO - Started process (PID=2341) to work on /home/airflow/.local/lib/python3.8/site-packages/airflow/example_dags/example_nested_branch_dag.py
[2025-07-03T17:52:26.376+0000] {processor.py:830} INFO - Processing file /home/airflow/.local/lib/python3.8/site-packages/airflow/example_dags/example_nested_branch_dag.py for tasks to queue
[2025-07-03T17:52:26.378+0000] {logging_mixin.py:188} INFO - [2025-07-03T17:52:26.378+0000] {dagbag.py:538} INFO - Filling up the DagBag from /home/airflow/.local/lib/python3.8/site-packages/airflow/example_dags/example_nested_branch_dag.py
[2025-07-03T17:52:26.392+0000] {processor.py:840} INFO - DAG(s) 'example_nested_branch_dag' retrieved from /home/airflow/.local/lib/python3.8/site-packages/airflow/example_dags/example_nested_branch_dag.py
[2025-07-03T17:52:26.423+0000] {logging_mixin.py:188} INFO - [2025-07-03T17:52:26.423+0000] {dag.py:3036} INFO - Sync 1 DAGs
[2025-07-03T17:52:26.459+0000] {logging_mixin.py:188} INFO - [2025-07-03T17:52:26.458+0000] {dag.py:3823} INFO - Setting next_dagrun for example_nested_branch_dag to 2025-07-02 00:00:00+00:00, run_after=2025-07-03 00:00:00+00:00
[2025-07-03T17:52:26.489+0000] {processor.py:183} INFO - Processing /home/airflow/.local/lib/python3.8/site-packages/airflow/example_dags/example_nested_branch_dag.py took 0.120 seconds
[2025-07-03T17:52:57.325+0000] {processor.py:161} INFO - Started process (PID=2407) to work on /home/airflow/.local/lib/python3.8/site-packages/airflow/example_dags/example_nested_branch_dag.py
[2025-07-03T17:52:57.326+0000] {processor.py:830} INFO - Processing file /home/airflow/.local/lib/python3.8/site-packages/airflow/example_dags/example_nested_branch_dag.py for tasks to queue
[2025-07-03T17:52:57.329+0000] {logging_mixin.py:188} INFO - [2025-07-03T17:52:57.328+0000] {dagbag.py:538} INFO - Filling up the DagBag from /home/airflow/.local/lib/python3.8/site-packages/airflow/example_dags/example_nested_branch_dag.py
[2025-07-03T17:52:57.343+0000] {processor.py:840} INFO - DAG(s) 'example_nested_branch_dag' retrieved from /home/airflow/.local/lib/python3.8/site-packages/airflow/example_dags/example_nested_branch_dag.py
[2025-07-03T17:52:57.375+0000] {logging_mixin.py:188} INFO - [2025-07-03T17:52:57.375+0000] {dag.py:3036} INFO - Sync 1 DAGs
[2025-07-03T17:52:57.412+0000] {logging_mixin.py:188} INFO - [2025-07-03T17:52:57.411+0000] {dag.py:3823} INFO - Setting next_dagrun for example_nested_branch_dag to 2025-07-02 00:00:00+00:00, run_after=2025-07-03 00:00:00+00:00
[2025-07-03T17:52:57.440+0000] {processor.py:183} INFO - Processing /home/airflow/.local/lib/python3.8/site-packages/airflow/example_dags/example_nested_branch_dag.py took 0.119 seconds
[2025-07-03T17:53:28.279+0000] {processor.py:161} INFO - Started process (PID=2473) to work on /home/airflow/.local/lib/python3.8/site-packages/airflow/example_dags/example_nested_branch_dag.py
[2025-07-03T17:53:28.280+0000] {processor.py:830} INFO - Processing file /home/airflow/.local/lib/python3.8/site-packages/airflow/example_dags/example_nested_branch_dag.py for tasks to queue
[2025-07-03T17:53:28.283+0000] {logging_mixin.py:188} INFO - [2025-07-03T17:53:28.283+0000] {dagbag.py:538} INFO - Filling up the DagBag from /home/airflow/.local/lib/python3.8/site-packages/airflow/example_dags/example_nested_branch_dag.py
[2025-07-03T17:53:28.317+0000] {processor.py:840} INFO - DAG(s) 'example_nested_branch_dag' retrieved from /home/airflow/.local/lib/python3.8/site-packages/airflow/example_dags/example_nested_branch_dag.py
[2025-07-03T17:53:28.367+0000] {logging_mixin.py:188} INFO - [2025-07-03T17:53:28.366+0000] {dag.py:3036} INFO - Sync 1 DAGs
[2025-07-03T17:53:28.443+0000] {logging_mixin.py:188} INFO - [2025-07-03T17:53:28.441+0000] {dag.py:3823} INFO - Setting next_dagrun for example_nested_branch_dag to 2025-07-02 00:00:00+00:00, run_after=2025-07-03 00:00:00+00:00
[2025-07-03T17:53:28.493+0000] {processor.py:183} INFO - Processing /home/airflow/.local/lib/python3.8/site-packages/airflow/example_dags/example_nested_branch_dag.py took 0.220 seconds
[2025-07-03T17:53:58.899+0000] {processor.py:161} INFO - Started process (PID=2539) to work on /home/airflow/.local/lib/python3.8/site-packages/airflow/example_dags/example_nested_branch_dag.py
[2025-07-03T17:53:58.901+0000] {processor.py:830} INFO - Processing file /home/airflow/.local/lib/python3.8/site-packages/airflow/example_dags/example_nested_branch_dag.py for tasks to queue
[2025-07-03T17:53:58.903+0000] {logging_mixin.py:188} INFO - [2025-07-03T17:53:58.903+0000] {dagbag.py:538} INFO - Filling up the DagBag from /home/airflow/.local/lib/python3.8/site-packages/airflow/example_dags/example_nested_branch_dag.py
[2025-07-03T17:53:58.929+0000] {processor.py:840} INFO - DAG(s) 'example_nested_branch_dag' retrieved from /home/airflow/.local/lib/python3.8/site-packages/airflow/example_dags/example_nested_branch_dag.py
[2025-07-03T17:53:58.968+0000] {logging_mixin.py:188} INFO - [2025-07-03T17:53:58.967+0000] {dag.py:3036} INFO - Sync 1 DAGs
[2025-07-03T17:53:59.014+0000] {logging_mixin.py:188} INFO - [2025-07-03T17:53:59.013+0000] {dag.py:3823} INFO - Setting next_dagrun for example_nested_branch_dag to 2025-07-02 00:00:00+00:00, run_after=2025-07-03 00:00:00+00:00
[2025-07-03T17:53:59.045+0000] {processor.py:183} INFO - Processing /home/airflow/.local/lib/python3.8/site-packages/airflow/example_dags/example_nested_branch_dag.py took 0.151 seconds
[2025-07-03T17:54:29.323+0000] {processor.py:161} INFO - Started process (PID=2603) to work on /home/airflow/.local/lib/python3.8/site-packages/airflow/example_dags/example_nested_branch_dag.py
[2025-07-03T17:54:29.324+0000] {processor.py:830} INFO - Processing file /home/airflow/.local/lib/python3.8/site-packages/airflow/example_dags/example_nested_branch_dag.py for tasks to queue
[2025-07-03T17:54:29.327+0000] {logging_mixin.py:188} INFO - [2025-07-03T17:54:29.326+0000] {dagbag.py:538} INFO - Filling up the DagBag from /home/airflow/.local/lib/python3.8/site-packages/airflow/example_dags/example_nested_branch_dag.py
[2025-07-03T17:54:29.352+0000] {processor.py:840} INFO - DAG(s) 'example_nested_branch_dag' retrieved from /home/airflow/.local/lib/python3.8/site-packages/airflow/example_dags/example_nested_branch_dag.py
[2025-07-03T17:54:29.388+0000] {logging_mixin.py:188} INFO - [2025-07-03T17:54:29.387+0000] {dag.py:3036} INFO - Sync 1 DAGs
[2025-07-03T17:54:29.432+0000] {logging_mixin.py:188} INFO - [2025-07-03T17:54:29.431+0000] {dag.py:3823} INFO - Setting next_dagrun for example_nested_branch_dag to 2025-07-02 00:00:00+00:00, run_after=2025-07-03 00:00:00+00:00
[2025-07-03T17:54:29.464+0000] {processor.py:183} INFO - Processing /home/airflow/.local/lib/python3.8/site-packages/airflow/example_dags/example_nested_branch_dag.py took 0.145 seconds
[2025-07-03T17:55:00.342+0000] {processor.py:161} INFO - Started process (PID=2667) to work on /home/airflow/.local/lib/python3.8/site-packages/airflow/example_dags/example_nested_branch_dag.py
[2025-07-03T17:55:00.343+0000] {processor.py:830} INFO - Processing file /home/airflow/.local/lib/python3.8/site-packages/airflow/example_dags/example_nested_branch_dag.py for tasks to queue
[2025-07-03T17:55:00.345+0000] {logging_mixin.py:188} INFO - [2025-07-03T17:55:00.345+0000] {dagbag.py:538} INFO - Filling up the DagBag from /home/airflow/.local/lib/python3.8/site-packages/airflow/example_dags/example_nested_branch_dag.py
[2025-07-03T17:55:00.359+0000] {processor.py:840} INFO - DAG(s) 'example_nested_branch_dag' retrieved from /home/airflow/.local/lib/python3.8/site-packages/airflow/example_dags/example_nested_branch_dag.py
[2025-07-03T17:55:00.388+0000] {logging_mixin.py:188} INFO - [2025-07-03T17:55:00.387+0000] {dag.py:3036} INFO - Sync 1 DAGs
[2025-07-03T17:55:00.421+0000] {logging_mixin.py:188} INFO - [2025-07-03T17:55:00.420+0000] {dag.py:3823} INFO - Setting next_dagrun for example_nested_branch_dag to 2025-07-02 00:00:00+00:00, run_after=2025-07-03 00:00:00+00:00
[2025-07-03T17:55:00.447+0000] {processor.py:183} INFO - Processing /home/airflow/.local/lib/python3.8/site-packages/airflow/example_dags/example_nested_branch_dag.py took 0.110 seconds
[2025-07-03T17:55:30.601+0000] {processor.py:161} INFO - Started process (PID=2732) to work on /home/airflow/.local/lib/python3.8/site-packages/airflow/example_dags/example_nested_branch_dag.py
[2025-07-03T17:55:30.602+0000] {processor.py:830} INFO - Processing file /home/airflow/.local/lib/python3.8/site-packages/airflow/example_dags/example_nested_branch_dag.py for tasks to queue
[2025-07-03T17:55:30.605+0000] {logging_mixin.py:188} INFO - [2025-07-03T17:55:30.604+0000] {dagbag.py:538} INFO - Filling up the DagBag from /home/airflow/.local/lib/python3.8/site-packages/airflow/example_dags/example_nested_branch_dag.py
[2025-07-03T17:55:30.631+0000] {processor.py:840} INFO - DAG(s) 'example_nested_branch_dag' retrieved from /home/airflow/.local/lib/python3.8/site-packages/airflow/example_dags/example_nested_branch_dag.py
[2025-07-03T17:55:30.690+0000] {logging_mixin.py:188} INFO - [2025-07-03T17:55:30.689+0000] {dag.py:3036} INFO - Sync 1 DAGs
[2025-07-03T17:55:30.743+0000] {logging_mixin.py:188} INFO - [2025-07-03T17:55:30.742+0000] {dag.py:3823} INFO - Setting next_dagrun for example_nested_branch_dag to 2025-07-02 00:00:00+00:00, run_after=2025-07-03 00:00:00+00:00
[2025-07-03T17:55:30.770+0000] {processor.py:183} INFO - Processing /home/airflow/.local/lib/python3.8/site-packages/airflow/example_dags/example_nested_branch_dag.py took 0.175 seconds
[2025-07-03T17:56:01.226+0000] {processor.py:161} INFO - Started process (PID=2797) to work on /home/airflow/.local/lib/python3.8/site-packages/airflow/example_dags/example_nested_branch_dag.py
[2025-07-03T17:56:01.228+0000] {processor.py:830} INFO - Processing file /home/airflow/.local/lib/python3.8/site-packages/airflow/example_dags/example_nested_branch_dag.py for tasks to queue
[2025-07-03T17:56:01.231+0000] {logging_mixin.py:188} INFO - [2025-07-03T17:56:01.231+0000] {dagbag.py:538} INFO - Filling up the DagBag from /home/airflow/.local/lib/python3.8/site-packages/airflow/example_dags/example_nested_branch_dag.py
[2025-07-03T17:56:01.250+0000] {processor.py:840} INFO - DAG(s) 'example_nested_branch_dag' retrieved from /home/airflow/.local/lib/python3.8/site-packages/airflow/example_dags/example_nested_branch_dag.py
[2025-07-03T17:56:01.296+0000] {logging_mixin.py:188} INFO - [2025-07-03T17:56:01.295+0000] {dag.py:3036} INFO - Sync 1 DAGs
[2025-07-03T17:56:01.342+0000] {logging_mixin.py:188} INFO - [2025-07-03T17:56:01.342+0000] {dag.py:3823} INFO - Setting next_dagrun for example_nested_branch_dag to 2025-07-02 00:00:00+00:00, run_after=2025-07-03 00:00:00+00:00
[2025-07-03T17:56:01.375+0000] {processor.py:183} INFO - Processing /home/airflow/.local/lib/python3.8/site-packages/airflow/example_dags/example_nested_branch_dag.py took 0.153 seconds
[2025-07-03T17:56:31.700+0000] {processor.py:161} INFO - Started process (PID=2863) to work on /home/airflow/.local/lib/python3.8/site-packages/airflow/example_dags/example_nested_branch_dag.py
[2025-07-03T17:56:31.709+0000] {processor.py:830} INFO - Processing file /home/airflow/.local/lib/python3.8/site-packages/airflow/example_dags/example_nested_branch_dag.py for tasks to queue
[2025-07-03T17:56:31.716+0000] {logging_mixin.py:188} INFO - [2025-07-03T17:56:31.712+0000] {dagbag.py:538} INFO - Filling up the DagBag from /home/airflow/.local/lib/python3.8/site-packages/airflow/example_dags/example_nested_branch_dag.py
[2025-07-03T17:56:31.776+0000] {processor.py:840} INFO - DAG(s) 'example_nested_branch_dag' retrieved from /home/airflow/.local/lib/python3.8/site-packages/airflow/example_dags/example_nested_branch_dag.py
[2025-07-03T17:56:31.842+0000] {logging_mixin.py:188} INFO - [2025-07-03T17:56:31.841+0000] {dag.py:3036} INFO - Sync 1 DAGs
[2025-07-03T17:56:31.930+0000] {logging_mixin.py:188} INFO - [2025-07-03T17:56:31.929+0000] {dag.py:3823} INFO - Setting next_dagrun for example_nested_branch_dag to 2025-07-02 00:00:00+00:00, run_after=2025-07-03 00:00:00+00:00
[2025-07-03T17:56:31.991+0000] {processor.py:183} INFO - Processing /home/airflow/.local/lib/python3.8/site-packages/airflow/example_dags/example_nested_branch_dag.py took 0.307 seconds
[2025-07-03T17:57:03.138+0000] {processor.py:161} INFO - Started process (PID=2927) to work on /home/airflow/.local/lib/python3.8/site-packages/airflow/example_dags/example_nested_branch_dag.py
[2025-07-03T17:57:03.141+0000] {processor.py:830} INFO - Processing file /home/airflow/.local/lib/python3.8/site-packages/airflow/example_dags/example_nested_branch_dag.py for tasks to queue
[2025-07-03T17:57:03.144+0000] {logging_mixin.py:188} INFO - [2025-07-03T17:57:03.143+0000] {dagbag.py:538} INFO - Filling up the DagBag from /home/airflow/.local/lib/python3.8/site-packages/airflow/example_dags/example_nested_branch_dag.py
[2025-07-03T17:57:03.180+0000] {processor.py:840} INFO - DAG(s) 'example_nested_branch_dag' retrieved from /home/airflow/.local/lib/python3.8/site-packages/airflow/example_dags/example_nested_branch_dag.py
[2025-07-03T17:57:03.270+0000] {logging_mixin.py:188} INFO - [2025-07-03T17:57:03.269+0000] {dag.py:3036} INFO - Sync 1 DAGs
[2025-07-03T17:57:03.355+0000] {logging_mixin.py:188} INFO - [2025-07-03T17:57:03.355+0000] {dag.py:3823} INFO - Setting next_dagrun for example_nested_branch_dag to 2025-07-02 00:00:00+00:00, run_after=2025-07-03 00:00:00+00:00
[2025-07-03T17:57:03.422+0000] {processor.py:183} INFO - Processing /home/airflow/.local/lib/python3.8/site-packages/airflow/example_dags/example_nested_branch_dag.py took 0.299 seconds
[2025-07-03T17:57:34.096+0000] {processor.py:161} INFO - Started process (PID=2983) to work on /home/airflow/.local/lib/python3.8/site-packages/airflow/example_dags/example_nested_branch_dag.py
[2025-07-03T17:57:34.109+0000] {processor.py:830} INFO - Processing file /home/airflow/.local/lib/python3.8/site-packages/airflow/example_dags/example_nested_branch_dag.py for tasks to queue
[2025-07-03T17:57:34.112+0000] {logging_mixin.py:188} INFO - [2025-07-03T17:57:34.111+0000] {dagbag.py:538} INFO - Filling up the DagBag from /home/airflow/.local/lib/python3.8/site-packages/airflow/example_dags/example_nested_branch_dag.py
[2025-07-03T17:57:34.204+0000] {processor.py:840} INFO - DAG(s) 'example_nested_branch_dag' retrieved from /home/airflow/.local/lib/python3.8/site-packages/airflow/example_dags/example_nested_branch_dag.py
[2025-07-03T17:57:34.378+0000] {logging_mixin.py:188} INFO - [2025-07-03T17:57:34.377+0000] {dag.py:3036} INFO - Sync 1 DAGs
[2025-07-03T17:57:34.586+0000] {logging_mixin.py:188} INFO - [2025-07-03T17:57:34.586+0000] {dag.py:3823} INFO - Setting next_dagrun for example_nested_branch_dag to 2025-07-02 00:00:00+00:00, run_after=2025-07-03 00:00:00+00:00
[2025-07-03T17:57:34.752+0000] {processor.py:183} INFO - Processing /home/airflow/.local/lib/python3.8/site-packages/airflow/example_dags/example_nested_branch_dag.py took 0.671 seconds
[2025-07-03T17:58:06.158+0000] {processor.py:161} INFO - Started process (PID=3051) to work on /home/airflow/.local/lib/python3.8/site-packages/airflow/example_dags/example_nested_branch_dag.py
[2025-07-03T17:58:06.177+0000] {processor.py:830} INFO - Processing file /home/airflow/.local/lib/python3.8/site-packages/airflow/example_dags/example_nested_branch_dag.py for tasks to queue
[2025-07-03T17:58:06.186+0000] {logging_mixin.py:188} INFO - [2025-07-03T17:58:06.185+0000] {dagbag.py:538} INFO - Filling up the DagBag from /home/airflow/.local/lib/python3.8/site-packages/airflow/example_dags/example_nested_branch_dag.py
[2025-07-03T17:58:06.317+0000] {processor.py:840} INFO - DAG(s) 'example_nested_branch_dag' retrieved from /home/airflow/.local/lib/python3.8/site-packages/airflow/example_dags/example_nested_branch_dag.py
[2025-07-03T17:58:06.462+0000] {logging_mixin.py:188} INFO - [2025-07-03T17:58:06.461+0000] {dag.py:3036} INFO - Sync 1 DAGs
[2025-07-03T17:58:06.613+0000] {logging_mixin.py:188} INFO - [2025-07-03T17:58:06.613+0000] {dag.py:3823} INFO - Setting next_dagrun for example_nested_branch_dag to 2025-07-02 00:00:00+00:00, run_after=2025-07-03 00:00:00+00:00
[2025-07-03T17:58:06.711+0000] {processor.py:183} INFO - Processing /home/airflow/.local/lib/python3.8/site-packages/airflow/example_dags/example_nested_branch_dag.py took 0.582 seconds
[2025-07-03T17:58:36.892+0000] {processor.py:161} INFO - Started process (PID=3116) to work on /home/airflow/.local/lib/python3.8/site-packages/airflow/example_dags/example_nested_branch_dag.py
[2025-07-03T17:58:36.893+0000] {processor.py:830} INFO - Processing file /home/airflow/.local/lib/python3.8/site-packages/airflow/example_dags/example_nested_branch_dag.py for tasks to queue
[2025-07-03T17:58:36.895+0000] {logging_mixin.py:188} INFO - [2025-07-03T17:58:36.895+0000] {dagbag.py:538} INFO - Filling up the DagBag from /home/airflow/.local/lib/python3.8/site-packages/airflow/example_dags/example_nested_branch_dag.py
[2025-07-03T17:58:36.909+0000] {processor.py:840} INFO - DAG(s) 'example_nested_branch_dag' retrieved from /home/airflow/.local/lib/python3.8/site-packages/airflow/example_dags/example_nested_branch_dag.py
[2025-07-03T17:58:36.937+0000] {logging_mixin.py:188} INFO - [2025-07-03T17:58:36.937+0000] {dag.py:3036} INFO - Sync 1 DAGs
[2025-07-03T17:58:36.969+0000] {logging_mixin.py:188} INFO - [2025-07-03T17:58:36.969+0000] {dag.py:3823} INFO - Setting next_dagrun for example_nested_branch_dag to 2025-07-02 00:00:00+00:00, run_after=2025-07-03 00:00:00+00:00
[2025-07-03T17:58:36.994+0000] {processor.py:183} INFO - Processing /home/airflow/.local/lib/python3.8/site-packages/airflow/example_dags/example_nested_branch_dag.py took 0.106 seconds
[2025-07-03T17:59:07.722+0000] {processor.py:161} INFO - Started process (PID=3180) to work on /home/airflow/.local/lib/python3.8/site-packages/airflow/example_dags/example_nested_branch_dag.py
[2025-07-03T17:59:07.724+0000] {processor.py:830} INFO - Processing file /home/airflow/.local/lib/python3.8/site-packages/airflow/example_dags/example_nested_branch_dag.py for tasks to queue
[2025-07-03T17:59:07.727+0000] {logging_mixin.py:188} INFO - [2025-07-03T17:59:07.726+0000] {dagbag.py:538} INFO - Filling up the DagBag from /home/airflow/.local/lib/python3.8/site-packages/airflow/example_dags/example_nested_branch_dag.py
[2025-07-03T17:59:07.746+0000] {processor.py:840} INFO - DAG(s) 'example_nested_branch_dag' retrieved from /home/airflow/.local/lib/python3.8/site-packages/airflow/example_dags/example_nested_branch_dag.py
[2025-07-03T17:59:07.787+0000] {logging_mixin.py:188} INFO - [2025-07-03T17:59:07.787+0000] {dag.py:3036} INFO - Sync 1 DAGs
[2025-07-03T17:59:07.829+0000] {logging_mixin.py:188} INFO - [2025-07-03T17:59:07.829+0000] {dag.py:3823} INFO - Setting next_dagrun for example_nested_branch_dag to 2025-07-02 00:00:00+00:00, run_after=2025-07-03 00:00:00+00:00
[2025-07-03T17:59:07.861+0000] {processor.py:183} INFO - Processing /home/airflow/.local/lib/python3.8/site-packages/airflow/example_dags/example_nested_branch_dag.py took 0.144 seconds
[2025-07-03T17:59:38.202+0000] {processor.py:161} INFO - Started process (PID=3245) to work on /home/airflow/.local/lib/python3.8/site-packages/airflow/example_dags/example_nested_branch_dag.py
[2025-07-03T17:59:38.204+0000] {processor.py:830} INFO - Processing file /home/airflow/.local/lib/python3.8/site-packages/airflow/example_dags/example_nested_branch_dag.py for tasks to queue
[2025-07-03T17:59:38.206+0000] {logging_mixin.py:188} INFO - [2025-07-03T17:59:38.206+0000] {dagbag.py:538} INFO - Filling up the DagBag from /home/airflow/.local/lib/python3.8/site-packages/airflow/example_dags/example_nested_branch_dag.py
[2025-07-03T17:59:38.225+0000] {processor.py:840} INFO - DAG(s) 'example_nested_branch_dag' retrieved from /home/airflow/.local/lib/python3.8/site-packages/airflow/example_dags/example_nested_branch_dag.py
[2025-07-03T17:59:38.261+0000] {logging_mixin.py:188} INFO - [2025-07-03T17:59:38.260+0000] {dag.py:3036} INFO - Sync 1 DAGs
[2025-07-03T17:59:38.303+0000] {logging_mixin.py:188} INFO - [2025-07-03T17:59:38.303+0000] {dag.py:3823} INFO - Setting next_dagrun for example_nested_branch_dag to 2025-07-02 00:00:00+00:00, run_after=2025-07-03 00:00:00+00:00
[2025-07-03T17:59:38.333+0000] {processor.py:183} INFO - Processing /home/airflow/.local/lib/python3.8/site-packages/airflow/example_dags/example_nested_branch_dag.py took 0.135 seconds
[2025-07-03T18:00:08.618+0000] {processor.py:161} INFO - Started process (PID=3308) to work on /home/airflow/.local/lib/python3.8/site-packages/airflow/example_dags/example_nested_branch_dag.py
[2025-07-03T18:00:08.619+0000] {processor.py:830} INFO - Processing file /home/airflow/.local/lib/python3.8/site-packages/airflow/example_dags/example_nested_branch_dag.py for tasks to queue
[2025-07-03T18:00:08.634+0000] {logging_mixin.py:188} INFO - [2025-07-03T18:00:08.633+0000] {dagbag.py:538} INFO - Filling up the DagBag from /home/airflow/.local/lib/python3.8/site-packages/airflow/example_dags/example_nested_branch_dag.py
[2025-07-03T18:00:08.733+0000] {processor.py:840} INFO - DAG(s) 'example_nested_branch_dag' retrieved from /home/airflow/.local/lib/python3.8/site-packages/airflow/example_dags/example_nested_branch_dag.py
[2025-07-03T18:00:08.834+0000] {logging_mixin.py:188} INFO - [2025-07-03T18:00:08.833+0000] {dag.py:3036} INFO - Sync 1 DAGs
[2025-07-03T18:00:08.957+0000] {logging_mixin.py:188} INFO - [2025-07-03T18:00:08.957+0000] {dag.py:3823} INFO - Setting next_dagrun for example_nested_branch_dag to 2025-07-02 00:00:00+00:00, run_after=2025-07-03 00:00:00+00:00
[2025-07-03T18:00:09.079+0000] {processor.py:183} INFO - Processing /home/airflow/.local/lib/python3.8/site-packages/airflow/example_dags/example_nested_branch_dag.py took 0.474 seconds
[2025-07-03T18:00:39.206+0000] {processor.py:161} INFO - Started process (PID=3373) to work on /home/airflow/.local/lib/python3.8/site-packages/airflow/example_dags/example_nested_branch_dag.py
[2025-07-03T18:00:39.207+0000] {processor.py:830} INFO - Processing file /home/airflow/.local/lib/python3.8/site-packages/airflow/example_dags/example_nested_branch_dag.py for tasks to queue
[2025-07-03T18:00:39.214+0000] {logging_mixin.py:188} INFO - [2025-07-03T18:00:39.213+0000] {dagbag.py:538} INFO - Filling up the DagBag from /home/airflow/.local/lib/python3.8/site-packages/airflow/example_dags/example_nested_branch_dag.py
[2025-07-03T18:00:39.249+0000] {processor.py:840} INFO - DAG(s) 'example_nested_branch_dag' retrieved from /home/airflow/.local/lib/python3.8/site-packages/airflow/example_dags/example_nested_branch_dag.py
[2025-07-03T18:00:39.313+0000] {logging_mixin.py:188} INFO - [2025-07-03T18:00:39.312+0000] {dag.py:3036} INFO - Sync 1 DAGs
[2025-07-03T18:00:39.416+0000] {logging_mixin.py:188} INFO - [2025-07-03T18:00:39.416+0000] {dag.py:3823} INFO - Setting next_dagrun for example_nested_branch_dag to 2025-07-02 00:00:00+00:00, run_after=2025-07-03 00:00:00+00:00
[2025-07-03T18:00:40.062+0000] {processor.py:183} INFO - Processing /home/airflow/.local/lib/python3.8/site-packages/airflow/example_dags/example_nested_branch_dag.py took 0.869 seconds
[2025-07-03T18:01:10.318+0000] {processor.py:161} INFO - Started process (PID=3430) to work on /home/airflow/.local/lib/python3.8/site-packages/airflow/example_dags/example_nested_branch_dag.py
[2025-07-03T18:01:10.319+0000] {processor.py:830} INFO - Processing file /home/airflow/.local/lib/python3.8/site-packages/airflow/example_dags/example_nested_branch_dag.py for tasks to queue
[2025-07-03T18:01:10.321+0000] {logging_mixin.py:188} INFO - [2025-07-03T18:01:10.321+0000] {dagbag.py:538} INFO - Filling up the DagBag from /home/airflow/.local/lib/python3.8/site-packages/airflow/example_dags/example_nested_branch_dag.py
[2025-07-03T18:01:10.338+0000] {processor.py:840} INFO - DAG(s) 'example_nested_branch_dag' retrieved from /home/airflow/.local/lib/python3.8/site-packages/airflow/example_dags/example_nested_branch_dag.py
[2025-07-03T18:01:10.375+0000] {logging_mixin.py:188} INFO - [2025-07-03T18:01:10.374+0000] {dag.py:3036} INFO - Sync 1 DAGs
[2025-07-03T18:01:10.420+0000] {logging_mixin.py:188} INFO - [2025-07-03T18:01:10.419+0000] {dag.py:3823} INFO - Setting next_dagrun for example_nested_branch_dag to 2025-07-02 00:00:00+00:00, run_after=2025-07-03 00:00:00+00:00
[2025-07-03T18:01:10.454+0000] {processor.py:183} INFO - Processing /home/airflow/.local/lib/python3.8/site-packages/airflow/example_dags/example_nested_branch_dag.py took 0.141 seconds
[2025-07-03T18:01:41.147+0000] {processor.py:161} INFO - Started process (PID=3494) to work on /home/airflow/.local/lib/python3.8/site-packages/airflow/example_dags/example_nested_branch_dag.py
[2025-07-03T18:01:41.211+0000] {processor.py:830} INFO - Processing file /home/airflow/.local/lib/python3.8/site-packages/airflow/example_dags/example_nested_branch_dag.py for tasks to queue
[2025-07-03T18:01:41.214+0000] {logging_mixin.py:188} INFO - [2025-07-03T18:01:41.214+0000] {dagbag.py:538} INFO - Filling up the DagBag from /home/airflow/.local/lib/python3.8/site-packages/airflow/example_dags/example_nested_branch_dag.py
[2025-07-03T18:01:41.232+0000] {processor.py:840} INFO - DAG(s) 'example_nested_branch_dag' retrieved from /home/airflow/.local/lib/python3.8/site-packages/airflow/example_dags/example_nested_branch_dag.py
[2025-07-03T18:01:41.268+0000] {logging_mixin.py:188} INFO - [2025-07-03T18:01:41.268+0000] {dag.py:3036} INFO - Sync 1 DAGs
[2025-07-03T18:01:41.313+0000] {logging_mixin.py:188} INFO - [2025-07-03T18:01:41.312+0000] {dag.py:3823} INFO - Setting next_dagrun for example_nested_branch_dag to 2025-07-02 00:00:00+00:00, run_after=2025-07-03 00:00:00+00:00
[2025-07-03T18:01:41.343+0000] {processor.py:183} INFO - Processing /home/airflow/.local/lib/python3.8/site-packages/airflow/example_dags/example_nested_branch_dag.py took 0.200 seconds
[2025-07-03T18:02:14.836+0000] {processor.py:161} INFO - Started process (PID=3559) to work on /home/airflow/.local/lib/python3.8/site-packages/airflow/example_dags/example_nested_branch_dag.py
[2025-07-03T18:02:14.848+0000] {processor.py:830} INFO - Processing file /home/airflow/.local/lib/python3.8/site-packages/airflow/example_dags/example_nested_branch_dag.py for tasks to queue
[2025-07-03T18:02:14.850+0000] {logging_mixin.py:188} INFO - [2025-07-03T18:02:14.849+0000] {dagbag.py:538} INFO - Filling up the DagBag from /home/airflow/.local/lib/python3.8/site-packages/airflow/example_dags/example_nested_branch_dag.py
[2025-07-03T18:02:14.900+0000] {processor.py:840} INFO - DAG(s) 'example_nested_branch_dag' retrieved from /home/airflow/.local/lib/python3.8/site-packages/airflow/example_dags/example_nested_branch_dag.py
[2025-07-03T18:02:15.478+0000] {logging_mixin.py:188} INFO - [2025-07-03T18:02:15.477+0000] {dag.py:3036} INFO - Sync 1 DAGs
[2025-07-03T18:02:15.550+0000] {logging_mixin.py:188} INFO - [2025-07-03T18:02:15.549+0000] {dag.py:3823} INFO - Setting next_dagrun for example_nested_branch_dag to 2025-07-02 00:00:00+00:00, run_after=2025-07-03 00:00:00+00:00
[2025-07-03T18:02:15.606+0000] {processor.py:183} INFO - Processing /home/airflow/.local/lib/python3.8/site-packages/airflow/example_dags/example_nested_branch_dag.py took 0.797 seconds
[2025-07-03T18:02:46.482+0000] {processor.py:161} INFO - Started process (PID=3624) to work on /home/airflow/.local/lib/python3.8/site-packages/airflow/example_dags/example_nested_branch_dag.py
[2025-07-03T18:02:46.483+0000] {processor.py:830} INFO - Processing file /home/airflow/.local/lib/python3.8/site-packages/airflow/example_dags/example_nested_branch_dag.py for tasks to queue
[2025-07-03T18:02:46.489+0000] {logging_mixin.py:188} INFO - [2025-07-03T18:02:46.489+0000] {dagbag.py:538} INFO - Filling up the DagBag from /home/airflow/.local/lib/python3.8/site-packages/airflow/example_dags/example_nested_branch_dag.py
[2025-07-03T18:02:46.531+0000] {processor.py:840} INFO - DAG(s) 'example_nested_branch_dag' retrieved from /home/airflow/.local/lib/python3.8/site-packages/airflow/example_dags/example_nested_branch_dag.py
[2025-07-03T18:02:46.676+0000] {logging_mixin.py:188} INFO - [2025-07-03T18:02:46.675+0000] {dag.py:3036} INFO - Sync 1 DAGs
[2025-07-03T18:02:47.522+0000] {logging_mixin.py:188} INFO - [2025-07-03T18:02:47.521+0000] {dag.py:3823} INFO - Setting next_dagrun for example_nested_branch_dag to 2025-07-02 00:00:00+00:00, run_after=2025-07-03 00:00:00+00:00
[2025-07-03T18:02:47.734+0000] {processor.py:183} INFO - Processing /home/airflow/.local/lib/python3.8/site-packages/airflow/example_dags/example_nested_branch_dag.py took 1.257 seconds
[2025-07-03T18:03:18.137+0000] {processor.py:161} INFO - Started process (PID=3679) to work on /home/airflow/.local/lib/python3.8/site-packages/airflow/example_dags/example_nested_branch_dag.py
[2025-07-03T18:03:18.153+0000] {processor.py:830} INFO - Processing file /home/airflow/.local/lib/python3.8/site-packages/airflow/example_dags/example_nested_branch_dag.py for tasks to queue
[2025-07-03T18:03:18.178+0000] {logging_mixin.py:188} INFO - [2025-07-03T18:03:18.178+0000] {dagbag.py:538} INFO - Filling up the DagBag from /home/airflow/.local/lib/python3.8/site-packages/airflow/example_dags/example_nested_branch_dag.py
[2025-07-03T18:03:18.306+0000] {processor.py:840} INFO - DAG(s) 'example_nested_branch_dag' retrieved from /home/airflow/.local/lib/python3.8/site-packages/airflow/example_dags/example_nested_branch_dag.py
[2025-07-03T18:03:18.503+0000] {logging_mixin.py:188} INFO - [2025-07-03T18:03:18.503+0000] {dag.py:3036} INFO - Sync 1 DAGs
[2025-07-03T18:03:18.761+0000] {logging_mixin.py:188} INFO - [2025-07-03T18:03:18.761+0000] {dag.py:3823} INFO - Setting next_dagrun for example_nested_branch_dag to 2025-07-02 00:00:00+00:00, run_after=2025-07-03 00:00:00+00:00
[2025-07-03T18:03:18.954+0000] {processor.py:183} INFO - Processing /home/airflow/.local/lib/python3.8/site-packages/airflow/example_dags/example_nested_branch_dag.py took 0.858 seconds
[2025-07-03T18:05:05.416+0000] {processor.py:161} INFO - Started process (PID=3771) to work on /home/airflow/.local/lib/python3.8/site-packages/airflow/example_dags/example_nested_branch_dag.py
[2025-07-03T18:05:05.497+0000] {processor.py:830} INFO - Processing file /home/airflow/.local/lib/python3.8/site-packages/airflow/example_dags/example_nested_branch_dag.py for tasks to queue
[2025-07-03T18:05:05.546+0000] {logging_mixin.py:188} INFO - [2025-07-03T18:05:05.545+0000] {dagbag.py:538} INFO - Filling up the DagBag from /home/airflow/.local/lib/python3.8/site-packages/airflow/example_dags/example_nested_branch_dag.py
[2025-07-03T18:05:05.850+0000] {processor.py:840} INFO - DAG(s) 'example_nested_branch_dag' retrieved from /home/airflow/.local/lib/python3.8/site-packages/airflow/example_dags/example_nested_branch_dag.py
[2025-07-03T18:05:06.456+0000] {logging_mixin.py:188} INFO - [2025-07-03T18:05:06.455+0000] {dag.py:3036} INFO - Sync 1 DAGs
[2025-07-03T18:05:07.602+0000] {logging_mixin.py:188} INFO - [2025-07-03T18:05:07.601+0000] {dag.py:3823} INFO - Setting next_dagrun for example_nested_branch_dag to 2025-07-02 00:00:00+00:00, run_after=2025-07-03 00:00:00+00:00
[2025-07-03T18:05:08.433+0000] {processor.py:183} INFO - Processing /home/airflow/.local/lib/python3.8/site-packages/airflow/example_dags/example_nested_branch_dag.py took 3.085 seconds
[2025-07-03T18:06:19.130+0000] {processor.py:161} INFO - Started process (PID=3833) to work on /home/airflow/.local/lib/python3.8/site-packages/airflow/example_dags/example_nested_branch_dag.py
[2025-07-03T18:06:19.176+0000] {processor.py:830} INFO - Processing file /home/airflow/.local/lib/python3.8/site-packages/airflow/example_dags/example_nested_branch_dag.py for tasks to queue
[2025-07-03T18:06:19.223+0000] {logging_mixin.py:188} INFO - [2025-07-03T18:06:19.222+0000] {dagbag.py:538} INFO - Filling up the DagBag from /home/airflow/.local/lib/python3.8/site-packages/airflow/example_dags/example_nested_branch_dag.py
[2025-07-03T18:06:20.112+0000] {processor.py:840} INFO - DAG(s) 'example_nested_branch_dag' retrieved from /home/airflow/.local/lib/python3.8/site-packages/airflow/example_dags/example_nested_branch_dag.py
[2025-07-03T18:06:21.778+0000] {logging_mixin.py:188} INFO - [2025-07-03T18:06:21.777+0000] {dag.py:3036} INFO - Sync 1 DAGs
[2025-07-03T18:06:23.189+0000] {logging_mixin.py:188} INFO - [2025-07-03T18:06:23.188+0000] {dag.py:3823} INFO - Setting next_dagrun for example_nested_branch_dag to 2025-07-02 00:00:00+00:00, run_after=2025-07-03 00:00:00+00:00
[2025-07-03T18:06:24.271+0000] {processor.py:183} INFO - Processing /home/airflow/.local/lib/python3.8/site-packages/airflow/example_dags/example_nested_branch_dag.py took 5.269 seconds
[2025-07-03T18:07:46.015+0000] {processor.py:161} INFO - Started process (PID=3896) to work on /home/airflow/.local/lib/python3.8/site-packages/airflow/example_dags/example_nested_branch_dag.py
[2025-07-03T18:07:46.253+0000] {processor.py:830} INFO - Processing file /home/airflow/.local/lib/python3.8/site-packages/airflow/example_dags/example_nested_branch_dag.py for tasks to queue
[2025-07-03T18:07:46.346+0000] {logging_mixin.py:188} INFO - [2025-07-03T18:07:46.346+0000] {dagbag.py:538} INFO - Filling up the DagBag from /home/airflow/.local/lib/python3.8/site-packages/airflow/example_dags/example_nested_branch_dag.py
[2025-07-03T18:07:47.134+0000] {processor.py:840} INFO - DAG(s) 'example_nested_branch_dag' retrieved from /home/airflow/.local/lib/python3.8/site-packages/airflow/example_dags/example_nested_branch_dag.py
[2025-07-03T18:07:48.162+0000] {logging_mixin.py:188} INFO - [2025-07-03T18:07:48.162+0000] {dag.py:3036} INFO - Sync 1 DAGs
[2025-07-03T18:07:51.808+0000] {logging_mixin.py:188} INFO - [2025-07-03T18:07:51.807+0000] {dag.py:3823} INFO - Setting next_dagrun for example_nested_branch_dag to 2025-07-02 00:00:00+00:00, run_after=2025-07-03 00:00:00+00:00
[2025-07-03T18:07:52.939+0000] {processor.py:183} INFO - Processing /home/airflow/.local/lib/python3.8/site-packages/airflow/example_dags/example_nested_branch_dag.py took 7.093 seconds
[2025-07-03T18:21:10.327+0000] {processor.py:161} INFO - Started process (PID=98) to work on /home/airflow/.local/lib/python3.8/site-packages/airflow/example_dags/example_nested_branch_dag.py
[2025-07-03T18:21:10.335+0000] {processor.py:830} INFO - Processing file /home/airflow/.local/lib/python3.8/site-packages/airflow/example_dags/example_nested_branch_dag.py for tasks to queue
[2025-07-03T18:21:10.343+0000] {logging_mixin.py:188} INFO - [2025-07-03T18:21:10.342+0000] {dagbag.py:538} INFO - Filling up the DagBag from /home/airflow/.local/lib/python3.8/site-packages/airflow/example_dags/example_nested_branch_dag.py
[2025-07-03T18:21:10.437+0000] {processor.py:840} INFO - DAG(s) 'example_nested_branch_dag' retrieved from /home/airflow/.local/lib/python3.8/site-packages/airflow/example_dags/example_nested_branch_dag.py
[2025-07-03T18:21:10.661+0000] {logging_mixin.py:188} INFO - [2025-07-03T18:21:10.661+0000] {dag.py:3036} INFO - Sync 1 DAGs
[2025-07-03T18:21:10.774+0000] {logging_mixin.py:188} INFO - [2025-07-03T18:21:10.773+0000] {dag.py:3823} INFO - Setting next_dagrun for example_nested_branch_dag to 2025-07-02 00:00:00+00:00, run_after=2025-07-03 00:00:00+00:00
[2025-07-03T18:21:10.878+0000] {processor.py:183} INFO - Processing /home/airflow/.local/lib/python3.8/site-packages/airflow/example_dags/example_nested_branch_dag.py took 0.573 seconds
[2025-07-03T18:21:41.376+0000] {processor.py:161} INFO - Started process (PID=163) to work on /home/airflow/.local/lib/python3.8/site-packages/airflow/example_dags/example_nested_branch_dag.py
[2025-07-03T18:21:41.378+0000] {processor.py:830} INFO - Processing file /home/airflow/.local/lib/python3.8/site-packages/airflow/example_dags/example_nested_branch_dag.py for tasks to queue
[2025-07-03T18:21:41.380+0000] {logging_mixin.py:188} INFO - [2025-07-03T18:21:41.380+0000] {dagbag.py:538} INFO - Filling up the DagBag from /home/airflow/.local/lib/python3.8/site-packages/airflow/example_dags/example_nested_branch_dag.py
[2025-07-03T18:21:41.404+0000] {processor.py:840} INFO - DAG(s) 'example_nested_branch_dag' retrieved from /home/airflow/.local/lib/python3.8/site-packages/airflow/example_dags/example_nested_branch_dag.py
[2025-07-03T18:21:41.439+0000] {logging_mixin.py:188} INFO - [2025-07-03T18:21:41.439+0000] {dag.py:3036} INFO - Sync 1 DAGs
[2025-07-03T18:21:41.485+0000] {logging_mixin.py:188} INFO - [2025-07-03T18:21:41.485+0000] {dag.py:3823} INFO - Setting next_dagrun for example_nested_branch_dag to 2025-07-02 00:00:00+00:00, run_after=2025-07-03 00:00:00+00:00
[2025-07-03T18:21:41.514+0000] {processor.py:183} INFO - Processing /home/airflow/.local/lib/python3.8/site-packages/airflow/example_dags/example_nested_branch_dag.py took 0.144 seconds
[2025-07-03T18:22:11.722+0000] {processor.py:161} INFO - Started process (PID=228) to work on /home/airflow/.local/lib/python3.8/site-packages/airflow/example_dags/example_nested_branch_dag.py
[2025-07-03T18:22:11.726+0000] {processor.py:830} INFO - Processing file /home/airflow/.local/lib/python3.8/site-packages/airflow/example_dags/example_nested_branch_dag.py for tasks to queue
[2025-07-03T18:22:11.729+0000] {logging_mixin.py:188} INFO - [2025-07-03T18:22:11.728+0000] {dagbag.py:538} INFO - Filling up the DagBag from /home/airflow/.local/lib/python3.8/site-packages/airflow/example_dags/example_nested_branch_dag.py
[2025-07-03T18:22:11.746+0000] {processor.py:840} INFO - DAG(s) 'example_nested_branch_dag' retrieved from /home/airflow/.local/lib/python3.8/site-packages/airflow/example_dags/example_nested_branch_dag.py
[2025-07-03T18:22:11.784+0000] {logging_mixin.py:188} INFO - [2025-07-03T18:22:11.784+0000] {dag.py:3036} INFO - Sync 1 DAGs
[2025-07-03T18:22:11.827+0000] {logging_mixin.py:188} INFO - [2025-07-03T18:22:11.827+0000] {dag.py:3823} INFO - Setting next_dagrun for example_nested_branch_dag to 2025-07-02 00:00:00+00:00, run_after=2025-07-03 00:00:00+00:00
[2025-07-03T18:22:11.858+0000] {processor.py:183} INFO - Processing /home/airflow/.local/lib/python3.8/site-packages/airflow/example_dags/example_nested_branch_dag.py took 0.140 seconds
[2025-07-03T18:22:42.243+0000] {processor.py:161} INFO - Started process (PID=295) to work on /home/airflow/.local/lib/python3.8/site-packages/airflow/example_dags/example_nested_branch_dag.py
[2025-07-03T18:22:42.245+0000] {processor.py:830} INFO - Processing file /home/airflow/.local/lib/python3.8/site-packages/airflow/example_dags/example_nested_branch_dag.py for tasks to queue
[2025-07-03T18:22:42.252+0000] {logging_mixin.py:188} INFO - [2025-07-03T18:22:42.252+0000] {dagbag.py:538} INFO - Filling up the DagBag from /home/airflow/.local/lib/python3.8/site-packages/airflow/example_dags/example_nested_branch_dag.py
[2025-07-03T18:22:42.291+0000] {processor.py:840} INFO - DAG(s) 'example_nested_branch_dag' retrieved from /home/airflow/.local/lib/python3.8/site-packages/airflow/example_dags/example_nested_branch_dag.py
[2025-07-03T18:22:42.349+0000] {logging_mixin.py:188} INFO - [2025-07-03T18:22:42.349+0000] {dag.py:3036} INFO - Sync 1 DAGs
[2025-07-03T18:22:42.390+0000] {logging_mixin.py:188} INFO - [2025-07-03T18:22:42.390+0000] {dag.py:3823} INFO - Setting next_dagrun for example_nested_branch_dag to 2025-07-02 00:00:00+00:00, run_after=2025-07-03 00:00:00+00:00
[2025-07-03T18:22:42.421+0000] {processor.py:183} INFO - Processing /home/airflow/.local/lib/python3.8/site-packages/airflow/example_dags/example_nested_branch_dag.py took 0.183 seconds
[2025-07-03T18:23:12.643+0000] {processor.py:161} INFO - Started process (PID=361) to work on /home/airflow/.local/lib/python3.8/site-packages/airflow/example_dags/example_nested_branch_dag.py
[2025-07-03T18:23:12.644+0000] {processor.py:830} INFO - Processing file /home/airflow/.local/lib/python3.8/site-packages/airflow/example_dags/example_nested_branch_dag.py for tasks to queue
[2025-07-03T18:23:12.646+0000] {logging_mixin.py:188} INFO - [2025-07-03T18:23:12.646+0000] {dagbag.py:538} INFO - Filling up the DagBag from /home/airflow/.local/lib/python3.8/site-packages/airflow/example_dags/example_nested_branch_dag.py
[2025-07-03T18:23:12.663+0000] {processor.py:840} INFO - DAG(s) 'example_nested_branch_dag' retrieved from /home/airflow/.local/lib/python3.8/site-packages/airflow/example_dags/example_nested_branch_dag.py
[2025-07-03T18:23:12.706+0000] {logging_mixin.py:188} INFO - [2025-07-03T18:23:12.705+0000] {dag.py:3036} INFO - Sync 1 DAGs
[2025-07-03T18:23:12.749+0000] {logging_mixin.py:188} INFO - [2025-07-03T18:23:12.749+0000] {dag.py:3823} INFO - Setting next_dagrun for example_nested_branch_dag to 2025-07-02 00:00:00+00:00, run_after=2025-07-03 00:00:00+00:00
[2025-07-03T18:23:12.778+0000] {processor.py:183} INFO - Processing /home/airflow/.local/lib/python3.8/site-packages/airflow/example_dags/example_nested_branch_dag.py took 0.139 seconds
[2025-07-03T18:23:43.019+0000] {processor.py:161} INFO - Started process (PID=426) to work on /home/airflow/.local/lib/python3.8/site-packages/airflow/example_dags/example_nested_branch_dag.py
[2025-07-03T18:23:43.020+0000] {processor.py:830} INFO - Processing file /home/airflow/.local/lib/python3.8/site-packages/airflow/example_dags/example_nested_branch_dag.py for tasks to queue
[2025-07-03T18:23:43.023+0000] {logging_mixin.py:188} INFO - [2025-07-03T18:23:43.022+0000] {dagbag.py:538} INFO - Filling up the DagBag from /home/airflow/.local/lib/python3.8/site-packages/airflow/example_dags/example_nested_branch_dag.py
[2025-07-03T18:23:43.040+0000] {processor.py:840} INFO - DAG(s) 'example_nested_branch_dag' retrieved from /home/airflow/.local/lib/python3.8/site-packages/airflow/example_dags/example_nested_branch_dag.py
[2025-07-03T18:23:43.080+0000] {logging_mixin.py:188} INFO - [2025-07-03T18:23:43.080+0000] {dag.py:3036} INFO - Sync 1 DAGs
[2025-07-03T18:23:43.123+0000] {logging_mixin.py:188} INFO - [2025-07-03T18:23:43.123+0000] {dag.py:3823} INFO - Setting next_dagrun for example_nested_branch_dag to 2025-07-02 00:00:00+00:00, run_after=2025-07-03 00:00:00+00:00
[2025-07-03T18:23:43.152+0000] {processor.py:183} INFO - Processing /home/airflow/.local/lib/python3.8/site-packages/airflow/example_dags/example_nested_branch_dag.py took 0.137 seconds
[2025-07-03T18:24:13.285+0000] {processor.py:161} INFO - Started process (PID=492) to work on /home/airflow/.local/lib/python3.8/site-packages/airflow/example_dags/example_nested_branch_dag.py
[2025-07-03T18:24:13.287+0000] {processor.py:830} INFO - Processing file /home/airflow/.local/lib/python3.8/site-packages/airflow/example_dags/example_nested_branch_dag.py for tasks to queue
[2025-07-03T18:24:13.290+0000] {logging_mixin.py:188} INFO - [2025-07-03T18:24:13.289+0000] {dagbag.py:538} INFO - Filling up the DagBag from /home/airflow/.local/lib/python3.8/site-packages/airflow/example_dags/example_nested_branch_dag.py
[2025-07-03T18:24:13.333+0000] {processor.py:840} INFO - DAG(s) 'example_nested_branch_dag' retrieved from /home/airflow/.local/lib/python3.8/site-packages/airflow/example_dags/example_nested_branch_dag.py
[2025-07-03T18:24:13.400+0000] {logging_mixin.py:188} INFO - [2025-07-03T18:24:13.399+0000] {dag.py:3036} INFO - Sync 1 DAGs
[2025-07-03T18:24:13.477+0000] {logging_mixin.py:188} INFO - [2025-07-03T18:24:13.477+0000] {dag.py:3823} INFO - Setting next_dagrun for example_nested_branch_dag to 2025-07-02 00:00:00+00:00, run_after=2025-07-03 00:00:00+00:00
[2025-07-03T18:24:13.534+0000] {processor.py:183} INFO - Processing /home/airflow/.local/lib/python3.8/site-packages/airflow/example_dags/example_nested_branch_dag.py took 0.269 seconds
