[2025-07-03T17:35:36.577+0000] {processor.py:161} INFO - Started process (PID=229) to work on /home/airflow/.local/lib/python3.8/site-packages/airflow/example_dags/example_sensors.py
[2025-07-03T17:35:36.589+0000] {processor.py:830} INFO - Processing file /home/airflow/.local/lib/python3.8/site-packages/airflow/example_dags/example_sensors.py for tasks to queue
[2025-07-03T17:35:36.592+0000] {logging_mixin.py:188} INFO - [2025-07-03T17:35:36.592+0000] {dagbag.py:538} INFO - Filling up the DagBag from /home/airflow/.local/lib/python3.8/site-packages/airflow/example_dags/example_sensors.py
[2025-07-03T17:35:36.691+0000] {processor.py:840} INFO - DAG(s) 'example_sensors' retrieved from /home/airflow/.local/lib/python3.8/site-packages/airflow/example_dags/example_sensors.py
[2025-07-03T17:35:37.321+0000] {logging_mixin.py:188} INFO - [2025-07-03T17:35:37.321+0000] {dag.py:3036} INFO - Sync 1 DAGs
[2025-07-03T17:35:37.356+0000] {logging_mixin.py:188} INFO - [2025-07-03T17:35:37.355+0000] {dag.py:3823} INFO - Setting next_dagrun for example_sensors to None, run_after=None
[2025-07-03T17:35:37.434+0000] {processor.py:183} INFO - Processing /home/airflow/.local/lib/python3.8/site-packages/airflow/example_dags/example_sensors.py took 0.892 seconds
[2025-07-03T17:36:09.268+0000] {processor.py:161} INFO - Started process (PID=293) to work on /home/airflow/.local/lib/python3.8/site-packages/airflow/example_dags/example_sensors.py
[2025-07-03T17:36:09.381+0000] {processor.py:830} INFO - Processing file /home/airflow/.local/lib/python3.8/site-packages/airflow/example_dags/example_sensors.py for tasks to queue
[2025-07-03T17:36:09.384+0000] {logging_mixin.py:188} INFO - [2025-07-03T17:36:09.383+0000] {dagbag.py:538} INFO - Filling up the DagBag from /home/airflow/.local/lib/python3.8/site-packages/airflow/example_dags/example_sensors.py
[2025-07-03T17:36:09.543+0000] {processor.py:840} INFO - DAG(s) 'example_sensors' retrieved from /home/airflow/.local/lib/python3.8/site-packages/airflow/example_dags/example_sensors.py
[2025-07-03T17:36:09.838+0000] {logging_mixin.py:188} INFO - [2025-07-03T17:36:09.837+0000] {dag.py:3036} INFO - Sync 1 DAGs
[2025-07-03T17:36:09.984+0000] {logging_mixin.py:188} INFO - [2025-07-03T17:36:09.984+0000] {dag.py:3823} INFO - Setting next_dagrun for example_sensors to None, run_after=None
[2025-07-03T17:36:10.279+0000] {processor.py:183} INFO - Processing /home/airflow/.local/lib/python3.8/site-packages/airflow/example_dags/example_sensors.py took 1.040 seconds
[2025-07-03T17:36:40.446+0000] {processor.py:161} INFO - Started process (PID=351) to work on /home/airflow/.local/lib/python3.8/site-packages/airflow/example_dags/example_sensors.py
[2025-07-03T17:36:40.452+0000] {processor.py:830} INFO - Processing file /home/airflow/.local/lib/python3.8/site-packages/airflow/example_dags/example_sensors.py for tasks to queue
[2025-07-03T17:36:40.455+0000] {logging_mixin.py:188} INFO - [2025-07-03T17:36:40.454+0000] {dagbag.py:538} INFO - Filling up the DagBag from /home/airflow/.local/lib/python3.8/site-packages/airflow/example_dags/example_sensors.py
[2025-07-03T17:36:40.489+0000] {processor.py:840} INFO - DAG(s) 'example_sensors' retrieved from /home/airflow/.local/lib/python3.8/site-packages/airflow/example_dags/example_sensors.py
[2025-07-03T17:36:40.571+0000] {logging_mixin.py:188} INFO - [2025-07-03T17:36:40.571+0000] {dag.py:3036} INFO - Sync 1 DAGs
[2025-07-03T17:36:40.611+0000] {logging_mixin.py:188} INFO - [2025-07-03T17:36:40.610+0000] {dag.py:3823} INFO - Setting next_dagrun for example_sensors to None, run_after=None
[2025-07-03T17:36:40.670+0000] {processor.py:183} INFO - Processing /home/airflow/.local/lib/python3.8/site-packages/airflow/example_dags/example_sensors.py took 0.229 seconds
[2025-07-03T17:37:13.238+0000] {processor.py:161} INFO - Started process (PID=415) to work on /home/airflow/.local/lib/python3.8/site-packages/airflow/example_dags/example_sensors.py
[2025-07-03T17:37:13.243+0000] {processor.py:830} INFO - Processing file /home/airflow/.local/lib/python3.8/site-packages/airflow/example_dags/example_sensors.py for tasks to queue
[2025-07-03T17:37:13.272+0000] {logging_mixin.py:188} INFO - [2025-07-03T17:37:13.266+0000] {dagbag.py:538} INFO - Filling up the DagBag from /home/airflow/.local/lib/python3.8/site-packages/airflow/example_dags/example_sensors.py
[2025-07-03T17:37:13.430+0000] {processor.py:840} INFO - DAG(s) 'example_sensors' retrieved from /home/airflow/.local/lib/python3.8/site-packages/airflow/example_dags/example_sensors.py
[2025-07-03T17:37:13.629+0000] {logging_mixin.py:188} INFO - [2025-07-03T17:37:13.628+0000] {dag.py:3036} INFO - Sync 1 DAGs
[2025-07-03T17:37:13.713+0000] {logging_mixin.py:188} INFO - [2025-07-03T17:37:13.713+0000] {dag.py:3823} INFO - Setting next_dagrun for example_sensors to None, run_after=None
[2025-07-03T17:37:13.785+0000] {processor.py:183} INFO - Processing /home/airflow/.local/lib/python3.8/site-packages/airflow/example_dags/example_sensors.py took 0.584 seconds
[2025-07-03T17:37:44.558+0000] {processor.py:161} INFO - Started process (PID=469) to work on /home/airflow/.local/lib/python3.8/site-packages/airflow/example_dags/example_sensors.py
[2025-07-03T17:37:44.573+0000] {processor.py:830} INFO - Processing file /home/airflow/.local/lib/python3.8/site-packages/airflow/example_dags/example_sensors.py for tasks to queue
[2025-07-03T17:37:44.575+0000] {logging_mixin.py:188} INFO - [2025-07-03T17:37:44.575+0000] {dagbag.py:538} INFO - Filling up the DagBag from /home/airflow/.local/lib/python3.8/site-packages/airflow/example_dags/example_sensors.py
[2025-07-03T17:37:44.686+0000] {processor.py:840} INFO - DAG(s) 'example_sensors' retrieved from /home/airflow/.local/lib/python3.8/site-packages/airflow/example_dags/example_sensors.py
[2025-07-03T17:37:44.778+0000] {logging_mixin.py:188} INFO - [2025-07-03T17:37:44.778+0000] {dag.py:3036} INFO - Sync 1 DAGs
[2025-07-03T17:37:44.848+0000] {logging_mixin.py:188} INFO - [2025-07-03T17:37:44.848+0000] {dag.py:3823} INFO - Setting next_dagrun for example_sensors to None, run_after=None
[2025-07-03T17:37:44.949+0000] {processor.py:183} INFO - Processing /home/airflow/.local/lib/python3.8/site-packages/airflow/example_dags/example_sensors.py took 0.408 seconds
[2025-07-03T17:38:15.357+0000] {processor.py:161} INFO - Started process (PID=534) to work on /home/airflow/.local/lib/python3.8/site-packages/airflow/example_dags/example_sensors.py
[2025-07-03T17:38:15.358+0000] {processor.py:830} INFO - Processing file /home/airflow/.local/lib/python3.8/site-packages/airflow/example_dags/example_sensors.py for tasks to queue
[2025-07-03T17:38:15.369+0000] {logging_mixin.py:188} INFO - [2025-07-03T17:38:15.360+0000] {dagbag.py:538} INFO - Filling up the DagBag from /home/airflow/.local/lib/python3.8/site-packages/airflow/example_dags/example_sensors.py
[2025-07-03T17:38:15.418+0000] {processor.py:840} INFO - DAG(s) 'example_sensors' retrieved from /home/airflow/.local/lib/python3.8/site-packages/airflow/example_dags/example_sensors.py
[2025-07-03T17:38:15.574+0000] {logging_mixin.py:188} INFO - [2025-07-03T17:38:15.573+0000] {dag.py:3036} INFO - Sync 1 DAGs
[2025-07-03T17:38:15.633+0000] {logging_mixin.py:188} INFO - [2025-07-03T17:38:15.632+0000] {dag.py:3823} INFO - Setting next_dagrun for example_sensors to None, run_after=None
[2025-07-03T17:38:15.729+0000] {processor.py:183} INFO - Processing /home/airflow/.local/lib/python3.8/site-packages/airflow/example_dags/example_sensors.py took 0.397 seconds
[2025-07-03T17:38:46.002+0000] {processor.py:161} INFO - Started process (PID=597) to work on /home/airflow/.local/lib/python3.8/site-packages/airflow/example_dags/example_sensors.py
[2025-07-03T17:38:46.004+0000] {processor.py:830} INFO - Processing file /home/airflow/.local/lib/python3.8/site-packages/airflow/example_dags/example_sensors.py for tasks to queue
[2025-07-03T17:38:46.007+0000] {logging_mixin.py:188} INFO - [2025-07-03T17:38:46.006+0000] {dagbag.py:538} INFO - Filling up the DagBag from /home/airflow/.local/lib/python3.8/site-packages/airflow/example_dags/example_sensors.py
[2025-07-03T17:38:46.040+0000] {processor.py:840} INFO - DAG(s) 'example_sensors' retrieved from /home/airflow/.local/lib/python3.8/site-packages/airflow/example_dags/example_sensors.py
[2025-07-03T17:38:46.173+0000] {logging_mixin.py:188} INFO - [2025-07-03T17:38:46.173+0000] {dag.py:3036} INFO - Sync 1 DAGs
[2025-07-03T17:38:46.260+0000] {logging_mixin.py:188} INFO - [2025-07-03T17:38:46.260+0000] {dag.py:3823} INFO - Setting next_dagrun for example_sensors to None, run_after=None
[2025-07-03T17:38:46.359+0000] {processor.py:183} INFO - Processing /home/airflow/.local/lib/python3.8/site-packages/airflow/example_dags/example_sensors.py took 0.382 seconds
[2025-07-03T17:39:16.484+0000] {processor.py:161} INFO - Started process (PID=655) to work on /home/airflow/.local/lib/python3.8/site-packages/airflow/example_dags/example_sensors.py
[2025-07-03T17:39:16.485+0000] {processor.py:830} INFO - Processing file /home/airflow/.local/lib/python3.8/site-packages/airflow/example_dags/example_sensors.py for tasks to queue
[2025-07-03T17:39:16.488+0000] {logging_mixin.py:188} INFO - [2025-07-03T17:39:16.487+0000] {dagbag.py:538} INFO - Filling up the DagBag from /home/airflow/.local/lib/python3.8/site-packages/airflow/example_dags/example_sensors.py
[2025-07-03T17:39:16.505+0000] {processor.py:840} INFO - DAG(s) 'example_sensors' retrieved from /home/airflow/.local/lib/python3.8/site-packages/airflow/example_dags/example_sensors.py
[2025-07-03T17:39:16.552+0000] {logging_mixin.py:188} INFO - [2025-07-03T17:39:16.552+0000] {dag.py:3036} INFO - Sync 1 DAGs
[2025-07-03T17:39:16.578+0000] {logging_mixin.py:188} INFO - [2025-07-03T17:39:16.575+0000] {dag.py:3823} INFO - Setting next_dagrun for example_sensors to None, run_after=None
[2025-07-03T17:39:16.611+0000] {processor.py:183} INFO - Processing /home/airflow/.local/lib/python3.8/site-packages/airflow/example_dags/example_sensors.py took 0.133 seconds
[2025-07-03T17:39:46.718+0000] {processor.py:161} INFO - Started process (PID=721) to work on /home/airflow/.local/lib/python3.8/site-packages/airflow/example_dags/example_sensors.py
[2025-07-03T17:39:46.719+0000] {processor.py:830} INFO - Processing file /home/airflow/.local/lib/python3.8/site-packages/airflow/example_dags/example_sensors.py for tasks to queue
[2025-07-03T17:39:46.722+0000] {logging_mixin.py:188} INFO - [2025-07-03T17:39:46.721+0000] {dagbag.py:538} INFO - Filling up the DagBag from /home/airflow/.local/lib/python3.8/site-packages/airflow/example_dags/example_sensors.py
[2025-07-03T17:39:46.739+0000] {processor.py:840} INFO - DAG(s) 'example_sensors' retrieved from /home/airflow/.local/lib/python3.8/site-packages/airflow/example_dags/example_sensors.py
[2025-07-03T17:39:46.784+0000] {logging_mixin.py:188} INFO - [2025-07-03T17:39:46.783+0000] {dag.py:3036} INFO - Sync 1 DAGs
[2025-07-03T17:39:46.805+0000] {logging_mixin.py:188} INFO - [2025-07-03T17:39:46.805+0000] {dag.py:3823} INFO - Setting next_dagrun for example_sensors to None, run_after=None
[2025-07-03T17:39:46.840+0000] {processor.py:183} INFO - Processing /home/airflow/.local/lib/python3.8/site-packages/airflow/example_dags/example_sensors.py took 0.127 seconds
[2025-07-03T17:40:16.939+0000] {processor.py:161} INFO - Started process (PID=787) to work on /home/airflow/.local/lib/python3.8/site-packages/airflow/example_dags/example_sensors.py
[2025-07-03T17:40:16.940+0000] {processor.py:830} INFO - Processing file /home/airflow/.local/lib/python3.8/site-packages/airflow/example_dags/example_sensors.py for tasks to queue
[2025-07-03T17:40:16.943+0000] {logging_mixin.py:188} INFO - [2025-07-03T17:40:16.943+0000] {dagbag.py:538} INFO - Filling up the DagBag from /home/airflow/.local/lib/python3.8/site-packages/airflow/example_dags/example_sensors.py
[2025-07-03T17:40:17.006+0000] {processor.py:840} INFO - DAG(s) 'example_sensors' retrieved from /home/airflow/.local/lib/python3.8/site-packages/airflow/example_dags/example_sensors.py
[2025-07-03T17:40:17.116+0000] {logging_mixin.py:188} INFO - [2025-07-03T17:40:17.115+0000] {dag.py:3036} INFO - Sync 1 DAGs
[2025-07-03T17:40:17.177+0000] {logging_mixin.py:188} INFO - [2025-07-03T17:40:17.177+0000] {dag.py:3823} INFO - Setting next_dagrun for example_sensors to None, run_after=None
[2025-07-03T17:40:17.236+0000] {processor.py:183} INFO - Processing /home/airflow/.local/lib/python3.8/site-packages/airflow/example_dags/example_sensors.py took 0.307 seconds
[2025-07-03T17:40:47.659+0000] {processor.py:161} INFO - Started process (PID=852) to work on /home/airflow/.local/lib/python3.8/site-packages/airflow/example_dags/example_sensors.py
[2025-07-03T17:40:47.666+0000] {processor.py:830} INFO - Processing file /home/airflow/.local/lib/python3.8/site-packages/airflow/example_dags/example_sensors.py for tasks to queue
[2025-07-03T17:40:47.669+0000] {logging_mixin.py:188} INFO - [2025-07-03T17:40:47.668+0000] {dagbag.py:538} INFO - Filling up the DagBag from /home/airflow/.local/lib/python3.8/site-packages/airflow/example_dags/example_sensors.py
[2025-07-03T17:40:47.689+0000] {processor.py:840} INFO - DAG(s) 'example_sensors' retrieved from /home/airflow/.local/lib/python3.8/site-packages/airflow/example_dags/example_sensors.py
[2025-07-03T17:40:47.734+0000] {logging_mixin.py:188} INFO - [2025-07-03T17:40:47.734+0000] {dag.py:3036} INFO - Sync 1 DAGs
[2025-07-03T17:40:47.758+0000] {logging_mixin.py:188} INFO - [2025-07-03T17:40:47.757+0000] {dag.py:3823} INFO - Setting next_dagrun for example_sensors to None, run_after=None
[2025-07-03T17:40:47.806+0000] {processor.py:183} INFO - Processing /home/airflow/.local/lib/python3.8/site-packages/airflow/example_dags/example_sensors.py took 0.151 seconds
[2025-07-03T17:41:18.213+0000] {processor.py:161} INFO - Started process (PID=916) to work on /home/airflow/.local/lib/python3.8/site-packages/airflow/example_dags/example_sensors.py
[2025-07-03T17:41:18.214+0000] {processor.py:830} INFO - Processing file /home/airflow/.local/lib/python3.8/site-packages/airflow/example_dags/example_sensors.py for tasks to queue
[2025-07-03T17:41:18.217+0000] {logging_mixin.py:188} INFO - [2025-07-03T17:41:18.216+0000] {dagbag.py:538} INFO - Filling up the DagBag from /home/airflow/.local/lib/python3.8/site-packages/airflow/example_dags/example_sensors.py
[2025-07-03T17:41:18.252+0000] {processor.py:840} INFO - DAG(s) 'example_sensors' retrieved from /home/airflow/.local/lib/python3.8/site-packages/airflow/example_dags/example_sensors.py
[2025-07-03T17:41:18.322+0000] {logging_mixin.py:188} INFO - [2025-07-03T17:41:18.321+0000] {dag.py:3036} INFO - Sync 1 DAGs
[2025-07-03T17:41:18.345+0000] {logging_mixin.py:188} INFO - [2025-07-03T17:41:18.344+0000] {dag.py:3823} INFO - Setting next_dagrun for example_sensors to None, run_after=None
[2025-07-03T17:41:18.377+0000] {processor.py:183} INFO - Processing /home/airflow/.local/lib/python3.8/site-packages/airflow/example_dags/example_sensors.py took 0.177 seconds
[2025-07-03T17:41:49.065+0000] {processor.py:161} INFO - Started process (PID=982) to work on /home/airflow/.local/lib/python3.8/site-packages/airflow/example_dags/example_sensors.py
[2025-07-03T17:41:49.067+0000] {processor.py:830} INFO - Processing file /home/airflow/.local/lib/python3.8/site-packages/airflow/example_dags/example_sensors.py for tasks to queue
[2025-07-03T17:41:49.070+0000] {logging_mixin.py:188} INFO - [2025-07-03T17:41:49.069+0000] {dagbag.py:538} INFO - Filling up the DagBag from /home/airflow/.local/lib/python3.8/site-packages/airflow/example_dags/example_sensors.py
[2025-07-03T17:41:49.103+0000] {processor.py:840} INFO - DAG(s) 'example_sensors' retrieved from /home/airflow/.local/lib/python3.8/site-packages/airflow/example_dags/example_sensors.py
[2025-07-03T17:41:49.193+0000] {logging_mixin.py:188} INFO - [2025-07-03T17:41:49.193+0000] {dag.py:3036} INFO - Sync 1 DAGs
[2025-07-03T17:41:49.234+0000] {logging_mixin.py:188} INFO - [2025-07-03T17:41:49.234+0000] {dag.py:3823} INFO - Setting next_dagrun for example_sensors to None, run_after=None
[2025-07-03T17:41:49.313+0000] {processor.py:183} INFO - Processing /home/airflow/.local/lib/python3.8/site-packages/airflow/example_dags/example_sensors.py took 0.260 seconds
[2025-07-03T17:42:19.947+0000] {processor.py:161} INFO - Started process (PID=1047) to work on /home/airflow/.local/lib/python3.8/site-packages/airflow/example_dags/example_sensors.py
[2025-07-03T17:42:19.948+0000] {processor.py:830} INFO - Processing file /home/airflow/.local/lib/python3.8/site-packages/airflow/example_dags/example_sensors.py for tasks to queue
[2025-07-03T17:42:19.951+0000] {logging_mixin.py:188} INFO - [2025-07-03T17:42:19.950+0000] {dagbag.py:538} INFO - Filling up the DagBag from /home/airflow/.local/lib/python3.8/site-packages/airflow/example_dags/example_sensors.py
[2025-07-03T17:42:19.968+0000] {processor.py:840} INFO - DAG(s) 'example_sensors' retrieved from /home/airflow/.local/lib/python3.8/site-packages/airflow/example_dags/example_sensors.py
[2025-07-03T17:42:20.019+0000] {logging_mixin.py:188} INFO - [2025-07-03T17:42:20.018+0000] {dag.py:3036} INFO - Sync 1 DAGs
[2025-07-03T17:42:20.043+0000] {logging_mixin.py:188} INFO - [2025-07-03T17:42:20.043+0000] {dag.py:3823} INFO - Setting next_dagrun for example_sensors to None, run_after=None
[2025-07-03T17:42:20.074+0000] {processor.py:183} INFO - Processing /home/airflow/.local/lib/python3.8/site-packages/airflow/example_dags/example_sensors.py took 0.132 seconds
[2025-07-03T17:42:50.289+0000] {processor.py:161} INFO - Started process (PID=1112) to work on /home/airflow/.local/lib/python3.8/site-packages/airflow/example_dags/example_sensors.py
[2025-07-03T17:42:50.291+0000] {processor.py:830} INFO - Processing file /home/airflow/.local/lib/python3.8/site-packages/airflow/example_dags/example_sensors.py for tasks to queue
[2025-07-03T17:42:50.294+0000] {logging_mixin.py:188} INFO - [2025-07-03T17:42:50.294+0000] {dagbag.py:538} INFO - Filling up the DagBag from /home/airflow/.local/lib/python3.8/site-packages/airflow/example_dags/example_sensors.py
[2025-07-03T17:42:50.311+0000] {processor.py:840} INFO - DAG(s) 'example_sensors' retrieved from /home/airflow/.local/lib/python3.8/site-packages/airflow/example_dags/example_sensors.py
[2025-07-03T17:42:50.356+0000] {logging_mixin.py:188} INFO - [2025-07-03T17:42:50.356+0000] {dag.py:3036} INFO - Sync 1 DAGs
[2025-07-03T17:42:50.380+0000] {logging_mixin.py:188} INFO - [2025-07-03T17:42:50.379+0000] {dag.py:3823} INFO - Setting next_dagrun for example_sensors to None, run_after=None
[2025-07-03T17:42:50.416+0000] {processor.py:183} INFO - Processing /home/airflow/.local/lib/python3.8/site-packages/airflow/example_dags/example_sensors.py took 0.131 seconds
[2025-07-03T17:43:21.125+0000] {processor.py:161} INFO - Started process (PID=1177) to work on /home/airflow/.local/lib/python3.8/site-packages/airflow/example_dags/example_sensors.py
[2025-07-03T17:43:21.127+0000] {processor.py:830} INFO - Processing file /home/airflow/.local/lib/python3.8/site-packages/airflow/example_dags/example_sensors.py for tasks to queue
[2025-07-03T17:43:21.137+0000] {logging_mixin.py:188} INFO - [2025-07-03T17:43:21.136+0000] {dagbag.py:538} INFO - Filling up the DagBag from /home/airflow/.local/lib/python3.8/site-packages/airflow/example_dags/example_sensors.py
[2025-07-03T17:43:21.172+0000] {processor.py:840} INFO - DAG(s) 'example_sensors' retrieved from /home/airflow/.local/lib/python3.8/site-packages/airflow/example_dags/example_sensors.py
[2025-07-03T17:43:21.299+0000] {logging_mixin.py:188} INFO - [2025-07-03T17:43:21.299+0000] {dag.py:3036} INFO - Sync 1 DAGs
[2025-07-03T17:43:21.349+0000] {logging_mixin.py:188} INFO - [2025-07-03T17:43:21.348+0000] {dag.py:3823} INFO - Setting next_dagrun for example_sensors to None, run_after=None
[2025-07-03T17:43:21.402+0000] {processor.py:183} INFO - Processing /home/airflow/.local/lib/python3.8/site-packages/airflow/example_dags/example_sensors.py took 0.291 seconds
[2025-07-03T17:43:52.122+0000] {processor.py:161} INFO - Started process (PID=1243) to work on /home/airflow/.local/lib/python3.8/site-packages/airflow/example_dags/example_sensors.py
[2025-07-03T17:43:52.123+0000] {processor.py:830} INFO - Processing file /home/airflow/.local/lib/python3.8/site-packages/airflow/example_dags/example_sensors.py for tasks to queue
[2025-07-03T17:43:52.126+0000] {logging_mixin.py:188} INFO - [2025-07-03T17:43:52.126+0000] {dagbag.py:538} INFO - Filling up the DagBag from /home/airflow/.local/lib/python3.8/site-packages/airflow/example_dags/example_sensors.py
[2025-07-03T17:43:52.144+0000] {processor.py:840} INFO - DAG(s) 'example_sensors' retrieved from /home/airflow/.local/lib/python3.8/site-packages/airflow/example_dags/example_sensors.py
[2025-07-03T17:43:52.190+0000] {logging_mixin.py:188} INFO - [2025-07-03T17:43:52.190+0000] {dag.py:3036} INFO - Sync 1 DAGs
[2025-07-03T17:43:52.215+0000] {logging_mixin.py:188} INFO - [2025-07-03T17:43:52.214+0000] {dag.py:3823} INFO - Setting next_dagrun for example_sensors to None, run_after=None
[2025-07-03T17:43:52.247+0000] {processor.py:183} INFO - Processing /home/airflow/.local/lib/python3.8/site-packages/airflow/example_dags/example_sensors.py took 0.130 seconds
[2025-07-03T17:44:22.752+0000] {processor.py:161} INFO - Started process (PID=1308) to work on /home/airflow/.local/lib/python3.8/site-packages/airflow/example_dags/example_sensors.py
[2025-07-03T17:44:22.754+0000] {processor.py:830} INFO - Processing file /home/airflow/.local/lib/python3.8/site-packages/airflow/example_dags/example_sensors.py for tasks to queue
[2025-07-03T17:44:22.756+0000] {logging_mixin.py:188} INFO - [2025-07-03T17:44:22.756+0000] {dagbag.py:538} INFO - Filling up the DagBag from /home/airflow/.local/lib/python3.8/site-packages/airflow/example_dags/example_sensors.py
[2025-07-03T17:44:22.773+0000] {processor.py:840} INFO - DAG(s) 'example_sensors' retrieved from /home/airflow/.local/lib/python3.8/site-packages/airflow/example_dags/example_sensors.py
[2025-07-03T17:44:22.818+0000] {logging_mixin.py:188} INFO - [2025-07-03T17:44:22.818+0000] {dag.py:3036} INFO - Sync 1 DAGs
[2025-07-03T17:44:22.841+0000] {logging_mixin.py:188} INFO - [2025-07-03T17:44:22.840+0000] {dag.py:3823} INFO - Setting next_dagrun for example_sensors to None, run_after=None
[2025-07-03T17:44:22.871+0000] {processor.py:183} INFO - Processing /home/airflow/.local/lib/python3.8/site-packages/airflow/example_dags/example_sensors.py took 0.123 seconds
[2025-07-03T17:44:53.404+0000] {processor.py:161} INFO - Started process (PID=1373) to work on /home/airflow/.local/lib/python3.8/site-packages/airflow/example_dags/example_sensors.py
[2025-07-03T17:44:53.406+0000] {processor.py:830} INFO - Processing file /home/airflow/.local/lib/python3.8/site-packages/airflow/example_dags/example_sensors.py for tasks to queue
[2025-07-03T17:44:53.408+0000] {logging_mixin.py:188} INFO - [2025-07-03T17:44:53.408+0000] {dagbag.py:538} INFO - Filling up the DagBag from /home/airflow/.local/lib/python3.8/site-packages/airflow/example_dags/example_sensors.py
[2025-07-03T17:44:53.426+0000] {processor.py:840} INFO - DAG(s) 'example_sensors' retrieved from /home/airflow/.local/lib/python3.8/site-packages/airflow/example_dags/example_sensors.py
[2025-07-03T17:44:53.475+0000] {logging_mixin.py:188} INFO - [2025-07-03T17:44:53.475+0000] {dag.py:3036} INFO - Sync 1 DAGs
[2025-07-03T17:44:53.497+0000] {logging_mixin.py:188} INFO - [2025-07-03T17:44:53.497+0000] {dag.py:3823} INFO - Setting next_dagrun for example_sensors to None, run_after=None
[2025-07-03T17:44:53.530+0000] {processor.py:183} INFO - Processing /home/airflow/.local/lib/python3.8/site-packages/airflow/example_dags/example_sensors.py took 0.131 seconds
[2025-07-03T17:45:23.930+0000] {processor.py:161} INFO - Started process (PID=1438) to work on /home/airflow/.local/lib/python3.8/site-packages/airflow/example_dags/example_sensors.py
[2025-07-03T17:45:23.932+0000] {processor.py:830} INFO - Processing file /home/airflow/.local/lib/python3.8/site-packages/airflow/example_dags/example_sensors.py for tasks to queue
[2025-07-03T17:45:23.934+0000] {logging_mixin.py:188} INFO - [2025-07-03T17:45:23.934+0000] {dagbag.py:538} INFO - Filling up the DagBag from /home/airflow/.local/lib/python3.8/site-packages/airflow/example_dags/example_sensors.py
[2025-07-03T17:45:23.951+0000] {processor.py:840} INFO - DAG(s) 'example_sensors' retrieved from /home/airflow/.local/lib/python3.8/site-packages/airflow/example_dags/example_sensors.py
[2025-07-03T17:45:23.996+0000] {logging_mixin.py:188} INFO - [2025-07-03T17:45:23.996+0000] {dag.py:3036} INFO - Sync 1 DAGs
[2025-07-03T17:45:24.017+0000] {logging_mixin.py:188} INFO - [2025-07-03T17:45:24.017+0000] {dag.py:3823} INFO - Setting next_dagrun for example_sensors to None, run_after=None
[2025-07-03T17:45:24.048+0000] {processor.py:183} INFO - Processing /home/airflow/.local/lib/python3.8/site-packages/airflow/example_dags/example_sensors.py took 0.122 seconds
[2025-07-03T17:45:54.955+0000] {processor.py:161} INFO - Started process (PID=1503) to work on /home/airflow/.local/lib/python3.8/site-packages/airflow/example_dags/example_sensors.py
[2025-07-03T17:45:54.957+0000] {processor.py:830} INFO - Processing file /home/airflow/.local/lib/python3.8/site-packages/airflow/example_dags/example_sensors.py for tasks to queue
[2025-07-03T17:45:54.959+0000] {logging_mixin.py:188} INFO - [2025-07-03T17:45:54.959+0000] {dagbag.py:538} INFO - Filling up the DagBag from /home/airflow/.local/lib/python3.8/site-packages/airflow/example_dags/example_sensors.py
[2025-07-03T17:45:54.975+0000] {processor.py:840} INFO - DAG(s) 'example_sensors' retrieved from /home/airflow/.local/lib/python3.8/site-packages/airflow/example_dags/example_sensors.py
[2025-07-03T17:45:55.022+0000] {logging_mixin.py:188} INFO - [2025-07-03T17:45:55.022+0000] {dag.py:3036} INFO - Sync 1 DAGs
[2025-07-03T17:45:55.044+0000] {logging_mixin.py:188} INFO - [2025-07-03T17:45:55.043+0000] {dag.py:3823} INFO - Setting next_dagrun for example_sensors to None, run_after=None
[2025-07-03T17:45:55.074+0000] {processor.py:183} INFO - Processing /home/airflow/.local/lib/python3.8/site-packages/airflow/example_dags/example_sensors.py took 0.123 seconds
[2025-07-03T17:46:25.271+0000] {processor.py:161} INFO - Started process (PID=1568) to work on /home/airflow/.local/lib/python3.8/site-packages/airflow/example_dags/example_sensors.py
[2025-07-03T17:46:25.272+0000] {processor.py:830} INFO - Processing file /home/airflow/.local/lib/python3.8/site-packages/airflow/example_dags/example_sensors.py for tasks to queue
[2025-07-03T17:46:25.274+0000] {logging_mixin.py:188} INFO - [2025-07-03T17:46:25.274+0000] {dagbag.py:538} INFO - Filling up the DagBag from /home/airflow/.local/lib/python3.8/site-packages/airflow/example_dags/example_sensors.py
[2025-07-03T17:46:25.291+0000] {processor.py:840} INFO - DAG(s) 'example_sensors' retrieved from /home/airflow/.local/lib/python3.8/site-packages/airflow/example_dags/example_sensors.py
[2025-07-03T17:46:25.335+0000] {logging_mixin.py:188} INFO - [2025-07-03T17:46:25.335+0000] {dag.py:3036} INFO - Sync 1 DAGs
[2025-07-03T17:46:25.358+0000] {logging_mixin.py:188} INFO - [2025-07-03T17:46:25.358+0000] {dag.py:3823} INFO - Setting next_dagrun for example_sensors to None, run_after=None
[2025-07-03T17:46:25.389+0000] {processor.py:183} INFO - Processing /home/airflow/.local/lib/python3.8/site-packages/airflow/example_dags/example_sensors.py took 0.123 seconds
[2025-07-03T17:46:55.680+0000] {processor.py:161} INFO - Started process (PID=1632) to work on /home/airflow/.local/lib/python3.8/site-packages/airflow/example_dags/example_sensors.py
[2025-07-03T17:46:55.682+0000] {processor.py:830} INFO - Processing file /home/airflow/.local/lib/python3.8/site-packages/airflow/example_dags/example_sensors.py for tasks to queue
[2025-07-03T17:46:55.685+0000] {logging_mixin.py:188} INFO - [2025-07-03T17:46:55.685+0000] {dagbag.py:538} INFO - Filling up the DagBag from /home/airflow/.local/lib/python3.8/site-packages/airflow/example_dags/example_sensors.py
[2025-07-03T17:46:55.703+0000] {processor.py:840} INFO - DAG(s) 'example_sensors' retrieved from /home/airflow/.local/lib/python3.8/site-packages/airflow/example_dags/example_sensors.py
[2025-07-03T17:46:55.750+0000] {logging_mixin.py:188} INFO - [2025-07-03T17:46:55.750+0000] {dag.py:3036} INFO - Sync 1 DAGs
[2025-07-03T17:46:55.773+0000] {logging_mixin.py:188} INFO - [2025-07-03T17:46:55.772+0000] {dag.py:3823} INFO - Setting next_dagrun for example_sensors to None, run_after=None
[2025-07-03T17:46:55.804+0000] {processor.py:183} INFO - Processing /home/airflow/.local/lib/python3.8/site-packages/airflow/example_dags/example_sensors.py took 0.129 seconds
[2025-07-03T17:47:26.106+0000] {processor.py:161} INFO - Started process (PID=1697) to work on /home/airflow/.local/lib/python3.8/site-packages/airflow/example_dags/example_sensors.py
[2025-07-03T17:47:26.108+0000] {processor.py:830} INFO - Processing file /home/airflow/.local/lib/python3.8/site-packages/airflow/example_dags/example_sensors.py for tasks to queue
[2025-07-03T17:47:26.110+0000] {logging_mixin.py:188} INFO - [2025-07-03T17:47:26.110+0000] {dagbag.py:538} INFO - Filling up the DagBag from /home/airflow/.local/lib/python3.8/site-packages/airflow/example_dags/example_sensors.py
[2025-07-03T17:47:26.127+0000] {processor.py:840} INFO - DAG(s) 'example_sensors' retrieved from /home/airflow/.local/lib/python3.8/site-packages/airflow/example_dags/example_sensors.py
[2025-07-03T17:47:26.176+0000] {logging_mixin.py:188} INFO - [2025-07-03T17:47:26.176+0000] {dag.py:3036} INFO - Sync 1 DAGs
[2025-07-03T17:47:26.199+0000] {logging_mixin.py:188} INFO - [2025-07-03T17:47:26.199+0000] {dag.py:3823} INFO - Setting next_dagrun for example_sensors to None, run_after=None
[2025-07-03T17:47:26.232+0000] {processor.py:183} INFO - Processing /home/airflow/.local/lib/python3.8/site-packages/airflow/example_dags/example_sensors.py took 0.131 seconds
[2025-07-03T17:47:56.375+0000] {processor.py:161} INFO - Started process (PID=1762) to work on /home/airflow/.local/lib/python3.8/site-packages/airflow/example_dags/example_sensors.py
[2025-07-03T17:47:56.377+0000] {processor.py:830} INFO - Processing file /home/airflow/.local/lib/python3.8/site-packages/airflow/example_dags/example_sensors.py for tasks to queue
[2025-07-03T17:47:56.380+0000] {logging_mixin.py:188} INFO - [2025-07-03T17:47:56.380+0000] {dagbag.py:538} INFO - Filling up the DagBag from /home/airflow/.local/lib/python3.8/site-packages/airflow/example_dags/example_sensors.py
[2025-07-03T17:47:56.399+0000] {processor.py:840} INFO - DAG(s) 'example_sensors' retrieved from /home/airflow/.local/lib/python3.8/site-packages/airflow/example_dags/example_sensors.py
[2025-07-03T17:47:56.462+0000] {logging_mixin.py:188} INFO - [2025-07-03T17:47:56.461+0000] {dag.py:3036} INFO - Sync 1 DAGs
[2025-07-03T17:47:56.487+0000] {logging_mixin.py:188} INFO - [2025-07-03T17:47:56.486+0000] {dag.py:3823} INFO - Setting next_dagrun for example_sensors to None, run_after=None
[2025-07-03T17:47:56.527+0000] {processor.py:183} INFO - Processing /home/airflow/.local/lib/python3.8/site-packages/airflow/example_dags/example_sensors.py took 0.158 seconds
[2025-07-03T17:48:26.925+0000] {processor.py:161} INFO - Started process (PID=1827) to work on /home/airflow/.local/lib/python3.8/site-packages/airflow/example_dags/example_sensors.py
[2025-07-03T17:48:26.926+0000] {processor.py:830} INFO - Processing file /home/airflow/.local/lib/python3.8/site-packages/airflow/example_dags/example_sensors.py for tasks to queue
[2025-07-03T17:48:26.928+0000] {logging_mixin.py:188} INFO - [2025-07-03T17:48:26.928+0000] {dagbag.py:538} INFO - Filling up the DagBag from /home/airflow/.local/lib/python3.8/site-packages/airflow/example_dags/example_sensors.py
[2025-07-03T17:48:26.944+0000] {processor.py:840} INFO - DAG(s) 'example_sensors' retrieved from /home/airflow/.local/lib/python3.8/site-packages/airflow/example_dags/example_sensors.py
[2025-07-03T17:48:27.008+0000] {logging_mixin.py:188} INFO - [2025-07-03T17:48:27.007+0000] {dag.py:3036} INFO - Sync 1 DAGs
[2025-07-03T17:48:27.043+0000] {logging_mixin.py:188} INFO - [2025-07-03T17:48:27.043+0000] {dag.py:3823} INFO - Setting next_dagrun for example_sensors to None, run_after=None
[2025-07-03T17:48:27.118+0000] {processor.py:183} INFO - Processing /home/airflow/.local/lib/python3.8/site-packages/airflow/example_dags/example_sensors.py took 0.198 seconds
[2025-07-03T17:48:57.248+0000] {processor.py:161} INFO - Started process (PID=1893) to work on /home/airflow/.local/lib/python3.8/site-packages/airflow/example_dags/example_sensors.py
[2025-07-03T17:48:57.258+0000] {processor.py:830} INFO - Processing file /home/airflow/.local/lib/python3.8/site-packages/airflow/example_dags/example_sensors.py for tasks to queue
[2025-07-03T17:48:57.261+0000] {logging_mixin.py:188} INFO - [2025-07-03T17:48:57.260+0000] {dagbag.py:538} INFO - Filling up the DagBag from /home/airflow/.local/lib/python3.8/site-packages/airflow/example_dags/example_sensors.py
[2025-07-03T17:48:57.299+0000] {processor.py:840} INFO - DAG(s) 'example_sensors' retrieved from /home/airflow/.local/lib/python3.8/site-packages/airflow/example_dags/example_sensors.py
[2025-07-03T17:48:57.349+0000] {logging_mixin.py:188} INFO - [2025-07-03T17:48:57.349+0000] {dag.py:3036} INFO - Sync 1 DAGs
[2025-07-03T17:48:57.382+0000] {logging_mixin.py:188} INFO - [2025-07-03T17:48:57.382+0000] {dag.py:3823} INFO - Setting next_dagrun for example_sensors to None, run_after=None
[2025-07-03T17:48:57.468+0000] {processor.py:183} INFO - Processing /home/airflow/.local/lib/python3.8/site-packages/airflow/example_dags/example_sensors.py took 0.228 seconds
[2025-07-03T17:49:28.154+0000] {processor.py:161} INFO - Started process (PID=1958) to work on /home/airflow/.local/lib/python3.8/site-packages/airflow/example_dags/example_sensors.py
[2025-07-03T17:49:28.163+0000] {processor.py:830} INFO - Processing file /home/airflow/.local/lib/python3.8/site-packages/airflow/example_dags/example_sensors.py for tasks to queue
[2025-07-03T17:49:28.166+0000] {logging_mixin.py:188} INFO - [2025-07-03T17:49:28.165+0000] {dagbag.py:538} INFO - Filling up the DagBag from /home/airflow/.local/lib/python3.8/site-packages/airflow/example_dags/example_sensors.py
[2025-07-03T17:49:28.231+0000] {processor.py:840} INFO - DAG(s) 'example_sensors' retrieved from /home/airflow/.local/lib/python3.8/site-packages/airflow/example_dags/example_sensors.py
[2025-07-03T17:49:28.334+0000] {logging_mixin.py:188} INFO - [2025-07-03T17:49:28.334+0000] {dag.py:3036} INFO - Sync 1 DAGs
[2025-07-03T17:49:28.412+0000] {logging_mixin.py:188} INFO - [2025-07-03T17:49:28.411+0000] {dag.py:3823} INFO - Setting next_dagrun for example_sensors to None, run_after=None
[2025-07-03T17:49:28.586+0000] {processor.py:183} INFO - Processing /home/airflow/.local/lib/python3.8/site-packages/airflow/example_dags/example_sensors.py took 0.453 seconds
[2025-07-03T17:49:58.666+0000] {processor.py:161} INFO - Started process (PID=2024) to work on /home/airflow/.local/lib/python3.8/site-packages/airflow/example_dags/example_sensors.py
[2025-07-03T17:49:58.681+0000] {processor.py:830} INFO - Processing file /home/airflow/.local/lib/python3.8/site-packages/airflow/example_dags/example_sensors.py for tasks to queue
[2025-07-03T17:49:58.683+0000] {logging_mixin.py:188} INFO - [2025-07-03T17:49:58.683+0000] {dagbag.py:538} INFO - Filling up the DagBag from /home/airflow/.local/lib/python3.8/site-packages/airflow/example_dags/example_sensors.py
[2025-07-03T17:49:58.703+0000] {processor.py:840} INFO - DAG(s) 'example_sensors' retrieved from /home/airflow/.local/lib/python3.8/site-packages/airflow/example_dags/example_sensors.py
[2025-07-03T17:49:58.811+0000] {logging_mixin.py:188} INFO - [2025-07-03T17:49:58.810+0000] {dag.py:3036} INFO - Sync 1 DAGs
[2025-07-03T17:49:58.848+0000] {logging_mixin.py:188} INFO - [2025-07-03T17:49:58.847+0000] {dag.py:3823} INFO - Setting next_dagrun for example_sensors to None, run_after=None
[2025-07-03T17:49:58.887+0000] {processor.py:183} INFO - Processing /home/airflow/.local/lib/python3.8/site-packages/airflow/example_dags/example_sensors.py took 0.254 seconds
[2025-07-03T17:50:29.557+0000] {processor.py:161} INFO - Started process (PID=2088) to work on /home/airflow/.local/lib/python3.8/site-packages/airflow/example_dags/example_sensors.py
[2025-07-03T17:50:29.558+0000] {processor.py:830} INFO - Processing file /home/airflow/.local/lib/python3.8/site-packages/airflow/example_dags/example_sensors.py for tasks to queue
[2025-07-03T17:50:29.561+0000] {logging_mixin.py:188} INFO - [2025-07-03T17:50:29.561+0000] {dagbag.py:538} INFO - Filling up the DagBag from /home/airflow/.local/lib/python3.8/site-packages/airflow/example_dags/example_sensors.py
[2025-07-03T17:50:29.581+0000] {processor.py:840} INFO - DAG(s) 'example_sensors' retrieved from /home/airflow/.local/lib/python3.8/site-packages/airflow/example_dags/example_sensors.py
[2025-07-03T17:50:29.632+0000] {logging_mixin.py:188} INFO - [2025-07-03T17:50:29.631+0000] {dag.py:3036} INFO - Sync 1 DAGs
[2025-07-03T17:50:29.655+0000] {logging_mixin.py:188} INFO - [2025-07-03T17:50:29.654+0000] {dag.py:3823} INFO - Setting next_dagrun for example_sensors to None, run_after=None
[2025-07-03T17:50:29.686+0000] {processor.py:183} INFO - Processing /home/airflow/.local/lib/python3.8/site-packages/airflow/example_dags/example_sensors.py took 0.134 seconds
[2025-07-03T17:50:59.878+0000] {processor.py:161} INFO - Started process (PID=2152) to work on /home/airflow/.local/lib/python3.8/site-packages/airflow/example_dags/example_sensors.py
[2025-07-03T17:50:59.941+0000] {processor.py:830} INFO - Processing file /home/airflow/.local/lib/python3.8/site-packages/airflow/example_dags/example_sensors.py for tasks to queue
[2025-07-03T17:50:59.944+0000] {logging_mixin.py:188} INFO - [2025-07-03T17:50:59.943+0000] {dagbag.py:538} INFO - Filling up the DagBag from /home/airflow/.local/lib/python3.8/site-packages/airflow/example_dags/example_sensors.py
[2025-07-03T17:50:59.961+0000] {processor.py:840} INFO - DAG(s) 'example_sensors' retrieved from /home/airflow/.local/lib/python3.8/site-packages/airflow/example_dags/example_sensors.py
[2025-07-03T17:51:00.005+0000] {logging_mixin.py:188} INFO - [2025-07-03T17:51:00.004+0000] {dag.py:3036} INFO - Sync 1 DAGs
[2025-07-03T17:51:00.027+0000] {logging_mixin.py:188} INFO - [2025-07-03T17:51:00.027+0000] {dag.py:3823} INFO - Setting next_dagrun for example_sensors to None, run_after=None
[2025-07-03T17:51:00.058+0000] {processor.py:183} INFO - Processing /home/airflow/.local/lib/python3.8/site-packages/airflow/example_dags/example_sensors.py took 0.184 seconds
[2025-07-03T17:51:30.388+0000] {processor.py:161} INFO - Started process (PID=2224) to work on /home/airflow/.local/lib/python3.8/site-packages/airflow/example_dags/example_sensors.py
[2025-07-03T17:51:30.390+0000] {processor.py:830} INFO - Processing file /home/airflow/.local/lib/python3.8/site-packages/airflow/example_dags/example_sensors.py for tasks to queue
[2025-07-03T17:51:30.393+0000] {logging_mixin.py:188} INFO - [2025-07-03T17:51:30.392+0000] {dagbag.py:538} INFO - Filling up the DagBag from /home/airflow/.local/lib/python3.8/site-packages/airflow/example_dags/example_sensors.py
[2025-07-03T17:51:30.418+0000] {processor.py:840} INFO - DAG(s) 'example_sensors' retrieved from /home/airflow/.local/lib/python3.8/site-packages/airflow/example_dags/example_sensors.py
[2025-07-03T17:51:30.465+0000] {logging_mixin.py:188} INFO - [2025-07-03T17:51:30.464+0000] {dag.py:3036} INFO - Sync 1 DAGs
[2025-07-03T17:51:30.489+0000] {logging_mixin.py:188} INFO - [2025-07-03T17:51:30.488+0000] {dag.py:3823} INFO - Setting next_dagrun for example_sensors to None, run_after=None
[2025-07-03T17:51:30.537+0000] {processor.py:183} INFO - Processing /home/airflow/.local/lib/python3.8/site-packages/airflow/example_dags/example_sensors.py took 0.159 seconds
[2025-07-03T17:52:00.896+0000] {processor.py:161} INFO - Started process (PID=2289) to work on /home/airflow/.local/lib/python3.8/site-packages/airflow/example_dags/example_sensors.py
[2025-07-03T17:52:00.897+0000] {processor.py:830} INFO - Processing file /home/airflow/.local/lib/python3.8/site-packages/airflow/example_dags/example_sensors.py for tasks to queue
[2025-07-03T17:52:00.900+0000] {logging_mixin.py:188} INFO - [2025-07-03T17:52:00.900+0000] {dagbag.py:538} INFO - Filling up the DagBag from /home/airflow/.local/lib/python3.8/site-packages/airflow/example_dags/example_sensors.py
[2025-07-03T17:52:00.936+0000] {processor.py:840} INFO - DAG(s) 'example_sensors' retrieved from /home/airflow/.local/lib/python3.8/site-packages/airflow/example_dags/example_sensors.py
[2025-07-03T17:52:01.026+0000] {logging_mixin.py:188} INFO - [2025-07-03T17:52:01.025+0000] {dag.py:3036} INFO - Sync 1 DAGs
[2025-07-03T17:52:01.061+0000] {logging_mixin.py:188} INFO - [2025-07-03T17:52:01.060+0000] {dag.py:3823} INFO - Setting next_dagrun for example_sensors to None, run_after=None
[2025-07-03T17:52:01.109+0000] {processor.py:183} INFO - Processing /home/airflow/.local/lib/python3.8/site-packages/airflow/example_dags/example_sensors.py took 0.228 seconds
[2025-07-03T17:52:31.282+0000] {processor.py:161} INFO - Started process (PID=2348) to work on /home/airflow/.local/lib/python3.8/site-packages/airflow/example_dags/example_sensors.py
[2025-07-03T17:52:31.284+0000] {processor.py:830} INFO - Processing file /home/airflow/.local/lib/python3.8/site-packages/airflow/example_dags/example_sensors.py for tasks to queue
[2025-07-03T17:52:31.287+0000] {logging_mixin.py:188} INFO - [2025-07-03T17:52:31.286+0000] {dagbag.py:538} INFO - Filling up the DagBag from /home/airflow/.local/lib/python3.8/site-packages/airflow/example_dags/example_sensors.py
[2025-07-03T17:52:31.305+0000] {processor.py:840} INFO - DAG(s) 'example_sensors' retrieved from /home/airflow/.local/lib/python3.8/site-packages/airflow/example_dags/example_sensors.py
[2025-07-03T17:52:31.357+0000] {logging_mixin.py:188} INFO - [2025-07-03T17:52:31.357+0000] {dag.py:3036} INFO - Sync 1 DAGs
[2025-07-03T17:52:31.380+0000] {logging_mixin.py:188} INFO - [2025-07-03T17:52:31.380+0000] {dag.py:3823} INFO - Setting next_dagrun for example_sensors to None, run_after=None
[2025-07-03T17:52:31.414+0000] {processor.py:183} INFO - Processing /home/airflow/.local/lib/python3.8/site-packages/airflow/example_dags/example_sensors.py took 0.136 seconds
[2025-07-03T17:53:01.969+0000] {processor.py:161} INFO - Started process (PID=2414) to work on /home/airflow/.local/lib/python3.8/site-packages/airflow/example_dags/example_sensors.py
[2025-07-03T17:53:01.971+0000] {processor.py:830} INFO - Processing file /home/airflow/.local/lib/python3.8/site-packages/airflow/example_dags/example_sensors.py for tasks to queue
[2025-07-03T17:53:01.974+0000] {logging_mixin.py:188} INFO - [2025-07-03T17:53:01.973+0000] {dagbag.py:538} INFO - Filling up the DagBag from /home/airflow/.local/lib/python3.8/site-packages/airflow/example_dags/example_sensors.py
[2025-07-03T17:53:01.991+0000] {processor.py:840} INFO - DAG(s) 'example_sensors' retrieved from /home/airflow/.local/lib/python3.8/site-packages/airflow/example_dags/example_sensors.py
[2025-07-03T17:53:02.044+0000] {logging_mixin.py:188} INFO - [2025-07-03T17:53:02.044+0000] {dag.py:3036} INFO - Sync 1 DAGs
[2025-07-03T17:53:02.068+0000] {logging_mixin.py:188} INFO - [2025-07-03T17:53:02.067+0000] {dag.py:3823} INFO - Setting next_dagrun for example_sensors to None, run_after=None
[2025-07-03T17:53:02.101+0000] {processor.py:183} INFO - Processing /home/airflow/.local/lib/python3.8/site-packages/airflow/example_dags/example_sensors.py took 0.136 seconds
[2025-07-03T17:53:32.466+0000] {processor.py:161} INFO - Started process (PID=2480) to work on /home/airflow/.local/lib/python3.8/site-packages/airflow/example_dags/example_sensors.py
[2025-07-03T17:53:32.473+0000] {processor.py:830} INFO - Processing file /home/airflow/.local/lib/python3.8/site-packages/airflow/example_dags/example_sensors.py for tasks to queue
[2025-07-03T17:53:32.475+0000] {logging_mixin.py:188} INFO - [2025-07-03T17:53:32.475+0000] {dagbag.py:538} INFO - Filling up the DagBag from /home/airflow/.local/lib/python3.8/site-packages/airflow/example_dags/example_sensors.py
[2025-07-03T17:53:32.494+0000] {processor.py:840} INFO - DAG(s) 'example_sensors' retrieved from /home/airflow/.local/lib/python3.8/site-packages/airflow/example_dags/example_sensors.py
[2025-07-03T17:53:32.580+0000] {logging_mixin.py:188} INFO - [2025-07-03T17:53:32.579+0000] {dag.py:3036} INFO - Sync 1 DAGs
[2025-07-03T17:53:32.606+0000] {logging_mixin.py:188} INFO - [2025-07-03T17:53:32.606+0000] {dag.py:3823} INFO - Setting next_dagrun for example_sensors to None, run_after=None
[2025-07-03T17:53:32.670+0000] {processor.py:183} INFO - Processing /home/airflow/.local/lib/python3.8/site-packages/airflow/example_dags/example_sensors.py took 0.218 seconds
[2025-07-03T17:54:03.114+0000] {processor.py:161} INFO - Started process (PID=2546) to work on /home/airflow/.local/lib/python3.8/site-packages/airflow/example_dags/example_sensors.py
[2025-07-03T17:54:03.115+0000] {processor.py:830} INFO - Processing file /home/airflow/.local/lib/python3.8/site-packages/airflow/example_dags/example_sensors.py for tasks to queue
[2025-07-03T17:54:03.118+0000] {logging_mixin.py:188} INFO - [2025-07-03T17:54:03.117+0000] {dagbag.py:538} INFO - Filling up the DagBag from /home/airflow/.local/lib/python3.8/site-packages/airflow/example_dags/example_sensors.py
[2025-07-03T17:54:03.139+0000] {processor.py:840} INFO - DAG(s) 'example_sensors' retrieved from /home/airflow/.local/lib/python3.8/site-packages/airflow/example_dags/example_sensors.py
[2025-07-03T17:54:03.199+0000] {logging_mixin.py:188} INFO - [2025-07-03T17:54:03.199+0000] {dag.py:3036} INFO - Sync 1 DAGs
[2025-07-03T17:54:03.227+0000] {logging_mixin.py:188} INFO - [2025-07-03T17:54:03.226+0000] {dag.py:3823} INFO - Setting next_dagrun for example_sensors to None, run_after=None
[2025-07-03T17:54:03.269+0000] {processor.py:183} INFO - Processing /home/airflow/.local/lib/python3.8/site-packages/airflow/example_dags/example_sensors.py took 0.160 seconds
[2025-07-03T17:54:33.787+0000] {processor.py:161} INFO - Started process (PID=2610) to work on /home/airflow/.local/lib/python3.8/site-packages/airflow/example_dags/example_sensors.py
[2025-07-03T17:54:33.788+0000] {processor.py:830} INFO - Processing file /home/airflow/.local/lib/python3.8/site-packages/airflow/example_dags/example_sensors.py for tasks to queue
[2025-07-03T17:54:33.791+0000] {logging_mixin.py:188} INFO - [2025-07-03T17:54:33.790+0000] {dagbag.py:538} INFO - Filling up the DagBag from /home/airflow/.local/lib/python3.8/site-packages/airflow/example_dags/example_sensors.py
[2025-07-03T17:54:33.808+0000] {processor.py:840} INFO - DAG(s) 'example_sensors' retrieved from /home/airflow/.local/lib/python3.8/site-packages/airflow/example_dags/example_sensors.py
[2025-07-03T17:54:33.897+0000] {logging_mixin.py:188} INFO - [2025-07-03T17:54:33.896+0000] {dag.py:3036} INFO - Sync 1 DAGs
[2025-07-03T17:54:33.921+0000] {logging_mixin.py:188} INFO - [2025-07-03T17:54:33.920+0000] {dag.py:3823} INFO - Setting next_dagrun for example_sensors to None, run_after=None
[2025-07-03T17:54:33.954+0000] {processor.py:183} INFO - Processing /home/airflow/.local/lib/python3.8/site-packages/airflow/example_dags/example_sensors.py took 0.172 seconds
[2025-07-03T17:55:04.099+0000] {processor.py:161} INFO - Started process (PID=2674) to work on /home/airflow/.local/lib/python3.8/site-packages/airflow/example_dags/example_sensors.py
[2025-07-03T17:55:04.101+0000] {processor.py:830} INFO - Processing file /home/airflow/.local/lib/python3.8/site-packages/airflow/example_dags/example_sensors.py for tasks to queue
[2025-07-03T17:55:04.103+0000] {logging_mixin.py:188} INFO - [2025-07-03T17:55:04.103+0000] {dagbag.py:538} INFO - Filling up the DagBag from /home/airflow/.local/lib/python3.8/site-packages/airflow/example_dags/example_sensors.py
[2025-07-03T17:55:04.166+0000] {processor.py:840} INFO - DAG(s) 'example_sensors' retrieved from /home/airflow/.local/lib/python3.8/site-packages/airflow/example_dags/example_sensors.py
[2025-07-03T17:55:04.302+0000] {logging_mixin.py:188} INFO - [2025-07-03T17:55:04.301+0000] {dag.py:3036} INFO - Sync 1 DAGs
[2025-07-03T17:55:04.365+0000] {logging_mixin.py:188} INFO - [2025-07-03T17:55:04.364+0000] {dag.py:3823} INFO - Setting next_dagrun for example_sensors to None, run_after=None
[2025-07-03T17:55:04.438+0000] {processor.py:183} INFO - Processing /home/airflow/.local/lib/python3.8/site-packages/airflow/example_dags/example_sensors.py took 0.358 seconds
[2025-07-03T17:55:34.528+0000] {processor.py:161} INFO - Started process (PID=2738) to work on /home/airflow/.local/lib/python3.8/site-packages/airflow/example_dags/example_sensors.py
[2025-07-03T17:55:34.530+0000] {processor.py:830} INFO - Processing file /home/airflow/.local/lib/python3.8/site-packages/airflow/example_dags/example_sensors.py for tasks to queue
[2025-07-03T17:55:34.533+0000] {logging_mixin.py:188} INFO - [2025-07-03T17:55:34.532+0000] {dagbag.py:538} INFO - Filling up the DagBag from /home/airflow/.local/lib/python3.8/site-packages/airflow/example_dags/example_sensors.py
[2025-07-03T17:55:34.550+0000] {processor.py:840} INFO - DAG(s) 'example_sensors' retrieved from /home/airflow/.local/lib/python3.8/site-packages/airflow/example_dags/example_sensors.py
[2025-07-03T17:55:34.596+0000] {logging_mixin.py:188} INFO - [2025-07-03T17:55:34.595+0000] {dag.py:3036} INFO - Sync 1 DAGs
[2025-07-03T17:55:34.622+0000] {logging_mixin.py:188} INFO - [2025-07-03T17:55:34.621+0000] {dag.py:3823} INFO - Setting next_dagrun for example_sensors to None, run_after=None
[2025-07-03T17:55:34.663+0000] {processor.py:183} INFO - Processing /home/airflow/.local/lib/python3.8/site-packages/airflow/example_dags/example_sensors.py took 0.140 seconds
[2025-07-03T17:56:04.867+0000] {processor.py:161} INFO - Started process (PID=2803) to work on /home/airflow/.local/lib/python3.8/site-packages/airflow/example_dags/example_sensors.py
[2025-07-03T17:56:04.869+0000] {processor.py:830} INFO - Processing file /home/airflow/.local/lib/python3.8/site-packages/airflow/example_dags/example_sensors.py for tasks to queue
[2025-07-03T17:56:04.871+0000] {logging_mixin.py:188} INFO - [2025-07-03T17:56:04.870+0000] {dagbag.py:538} INFO - Filling up the DagBag from /home/airflow/.local/lib/python3.8/site-packages/airflow/example_dags/example_sensors.py
[2025-07-03T17:56:04.884+0000] {processor.py:840} INFO - DAG(s) 'example_sensors' retrieved from /home/airflow/.local/lib/python3.8/site-packages/airflow/example_dags/example_sensors.py
[2025-07-03T17:56:04.921+0000] {logging_mixin.py:188} INFO - [2025-07-03T17:56:04.921+0000] {dag.py:3036} INFO - Sync 1 DAGs
[2025-07-03T17:56:04.939+0000] {logging_mixin.py:188} INFO - [2025-07-03T17:56:04.938+0000] {dag.py:3823} INFO - Setting next_dagrun for example_sensors to None, run_after=None
[2025-07-03T17:56:04.967+0000] {processor.py:183} INFO - Processing /home/airflow/.local/lib/python3.8/site-packages/airflow/example_dags/example_sensors.py took 0.104 seconds
[2025-07-03T17:56:35.211+0000] {processor.py:161} INFO - Started process (PID=2869) to work on /home/airflow/.local/lib/python3.8/site-packages/airflow/example_dags/example_sensors.py
[2025-07-03T17:56:35.215+0000] {processor.py:830} INFO - Processing file /home/airflow/.local/lib/python3.8/site-packages/airflow/example_dags/example_sensors.py for tasks to queue
[2025-07-03T17:56:35.226+0000] {logging_mixin.py:188} INFO - [2025-07-03T17:56:35.226+0000] {dagbag.py:538} INFO - Filling up the DagBag from /home/airflow/.local/lib/python3.8/site-packages/airflow/example_dags/example_sensors.py
[2025-07-03T17:56:35.290+0000] {processor.py:840} INFO - DAG(s) 'example_sensors' retrieved from /home/airflow/.local/lib/python3.8/site-packages/airflow/example_dags/example_sensors.py
[2025-07-03T17:56:35.413+0000] {logging_mixin.py:188} INFO - [2025-07-03T17:56:35.412+0000] {dag.py:3036} INFO - Sync 1 DAGs
[2025-07-03T17:56:35.484+0000] {logging_mixin.py:188} INFO - [2025-07-03T17:56:35.484+0000] {dag.py:3823} INFO - Setting next_dagrun for example_sensors to None, run_after=None
[2025-07-03T17:56:35.542+0000] {processor.py:183} INFO - Processing /home/airflow/.local/lib/python3.8/site-packages/airflow/example_dags/example_sensors.py took 0.353 seconds
[2025-07-03T17:57:06.169+0000] {processor.py:161} INFO - Started process (PID=2933) to work on /home/airflow/.local/lib/python3.8/site-packages/airflow/example_dags/example_sensors.py
[2025-07-03T17:57:06.181+0000] {processor.py:830} INFO - Processing file /home/airflow/.local/lib/python3.8/site-packages/airflow/example_dags/example_sensors.py for tasks to queue
[2025-07-03T17:57:06.188+0000] {logging_mixin.py:188} INFO - [2025-07-03T17:57:06.187+0000] {dagbag.py:538} INFO - Filling up the DagBag from /home/airflow/.local/lib/python3.8/site-packages/airflow/example_dags/example_sensors.py
[2025-07-03T17:57:06.242+0000] {processor.py:840} INFO - DAG(s) 'example_sensors' retrieved from /home/airflow/.local/lib/python3.8/site-packages/airflow/example_dags/example_sensors.py
[2025-07-03T17:57:06.382+0000] {logging_mixin.py:188} INFO - [2025-07-03T17:57:06.374+0000] {dag.py:3036} INFO - Sync 1 DAGs
[2025-07-03T17:57:06.451+0000] {logging_mixin.py:188} INFO - [2025-07-03T17:57:06.451+0000] {dag.py:3823} INFO - Setting next_dagrun for example_sensors to None, run_after=None
[2025-07-03T17:57:06.566+0000] {processor.py:183} INFO - Processing /home/airflow/.local/lib/python3.8/site-packages/airflow/example_dags/example_sensors.py took 0.405 seconds
[2025-07-03T17:57:36.899+0000] {processor.py:161} INFO - Started process (PID=2989) to work on /home/airflow/.local/lib/python3.8/site-packages/airflow/example_dags/example_sensors.py
[2025-07-03T17:57:36.900+0000] {processor.py:830} INFO - Processing file /home/airflow/.local/lib/python3.8/site-packages/airflow/example_dags/example_sensors.py for tasks to queue
[2025-07-03T17:57:36.903+0000] {logging_mixin.py:188} INFO - [2025-07-03T17:57:36.903+0000] {dagbag.py:538} INFO - Filling up the DagBag from /home/airflow/.local/lib/python3.8/site-packages/airflow/example_dags/example_sensors.py
[2025-07-03T17:57:36.940+0000] {processor.py:840} INFO - DAG(s) 'example_sensors' retrieved from /home/airflow/.local/lib/python3.8/site-packages/airflow/example_dags/example_sensors.py
[2025-07-03T17:57:37.038+0000] {logging_mixin.py:188} INFO - [2025-07-03T17:57:37.038+0000] {dag.py:3036} INFO - Sync 1 DAGs
[2025-07-03T17:57:37.103+0000] {logging_mixin.py:188} INFO - [2025-07-03T17:57:37.103+0000] {dag.py:3823} INFO - Setting next_dagrun for example_sensors to None, run_after=None
[2025-07-03T17:57:37.200+0000] {processor.py:183} INFO - Processing /home/airflow/.local/lib/python3.8/site-packages/airflow/example_dags/example_sensors.py took 0.314 seconds
[2025-07-03T17:58:08.722+0000] {processor.py:161} INFO - Started process (PID=3055) to work on /home/airflow/.local/lib/python3.8/site-packages/airflow/example_dags/example_sensors.py
[2025-07-03T17:58:08.733+0000] {processor.py:830} INFO - Processing file /home/airflow/.local/lib/python3.8/site-packages/airflow/example_dags/example_sensors.py for tasks to queue
[2025-07-03T17:58:08.735+0000] {logging_mixin.py:188} INFO - [2025-07-03T17:58:08.735+0000] {dagbag.py:538} INFO - Filling up the DagBag from /home/airflow/.local/lib/python3.8/site-packages/airflow/example_dags/example_sensors.py
[2025-07-03T17:58:08.782+0000] {processor.py:840} INFO - DAG(s) 'example_sensors' retrieved from /home/airflow/.local/lib/python3.8/site-packages/airflow/example_dags/example_sensors.py
[2025-07-03T17:58:08.886+0000] {logging_mixin.py:188} INFO - [2025-07-03T17:58:08.885+0000] {dag.py:3036} INFO - Sync 1 DAGs
[2025-07-03T17:58:08.928+0000] {logging_mixin.py:188} INFO - [2025-07-03T17:58:08.928+0000] {dag.py:3823} INFO - Setting next_dagrun for example_sensors to None, run_after=None
[2025-07-03T17:58:09.050+0000] {processor.py:183} INFO - Processing /home/airflow/.local/lib/python3.8/site-packages/airflow/example_dags/example_sensors.py took 0.333 seconds
[2025-07-03T17:58:39.576+0000] {processor.py:161} INFO - Started process (PID=3120) to work on /home/airflow/.local/lib/python3.8/site-packages/airflow/example_dags/example_sensors.py
[2025-07-03T17:58:39.590+0000] {processor.py:830} INFO - Processing file /home/airflow/.local/lib/python3.8/site-packages/airflow/example_dags/example_sensors.py for tasks to queue
[2025-07-03T17:58:39.606+0000] {logging_mixin.py:188} INFO - [2025-07-03T17:58:39.605+0000] {dagbag.py:538} INFO - Filling up the DagBag from /home/airflow/.local/lib/python3.8/site-packages/airflow/example_dags/example_sensors.py
[2025-07-03T17:58:39.644+0000] {processor.py:840} INFO - DAG(s) 'example_sensors' retrieved from /home/airflow/.local/lib/python3.8/site-packages/airflow/example_dags/example_sensors.py
[2025-07-03T17:58:39.737+0000] {logging_mixin.py:188} INFO - [2025-07-03T17:58:39.737+0000] {dag.py:3036} INFO - Sync 1 DAGs
[2025-07-03T17:58:39.801+0000] {logging_mixin.py:188} INFO - [2025-07-03T17:58:39.784+0000] {dag.py:3823} INFO - Setting next_dagrun for example_sensors to None, run_after=None
[2025-07-03T17:58:39.897+0000] {processor.py:183} INFO - Processing /home/airflow/.local/lib/python3.8/site-packages/airflow/example_dags/example_sensors.py took 0.332 seconds
[2025-07-03T17:59:10.176+0000] {processor.py:161} INFO - Started process (PID=3185) to work on /home/airflow/.local/lib/python3.8/site-packages/airflow/example_dags/example_sensors.py
[2025-07-03T17:59:10.178+0000] {processor.py:830} INFO - Processing file /home/airflow/.local/lib/python3.8/site-packages/airflow/example_dags/example_sensors.py for tasks to queue
[2025-07-03T17:59:10.180+0000] {logging_mixin.py:188} INFO - [2025-07-03T17:59:10.180+0000] {dagbag.py:538} INFO - Filling up the DagBag from /home/airflow/.local/lib/python3.8/site-packages/airflow/example_dags/example_sensors.py
[2025-07-03T17:59:10.195+0000] {processor.py:840} INFO - DAG(s) 'example_sensors' retrieved from /home/airflow/.local/lib/python3.8/site-packages/airflow/example_dags/example_sensors.py
[2025-07-03T17:59:10.256+0000] {logging_mixin.py:188} INFO - [2025-07-03T17:59:10.256+0000] {dag.py:3036} INFO - Sync 1 DAGs
[2025-07-03T17:59:10.280+0000] {logging_mixin.py:188} INFO - [2025-07-03T17:59:10.279+0000] {dag.py:3823} INFO - Setting next_dagrun for example_sensors to None, run_after=None
[2025-07-03T17:59:10.351+0000] {processor.py:183} INFO - Processing /home/airflow/.local/lib/python3.8/site-packages/airflow/example_dags/example_sensors.py took 0.180 seconds
[2025-07-03T17:59:40.882+0000] {processor.py:161} INFO - Started process (PID=3250) to work on /home/airflow/.local/lib/python3.8/site-packages/airflow/example_dags/example_sensors.py
[2025-07-03T17:59:40.883+0000] {processor.py:830} INFO - Processing file /home/airflow/.local/lib/python3.8/site-packages/airflow/example_dags/example_sensors.py for tasks to queue
[2025-07-03T17:59:40.886+0000] {logging_mixin.py:188} INFO - [2025-07-03T17:59:40.886+0000] {dagbag.py:538} INFO - Filling up the DagBag from /home/airflow/.local/lib/python3.8/site-packages/airflow/example_dags/example_sensors.py
[2025-07-03T17:59:40.902+0000] {processor.py:840} INFO - DAG(s) 'example_sensors' retrieved from /home/airflow/.local/lib/python3.8/site-packages/airflow/example_dags/example_sensors.py
[2025-07-03T17:59:40.985+0000] {logging_mixin.py:188} INFO - [2025-07-03T17:59:40.977+0000] {dag.py:3036} INFO - Sync 1 DAGs
[2025-07-03T17:59:41.022+0000] {logging_mixin.py:188} INFO - [2025-07-03T17:59:41.022+0000] {dag.py:3823} INFO - Setting next_dagrun for example_sensors to None, run_after=None
[2025-07-03T17:59:41.083+0000] {processor.py:183} INFO - Processing /home/airflow/.local/lib/python3.8/site-packages/airflow/example_dags/example_sensors.py took 0.206 seconds
[2025-07-03T18:00:11.613+0000] {processor.py:161} INFO - Started process (PID=3313) to work on /home/airflow/.local/lib/python3.8/site-packages/airflow/example_dags/example_sensors.py
[2025-07-03T18:00:11.617+0000] {processor.py:830} INFO - Processing file /home/airflow/.local/lib/python3.8/site-packages/airflow/example_dags/example_sensors.py for tasks to queue
[2025-07-03T18:00:11.626+0000] {logging_mixin.py:188} INFO - [2025-07-03T18:00:11.626+0000] {dagbag.py:538} INFO - Filling up the DagBag from /home/airflow/.local/lib/python3.8/site-packages/airflow/example_dags/example_sensors.py
[2025-07-03T18:00:11.657+0000] {processor.py:840} INFO - DAG(s) 'example_sensors' retrieved from /home/airflow/.local/lib/python3.8/site-packages/airflow/example_dags/example_sensors.py
[2025-07-03T18:00:11.748+0000] {logging_mixin.py:188} INFO - [2025-07-03T18:00:11.747+0000] {dag.py:3036} INFO - Sync 1 DAGs
[2025-07-03T18:00:11.788+0000] {logging_mixin.py:188} INFO - [2025-07-03T18:00:11.788+0000] {dag.py:3823} INFO - Setting next_dagrun for example_sensors to None, run_after=None
[2025-07-03T18:00:11.871+0000] {processor.py:183} INFO - Processing /home/airflow/.local/lib/python3.8/site-packages/airflow/example_dags/example_sensors.py took 0.263 seconds
[2025-07-03T18:00:44.091+0000] {processor.py:161} INFO - Started process (PID=3378) to work on /home/airflow/.local/lib/python3.8/site-packages/airflow/example_dags/example_sensors.py
[2025-07-03T18:00:44.109+0000] {processor.py:830} INFO - Processing file /home/airflow/.local/lib/python3.8/site-packages/airflow/example_dags/example_sensors.py for tasks to queue
[2025-07-03T18:00:44.112+0000] {logging_mixin.py:188} INFO - [2025-07-03T18:00:44.111+0000] {dagbag.py:538} INFO - Filling up the DagBag from /home/airflow/.local/lib/python3.8/site-packages/airflow/example_dags/example_sensors.py
[2025-07-03T18:00:44.168+0000] {processor.py:840} INFO - DAG(s) 'example_sensors' retrieved from /home/airflow/.local/lib/python3.8/site-packages/airflow/example_dags/example_sensors.py
[2025-07-03T18:00:44.365+0000] {logging_mixin.py:188} INFO - [2025-07-03T18:00:44.364+0000] {dag.py:3036} INFO - Sync 1 DAGs
[2025-07-03T18:00:44.865+0000] {logging_mixin.py:188} INFO - [2025-07-03T18:00:44.865+0000] {dag.py:3823} INFO - Setting next_dagrun for example_sensors to None, run_after=None
[2025-07-03T18:00:44.933+0000] {processor.py:183} INFO - Processing /home/airflow/.local/lib/python3.8/site-packages/airflow/example_dags/example_sensors.py took 0.847 seconds
[2025-07-03T18:01:16.926+0000] {processor.py:161} INFO - Started process (PID=3443) to work on /home/airflow/.local/lib/python3.8/site-packages/airflow/example_dags/example_sensors.py
[2025-07-03T18:01:16.943+0000] {processor.py:830} INFO - Processing file /home/airflow/.local/lib/python3.8/site-packages/airflow/example_dags/example_sensors.py for tasks to queue
[2025-07-03T18:01:16.945+0000] {logging_mixin.py:188} INFO - [2025-07-03T18:01:16.945+0000] {dagbag.py:538} INFO - Filling up the DagBag from /home/airflow/.local/lib/python3.8/site-packages/airflow/example_dags/example_sensors.py
[2025-07-03T18:01:16.993+0000] {processor.py:840} INFO - DAG(s) 'example_sensors' retrieved from /home/airflow/.local/lib/python3.8/site-packages/airflow/example_dags/example_sensors.py
[2025-07-03T18:01:17.069+0000] {logging_mixin.py:188} INFO - [2025-07-03T18:01:17.068+0000] {dag.py:3036} INFO - Sync 1 DAGs
[2025-07-03T18:01:17.124+0000] {logging_mixin.py:188} INFO - [2025-07-03T18:01:17.124+0000] {dag.py:3823} INFO - Setting next_dagrun for example_sensors to None, run_after=None
[2025-07-03T18:01:17.210+0000] {processor.py:183} INFO - Processing /home/airflow/.local/lib/python3.8/site-packages/airflow/example_dags/example_sensors.py took 0.330 seconds
[2025-07-03T18:01:47.738+0000] {processor.py:161} INFO - Started process (PID=3499) to work on /home/airflow/.local/lib/python3.8/site-packages/airflow/example_dags/example_sensors.py
[2025-07-03T18:01:47.739+0000] {processor.py:830} INFO - Processing file /home/airflow/.local/lib/python3.8/site-packages/airflow/example_dags/example_sensors.py for tasks to queue
[2025-07-03T18:01:47.742+0000] {logging_mixin.py:188} INFO - [2025-07-03T18:01:47.741+0000] {dagbag.py:538} INFO - Filling up the DagBag from /home/airflow/.local/lib/python3.8/site-packages/airflow/example_dags/example_sensors.py
[2025-07-03T18:01:47.758+0000] {processor.py:840} INFO - DAG(s) 'example_sensors' retrieved from /home/airflow/.local/lib/python3.8/site-packages/airflow/example_dags/example_sensors.py
[2025-07-03T18:01:47.803+0000] {logging_mixin.py:188} INFO - [2025-07-03T18:01:47.802+0000] {dag.py:3036} INFO - Sync 1 DAGs
[2025-07-03T18:01:47.819+0000] {logging_mixin.py:188} INFO - [2025-07-03T18:01:47.819+0000] {dag.py:3823} INFO - Setting next_dagrun for example_sensors to None, run_after=None
[2025-07-03T18:01:47.849+0000] {processor.py:183} INFO - Processing /home/airflow/.local/lib/python3.8/site-packages/airflow/example_dags/example_sensors.py took 0.115 seconds
[2025-07-03T18:02:18.179+0000] {processor.py:161} INFO - Started process (PID=3564) to work on /home/airflow/.local/lib/python3.8/site-packages/airflow/example_dags/example_sensors.py
[2025-07-03T18:02:18.181+0000] {processor.py:830} INFO - Processing file /home/airflow/.local/lib/python3.8/site-packages/airflow/example_dags/example_sensors.py for tasks to queue
[2025-07-03T18:02:18.188+0000] {logging_mixin.py:188} INFO - [2025-07-03T18:02:18.187+0000] {dagbag.py:538} INFO - Filling up the DagBag from /home/airflow/.local/lib/python3.8/site-packages/airflow/example_dags/example_sensors.py
[2025-07-03T18:02:18.205+0000] {processor.py:840} INFO - DAG(s) 'example_sensors' retrieved from /home/airflow/.local/lib/python3.8/site-packages/airflow/example_dags/example_sensors.py
[2025-07-03T18:02:18.237+0000] {logging_mixin.py:188} INFO - [2025-07-03T18:02:18.237+0000] {dag.py:3036} INFO - Sync 1 DAGs
[2025-07-03T18:02:18.254+0000] {logging_mixin.py:188} INFO - [2025-07-03T18:02:18.253+0000] {dag.py:3823} INFO - Setting next_dagrun for example_sensors to None, run_after=None
[2025-07-03T18:02:18.277+0000] {processor.py:183} INFO - Processing /home/airflow/.local/lib/python3.8/site-packages/airflow/example_dags/example_sensors.py took 0.102 seconds
[2025-07-03T18:02:50.582+0000] {processor.py:161} INFO - Started process (PID=3629) to work on /home/airflow/.local/lib/python3.8/site-packages/airflow/example_dags/example_sensors.py
[2025-07-03T18:02:50.591+0000] {processor.py:830} INFO - Processing file /home/airflow/.local/lib/python3.8/site-packages/airflow/example_dags/example_sensors.py for tasks to queue
[2025-07-03T18:02:50.594+0000] {logging_mixin.py:188} INFO - [2025-07-03T18:02:50.593+0000] {dagbag.py:538} INFO - Filling up the DagBag from /home/airflow/.local/lib/python3.8/site-packages/airflow/example_dags/example_sensors.py
[2025-07-03T18:02:50.652+0000] {processor.py:840} INFO - DAG(s) 'example_sensors' retrieved from /home/airflow/.local/lib/python3.8/site-packages/airflow/example_dags/example_sensors.py
[2025-07-03T18:02:50.782+0000] {logging_mixin.py:188} INFO - [2025-07-03T18:02:50.781+0000] {dag.py:3036} INFO - Sync 1 DAGs
[2025-07-03T18:02:51.380+0000] {logging_mixin.py:188} INFO - [2025-07-03T18:02:51.379+0000] {dag.py:3823} INFO - Setting next_dagrun for example_sensors to None, run_after=None
[2025-07-03T18:02:51.477+0000] {processor.py:183} INFO - Processing /home/airflow/.local/lib/python3.8/site-packages/airflow/example_dags/example_sensors.py took 0.903 seconds
[2025-07-03T18:03:25.882+0000] {processor.py:161} INFO - Started process (PID=3693) to work on /home/airflow/.local/lib/python3.8/site-packages/airflow/example_dags/example_sensors.py
[2025-07-03T18:03:25.926+0000] {processor.py:830} INFO - Processing file /home/airflow/.local/lib/python3.8/site-packages/airflow/example_dags/example_sensors.py for tasks to queue
[2025-07-03T18:03:25.950+0000] {logging_mixin.py:188} INFO - [2025-07-03T18:03:25.949+0000] {dagbag.py:538} INFO - Filling up the DagBag from /home/airflow/.local/lib/python3.8/site-packages/airflow/example_dags/example_sensors.py
[2025-07-03T18:03:26.241+0000] {processor.py:840} INFO - DAG(s) 'example_sensors' retrieved from /home/airflow/.local/lib/python3.8/site-packages/airflow/example_dags/example_sensors.py
[2025-07-03T18:03:26.695+0000] {logging_mixin.py:188} INFO - [2025-07-03T18:03:26.695+0000] {dag.py:3036} INFO - Sync 1 DAGs
[2025-07-03T18:03:27.039+0000] {logging_mixin.py:188} INFO - [2025-07-03T18:03:27.039+0000] {dag.py:3823} INFO - Setting next_dagrun for example_sensors to None, run_after=None
[2025-07-03T18:03:29.393+0000] {processor.py:183} INFO - Processing /home/airflow/.local/lib/python3.8/site-packages/airflow/example_dags/example_sensors.py took 3.552 seconds
[2025-07-03T18:05:16.033+0000] {processor.py:161} INFO - Started process (PID=3784) to work on /home/airflow/.local/lib/python3.8/site-packages/airflow/example_dags/example_sensors.py
[2025-07-03T18:05:16.074+0000] {processor.py:830} INFO - Processing file /home/airflow/.local/lib/python3.8/site-packages/airflow/example_dags/example_sensors.py for tasks to queue
[2025-07-03T18:05:16.078+0000] {logging_mixin.py:188} INFO - [2025-07-03T18:05:16.077+0000] {dagbag.py:538} INFO - Filling up the DagBag from /home/airflow/.local/lib/python3.8/site-packages/airflow/example_dags/example_sensors.py
[2025-07-03T18:05:16.429+0000] {processor.py:840} INFO - DAG(s) 'example_sensors' retrieved from /home/airflow/.local/lib/python3.8/site-packages/airflow/example_dags/example_sensors.py
[2025-07-03T18:05:17.387+0000] {logging_mixin.py:188} INFO - [2025-07-03T18:05:17.386+0000] {dag.py:3036} INFO - Sync 1 DAGs
[2025-07-03T18:05:17.748+0000] {logging_mixin.py:188} INFO - [2025-07-03T18:05:17.747+0000] {dag.py:3823} INFO - Setting next_dagrun for example_sensors to None, run_after=None
[2025-07-03T18:05:18.326+0000] {processor.py:183} INFO - Processing /home/airflow/.local/lib/python3.8/site-packages/airflow/example_dags/example_sensors.py took 2.406 seconds
[2025-07-03T18:08:07.834+0000] {processor.py:161} INFO - Started process (PID=3909) to work on /home/airflow/.local/lib/python3.8/site-packages/airflow/example_dags/example_sensors.py
[2025-07-03T18:08:08.078+0000] {processor.py:830} INFO - Processing file /home/airflow/.local/lib/python3.8/site-packages/airflow/example_dags/example_sensors.py for tasks to queue
[2025-07-03T18:08:08.190+0000] {logging_mixin.py:188} INFO - [2025-07-03T18:08:08.189+0000] {dagbag.py:538} INFO - Filling up the DagBag from /home/airflow/.local/lib/python3.8/site-packages/airflow/example_dags/example_sensors.py
[2025-07-03T18:08:10.099+0000] {processor.py:840} INFO - DAG(s) 'example_sensors' retrieved from /home/airflow/.local/lib/python3.8/site-packages/airflow/example_dags/example_sensors.py
[2025-07-03T18:08:15.012+0000] {logging_mixin.py:188} INFO - [2025-07-03T18:08:14.836+0000] {dag.py:3036} INFO - Sync 1 DAGs
[2025-07-03T18:08:17.176+0000] {logging_mixin.py:188} INFO - [2025-07-03T18:08:17.175+0000] {dag.py:3823} INFO - Setting next_dagrun for example_sensors to None, run_after=None
[2025-07-03T18:08:19.726+0000] {processor.py:183} INFO - Processing /home/airflow/.local/lib/python3.8/site-packages/airflow/example_dags/example_sensors.py took 12.176 seconds
[2025-07-03T18:21:11.667+0000] {processor.py:161} INFO - Started process (PID=103) to work on /home/airflow/.local/lib/python3.8/site-packages/airflow/example_dags/example_sensors.py
[2025-07-03T18:21:11.682+0000] {processor.py:830} INFO - Processing file /home/airflow/.local/lib/python3.8/site-packages/airflow/example_dags/example_sensors.py for tasks to queue
[2025-07-03T18:21:11.685+0000] {logging_mixin.py:188} INFO - [2025-07-03T18:21:11.685+0000] {dagbag.py:538} INFO - Filling up the DagBag from /home/airflow/.local/lib/python3.8/site-packages/airflow/example_dags/example_sensors.py
[2025-07-03T18:21:11.732+0000] {processor.py:840} INFO - DAG(s) 'example_sensors' retrieved from /home/airflow/.local/lib/python3.8/site-packages/airflow/example_dags/example_sensors.py
[2025-07-03T18:21:11.874+0000] {logging_mixin.py:188} INFO - [2025-07-03T18:21:11.873+0000] {dag.py:3036} INFO - Sync 1 DAGs
[2025-07-03T18:21:11.898+0000] {logging_mixin.py:188} INFO - [2025-07-03T18:21:11.898+0000] {dag.py:3823} INFO - Setting next_dagrun for example_sensors to None, run_after=None
[2025-07-03T18:21:11.930+0000] {processor.py:183} INFO - Processing /home/airflow/.local/lib/python3.8/site-packages/airflow/example_dags/example_sensors.py took 0.268 seconds
[2025-07-03T18:21:42.059+0000] {processor.py:161} INFO - Started process (PID=168) to work on /home/airflow/.local/lib/python3.8/site-packages/airflow/example_dags/example_sensors.py
[2025-07-03T18:21:42.060+0000] {processor.py:830} INFO - Processing file /home/airflow/.local/lib/python3.8/site-packages/airflow/example_dags/example_sensors.py for tasks to queue
[2025-07-03T18:21:42.063+0000] {logging_mixin.py:188} INFO - [2025-07-03T18:21:42.062+0000] {dagbag.py:538} INFO - Filling up the DagBag from /home/airflow/.local/lib/python3.8/site-packages/airflow/example_dags/example_sensors.py
[2025-07-03T18:21:42.078+0000] {processor.py:840} INFO - DAG(s) 'example_sensors' retrieved from /home/airflow/.local/lib/python3.8/site-packages/airflow/example_dags/example_sensors.py
[2025-07-03T18:21:42.124+0000] {logging_mixin.py:188} INFO - [2025-07-03T18:21:42.124+0000] {dag.py:3036} INFO - Sync 1 DAGs
[2025-07-03T18:21:42.147+0000] {logging_mixin.py:188} INFO - [2025-07-03T18:21:42.146+0000] {dag.py:3823} INFO - Setting next_dagrun for example_sensors to None, run_after=None
[2025-07-03T18:21:42.177+0000] {processor.py:183} INFO - Processing /home/airflow/.local/lib/python3.8/site-packages/airflow/example_dags/example_sensors.py took 0.123 seconds
[2025-07-03T18:22:12.250+0000] {processor.py:161} INFO - Started process (PID=233) to work on /home/airflow/.local/lib/python3.8/site-packages/airflow/example_dags/example_sensors.py
[2025-07-03T18:22:12.252+0000] {processor.py:830} INFO - Processing file /home/airflow/.local/lib/python3.8/site-packages/airflow/example_dags/example_sensors.py for tasks to queue
[2025-07-03T18:22:12.254+0000] {logging_mixin.py:188} INFO - [2025-07-03T18:22:12.254+0000] {dagbag.py:538} INFO - Filling up the DagBag from /home/airflow/.local/lib/python3.8/site-packages/airflow/example_dags/example_sensors.py
[2025-07-03T18:22:12.270+0000] {processor.py:840} INFO - DAG(s) 'example_sensors' retrieved from /home/airflow/.local/lib/python3.8/site-packages/airflow/example_dags/example_sensors.py
[2025-07-03T18:22:12.315+0000] {logging_mixin.py:188} INFO - [2025-07-03T18:22:12.315+0000] {dag.py:3036} INFO - Sync 1 DAGs
[2025-07-03T18:22:12.338+0000] {logging_mixin.py:188} INFO - [2025-07-03T18:22:12.337+0000] {dag.py:3823} INFO - Setting next_dagrun for example_sensors to None, run_after=None
[2025-07-03T18:22:12.373+0000] {processor.py:183} INFO - Processing /home/airflow/.local/lib/python3.8/site-packages/airflow/example_dags/example_sensors.py took 0.129 seconds
[2025-07-03T18:22:42.929+0000] {processor.py:161} INFO - Started process (PID=300) to work on /home/airflow/.local/lib/python3.8/site-packages/airflow/example_dags/example_sensors.py
[2025-07-03T18:22:42.931+0000] {processor.py:830} INFO - Processing file /home/airflow/.local/lib/python3.8/site-packages/airflow/example_dags/example_sensors.py for tasks to queue
[2025-07-03T18:22:42.935+0000] {logging_mixin.py:188} INFO - [2025-07-03T18:22:42.934+0000] {dagbag.py:538} INFO - Filling up the DagBag from /home/airflow/.local/lib/python3.8/site-packages/airflow/example_dags/example_sensors.py
[2025-07-03T18:22:42.951+0000] {processor.py:840} INFO - DAG(s) 'example_sensors' retrieved from /home/airflow/.local/lib/python3.8/site-packages/airflow/example_dags/example_sensors.py
[2025-07-03T18:22:42.996+0000] {logging_mixin.py:188} INFO - [2025-07-03T18:22:42.996+0000] {dag.py:3036} INFO - Sync 1 DAGs
[2025-07-03T18:22:43.018+0000] {logging_mixin.py:188} INFO - [2025-07-03T18:22:43.018+0000] {dag.py:3823} INFO - Setting next_dagrun for example_sensors to None, run_after=None
[2025-07-03T18:22:43.048+0000] {processor.py:183} INFO - Processing /home/airflow/.local/lib/python3.8/site-packages/airflow/example_dags/example_sensors.py took 0.125 seconds
[2025-07-03T18:23:13.142+0000] {processor.py:161} INFO - Started process (PID=366) to work on /home/airflow/.local/lib/python3.8/site-packages/airflow/example_dags/example_sensors.py
[2025-07-03T18:23:13.148+0000] {processor.py:830} INFO - Processing file /home/airflow/.local/lib/python3.8/site-packages/airflow/example_dags/example_sensors.py for tasks to queue
[2025-07-03T18:23:13.153+0000] {logging_mixin.py:188} INFO - [2025-07-03T18:23:13.153+0000] {dagbag.py:538} INFO - Filling up the DagBag from /home/airflow/.local/lib/python3.8/site-packages/airflow/example_dags/example_sensors.py
[2025-07-03T18:23:13.185+0000] {processor.py:840} INFO - DAG(s) 'example_sensors' retrieved from /home/airflow/.local/lib/python3.8/site-packages/airflow/example_dags/example_sensors.py
[2025-07-03T18:23:13.249+0000] {logging_mixin.py:188} INFO - [2025-07-03T18:23:13.249+0000] {dag.py:3036} INFO - Sync 1 DAGs
[2025-07-03T18:23:13.302+0000] {logging_mixin.py:188} INFO - [2025-07-03T18:23:13.301+0000] {dag.py:3823} INFO - Setting next_dagrun for example_sensors to None, run_after=None
[2025-07-03T18:23:13.354+0000] {processor.py:183} INFO - Processing /home/airflow/.local/lib/python3.8/site-packages/airflow/example_dags/example_sensors.py took 0.219 seconds
[2025-07-03T18:23:43.517+0000] {processor.py:161} INFO - Started process (PID=431) to work on /home/airflow/.local/lib/python3.8/site-packages/airflow/example_dags/example_sensors.py
[2025-07-03T18:23:43.529+0000] {processor.py:830} INFO - Processing file /home/airflow/.local/lib/python3.8/site-packages/airflow/example_dags/example_sensors.py for tasks to queue
[2025-07-03T18:23:43.533+0000] {logging_mixin.py:188} INFO - [2025-07-03T18:23:43.531+0000] {dagbag.py:538} INFO - Filling up the DagBag from /home/airflow/.local/lib/python3.8/site-packages/airflow/example_dags/example_sensors.py
[2025-07-03T18:23:43.549+0000] {processor.py:840} INFO - DAG(s) 'example_sensors' retrieved from /home/airflow/.local/lib/python3.8/site-packages/airflow/example_dags/example_sensors.py
[2025-07-03T18:23:43.592+0000] {logging_mixin.py:188} INFO - [2025-07-03T18:23:43.592+0000] {dag.py:3036} INFO - Sync 1 DAGs
[2025-07-03T18:23:43.615+0000] {logging_mixin.py:188} INFO - [2025-07-03T18:23:43.614+0000] {dag.py:3823} INFO - Setting next_dagrun for example_sensors to None, run_after=None
[2025-07-03T18:23:43.645+0000] {processor.py:183} INFO - Processing /home/airflow/.local/lib/python3.8/site-packages/airflow/example_dags/example_sensors.py took 0.133 seconds
[2025-07-03T18:24:14.168+0000] {processor.py:161} INFO - Started process (PID=497) to work on /home/airflow/.local/lib/python3.8/site-packages/airflow/example_dags/example_sensors.py
[2025-07-03T18:24:14.169+0000] {processor.py:830} INFO - Processing file /home/airflow/.local/lib/python3.8/site-packages/airflow/example_dags/example_sensors.py for tasks to queue
[2025-07-03T18:24:14.177+0000] {logging_mixin.py:188} INFO - [2025-07-03T18:24:14.176+0000] {dagbag.py:538} INFO - Filling up the DagBag from /home/airflow/.local/lib/python3.8/site-packages/airflow/example_dags/example_sensors.py
[2025-07-03T18:24:14.209+0000] {processor.py:840} INFO - DAG(s) 'example_sensors' retrieved from /home/airflow/.local/lib/python3.8/site-packages/airflow/example_dags/example_sensors.py
[2025-07-03T18:24:14.290+0000] {logging_mixin.py:188} INFO - [2025-07-03T18:24:14.289+0000] {dag.py:3036} INFO - Sync 1 DAGs
[2025-07-03T18:24:14.338+0000] {logging_mixin.py:188} INFO - [2025-07-03T18:24:14.338+0000] {dag.py:3823} INFO - Setting next_dagrun for example_sensors to None, run_after=None
[2025-07-03T18:24:14.429+0000] {processor.py:183} INFO - Processing /home/airflow/.local/lib/python3.8/site-packages/airflow/example_dags/example_sensors.py took 0.277 seconds
