[2025-07-03T17:35:26.226+0000] {processor.py:161} INFO - Started process (PID=218) to work on /home/airflow/.local/lib/python3.8/site-packages/airflow/example_dags/example_params_ui_tutorial.py
[2025-07-03T17:35:26.227+0000] {processor.py:830} INFO - Processing file /home/airflow/.local/lib/python3.8/site-packages/airflow/example_dags/example_params_ui_tutorial.py for tasks to queue
[2025-07-03T17:35:26.268+0000] {logging_mixin.py:188} INFO - [2025-07-03T17:35:26.268+0000] {dagbag.py:538} INFO - Filling up the DagBag from /home/airflow/.local/lib/python3.8/site-packages/airflow/example_dags/example_params_ui_tutorial.py
[2025-07-03T17:35:26.397+0000] {processor.py:840} INFO - DAG(s) 'example_params_ui_tutorial' retrieved from /home/airflow/.local/lib/python3.8/site-packages/airflow/example_dags/example_params_ui_tutorial.py
[2025-07-03T17:35:28.583+0000] {logging_mixin.py:188} INFO - [2025-07-03T17:35:28.582+0000] {dag.py:3036} INFO - Sync 1 DAGs
[2025-07-03T17:35:28.700+0000] {logging_mixin.py:188} INFO - [2025-07-03T17:35:28.699+0000] {dag.py:3823} INFO - Setting next_dagrun for example_params_ui_tutorial to None, run_after=None
[2025-07-03T17:35:28.934+0000] {processor.py:183} INFO - Processing /home/airflow/.local/lib/python3.8/site-packages/airflow/example_dags/example_params_ui_tutorial.py took 2.757 seconds
[2025-07-03T17:36:02.228+0000] {processor.py:161} INFO - Started process (PID=276) to work on /home/airflow/.local/lib/python3.8/site-packages/airflow/example_dags/example_params_ui_tutorial.py
[2025-07-03T17:36:02.241+0000] {processor.py:830} INFO - Processing file /home/airflow/.local/lib/python3.8/site-packages/airflow/example_dags/example_params_ui_tutorial.py for tasks to queue
[2025-07-03T17:36:02.245+0000] {logging_mixin.py:188} INFO - [2025-07-03T17:36:02.244+0000] {dagbag.py:538} INFO - Filling up the DagBag from /home/airflow/.local/lib/python3.8/site-packages/airflow/example_dags/example_params_ui_tutorial.py
[2025-07-03T17:36:02.353+0000] {processor.py:840} INFO - DAG(s) 'example_params_ui_tutorial' retrieved from /home/airflow/.local/lib/python3.8/site-packages/airflow/example_dags/example_params_ui_tutorial.py
[2025-07-03T17:36:02.733+0000] {logging_mixin.py:188} INFO - [2025-07-03T17:36:02.731+0000] {dag.py:3036} INFO - Sync 1 DAGs
[2025-07-03T17:36:02.820+0000] {logging_mixin.py:188} INFO - [2025-07-03T17:36:02.816+0000] {dag.py:3823} INFO - Setting next_dagrun for example_params_ui_tutorial to None, run_after=None
[2025-07-03T17:36:02.961+0000] {processor.py:183} INFO - Processing /home/airflow/.local/lib/python3.8/site-packages/airflow/example_dags/example_params_ui_tutorial.py took 0.755 seconds
[2025-07-03T17:36:33.087+0000] {processor.py:161} INFO - Started process (PID=339) to work on /home/airflow/.local/lib/python3.8/site-packages/airflow/example_dags/example_params_ui_tutorial.py
[2025-07-03T17:36:33.100+0000] {processor.py:830} INFO - Processing file /home/airflow/.local/lib/python3.8/site-packages/airflow/example_dags/example_params_ui_tutorial.py for tasks to queue
[2025-07-03T17:36:33.118+0000] {logging_mixin.py:188} INFO - [2025-07-03T17:36:33.117+0000] {dagbag.py:538} INFO - Filling up the DagBag from /home/airflow/.local/lib/python3.8/site-packages/airflow/example_dags/example_params_ui_tutorial.py
[2025-07-03T17:36:33.221+0000] {processor.py:840} INFO - DAG(s) 'example_params_ui_tutorial' retrieved from /home/airflow/.local/lib/python3.8/site-packages/airflow/example_dags/example_params_ui_tutorial.py
[2025-07-03T17:36:33.834+0000] {logging_mixin.py:188} INFO - [2025-07-03T17:36:33.833+0000] {dag.py:3036} INFO - Sync 1 DAGs
[2025-07-03T17:36:33.908+0000] {logging_mixin.py:188} INFO - [2025-07-03T17:36:33.908+0000] {dag.py:3823} INFO - Setting next_dagrun for example_params_ui_tutorial to None, run_after=None
[2025-07-03T17:36:33.997+0000] {processor.py:183} INFO - Processing /home/airflow/.local/lib/python3.8/site-packages/airflow/example_dags/example_params_ui_tutorial.py took 0.939 seconds
[2025-07-03T17:37:04.141+0000] {processor.py:161} INFO - Started process (PID=396) to work on /home/airflow/.local/lib/python3.8/site-packages/airflow/example_dags/example_params_ui_tutorial.py
[2025-07-03T17:37:04.145+0000] {processor.py:830} INFO - Processing file /home/airflow/.local/lib/python3.8/site-packages/airflow/example_dags/example_params_ui_tutorial.py for tasks to queue
[2025-07-03T17:37:04.148+0000] {logging_mixin.py:188} INFO - [2025-07-03T17:37:04.148+0000] {dagbag.py:538} INFO - Filling up the DagBag from /home/airflow/.local/lib/python3.8/site-packages/airflow/example_dags/example_params_ui_tutorial.py
[2025-07-03T17:37:04.170+0000] {processor.py:840} INFO - DAG(s) 'example_params_ui_tutorial' retrieved from /home/airflow/.local/lib/python3.8/site-packages/airflow/example_dags/example_params_ui_tutorial.py
[2025-07-03T17:37:04.344+0000] {logging_mixin.py:188} INFO - [2025-07-03T17:37:04.343+0000] {dag.py:3036} INFO - Sync 1 DAGs
[2025-07-03T17:37:04.369+0000] {logging_mixin.py:188} INFO - [2025-07-03T17:37:04.369+0000] {dag.py:3823} INFO - Setting next_dagrun for example_params_ui_tutorial to None, run_after=None
[2025-07-03T17:37:04.400+0000] {processor.py:183} INFO - Processing /home/airflow/.local/lib/python3.8/site-packages/airflow/example_dags/example_params_ui_tutorial.py took 0.264 seconds
[2025-07-03T17:37:34.741+0000] {processor.py:161} INFO - Started process (PID=459) to work on /home/airflow/.local/lib/python3.8/site-packages/airflow/example_dags/example_params_ui_tutorial.py
[2025-07-03T17:37:34.745+0000] {processor.py:830} INFO - Processing file /home/airflow/.local/lib/python3.8/site-packages/airflow/example_dags/example_params_ui_tutorial.py for tasks to queue
[2025-07-03T17:37:34.749+0000] {logging_mixin.py:188} INFO - [2025-07-03T17:37:34.749+0000] {dagbag.py:538} INFO - Filling up the DagBag from /home/airflow/.local/lib/python3.8/site-packages/airflow/example_dags/example_params_ui_tutorial.py
[2025-07-03T17:37:34.834+0000] {processor.py:840} INFO - DAG(s) 'example_params_ui_tutorial' retrieved from /home/airflow/.local/lib/python3.8/site-packages/airflow/example_dags/example_params_ui_tutorial.py
[2025-07-03T17:37:35.458+0000] {logging_mixin.py:188} INFO - [2025-07-03T17:37:35.457+0000] {dag.py:3036} INFO - Sync 1 DAGs
[2025-07-03T17:37:35.502+0000] {logging_mixin.py:188} INFO - [2025-07-03T17:37:35.501+0000] {dag.py:3823} INFO - Setting next_dagrun for example_params_ui_tutorial to None, run_after=None
[2025-07-03T17:37:35.604+0000] {processor.py:183} INFO - Processing /home/airflow/.local/lib/python3.8/site-packages/airflow/example_dags/example_params_ui_tutorial.py took 0.892 seconds
[2025-07-03T17:38:05.978+0000] {processor.py:161} INFO - Started process (PID=516) to work on /home/airflow/.local/lib/python3.8/site-packages/airflow/example_dags/example_params_ui_tutorial.py
[2025-07-03T17:38:05.989+0000] {processor.py:830} INFO - Processing file /home/airflow/.local/lib/python3.8/site-packages/airflow/example_dags/example_params_ui_tutorial.py for tasks to queue
[2025-07-03T17:38:06.002+0000] {logging_mixin.py:188} INFO - [2025-07-03T17:38:06.001+0000] {dagbag.py:538} INFO - Filling up the DagBag from /home/airflow/.local/lib/python3.8/site-packages/airflow/example_dags/example_params_ui_tutorial.py
[2025-07-03T17:38:06.060+0000] {processor.py:840} INFO - DAG(s) 'example_params_ui_tutorial' retrieved from /home/airflow/.local/lib/python3.8/site-packages/airflow/example_dags/example_params_ui_tutorial.py
[2025-07-03T17:38:06.643+0000] {logging_mixin.py:188} INFO - [2025-07-03T17:38:06.642+0000] {dag.py:3036} INFO - Sync 1 DAGs
[2025-07-03T17:38:06.700+0000] {logging_mixin.py:188} INFO - [2025-07-03T17:38:06.700+0000] {dag.py:3823} INFO - Setting next_dagrun for example_params_ui_tutorial to None, run_after=None
[2025-07-03T17:38:06.910+0000] {processor.py:183} INFO - Processing /home/airflow/.local/lib/python3.8/site-packages/airflow/example_dags/example_params_ui_tutorial.py took 0.958 seconds
[2025-07-03T17:38:37.221+0000] {processor.py:161} INFO - Started process (PID=581) to work on /home/airflow/.local/lib/python3.8/site-packages/airflow/example_dags/example_params_ui_tutorial.py
[2025-07-03T17:38:37.223+0000] {processor.py:830} INFO - Processing file /home/airflow/.local/lib/python3.8/site-packages/airflow/example_dags/example_params_ui_tutorial.py for tasks to queue
[2025-07-03T17:38:37.225+0000] {logging_mixin.py:188} INFO - [2025-07-03T17:38:37.225+0000] {dagbag.py:538} INFO - Filling up the DagBag from /home/airflow/.local/lib/python3.8/site-packages/airflow/example_dags/example_params_ui_tutorial.py
[2025-07-03T17:38:37.244+0000] {processor.py:840} INFO - DAG(s) 'example_params_ui_tutorial' retrieved from /home/airflow/.local/lib/python3.8/site-packages/airflow/example_dags/example_params_ui_tutorial.py
[2025-07-03T17:38:37.422+0000] {logging_mixin.py:188} INFO - [2025-07-03T17:38:37.421+0000] {dag.py:3036} INFO - Sync 1 DAGs
[2025-07-03T17:38:37.451+0000] {logging_mixin.py:188} INFO - [2025-07-03T17:38:37.451+0000] {dag.py:3823} INFO - Setting next_dagrun for example_params_ui_tutorial to None, run_after=None
[2025-07-03T17:38:37.530+0000] {processor.py:183} INFO - Processing /home/airflow/.local/lib/python3.8/site-packages/airflow/example_dags/example_params_ui_tutorial.py took 0.313 seconds
[2025-07-03T17:39:08.122+0000] {processor.py:161} INFO - Started process (PID=645) to work on /home/airflow/.local/lib/python3.8/site-packages/airflow/example_dags/example_params_ui_tutorial.py
[2025-07-03T17:39:08.127+0000] {processor.py:830} INFO - Processing file /home/airflow/.local/lib/python3.8/site-packages/airflow/example_dags/example_params_ui_tutorial.py for tasks to queue
[2025-07-03T17:39:08.130+0000] {logging_mixin.py:188} INFO - [2025-07-03T17:39:08.129+0000] {dagbag.py:538} INFO - Filling up the DagBag from /home/airflow/.local/lib/python3.8/site-packages/airflow/example_dags/example_params_ui_tutorial.py
[2025-07-03T17:39:08.193+0000] {processor.py:840} INFO - DAG(s) 'example_params_ui_tutorial' retrieved from /home/airflow/.local/lib/python3.8/site-packages/airflow/example_dags/example_params_ui_tutorial.py
[2025-07-03T17:39:08.494+0000] {logging_mixin.py:188} INFO - [2025-07-03T17:39:08.493+0000] {dag.py:3036} INFO - Sync 1 DAGs
[2025-07-03T17:39:08.518+0000] {logging_mixin.py:188} INFO - [2025-07-03T17:39:08.518+0000] {dag.py:3823} INFO - Setting next_dagrun for example_params_ui_tutorial to None, run_after=None
[2025-07-03T17:39:08.596+0000] {processor.py:183} INFO - Processing /home/airflow/.local/lib/python3.8/site-packages/airflow/example_dags/example_params_ui_tutorial.py took 0.488 seconds
[2025-07-03T17:39:39.000+0000] {processor.py:161} INFO - Started process (PID=711) to work on /home/airflow/.local/lib/python3.8/site-packages/airflow/example_dags/example_params_ui_tutorial.py
[2025-07-03T17:39:39.021+0000] {processor.py:830} INFO - Processing file /home/airflow/.local/lib/python3.8/site-packages/airflow/example_dags/example_params_ui_tutorial.py for tasks to queue
[2025-07-03T17:39:39.024+0000] {logging_mixin.py:188} INFO - [2025-07-03T17:39:39.024+0000] {dagbag.py:538} INFO - Filling up the DagBag from /home/airflow/.local/lib/python3.8/site-packages/airflow/example_dags/example_params_ui_tutorial.py
[2025-07-03T17:39:39.087+0000] {processor.py:840} INFO - DAG(s) 'example_params_ui_tutorial' retrieved from /home/airflow/.local/lib/python3.8/site-packages/airflow/example_dags/example_params_ui_tutorial.py
[2025-07-03T17:39:39.596+0000] {logging_mixin.py:188} INFO - [2025-07-03T17:39:39.595+0000] {dag.py:3036} INFO - Sync 1 DAGs
[2025-07-03T17:39:39.665+0000] {logging_mixin.py:188} INFO - [2025-07-03T17:39:39.665+0000] {dag.py:3823} INFO - Setting next_dagrun for example_params_ui_tutorial to None, run_after=None
[2025-07-03T17:39:39.802+0000] {processor.py:183} INFO - Processing /home/airflow/.local/lib/python3.8/site-packages/airflow/example_dags/example_params_ui_tutorial.py took 0.818 seconds
[2025-07-03T17:40:09.885+0000] {processor.py:161} INFO - Started process (PID=768) to work on /home/airflow/.local/lib/python3.8/site-packages/airflow/example_dags/example_params_ui_tutorial.py
[2025-07-03T17:40:09.886+0000] {processor.py:830} INFO - Processing file /home/airflow/.local/lib/python3.8/site-packages/airflow/example_dags/example_params_ui_tutorial.py for tasks to queue
[2025-07-03T17:40:09.889+0000] {logging_mixin.py:188} INFO - [2025-07-03T17:40:09.888+0000] {dagbag.py:538} INFO - Filling up the DagBag from /home/airflow/.local/lib/python3.8/site-packages/airflow/example_dags/example_params_ui_tutorial.py
[2025-07-03T17:40:09.911+0000] {processor.py:840} INFO - DAG(s) 'example_params_ui_tutorial' retrieved from /home/airflow/.local/lib/python3.8/site-packages/airflow/example_dags/example_params_ui_tutorial.py
[2025-07-03T17:40:10.058+0000] {logging_mixin.py:188} INFO - [2025-07-03T17:40:10.057+0000] {dag.py:3036} INFO - Sync 1 DAGs
[2025-07-03T17:40:10.081+0000] {logging_mixin.py:188} INFO - [2025-07-03T17:40:10.080+0000] {dag.py:3823} INFO - Setting next_dagrun for example_params_ui_tutorial to None, run_after=None
[2025-07-03T17:40:10.111+0000] {processor.py:183} INFO - Processing /home/airflow/.local/lib/python3.8/site-packages/airflow/example_dags/example_params_ui_tutorial.py took 0.230 seconds
[2025-07-03T17:40:40.309+0000] {processor.py:161} INFO - Started process (PID=834) to work on /home/airflow/.local/lib/python3.8/site-packages/airflow/example_dags/example_params_ui_tutorial.py
[2025-07-03T17:40:40.310+0000] {processor.py:830} INFO - Processing file /home/airflow/.local/lib/python3.8/site-packages/airflow/example_dags/example_params_ui_tutorial.py for tasks to queue
[2025-07-03T17:40:40.313+0000] {logging_mixin.py:188} INFO - [2025-07-03T17:40:40.312+0000] {dagbag.py:538} INFO - Filling up the DagBag from /home/airflow/.local/lib/python3.8/site-packages/airflow/example_dags/example_params_ui_tutorial.py
[2025-07-03T17:40:40.336+0000] {processor.py:840} INFO - DAG(s) 'example_params_ui_tutorial' retrieved from /home/airflow/.local/lib/python3.8/site-packages/airflow/example_dags/example_params_ui_tutorial.py
[2025-07-03T17:40:40.469+0000] {logging_mixin.py:188} INFO - [2025-07-03T17:40:40.469+0000] {dag.py:3036} INFO - Sync 1 DAGs
[2025-07-03T17:40:40.495+0000] {logging_mixin.py:188} INFO - [2025-07-03T17:40:40.495+0000] {dag.py:3823} INFO - Setting next_dagrun for example_params_ui_tutorial to None, run_after=None
[2025-07-03T17:40:40.532+0000] {processor.py:183} INFO - Processing /home/airflow/.local/lib/python3.8/site-packages/airflow/example_dags/example_params_ui_tutorial.py took 0.228 seconds
[2025-07-03T17:41:10.907+0000] {processor.py:161} INFO - Started process (PID=898) to work on /home/airflow/.local/lib/python3.8/site-packages/airflow/example_dags/example_params_ui_tutorial.py
[2025-07-03T17:41:10.910+0000] {processor.py:830} INFO - Processing file /home/airflow/.local/lib/python3.8/site-packages/airflow/example_dags/example_params_ui_tutorial.py for tasks to queue
[2025-07-03T17:41:10.914+0000] {logging_mixin.py:188} INFO - [2025-07-03T17:41:10.914+0000] {dagbag.py:538} INFO - Filling up the DagBag from /home/airflow/.local/lib/python3.8/site-packages/airflow/example_dags/example_params_ui_tutorial.py
[2025-07-03T17:41:10.955+0000] {processor.py:840} INFO - DAG(s) 'example_params_ui_tutorial' retrieved from /home/airflow/.local/lib/python3.8/site-packages/airflow/example_dags/example_params_ui_tutorial.py
[2025-07-03T17:41:11.198+0000] {logging_mixin.py:188} INFO - [2025-07-03T17:41:11.197+0000] {dag.py:3036} INFO - Sync 1 DAGs
[2025-07-03T17:41:11.239+0000] {logging_mixin.py:188} INFO - [2025-07-03T17:41:11.238+0000] {dag.py:3823} INFO - Setting next_dagrun for example_params_ui_tutorial to None, run_after=None
[2025-07-03T17:41:11.302+0000] {processor.py:183} INFO - Processing /home/airflow/.local/lib/python3.8/site-packages/airflow/example_dags/example_params_ui_tutorial.py took 0.414 seconds
[2025-07-03T17:41:41.448+0000] {processor.py:161} INFO - Started process (PID=965) to work on /home/airflow/.local/lib/python3.8/site-packages/airflow/example_dags/example_params_ui_tutorial.py
[2025-07-03T17:41:41.450+0000] {processor.py:830} INFO - Processing file /home/airflow/.local/lib/python3.8/site-packages/airflow/example_dags/example_params_ui_tutorial.py for tasks to queue
[2025-07-03T17:41:41.452+0000] {logging_mixin.py:188} INFO - [2025-07-03T17:41:41.452+0000] {dagbag.py:538} INFO - Filling up the DagBag from /home/airflow/.local/lib/python3.8/site-packages/airflow/example_dags/example_params_ui_tutorial.py
[2025-07-03T17:41:41.519+0000] {processor.py:840} INFO - DAG(s) 'example_params_ui_tutorial' retrieved from /home/airflow/.local/lib/python3.8/site-packages/airflow/example_dags/example_params_ui_tutorial.py
[2025-07-03T17:41:41.768+0000] {logging_mixin.py:188} INFO - [2025-07-03T17:41:41.767+0000] {dag.py:3036} INFO - Sync 1 DAGs
[2025-07-03T17:41:41.802+0000] {logging_mixin.py:188} INFO - [2025-07-03T17:41:41.801+0000] {dag.py:3823} INFO - Setting next_dagrun for example_params_ui_tutorial to None, run_after=None
[2025-07-03T17:41:41.860+0000] {processor.py:183} INFO - Processing /home/airflow/.local/lib/python3.8/site-packages/airflow/example_dags/example_params_ui_tutorial.py took 0.429 seconds
[2025-07-03T17:42:12.076+0000] {processor.py:161} INFO - Started process (PID=1029) to work on /home/airflow/.local/lib/python3.8/site-packages/airflow/example_dags/example_params_ui_tutorial.py
[2025-07-03T17:42:12.078+0000] {processor.py:830} INFO - Processing file /home/airflow/.local/lib/python3.8/site-packages/airflow/example_dags/example_params_ui_tutorial.py for tasks to queue
[2025-07-03T17:42:12.081+0000] {logging_mixin.py:188} INFO - [2025-07-03T17:42:12.080+0000] {dagbag.py:538} INFO - Filling up the DagBag from /home/airflow/.local/lib/python3.8/site-packages/airflow/example_dags/example_params_ui_tutorial.py
[2025-07-03T17:42:12.103+0000] {processor.py:840} INFO - DAG(s) 'example_params_ui_tutorial' retrieved from /home/airflow/.local/lib/python3.8/site-packages/airflow/example_dags/example_params_ui_tutorial.py
[2025-07-03T17:42:12.235+0000] {logging_mixin.py:188} INFO - [2025-07-03T17:42:12.234+0000] {dag.py:3036} INFO - Sync 1 DAGs
[2025-07-03T17:42:12.258+0000] {logging_mixin.py:188} INFO - [2025-07-03T17:42:12.258+0000] {dag.py:3823} INFO - Setting next_dagrun for example_params_ui_tutorial to None, run_after=None
[2025-07-03T17:42:12.288+0000] {processor.py:183} INFO - Processing /home/airflow/.local/lib/python3.8/site-packages/airflow/example_dags/example_params_ui_tutorial.py took 0.216 seconds
[2025-07-03T17:42:42.320+0000] {processor.py:161} INFO - Started process (PID=1094) to work on /home/airflow/.local/lib/python3.8/site-packages/airflow/example_dags/example_params_ui_tutorial.py
[2025-07-03T17:42:42.322+0000] {processor.py:830} INFO - Processing file /home/airflow/.local/lib/python3.8/site-packages/airflow/example_dags/example_params_ui_tutorial.py for tasks to queue
[2025-07-03T17:42:42.325+0000] {logging_mixin.py:188} INFO - [2025-07-03T17:42:42.324+0000] {dagbag.py:538} INFO - Filling up the DagBag from /home/airflow/.local/lib/python3.8/site-packages/airflow/example_dags/example_params_ui_tutorial.py
[2025-07-03T17:42:42.346+0000] {processor.py:840} INFO - DAG(s) 'example_params_ui_tutorial' retrieved from /home/airflow/.local/lib/python3.8/site-packages/airflow/example_dags/example_params_ui_tutorial.py
[2025-07-03T17:42:42.481+0000] {logging_mixin.py:188} INFO - [2025-07-03T17:42:42.481+0000] {dag.py:3036} INFO - Sync 1 DAGs
[2025-07-03T17:42:42.503+0000] {logging_mixin.py:188} INFO - [2025-07-03T17:42:42.503+0000] {dag.py:3823} INFO - Setting next_dagrun for example_params_ui_tutorial to None, run_after=None
[2025-07-03T17:42:42.532+0000] {processor.py:183} INFO - Processing /home/airflow/.local/lib/python3.8/site-packages/airflow/example_dags/example_params_ui_tutorial.py took 0.216 seconds
[2025-07-03T17:43:13.411+0000] {processor.py:161} INFO - Started process (PID=1167) to work on /home/airflow/.local/lib/python3.8/site-packages/airflow/example_dags/example_params_ui_tutorial.py
[2025-07-03T17:43:13.417+0000] {processor.py:830} INFO - Processing file /home/airflow/.local/lib/python3.8/site-packages/airflow/example_dags/example_params_ui_tutorial.py for tasks to queue
[2025-07-03T17:43:13.421+0000] {logging_mixin.py:188} INFO - [2025-07-03T17:43:13.420+0000] {dagbag.py:538} INFO - Filling up the DagBag from /home/airflow/.local/lib/python3.8/site-packages/airflow/example_dags/example_params_ui_tutorial.py
[2025-07-03T17:43:13.446+0000] {processor.py:840} INFO - DAG(s) 'example_params_ui_tutorial' retrieved from /home/airflow/.local/lib/python3.8/site-packages/airflow/example_dags/example_params_ui_tutorial.py
[2025-07-03T17:43:13.607+0000] {logging_mixin.py:188} INFO - [2025-07-03T17:43:13.606+0000] {dag.py:3036} INFO - Sync 1 DAGs
[2025-07-03T17:43:13.640+0000] {logging_mixin.py:188} INFO - [2025-07-03T17:43:13.640+0000] {dag.py:3823} INFO - Setting next_dagrun for example_params_ui_tutorial to None, run_after=None
[2025-07-03T17:43:13.689+0000] {processor.py:183} INFO - Processing /home/airflow/.local/lib/python3.8/site-packages/airflow/example_dags/example_params_ui_tutorial.py took 0.285 seconds
[2025-07-03T17:43:43.983+0000] {processor.py:161} INFO - Started process (PID=1233) to work on /home/airflow/.local/lib/python3.8/site-packages/airflow/example_dags/example_params_ui_tutorial.py
[2025-07-03T17:43:43.993+0000] {processor.py:830} INFO - Processing file /home/airflow/.local/lib/python3.8/site-packages/airflow/example_dags/example_params_ui_tutorial.py for tasks to queue
[2025-07-03T17:43:43.996+0000] {logging_mixin.py:188} INFO - [2025-07-03T17:43:43.996+0000] {dagbag.py:538} INFO - Filling up the DagBag from /home/airflow/.local/lib/python3.8/site-packages/airflow/example_dags/example_params_ui_tutorial.py
[2025-07-03T17:43:44.038+0000] {processor.py:840} INFO - DAG(s) 'example_params_ui_tutorial' retrieved from /home/airflow/.local/lib/python3.8/site-packages/airflow/example_dags/example_params_ui_tutorial.py
[2025-07-03T17:43:44.258+0000] {logging_mixin.py:188} INFO - [2025-07-03T17:43:44.257+0000] {dag.py:3036} INFO - Sync 1 DAGs
[2025-07-03T17:43:44.301+0000] {logging_mixin.py:188} INFO - [2025-07-03T17:43:44.301+0000] {dag.py:3823} INFO - Setting next_dagrun for example_params_ui_tutorial to None, run_after=None
[2025-07-03T17:43:44.333+0000] {processor.py:183} INFO - Processing /home/airflow/.local/lib/python3.8/site-packages/airflow/example_dags/example_params_ui_tutorial.py took 0.355 seconds
[2025-07-03T17:44:14.617+0000] {processor.py:161} INFO - Started process (PID=1298) to work on /home/airflow/.local/lib/python3.8/site-packages/airflow/example_dags/example_params_ui_tutorial.py
[2025-07-03T17:44:14.619+0000] {processor.py:830} INFO - Processing file /home/airflow/.local/lib/python3.8/site-packages/airflow/example_dags/example_params_ui_tutorial.py for tasks to queue
[2025-07-03T17:44:14.621+0000] {logging_mixin.py:188} INFO - [2025-07-03T17:44:14.621+0000] {dagbag.py:538} INFO - Filling up the DagBag from /home/airflow/.local/lib/python3.8/site-packages/airflow/example_dags/example_params_ui_tutorial.py
[2025-07-03T17:44:14.648+0000] {processor.py:840} INFO - DAG(s) 'example_params_ui_tutorial' retrieved from /home/airflow/.local/lib/python3.8/site-packages/airflow/example_dags/example_params_ui_tutorial.py
[2025-07-03T17:44:14.882+0000] {logging_mixin.py:188} INFO - [2025-07-03T17:44:14.882+0000] {dag.py:3036} INFO - Sync 1 DAGs
[2025-07-03T17:44:14.906+0000] {logging_mixin.py:188} INFO - [2025-07-03T17:44:14.905+0000] {dag.py:3823} INFO - Setting next_dagrun for example_params_ui_tutorial to None, run_after=None
[2025-07-03T17:44:14.958+0000] {processor.py:183} INFO - Processing /home/airflow/.local/lib/python3.8/site-packages/airflow/example_dags/example_params_ui_tutorial.py took 0.353 seconds
[2025-07-03T17:44:45.126+0000] {processor.py:161} INFO - Started process (PID=1363) to work on /home/airflow/.local/lib/python3.8/site-packages/airflow/example_dags/example_params_ui_tutorial.py
[2025-07-03T17:44:45.133+0000] {processor.py:830} INFO - Processing file /home/airflow/.local/lib/python3.8/site-packages/airflow/example_dags/example_params_ui_tutorial.py for tasks to queue
[2025-07-03T17:44:45.142+0000] {logging_mixin.py:188} INFO - [2025-07-03T17:44:45.141+0000] {dagbag.py:538} INFO - Filling up the DagBag from /home/airflow/.local/lib/python3.8/site-packages/airflow/example_dags/example_params_ui_tutorial.py
[2025-07-03T17:44:45.198+0000] {processor.py:840} INFO - DAG(s) 'example_params_ui_tutorial' retrieved from /home/airflow/.local/lib/python3.8/site-packages/airflow/example_dags/example_params_ui_tutorial.py
[2025-07-03T17:44:45.578+0000] {logging_mixin.py:188} INFO - [2025-07-03T17:44:45.577+0000] {dag.py:3036} INFO - Sync 1 DAGs
[2025-07-03T17:44:45.652+0000] {logging_mixin.py:188} INFO - [2025-07-03T17:44:45.651+0000] {dag.py:3823} INFO - Setting next_dagrun for example_params_ui_tutorial to None, run_after=None
[2025-07-03T17:44:45.732+0000] {processor.py:183} INFO - Processing /home/airflow/.local/lib/python3.8/site-packages/airflow/example_dags/example_params_ui_tutorial.py took 0.619 seconds
[2025-07-03T17:45:15.902+0000] {processor.py:161} INFO - Started process (PID=1428) to work on /home/airflow/.local/lib/python3.8/site-packages/airflow/example_dags/example_params_ui_tutorial.py
[2025-07-03T17:45:15.903+0000] {processor.py:830} INFO - Processing file /home/airflow/.local/lib/python3.8/site-packages/airflow/example_dags/example_params_ui_tutorial.py for tasks to queue
[2025-07-03T17:45:15.913+0000] {logging_mixin.py:188} INFO - [2025-07-03T17:45:15.912+0000] {dagbag.py:538} INFO - Filling up the DagBag from /home/airflow/.local/lib/python3.8/site-packages/airflow/example_dags/example_params_ui_tutorial.py
[2025-07-03T17:45:15.949+0000] {processor.py:840} INFO - DAG(s) 'example_params_ui_tutorial' retrieved from /home/airflow/.local/lib/python3.8/site-packages/airflow/example_dags/example_params_ui_tutorial.py
[2025-07-03T17:45:16.234+0000] {logging_mixin.py:188} INFO - [2025-07-03T17:45:16.233+0000] {dag.py:3036} INFO - Sync 1 DAGs
[2025-07-03T17:45:16.277+0000] {logging_mixin.py:188} INFO - [2025-07-03T17:45:16.276+0000] {dag.py:3823} INFO - Setting next_dagrun for example_params_ui_tutorial to None, run_after=None
[2025-07-03T17:45:16.338+0000] {processor.py:183} INFO - Processing /home/airflow/.local/lib/python3.8/site-packages/airflow/example_dags/example_params_ui_tutorial.py took 0.441 seconds
[2025-07-03T17:45:46.708+0000] {processor.py:161} INFO - Started process (PID=1485) to work on /home/airflow/.local/lib/python3.8/site-packages/airflow/example_dags/example_params_ui_tutorial.py
[2025-07-03T17:45:46.709+0000] {processor.py:830} INFO - Processing file /home/airflow/.local/lib/python3.8/site-packages/airflow/example_dags/example_params_ui_tutorial.py for tasks to queue
[2025-07-03T17:45:46.712+0000] {logging_mixin.py:188} INFO - [2025-07-03T17:45:46.711+0000] {dagbag.py:538} INFO - Filling up the DagBag from /home/airflow/.local/lib/python3.8/site-packages/airflow/example_dags/example_params_ui_tutorial.py
[2025-07-03T17:45:46.731+0000] {processor.py:840} INFO - DAG(s) 'example_params_ui_tutorial' retrieved from /home/airflow/.local/lib/python3.8/site-packages/airflow/example_dags/example_params_ui_tutorial.py
[2025-07-03T17:45:46.860+0000] {logging_mixin.py:188} INFO - [2025-07-03T17:45:46.859+0000] {dag.py:3036} INFO - Sync 1 DAGs
[2025-07-03T17:45:46.882+0000] {logging_mixin.py:188} INFO - [2025-07-03T17:45:46.881+0000] {dag.py:3823} INFO - Setting next_dagrun for example_params_ui_tutorial to None, run_after=None
[2025-07-03T17:45:46.911+0000] {processor.py:183} INFO - Processing /home/airflow/.local/lib/python3.8/site-packages/airflow/example_dags/example_params_ui_tutorial.py took 0.208 seconds
[2025-07-03T17:46:16.949+0000] {processor.py:161} INFO - Started process (PID=1548) to work on /home/airflow/.local/lib/python3.8/site-packages/airflow/example_dags/example_params_ui_tutorial.py
[2025-07-03T17:46:16.951+0000] {processor.py:830} INFO - Processing file /home/airflow/.local/lib/python3.8/site-packages/airflow/example_dags/example_params_ui_tutorial.py for tasks to queue
[2025-07-03T17:46:16.953+0000] {logging_mixin.py:188} INFO - [2025-07-03T17:46:16.953+0000] {dagbag.py:538} INFO - Filling up the DagBag from /home/airflow/.local/lib/python3.8/site-packages/airflow/example_dags/example_params_ui_tutorial.py
[2025-07-03T17:46:16.974+0000] {processor.py:840} INFO - DAG(s) 'example_params_ui_tutorial' retrieved from /home/airflow/.local/lib/python3.8/site-packages/airflow/example_dags/example_params_ui_tutorial.py
[2025-07-03T17:46:17.105+0000] {logging_mixin.py:188} INFO - [2025-07-03T17:46:17.104+0000] {dag.py:3036} INFO - Sync 1 DAGs
[2025-07-03T17:46:17.129+0000] {logging_mixin.py:188} INFO - [2025-07-03T17:46:17.129+0000] {dag.py:3823} INFO - Setting next_dagrun for example_params_ui_tutorial to None, run_after=None
[2025-07-03T17:46:17.176+0000] {processor.py:183} INFO - Processing /home/airflow/.local/lib/python3.8/site-packages/airflow/example_dags/example_params_ui_tutorial.py took 0.232 seconds
[2025-07-03T17:46:47.572+0000] {processor.py:161} INFO - Started process (PID=1612) to work on /home/airflow/.local/lib/python3.8/site-packages/airflow/example_dags/example_params_ui_tutorial.py
[2025-07-03T17:46:47.577+0000] {processor.py:830} INFO - Processing file /home/airflow/.local/lib/python3.8/site-packages/airflow/example_dags/example_params_ui_tutorial.py for tasks to queue
[2025-07-03T17:46:47.585+0000] {logging_mixin.py:188} INFO - [2025-07-03T17:46:47.583+0000] {dagbag.py:538} INFO - Filling up the DagBag from /home/airflow/.local/lib/python3.8/site-packages/airflow/example_dags/example_params_ui_tutorial.py
[2025-07-03T17:46:47.624+0000] {processor.py:840} INFO - DAG(s) 'example_params_ui_tutorial' retrieved from /home/airflow/.local/lib/python3.8/site-packages/airflow/example_dags/example_params_ui_tutorial.py
[2025-07-03T17:46:47.907+0000] {logging_mixin.py:188} INFO - [2025-07-03T17:46:47.906+0000] {dag.py:3036} INFO - Sync 1 DAGs
[2025-07-03T17:46:47.939+0000] {logging_mixin.py:188} INFO - [2025-07-03T17:46:47.939+0000] {dag.py:3823} INFO - Setting next_dagrun for example_params_ui_tutorial to None, run_after=None
[2025-07-03T17:46:48.028+0000] {processor.py:183} INFO - Processing /home/airflow/.local/lib/python3.8/site-packages/airflow/example_dags/example_params_ui_tutorial.py took 0.463 seconds
[2025-07-03T17:47:18.188+0000] {processor.py:161} INFO - Started process (PID=1678) to work on /home/airflow/.local/lib/python3.8/site-packages/airflow/example_dags/example_params_ui_tutorial.py
[2025-07-03T17:47:18.189+0000] {processor.py:830} INFO - Processing file /home/airflow/.local/lib/python3.8/site-packages/airflow/example_dags/example_params_ui_tutorial.py for tasks to queue
[2025-07-03T17:47:18.192+0000] {logging_mixin.py:188} INFO - [2025-07-03T17:47:18.191+0000] {dagbag.py:538} INFO - Filling up the DagBag from /home/airflow/.local/lib/python3.8/site-packages/airflow/example_dags/example_params_ui_tutorial.py
[2025-07-03T17:47:18.238+0000] {processor.py:840} INFO - DAG(s) 'example_params_ui_tutorial' retrieved from /home/airflow/.local/lib/python3.8/site-packages/airflow/example_dags/example_params_ui_tutorial.py
[2025-07-03T17:47:18.586+0000] {logging_mixin.py:188} INFO - [2025-07-03T17:47:18.585+0000] {dag.py:3036} INFO - Sync 1 DAGs
[2025-07-03T17:47:18.640+0000] {logging_mixin.py:188} INFO - [2025-07-03T17:47:18.639+0000] {dag.py:3823} INFO - Setting next_dagrun for example_params_ui_tutorial to None, run_after=None
[2025-07-03T17:47:18.708+0000] {processor.py:183} INFO - Processing /home/airflow/.local/lib/python3.8/site-packages/airflow/example_dags/example_params_ui_tutorial.py took 0.525 seconds
[2025-07-03T17:47:49.328+0000] {processor.py:161} INFO - Started process (PID=1750) to work on /home/airflow/.local/lib/python3.8/site-packages/airflow/example_dags/example_params_ui_tutorial.py
[2025-07-03T17:47:49.335+0000] {processor.py:830} INFO - Processing file /home/airflow/.local/lib/python3.8/site-packages/airflow/example_dags/example_params_ui_tutorial.py for tasks to queue
[2025-07-03T17:47:49.338+0000] {logging_mixin.py:188} INFO - [2025-07-03T17:47:49.338+0000] {dagbag.py:538} INFO - Filling up the DagBag from /home/airflow/.local/lib/python3.8/site-packages/airflow/example_dags/example_params_ui_tutorial.py
[2025-07-03T17:47:49.375+0000] {processor.py:840} INFO - DAG(s) 'example_params_ui_tutorial' retrieved from /home/airflow/.local/lib/python3.8/site-packages/airflow/example_dags/example_params_ui_tutorial.py
[2025-07-03T17:47:49.625+0000] {logging_mixin.py:188} INFO - [2025-07-03T17:47:49.624+0000] {dag.py:3036} INFO - Sync 1 DAGs
[2025-07-03T17:47:49.655+0000] {logging_mixin.py:188} INFO - [2025-07-03T17:47:49.655+0000] {dag.py:3823} INFO - Setting next_dagrun for example_params_ui_tutorial to None, run_after=None
[2025-07-03T17:47:49.720+0000] {processor.py:183} INFO - Processing /home/airflow/.local/lib/python3.8/site-packages/airflow/example_dags/example_params_ui_tutorial.py took 0.398 seconds
[2025-07-03T17:48:19.886+0000] {processor.py:161} INFO - Started process (PID=1816) to work on /home/airflow/.local/lib/python3.8/site-packages/airflow/example_dags/example_params_ui_tutorial.py
[2025-07-03T17:48:19.892+0000] {processor.py:830} INFO - Processing file /home/airflow/.local/lib/python3.8/site-packages/airflow/example_dags/example_params_ui_tutorial.py for tasks to queue
[2025-07-03T17:48:19.895+0000] {logging_mixin.py:188} INFO - [2025-07-03T17:48:19.894+0000] {dagbag.py:538} INFO - Filling up the DagBag from /home/airflow/.local/lib/python3.8/site-packages/airflow/example_dags/example_params_ui_tutorial.py
[2025-07-03T17:48:19.935+0000] {processor.py:840} INFO - DAG(s) 'example_params_ui_tutorial' retrieved from /home/airflow/.local/lib/python3.8/site-packages/airflow/example_dags/example_params_ui_tutorial.py
[2025-07-03T17:48:20.175+0000] {logging_mixin.py:188} INFO - [2025-07-03T17:48:20.175+0000] {dag.py:3036} INFO - Sync 1 DAGs
[2025-07-03T17:48:20.198+0000] {logging_mixin.py:188} INFO - [2025-07-03T17:48:20.197+0000] {dag.py:3823} INFO - Setting next_dagrun for example_params_ui_tutorial to None, run_after=None
[2025-07-03T17:48:20.238+0000] {processor.py:183} INFO - Processing /home/airflow/.local/lib/python3.8/site-packages/airflow/example_dags/example_params_ui_tutorial.py took 0.355 seconds
[2025-07-03T17:48:50.560+0000] {processor.py:161} INFO - Started process (PID=1882) to work on /home/airflow/.local/lib/python3.8/site-packages/airflow/example_dags/example_params_ui_tutorial.py
[2025-07-03T17:48:50.562+0000] {processor.py:830} INFO - Processing file /home/airflow/.local/lib/python3.8/site-packages/airflow/example_dags/example_params_ui_tutorial.py for tasks to queue
[2025-07-03T17:48:50.565+0000] {logging_mixin.py:188} INFO - [2025-07-03T17:48:50.564+0000] {dagbag.py:538} INFO - Filling up the DagBag from /home/airflow/.local/lib/python3.8/site-packages/airflow/example_dags/example_params_ui_tutorial.py
[2025-07-03T17:48:50.605+0000] {processor.py:840} INFO - DAG(s) 'example_params_ui_tutorial' retrieved from /home/airflow/.local/lib/python3.8/site-packages/airflow/example_dags/example_params_ui_tutorial.py
[2025-07-03T17:48:50.814+0000] {logging_mixin.py:188} INFO - [2025-07-03T17:48:50.813+0000] {dag.py:3036} INFO - Sync 1 DAGs
[2025-07-03T17:48:50.856+0000] {logging_mixin.py:188} INFO - [2025-07-03T17:48:50.855+0000] {dag.py:3823} INFO - Setting next_dagrun for example_params_ui_tutorial to None, run_after=None
[2025-07-03T17:48:50.919+0000] {processor.py:183} INFO - Processing /home/airflow/.local/lib/python3.8/site-packages/airflow/example_dags/example_params_ui_tutorial.py took 0.371 seconds
[2025-07-03T17:49:21.232+0000] {processor.py:161} INFO - Started process (PID=1947) to work on /home/airflow/.local/lib/python3.8/site-packages/airflow/example_dags/example_params_ui_tutorial.py
[2025-07-03T17:49:21.237+0000] {processor.py:830} INFO - Processing file /home/airflow/.local/lib/python3.8/site-packages/airflow/example_dags/example_params_ui_tutorial.py for tasks to queue
[2025-07-03T17:49:21.240+0000] {logging_mixin.py:188} INFO - [2025-07-03T17:49:21.239+0000] {dagbag.py:538} INFO - Filling up the DagBag from /home/airflow/.local/lib/python3.8/site-packages/airflow/example_dags/example_params_ui_tutorial.py
[2025-07-03T17:49:21.282+0000] {processor.py:840} INFO - DAG(s) 'example_params_ui_tutorial' retrieved from /home/airflow/.local/lib/python3.8/site-packages/airflow/example_dags/example_params_ui_tutorial.py
[2025-07-03T17:49:21.573+0000] {logging_mixin.py:188} INFO - [2025-07-03T17:49:21.563+0000] {dag.py:3036} INFO - Sync 1 DAGs
[2025-07-03T17:49:21.611+0000] {logging_mixin.py:188} INFO - [2025-07-03T17:49:21.610+0000] {dag.py:3823} INFO - Setting next_dagrun for example_params_ui_tutorial to None, run_after=None
[2025-07-03T17:49:21.643+0000] {processor.py:183} INFO - Processing /home/airflow/.local/lib/python3.8/site-packages/airflow/example_dags/example_params_ui_tutorial.py took 0.419 seconds
[2025-07-03T17:49:51.910+0000] {processor.py:161} INFO - Started process (PID=2013) to work on /home/airflow/.local/lib/python3.8/site-packages/airflow/example_dags/example_params_ui_tutorial.py
[2025-07-03T17:49:51.917+0000] {processor.py:830} INFO - Processing file /home/airflow/.local/lib/python3.8/site-packages/airflow/example_dags/example_params_ui_tutorial.py for tasks to queue
[2025-07-03T17:49:51.920+0000] {logging_mixin.py:188} INFO - [2025-07-03T17:49:51.919+0000] {dagbag.py:538} INFO - Filling up the DagBag from /home/airflow/.local/lib/python3.8/site-packages/airflow/example_dags/example_params_ui_tutorial.py
[2025-07-03T17:49:51.985+0000] {processor.py:840} INFO - DAG(s) 'example_params_ui_tutorial' retrieved from /home/airflow/.local/lib/python3.8/site-packages/airflow/example_dags/example_params_ui_tutorial.py
[2025-07-03T17:49:52.187+0000] {logging_mixin.py:188} INFO - [2025-07-03T17:49:52.187+0000] {dag.py:3036} INFO - Sync 1 DAGs
[2025-07-03T17:49:52.214+0000] {logging_mixin.py:188} INFO - [2025-07-03T17:49:52.214+0000] {dag.py:3823} INFO - Setting next_dagrun for example_params_ui_tutorial to None, run_after=None
[2025-07-03T17:49:52.244+0000] {processor.py:183} INFO - Processing /home/airflow/.local/lib/python3.8/site-packages/airflow/example_dags/example_params_ui_tutorial.py took 0.351 seconds
[2025-07-03T17:50:22.544+0000] {processor.py:161} INFO - Started process (PID=2079) to work on /home/airflow/.local/lib/python3.8/site-packages/airflow/example_dags/example_params_ui_tutorial.py
[2025-07-03T17:50:22.546+0000] {processor.py:830} INFO - Processing file /home/airflow/.local/lib/python3.8/site-packages/airflow/example_dags/example_params_ui_tutorial.py for tasks to queue
[2025-07-03T17:50:22.548+0000] {logging_mixin.py:188} INFO - [2025-07-03T17:50:22.548+0000] {dagbag.py:538} INFO - Filling up the DagBag from /home/airflow/.local/lib/python3.8/site-packages/airflow/example_dags/example_params_ui_tutorial.py
[2025-07-03T17:50:22.568+0000] {processor.py:840} INFO - DAG(s) 'example_params_ui_tutorial' retrieved from /home/airflow/.local/lib/python3.8/site-packages/airflow/example_dags/example_params_ui_tutorial.py
[2025-07-03T17:50:22.707+0000] {logging_mixin.py:188} INFO - [2025-07-03T17:50:22.705+0000] {dag.py:3036} INFO - Sync 1 DAGs
[2025-07-03T17:50:22.729+0000] {logging_mixin.py:188} INFO - [2025-07-03T17:50:22.728+0000] {dag.py:3823} INFO - Setting next_dagrun for example_params_ui_tutorial to None, run_after=None
[2025-07-03T17:50:22.759+0000] {processor.py:183} INFO - Processing /home/airflow/.local/lib/python3.8/site-packages/airflow/example_dags/example_params_ui_tutorial.py took 0.219 seconds
[2025-07-03T17:50:53.243+0000] {processor.py:161} INFO - Started process (PID=2142) to work on /home/airflow/.local/lib/python3.8/site-packages/airflow/example_dags/example_params_ui_tutorial.py
[2025-07-03T17:50:53.253+0000] {processor.py:830} INFO - Processing file /home/airflow/.local/lib/python3.8/site-packages/airflow/example_dags/example_params_ui_tutorial.py for tasks to queue
[2025-07-03T17:50:53.255+0000] {logging_mixin.py:188} INFO - [2025-07-03T17:50:53.255+0000] {dagbag.py:538} INFO - Filling up the DagBag from /home/airflow/.local/lib/python3.8/site-packages/airflow/example_dags/example_params_ui_tutorial.py
[2025-07-03T17:50:53.286+0000] {processor.py:840} INFO - DAG(s) 'example_params_ui_tutorial' retrieved from /home/airflow/.local/lib/python3.8/site-packages/airflow/example_dags/example_params_ui_tutorial.py
[2025-07-03T17:50:53.543+0000] {logging_mixin.py:188} INFO - [2025-07-03T17:50:53.543+0000] {dag.py:3036} INFO - Sync 1 DAGs
[2025-07-03T17:50:53.582+0000] {logging_mixin.py:188} INFO - [2025-07-03T17:50:53.581+0000] {dag.py:3823} INFO - Setting next_dagrun for example_params_ui_tutorial to None, run_after=None
[2025-07-03T17:50:53.636+0000] {processor.py:183} INFO - Processing /home/airflow/.local/lib/python3.8/site-packages/airflow/example_dags/example_params_ui_tutorial.py took 0.404 seconds
[2025-07-03T17:51:23.784+0000] {processor.py:161} INFO - Started process (PID=2208) to work on /home/airflow/.local/lib/python3.8/site-packages/airflow/example_dags/example_params_ui_tutorial.py
[2025-07-03T17:51:23.792+0000] {processor.py:830} INFO - Processing file /home/airflow/.local/lib/python3.8/site-packages/airflow/example_dags/example_params_ui_tutorial.py for tasks to queue
[2025-07-03T17:51:23.797+0000] {logging_mixin.py:188} INFO - [2025-07-03T17:51:23.797+0000] {dagbag.py:538} INFO - Filling up the DagBag from /home/airflow/.local/lib/python3.8/site-packages/airflow/example_dags/example_params_ui_tutorial.py
[2025-07-03T17:51:23.857+0000] {processor.py:840} INFO - DAG(s) 'example_params_ui_tutorial' retrieved from /home/airflow/.local/lib/python3.8/site-packages/airflow/example_dags/example_params_ui_tutorial.py
[2025-07-03T17:51:24.024+0000] {logging_mixin.py:188} INFO - [2025-07-03T17:51:24.024+0000] {dag.py:3036} INFO - Sync 1 DAGs
[2025-07-03T17:51:24.070+0000] {logging_mixin.py:188} INFO - [2025-07-03T17:51:24.069+0000] {dag.py:3823} INFO - Setting next_dagrun for example_params_ui_tutorial to None, run_after=None
[2025-07-03T17:51:24.137+0000] {processor.py:183} INFO - Processing /home/airflow/.local/lib/python3.8/site-packages/airflow/example_dags/example_params_ui_tutorial.py took 0.363 seconds
[2025-07-03T17:51:54.562+0000] {processor.py:161} INFO - Started process (PID=2272) to work on /home/airflow/.local/lib/python3.8/site-packages/airflow/example_dags/example_params_ui_tutorial.py
[2025-07-03T17:51:54.564+0000] {processor.py:830} INFO - Processing file /home/airflow/.local/lib/python3.8/site-packages/airflow/example_dags/example_params_ui_tutorial.py for tasks to queue
[2025-07-03T17:51:54.567+0000] {logging_mixin.py:188} INFO - [2025-07-03T17:51:54.567+0000] {dagbag.py:538} INFO - Filling up the DagBag from /home/airflow/.local/lib/python3.8/site-packages/airflow/example_dags/example_params_ui_tutorial.py
[2025-07-03T17:51:54.589+0000] {processor.py:840} INFO - DAG(s) 'example_params_ui_tutorial' retrieved from /home/airflow/.local/lib/python3.8/site-packages/airflow/example_dags/example_params_ui_tutorial.py
[2025-07-03T17:51:54.729+0000] {logging_mixin.py:188} INFO - [2025-07-03T17:51:54.729+0000] {dag.py:3036} INFO - Sync 1 DAGs
[2025-07-03T17:51:54.753+0000] {logging_mixin.py:188} INFO - [2025-07-03T17:51:54.752+0000] {dag.py:3823} INFO - Setting next_dagrun for example_params_ui_tutorial to None, run_after=None
[2025-07-03T17:51:54.806+0000] {processor.py:183} INFO - Processing /home/airflow/.local/lib/python3.8/site-packages/airflow/example_dags/example_params_ui_tutorial.py took 0.249 seconds
[2025-07-03T17:52:25.100+0000] {processor.py:161} INFO - Started process (PID=2338) to work on /home/airflow/.local/lib/python3.8/site-packages/airflow/example_dags/example_params_ui_tutorial.py
[2025-07-03T17:52:25.101+0000] {processor.py:830} INFO - Processing file /home/airflow/.local/lib/python3.8/site-packages/airflow/example_dags/example_params_ui_tutorial.py for tasks to queue
[2025-07-03T17:52:25.105+0000] {logging_mixin.py:188} INFO - [2025-07-03T17:52:25.104+0000] {dagbag.py:538} INFO - Filling up the DagBag from /home/airflow/.local/lib/python3.8/site-packages/airflow/example_dags/example_params_ui_tutorial.py
[2025-07-03T17:52:25.126+0000] {processor.py:840} INFO - DAG(s) 'example_params_ui_tutorial' retrieved from /home/airflow/.local/lib/python3.8/site-packages/airflow/example_dags/example_params_ui_tutorial.py
[2025-07-03T17:52:25.277+0000] {logging_mixin.py:188} INFO - [2025-07-03T17:52:25.276+0000] {dag.py:3036} INFO - Sync 1 DAGs
[2025-07-03T17:52:25.300+0000] {logging_mixin.py:188} INFO - [2025-07-03T17:52:25.300+0000] {dag.py:3823} INFO - Setting next_dagrun for example_params_ui_tutorial to None, run_after=None
[2025-07-03T17:52:25.331+0000] {processor.py:183} INFO - Processing /home/airflow/.local/lib/python3.8/site-packages/airflow/example_dags/example_params_ui_tutorial.py took 0.237 seconds
[2025-07-03T17:52:55.990+0000] {processor.py:161} INFO - Started process (PID=2404) to work on /home/airflow/.local/lib/python3.8/site-packages/airflow/example_dags/example_params_ui_tutorial.py
[2025-07-03T17:52:55.992+0000] {processor.py:830} INFO - Processing file /home/airflow/.local/lib/python3.8/site-packages/airflow/example_dags/example_params_ui_tutorial.py for tasks to queue
[2025-07-03T17:52:55.995+0000] {logging_mixin.py:188} INFO - [2025-07-03T17:52:55.995+0000] {dagbag.py:538} INFO - Filling up the DagBag from /home/airflow/.local/lib/python3.8/site-packages/airflow/example_dags/example_params_ui_tutorial.py
[2025-07-03T17:52:56.044+0000] {processor.py:840} INFO - DAG(s) 'example_params_ui_tutorial' retrieved from /home/airflow/.local/lib/python3.8/site-packages/airflow/example_dags/example_params_ui_tutorial.py
[2025-07-03T17:52:56.226+0000] {logging_mixin.py:188} INFO - [2025-07-03T17:52:56.225+0000] {dag.py:3036} INFO - Sync 1 DAGs
[2025-07-03T17:52:56.249+0000] {logging_mixin.py:188} INFO - [2025-07-03T17:52:56.249+0000] {dag.py:3823} INFO - Setting next_dagrun for example_params_ui_tutorial to None, run_after=None
[2025-07-03T17:52:56.286+0000] {processor.py:183} INFO - Processing /home/airflow/.local/lib/python3.8/site-packages/airflow/example_dags/example_params_ui_tutorial.py took 0.300 seconds
[2025-07-03T17:53:26.791+0000] {processor.py:161} INFO - Started process (PID=2470) to work on /home/airflow/.local/lib/python3.8/site-packages/airflow/example_dags/example_params_ui_tutorial.py
[2025-07-03T17:53:26.792+0000] {processor.py:830} INFO - Processing file /home/airflow/.local/lib/python3.8/site-packages/airflow/example_dags/example_params_ui_tutorial.py for tasks to queue
[2025-07-03T17:53:26.795+0000] {logging_mixin.py:188} INFO - [2025-07-03T17:53:26.794+0000] {dagbag.py:538} INFO - Filling up the DagBag from /home/airflow/.local/lib/python3.8/site-packages/airflow/example_dags/example_params_ui_tutorial.py
[2025-07-03T17:53:26.832+0000] {processor.py:840} INFO - DAG(s) 'example_params_ui_tutorial' retrieved from /home/airflow/.local/lib/python3.8/site-packages/airflow/example_dags/example_params_ui_tutorial.py
[2025-07-03T17:53:27.114+0000] {logging_mixin.py:188} INFO - [2025-07-03T17:53:27.114+0000] {dag.py:3036} INFO - Sync 1 DAGs
[2025-07-03T17:53:27.166+0000] {logging_mixin.py:188} INFO - [2025-07-03T17:53:27.166+0000] {dag.py:3823} INFO - Setting next_dagrun for example_params_ui_tutorial to None, run_after=None
[2025-07-03T17:53:27.228+0000] {processor.py:183} INFO - Processing /home/airflow/.local/lib/python3.8/site-packages/airflow/example_dags/example_params_ui_tutorial.py took 0.447 seconds
[2025-07-03T17:53:57.386+0000] {processor.py:161} INFO - Started process (PID=2536) to work on /home/airflow/.local/lib/python3.8/site-packages/airflow/example_dags/example_params_ui_tutorial.py
[2025-07-03T17:53:57.391+0000] {processor.py:830} INFO - Processing file /home/airflow/.local/lib/python3.8/site-packages/airflow/example_dags/example_params_ui_tutorial.py for tasks to queue
[2025-07-03T17:53:57.403+0000] {logging_mixin.py:188} INFO - [2025-07-03T17:53:57.403+0000] {dagbag.py:538} INFO - Filling up the DagBag from /home/airflow/.local/lib/python3.8/site-packages/airflow/example_dags/example_params_ui_tutorial.py
[2025-07-03T17:53:57.460+0000] {processor.py:840} INFO - DAG(s) 'example_params_ui_tutorial' retrieved from /home/airflow/.local/lib/python3.8/site-packages/airflow/example_dags/example_params_ui_tutorial.py
[2025-07-03T17:53:57.754+0000] {logging_mixin.py:188} INFO - [2025-07-03T17:53:57.753+0000] {dag.py:3036} INFO - Sync 1 DAGs
[2025-07-03T17:53:57.810+0000] {logging_mixin.py:188} INFO - [2025-07-03T17:53:57.809+0000] {dag.py:3823} INFO - Setting next_dagrun for example_params_ui_tutorial to None, run_after=None
[2025-07-03T17:53:57.853+0000] {processor.py:183} INFO - Processing /home/airflow/.local/lib/python3.8/site-packages/airflow/example_dags/example_params_ui_tutorial.py took 0.472 seconds
[2025-07-03T17:54:27.993+0000] {processor.py:161} INFO - Started process (PID=2601) to work on /home/airflow/.local/lib/python3.8/site-packages/airflow/example_dags/example_params_ui_tutorial.py
[2025-07-03T17:54:27.997+0000] {processor.py:830} INFO - Processing file /home/airflow/.local/lib/python3.8/site-packages/airflow/example_dags/example_params_ui_tutorial.py for tasks to queue
[2025-07-03T17:54:28.002+0000] {logging_mixin.py:188} INFO - [2025-07-03T17:54:28.002+0000] {dagbag.py:538} INFO - Filling up the DagBag from /home/airflow/.local/lib/python3.8/site-packages/airflow/example_dags/example_params_ui_tutorial.py
[2025-07-03T17:54:28.037+0000] {processor.py:840} INFO - DAG(s) 'example_params_ui_tutorial' retrieved from /home/airflow/.local/lib/python3.8/site-packages/airflow/example_dags/example_params_ui_tutorial.py
[2025-07-03T17:54:28.264+0000] {logging_mixin.py:188} INFO - [2025-07-03T17:54:28.263+0000] {dag.py:3036} INFO - Sync 1 DAGs
[2025-07-03T17:54:28.291+0000] {logging_mixin.py:188} INFO - [2025-07-03T17:54:28.290+0000] {dag.py:3823} INFO - Setting next_dagrun for example_params_ui_tutorial to None, run_after=None
[2025-07-03T17:54:28.321+0000] {processor.py:183} INFO - Processing /home/airflow/.local/lib/python3.8/site-packages/airflow/example_dags/example_params_ui_tutorial.py took 0.337 seconds
[2025-07-03T17:54:58.928+0000] {processor.py:161} INFO - Started process (PID=2664) to work on /home/airflow/.local/lib/python3.8/site-packages/airflow/example_dags/example_params_ui_tutorial.py
[2025-07-03T17:54:58.943+0000] {processor.py:830} INFO - Processing file /home/airflow/.local/lib/python3.8/site-packages/airflow/example_dags/example_params_ui_tutorial.py for tasks to queue
[2025-07-03T17:54:58.948+0000] {logging_mixin.py:188} INFO - [2025-07-03T17:54:58.947+0000] {dagbag.py:538} INFO - Filling up the DagBag from /home/airflow/.local/lib/python3.8/site-packages/airflow/example_dags/example_params_ui_tutorial.py
[2025-07-03T17:54:58.990+0000] {processor.py:840} INFO - DAG(s) 'example_params_ui_tutorial' retrieved from /home/airflow/.local/lib/python3.8/site-packages/airflow/example_dags/example_params_ui_tutorial.py
[2025-07-03T17:54:59.234+0000] {logging_mixin.py:188} INFO - [2025-07-03T17:54:59.234+0000] {dag.py:3036} INFO - Sync 1 DAGs
[2025-07-03T17:54:59.256+0000] {logging_mixin.py:188} INFO - [2025-07-03T17:54:59.256+0000] {dag.py:3823} INFO - Setting next_dagrun for example_params_ui_tutorial to None, run_after=None
[2025-07-03T17:54:59.301+0000] {processor.py:183} INFO - Processing /home/airflow/.local/lib/python3.8/site-packages/airflow/example_dags/example_params_ui_tutorial.py took 0.381 seconds
[2025-07-03T17:55:29.415+0000] {processor.py:161} INFO - Started process (PID=2730) to work on /home/airflow/.local/lib/python3.8/site-packages/airflow/example_dags/example_params_ui_tutorial.py
[2025-07-03T17:55:29.417+0000] {processor.py:830} INFO - Processing file /home/airflow/.local/lib/python3.8/site-packages/airflow/example_dags/example_params_ui_tutorial.py for tasks to queue
[2025-07-03T17:55:29.420+0000] {logging_mixin.py:188} INFO - [2025-07-03T17:55:29.419+0000] {dagbag.py:538} INFO - Filling up the DagBag from /home/airflow/.local/lib/python3.8/site-packages/airflow/example_dags/example_params_ui_tutorial.py
[2025-07-03T17:55:29.444+0000] {processor.py:840} INFO - DAG(s) 'example_params_ui_tutorial' retrieved from /home/airflow/.local/lib/python3.8/site-packages/airflow/example_dags/example_params_ui_tutorial.py
[2025-07-03T17:55:29.576+0000] {logging_mixin.py:188} INFO - [2025-07-03T17:55:29.576+0000] {dag.py:3036} INFO - Sync 1 DAGs
[2025-07-03T17:55:29.594+0000] {logging_mixin.py:188} INFO - [2025-07-03T17:55:29.594+0000] {dag.py:3823} INFO - Setting next_dagrun for example_params_ui_tutorial to None, run_after=None
[2025-07-03T17:55:29.619+0000] {processor.py:183} INFO - Processing /home/airflow/.local/lib/python3.8/site-packages/airflow/example_dags/example_params_ui_tutorial.py took 0.209 seconds
[2025-07-03T17:55:59.943+0000] {processor.py:161} INFO - Started process (PID=2794) to work on /home/airflow/.local/lib/python3.8/site-packages/airflow/example_dags/example_params_ui_tutorial.py
[2025-07-03T17:55:59.944+0000] {processor.py:830} INFO - Processing file /home/airflow/.local/lib/python3.8/site-packages/airflow/example_dags/example_params_ui_tutorial.py for tasks to queue
[2025-07-03T17:55:59.947+0000] {logging_mixin.py:188} INFO - [2025-07-03T17:55:59.947+0000] {dagbag.py:538} INFO - Filling up the DagBag from /home/airflow/.local/lib/python3.8/site-packages/airflow/example_dags/example_params_ui_tutorial.py
[2025-07-03T17:55:59.971+0000] {processor.py:840} INFO - DAG(s) 'example_params_ui_tutorial' retrieved from /home/airflow/.local/lib/python3.8/site-packages/airflow/example_dags/example_params_ui_tutorial.py
[2025-07-03T17:56:00.125+0000] {logging_mixin.py:188} INFO - [2025-07-03T17:56:00.124+0000] {dag.py:3036} INFO - Sync 1 DAGs
[2025-07-03T17:56:00.149+0000] {logging_mixin.py:188} INFO - [2025-07-03T17:56:00.149+0000] {dag.py:3823} INFO - Setting next_dagrun for example_params_ui_tutorial to None, run_after=None
[2025-07-03T17:56:00.183+0000] {processor.py:183} INFO - Processing /home/airflow/.local/lib/python3.8/site-packages/airflow/example_dags/example_params_ui_tutorial.py took 0.245 seconds
[2025-07-03T17:56:30.550+0000] {processor.py:161} INFO - Started process (PID=2860) to work on /home/airflow/.local/lib/python3.8/site-packages/airflow/example_dags/example_params_ui_tutorial.py
[2025-07-03T17:56:30.552+0000] {processor.py:830} INFO - Processing file /home/airflow/.local/lib/python3.8/site-packages/airflow/example_dags/example_params_ui_tutorial.py for tasks to queue
[2025-07-03T17:56:30.566+0000] {logging_mixin.py:188} INFO - [2025-07-03T17:56:30.565+0000] {dagbag.py:538} INFO - Filling up the DagBag from /home/airflow/.local/lib/python3.8/site-packages/airflow/example_dags/example_params_ui_tutorial.py
[2025-07-03T17:56:30.610+0000] {processor.py:840} INFO - DAG(s) 'example_params_ui_tutorial' retrieved from /home/airflow/.local/lib/python3.8/site-packages/airflow/example_dags/example_params_ui_tutorial.py
[2025-07-03T17:56:31.072+0000] {logging_mixin.py:188} INFO - [2025-07-03T17:56:31.072+0000] {dag.py:3036} INFO - Sync 1 DAGs
[2025-07-03T17:56:31.156+0000] {logging_mixin.py:188} INFO - [2025-07-03T17:56:31.156+0000] {dag.py:3823} INFO - Setting next_dagrun for example_params_ui_tutorial to None, run_after=None
[2025-07-03T17:56:31.239+0000] {processor.py:183} INFO - Processing /home/airflow/.local/lib/python3.8/site-packages/airflow/example_dags/example_params_ui_tutorial.py took 0.727 seconds
[2025-07-03T17:57:01.892+0000] {processor.py:161} INFO - Started process (PID=2924) to work on /home/airflow/.local/lib/python3.8/site-packages/airflow/example_dags/example_params_ui_tutorial.py
[2025-07-03T17:57:01.901+0000] {processor.py:830} INFO - Processing file /home/airflow/.local/lib/python3.8/site-packages/airflow/example_dags/example_params_ui_tutorial.py for tasks to queue
[2025-07-03T17:57:01.916+0000] {logging_mixin.py:188} INFO - [2025-07-03T17:57:01.914+0000] {dagbag.py:538} INFO - Filling up the DagBag from /home/airflow/.local/lib/python3.8/site-packages/airflow/example_dags/example_params_ui_tutorial.py
[2025-07-03T17:57:01.958+0000] {processor.py:840} INFO - DAG(s) 'example_params_ui_tutorial' retrieved from /home/airflow/.local/lib/python3.8/site-packages/airflow/example_dags/example_params_ui_tutorial.py
[2025-07-03T17:57:02.358+0000] {logging_mixin.py:188} INFO - [2025-07-03T17:57:02.357+0000] {dag.py:3036} INFO - Sync 1 DAGs
[2025-07-03T17:57:02.430+0000] {logging_mixin.py:188} INFO - [2025-07-03T17:57:02.429+0000] {dag.py:3823} INFO - Setting next_dagrun for example_params_ui_tutorial to None, run_after=None
[2025-07-03T17:57:02.537+0000] {processor.py:183} INFO - Processing /home/airflow/.local/lib/python3.8/site-packages/airflow/example_dags/example_params_ui_tutorial.py took 0.650 seconds
[2025-07-03T17:57:32.992+0000] {processor.py:161} INFO - Started process (PID=2980) to work on /home/airflow/.local/lib/python3.8/site-packages/airflow/example_dags/example_params_ui_tutorial.py
[2025-07-03T17:57:33.009+0000] {processor.py:830} INFO - Processing file /home/airflow/.local/lib/python3.8/site-packages/airflow/example_dags/example_params_ui_tutorial.py for tasks to queue
[2025-07-03T17:57:33.012+0000] {logging_mixin.py:188} INFO - [2025-07-03T17:57:33.011+0000] {dagbag.py:538} INFO - Filling up the DagBag from /home/airflow/.local/lib/python3.8/site-packages/airflow/example_dags/example_params_ui_tutorial.py
[2025-07-03T17:57:33.069+0000] {processor.py:840} INFO - DAG(s) 'example_params_ui_tutorial' retrieved from /home/airflow/.local/lib/python3.8/site-packages/airflow/example_dags/example_params_ui_tutorial.py
[2025-07-03T17:57:33.762+0000] {logging_mixin.py:188} INFO - [2025-07-03T17:57:33.762+0000] {dag.py:3036} INFO - Sync 1 DAGs
[2025-07-03T17:57:33.818+0000] {logging_mixin.py:188} INFO - [2025-07-03T17:57:33.817+0000] {dag.py:3823} INFO - Setting next_dagrun for example_params_ui_tutorial to None, run_after=None
[2025-07-03T17:57:33.978+0000] {processor.py:183} INFO - Processing /home/airflow/.local/lib/python3.8/site-packages/airflow/example_dags/example_params_ui_tutorial.py took 0.998 seconds
[2025-07-03T17:58:04.181+0000] {processor.py:161} INFO - Started process (PID=3047) to work on /home/airflow/.local/lib/python3.8/site-packages/airflow/example_dags/example_params_ui_tutorial.py
[2025-07-03T17:58:04.197+0000] {processor.py:830} INFO - Processing file /home/airflow/.local/lib/python3.8/site-packages/airflow/example_dags/example_params_ui_tutorial.py for tasks to queue
[2025-07-03T17:58:04.199+0000] {logging_mixin.py:188} INFO - [2025-07-03T17:58:04.199+0000] {dagbag.py:538} INFO - Filling up the DagBag from /home/airflow/.local/lib/python3.8/site-packages/airflow/example_dags/example_params_ui_tutorial.py
[2025-07-03T17:58:04.221+0000] {processor.py:840} INFO - DAG(s) 'example_params_ui_tutorial' retrieved from /home/airflow/.local/lib/python3.8/site-packages/airflow/example_dags/example_params_ui_tutorial.py
[2025-07-03T17:58:04.858+0000] {logging_mixin.py:188} INFO - [2025-07-03T17:58:04.857+0000] {dag.py:3036} INFO - Sync 1 DAGs
[2025-07-03T17:58:05.008+0000] {logging_mixin.py:188} INFO - [2025-07-03T17:58:05.007+0000] {dag.py:3823} INFO - Setting next_dagrun for example_params_ui_tutorial to None, run_after=None
[2025-07-03T17:58:05.296+0000] {processor.py:183} INFO - Processing /home/airflow/.local/lib/python3.8/site-packages/airflow/example_dags/example_params_ui_tutorial.py took 1.134 seconds
[2025-07-03T17:58:35.418+0000] {processor.py:161} INFO - Started process (PID=3112) to work on /home/airflow/.local/lib/python3.8/site-packages/airflow/example_dags/example_params_ui_tutorial.py
[2025-07-03T17:58:35.420+0000] {processor.py:830} INFO - Processing file /home/airflow/.local/lib/python3.8/site-packages/airflow/example_dags/example_params_ui_tutorial.py for tasks to queue
[2025-07-03T17:58:35.423+0000] {logging_mixin.py:188} INFO - [2025-07-03T17:58:35.422+0000] {dagbag.py:538} INFO - Filling up the DagBag from /home/airflow/.local/lib/python3.8/site-packages/airflow/example_dags/example_params_ui_tutorial.py
[2025-07-03T17:58:35.443+0000] {processor.py:840} INFO - DAG(s) 'example_params_ui_tutorial' retrieved from /home/airflow/.local/lib/python3.8/site-packages/airflow/example_dags/example_params_ui_tutorial.py
[2025-07-03T17:58:35.601+0000] {logging_mixin.py:188} INFO - [2025-07-03T17:58:35.601+0000] {dag.py:3036} INFO - Sync 1 DAGs
[2025-07-03T17:58:35.624+0000] {logging_mixin.py:188} INFO - [2025-07-03T17:58:35.623+0000] {dag.py:3823} INFO - Setting next_dagrun for example_params_ui_tutorial to None, run_after=None
[2025-07-03T17:58:35.656+0000] {processor.py:183} INFO - Processing /home/airflow/.local/lib/python3.8/site-packages/airflow/example_dags/example_params_ui_tutorial.py took 0.243 seconds
[2025-07-03T17:59:06.552+0000] {processor.py:161} INFO - Started process (PID=3177) to work on /home/airflow/.local/lib/python3.8/site-packages/airflow/example_dags/example_params_ui_tutorial.py
[2025-07-03T17:59:06.554+0000] {processor.py:830} INFO - Processing file /home/airflow/.local/lib/python3.8/site-packages/airflow/example_dags/example_params_ui_tutorial.py for tasks to queue
[2025-07-03T17:59:06.557+0000] {logging_mixin.py:188} INFO - [2025-07-03T17:59:06.556+0000] {dagbag.py:538} INFO - Filling up the DagBag from /home/airflow/.local/lib/python3.8/site-packages/airflow/example_dags/example_params_ui_tutorial.py
[2025-07-03T17:59:06.594+0000] {processor.py:840} INFO - DAG(s) 'example_params_ui_tutorial' retrieved from /home/airflow/.local/lib/python3.8/site-packages/airflow/example_dags/example_params_ui_tutorial.py
[2025-07-03T17:59:06.729+0000] {logging_mixin.py:188} INFO - [2025-07-03T17:59:06.728+0000] {dag.py:3036} INFO - Sync 1 DAGs
[2025-07-03T17:59:06.746+0000] {logging_mixin.py:188} INFO - [2025-07-03T17:59:06.745+0000] {dag.py:3823} INFO - Setting next_dagrun for example_params_ui_tutorial to None, run_after=None
[2025-07-03T17:59:06.769+0000] {processor.py:183} INFO - Processing /home/airflow/.local/lib/python3.8/site-packages/airflow/example_dags/example_params_ui_tutorial.py took 0.222 seconds
[2025-07-03T17:59:36.933+0000] {processor.py:161} INFO - Started process (PID=3242) to work on /home/airflow/.local/lib/python3.8/site-packages/airflow/example_dags/example_params_ui_tutorial.py
[2025-07-03T17:59:36.940+0000] {processor.py:830} INFO - Processing file /home/airflow/.local/lib/python3.8/site-packages/airflow/example_dags/example_params_ui_tutorial.py for tasks to queue
[2025-07-03T17:59:36.943+0000] {logging_mixin.py:188} INFO - [2025-07-03T17:59:36.942+0000] {dagbag.py:538} INFO - Filling up the DagBag from /home/airflow/.local/lib/python3.8/site-packages/airflow/example_dags/example_params_ui_tutorial.py
[2025-07-03T17:59:36.983+0000] {processor.py:840} INFO - DAG(s) 'example_params_ui_tutorial' retrieved from /home/airflow/.local/lib/python3.8/site-packages/airflow/example_dags/example_params_ui_tutorial.py
[2025-07-03T17:59:37.203+0000] {logging_mixin.py:188} INFO - [2025-07-03T17:59:37.203+0000] {dag.py:3036} INFO - Sync 1 DAGs
[2025-07-03T17:59:37.244+0000] {logging_mixin.py:188} INFO - [2025-07-03T17:59:37.243+0000] {dag.py:3823} INFO - Setting next_dagrun for example_params_ui_tutorial to None, run_after=None
[2025-07-03T17:59:37.287+0000] {processor.py:183} INFO - Processing /home/airflow/.local/lib/python3.8/site-packages/airflow/example_dags/example_params_ui_tutorial.py took 0.367 seconds
[2025-07-03T18:00:07.563+0000] {processor.py:161} INFO - Started process (PID=3306) to work on /home/airflow/.local/lib/python3.8/site-packages/airflow/example_dags/example_params_ui_tutorial.py
[2025-07-03T18:00:07.564+0000] {processor.py:830} INFO - Processing file /home/airflow/.local/lib/python3.8/site-packages/airflow/example_dags/example_params_ui_tutorial.py for tasks to queue
[2025-07-03T18:00:07.566+0000] {logging_mixin.py:188} INFO - [2025-07-03T18:00:07.566+0000] {dagbag.py:538} INFO - Filling up the DagBag from /home/airflow/.local/lib/python3.8/site-packages/airflow/example_dags/example_params_ui_tutorial.py
[2025-07-03T18:00:07.585+0000] {processor.py:840} INFO - DAG(s) 'example_params_ui_tutorial' retrieved from /home/airflow/.local/lib/python3.8/site-packages/airflow/example_dags/example_params_ui_tutorial.py
[2025-07-03T18:00:07.715+0000] {logging_mixin.py:188} INFO - [2025-07-03T18:00:07.715+0000] {dag.py:3036} INFO - Sync 1 DAGs
[2025-07-03T18:00:07.737+0000] {logging_mixin.py:188} INFO - [2025-07-03T18:00:07.737+0000] {dag.py:3823} INFO - Setting next_dagrun for example_params_ui_tutorial to None, run_after=None
[2025-07-03T18:00:07.768+0000] {processor.py:183} INFO - Processing /home/airflow/.local/lib/python3.8/site-packages/airflow/example_dags/example_params_ui_tutorial.py took 0.210 seconds
[2025-07-03T18:00:37.866+0000] {processor.py:161} INFO - Started process (PID=3370) to work on /home/airflow/.local/lib/python3.8/site-packages/airflow/example_dags/example_params_ui_tutorial.py
[2025-07-03T18:00:37.873+0000] {processor.py:830} INFO - Processing file /home/airflow/.local/lib/python3.8/site-packages/airflow/example_dags/example_params_ui_tutorial.py for tasks to queue
[2025-07-03T18:00:37.876+0000] {logging_mixin.py:188} INFO - [2025-07-03T18:00:37.875+0000] {dagbag.py:538} INFO - Filling up the DagBag from /home/airflow/.local/lib/python3.8/site-packages/airflow/example_dags/example_params_ui_tutorial.py
[2025-07-03T18:00:37.937+0000] {processor.py:840} INFO - DAG(s) 'example_params_ui_tutorial' retrieved from /home/airflow/.local/lib/python3.8/site-packages/airflow/example_dags/example_params_ui_tutorial.py
[2025-07-03T18:00:38.293+0000] {logging_mixin.py:188} INFO - [2025-07-03T18:00:38.293+0000] {dag.py:3036} INFO - Sync 1 DAGs
[2025-07-03T18:00:38.337+0000] {logging_mixin.py:188} INFO - [2025-07-03T18:00:38.336+0000] {dag.py:3823} INFO - Setting next_dagrun for example_params_ui_tutorial to None, run_after=None
[2025-07-03T18:00:38.728+0000] {processor.py:183} INFO - Processing /home/airflow/.local/lib/python3.8/site-packages/airflow/example_dags/example_params_ui_tutorial.py took 0.883 seconds
[2025-07-03T18:01:09.205+0000] {processor.py:161} INFO - Started process (PID=3428) to work on /home/airflow/.local/lib/python3.8/site-packages/airflow/example_dags/example_params_ui_tutorial.py
[2025-07-03T18:01:09.206+0000] {processor.py:830} INFO - Processing file /home/airflow/.local/lib/python3.8/site-packages/airflow/example_dags/example_params_ui_tutorial.py for tasks to queue
[2025-07-03T18:01:09.209+0000] {logging_mixin.py:188} INFO - [2025-07-03T18:01:09.208+0000] {dagbag.py:538} INFO - Filling up the DagBag from /home/airflow/.local/lib/python3.8/site-packages/airflow/example_dags/example_params_ui_tutorial.py
[2025-07-03T18:01:09.227+0000] {processor.py:840} INFO - DAG(s) 'example_params_ui_tutorial' retrieved from /home/airflow/.local/lib/python3.8/site-packages/airflow/example_dags/example_params_ui_tutorial.py
[2025-07-03T18:01:09.328+0000] {logging_mixin.py:188} INFO - [2025-07-03T18:01:09.327+0000] {dag.py:3036} INFO - Sync 1 DAGs
[2025-07-03T18:01:09.346+0000] {logging_mixin.py:188} INFO - [2025-07-03T18:01:09.345+0000] {dag.py:3823} INFO - Setting next_dagrun for example_params_ui_tutorial to None, run_after=None
[2025-07-03T18:01:09.375+0000] {processor.py:183} INFO - Processing /home/airflow/.local/lib/python3.8/site-packages/airflow/example_dags/example_params_ui_tutorial.py took 0.174 seconds
[2025-07-03T18:01:40.000+0000] {processor.py:161} INFO - Started process (PID=3492) to work on /home/airflow/.local/lib/python3.8/site-packages/airflow/example_dags/example_params_ui_tutorial.py
[2025-07-03T18:01:40.002+0000] {processor.py:830} INFO - Processing file /home/airflow/.local/lib/python3.8/site-packages/airflow/example_dags/example_params_ui_tutorial.py for tasks to queue
[2025-07-03T18:01:40.005+0000] {logging_mixin.py:188} INFO - [2025-07-03T18:01:40.004+0000] {dagbag.py:538} INFO - Filling up the DagBag from /home/airflow/.local/lib/python3.8/site-packages/airflow/example_dags/example_params_ui_tutorial.py
[2025-07-03T18:01:40.025+0000] {processor.py:840} INFO - DAG(s) 'example_params_ui_tutorial' retrieved from /home/airflow/.local/lib/python3.8/site-packages/airflow/example_dags/example_params_ui_tutorial.py
[2025-07-03T18:01:40.162+0000] {logging_mixin.py:188} INFO - [2025-07-03T18:01:40.162+0000] {dag.py:3036} INFO - Sync 1 DAGs
[2025-07-03T18:01:40.186+0000] {logging_mixin.py:188} INFO - [2025-07-03T18:01:40.186+0000] {dag.py:3823} INFO - Setting next_dagrun for example_params_ui_tutorial to None, run_after=None
[2025-07-03T18:01:40.221+0000] {processor.py:183} INFO - Processing /home/airflow/.local/lib/python3.8/site-packages/airflow/example_dags/example_params_ui_tutorial.py took 0.225 seconds
[2025-07-03T18:02:12.126+0000] {processor.py:161} INFO - Started process (PID=3556) to work on /home/airflow/.local/lib/python3.8/site-packages/airflow/example_dags/example_params_ui_tutorial.py
[2025-07-03T18:02:12.127+0000] {processor.py:830} INFO - Processing file /home/airflow/.local/lib/python3.8/site-packages/airflow/example_dags/example_params_ui_tutorial.py for tasks to queue
[2025-07-03T18:02:12.130+0000] {logging_mixin.py:188} INFO - [2025-07-03T18:02:12.129+0000] {dagbag.py:538} INFO - Filling up the DagBag from /home/airflow/.local/lib/python3.8/site-packages/airflow/example_dags/example_params_ui_tutorial.py
[2025-07-03T18:02:12.166+0000] {processor.py:840} INFO - DAG(s) 'example_params_ui_tutorial' retrieved from /home/airflow/.local/lib/python3.8/site-packages/airflow/example_dags/example_params_ui_tutorial.py
[2025-07-03T18:02:13.558+0000] {logging_mixin.py:188} INFO - [2025-07-03T18:02:13.558+0000] {dag.py:3036} INFO - Sync 1 DAGs
[2025-07-03T18:02:13.615+0000] {logging_mixin.py:188} INFO - [2025-07-03T18:02:13.615+0000] {dag.py:3823} INFO - Setting next_dagrun for example_params_ui_tutorial to None, run_after=None
[2025-07-03T18:02:13.693+0000] {processor.py:183} INFO - Processing /home/airflow/.local/lib/python3.8/site-packages/airflow/example_dags/example_params_ui_tutorial.py took 1.579 seconds
[2025-07-03T18:02:43.995+0000] {processor.py:161} INFO - Started process (PID=3619) to work on /home/airflow/.local/lib/python3.8/site-packages/airflow/example_dags/example_params_ui_tutorial.py
[2025-07-03T18:02:44.001+0000] {processor.py:830} INFO - Processing file /home/airflow/.local/lib/python3.8/site-packages/airflow/example_dags/example_params_ui_tutorial.py for tasks to queue
[2025-07-03T18:02:44.003+0000] {logging_mixin.py:188} INFO - [2025-07-03T18:02:44.003+0000] {dagbag.py:538} INFO - Filling up the DagBag from /home/airflow/.local/lib/python3.8/site-packages/airflow/example_dags/example_params_ui_tutorial.py
[2025-07-03T18:02:44.052+0000] {processor.py:840} INFO - DAG(s) 'example_params_ui_tutorial' retrieved from /home/airflow/.local/lib/python3.8/site-packages/airflow/example_dags/example_params_ui_tutorial.py
[2025-07-03T18:02:44.243+0000] {logging_mixin.py:188} INFO - [2025-07-03T18:02:44.242+0000] {dag.py:3036} INFO - Sync 1 DAGs
[2025-07-03T18:02:44.582+0000] {logging_mixin.py:188} INFO - [2025-07-03T18:02:44.581+0000] {dag.py:3823} INFO - Setting next_dagrun for example_params_ui_tutorial to None, run_after=None
[2025-07-03T18:02:44.637+0000] {processor.py:183} INFO - Processing /home/airflow/.local/lib/python3.8/site-packages/airflow/example_dags/example_params_ui_tutorial.py took 0.651 seconds
[2025-07-03T18:03:15.939+0000] {processor.py:161} INFO - Started process (PID=3676) to work on /home/airflow/.local/lib/python3.8/site-packages/airflow/example_dags/example_params_ui_tutorial.py
[2025-07-03T18:03:15.957+0000] {processor.py:830} INFO - Processing file /home/airflow/.local/lib/python3.8/site-packages/airflow/example_dags/example_params_ui_tutorial.py for tasks to queue
[2025-07-03T18:03:15.981+0000] {logging_mixin.py:188} INFO - [2025-07-03T18:03:15.980+0000] {dagbag.py:538} INFO - Filling up the DagBag from /home/airflow/.local/lib/python3.8/site-packages/airflow/example_dags/example_params_ui_tutorial.py
[2025-07-03T18:03:16.075+0000] {processor.py:840} INFO - DAG(s) 'example_params_ui_tutorial' retrieved from /home/airflow/.local/lib/python3.8/site-packages/airflow/example_dags/example_params_ui_tutorial.py
[2025-07-03T18:03:16.691+0000] {logging_mixin.py:188} INFO - [2025-07-03T18:03:16.691+0000] {dag.py:3036} INFO - Sync 1 DAGs
[2025-07-03T18:03:16.802+0000] {logging_mixin.py:188} INFO - [2025-07-03T18:03:16.801+0000] {dag.py:3823} INFO - Setting next_dagrun for example_params_ui_tutorial to None, run_after=None
[2025-07-03T18:03:16.941+0000] {processor.py:183} INFO - Processing /home/airflow/.local/lib/python3.8/site-packages/airflow/example_dags/example_params_ui_tutorial.py took 1.041 seconds
[2025-07-03T18:04:55.680+0000] {processor.py:161} INFO - Started process (PID=3766) to work on /home/airflow/.local/lib/python3.8/site-packages/airflow/example_dags/example_params_ui_tutorial.py
[2025-07-03T18:04:55.781+0000] {processor.py:830} INFO - Processing file /home/airflow/.local/lib/python3.8/site-packages/airflow/example_dags/example_params_ui_tutorial.py for tasks to queue
[2025-07-03T18:04:55.810+0000] {logging_mixin.py:188} INFO - [2025-07-03T18:04:55.809+0000] {dagbag.py:538} INFO - Filling up the DagBag from /home/airflow/.local/lib/python3.8/site-packages/airflow/example_dags/example_params_ui_tutorial.py
[2025-07-03T18:04:56.174+0000] {processor.py:840} INFO - DAG(s) 'example_params_ui_tutorial' retrieved from /home/airflow/.local/lib/python3.8/site-packages/airflow/example_dags/example_params_ui_tutorial.py
[2025-07-03T18:04:59.554+0000] {logging_mixin.py:188} INFO - [2025-07-03T18:04:59.553+0000] {dag.py:3036} INFO - Sync 1 DAGs
[2025-07-03T18:05:00.114+0000] {logging_mixin.py:188} INFO - [2025-07-03T18:05:00.113+0000] {dag.py:3823} INFO - Setting next_dagrun for example_params_ui_tutorial to None, run_after=None
[2025-07-03T18:05:00.989+0000] {processor.py:183} INFO - Processing /home/airflow/.local/lib/python3.8/site-packages/airflow/example_dags/example_params_ui_tutorial.py took 5.381 seconds
[2025-07-03T18:06:08.247+0000] {processor.py:161} INFO - Started process (PID=3821) to work on /home/airflow/.local/lib/python3.8/site-packages/airflow/example_dags/example_params_ui_tutorial.py
[2025-07-03T18:06:08.355+0000] {processor.py:830} INFO - Processing file /home/airflow/.local/lib/python3.8/site-packages/airflow/example_dags/example_params_ui_tutorial.py for tasks to queue
[2025-07-03T18:06:08.448+0000] {logging_mixin.py:188} INFO - [2025-07-03T18:06:08.386+0000] {dagbag.py:538} INFO - Filling up the DagBag from /home/airflow/.local/lib/python3.8/site-packages/airflow/example_dags/example_params_ui_tutorial.py
[2025-07-03T18:06:08.641+0000] {processor.py:840} INFO - DAG(s) 'example_params_ui_tutorial' retrieved from /home/airflow/.local/lib/python3.8/site-packages/airflow/example_dags/example_params_ui_tutorial.py
[2025-07-03T18:06:13.144+0000] {logging_mixin.py:188} INFO - [2025-07-03T18:06:13.143+0000] {dag.py:3036} INFO - Sync 1 DAGs
[2025-07-03T18:06:13.816+0000] {logging_mixin.py:188} INFO - [2025-07-03T18:06:13.816+0000] {dag.py:3823} INFO - Setting next_dagrun for example_params_ui_tutorial to None, run_after=None
[2025-07-03T18:06:14.846+0000] {processor.py:183} INFO - Processing /home/airflow/.local/lib/python3.8/site-packages/airflow/example_dags/example_params_ui_tutorial.py took 6.644 seconds
[2025-07-03T18:07:33.251+0000] {processor.py:161} INFO - Started process (PID=3885) to work on /home/airflow/.local/lib/python3.8/site-packages/airflow/example_dags/example_params_ui_tutorial.py
[2025-07-03T18:07:33.293+0000] {processor.py:830} INFO - Processing file /home/airflow/.local/lib/python3.8/site-packages/airflow/example_dags/example_params_ui_tutorial.py for tasks to queue
[2025-07-03T18:07:33.295+0000] {logging_mixin.py:188} INFO - [2025-07-03T18:07:33.295+0000] {dagbag.py:538} INFO - Filling up the DagBag from /home/airflow/.local/lib/python3.8/site-packages/airflow/example_dags/example_params_ui_tutorial.py
[2025-07-03T18:07:34.039+0000] {processor.py:840} INFO - DAG(s) 'example_params_ui_tutorial' retrieved from /home/airflow/.local/lib/python3.8/site-packages/airflow/example_dags/example_params_ui_tutorial.py
[2025-07-03T18:07:38.509+0000] {logging_mixin.py:188} INFO - [2025-07-03T18:07:38.464+0000] {dag.py:3036} INFO - Sync 1 DAGs
[2025-07-03T18:07:39.387+0000] {logging_mixin.py:188} INFO - [2025-07-03T18:07:39.387+0000] {dag.py:3823} INFO - Setting next_dagrun for example_params_ui_tutorial to None, run_after=None
[2025-07-03T18:07:40.664+0000] {processor.py:183} INFO - Processing /home/airflow/.local/lib/python3.8/site-packages/airflow/example_dags/example_params_ui_tutorial.py took 7.593 seconds
[2025-07-03T18:21:08.738+0000] {processor.py:161} INFO - Started process (PID=93) to work on /home/airflow/.local/lib/python3.8/site-packages/airflow/example_dags/example_params_ui_tutorial.py
[2025-07-03T18:21:08.742+0000] {processor.py:830} INFO - Processing file /home/airflow/.local/lib/python3.8/site-packages/airflow/example_dags/example_params_ui_tutorial.py for tasks to queue
[2025-07-03T18:21:08.744+0000] {logging_mixin.py:188} INFO - [2025-07-03T18:21:08.744+0000] {dagbag.py:538} INFO - Filling up the DagBag from /home/airflow/.local/lib/python3.8/site-packages/airflow/example_dags/example_params_ui_tutorial.py
[2025-07-03T18:21:08.800+0000] {processor.py:840} INFO - DAG(s) 'example_params_ui_tutorial' retrieved from /home/airflow/.local/lib/python3.8/site-packages/airflow/example_dags/example_params_ui_tutorial.py
[2025-07-03T18:21:09.303+0000] {logging_mixin.py:188} INFO - [2025-07-03T18:21:09.293+0000] {dag.py:3036} INFO - Sync 1 DAGs
[2025-07-03T18:21:09.378+0000] {logging_mixin.py:188} INFO - [2025-07-03T18:21:09.377+0000] {dag.py:3823} INFO - Setting next_dagrun for example_params_ui_tutorial to None, run_after=None
[2025-07-03T18:21:09.521+0000] {processor.py:183} INFO - Processing /home/airflow/.local/lib/python3.8/site-packages/airflow/example_dags/example_params_ui_tutorial.py took 0.800 seconds
[2025-07-03T18:21:39.941+0000] {processor.py:161} INFO - Started process (PID=158) to work on /home/airflow/.local/lib/python3.8/site-packages/airflow/example_dags/example_params_ui_tutorial.py
[2025-07-03T18:21:39.942+0000] {processor.py:830} INFO - Processing file /home/airflow/.local/lib/python3.8/site-packages/airflow/example_dags/example_params_ui_tutorial.py for tasks to queue
[2025-07-03T18:21:39.945+0000] {logging_mixin.py:188} INFO - [2025-07-03T18:21:39.945+0000] {dagbag.py:538} INFO - Filling up the DagBag from /home/airflow/.local/lib/python3.8/site-packages/airflow/example_dags/example_params_ui_tutorial.py
[2025-07-03T18:21:39.967+0000] {processor.py:840} INFO - DAG(s) 'example_params_ui_tutorial' retrieved from /home/airflow/.local/lib/python3.8/site-packages/airflow/example_dags/example_params_ui_tutorial.py
[2025-07-03T18:21:40.127+0000] {logging_mixin.py:188} INFO - [2025-07-03T18:21:40.127+0000] {dag.py:3036} INFO - Sync 1 DAGs
[2025-07-03T18:21:40.156+0000] {logging_mixin.py:188} INFO - [2025-07-03T18:21:40.156+0000] {dag.py:3823} INFO - Setting next_dagrun for example_params_ui_tutorial to None, run_after=None
[2025-07-03T18:21:40.243+0000] {processor.py:183} INFO - Processing /home/airflow/.local/lib/python3.8/site-packages/airflow/example_dags/example_params_ui_tutorial.py took 0.307 seconds
[2025-07-03T18:22:10.322+0000] {processor.py:161} INFO - Started process (PID=223) to work on /home/airflow/.local/lib/python3.8/site-packages/airflow/example_dags/example_params_ui_tutorial.py
[2025-07-03T18:22:10.324+0000] {processor.py:830} INFO - Processing file /home/airflow/.local/lib/python3.8/site-packages/airflow/example_dags/example_params_ui_tutorial.py for tasks to queue
[2025-07-03T18:22:10.326+0000] {logging_mixin.py:188} INFO - [2025-07-03T18:22:10.326+0000] {dagbag.py:538} INFO - Filling up the DagBag from /home/airflow/.local/lib/python3.8/site-packages/airflow/example_dags/example_params_ui_tutorial.py
[2025-07-03T18:22:10.346+0000] {processor.py:840} INFO - DAG(s) 'example_params_ui_tutorial' retrieved from /home/airflow/.local/lib/python3.8/site-packages/airflow/example_dags/example_params_ui_tutorial.py
[2025-07-03T18:22:10.481+0000] {logging_mixin.py:188} INFO - [2025-07-03T18:22:10.481+0000] {dag.py:3036} INFO - Sync 1 DAGs
[2025-07-03T18:22:10.503+0000] {logging_mixin.py:188} INFO - [2025-07-03T18:22:10.502+0000] {dag.py:3823} INFO - Setting next_dagrun for example_params_ui_tutorial to None, run_after=None
[2025-07-03T18:22:10.565+0000] {processor.py:183} INFO - Processing /home/airflow/.local/lib/python3.8/site-packages/airflow/example_dags/example_params_ui_tutorial.py took 0.247 seconds
[2025-07-03T18:22:40.786+0000] {processor.py:161} INFO - Started process (PID=290) to work on /home/airflow/.local/lib/python3.8/site-packages/airflow/example_dags/example_params_ui_tutorial.py
[2025-07-03T18:22:40.787+0000] {processor.py:830} INFO - Processing file /home/airflow/.local/lib/python3.8/site-packages/airflow/example_dags/example_params_ui_tutorial.py for tasks to queue
[2025-07-03T18:22:40.790+0000] {logging_mixin.py:188} INFO - [2025-07-03T18:22:40.790+0000] {dagbag.py:538} INFO - Filling up the DagBag from /home/airflow/.local/lib/python3.8/site-packages/airflow/example_dags/example_params_ui_tutorial.py
[2025-07-03T18:22:40.812+0000] {processor.py:840} INFO - DAG(s) 'example_params_ui_tutorial' retrieved from /home/airflow/.local/lib/python3.8/site-packages/airflow/example_dags/example_params_ui_tutorial.py
[2025-07-03T18:22:40.963+0000] {logging_mixin.py:188} INFO - [2025-07-03T18:22:40.962+0000] {dag.py:3036} INFO - Sync 1 DAGs
[2025-07-03T18:22:40.991+0000] {logging_mixin.py:188} INFO - [2025-07-03T18:22:40.990+0000] {dag.py:3823} INFO - Setting next_dagrun for example_params_ui_tutorial to None, run_after=None
[2025-07-03T18:22:41.046+0000] {processor.py:183} INFO - Processing /home/airflow/.local/lib/python3.8/site-packages/airflow/example_dags/example_params_ui_tutorial.py took 0.264 seconds
[2025-07-03T18:23:11.222+0000] {processor.py:161} INFO - Started process (PID=356) to work on /home/airflow/.local/lib/python3.8/site-packages/airflow/example_dags/example_params_ui_tutorial.py
[2025-07-03T18:23:11.224+0000] {processor.py:830} INFO - Processing file /home/airflow/.local/lib/python3.8/site-packages/airflow/example_dags/example_params_ui_tutorial.py for tasks to queue
[2025-07-03T18:23:11.227+0000] {logging_mixin.py:188} INFO - [2025-07-03T18:23:11.227+0000] {dagbag.py:538} INFO - Filling up the DagBag from /home/airflow/.local/lib/python3.8/site-packages/airflow/example_dags/example_params_ui_tutorial.py
[2025-07-03T18:23:11.251+0000] {processor.py:840} INFO - DAG(s) 'example_params_ui_tutorial' retrieved from /home/airflow/.local/lib/python3.8/site-packages/airflow/example_dags/example_params_ui_tutorial.py
[2025-07-03T18:23:11.394+0000] {logging_mixin.py:188} INFO - [2025-07-03T18:23:11.393+0000] {dag.py:3036} INFO - Sync 1 DAGs
[2025-07-03T18:23:11.422+0000] {logging_mixin.py:188} INFO - [2025-07-03T18:23:11.422+0000] {dag.py:3823} INFO - Setting next_dagrun for example_params_ui_tutorial to None, run_after=None
[2025-07-03T18:23:11.503+0000] {processor.py:183} INFO - Processing /home/airflow/.local/lib/python3.8/site-packages/airflow/example_dags/example_params_ui_tutorial.py took 0.285 seconds
[2025-07-03T18:23:41.627+0000] {processor.py:161} INFO - Started process (PID=421) to work on /home/airflow/.local/lib/python3.8/site-packages/airflow/example_dags/example_params_ui_tutorial.py
[2025-07-03T18:23:41.628+0000] {processor.py:830} INFO - Processing file /home/airflow/.local/lib/python3.8/site-packages/airflow/example_dags/example_params_ui_tutorial.py for tasks to queue
[2025-07-03T18:23:41.631+0000] {logging_mixin.py:188} INFO - [2025-07-03T18:23:41.631+0000] {dagbag.py:538} INFO - Filling up the DagBag from /home/airflow/.local/lib/python3.8/site-packages/airflow/example_dags/example_params_ui_tutorial.py
[2025-07-03T18:23:41.651+0000] {processor.py:840} INFO - DAG(s) 'example_params_ui_tutorial' retrieved from /home/airflow/.local/lib/python3.8/site-packages/airflow/example_dags/example_params_ui_tutorial.py
[2025-07-03T18:23:41.794+0000] {logging_mixin.py:188} INFO - [2025-07-03T18:23:41.793+0000] {dag.py:3036} INFO - Sync 1 DAGs
[2025-07-03T18:23:41.817+0000] {logging_mixin.py:188} INFO - [2025-07-03T18:23:41.817+0000] {dag.py:3823} INFO - Setting next_dagrun for example_params_ui_tutorial to None, run_after=None
[2025-07-03T18:23:41.881+0000] {processor.py:183} INFO - Processing /home/airflow/.local/lib/python3.8/site-packages/airflow/example_dags/example_params_ui_tutorial.py took 0.259 seconds
[2025-07-03T18:24:11.947+0000] {processor.py:161} INFO - Started process (PID=487) to work on /home/airflow/.local/lib/python3.8/site-packages/airflow/example_dags/example_params_ui_tutorial.py
[2025-07-03T18:24:11.948+0000] {processor.py:830} INFO - Processing file /home/airflow/.local/lib/python3.8/site-packages/airflow/example_dags/example_params_ui_tutorial.py for tasks to queue
[2025-07-03T18:24:11.951+0000] {logging_mixin.py:188} INFO - [2025-07-03T18:24:11.950+0000] {dagbag.py:538} INFO - Filling up the DagBag from /home/airflow/.local/lib/python3.8/site-packages/airflow/example_dags/example_params_ui_tutorial.py
[2025-07-03T18:24:11.970+0000] {processor.py:840} INFO - DAG(s) 'example_params_ui_tutorial' retrieved from /home/airflow/.local/lib/python3.8/site-packages/airflow/example_dags/example_params_ui_tutorial.py
[2025-07-03T18:24:12.106+0000] {logging_mixin.py:188} INFO - [2025-07-03T18:24:12.106+0000] {dag.py:3036} INFO - Sync 1 DAGs
[2025-07-03T18:24:12.131+0000] {logging_mixin.py:188} INFO - [2025-07-03T18:24:12.131+0000] {dag.py:3823} INFO - Setting next_dagrun for example_params_ui_tutorial to None, run_after=None
[2025-07-03T18:24:12.162+0000] {processor.py:183} INFO - Processing /home/airflow/.local/lib/python3.8/site-packages/airflow/example_dags/example_params_ui_tutorial.py took 0.220 seconds
