[2025-07-03T17:35:22.961+0000] {processor.py:161} INFO - Started process (PID=205) to work on /home/airflow/.local/lib/python3.8/site-packages/airflow/example_dags/example_python_operator.py
[2025-07-03T17:35:22.969+0000] {processor.py:830} INFO - Processing file /home/airflow/.local/lib/python3.8/site-packages/airflow/example_dags/example_python_operator.py for tasks to queue
[2025-07-03T17:35:22.972+0000] {logging_mixin.py:188} INFO - [2025-07-03T17:35:22.972+0000] {dagbag.py:538} INFO - Filling up the DagBag from /home/airflow/.local/lib/python3.8/site-packages/airflow/example_dags/example_python_operator.py
[2025-07-03T17:35:23.044+0000] {processor.py:840} INFO - DAG(s) 'example_python_operator' retrieved from /home/airflow/.local/lib/python3.8/site-packages/airflow/example_dags/example_python_operator.py
[2025-07-03T17:35:23.854+0000] {logging_mixin.py:188} INFO - [2025-07-03T17:35:23.854+0000] {dag.py:3036} INFO - Sync 1 DAGs
[2025-07-03T17:35:23.896+0000] {logging_mixin.py:188} INFO - [2025-07-03T17:35:23.895+0000] {dag.py:3823} INFO - Setting next_dagrun for example_python_operator to None, run_after=None
[2025-07-03T17:35:23.976+0000] {processor.py:183} INFO - Processing /home/airflow/.local/lib/python3.8/site-packages/airflow/example_dags/example_python_operator.py took 1.024 seconds
[2025-07-03T17:35:57.168+0000] {processor.py:161} INFO - Started process (PID=268) to work on /home/airflow/.local/lib/python3.8/site-packages/airflow/example_dags/example_python_operator.py
[2025-07-03T17:35:57.179+0000] {processor.py:830} INFO - Processing file /home/airflow/.local/lib/python3.8/site-packages/airflow/example_dags/example_python_operator.py for tasks to queue
[2025-07-03T17:35:57.198+0000] {logging_mixin.py:188} INFO - [2025-07-03T17:35:57.197+0000] {dagbag.py:538} INFO - Filling up the DagBag from /home/airflow/.local/lib/python3.8/site-packages/airflow/example_dags/example_python_operator.py
[2025-07-03T17:35:57.308+0000] {processor.py:840} INFO - DAG(s) 'example_python_operator' retrieved from /home/airflow/.local/lib/python3.8/site-packages/airflow/example_dags/example_python_operator.py
[2025-07-03T17:35:57.486+0000] {logging_mixin.py:188} INFO - [2025-07-03T17:35:57.481+0000] {dag.py:3036} INFO - Sync 1 DAGs
[2025-07-03T17:35:57.584+0000] {logging_mixin.py:188} INFO - [2025-07-03T17:35:57.584+0000] {dag.py:3823} INFO - Setting next_dagrun for example_python_operator to None, run_after=None
[2025-07-03T17:35:57.709+0000] {processor.py:183} INFO - Processing /home/airflow/.local/lib/python3.8/site-packages/airflow/example_dags/example_python_operator.py took 0.572 seconds
[2025-07-03T17:36:28.857+0000] {processor.py:161} INFO - Started process (PID=331) to work on /home/airflow/.local/lib/python3.8/site-packages/airflow/example_dags/example_python_operator.py
[2025-07-03T17:36:28.858+0000] {processor.py:830} INFO - Processing file /home/airflow/.local/lib/python3.8/site-packages/airflow/example_dags/example_python_operator.py for tasks to queue
[2025-07-03T17:36:28.869+0000] {logging_mixin.py:188} INFO - [2025-07-03T17:36:28.860+0000] {dagbag.py:538} INFO - Filling up the DagBag from /home/airflow/.local/lib/python3.8/site-packages/airflow/example_dags/example_python_operator.py
[2025-07-03T17:36:28.957+0000] {processor.py:840} INFO - DAG(s) 'example_python_operator' retrieved from /home/airflow/.local/lib/python3.8/site-packages/airflow/example_dags/example_python_operator.py
[2025-07-03T17:36:29.098+0000] {logging_mixin.py:188} INFO - [2025-07-03T17:36:29.097+0000] {dag.py:3036} INFO - Sync 1 DAGs
[2025-07-03T17:36:29.182+0000] {logging_mixin.py:188} INFO - [2025-07-03T17:36:29.182+0000] {dag.py:3823} INFO - Setting next_dagrun for example_python_operator to None, run_after=None
[2025-07-03T17:36:29.330+0000] {processor.py:183} INFO - Processing /home/airflow/.local/lib/python3.8/site-packages/airflow/example_dags/example_python_operator.py took 0.499 seconds
[2025-07-03T17:37:00.205+0000] {processor.py:161} INFO - Started process (PID=389) to work on /home/airflow/.local/lib/python3.8/site-packages/airflow/example_dags/example_python_operator.py
[2025-07-03T17:37:00.207+0000] {processor.py:830} INFO - Processing file /home/airflow/.local/lib/python3.8/site-packages/airflow/example_dags/example_python_operator.py for tasks to queue
[2025-07-03T17:37:00.210+0000] {logging_mixin.py:188} INFO - [2025-07-03T17:37:00.210+0000] {dagbag.py:538} INFO - Filling up the DagBag from /home/airflow/.local/lib/python3.8/site-packages/airflow/example_dags/example_python_operator.py
[2025-07-03T17:37:00.250+0000] {processor.py:840} INFO - DAG(s) 'example_python_operator' retrieved from /home/airflow/.local/lib/python3.8/site-packages/airflow/example_dags/example_python_operator.py
[2025-07-03T17:37:00.326+0000] {logging_mixin.py:188} INFO - [2025-07-03T17:37:00.326+0000] {dag.py:3036} INFO - Sync 1 DAGs
[2025-07-03T17:37:00.359+0000] {logging_mixin.py:188} INFO - [2025-07-03T17:37:00.359+0000] {dag.py:3823} INFO - Setting next_dagrun for example_python_operator to None, run_after=None
[2025-07-03T17:37:00.426+0000] {processor.py:183} INFO - Processing /home/airflow/.local/lib/python3.8/site-packages/airflow/example_dags/example_python_operator.py took 0.234 seconds
[2025-07-03T17:37:30.706+0000] {processor.py:161} INFO - Started process (PID=448) to work on /home/airflow/.local/lib/python3.8/site-packages/airflow/example_dags/example_python_operator.py
[2025-07-03T17:37:30.712+0000] {processor.py:830} INFO - Processing file /home/airflow/.local/lib/python3.8/site-packages/airflow/example_dags/example_python_operator.py for tasks to queue
[2025-07-03T17:37:30.728+0000] {logging_mixin.py:188} INFO - [2025-07-03T17:37:30.727+0000] {dagbag.py:538} INFO - Filling up the DagBag from /home/airflow/.local/lib/python3.8/site-packages/airflow/example_dags/example_python_operator.py
[2025-07-03T17:37:30.792+0000] {processor.py:840} INFO - DAG(s) 'example_python_operator' retrieved from /home/airflow/.local/lib/python3.8/site-packages/airflow/example_dags/example_python_operator.py
[2025-07-03T17:37:30.894+0000] {logging_mixin.py:188} INFO - [2025-07-03T17:37:30.893+0000] {dag.py:3036} INFO - Sync 1 DAGs
[2025-07-03T17:37:30.998+0000] {logging_mixin.py:188} INFO - [2025-07-03T17:37:30.998+0000] {dag.py:3823} INFO - Setting next_dagrun for example_python_operator to None, run_after=None
[2025-07-03T17:37:31.108+0000] {processor.py:183} INFO - Processing /home/airflow/.local/lib/python3.8/site-packages/airflow/example_dags/example_python_operator.py took 0.419 seconds
[2025-07-03T17:38:01.789+0000] {processor.py:161} INFO - Started process (PID=506) to work on /home/airflow/.local/lib/python3.8/site-packages/airflow/example_dags/example_python_operator.py
[2025-07-03T17:38:01.797+0000] {processor.py:830} INFO - Processing file /home/airflow/.local/lib/python3.8/site-packages/airflow/example_dags/example_python_operator.py for tasks to queue
[2025-07-03T17:38:01.800+0000] {logging_mixin.py:188} INFO - [2025-07-03T17:38:01.799+0000] {dagbag.py:538} INFO - Filling up the DagBag from /home/airflow/.local/lib/python3.8/site-packages/airflow/example_dags/example_python_operator.py
[2025-07-03T17:38:01.863+0000] {processor.py:840} INFO - DAG(s) 'example_python_operator' retrieved from /home/airflow/.local/lib/python3.8/site-packages/airflow/example_dags/example_python_operator.py
[2025-07-03T17:38:01.956+0000] {logging_mixin.py:188} INFO - [2025-07-03T17:38:01.955+0000] {dag.py:3036} INFO - Sync 1 DAGs
[2025-07-03T17:38:02.006+0000] {logging_mixin.py:188} INFO - [2025-07-03T17:38:02.005+0000] {dag.py:3823} INFO - Setting next_dagrun for example_python_operator to None, run_after=None
[2025-07-03T17:38:02.075+0000] {processor.py:183} INFO - Processing /home/airflow/.local/lib/python3.8/site-packages/airflow/example_dags/example_python_operator.py took 0.309 seconds
[2025-07-03T17:38:32.528+0000] {processor.py:161} INFO - Started process (PID=571) to work on /home/airflow/.local/lib/python3.8/site-packages/airflow/example_dags/example_python_operator.py
[2025-07-03T17:38:32.552+0000] {processor.py:830} INFO - Processing file /home/airflow/.local/lib/python3.8/site-packages/airflow/example_dags/example_python_operator.py for tasks to queue
[2025-07-03T17:38:32.559+0000] {logging_mixin.py:188} INFO - [2025-07-03T17:38:32.558+0000] {dagbag.py:538} INFO - Filling up the DagBag from /home/airflow/.local/lib/python3.8/site-packages/airflow/example_dags/example_python_operator.py
[2025-07-03T17:38:32.655+0000] {processor.py:840} INFO - DAG(s) 'example_python_operator' retrieved from /home/airflow/.local/lib/python3.8/site-packages/airflow/example_dags/example_python_operator.py
[2025-07-03T17:38:32.733+0000] {logging_mixin.py:188} INFO - [2025-07-03T17:38:32.732+0000] {dag.py:3036} INFO - Sync 1 DAGs
[2025-07-03T17:38:32.781+0000] {logging_mixin.py:188} INFO - [2025-07-03T17:38:32.781+0000] {dag.py:3823} INFO - Setting next_dagrun for example_python_operator to None, run_after=None
[2025-07-03T17:38:32.865+0000] {processor.py:183} INFO - Processing /home/airflow/.local/lib/python3.8/site-packages/airflow/example_dags/example_python_operator.py took 0.357 seconds
[2025-07-03T17:39:03.197+0000] {processor.py:161} INFO - Started process (PID=627) to work on /home/airflow/.local/lib/python3.8/site-packages/airflow/example_dags/example_python_operator.py
[2025-07-03T17:39:03.198+0000] {processor.py:830} INFO - Processing file /home/airflow/.local/lib/python3.8/site-packages/airflow/example_dags/example_python_operator.py for tasks to queue
[2025-07-03T17:39:03.201+0000] {logging_mixin.py:188} INFO - [2025-07-03T17:39:03.201+0000] {dagbag.py:538} INFO - Filling up the DagBag from /home/airflow/.local/lib/python3.8/site-packages/airflow/example_dags/example_python_operator.py
[2025-07-03T17:39:03.220+0000] {processor.py:840} INFO - DAG(s) 'example_python_operator' retrieved from /home/airflow/.local/lib/python3.8/site-packages/airflow/example_dags/example_python_operator.py
[2025-07-03T17:39:03.262+0000] {logging_mixin.py:188} INFO - [2025-07-03T17:39:03.261+0000] {dag.py:3036} INFO - Sync 1 DAGs
[2025-07-03T17:39:03.293+0000] {logging_mixin.py:188} INFO - [2025-07-03T17:39:03.293+0000] {dag.py:3823} INFO - Setting next_dagrun for example_python_operator to None, run_after=None
[2025-07-03T17:39:03.356+0000] {processor.py:183} INFO - Processing /home/airflow/.local/lib/python3.8/site-packages/airflow/example_dags/example_python_operator.py took 0.164 seconds
[2025-07-03T17:39:34.060+0000] {processor.py:161} INFO - Started process (PID=692) to work on /home/airflow/.local/lib/python3.8/site-packages/airflow/example_dags/example_python_operator.py
[2025-07-03T17:39:34.061+0000] {processor.py:830} INFO - Processing file /home/airflow/.local/lib/python3.8/site-packages/airflow/example_dags/example_python_operator.py for tasks to queue
[2025-07-03T17:39:34.064+0000] {logging_mixin.py:188} INFO - [2025-07-03T17:39:34.063+0000] {dagbag.py:538} INFO - Filling up the DagBag from /home/airflow/.local/lib/python3.8/site-packages/airflow/example_dags/example_python_operator.py
[2025-07-03T17:39:34.082+0000] {processor.py:840} INFO - DAG(s) 'example_python_operator' retrieved from /home/airflow/.local/lib/python3.8/site-packages/airflow/example_dags/example_python_operator.py
[2025-07-03T17:39:34.121+0000] {logging_mixin.py:188} INFO - [2025-07-03T17:39:34.121+0000] {dag.py:3036} INFO - Sync 1 DAGs
[2025-07-03T17:39:34.146+0000] {logging_mixin.py:188} INFO - [2025-07-03T17:39:34.145+0000] {dag.py:3823} INFO - Setting next_dagrun for example_python_operator to None, run_after=None
[2025-07-03T17:39:34.178+0000] {processor.py:183} INFO - Processing /home/airflow/.local/lib/python3.8/site-packages/airflow/example_dags/example_python_operator.py took 0.123 seconds
[2025-07-03T17:40:04.235+0000] {processor.py:161} INFO - Started process (PID=758) to work on /home/airflow/.local/lib/python3.8/site-packages/airflow/example_dags/example_python_operator.py
[2025-07-03T17:40:04.236+0000] {processor.py:830} INFO - Processing file /home/airflow/.local/lib/python3.8/site-packages/airflow/example_dags/example_python_operator.py for tasks to queue
[2025-07-03T17:40:04.238+0000] {logging_mixin.py:188} INFO - [2025-07-03T17:40:04.238+0000] {dagbag.py:538} INFO - Filling up the DagBag from /home/airflow/.local/lib/python3.8/site-packages/airflow/example_dags/example_python_operator.py
[2025-07-03T17:40:04.251+0000] {processor.py:840} INFO - DAG(s) 'example_python_operator' retrieved from /home/airflow/.local/lib/python3.8/site-packages/airflow/example_dags/example_python_operator.py
[2025-07-03T17:40:04.280+0000] {logging_mixin.py:188} INFO - [2025-07-03T17:40:04.279+0000] {dag.py:3036} INFO - Sync 1 DAGs
[2025-07-03T17:40:04.297+0000] {logging_mixin.py:188} INFO - [2025-07-03T17:40:04.296+0000] {dag.py:3823} INFO - Setting next_dagrun for example_python_operator to None, run_after=None
[2025-07-03T17:40:04.321+0000] {processor.py:183} INFO - Processing /home/airflow/.local/lib/python3.8/site-packages/airflow/example_dags/example_python_operator.py took 0.090 seconds
[2025-07-03T17:40:34.595+0000] {processor.py:161} INFO - Started process (PID=824) to work on /home/airflow/.local/lib/python3.8/site-packages/airflow/example_dags/example_python_operator.py
[2025-07-03T17:40:34.598+0000] {processor.py:830} INFO - Processing file /home/airflow/.local/lib/python3.8/site-packages/airflow/example_dags/example_python_operator.py for tasks to queue
[2025-07-03T17:40:34.601+0000] {logging_mixin.py:188} INFO - [2025-07-03T17:40:34.601+0000] {dagbag.py:538} INFO - Filling up the DagBag from /home/airflow/.local/lib/python3.8/site-packages/airflow/example_dags/example_python_operator.py
[2025-07-03T17:40:34.660+0000] {processor.py:840} INFO - DAG(s) 'example_python_operator' retrieved from /home/airflow/.local/lib/python3.8/site-packages/airflow/example_dags/example_python_operator.py
[2025-07-03T17:40:34.727+0000] {logging_mixin.py:188} INFO - [2025-07-03T17:40:34.726+0000] {dag.py:3036} INFO - Sync 1 DAGs
[2025-07-03T17:40:34.772+0000] {logging_mixin.py:188} INFO - [2025-07-03T17:40:34.771+0000] {dag.py:3823} INFO - Setting next_dagrun for example_python_operator to None, run_after=None
[2025-07-03T17:40:34.809+0000] {processor.py:183} INFO - Processing /home/airflow/.local/lib/python3.8/site-packages/airflow/example_dags/example_python_operator.py took 0.224 seconds
[2025-07-03T17:41:04.941+0000] {processor.py:161} INFO - Started process (PID=888) to work on /home/airflow/.local/lib/python3.8/site-packages/airflow/example_dags/example_python_operator.py
[2025-07-03T17:41:04.953+0000] {processor.py:830} INFO - Processing file /home/airflow/.local/lib/python3.8/site-packages/airflow/example_dags/example_python_operator.py for tasks to queue
[2025-07-03T17:41:04.956+0000] {logging_mixin.py:188} INFO - [2025-07-03T17:41:04.956+0000] {dagbag.py:538} INFO - Filling up the DagBag from /home/airflow/.local/lib/python3.8/site-packages/airflow/example_dags/example_python_operator.py
[2025-07-03T17:41:04.994+0000] {processor.py:840} INFO - DAG(s) 'example_python_operator' retrieved from /home/airflow/.local/lib/python3.8/site-packages/airflow/example_dags/example_python_operator.py
[2025-07-03T17:41:05.045+0000] {logging_mixin.py:188} INFO - [2025-07-03T17:41:05.043+0000] {dag.py:3036} INFO - Sync 1 DAGs
[2025-07-03T17:41:05.085+0000] {logging_mixin.py:188} INFO - [2025-07-03T17:41:05.085+0000] {dag.py:3823} INFO - Setting next_dagrun for example_python_operator to None, run_after=None
[2025-07-03T17:41:05.192+0000] {processor.py:183} INFO - Processing /home/airflow/.local/lib/python3.8/site-packages/airflow/example_dags/example_python_operator.py took 0.256 seconds
[2025-07-03T17:41:35.277+0000] {processor.py:161} INFO - Started process (PID=951) to work on /home/airflow/.local/lib/python3.8/site-packages/airflow/example_dags/example_python_operator.py
[2025-07-03T17:41:35.279+0000] {processor.py:830} INFO - Processing file /home/airflow/.local/lib/python3.8/site-packages/airflow/example_dags/example_python_operator.py for tasks to queue
[2025-07-03T17:41:35.281+0000] {logging_mixin.py:188} INFO - [2025-07-03T17:41:35.281+0000] {dagbag.py:538} INFO - Filling up the DagBag from /home/airflow/.local/lib/python3.8/site-packages/airflow/example_dags/example_python_operator.py
[2025-07-03T17:41:35.300+0000] {processor.py:840} INFO - DAG(s) 'example_python_operator' retrieved from /home/airflow/.local/lib/python3.8/site-packages/airflow/example_dags/example_python_operator.py
[2025-07-03T17:41:35.339+0000] {logging_mixin.py:188} INFO - [2025-07-03T17:41:35.338+0000] {dag.py:3036} INFO - Sync 1 DAGs
[2025-07-03T17:41:35.363+0000] {logging_mixin.py:188} INFO - [2025-07-03T17:41:35.363+0000] {dag.py:3823} INFO - Setting next_dagrun for example_python_operator to None, run_after=None
[2025-07-03T17:41:35.393+0000] {processor.py:183} INFO - Processing /home/airflow/.local/lib/python3.8/site-packages/airflow/example_dags/example_python_operator.py took 0.120 seconds
[2025-07-03T17:42:06.014+0000] {processor.py:161} INFO - Started process (PID=1016) to work on /home/airflow/.local/lib/python3.8/site-packages/airflow/example_dags/example_python_operator.py
[2025-07-03T17:42:06.015+0000] {processor.py:830} INFO - Processing file /home/airflow/.local/lib/python3.8/site-packages/airflow/example_dags/example_python_operator.py for tasks to queue
[2025-07-03T17:42:06.018+0000] {logging_mixin.py:188} INFO - [2025-07-03T17:42:06.017+0000] {dagbag.py:538} INFO - Filling up the DagBag from /home/airflow/.local/lib/python3.8/site-packages/airflow/example_dags/example_python_operator.py
[2025-07-03T17:42:06.035+0000] {processor.py:840} INFO - DAG(s) 'example_python_operator' retrieved from /home/airflow/.local/lib/python3.8/site-packages/airflow/example_dags/example_python_operator.py
[2025-07-03T17:42:06.075+0000] {logging_mixin.py:188} INFO - [2025-07-03T17:42:06.074+0000] {dag.py:3036} INFO - Sync 1 DAGs
[2025-07-03T17:42:06.110+0000] {logging_mixin.py:188} INFO - [2025-07-03T17:42:06.109+0000] {dag.py:3823} INFO - Setting next_dagrun for example_python_operator to None, run_after=None
[2025-07-03T17:42:06.140+0000] {processor.py:183} INFO - Processing /home/airflow/.local/lib/python3.8/site-packages/airflow/example_dags/example_python_operator.py took 0.131 seconds
[2025-07-03T17:42:36.618+0000] {processor.py:161} INFO - Started process (PID=1081) to work on /home/airflow/.local/lib/python3.8/site-packages/airflow/example_dags/example_python_operator.py
[2025-07-03T17:42:36.620+0000] {processor.py:830} INFO - Processing file /home/airflow/.local/lib/python3.8/site-packages/airflow/example_dags/example_python_operator.py for tasks to queue
[2025-07-03T17:42:36.638+0000] {logging_mixin.py:188} INFO - [2025-07-03T17:42:36.638+0000] {dagbag.py:538} INFO - Filling up the DagBag from /home/airflow/.local/lib/python3.8/site-packages/airflow/example_dags/example_python_operator.py
[2025-07-03T17:42:36.682+0000] {processor.py:840} INFO - DAG(s) 'example_python_operator' retrieved from /home/airflow/.local/lib/python3.8/site-packages/airflow/example_dags/example_python_operator.py
[2025-07-03T17:42:36.758+0000] {logging_mixin.py:188} INFO - [2025-07-03T17:42:36.757+0000] {dag.py:3036} INFO - Sync 1 DAGs
[2025-07-03T17:42:36.824+0000] {logging_mixin.py:188} INFO - [2025-07-03T17:42:36.824+0000] {dag.py:3823} INFO - Setting next_dagrun for example_python_operator to None, run_after=None
[2025-07-03T17:42:36.875+0000] {processor.py:183} INFO - Processing /home/airflow/.local/lib/python3.8/site-packages/airflow/example_dags/example_python_operator.py took 0.261 seconds
[2025-07-03T17:43:07.125+0000] {processor.py:161} INFO - Started process (PID=1143) to work on /home/airflow/.local/lib/python3.8/site-packages/airflow/example_dags/example_python_operator.py
[2025-07-03T17:43:07.139+0000] {processor.py:830} INFO - Processing file /home/airflow/.local/lib/python3.8/site-packages/airflow/example_dags/example_python_operator.py for tasks to queue
[2025-07-03T17:43:07.144+0000] {logging_mixin.py:188} INFO - [2025-07-03T17:43:07.143+0000] {dagbag.py:538} INFO - Filling up the DagBag from /home/airflow/.local/lib/python3.8/site-packages/airflow/example_dags/example_python_operator.py
[2025-07-03T17:43:07.180+0000] {processor.py:840} INFO - DAG(s) 'example_python_operator' retrieved from /home/airflow/.local/lib/python3.8/site-packages/airflow/example_dags/example_python_operator.py
[2025-07-03T17:43:07.231+0000] {logging_mixin.py:188} INFO - [2025-07-03T17:43:07.230+0000] {dag.py:3036} INFO - Sync 1 DAGs
[2025-07-03T17:43:07.253+0000] {logging_mixin.py:188} INFO - [2025-07-03T17:43:07.253+0000] {dag.py:3823} INFO - Setting next_dagrun for example_python_operator to None, run_after=None
[2025-07-03T17:43:07.307+0000] {processor.py:183} INFO - Processing /home/airflow/.local/lib/python3.8/site-packages/airflow/example_dags/example_python_operator.py took 0.191 seconds
[2025-07-03T17:43:38.045+0000] {processor.py:161} INFO - Started process (PID=1209) to work on /home/airflow/.local/lib/python3.8/site-packages/airflow/example_dags/example_python_operator.py
[2025-07-03T17:43:38.046+0000] {processor.py:830} INFO - Processing file /home/airflow/.local/lib/python3.8/site-packages/airflow/example_dags/example_python_operator.py for tasks to queue
[2025-07-03T17:43:38.048+0000] {logging_mixin.py:188} INFO - [2025-07-03T17:43:38.047+0000] {dagbag.py:538} INFO - Filling up the DagBag from /home/airflow/.local/lib/python3.8/site-packages/airflow/example_dags/example_python_operator.py
[2025-07-03T17:43:38.064+0000] {processor.py:840} INFO - DAG(s) 'example_python_operator' retrieved from /home/airflow/.local/lib/python3.8/site-packages/airflow/example_dags/example_python_operator.py
[2025-07-03T17:43:38.093+0000] {logging_mixin.py:188} INFO - [2025-07-03T17:43:38.092+0000] {dag.py:3036} INFO - Sync 1 DAGs
[2025-07-03T17:43:38.111+0000] {logging_mixin.py:188} INFO - [2025-07-03T17:43:38.111+0000] {dag.py:3823} INFO - Setting next_dagrun for example_python_operator to None, run_after=None
[2025-07-03T17:43:38.139+0000] {processor.py:183} INFO - Processing /home/airflow/.local/lib/python3.8/site-packages/airflow/example_dags/example_python_operator.py took 0.098 seconds
[2025-07-03T17:44:08.861+0000] {processor.py:161} INFO - Started process (PID=1274) to work on /home/airflow/.local/lib/python3.8/site-packages/airflow/example_dags/example_python_operator.py
[2025-07-03T17:44:08.862+0000] {processor.py:830} INFO - Processing file /home/airflow/.local/lib/python3.8/site-packages/airflow/example_dags/example_python_operator.py for tasks to queue
[2025-07-03T17:44:08.864+0000] {logging_mixin.py:188} INFO - [2025-07-03T17:44:08.864+0000] {dagbag.py:538} INFO - Filling up the DagBag from /home/airflow/.local/lib/python3.8/site-packages/airflow/example_dags/example_python_operator.py
[2025-07-03T17:44:08.877+0000] {processor.py:840} INFO - DAG(s) 'example_python_operator' retrieved from /home/airflow/.local/lib/python3.8/site-packages/airflow/example_dags/example_python_operator.py
[2025-07-03T17:44:08.912+0000] {logging_mixin.py:188} INFO - [2025-07-03T17:44:08.912+0000] {dag.py:3036} INFO - Sync 1 DAGs
[2025-07-03T17:44:08.938+0000] {logging_mixin.py:188} INFO - [2025-07-03T17:44:08.938+0000] {dag.py:3823} INFO - Setting next_dagrun for example_python_operator to None, run_after=None
[2025-07-03T17:44:08.985+0000] {processor.py:183} INFO - Processing /home/airflow/.local/lib/python3.8/site-packages/airflow/example_dags/example_python_operator.py took 0.127 seconds
[2025-07-03T17:44:39.366+0000] {processor.py:161} INFO - Started process (PID=1339) to work on /home/airflow/.local/lib/python3.8/site-packages/airflow/example_dags/example_python_operator.py
[2025-07-03T17:44:39.367+0000] {processor.py:830} INFO - Processing file /home/airflow/.local/lib/python3.8/site-packages/airflow/example_dags/example_python_operator.py for tasks to queue
[2025-07-03T17:44:39.369+0000] {logging_mixin.py:188} INFO - [2025-07-03T17:44:39.368+0000] {dagbag.py:538} INFO - Filling up the DagBag from /home/airflow/.local/lib/python3.8/site-packages/airflow/example_dags/example_python_operator.py
[2025-07-03T17:44:39.382+0000] {processor.py:840} INFO - DAG(s) 'example_python_operator' retrieved from /home/airflow/.local/lib/python3.8/site-packages/airflow/example_dags/example_python_operator.py
[2025-07-03T17:44:39.411+0000] {logging_mixin.py:188} INFO - [2025-07-03T17:44:39.411+0000] {dag.py:3036} INFO - Sync 1 DAGs
[2025-07-03T17:44:39.428+0000] {logging_mixin.py:188} INFO - [2025-07-03T17:44:39.427+0000] {dag.py:3823} INFO - Setting next_dagrun for example_python_operator to None, run_after=None
[2025-07-03T17:44:39.483+0000] {processor.py:183} INFO - Processing /home/airflow/.local/lib/python3.8/site-packages/airflow/example_dags/example_python_operator.py took 0.121 seconds
[2025-07-03T17:45:10.185+0000] {processor.py:161} INFO - Started process (PID=1404) to work on /home/airflow/.local/lib/python3.8/site-packages/airflow/example_dags/example_python_operator.py
[2025-07-03T17:45:10.187+0000] {processor.py:830} INFO - Processing file /home/airflow/.local/lib/python3.8/site-packages/airflow/example_dags/example_python_operator.py for tasks to queue
[2025-07-03T17:45:10.190+0000] {logging_mixin.py:188} INFO - [2025-07-03T17:45:10.190+0000] {dagbag.py:538} INFO - Filling up the DagBag from /home/airflow/.local/lib/python3.8/site-packages/airflow/example_dags/example_python_operator.py
[2025-07-03T17:45:10.208+0000] {processor.py:840} INFO - DAG(s) 'example_python_operator' retrieved from /home/airflow/.local/lib/python3.8/site-packages/airflow/example_dags/example_python_operator.py
[2025-07-03T17:45:10.249+0000] {logging_mixin.py:188} INFO - [2025-07-03T17:45:10.249+0000] {dag.py:3036} INFO - Sync 1 DAGs
[2025-07-03T17:45:10.266+0000] {logging_mixin.py:188} INFO - [2025-07-03T17:45:10.266+0000] {dag.py:3823} INFO - Setting next_dagrun for example_python_operator to None, run_after=None
[2025-07-03T17:45:10.291+0000] {processor.py:183} INFO - Processing /home/airflow/.local/lib/python3.8/site-packages/airflow/example_dags/example_python_operator.py took 0.110 seconds
[2025-07-03T17:45:40.762+0000] {processor.py:161} INFO - Started process (PID=1469) to work on /home/airflow/.local/lib/python3.8/site-packages/airflow/example_dags/example_python_operator.py
[2025-07-03T17:45:40.763+0000] {processor.py:830} INFO - Processing file /home/airflow/.local/lib/python3.8/site-packages/airflow/example_dags/example_python_operator.py for tasks to queue
[2025-07-03T17:45:40.765+0000] {logging_mixin.py:188} INFO - [2025-07-03T17:45:40.764+0000] {dagbag.py:538} INFO - Filling up the DagBag from /home/airflow/.local/lib/python3.8/site-packages/airflow/example_dags/example_python_operator.py
[2025-07-03T17:45:40.780+0000] {processor.py:840} INFO - DAG(s) 'example_python_operator' retrieved from /home/airflow/.local/lib/python3.8/site-packages/airflow/example_dags/example_python_operator.py
[2025-07-03T17:45:40.808+0000] {logging_mixin.py:188} INFO - [2025-07-03T17:45:40.808+0000] {dag.py:3036} INFO - Sync 1 DAGs
[2025-07-03T17:45:40.825+0000] {logging_mixin.py:188} INFO - [2025-07-03T17:45:40.825+0000] {dag.py:3823} INFO - Setting next_dagrun for example_python_operator to None, run_after=None
[2025-07-03T17:45:40.849+0000] {processor.py:183} INFO - Processing /home/airflow/.local/lib/python3.8/site-packages/airflow/example_dags/example_python_operator.py took 0.092 seconds
[2025-07-03T17:46:10.945+0000] {processor.py:161} INFO - Started process (PID=1534) to work on /home/airflow/.local/lib/python3.8/site-packages/airflow/example_dags/example_python_operator.py
[2025-07-03T17:46:10.947+0000] {processor.py:830} INFO - Processing file /home/airflow/.local/lib/python3.8/site-packages/airflow/example_dags/example_python_operator.py for tasks to queue
[2025-07-03T17:46:10.961+0000] {logging_mixin.py:188} INFO - [2025-07-03T17:46:10.960+0000] {dagbag.py:538} INFO - Filling up the DagBag from /home/airflow/.local/lib/python3.8/site-packages/airflow/example_dags/example_python_operator.py
[2025-07-03T17:46:10.978+0000] {processor.py:840} INFO - DAG(s) 'example_python_operator' retrieved from /home/airflow/.local/lib/python3.8/site-packages/airflow/example_dags/example_python_operator.py
[2025-07-03T17:46:11.009+0000] {logging_mixin.py:188} INFO - [2025-07-03T17:46:11.009+0000] {dag.py:3036} INFO - Sync 1 DAGs
[2025-07-03T17:46:11.028+0000] {logging_mixin.py:188} INFO - [2025-07-03T17:46:11.027+0000] {dag.py:3823} INFO - Setting next_dagrun for example_python_operator to None, run_after=None
[2025-07-03T17:46:11.052+0000] {processor.py:183} INFO - Processing /home/airflow/.local/lib/python3.8/site-packages/airflow/example_dags/example_python_operator.py took 0.113 seconds
[2025-07-03T17:46:41.113+0000] {processor.py:161} INFO - Started process (PID=1598) to work on /home/airflow/.local/lib/python3.8/site-packages/airflow/example_dags/example_python_operator.py
[2025-07-03T17:46:41.114+0000] {processor.py:830} INFO - Processing file /home/airflow/.local/lib/python3.8/site-packages/airflow/example_dags/example_python_operator.py for tasks to queue
[2025-07-03T17:46:41.116+0000] {logging_mixin.py:188} INFO - [2025-07-03T17:46:41.116+0000] {dagbag.py:538} INFO - Filling up the DagBag from /home/airflow/.local/lib/python3.8/site-packages/airflow/example_dags/example_python_operator.py
[2025-07-03T17:46:41.131+0000] {processor.py:840} INFO - DAG(s) 'example_python_operator' retrieved from /home/airflow/.local/lib/python3.8/site-packages/airflow/example_dags/example_python_operator.py
[2025-07-03T17:46:41.162+0000] {logging_mixin.py:188} INFO - [2025-07-03T17:46:41.161+0000] {dag.py:3036} INFO - Sync 1 DAGs
[2025-07-03T17:46:41.179+0000] {logging_mixin.py:188} INFO - [2025-07-03T17:46:41.179+0000] {dag.py:3823} INFO - Setting next_dagrun for example_python_operator to None, run_after=None
[2025-07-03T17:46:41.205+0000] {processor.py:183} INFO - Processing /home/airflow/.local/lib/python3.8/site-packages/airflow/example_dags/example_python_operator.py took 0.096 seconds
[2025-07-03T17:47:11.477+0000] {processor.py:161} INFO - Started process (PID=1663) to work on /home/airflow/.local/lib/python3.8/site-packages/airflow/example_dags/example_python_operator.py
[2025-07-03T17:47:11.479+0000] {processor.py:830} INFO - Processing file /home/airflow/.local/lib/python3.8/site-packages/airflow/example_dags/example_python_operator.py for tasks to queue
[2025-07-03T17:47:11.481+0000] {logging_mixin.py:188} INFO - [2025-07-03T17:47:11.481+0000] {dagbag.py:538} INFO - Filling up the DagBag from /home/airflow/.local/lib/python3.8/site-packages/airflow/example_dags/example_python_operator.py
[2025-07-03T17:47:11.497+0000] {processor.py:840} INFO - DAG(s) 'example_python_operator' retrieved from /home/airflow/.local/lib/python3.8/site-packages/airflow/example_dags/example_python_operator.py
[2025-07-03T17:47:11.536+0000] {logging_mixin.py:188} INFO - [2025-07-03T17:47:11.535+0000] {dag.py:3036} INFO - Sync 1 DAGs
[2025-07-03T17:47:11.561+0000] {logging_mixin.py:188} INFO - [2025-07-03T17:47:11.560+0000] {dag.py:3823} INFO - Setting next_dagrun for example_python_operator to None, run_after=None
[2025-07-03T17:47:11.592+0000] {processor.py:183} INFO - Processing /home/airflow/.local/lib/python3.8/site-packages/airflow/example_dags/example_python_operator.py took 0.120 seconds
[2025-07-03T17:47:41.710+0000] {processor.py:161} INFO - Started process (PID=1728) to work on /home/airflow/.local/lib/python3.8/site-packages/airflow/example_dags/example_python_operator.py
[2025-07-03T17:47:41.711+0000] {processor.py:830} INFO - Processing file /home/airflow/.local/lib/python3.8/site-packages/airflow/example_dags/example_python_operator.py for tasks to queue
[2025-07-03T17:47:41.714+0000] {logging_mixin.py:188} INFO - [2025-07-03T17:47:41.713+0000] {dagbag.py:538} INFO - Filling up the DagBag from /home/airflow/.local/lib/python3.8/site-packages/airflow/example_dags/example_python_operator.py
[2025-07-03T17:47:41.727+0000] {processor.py:840} INFO - DAG(s) 'example_python_operator' retrieved from /home/airflow/.local/lib/python3.8/site-packages/airflow/example_dags/example_python_operator.py
[2025-07-03T17:47:41.763+0000] {logging_mixin.py:188} INFO - [2025-07-03T17:47:41.763+0000] {dag.py:3036} INFO - Sync 1 DAGs
[2025-07-03T17:47:41.780+0000] {logging_mixin.py:188} INFO - [2025-07-03T17:47:41.780+0000] {dag.py:3823} INFO - Setting next_dagrun for example_python_operator to None, run_after=None
[2025-07-03T17:47:41.805+0000] {processor.py:183} INFO - Processing /home/airflow/.local/lib/python3.8/site-packages/airflow/example_dags/example_python_operator.py took 0.098 seconds
[2025-07-03T17:48:12.087+0000] {processor.py:161} INFO - Started process (PID=1793) to work on /home/airflow/.local/lib/python3.8/site-packages/airflow/example_dags/example_python_operator.py
[2025-07-03T17:48:12.097+0000] {processor.py:830} INFO - Processing file /home/airflow/.local/lib/python3.8/site-packages/airflow/example_dags/example_python_operator.py for tasks to queue
[2025-07-03T17:48:12.099+0000] {logging_mixin.py:188} INFO - [2025-07-03T17:48:12.099+0000] {dagbag.py:538} INFO - Filling up the DagBag from /home/airflow/.local/lib/python3.8/site-packages/airflow/example_dags/example_python_operator.py
[2025-07-03T17:48:12.169+0000] {processor.py:840} INFO - DAG(s) 'example_python_operator' retrieved from /home/airflow/.local/lib/python3.8/site-packages/airflow/example_dags/example_python_operator.py
[2025-07-03T17:48:12.225+0000] {logging_mixin.py:188} INFO - [2025-07-03T17:48:12.225+0000] {dag.py:3036} INFO - Sync 1 DAGs
[2025-07-03T17:48:12.250+0000] {logging_mixin.py:188} INFO - [2025-07-03T17:48:12.250+0000] {dag.py:3823} INFO - Setting next_dagrun for example_python_operator to None, run_after=None
[2025-07-03T17:48:12.302+0000] {processor.py:183} INFO - Processing /home/airflow/.local/lib/python3.8/site-packages/airflow/example_dags/example_python_operator.py took 0.242 seconds
[2025-07-03T17:48:42.681+0000] {processor.py:161} INFO - Started process (PID=1856) to work on /home/airflow/.local/lib/python3.8/site-packages/airflow/example_dags/example_python_operator.py
[2025-07-03T17:48:42.683+0000] {processor.py:830} INFO - Processing file /home/airflow/.local/lib/python3.8/site-packages/airflow/example_dags/example_python_operator.py for tasks to queue
[2025-07-03T17:48:42.686+0000] {logging_mixin.py:188} INFO - [2025-07-03T17:48:42.685+0000] {dagbag.py:538} INFO - Filling up the DagBag from /home/airflow/.local/lib/python3.8/site-packages/airflow/example_dags/example_python_operator.py
[2025-07-03T17:48:42.711+0000] {processor.py:840} INFO - DAG(s) 'example_python_operator' retrieved from /home/airflow/.local/lib/python3.8/site-packages/airflow/example_dags/example_python_operator.py
[2025-07-03T17:48:42.749+0000] {logging_mixin.py:188} INFO - [2025-07-03T17:48:42.748+0000] {dag.py:3036} INFO - Sync 1 DAGs
[2025-07-03T17:48:42.778+0000] {logging_mixin.py:188} INFO - [2025-07-03T17:48:42.777+0000] {dag.py:3823} INFO - Setting next_dagrun for example_python_operator to None, run_after=None
[2025-07-03T17:48:42.837+0000] {processor.py:183} INFO - Processing /home/airflow/.local/lib/python3.8/site-packages/airflow/example_dags/example_python_operator.py took 0.164 seconds
[2025-07-03T17:49:13.555+0000] {processor.py:161} INFO - Started process (PID=1922) to work on /home/airflow/.local/lib/python3.8/site-packages/airflow/example_dags/example_python_operator.py
[2025-07-03T17:49:13.573+0000] {processor.py:830} INFO - Processing file /home/airflow/.local/lib/python3.8/site-packages/airflow/example_dags/example_python_operator.py for tasks to queue
[2025-07-03T17:49:13.583+0000] {logging_mixin.py:188} INFO - [2025-07-03T17:49:13.580+0000] {dagbag.py:538} INFO - Filling up the DagBag from /home/airflow/.local/lib/python3.8/site-packages/airflow/example_dags/example_python_operator.py
[2025-07-03T17:49:13.611+0000] {processor.py:840} INFO - DAG(s) 'example_python_operator' retrieved from /home/airflow/.local/lib/python3.8/site-packages/airflow/example_dags/example_python_operator.py
[2025-07-03T17:49:13.675+0000] {logging_mixin.py:188} INFO - [2025-07-03T17:49:13.675+0000] {dag.py:3036} INFO - Sync 1 DAGs
[2025-07-03T17:49:13.699+0000] {logging_mixin.py:188} INFO - [2025-07-03T17:49:13.698+0000] {dag.py:3823} INFO - Setting next_dagrun for example_python_operator to None, run_after=None
[2025-07-03T17:49:13.801+0000] {processor.py:183} INFO - Processing /home/airflow/.local/lib/python3.8/site-packages/airflow/example_dags/example_python_operator.py took 0.264 seconds
[2025-07-03T17:49:44.374+0000] {processor.py:161} INFO - Started process (PID=1987) to work on /home/airflow/.local/lib/python3.8/site-packages/airflow/example_dags/example_python_operator.py
[2025-07-03T17:49:44.375+0000] {processor.py:830} INFO - Processing file /home/airflow/.local/lib/python3.8/site-packages/airflow/example_dags/example_python_operator.py for tasks to queue
[2025-07-03T17:49:44.378+0000] {logging_mixin.py:188} INFO - [2025-07-03T17:49:44.378+0000] {dagbag.py:538} INFO - Filling up the DagBag from /home/airflow/.local/lib/python3.8/site-packages/airflow/example_dags/example_python_operator.py
[2025-07-03T17:49:44.396+0000] {processor.py:840} INFO - DAG(s) 'example_python_operator' retrieved from /home/airflow/.local/lib/python3.8/site-packages/airflow/example_dags/example_python_operator.py
[2025-07-03T17:49:44.440+0000] {logging_mixin.py:188} INFO - [2025-07-03T17:49:44.440+0000] {dag.py:3036} INFO - Sync 1 DAGs
[2025-07-03T17:49:44.465+0000] {logging_mixin.py:188} INFO - [2025-07-03T17:49:44.464+0000] {dag.py:3823} INFO - Setting next_dagrun for example_python_operator to None, run_after=None
[2025-07-03T17:49:44.500+0000] {processor.py:183} INFO - Processing /home/airflow/.local/lib/python3.8/site-packages/airflow/example_dags/example_python_operator.py took 0.131 seconds
[2025-07-03T17:50:14.996+0000] {processor.py:161} INFO - Started process (PID=2051) to work on /home/airflow/.local/lib/python3.8/site-packages/airflow/example_dags/example_python_operator.py
[2025-07-03T17:50:14.997+0000] {processor.py:830} INFO - Processing file /home/airflow/.local/lib/python3.8/site-packages/airflow/example_dags/example_python_operator.py for tasks to queue
[2025-07-03T17:50:15.000+0000] {logging_mixin.py:188} INFO - [2025-07-03T17:50:15.000+0000] {dagbag.py:538} INFO - Filling up the DagBag from /home/airflow/.local/lib/python3.8/site-packages/airflow/example_dags/example_python_operator.py
[2025-07-03T17:50:15.020+0000] {processor.py:840} INFO - DAG(s) 'example_python_operator' retrieved from /home/airflow/.local/lib/python3.8/site-packages/airflow/example_dags/example_python_operator.py
[2025-07-03T17:50:15.102+0000] {logging_mixin.py:188} INFO - [2025-07-03T17:50:15.101+0000] {dag.py:3036} INFO - Sync 1 DAGs
[2025-07-03T17:50:15.159+0000] {logging_mixin.py:188} INFO - [2025-07-03T17:50:15.159+0000] {dag.py:3823} INFO - Setting next_dagrun for example_python_operator to None, run_after=None
[2025-07-03T17:50:15.240+0000] {processor.py:183} INFO - Processing /home/airflow/.local/lib/python3.8/site-packages/airflow/example_dags/example_python_operator.py took 0.249 seconds
[2025-07-03T17:50:45.862+0000] {processor.py:161} INFO - Started process (PID=2123) to work on /home/airflow/.local/lib/python3.8/site-packages/airflow/example_dags/example_python_operator.py
[2025-07-03T17:50:45.863+0000] {processor.py:830} INFO - Processing file /home/airflow/.local/lib/python3.8/site-packages/airflow/example_dags/example_python_operator.py for tasks to queue
[2025-07-03T17:50:45.866+0000] {logging_mixin.py:188} INFO - [2025-07-03T17:50:45.865+0000] {dagbag.py:538} INFO - Filling up the DagBag from /home/airflow/.local/lib/python3.8/site-packages/airflow/example_dags/example_python_operator.py
[2025-07-03T17:50:45.903+0000] {processor.py:840} INFO - DAG(s) 'example_python_operator' retrieved from /home/airflow/.local/lib/python3.8/site-packages/airflow/example_dags/example_python_operator.py
[2025-07-03T17:50:45.971+0000] {logging_mixin.py:188} INFO - [2025-07-03T17:50:45.971+0000] {dag.py:3036} INFO - Sync 1 DAGs
[2025-07-03T17:50:46.020+0000] {logging_mixin.py:188} INFO - [2025-07-03T17:50:46.020+0000] {dag.py:3823} INFO - Setting next_dagrun for example_python_operator to None, run_after=None
[2025-07-03T17:50:46.106+0000] {processor.py:183} INFO - Processing /home/airflow/.local/lib/python3.8/site-packages/airflow/example_dags/example_python_operator.py took 0.254 seconds
[2025-07-03T17:51:16.479+0000] {processor.py:161} INFO - Started process (PID=2189) to work on /home/airflow/.local/lib/python3.8/site-packages/airflow/example_dags/example_python_operator.py
[2025-07-03T17:51:16.490+0000] {processor.py:830} INFO - Processing file /home/airflow/.local/lib/python3.8/site-packages/airflow/example_dags/example_python_operator.py for tasks to queue
[2025-07-03T17:51:16.493+0000] {logging_mixin.py:188} INFO - [2025-07-03T17:51:16.492+0000] {dagbag.py:538} INFO - Filling up the DagBag from /home/airflow/.local/lib/python3.8/site-packages/airflow/example_dags/example_python_operator.py
[2025-07-03T17:51:16.524+0000] {processor.py:840} INFO - DAG(s) 'example_python_operator' retrieved from /home/airflow/.local/lib/python3.8/site-packages/airflow/example_dags/example_python_operator.py
[2025-07-03T17:51:16.565+0000] {logging_mixin.py:188} INFO - [2025-07-03T17:51:16.564+0000] {dag.py:3036} INFO - Sync 1 DAGs
[2025-07-03T17:51:16.590+0000] {logging_mixin.py:188} INFO - [2025-07-03T17:51:16.590+0000] {dag.py:3823} INFO - Setting next_dagrun for example_python_operator to None, run_after=None
[2025-07-03T17:51:16.646+0000] {processor.py:183} INFO - Processing /home/airflow/.local/lib/python3.8/site-packages/airflow/example_dags/example_python_operator.py took 0.178 seconds
[2025-07-03T17:51:47.361+0000] {processor.py:161} INFO - Started process (PID=2254) to work on /home/airflow/.local/lib/python3.8/site-packages/airflow/example_dags/example_python_operator.py
[2025-07-03T17:51:47.377+0000] {processor.py:830} INFO - Processing file /home/airflow/.local/lib/python3.8/site-packages/airflow/example_dags/example_python_operator.py for tasks to queue
[2025-07-03T17:51:47.384+0000] {logging_mixin.py:188} INFO - [2025-07-03T17:51:47.383+0000] {dagbag.py:538} INFO - Filling up the DagBag from /home/airflow/.local/lib/python3.8/site-packages/airflow/example_dags/example_python_operator.py
[2025-07-03T17:51:47.419+0000] {processor.py:840} INFO - DAG(s) 'example_python_operator' retrieved from /home/airflow/.local/lib/python3.8/site-packages/airflow/example_dags/example_python_operator.py
[2025-07-03T17:51:47.490+0000] {logging_mixin.py:188} INFO - [2025-07-03T17:51:47.490+0000] {dag.py:3036} INFO - Sync 1 DAGs
[2025-07-03T17:51:47.536+0000] {logging_mixin.py:188} INFO - [2025-07-03T17:51:47.536+0000] {dag.py:3823} INFO - Setting next_dagrun for example_python_operator to None, run_after=None
[2025-07-03T17:51:47.586+0000] {processor.py:183} INFO - Processing /home/airflow/.local/lib/python3.8/site-packages/airflow/example_dags/example_python_operator.py took 0.240 seconds
[2025-07-03T17:52:18.227+0000] {processor.py:161} INFO - Started process (PID=2320) to work on /home/airflow/.local/lib/python3.8/site-packages/airflow/example_dags/example_python_operator.py
[2025-07-03T17:52:18.228+0000] {processor.py:830} INFO - Processing file /home/airflow/.local/lib/python3.8/site-packages/airflow/example_dags/example_python_operator.py for tasks to queue
[2025-07-03T17:52:18.231+0000] {logging_mixin.py:188} INFO - [2025-07-03T17:52:18.231+0000] {dagbag.py:538} INFO - Filling up the DagBag from /home/airflow/.local/lib/python3.8/site-packages/airflow/example_dags/example_python_operator.py
[2025-07-03T17:52:18.265+0000] {processor.py:840} INFO - DAG(s) 'example_python_operator' retrieved from /home/airflow/.local/lib/python3.8/site-packages/airflow/example_dags/example_python_operator.py
[2025-07-03T17:52:18.349+0000] {logging_mixin.py:188} INFO - [2025-07-03T17:52:18.348+0000] {dag.py:3036} INFO - Sync 1 DAGs
[2025-07-03T17:52:18.373+0000] {logging_mixin.py:188} INFO - [2025-07-03T17:52:18.373+0000] {dag.py:3823} INFO - Setting next_dagrun for example_python_operator to None, run_after=None
[2025-07-03T17:52:18.410+0000] {processor.py:183} INFO - Processing /home/airflow/.local/lib/python3.8/site-packages/airflow/example_dags/example_python_operator.py took 0.198 seconds
[2025-07-03T17:52:48.872+0000] {processor.py:161} INFO - Started process (PID=2386) to work on /home/airflow/.local/lib/python3.8/site-packages/airflow/example_dags/example_python_operator.py
[2025-07-03T17:52:48.882+0000] {processor.py:830} INFO - Processing file /home/airflow/.local/lib/python3.8/site-packages/airflow/example_dags/example_python_operator.py for tasks to queue
[2025-07-03T17:52:48.885+0000] {logging_mixin.py:188} INFO - [2025-07-03T17:52:48.884+0000] {dagbag.py:538} INFO - Filling up the DagBag from /home/airflow/.local/lib/python3.8/site-packages/airflow/example_dags/example_python_operator.py
[2025-07-03T17:52:48.930+0000] {processor.py:840} INFO - DAG(s) 'example_python_operator' retrieved from /home/airflow/.local/lib/python3.8/site-packages/airflow/example_dags/example_python_operator.py
[2025-07-03T17:52:49.008+0000] {logging_mixin.py:188} INFO - [2025-07-03T17:52:49.008+0000] {dag.py:3036} INFO - Sync 1 DAGs
[2025-07-03T17:52:49.041+0000] {logging_mixin.py:188} INFO - [2025-07-03T17:52:49.040+0000] {dag.py:3823} INFO - Setting next_dagrun for example_python_operator to None, run_after=None
[2025-07-03T17:52:49.091+0000] {processor.py:183} INFO - Processing /home/airflow/.local/lib/python3.8/site-packages/airflow/example_dags/example_python_operator.py took 0.223 seconds
[2025-07-03T17:53:19.133+0000] {processor.py:161} INFO - Started process (PID=2443) to work on /home/airflow/.local/lib/python3.8/site-packages/airflow/example_dags/example_python_operator.py
[2025-07-03T17:53:19.135+0000] {processor.py:830} INFO - Processing file /home/airflow/.local/lib/python3.8/site-packages/airflow/example_dags/example_python_operator.py for tasks to queue
[2025-07-03T17:53:19.140+0000] {logging_mixin.py:188} INFO - [2025-07-03T17:53:19.139+0000] {dagbag.py:538} INFO - Filling up the DagBag from /home/airflow/.local/lib/python3.8/site-packages/airflow/example_dags/example_python_operator.py
[2025-07-03T17:53:19.182+0000] {processor.py:840} INFO - DAG(s) 'example_python_operator' retrieved from /home/airflow/.local/lib/python3.8/site-packages/airflow/example_dags/example_python_operator.py
[2025-07-03T17:53:19.237+0000] {logging_mixin.py:188} INFO - [2025-07-03T17:53:19.236+0000] {dag.py:3036} INFO - Sync 1 DAGs
[2025-07-03T17:53:19.277+0000] {logging_mixin.py:188} INFO - [2025-07-03T17:53:19.269+0000] {dag.py:3823} INFO - Setting next_dagrun for example_python_operator to None, run_after=None
[2025-07-03T17:53:19.312+0000] {processor.py:183} INFO - Processing /home/airflow/.local/lib/python3.8/site-packages/airflow/example_dags/example_python_operator.py took 0.184 seconds
[2025-07-03T17:53:49.516+0000] {processor.py:161} INFO - Started process (PID=2510) to work on /home/airflow/.local/lib/python3.8/site-packages/airflow/example_dags/example_python_operator.py
[2025-07-03T17:53:49.518+0000] {processor.py:830} INFO - Processing file /home/airflow/.local/lib/python3.8/site-packages/airflow/example_dags/example_python_operator.py for tasks to queue
[2025-07-03T17:53:49.521+0000] {logging_mixin.py:188} INFO - [2025-07-03T17:53:49.520+0000] {dagbag.py:538} INFO - Filling up the DagBag from /home/airflow/.local/lib/python3.8/site-packages/airflow/example_dags/example_python_operator.py
[2025-07-03T17:53:49.541+0000] {processor.py:840} INFO - DAG(s) 'example_python_operator' retrieved from /home/airflow/.local/lib/python3.8/site-packages/airflow/example_dags/example_python_operator.py
[2025-07-03T17:53:49.583+0000] {logging_mixin.py:188} INFO - [2025-07-03T17:53:49.582+0000] {dag.py:3036} INFO - Sync 1 DAGs
[2025-07-03T17:53:49.608+0000] {logging_mixin.py:188} INFO - [2025-07-03T17:53:49.608+0000] {dag.py:3823} INFO - Setting next_dagrun for example_python_operator to None, run_after=None
[2025-07-03T17:53:49.642+0000] {processor.py:183} INFO - Processing /home/airflow/.local/lib/python3.8/site-packages/airflow/example_dags/example_python_operator.py took 0.131 seconds
[2025-07-03T17:54:19.988+0000] {processor.py:161} INFO - Started process (PID=2574) to work on /home/airflow/.local/lib/python3.8/site-packages/airflow/example_dags/example_python_operator.py
[2025-07-03T17:54:19.989+0000] {processor.py:830} INFO - Processing file /home/airflow/.local/lib/python3.8/site-packages/airflow/example_dags/example_python_operator.py for tasks to queue
[2025-07-03T17:54:19.991+0000] {logging_mixin.py:188} INFO - [2025-07-03T17:54:19.991+0000] {dagbag.py:538} INFO - Filling up the DagBag from /home/airflow/.local/lib/python3.8/site-packages/airflow/example_dags/example_python_operator.py
[2025-07-03T17:54:20.017+0000] {processor.py:840} INFO - DAG(s) 'example_python_operator' retrieved from /home/airflow/.local/lib/python3.8/site-packages/airflow/example_dags/example_python_operator.py
[2025-07-03T17:54:20.054+0000] {logging_mixin.py:188} INFO - [2025-07-03T17:54:20.054+0000] {dag.py:3036} INFO - Sync 1 DAGs
[2025-07-03T17:54:20.079+0000] {logging_mixin.py:188} INFO - [2025-07-03T17:54:20.079+0000] {dag.py:3823} INFO - Setting next_dagrun for example_python_operator to None, run_after=None
[2025-07-03T17:54:20.115+0000] {processor.py:183} INFO - Processing /home/airflow/.local/lib/python3.8/site-packages/airflow/example_dags/example_python_operator.py took 0.134 seconds
[2025-07-03T17:54:50.910+0000] {processor.py:161} INFO - Started process (PID=2638) to work on /home/airflow/.local/lib/python3.8/site-packages/airflow/example_dags/example_python_operator.py
[2025-07-03T17:54:50.974+0000] {processor.py:830} INFO - Processing file /home/airflow/.local/lib/python3.8/site-packages/airflow/example_dags/example_python_operator.py for tasks to queue
[2025-07-03T17:54:50.977+0000] {logging_mixin.py:188} INFO - [2025-07-03T17:54:50.976+0000] {dagbag.py:538} INFO - Filling up the DagBag from /home/airflow/.local/lib/python3.8/site-packages/airflow/example_dags/example_python_operator.py
[2025-07-03T17:54:51.014+0000] {processor.py:840} INFO - DAG(s) 'example_python_operator' retrieved from /home/airflow/.local/lib/python3.8/site-packages/airflow/example_dags/example_python_operator.py
[2025-07-03T17:54:51.099+0000] {logging_mixin.py:188} INFO - [2025-07-03T17:54:51.098+0000] {dag.py:3036} INFO - Sync 1 DAGs
[2025-07-03T17:54:51.146+0000] {logging_mixin.py:188} INFO - [2025-07-03T17:54:51.145+0000] {dag.py:3823} INFO - Setting next_dagrun for example_python_operator to None, run_after=None
[2025-07-03T17:54:51.177+0000] {processor.py:183} INFO - Processing /home/airflow/.local/lib/python3.8/site-packages/airflow/example_dags/example_python_operator.py took 0.275 seconds
[2025-07-03T17:55:21.841+0000] {processor.py:161} INFO - Started process (PID=2703) to work on /home/airflow/.local/lib/python3.8/site-packages/airflow/example_dags/example_python_operator.py
[2025-07-03T17:55:21.843+0000] {processor.py:830} INFO - Processing file /home/airflow/.local/lib/python3.8/site-packages/airflow/example_dags/example_python_operator.py for tasks to queue
[2025-07-03T17:55:21.846+0000] {logging_mixin.py:188} INFO - [2025-07-03T17:55:21.846+0000] {dagbag.py:538} INFO - Filling up the DagBag from /home/airflow/.local/lib/python3.8/site-packages/airflow/example_dags/example_python_operator.py
[2025-07-03T17:55:21.864+0000] {processor.py:840} INFO - DAG(s) 'example_python_operator' retrieved from /home/airflow/.local/lib/python3.8/site-packages/airflow/example_dags/example_python_operator.py
[2025-07-03T17:55:21.902+0000] {logging_mixin.py:188} INFO - [2025-07-03T17:55:21.901+0000] {dag.py:3036} INFO - Sync 1 DAGs
[2025-07-03T17:55:21.923+0000] {logging_mixin.py:188} INFO - [2025-07-03T17:55:21.922+0000] {dag.py:3823} INFO - Setting next_dagrun for example_python_operator to None, run_after=None
[2025-07-03T17:55:21.952+0000] {processor.py:183} INFO - Processing /home/airflow/.local/lib/python3.8/site-packages/airflow/example_dags/example_python_operator.py took 0.116 seconds
[2025-07-03T17:55:52.958+0000] {processor.py:161} INFO - Started process (PID=2776) to work on /home/airflow/.local/lib/python3.8/site-packages/airflow/example_dags/example_python_operator.py
[2025-07-03T17:55:52.964+0000] {processor.py:830} INFO - Processing file /home/airflow/.local/lib/python3.8/site-packages/airflow/example_dags/example_python_operator.py for tasks to queue
[2025-07-03T17:55:52.967+0000] {logging_mixin.py:188} INFO - [2025-07-03T17:55:52.967+0000] {dagbag.py:538} INFO - Filling up the DagBag from /home/airflow/.local/lib/python3.8/site-packages/airflow/example_dags/example_python_operator.py
[2025-07-03T17:55:52.986+0000] {processor.py:840} INFO - DAG(s) 'example_python_operator' retrieved from /home/airflow/.local/lib/python3.8/site-packages/airflow/example_dags/example_python_operator.py
[2025-07-03T17:55:53.032+0000] {logging_mixin.py:188} INFO - [2025-07-03T17:55:53.032+0000] {dag.py:3036} INFO - Sync 1 DAGs
[2025-07-03T17:55:53.063+0000] {logging_mixin.py:188} INFO - [2025-07-03T17:55:53.063+0000] {dag.py:3823} INFO - Setting next_dagrun for example_python_operator to None, run_after=None
[2025-07-03T17:55:53.098+0000] {processor.py:183} INFO - Processing /home/airflow/.local/lib/python3.8/site-packages/airflow/example_dags/example_python_operator.py took 0.153 seconds
[2025-07-03T17:56:23.421+0000] {processor.py:161} INFO - Started process (PID=2842) to work on /home/airflow/.local/lib/python3.8/site-packages/airflow/example_dags/example_python_operator.py
[2025-07-03T17:56:23.425+0000] {processor.py:830} INFO - Processing file /home/airflow/.local/lib/python3.8/site-packages/airflow/example_dags/example_python_operator.py for tasks to queue
[2025-07-03T17:56:23.434+0000] {logging_mixin.py:188} INFO - [2025-07-03T17:56:23.433+0000] {dagbag.py:538} INFO - Filling up the DagBag from /home/airflow/.local/lib/python3.8/site-packages/airflow/example_dags/example_python_operator.py
[2025-07-03T17:56:23.480+0000] {processor.py:840} INFO - DAG(s) 'example_python_operator' retrieved from /home/airflow/.local/lib/python3.8/site-packages/airflow/example_dags/example_python_operator.py
[2025-07-03T17:56:23.605+0000] {logging_mixin.py:188} INFO - [2025-07-03T17:56:23.604+0000] {dag.py:3036} INFO - Sync 1 DAGs
[2025-07-03T17:56:23.711+0000] {logging_mixin.py:188} INFO - [2025-07-03T17:56:23.710+0000] {dag.py:3823} INFO - Setting next_dagrun for example_python_operator to None, run_after=None
[2025-07-03T17:56:23.827+0000] {processor.py:183} INFO - Processing /home/airflow/.local/lib/python3.8/site-packages/airflow/example_dags/example_python_operator.py took 0.411 seconds
[2025-07-03T17:56:54.103+0000] {processor.py:161} INFO - Started process (PID=2899) to work on /home/airflow/.local/lib/python3.8/site-packages/airflow/example_dags/example_python_operator.py
[2025-07-03T17:56:54.106+0000] {processor.py:830} INFO - Processing file /home/airflow/.local/lib/python3.8/site-packages/airflow/example_dags/example_python_operator.py for tasks to queue
[2025-07-03T17:56:54.112+0000] {logging_mixin.py:188} INFO - [2025-07-03T17:56:54.112+0000] {dagbag.py:538} INFO - Filling up the DagBag from /home/airflow/.local/lib/python3.8/site-packages/airflow/example_dags/example_python_operator.py
[2025-07-03T17:56:54.183+0000] {processor.py:840} INFO - DAG(s) 'example_python_operator' retrieved from /home/airflow/.local/lib/python3.8/site-packages/airflow/example_dags/example_python_operator.py
[2025-07-03T17:56:54.282+0000] {logging_mixin.py:188} INFO - [2025-07-03T17:56:54.281+0000] {dag.py:3036} INFO - Sync 1 DAGs
[2025-07-03T17:56:54.357+0000] {logging_mixin.py:188} INFO - [2025-07-03T17:56:54.351+0000] {dag.py:3823} INFO - Setting next_dagrun for example_python_operator to None, run_after=None
[2025-07-03T17:56:54.450+0000] {processor.py:183} INFO - Processing /home/airflow/.local/lib/python3.8/site-packages/airflow/example_dags/example_python_operator.py took 0.365 seconds
[2025-07-03T17:57:25.393+0000] {processor.py:161} INFO - Started process (PID=2962) to work on /home/airflow/.local/lib/python3.8/site-packages/airflow/example_dags/example_python_operator.py
[2025-07-03T17:57:25.401+0000] {processor.py:830} INFO - Processing file /home/airflow/.local/lib/python3.8/site-packages/airflow/example_dags/example_python_operator.py for tasks to queue
[2025-07-03T17:57:25.410+0000] {logging_mixin.py:188} INFO - [2025-07-03T17:57:25.409+0000] {dagbag.py:538} INFO - Filling up the DagBag from /home/airflow/.local/lib/python3.8/site-packages/airflow/example_dags/example_python_operator.py
[2025-07-03T17:57:25.459+0000] {processor.py:840} INFO - DAG(s) 'example_python_operator' retrieved from /home/airflow/.local/lib/python3.8/site-packages/airflow/example_dags/example_python_operator.py
[2025-07-03T17:57:25.623+0000] {logging_mixin.py:188} INFO - [2025-07-03T17:57:25.623+0000] {dag.py:3036} INFO - Sync 1 DAGs
[2025-07-03T17:57:25.716+0000] {logging_mixin.py:188} INFO - [2025-07-03T17:57:25.716+0000] {dag.py:3823} INFO - Setting next_dagrun for example_python_operator to None, run_after=None
[2025-07-03T17:57:25.838+0000] {processor.py:183} INFO - Processing /home/airflow/.local/lib/python3.8/site-packages/airflow/example_dags/example_python_operator.py took 0.462 seconds
[2025-07-03T17:57:56.124+0000] {processor.py:161} INFO - Started process (PID=3019) to work on /home/airflow/.local/lib/python3.8/site-packages/airflow/example_dags/example_python_operator.py
[2025-07-03T17:57:56.133+0000] {processor.py:830} INFO - Processing file /home/airflow/.local/lib/python3.8/site-packages/airflow/example_dags/example_python_operator.py for tasks to queue
[2025-07-03T17:57:56.135+0000] {logging_mixin.py:188} INFO - [2025-07-03T17:57:56.135+0000] {dagbag.py:538} INFO - Filling up the DagBag from /home/airflow/.local/lib/python3.8/site-packages/airflow/example_dags/example_python_operator.py
[2025-07-03T17:57:56.179+0000] {processor.py:840} INFO - DAG(s) 'example_python_operator' retrieved from /home/airflow/.local/lib/python3.8/site-packages/airflow/example_dags/example_python_operator.py
[2025-07-03T17:57:56.238+0000] {logging_mixin.py:188} INFO - [2025-07-03T17:57:56.238+0000] {dag.py:3036} INFO - Sync 1 DAGs
[2025-07-03T17:57:56.278+0000] {logging_mixin.py:188} INFO - [2025-07-03T17:57:56.277+0000] {dag.py:3823} INFO - Setting next_dagrun for example_python_operator to None, run_after=None
[2025-07-03T17:57:56.350+0000] {processor.py:183} INFO - Processing /home/airflow/.local/lib/python3.8/site-packages/airflow/example_dags/example_python_operator.py took 0.231 seconds
[2025-07-03T17:58:27.373+0000] {processor.py:161} INFO - Started process (PID=3085) to work on /home/airflow/.local/lib/python3.8/site-packages/airflow/example_dags/example_python_operator.py
[2025-07-03T17:58:27.381+0000] {processor.py:830} INFO - Processing file /home/airflow/.local/lib/python3.8/site-packages/airflow/example_dags/example_python_operator.py for tasks to queue
[2025-07-03T17:58:27.384+0000] {logging_mixin.py:188} INFO - [2025-07-03T17:58:27.383+0000] {dagbag.py:538} INFO - Filling up the DagBag from /home/airflow/.local/lib/python3.8/site-packages/airflow/example_dags/example_python_operator.py
[2025-07-03T17:58:27.419+0000] {processor.py:840} INFO - DAG(s) 'example_python_operator' retrieved from /home/airflow/.local/lib/python3.8/site-packages/airflow/example_dags/example_python_operator.py
[2025-07-03T17:58:27.602+0000] {logging_mixin.py:188} INFO - [2025-07-03T17:58:27.602+0000] {dag.py:3036} INFO - Sync 1 DAGs
[2025-07-03T17:58:27.682+0000] {logging_mixin.py:188} INFO - [2025-07-03T17:58:27.681+0000] {dag.py:3823} INFO - Setting next_dagrun for example_python_operator to None, run_after=None
[2025-07-03T17:58:27.786+0000] {processor.py:183} INFO - Processing /home/airflow/.local/lib/python3.8/site-packages/airflow/example_dags/example_python_operator.py took 0.422 seconds
[2025-07-03T17:58:58.833+0000] {processor.py:161} INFO - Started process (PID=3150) to work on /home/airflow/.local/lib/python3.8/site-packages/airflow/example_dags/example_python_operator.py
[2025-07-03T17:58:58.853+0000] {processor.py:830} INFO - Processing file /home/airflow/.local/lib/python3.8/site-packages/airflow/example_dags/example_python_operator.py for tasks to queue
[2025-07-03T17:58:58.866+0000] {logging_mixin.py:188} INFO - [2025-07-03T17:58:58.865+0000] {dagbag.py:538} INFO - Filling up the DagBag from /home/airflow/.local/lib/python3.8/site-packages/airflow/example_dags/example_python_operator.py
[2025-07-03T17:58:59.021+0000] {processor.py:840} INFO - DAG(s) 'example_python_operator' retrieved from /home/airflow/.local/lib/python3.8/site-packages/airflow/example_dags/example_python_operator.py
[2025-07-03T17:58:59.162+0000] {logging_mixin.py:188} INFO - [2025-07-03T17:58:59.161+0000] {dag.py:3036} INFO - Sync 1 DAGs
[2025-07-03T17:58:59.234+0000] {logging_mixin.py:188} INFO - [2025-07-03T17:58:59.227+0000] {dag.py:3823} INFO - Setting next_dagrun for example_python_operator to None, run_after=None
[2025-07-03T17:58:59.350+0000] {processor.py:183} INFO - Processing /home/airflow/.local/lib/python3.8/site-packages/airflow/example_dags/example_python_operator.py took 0.552 seconds
[2025-07-03T17:59:30.156+0000] {processor.py:161} INFO - Started process (PID=3213) to work on /home/airflow/.local/lib/python3.8/site-packages/airflow/example_dags/example_python_operator.py
[2025-07-03T17:59:30.163+0000] {processor.py:830} INFO - Processing file /home/airflow/.local/lib/python3.8/site-packages/airflow/example_dags/example_python_operator.py for tasks to queue
[2025-07-03T17:59:30.167+0000] {logging_mixin.py:188} INFO - [2025-07-03T17:59:30.166+0000] {dagbag.py:538} INFO - Filling up the DagBag from /home/airflow/.local/lib/python3.8/site-packages/airflow/example_dags/example_python_operator.py
[2025-07-03T17:59:30.189+0000] {processor.py:840} INFO - DAG(s) 'example_python_operator' retrieved from /home/airflow/.local/lib/python3.8/site-packages/airflow/example_dags/example_python_operator.py
[2025-07-03T17:59:30.227+0000] {logging_mixin.py:188} INFO - [2025-07-03T17:59:30.227+0000] {dag.py:3036} INFO - Sync 1 DAGs
[2025-07-03T17:59:30.266+0000] {logging_mixin.py:188} INFO - [2025-07-03T17:59:30.266+0000] {dag.py:3823} INFO - Setting next_dagrun for example_python_operator to None, run_after=None
[2025-07-03T17:59:30.300+0000] {processor.py:183} INFO - Processing /home/airflow/.local/lib/python3.8/site-packages/airflow/example_dags/example_python_operator.py took 0.182 seconds
[2025-07-03T18:00:00.880+0000] {processor.py:161} INFO - Started process (PID=3275) to work on /home/airflow/.local/lib/python3.8/site-packages/airflow/example_dags/example_python_operator.py
[2025-07-03T18:00:00.885+0000] {processor.py:830} INFO - Processing file /home/airflow/.local/lib/python3.8/site-packages/airflow/example_dags/example_python_operator.py for tasks to queue
[2025-07-03T18:00:00.887+0000] {logging_mixin.py:188} INFO - [2025-07-03T18:00:00.887+0000] {dagbag.py:538} INFO - Filling up the DagBag from /home/airflow/.local/lib/python3.8/site-packages/airflow/example_dags/example_python_operator.py
[2025-07-03T18:00:00.911+0000] {processor.py:840} INFO - DAG(s) 'example_python_operator' retrieved from /home/airflow/.local/lib/python3.8/site-packages/airflow/example_dags/example_python_operator.py
[2025-07-03T18:00:00.981+0000] {logging_mixin.py:188} INFO - [2025-07-03T18:00:00.981+0000] {dag.py:3036} INFO - Sync 1 DAGs
[2025-07-03T18:00:01.040+0000] {logging_mixin.py:188} INFO - [2025-07-03T18:00:01.040+0000] {dag.py:3823} INFO - Setting next_dagrun for example_python_operator to None, run_after=None
[2025-07-03T18:00:01.117+0000] {processor.py:183} INFO - Processing /home/airflow/.local/lib/python3.8/site-packages/airflow/example_dags/example_python_operator.py took 0.241 seconds
[2025-07-03T18:00:31.480+0000] {processor.py:161} INFO - Started process (PID=3339) to work on /home/airflow/.local/lib/python3.8/site-packages/airflow/example_dags/example_python_operator.py
[2025-07-03T18:00:31.481+0000] {processor.py:830} INFO - Processing file /home/airflow/.local/lib/python3.8/site-packages/airflow/example_dags/example_python_operator.py for tasks to queue
[2025-07-03T18:00:31.484+0000] {logging_mixin.py:188} INFO - [2025-07-03T18:00:31.484+0000] {dagbag.py:538} INFO - Filling up the DagBag from /home/airflow/.local/lib/python3.8/site-packages/airflow/example_dags/example_python_operator.py
[2025-07-03T18:00:31.525+0000] {processor.py:840} INFO - DAG(s) 'example_python_operator' retrieved from /home/airflow/.local/lib/python3.8/site-packages/airflow/example_dags/example_python_operator.py
[2025-07-03T18:00:31.595+0000] {logging_mixin.py:188} INFO - [2025-07-03T18:00:31.595+0000] {dag.py:3036} INFO - Sync 1 DAGs
[2025-07-03T18:00:31.644+0000] {logging_mixin.py:188} INFO - [2025-07-03T18:00:31.643+0000] {dag.py:3823} INFO - Setting next_dagrun for example_python_operator to None, run_after=None
[2025-07-03T18:00:31.721+0000] {processor.py:183} INFO - Processing /home/airflow/.local/lib/python3.8/site-packages/airflow/example_dags/example_python_operator.py took 0.246 seconds
[2025-07-03T18:01:02.082+0000] {processor.py:161} INFO - Started process (PID=3404) to work on /home/airflow/.local/lib/python3.8/site-packages/airflow/example_dags/example_python_operator.py
[2025-07-03T18:01:02.083+0000] {processor.py:830} INFO - Processing file /home/airflow/.local/lib/python3.8/site-packages/airflow/example_dags/example_python_operator.py for tasks to queue
[2025-07-03T18:01:02.093+0000] {logging_mixin.py:188} INFO - [2025-07-03T18:01:02.093+0000] {dagbag.py:538} INFO - Filling up the DagBag from /home/airflow/.local/lib/python3.8/site-packages/airflow/example_dags/example_python_operator.py
[2025-07-03T18:01:02.146+0000] {processor.py:840} INFO - DAG(s) 'example_python_operator' retrieved from /home/airflow/.local/lib/python3.8/site-packages/airflow/example_dags/example_python_operator.py
[2025-07-03T18:01:02.330+0000] {logging_mixin.py:188} INFO - [2025-07-03T18:01:02.329+0000] {dag.py:3036} INFO - Sync 1 DAGs
[2025-07-03T18:01:02.429+0000] {logging_mixin.py:188} INFO - [2025-07-03T18:01:02.428+0000] {dag.py:3823} INFO - Setting next_dagrun for example_python_operator to None, run_after=None
[2025-07-03T18:01:02.505+0000] {processor.py:183} INFO - Processing /home/airflow/.local/lib/python3.8/site-packages/airflow/example_dags/example_python_operator.py took 0.428 seconds
[2025-07-03T18:01:32.577+0000] {processor.py:161} INFO - Started process (PID=3461) to work on /home/airflow/.local/lib/python3.8/site-packages/airflow/example_dags/example_python_operator.py
[2025-07-03T18:01:32.579+0000] {processor.py:830} INFO - Processing file /home/airflow/.local/lib/python3.8/site-packages/airflow/example_dags/example_python_operator.py for tasks to queue
[2025-07-03T18:01:32.582+0000] {logging_mixin.py:188} INFO - [2025-07-03T18:01:32.582+0000] {dagbag.py:538} INFO - Filling up the DagBag from /home/airflow/.local/lib/python3.8/site-packages/airflow/example_dags/example_python_operator.py
[2025-07-03T18:01:32.600+0000] {processor.py:840} INFO - DAG(s) 'example_python_operator' retrieved from /home/airflow/.local/lib/python3.8/site-packages/airflow/example_dags/example_python_operator.py
[2025-07-03T18:01:32.803+0000] {logging_mixin.py:188} INFO - [2025-07-03T18:01:32.803+0000] {dag.py:3036} INFO - Sync 1 DAGs
[2025-07-03T18:01:32.824+0000] {logging_mixin.py:188} INFO - [2025-07-03T18:01:32.824+0000] {dag.py:3823} INFO - Setting next_dagrun for example_python_operator to None, run_after=None
[2025-07-03T18:01:32.852+0000] {processor.py:183} INFO - Processing /home/airflow/.local/lib/python3.8/site-packages/airflow/example_dags/example_python_operator.py took 0.280 seconds
[2025-07-03T18:02:03.081+0000] {processor.py:161} INFO - Started process (PID=3525) to work on /home/airflow/.local/lib/python3.8/site-packages/airflow/example_dags/example_python_operator.py
[2025-07-03T18:02:03.089+0000] {processor.py:830} INFO - Processing file /home/airflow/.local/lib/python3.8/site-packages/airflow/example_dags/example_python_operator.py for tasks to queue
[2025-07-03T18:02:03.092+0000] {logging_mixin.py:188} INFO - [2025-07-03T18:02:03.091+0000] {dagbag.py:538} INFO - Filling up the DagBag from /home/airflow/.local/lib/python3.8/site-packages/airflow/example_dags/example_python_operator.py
[2025-07-03T18:02:03.130+0000] {processor.py:840} INFO - DAG(s) 'example_python_operator' retrieved from /home/airflow/.local/lib/python3.8/site-packages/airflow/example_dags/example_python_operator.py
[2025-07-03T18:02:03.178+0000] {logging_mixin.py:188} INFO - [2025-07-03T18:02:03.177+0000] {dag.py:3036} INFO - Sync 1 DAGs
[2025-07-03T18:02:03.221+0000] {logging_mixin.py:188} INFO - [2025-07-03T18:02:03.220+0000] {dag.py:3823} INFO - Setting next_dagrun for example_python_operator to None, run_after=None
[2025-07-03T18:02:03.577+0000] {processor.py:183} INFO - Processing /home/airflow/.local/lib/python3.8/site-packages/airflow/example_dags/example_python_operator.py took 0.509 seconds
[2025-07-03T18:02:33.894+0000] {processor.py:161} INFO - Started process (PID=3590) to work on /home/airflow/.local/lib/python3.8/site-packages/airflow/example_dags/example_python_operator.py
[2025-07-03T18:02:33.897+0000] {processor.py:830} INFO - Processing file /home/airflow/.local/lib/python3.8/site-packages/airflow/example_dags/example_python_operator.py for tasks to queue
[2025-07-03T18:02:33.901+0000] {logging_mixin.py:188} INFO - [2025-07-03T18:02:33.901+0000] {dagbag.py:538} INFO - Filling up the DagBag from /home/airflow/.local/lib/python3.8/site-packages/airflow/example_dags/example_python_operator.py
[2025-07-03T18:02:33.941+0000] {processor.py:840} INFO - DAG(s) 'example_python_operator' retrieved from /home/airflow/.local/lib/python3.8/site-packages/airflow/example_dags/example_python_operator.py
[2025-07-03T18:02:34.005+0000] {logging_mixin.py:188} INFO - [2025-07-03T18:02:34.005+0000] {dag.py:3036} INFO - Sync 1 DAGs
[2025-07-03T18:02:34.042+0000] {logging_mixin.py:188} INFO - [2025-07-03T18:02:34.037+0000] {dag.py:3823} INFO - Setting next_dagrun for example_python_operator to None, run_after=None
[2025-07-03T18:02:34.121+0000] {processor.py:183} INFO - Processing /home/airflow/.local/lib/python3.8/site-packages/airflow/example_dags/example_python_operator.py took 0.250 seconds
[2025-07-03T18:03:04.377+0000] {processor.py:161} INFO - Started process (PID=3652) to work on /home/airflow/.local/lib/python3.8/site-packages/airflow/example_dags/example_python_operator.py
[2025-07-03T18:03:04.385+0000] {processor.py:830} INFO - Processing file /home/airflow/.local/lib/python3.8/site-packages/airflow/example_dags/example_python_operator.py for tasks to queue
[2025-07-03T18:03:04.394+0000] {logging_mixin.py:188} INFO - [2025-07-03T18:03:04.393+0000] {dagbag.py:538} INFO - Filling up the DagBag from /home/airflow/.local/lib/python3.8/site-packages/airflow/example_dags/example_python_operator.py
[2025-07-03T18:03:04.480+0000] {processor.py:840} INFO - DAG(s) 'example_python_operator' retrieved from /home/airflow/.local/lib/python3.8/site-packages/airflow/example_dags/example_python_operator.py
[2025-07-03T18:03:04.706+0000] {logging_mixin.py:188} INFO - [2025-07-03T18:03:04.705+0000] {dag.py:3036} INFO - Sync 1 DAGs
[2025-07-03T18:03:04.784+0000] {logging_mixin.py:188} INFO - [2025-07-03T18:03:04.783+0000] {dag.py:3823} INFO - Setting next_dagrun for example_python_operator to None, run_after=None
[2025-07-03T18:03:04.993+0000] {processor.py:183} INFO - Processing /home/airflow/.local/lib/python3.8/site-packages/airflow/example_dags/example_python_operator.py took 0.641 seconds
[2025-07-03T18:03:45.890+0000] {processor.py:161} INFO - Started process (PID=3709) to work on /home/airflow/.local/lib/python3.8/site-packages/airflow/example_dags/example_python_operator.py
[2025-07-03T18:03:45.913+0000] {processor.py:830} INFO - Processing file /home/airflow/.local/lib/python3.8/site-packages/airflow/example_dags/example_python_operator.py for tasks to queue
[2025-07-03T18:03:45.922+0000] {logging_mixin.py:188} INFO - [2025-07-03T18:03:45.921+0000] {dagbag.py:538} INFO - Filling up the DagBag from /home/airflow/.local/lib/python3.8/site-packages/airflow/example_dags/example_python_operator.py
[2025-07-03T18:03:46.323+0000] {processor.py:840} INFO - DAG(s) 'example_python_operator' retrieved from /home/airflow/.local/lib/python3.8/site-packages/airflow/example_dags/example_python_operator.py
[2025-07-03T18:03:47.022+0000] {logging_mixin.py:188} INFO - [2025-07-03T18:03:46.976+0000] {dag.py:3036} INFO - Sync 1 DAGs
[2025-07-03T18:03:51.084+0000] {logging_mixin.py:188} INFO - [2025-07-03T18:03:51.083+0000] {dag.py:3823} INFO - Setting next_dagrun for example_python_operator to None, run_after=None
[2025-07-03T18:03:51.668+0000] {processor.py:183} INFO - Processing /home/airflow/.local/lib/python3.8/site-packages/airflow/example_dags/example_python_operator.py took 5.815 seconds
[2025-07-03T18:04:44.778+0000] {processor.py:161} INFO - Started process (PID=3751) to work on /home/airflow/.local/lib/python3.8/site-packages/airflow/example_dags/example_python_operator.py
[2025-07-03T18:04:44.807+0000] {processor.py:830} INFO - Processing file /home/airflow/.local/lib/python3.8/site-packages/airflow/example_dags/example_python_operator.py for tasks to queue
[2025-07-03T18:04:44.818+0000] {logging_mixin.py:188} INFO - [2025-07-03T18:04:44.818+0000] {dagbag.py:538} INFO - Filling up the DagBag from /home/airflow/.local/lib/python3.8/site-packages/airflow/example_dags/example_python_operator.py
[2025-07-03T18:04:45.277+0000] {processor.py:840} INFO - DAG(s) 'example_python_operator' retrieved from /home/airflow/.local/lib/python3.8/site-packages/airflow/example_dags/example_python_operator.py
[2025-07-03T18:04:45.685+0000] {logging_mixin.py:188} INFO - [2025-07-03T18:04:45.685+0000] {dag.py:3036} INFO - Sync 1 DAGs
[2025-07-03T18:04:46.338+0000] {logging_mixin.py:188} INFO - [2025-07-03T18:04:46.292+0000] {dag.py:3823} INFO - Setting next_dagrun for example_python_operator to None, run_after=None
[2025-07-03T18:04:47.209+0000] {processor.py:183} INFO - Processing /home/airflow/.local/lib/python3.8/site-packages/airflow/example_dags/example_python_operator.py took 2.535 seconds
[2025-07-03T18:05:45.742+0000] {processor.py:161} INFO - Started process (PID=3805) to work on /home/airflow/.local/lib/python3.8/site-packages/airflow/example_dags/example_python_operator.py
[2025-07-03T18:05:45.782+0000] {processor.py:830} INFO - Processing file /home/airflow/.local/lib/python3.8/site-packages/airflow/example_dags/example_python_operator.py for tasks to queue
[2025-07-03T18:05:45.846+0000] {logging_mixin.py:188} INFO - [2025-07-03T18:05:45.845+0000] {dagbag.py:538} INFO - Filling up the DagBag from /home/airflow/.local/lib/python3.8/site-packages/airflow/example_dags/example_python_operator.py
[2025-07-03T18:05:46.207+0000] {processor.py:840} INFO - DAG(s) 'example_python_operator' retrieved from /home/airflow/.local/lib/python3.8/site-packages/airflow/example_dags/example_python_operator.py
[2025-07-03T18:05:46.980+0000] {logging_mixin.py:188} INFO - [2025-07-03T18:05:46.964+0000] {dag.py:3036} INFO - Sync 1 DAGs
[2025-07-03T18:05:47.477+0000] {logging_mixin.py:188} INFO - [2025-07-03T18:05:47.476+0000] {dag.py:3823} INFO - Setting next_dagrun for example_python_operator to None, run_after=None
[2025-07-03T18:05:48.334+0000] {processor.py:183} INFO - Processing /home/airflow/.local/lib/python3.8/site-packages/airflow/example_dags/example_python_operator.py took 2.657 seconds
[2025-07-03T18:07:15.878+0000] {processor.py:161} INFO - Started process (PID=3877) to work on /home/airflow/.local/lib/python3.8/site-packages/airflow/example_dags/example_python_operator.py
[2025-07-03T18:07:15.998+0000] {processor.py:830} INFO - Processing file /home/airflow/.local/lib/python3.8/site-packages/airflow/example_dags/example_python_operator.py for tasks to queue
[2025-07-03T18:07:16.056+0000] {logging_mixin.py:188} INFO - [2025-07-03T18:07:16.055+0000] {dagbag.py:538} INFO - Filling up the DagBag from /home/airflow/.local/lib/python3.8/site-packages/airflow/example_dags/example_python_operator.py
[2025-07-03T18:07:16.381+0000] {processor.py:840} INFO - DAG(s) 'example_python_operator' retrieved from /home/airflow/.local/lib/python3.8/site-packages/airflow/example_dags/example_python_operator.py
[2025-07-03T18:07:17.419+0000] {logging_mixin.py:188} INFO - [2025-07-03T18:07:17.402+0000] {dag.py:3036} INFO - Sync 1 DAGs
[2025-07-03T18:07:17.978+0000] {logging_mixin.py:188} INFO - [2025-07-03T18:07:17.977+0000] {dag.py:3823} INFO - Setting next_dagrun for example_python_operator to None, run_after=None
[2025-07-03T18:07:19.238+0000] {processor.py:183} INFO - Processing /home/airflow/.local/lib/python3.8/site-packages/airflow/example_dags/example_python_operator.py took 3.529 seconds
[2025-07-03T18:21:06.029+0000] {processor.py:161} INFO - Started process (PID=86) to work on /home/airflow/.local/lib/python3.8/site-packages/airflow/example_dags/example_python_operator.py
[2025-07-03T18:21:06.031+0000] {processor.py:830} INFO - Processing file /home/airflow/.local/lib/python3.8/site-packages/airflow/example_dags/example_python_operator.py for tasks to queue
[2025-07-03T18:21:06.038+0000] {logging_mixin.py:188} INFO - [2025-07-03T18:21:06.037+0000] {dagbag.py:538} INFO - Filling up the DagBag from /home/airflow/.local/lib/python3.8/site-packages/airflow/example_dags/example_python_operator.py
[2025-07-03T18:21:06.112+0000] {processor.py:840} INFO - DAG(s) 'example_python_operator' retrieved from /home/airflow/.local/lib/python3.8/site-packages/airflow/example_dags/example_python_operator.py
[2025-07-03T18:21:07.174+0000] {logging_mixin.py:188} INFO - [2025-07-03T18:21:07.174+0000] {dag.py:3036} INFO - Sync 1 DAGs
[2025-07-03T18:21:07.224+0000] {logging_mixin.py:188} INFO - [2025-07-03T18:21:07.223+0000] {dag.py:3823} INFO - Setting next_dagrun for example_python_operator to None, run_after=None
[2025-07-03T18:21:07.334+0000] {processor.py:183} INFO - Processing /home/airflow/.local/lib/python3.8/site-packages/airflow/example_dags/example_python_operator.py took 1.348 seconds
[2025-07-03T18:21:38.232+0000] {processor.py:161} INFO - Started process (PID=152) to work on /home/airflow/.local/lib/python3.8/site-packages/airflow/example_dags/example_python_operator.py
[2025-07-03T18:21:38.245+0000] {processor.py:830} INFO - Processing file /home/airflow/.local/lib/python3.8/site-packages/airflow/example_dags/example_python_operator.py for tasks to queue
[2025-07-03T18:21:38.248+0000] {logging_mixin.py:188} INFO - [2025-07-03T18:21:38.247+0000] {dagbag.py:538} INFO - Filling up the DagBag from /home/airflow/.local/lib/python3.8/site-packages/airflow/example_dags/example_python_operator.py
[2025-07-03T18:21:38.282+0000] {processor.py:840} INFO - DAG(s) 'example_python_operator' retrieved from /home/airflow/.local/lib/python3.8/site-packages/airflow/example_dags/example_python_operator.py
[2025-07-03T18:21:38.323+0000] {logging_mixin.py:188} INFO - [2025-07-03T18:21:38.323+0000] {dag.py:3036} INFO - Sync 1 DAGs
[2025-07-03T18:21:38.365+0000] {logging_mixin.py:188} INFO - [2025-07-03T18:21:38.365+0000] {dag.py:3823} INFO - Setting next_dagrun for example_python_operator to None, run_after=None
[2025-07-03T18:21:38.405+0000] {processor.py:183} INFO - Processing /home/airflow/.local/lib/python3.8/site-packages/airflow/example_dags/example_python_operator.py took 0.178 seconds
[2025-07-03T18:22:08.665+0000] {processor.py:161} INFO - Started process (PID=217) to work on /home/airflow/.local/lib/python3.8/site-packages/airflow/example_dags/example_python_operator.py
[2025-07-03T18:22:08.669+0000] {processor.py:830} INFO - Processing file /home/airflow/.local/lib/python3.8/site-packages/airflow/example_dags/example_python_operator.py for tasks to queue
[2025-07-03T18:22:08.671+0000] {logging_mixin.py:188} INFO - [2025-07-03T18:22:08.671+0000] {dagbag.py:538} INFO - Filling up the DagBag from /home/airflow/.local/lib/python3.8/site-packages/airflow/example_dags/example_python_operator.py
[2025-07-03T18:22:08.708+0000] {processor.py:840} INFO - DAG(s) 'example_python_operator' retrieved from /home/airflow/.local/lib/python3.8/site-packages/airflow/example_dags/example_python_operator.py
[2025-07-03T18:22:08.775+0000] {logging_mixin.py:188} INFO - [2025-07-03T18:22:08.775+0000] {dag.py:3036} INFO - Sync 1 DAGs
[2025-07-03T18:22:08.812+0000] {logging_mixin.py:188} INFO - [2025-07-03T18:22:08.811+0000] {dag.py:3823} INFO - Setting next_dagrun for example_python_operator to None, run_after=None
[2025-07-03T18:22:08.844+0000] {processor.py:183} INFO - Processing /home/airflow/.local/lib/python3.8/site-packages/airflow/example_dags/example_python_operator.py took 0.188 seconds
[2025-07-03T18:22:39.338+0000] {processor.py:161} INFO - Started process (PID=284) to work on /home/airflow/.local/lib/python3.8/site-packages/airflow/example_dags/example_python_operator.py
[2025-07-03T18:22:39.339+0000] {processor.py:830} INFO - Processing file /home/airflow/.local/lib/python3.8/site-packages/airflow/example_dags/example_python_operator.py for tasks to queue
[2025-07-03T18:22:39.343+0000] {logging_mixin.py:188} INFO - [2025-07-03T18:22:39.342+0000] {dagbag.py:538} INFO - Filling up the DagBag from /home/airflow/.local/lib/python3.8/site-packages/airflow/example_dags/example_python_operator.py
[2025-07-03T18:22:39.362+0000] {processor.py:840} INFO - DAG(s) 'example_python_operator' retrieved from /home/airflow/.local/lib/python3.8/site-packages/airflow/example_dags/example_python_operator.py
[2025-07-03T18:22:39.398+0000] {logging_mixin.py:188} INFO - [2025-07-03T18:22:39.398+0000] {dag.py:3036} INFO - Sync 1 DAGs
[2025-07-03T18:22:39.426+0000] {logging_mixin.py:188} INFO - [2025-07-03T18:22:39.426+0000] {dag.py:3823} INFO - Setting next_dagrun for example_python_operator to None, run_after=None
[2025-07-03T18:22:39.456+0000] {processor.py:183} INFO - Processing /home/airflow/.local/lib/python3.8/site-packages/airflow/example_dags/example_python_operator.py took 0.122 seconds
[2025-07-03T18:23:09.788+0000] {processor.py:161} INFO - Started process (PID=350) to work on /home/airflow/.local/lib/python3.8/site-packages/airflow/example_dags/example_python_operator.py
[2025-07-03T18:23:09.791+0000] {processor.py:830} INFO - Processing file /home/airflow/.local/lib/python3.8/site-packages/airflow/example_dags/example_python_operator.py for tasks to queue
[2025-07-03T18:23:09.793+0000] {logging_mixin.py:188} INFO - [2025-07-03T18:23:09.793+0000] {dagbag.py:538} INFO - Filling up the DagBag from /home/airflow/.local/lib/python3.8/site-packages/airflow/example_dags/example_python_operator.py
[2025-07-03T18:23:09.812+0000] {processor.py:840} INFO - DAG(s) 'example_python_operator' retrieved from /home/airflow/.local/lib/python3.8/site-packages/airflow/example_dags/example_python_operator.py
[2025-07-03T18:23:09.850+0000] {logging_mixin.py:188} INFO - [2025-07-03T18:23:09.849+0000] {dag.py:3036} INFO - Sync 1 DAGs
[2025-07-03T18:23:09.874+0000] {logging_mixin.py:188} INFO - [2025-07-03T18:23:09.873+0000] {dag.py:3823} INFO - Setting next_dagrun for example_python_operator to None, run_after=None
[2025-07-03T18:23:09.905+0000] {processor.py:183} INFO - Processing /home/airflow/.local/lib/python3.8/site-packages/airflow/example_dags/example_python_operator.py took 0.121 seconds
[2025-07-03T18:23:40.186+0000] {processor.py:161} INFO - Started process (PID=415) to work on /home/airflow/.local/lib/python3.8/site-packages/airflow/example_dags/example_python_operator.py
[2025-07-03T18:23:40.187+0000] {processor.py:830} INFO - Processing file /home/airflow/.local/lib/python3.8/site-packages/airflow/example_dags/example_python_operator.py for tasks to queue
[2025-07-03T18:23:40.189+0000] {logging_mixin.py:188} INFO - [2025-07-03T18:23:40.189+0000] {dagbag.py:538} INFO - Filling up the DagBag from /home/airflow/.local/lib/python3.8/site-packages/airflow/example_dags/example_python_operator.py
[2025-07-03T18:23:40.206+0000] {processor.py:840} INFO - DAG(s) 'example_python_operator' retrieved from /home/airflow/.local/lib/python3.8/site-packages/airflow/example_dags/example_python_operator.py
[2025-07-03T18:23:40.243+0000] {logging_mixin.py:188} INFO - [2025-07-03T18:23:40.243+0000] {dag.py:3036} INFO - Sync 1 DAGs
[2025-07-03T18:23:40.263+0000] {logging_mixin.py:188} INFO - [2025-07-03T18:23:40.263+0000] {dag.py:3823} INFO - Setting next_dagrun for example_python_operator to None, run_after=None
[2025-07-03T18:23:40.299+0000] {processor.py:183} INFO - Processing /home/airflow/.local/lib/python3.8/site-packages/airflow/example_dags/example_python_operator.py took 0.117 seconds
[2025-07-03T18:24:10.474+0000] {processor.py:161} INFO - Started process (PID=481) to work on /home/airflow/.local/lib/python3.8/site-packages/airflow/example_dags/example_python_operator.py
[2025-07-03T18:24:10.478+0000] {processor.py:830} INFO - Processing file /home/airflow/.local/lib/python3.8/site-packages/airflow/example_dags/example_python_operator.py for tasks to queue
[2025-07-03T18:24:10.481+0000] {logging_mixin.py:188} INFO - [2025-07-03T18:24:10.481+0000] {dagbag.py:538} INFO - Filling up the DagBag from /home/airflow/.local/lib/python3.8/site-packages/airflow/example_dags/example_python_operator.py
[2025-07-03T18:24:10.498+0000] {processor.py:840} INFO - DAG(s) 'example_python_operator' retrieved from /home/airflow/.local/lib/python3.8/site-packages/airflow/example_dags/example_python_operator.py
[2025-07-03T18:24:10.538+0000] {logging_mixin.py:188} INFO - [2025-07-03T18:24:10.537+0000] {dag.py:3036} INFO - Sync 1 DAGs
[2025-07-03T18:24:10.574+0000] {logging_mixin.py:188} INFO - [2025-07-03T18:24:10.573+0000] {dag.py:3823} INFO - Setting next_dagrun for example_python_operator to None, run_after=None
[2025-07-03T18:24:10.611+0000] {processor.py:183} INFO - Processing /home/airflow/.local/lib/python3.8/site-packages/airflow/example_dags/example_python_operator.py took 0.141 seconds
