[2025-07-03T17:35:54.717+0000] {processor.py:161} INFO - Started process (PID=261) to work on /home/airflow/.local/lib/python3.8/site-packages/airflow/example_dags/example_latest_only_with_trigger.py
[2025-07-03T17:35:54.729+0000] {processor.py:830} INFO - Processing file /home/airflow/.local/lib/python3.8/site-packages/airflow/example_dags/example_latest_only_with_trigger.py for tasks to queue
[2025-07-03T17:35:54.748+0000] {logging_mixin.py:188} INFO - [2025-07-03T17:35:54.747+0000] {dagbag.py:538} INFO - Filling up the DagBag from /home/airflow/.local/lib/python3.8/site-packages/airflow/example_dags/example_latest_only_with_trigger.py
[2025-07-03T17:35:54.812+0000] {processor.py:840} INFO - DAG(s) 'latest_only_with_trigger' retrieved from /home/airflow/.local/lib/python3.8/site-packages/airflow/example_dags/example_latest_only_with_trigger.py
[2025-07-03T17:35:55.715+0000] {logging_mixin.py:188} INFO - [2025-07-03T17:35:55.715+0000] {dag.py:3036} INFO - Sync 1 DAGs
[2025-07-03T17:35:55.823+0000] {logging_mixin.py:188} INFO - [2025-07-03T17:35:55.823+0000] {dag.py:3823} INFO - Setting next_dagrun for latest_only_with_trigger to 2025-07-03 12:00:00+00:00, run_after=2025-07-03 16:00:00+00:00
[2025-07-03T17:35:55.938+0000] {processor.py:183} INFO - Processing /home/airflow/.local/lib/python3.8/site-packages/airflow/example_dags/example_latest_only_with_trigger.py took 1.300 seconds
[2025-07-03T17:36:26.589+0000] {processor.py:161} INFO - Started process (PID=318) to work on /home/airflow/.local/lib/python3.8/site-packages/airflow/example_dags/example_latest_only_with_trigger.py
[2025-07-03T17:36:26.597+0000] {processor.py:830} INFO - Processing file /home/airflow/.local/lib/python3.8/site-packages/airflow/example_dags/example_latest_only_with_trigger.py for tasks to queue
[2025-07-03T17:36:26.603+0000] {logging_mixin.py:188} INFO - [2025-07-03T17:36:26.602+0000] {dagbag.py:538} INFO - Filling up the DagBag from /home/airflow/.local/lib/python3.8/site-packages/airflow/example_dags/example_latest_only_with_trigger.py
[2025-07-03T17:36:26.691+0000] {processor.py:840} INFO - DAG(s) 'latest_only_with_trigger' retrieved from /home/airflow/.local/lib/python3.8/site-packages/airflow/example_dags/example_latest_only_with_trigger.py
[2025-07-03T17:36:26.862+0000] {logging_mixin.py:188} INFO - [2025-07-03T17:36:26.861+0000] {dag.py:3036} INFO - Sync 1 DAGs
[2025-07-03T17:36:27.099+0000] {logging_mixin.py:188} INFO - [2025-07-03T17:36:27.098+0000] {dag.py:3823} INFO - Setting next_dagrun for latest_only_with_trigger to 2025-07-03 12:00:00+00:00, run_after=2025-07-03 16:00:00+00:00
[2025-07-03T17:36:27.352+0000] {processor.py:183} INFO - Processing /home/airflow/.local/lib/python3.8/site-packages/airflow/example_dags/example_latest_only_with_trigger.py took 0.779 seconds
[2025-07-03T17:36:57.729+0000] {processor.py:161} INFO - Started process (PID=383) to work on /home/airflow/.local/lib/python3.8/site-packages/airflow/example_dags/example_latest_only_with_trigger.py
[2025-07-03T17:36:57.741+0000] {processor.py:830} INFO - Processing file /home/airflow/.local/lib/python3.8/site-packages/airflow/example_dags/example_latest_only_with_trigger.py for tasks to queue
[2025-07-03T17:36:57.743+0000] {logging_mixin.py:188} INFO - [2025-07-03T17:36:57.743+0000] {dagbag.py:538} INFO - Filling up the DagBag from /home/airflow/.local/lib/python3.8/site-packages/airflow/example_dags/example_latest_only_with_trigger.py
[2025-07-03T17:36:57.799+0000] {processor.py:840} INFO - DAG(s) 'latest_only_with_trigger' retrieved from /home/airflow/.local/lib/python3.8/site-packages/airflow/example_dags/example_latest_only_with_trigger.py
[2025-07-03T17:36:57.977+0000] {logging_mixin.py:188} INFO - [2025-07-03T17:36:57.977+0000] {dag.py:3036} INFO - Sync 1 DAGs
[2025-07-03T17:36:58.088+0000] {logging_mixin.py:188} INFO - [2025-07-03T17:36:58.088+0000] {dag.py:3823} INFO - Setting next_dagrun for latest_only_with_trigger to 2025-07-03 12:00:00+00:00, run_after=2025-07-03 16:00:00+00:00
[2025-07-03T17:36:58.164+0000] {processor.py:183} INFO - Processing /home/airflow/.local/lib/python3.8/site-packages/airflow/example_dags/example_latest_only_with_trigger.py took 0.447 seconds
[2025-07-03T17:37:28.980+0000] {processor.py:161} INFO - Started process (PID=439) to work on /home/airflow/.local/lib/python3.8/site-packages/airflow/example_dags/example_latest_only_with_trigger.py
[2025-07-03T17:37:28.985+0000] {processor.py:830} INFO - Processing file /home/airflow/.local/lib/python3.8/site-packages/airflow/example_dags/example_latest_only_with_trigger.py for tasks to queue
[2025-07-03T17:37:28.993+0000] {logging_mixin.py:188} INFO - [2025-07-03T17:37:28.992+0000] {dagbag.py:538} INFO - Filling up the DagBag from /home/airflow/.local/lib/python3.8/site-packages/airflow/example_dags/example_latest_only_with_trigger.py
[2025-07-03T17:37:29.037+0000] {processor.py:840} INFO - DAG(s) 'latest_only_with_trigger' retrieved from /home/airflow/.local/lib/python3.8/site-packages/airflow/example_dags/example_latest_only_with_trigger.py
[2025-07-03T17:37:29.220+0000] {logging_mixin.py:188} INFO - [2025-07-03T17:37:29.220+0000] {dag.py:3036} INFO - Sync 1 DAGs
[2025-07-03T17:37:29.427+0000] {logging_mixin.py:188} INFO - [2025-07-03T17:37:29.426+0000] {dag.py:3823} INFO - Setting next_dagrun for latest_only_with_trigger to 2025-07-03 12:00:00+00:00, run_after=2025-07-03 16:00:00+00:00
[2025-07-03T17:37:29.655+0000] {processor.py:183} INFO - Processing /home/airflow/.local/lib/python3.8/site-packages/airflow/example_dags/example_latest_only_with_trigger.py took 0.684 seconds
[2025-07-03T17:38:00.326+0000] {processor.py:161} INFO - Started process (PID=503) to work on /home/airflow/.local/lib/python3.8/site-packages/airflow/example_dags/example_latest_only_with_trigger.py
[2025-07-03T17:38:00.330+0000] {processor.py:830} INFO - Processing file /home/airflow/.local/lib/python3.8/site-packages/airflow/example_dags/example_latest_only_with_trigger.py for tasks to queue
[2025-07-03T17:38:00.339+0000] {logging_mixin.py:188} INFO - [2025-07-03T17:38:00.338+0000] {dagbag.py:538} INFO - Filling up the DagBag from /home/airflow/.local/lib/python3.8/site-packages/airflow/example_dags/example_latest_only_with_trigger.py
[2025-07-03T17:38:00.348+0000] {processor.py:840} INFO - DAG(s) 'latest_only_with_trigger' retrieved from /home/airflow/.local/lib/python3.8/site-packages/airflow/example_dags/example_latest_only_with_trigger.py
[2025-07-03T17:38:00.395+0000] {logging_mixin.py:188} INFO - [2025-07-03T17:38:00.394+0000] {dag.py:3036} INFO - Sync 1 DAGs
[2025-07-03T17:38:00.480+0000] {logging_mixin.py:188} INFO - [2025-07-03T17:38:00.480+0000] {dag.py:3823} INFO - Setting next_dagrun for latest_only_with_trigger to 2025-07-03 12:00:00+00:00, run_after=2025-07-03 16:00:00+00:00
[2025-07-03T17:38:00.544+0000] {processor.py:183} INFO - Processing /home/airflow/.local/lib/python3.8/site-packages/airflow/example_dags/example_latest_only_with_trigger.py took 0.227 seconds
[2025-07-03T17:38:30.630+0000] {processor.py:161} INFO - Started process (PID=567) to work on /home/airflow/.local/lib/python3.8/site-packages/airflow/example_dags/example_latest_only_with_trigger.py
[2025-07-03T17:38:30.631+0000] {processor.py:830} INFO - Processing file /home/airflow/.local/lib/python3.8/site-packages/airflow/example_dags/example_latest_only_with_trigger.py for tasks to queue
[2025-07-03T17:38:30.638+0000] {logging_mixin.py:188} INFO - [2025-07-03T17:38:30.637+0000] {dagbag.py:538} INFO - Filling up the DagBag from /home/airflow/.local/lib/python3.8/site-packages/airflow/example_dags/example_latest_only_with_trigger.py
[2025-07-03T17:38:30.655+0000] {processor.py:840} INFO - DAG(s) 'latest_only_with_trigger' retrieved from /home/airflow/.local/lib/python3.8/site-packages/airflow/example_dags/example_latest_only_with_trigger.py
[2025-07-03T17:38:30.762+0000] {logging_mixin.py:188} INFO - [2025-07-03T17:38:30.761+0000] {dag.py:3036} INFO - Sync 1 DAGs
[2025-07-03T17:38:30.880+0000] {logging_mixin.py:188} INFO - [2025-07-03T17:38:30.880+0000] {dag.py:3823} INFO - Setting next_dagrun for latest_only_with_trigger to 2025-07-03 12:00:00+00:00, run_after=2025-07-03 16:00:00+00:00
[2025-07-03T17:38:30.949+0000] {processor.py:183} INFO - Processing /home/airflow/.local/lib/python3.8/site-packages/airflow/example_dags/example_latest_only_with_trigger.py took 0.332 seconds
[2025-07-03T17:39:01.003+0000] {processor.py:161} INFO - Started process (PID=623) to work on /home/airflow/.local/lib/python3.8/site-packages/airflow/example_dags/example_latest_only_with_trigger.py
[2025-07-03T17:39:01.005+0000] {processor.py:830} INFO - Processing file /home/airflow/.local/lib/python3.8/site-packages/airflow/example_dags/example_latest_only_with_trigger.py for tasks to queue
[2025-07-03T17:39:01.007+0000] {logging_mixin.py:188} INFO - [2025-07-03T17:39:01.007+0000] {dagbag.py:538} INFO - Filling up the DagBag from /home/airflow/.local/lib/python3.8/site-packages/airflow/example_dags/example_latest_only_with_trigger.py
[2025-07-03T17:39:01.015+0000] {processor.py:840} INFO - DAG(s) 'latest_only_with_trigger' retrieved from /home/airflow/.local/lib/python3.8/site-packages/airflow/example_dags/example_latest_only_with_trigger.py
[2025-07-03T17:39:01.043+0000] {logging_mixin.py:188} INFO - [2025-07-03T17:39:01.042+0000] {dag.py:3036} INFO - Sync 1 DAGs
[2025-07-03T17:39:01.075+0000] {logging_mixin.py:188} INFO - [2025-07-03T17:39:01.075+0000] {dag.py:3823} INFO - Setting next_dagrun for latest_only_with_trigger to 2025-07-03 12:00:00+00:00, run_after=2025-07-03 16:00:00+00:00
[2025-07-03T17:39:01.104+0000] {processor.py:183} INFO - Processing /home/airflow/.local/lib/python3.8/site-packages/airflow/example_dags/example_latest_only_with_trigger.py took 0.105 seconds
[2025-07-03T17:39:31.852+0000] {processor.py:161} INFO - Started process (PID=688) to work on /home/airflow/.local/lib/python3.8/site-packages/airflow/example_dags/example_latest_only_with_trigger.py
[2025-07-03T17:39:31.853+0000] {processor.py:830} INFO - Processing file /home/airflow/.local/lib/python3.8/site-packages/airflow/example_dags/example_latest_only_with_trigger.py for tasks to queue
[2025-07-03T17:39:31.856+0000] {logging_mixin.py:188} INFO - [2025-07-03T17:39:31.855+0000] {dagbag.py:538} INFO - Filling up the DagBag from /home/airflow/.local/lib/python3.8/site-packages/airflow/example_dags/example_latest_only_with_trigger.py
[2025-07-03T17:39:31.863+0000] {processor.py:840} INFO - DAG(s) 'latest_only_with_trigger' retrieved from /home/airflow/.local/lib/python3.8/site-packages/airflow/example_dags/example_latest_only_with_trigger.py
[2025-07-03T17:39:31.895+0000] {logging_mixin.py:188} INFO - [2025-07-03T17:39:31.895+0000] {dag.py:3036} INFO - Sync 1 DAGs
[2025-07-03T17:39:31.930+0000] {logging_mixin.py:188} INFO - [2025-07-03T17:39:31.929+0000] {dag.py:3823} INFO - Setting next_dagrun for latest_only_with_trigger to 2025-07-03 12:00:00+00:00, run_after=2025-07-03 16:00:00+00:00
[2025-07-03T17:39:31.963+0000] {processor.py:183} INFO - Processing /home/airflow/.local/lib/python3.8/site-packages/airflow/example_dags/example_latest_only_with_trigger.py took 0.115 seconds
[2025-07-03T17:40:02.876+0000] {processor.py:161} INFO - Started process (PID=754) to work on /home/airflow/.local/lib/python3.8/site-packages/airflow/example_dags/example_latest_only_with_trigger.py
[2025-07-03T17:40:02.879+0000] {processor.py:830} INFO - Processing file /home/airflow/.local/lib/python3.8/site-packages/airflow/example_dags/example_latest_only_with_trigger.py for tasks to queue
[2025-07-03T17:40:02.887+0000] {logging_mixin.py:188} INFO - [2025-07-03T17:40:02.886+0000] {dagbag.py:538} INFO - Filling up the DagBag from /home/airflow/.local/lib/python3.8/site-packages/airflow/example_dags/example_latest_only_with_trigger.py
[2025-07-03T17:40:02.901+0000] {processor.py:840} INFO - DAG(s) 'latest_only_with_trigger' retrieved from /home/airflow/.local/lib/python3.8/site-packages/airflow/example_dags/example_latest_only_with_trigger.py
[2025-07-03T17:40:02.935+0000] {logging_mixin.py:188} INFO - [2025-07-03T17:40:02.934+0000] {dag.py:3036} INFO - Sync 1 DAGs
[2025-07-03T17:40:02.968+0000] {logging_mixin.py:188} INFO - [2025-07-03T17:40:02.968+0000] {dag.py:3823} INFO - Setting next_dagrun for latest_only_with_trigger to 2025-07-03 12:00:00+00:00, run_after=2025-07-03 16:00:00+00:00
[2025-07-03T17:40:02.995+0000] {processor.py:183} INFO - Processing /home/airflow/.local/lib/python3.8/site-packages/airflow/example_dags/example_latest_only_with_trigger.py took 0.124 seconds
[2025-07-03T17:40:33.159+0000] {processor.py:161} INFO - Started process (PID=820) to work on /home/airflow/.local/lib/python3.8/site-packages/airflow/example_dags/example_latest_only_with_trigger.py
[2025-07-03T17:40:33.160+0000] {processor.py:830} INFO - Processing file /home/airflow/.local/lib/python3.8/site-packages/airflow/example_dags/example_latest_only_with_trigger.py for tasks to queue
[2025-07-03T17:40:33.162+0000] {logging_mixin.py:188} INFO - [2025-07-03T17:40:33.161+0000] {dagbag.py:538} INFO - Filling up the DagBag from /home/airflow/.local/lib/python3.8/site-packages/airflow/example_dags/example_latest_only_with_trigger.py
[2025-07-03T17:40:33.171+0000] {processor.py:840} INFO - DAG(s) 'latest_only_with_trigger' retrieved from /home/airflow/.local/lib/python3.8/site-packages/airflow/example_dags/example_latest_only_with_trigger.py
[2025-07-03T17:40:33.204+0000] {logging_mixin.py:188} INFO - [2025-07-03T17:40:33.204+0000] {dag.py:3036} INFO - Sync 1 DAGs
[2025-07-03T17:40:33.245+0000] {logging_mixin.py:188} INFO - [2025-07-03T17:40:33.244+0000] {dag.py:3823} INFO - Setting next_dagrun for latest_only_with_trigger to 2025-07-03 12:00:00+00:00, run_after=2025-07-03 16:00:00+00:00
[2025-07-03T17:40:33.275+0000] {processor.py:183} INFO - Processing /home/airflow/.local/lib/python3.8/site-packages/airflow/example_dags/example_latest_only_with_trigger.py took 0.121 seconds
[2025-07-03T17:41:03.621+0000] {processor.py:161} INFO - Started process (PID=884) to work on /home/airflow/.local/lib/python3.8/site-packages/airflow/example_dags/example_latest_only_with_trigger.py
[2025-07-03T17:41:03.623+0000] {processor.py:830} INFO - Processing file /home/airflow/.local/lib/python3.8/site-packages/airflow/example_dags/example_latest_only_with_trigger.py for tasks to queue
[2025-07-03T17:41:03.626+0000] {logging_mixin.py:188} INFO - [2025-07-03T17:41:03.626+0000] {dagbag.py:538} INFO - Filling up the DagBag from /home/airflow/.local/lib/python3.8/site-packages/airflow/example_dags/example_latest_only_with_trigger.py
[2025-07-03T17:41:03.636+0000] {processor.py:840} INFO - DAG(s) 'latest_only_with_trigger' retrieved from /home/airflow/.local/lib/python3.8/site-packages/airflow/example_dags/example_latest_only_with_trigger.py
[2025-07-03T17:41:03.671+0000] {logging_mixin.py:188} INFO - [2025-07-03T17:41:03.670+0000] {dag.py:3036} INFO - Sync 1 DAGs
[2025-07-03T17:41:03.718+0000] {logging_mixin.py:188} INFO - [2025-07-03T17:41:03.717+0000] {dag.py:3823} INFO - Setting next_dagrun for latest_only_with_trigger to 2025-07-03 12:00:00+00:00, run_after=2025-07-03 16:00:00+00:00
[2025-07-03T17:41:03.752+0000] {processor.py:183} INFO - Processing /home/airflow/.local/lib/python3.8/site-packages/airflow/example_dags/example_latest_only_with_trigger.py took 0.135 seconds
[2025-07-03T17:41:34.086+0000] {processor.py:161} INFO - Started process (PID=950) to work on /home/airflow/.local/lib/python3.8/site-packages/airflow/example_dags/example_latest_only_with_trigger.py
[2025-07-03T17:41:34.087+0000] {processor.py:830} INFO - Processing file /home/airflow/.local/lib/python3.8/site-packages/airflow/example_dags/example_latest_only_with_trigger.py for tasks to queue
[2025-07-03T17:41:34.089+0000] {logging_mixin.py:188} INFO - [2025-07-03T17:41:34.088+0000] {dagbag.py:538} INFO - Filling up the DagBag from /home/airflow/.local/lib/python3.8/site-packages/airflow/example_dags/example_latest_only_with_trigger.py
[2025-07-03T17:41:34.105+0000] {processor.py:840} INFO - DAG(s) 'latest_only_with_trigger' retrieved from /home/airflow/.local/lib/python3.8/site-packages/airflow/example_dags/example_latest_only_with_trigger.py
[2025-07-03T17:41:34.166+0000] {logging_mixin.py:188} INFO - [2025-07-03T17:41:34.165+0000] {dag.py:3036} INFO - Sync 1 DAGs
[2025-07-03T17:41:34.222+0000] {logging_mixin.py:188} INFO - [2025-07-03T17:41:34.222+0000] {dag.py:3823} INFO - Setting next_dagrun for latest_only_with_trigger to 2025-07-03 12:00:00+00:00, run_after=2025-07-03 16:00:00+00:00
[2025-07-03T17:41:34.263+0000] {processor.py:183} INFO - Processing /home/airflow/.local/lib/python3.8/site-packages/airflow/example_dags/example_latest_only_with_trigger.py took 0.191 seconds
[2025-07-03T17:42:04.532+0000] {processor.py:161} INFO - Started process (PID=1013) to work on /home/airflow/.local/lib/python3.8/site-packages/airflow/example_dags/example_latest_only_with_trigger.py
[2025-07-03T17:42:04.534+0000] {processor.py:830} INFO - Processing file /home/airflow/.local/lib/python3.8/site-packages/airflow/example_dags/example_latest_only_with_trigger.py for tasks to queue
[2025-07-03T17:42:04.537+0000] {logging_mixin.py:188} INFO - [2025-07-03T17:42:04.536+0000] {dagbag.py:538} INFO - Filling up the DagBag from /home/airflow/.local/lib/python3.8/site-packages/airflow/example_dags/example_latest_only_with_trigger.py
[2025-07-03T17:42:04.545+0000] {processor.py:840} INFO - DAG(s) 'latest_only_with_trigger' retrieved from /home/airflow/.local/lib/python3.8/site-packages/airflow/example_dags/example_latest_only_with_trigger.py
[2025-07-03T17:42:04.580+0000] {logging_mixin.py:188} INFO - [2025-07-03T17:42:04.579+0000] {dag.py:3036} INFO - Sync 1 DAGs
[2025-07-03T17:42:04.622+0000] {logging_mixin.py:188} INFO - [2025-07-03T17:42:04.621+0000] {dag.py:3823} INFO - Setting next_dagrun for latest_only_with_trigger to 2025-07-03 12:00:00+00:00, run_after=2025-07-03 16:00:00+00:00
[2025-07-03T17:42:04.651+0000] {processor.py:183} INFO - Processing /home/airflow/.local/lib/python3.8/site-packages/airflow/example_dags/example_latest_only_with_trigger.py took 0.124 seconds
[2025-07-03T17:42:34.710+0000] {processor.py:161} INFO - Started process (PID=1077) to work on /home/airflow/.local/lib/python3.8/site-packages/airflow/example_dags/example_latest_only_with_trigger.py
[2025-07-03T17:42:34.711+0000] {processor.py:830} INFO - Processing file /home/airflow/.local/lib/python3.8/site-packages/airflow/example_dags/example_latest_only_with_trigger.py for tasks to queue
[2025-07-03T17:42:34.713+0000] {logging_mixin.py:188} INFO - [2025-07-03T17:42:34.713+0000] {dagbag.py:538} INFO - Filling up the DagBag from /home/airflow/.local/lib/python3.8/site-packages/airflow/example_dags/example_latest_only_with_trigger.py
[2025-07-03T17:42:34.720+0000] {processor.py:840} INFO - DAG(s) 'latest_only_with_trigger' retrieved from /home/airflow/.local/lib/python3.8/site-packages/airflow/example_dags/example_latest_only_with_trigger.py
[2025-07-03T17:42:34.746+0000] {logging_mixin.py:188} INFO - [2025-07-03T17:42:34.746+0000] {dag.py:3036} INFO - Sync 1 DAGs
[2025-07-03T17:42:34.776+0000] {logging_mixin.py:188} INFO - [2025-07-03T17:42:34.776+0000] {dag.py:3823} INFO - Setting next_dagrun for latest_only_with_trigger to 2025-07-03 12:00:00+00:00, run_after=2025-07-03 16:00:00+00:00
[2025-07-03T17:42:34.806+0000] {processor.py:183} INFO - Processing /home/airflow/.local/lib/python3.8/site-packages/airflow/example_dags/example_latest_only_with_trigger.py took 0.100 seconds
[2025-07-03T17:43:04.980+0000] {processor.py:161} INFO - Started process (PID=1142) to work on /home/airflow/.local/lib/python3.8/site-packages/airflow/example_dags/example_latest_only_with_trigger.py
[2025-07-03T17:43:04.982+0000] {processor.py:830} INFO - Processing file /home/airflow/.local/lib/python3.8/site-packages/airflow/example_dags/example_latest_only_with_trigger.py for tasks to queue
[2025-07-03T17:43:04.985+0000] {logging_mixin.py:188} INFO - [2025-07-03T17:43:04.984+0000] {dagbag.py:538} INFO - Filling up the DagBag from /home/airflow/.local/lib/python3.8/site-packages/airflow/example_dags/example_latest_only_with_trigger.py
[2025-07-03T17:43:04.994+0000] {processor.py:840} INFO - DAG(s) 'latest_only_with_trigger' retrieved from /home/airflow/.local/lib/python3.8/site-packages/airflow/example_dags/example_latest_only_with_trigger.py
[2025-07-03T17:43:05.026+0000] {logging_mixin.py:188} INFO - [2025-07-03T17:43:05.025+0000] {dag.py:3036} INFO - Sync 1 DAGs
[2025-07-03T17:43:05.063+0000] {logging_mixin.py:188} INFO - [2025-07-03T17:43:05.062+0000] {dag.py:3823} INFO - Setting next_dagrun for latest_only_with_trigger to 2025-07-03 12:00:00+00:00, run_after=2025-07-03 16:00:00+00:00
[2025-07-03T17:43:05.093+0000] {processor.py:183} INFO - Processing /home/airflow/.local/lib/python3.8/site-packages/airflow/example_dags/example_latest_only_with_trigger.py took 0.118 seconds
[2025-07-03T17:43:35.901+0000] {processor.py:161} INFO - Started process (PID=1208) to work on /home/airflow/.local/lib/python3.8/site-packages/airflow/example_dags/example_latest_only_with_trigger.py
[2025-07-03T17:43:35.902+0000] {processor.py:830} INFO - Processing file /home/airflow/.local/lib/python3.8/site-packages/airflow/example_dags/example_latest_only_with_trigger.py for tasks to queue
[2025-07-03T17:43:35.905+0000] {logging_mixin.py:188} INFO - [2025-07-03T17:43:35.905+0000] {dagbag.py:538} INFO - Filling up the DagBag from /home/airflow/.local/lib/python3.8/site-packages/airflow/example_dags/example_latest_only_with_trigger.py
[2025-07-03T17:43:35.915+0000] {processor.py:840} INFO - DAG(s) 'latest_only_with_trigger' retrieved from /home/airflow/.local/lib/python3.8/site-packages/airflow/example_dags/example_latest_only_with_trigger.py
[2025-07-03T17:43:35.949+0000] {logging_mixin.py:188} INFO - [2025-07-03T17:43:35.949+0000] {dag.py:3036} INFO - Sync 1 DAGs
[2025-07-03T17:43:35.991+0000] {logging_mixin.py:188} INFO - [2025-07-03T17:43:35.990+0000] {dag.py:3823} INFO - Setting next_dagrun for latest_only_with_trigger to 2025-07-03 12:00:00+00:00, run_after=2025-07-03 16:00:00+00:00
[2025-07-03T17:43:36.028+0000] {processor.py:183} INFO - Processing /home/airflow/.local/lib/python3.8/site-packages/airflow/example_dags/example_latest_only_with_trigger.py took 0.132 seconds
[2025-07-03T17:44:06.837+0000] {processor.py:161} INFO - Started process (PID=1273) to work on /home/airflow/.local/lib/python3.8/site-packages/airflow/example_dags/example_latest_only_with_trigger.py
[2025-07-03T17:44:06.838+0000] {processor.py:830} INFO - Processing file /home/airflow/.local/lib/python3.8/site-packages/airflow/example_dags/example_latest_only_with_trigger.py for tasks to queue
[2025-07-03T17:44:06.840+0000] {logging_mixin.py:188} INFO - [2025-07-03T17:44:06.840+0000] {dagbag.py:538} INFO - Filling up the DagBag from /home/airflow/.local/lib/python3.8/site-packages/airflow/example_dags/example_latest_only_with_trigger.py
[2025-07-03T17:44:06.847+0000] {processor.py:840} INFO - DAG(s) 'latest_only_with_trigger' retrieved from /home/airflow/.local/lib/python3.8/site-packages/airflow/example_dags/example_latest_only_with_trigger.py
[2025-07-03T17:44:06.874+0000] {logging_mixin.py:188} INFO - [2025-07-03T17:44:06.873+0000] {dag.py:3036} INFO - Sync 1 DAGs
[2025-07-03T17:44:06.907+0000] {logging_mixin.py:188} INFO - [2025-07-03T17:44:06.906+0000] {dag.py:3823} INFO - Setting next_dagrun for latest_only_with_trigger to 2025-07-03 12:00:00+00:00, run_after=2025-07-03 16:00:00+00:00
[2025-07-03T17:44:06.938+0000] {processor.py:183} INFO - Processing /home/airflow/.local/lib/python3.8/site-packages/airflow/example_dags/example_latest_only_with_trigger.py took 0.105 seconds
[2025-07-03T17:44:37.344+0000] {processor.py:161} INFO - Started process (PID=1338) to work on /home/airflow/.local/lib/python3.8/site-packages/airflow/example_dags/example_latest_only_with_trigger.py
[2025-07-03T17:44:37.344+0000] {processor.py:830} INFO - Processing file /home/airflow/.local/lib/python3.8/site-packages/airflow/example_dags/example_latest_only_with_trigger.py for tasks to queue
[2025-07-03T17:44:37.347+0000] {logging_mixin.py:188} INFO - [2025-07-03T17:44:37.346+0000] {dagbag.py:538} INFO - Filling up the DagBag from /home/airflow/.local/lib/python3.8/site-packages/airflow/example_dags/example_latest_only_with_trigger.py
[2025-07-03T17:44:37.354+0000] {processor.py:840} INFO - DAG(s) 'latest_only_with_trigger' retrieved from /home/airflow/.local/lib/python3.8/site-packages/airflow/example_dags/example_latest_only_with_trigger.py
[2025-07-03T17:44:37.391+0000] {logging_mixin.py:188} INFO - [2025-07-03T17:44:37.391+0000] {dag.py:3036} INFO - Sync 1 DAGs
[2025-07-03T17:44:37.480+0000] {logging_mixin.py:188} INFO - [2025-07-03T17:44:37.479+0000] {dag.py:3823} INFO - Setting next_dagrun for latest_only_with_trigger to 2025-07-03 12:00:00+00:00, run_after=2025-07-03 16:00:00+00:00
[2025-07-03T17:44:37.550+0000] {processor.py:183} INFO - Processing /home/airflow/.local/lib/python3.8/site-packages/airflow/example_dags/example_latest_only_with_trigger.py took 0.215 seconds
[2025-07-03T17:45:08.162+0000] {processor.py:161} INFO - Started process (PID=1403) to work on /home/airflow/.local/lib/python3.8/site-packages/airflow/example_dags/example_latest_only_with_trigger.py
[2025-07-03T17:45:08.164+0000] {processor.py:830} INFO - Processing file /home/airflow/.local/lib/python3.8/site-packages/airflow/example_dags/example_latest_only_with_trigger.py for tasks to queue
[2025-07-03T17:45:08.166+0000] {logging_mixin.py:188} INFO - [2025-07-03T17:45:08.166+0000] {dagbag.py:538} INFO - Filling up the DagBag from /home/airflow/.local/lib/python3.8/site-packages/airflow/example_dags/example_latest_only_with_trigger.py
[2025-07-03T17:45:08.173+0000] {processor.py:840} INFO - DAG(s) 'latest_only_with_trigger' retrieved from /home/airflow/.local/lib/python3.8/site-packages/airflow/example_dags/example_latest_only_with_trigger.py
[2025-07-03T17:45:08.206+0000] {logging_mixin.py:188} INFO - [2025-07-03T17:45:08.205+0000] {dag.py:3036} INFO - Sync 1 DAGs
[2025-07-03T17:45:08.246+0000] {logging_mixin.py:188} INFO - [2025-07-03T17:45:08.246+0000] {dag.py:3823} INFO - Setting next_dagrun for latest_only_with_trigger to 2025-07-03 12:00:00+00:00, run_after=2025-07-03 16:00:00+00:00
[2025-07-03T17:45:08.272+0000] {processor.py:183} INFO - Processing /home/airflow/.local/lib/python3.8/site-packages/airflow/example_dags/example_latest_only_with_trigger.py took 0.114 seconds
[2025-07-03T17:45:38.633+0000] {processor.py:161} INFO - Started process (PID=1468) to work on /home/airflow/.local/lib/python3.8/site-packages/airflow/example_dags/example_latest_only_with_trigger.py
[2025-07-03T17:45:38.634+0000] {processor.py:830} INFO - Processing file /home/airflow/.local/lib/python3.8/site-packages/airflow/example_dags/example_latest_only_with_trigger.py for tasks to queue
[2025-07-03T17:45:38.637+0000] {logging_mixin.py:188} INFO - [2025-07-03T17:45:38.637+0000] {dagbag.py:538} INFO - Filling up the DagBag from /home/airflow/.local/lib/python3.8/site-packages/airflow/example_dags/example_latest_only_with_trigger.py
[2025-07-03T17:45:38.647+0000] {processor.py:840} INFO - DAG(s) 'latest_only_with_trigger' retrieved from /home/airflow/.local/lib/python3.8/site-packages/airflow/example_dags/example_latest_only_with_trigger.py
[2025-07-03T17:45:38.682+0000] {logging_mixin.py:188} INFO - [2025-07-03T17:45:38.681+0000] {dag.py:3036} INFO - Sync 1 DAGs
[2025-07-03T17:45:38.718+0000] {logging_mixin.py:188} INFO - [2025-07-03T17:45:38.717+0000] {dag.py:3823} INFO - Setting next_dagrun for latest_only_with_trigger to 2025-07-03 12:00:00+00:00, run_after=2025-07-03 16:00:00+00:00
[2025-07-03T17:45:38.746+0000] {processor.py:183} INFO - Processing /home/airflow/.local/lib/python3.8/site-packages/airflow/example_dags/example_latest_only_with_trigger.py took 0.118 seconds
[2025-07-03T17:46:08.911+0000] {processor.py:161} INFO - Started process (PID=1533) to work on /home/airflow/.local/lib/python3.8/site-packages/airflow/example_dags/example_latest_only_with_trigger.py
[2025-07-03T17:46:08.913+0000] {processor.py:830} INFO - Processing file /home/airflow/.local/lib/python3.8/site-packages/airflow/example_dags/example_latest_only_with_trigger.py for tasks to queue
[2025-07-03T17:46:08.915+0000] {logging_mixin.py:188} INFO - [2025-07-03T17:46:08.915+0000] {dagbag.py:538} INFO - Filling up the DagBag from /home/airflow/.local/lib/python3.8/site-packages/airflow/example_dags/example_latest_only_with_trigger.py
[2025-07-03T17:46:08.924+0000] {processor.py:840} INFO - DAG(s) 'latest_only_with_trigger' retrieved from /home/airflow/.local/lib/python3.8/site-packages/airflow/example_dags/example_latest_only_with_trigger.py
[2025-07-03T17:46:08.957+0000] {logging_mixin.py:188} INFO - [2025-07-03T17:46:08.956+0000] {dag.py:3036} INFO - Sync 1 DAGs
[2025-07-03T17:46:09.003+0000] {logging_mixin.py:188} INFO - [2025-07-03T17:46:09.002+0000] {dag.py:3823} INFO - Setting next_dagrun for latest_only_with_trigger to 2025-07-03 12:00:00+00:00, run_after=2025-07-03 16:00:00+00:00
[2025-07-03T17:46:09.046+0000] {processor.py:183} INFO - Processing /home/airflow/.local/lib/python3.8/site-packages/airflow/example_dags/example_latest_only_with_trigger.py took 0.139 seconds
[2025-07-03T17:46:39.955+0000] {processor.py:161} INFO - Started process (PID=1597) to work on /home/airflow/.local/lib/python3.8/site-packages/airflow/example_dags/example_latest_only_with_trigger.py
[2025-07-03T17:46:39.957+0000] {processor.py:830} INFO - Processing file /home/airflow/.local/lib/python3.8/site-packages/airflow/example_dags/example_latest_only_with_trigger.py for tasks to queue
[2025-07-03T17:46:39.959+0000] {logging_mixin.py:188} INFO - [2025-07-03T17:46:39.959+0000] {dagbag.py:538} INFO - Filling up the DagBag from /home/airflow/.local/lib/python3.8/site-packages/airflow/example_dags/example_latest_only_with_trigger.py
[2025-07-03T17:46:39.968+0000] {processor.py:840} INFO - DAG(s) 'latest_only_with_trigger' retrieved from /home/airflow/.local/lib/python3.8/site-packages/airflow/example_dags/example_latest_only_with_trigger.py
[2025-07-03T17:46:40.015+0000] {logging_mixin.py:188} INFO - [2025-07-03T17:46:40.014+0000] {dag.py:3036} INFO - Sync 1 DAGs
[2025-07-03T17:46:40.079+0000] {logging_mixin.py:188} INFO - [2025-07-03T17:46:40.078+0000] {dag.py:3823} INFO - Setting next_dagrun for latest_only_with_trigger to 2025-07-03 12:00:00+00:00, run_after=2025-07-03 16:00:00+00:00
[2025-07-03T17:46:40.115+0000] {processor.py:183} INFO - Processing /home/airflow/.local/lib/python3.8/site-packages/airflow/example_dags/example_latest_only_with_trigger.py took 0.175 seconds
[2025-07-03T17:47:10.374+0000] {processor.py:161} INFO - Started process (PID=1662) to work on /home/airflow/.local/lib/python3.8/site-packages/airflow/example_dags/example_latest_only_with_trigger.py
[2025-07-03T17:47:10.376+0000] {processor.py:830} INFO - Processing file /home/airflow/.local/lib/python3.8/site-packages/airflow/example_dags/example_latest_only_with_trigger.py for tasks to queue
[2025-07-03T17:47:10.378+0000] {logging_mixin.py:188} INFO - [2025-07-03T17:47:10.378+0000] {dagbag.py:538} INFO - Filling up the DagBag from /home/airflow/.local/lib/python3.8/site-packages/airflow/example_dags/example_latest_only_with_trigger.py
[2025-07-03T17:47:10.388+0000] {processor.py:840} INFO - DAG(s) 'latest_only_with_trigger' retrieved from /home/airflow/.local/lib/python3.8/site-packages/airflow/example_dags/example_latest_only_with_trigger.py
[2025-07-03T17:47:10.422+0000] {logging_mixin.py:188} INFO - [2025-07-03T17:47:10.421+0000] {dag.py:3036} INFO - Sync 1 DAGs
[2025-07-03T17:47:10.461+0000] {logging_mixin.py:188} INFO - [2025-07-03T17:47:10.461+0000] {dag.py:3823} INFO - Setting next_dagrun for latest_only_with_trigger to 2025-07-03 12:00:00+00:00, run_after=2025-07-03 16:00:00+00:00
[2025-07-03T17:47:10.486+0000] {processor.py:183} INFO - Processing /home/airflow/.local/lib/python3.8/site-packages/airflow/example_dags/example_latest_only_with_trigger.py took 0.116 seconds
[2025-07-03T17:47:40.700+0000] {processor.py:161} INFO - Started process (PID=1727) to work on /home/airflow/.local/lib/python3.8/site-packages/airflow/example_dags/example_latest_only_with_trigger.py
[2025-07-03T17:47:40.701+0000] {processor.py:830} INFO - Processing file /home/airflow/.local/lib/python3.8/site-packages/airflow/example_dags/example_latest_only_with_trigger.py for tasks to queue
[2025-07-03T17:47:40.704+0000] {logging_mixin.py:188} INFO - [2025-07-03T17:47:40.703+0000] {dagbag.py:538} INFO - Filling up the DagBag from /home/airflow/.local/lib/python3.8/site-packages/airflow/example_dags/example_latest_only_with_trigger.py
[2025-07-03T17:47:40.713+0000] {processor.py:840} INFO - DAG(s) 'latest_only_with_trigger' retrieved from /home/airflow/.local/lib/python3.8/site-packages/airflow/example_dags/example_latest_only_with_trigger.py
[2025-07-03T17:47:40.742+0000] {logging_mixin.py:188} INFO - [2025-07-03T17:47:40.741+0000] {dag.py:3036} INFO - Sync 1 DAGs
[2025-07-03T17:47:40.772+0000] {logging_mixin.py:188} INFO - [2025-07-03T17:47:40.772+0000] {dag.py:3823} INFO - Setting next_dagrun for latest_only_with_trigger to 2025-07-03 12:00:00+00:00, run_after=2025-07-03 16:00:00+00:00
[2025-07-03T17:47:40.799+0000] {processor.py:183} INFO - Processing /home/airflow/.local/lib/python3.8/site-packages/airflow/example_dags/example_latest_only_with_trigger.py took 0.104 seconds
[2025-07-03T17:48:11.475+0000] {processor.py:161} INFO - Started process (PID=1792) to work on /home/airflow/.local/lib/python3.8/site-packages/airflow/example_dags/example_latest_only_with_trigger.py
[2025-07-03T17:48:11.481+0000] {processor.py:830} INFO - Processing file /home/airflow/.local/lib/python3.8/site-packages/airflow/example_dags/example_latest_only_with_trigger.py for tasks to queue
[2025-07-03T17:48:11.489+0000] {logging_mixin.py:188} INFO - [2025-07-03T17:48:11.487+0000] {dagbag.py:538} INFO - Filling up the DagBag from /home/airflow/.local/lib/python3.8/site-packages/airflow/example_dags/example_latest_only_with_trigger.py
[2025-07-03T17:48:11.579+0000] {processor.py:840} INFO - DAG(s) 'latest_only_with_trigger' retrieved from /home/airflow/.local/lib/python3.8/site-packages/airflow/example_dags/example_latest_only_with_trigger.py
[2025-07-03T17:48:11.787+0000] {logging_mixin.py:188} INFO - [2025-07-03T17:48:11.786+0000] {dag.py:3036} INFO - Sync 1 DAGs
[2025-07-03T17:48:11.982+0000] {logging_mixin.py:188} INFO - [2025-07-03T17:48:11.982+0000] {dag.py:3823} INFO - Setting next_dagrun for latest_only_with_trigger to 2025-07-03 12:00:00+00:00, run_after=2025-07-03 16:00:00+00:00
[2025-07-03T17:48:12.099+0000] {processor.py:183} INFO - Processing /home/airflow/.local/lib/python3.8/site-packages/airflow/example_dags/example_latest_only_with_trigger.py took 0.633 seconds
[2025-07-03T17:48:42.941+0000] {processor.py:161} INFO - Started process (PID=1858) to work on /home/airflow/.local/lib/python3.8/site-packages/airflow/example_dags/example_latest_only_with_trigger.py
[2025-07-03T17:48:42.977+0000] {processor.py:830} INFO - Processing file /home/airflow/.local/lib/python3.8/site-packages/airflow/example_dags/example_latest_only_with_trigger.py for tasks to queue
[2025-07-03T17:48:42.987+0000] {logging_mixin.py:188} INFO - [2025-07-03T17:48:42.987+0000] {dagbag.py:538} INFO - Filling up the DagBag from /home/airflow/.local/lib/python3.8/site-packages/airflow/example_dags/example_latest_only_with_trigger.py
[2025-07-03T17:48:43.012+0000] {processor.py:840} INFO - DAG(s) 'latest_only_with_trigger' retrieved from /home/airflow/.local/lib/python3.8/site-packages/airflow/example_dags/example_latest_only_with_trigger.py
[2025-07-03T17:48:43.076+0000] {logging_mixin.py:188} INFO - [2025-07-03T17:48:43.076+0000] {dag.py:3036} INFO - Sync 1 DAGs
[2025-07-03T17:48:43.118+0000] {logging_mixin.py:188} INFO - [2025-07-03T17:48:43.118+0000] {dag.py:3823} INFO - Setting next_dagrun for latest_only_with_trigger to 2025-07-03 12:00:00+00:00, run_after=2025-07-03 16:00:00+00:00
[2025-07-03T17:48:43.150+0000] {processor.py:183} INFO - Processing /home/airflow/.local/lib/python3.8/site-packages/airflow/example_dags/example_latest_only_with_trigger.py took 0.227 seconds
[2025-07-03T17:49:13.926+0000] {processor.py:161} INFO - Started process (PID=1924) to work on /home/airflow/.local/lib/python3.8/site-packages/airflow/example_dags/example_latest_only_with_trigger.py
[2025-07-03T17:49:13.928+0000] {processor.py:830} INFO - Processing file /home/airflow/.local/lib/python3.8/site-packages/airflow/example_dags/example_latest_only_with_trigger.py for tasks to queue
[2025-07-03T17:49:13.930+0000] {logging_mixin.py:188} INFO - [2025-07-03T17:49:13.930+0000] {dagbag.py:538} INFO - Filling up the DagBag from /home/airflow/.local/lib/python3.8/site-packages/airflow/example_dags/example_latest_only_with_trigger.py
[2025-07-03T17:49:13.972+0000] {processor.py:840} INFO - DAG(s) 'latest_only_with_trigger' retrieved from /home/airflow/.local/lib/python3.8/site-packages/airflow/example_dags/example_latest_only_with_trigger.py
[2025-07-03T17:49:14.034+0000] {logging_mixin.py:188} INFO - [2025-07-03T17:49:14.033+0000] {dag.py:3036} INFO - Sync 1 DAGs
[2025-07-03T17:49:14.101+0000] {logging_mixin.py:188} INFO - [2025-07-03T17:49:14.099+0000] {dag.py:3823} INFO - Setting next_dagrun for latest_only_with_trigger to 2025-07-03 12:00:00+00:00, run_after=2025-07-03 16:00:00+00:00
[2025-07-03T17:49:14.154+0000] {processor.py:183} INFO - Processing /home/airflow/.local/lib/python3.8/site-packages/airflow/example_dags/example_latest_only_with_trigger.py took 0.255 seconds
[2025-07-03T17:49:44.559+0000] {processor.py:161} INFO - Started process (PID=1989) to work on /home/airflow/.local/lib/python3.8/site-packages/airflow/example_dags/example_latest_only_with_trigger.py
[2025-07-03T17:49:44.569+0000] {processor.py:830} INFO - Processing file /home/airflow/.local/lib/python3.8/site-packages/airflow/example_dags/example_latest_only_with_trigger.py for tasks to queue
[2025-07-03T17:49:44.572+0000] {logging_mixin.py:188} INFO - [2025-07-03T17:49:44.571+0000] {dagbag.py:538} INFO - Filling up the DagBag from /home/airflow/.local/lib/python3.8/site-packages/airflow/example_dags/example_latest_only_with_trigger.py
[2025-07-03T17:49:44.588+0000] {processor.py:840} INFO - DAG(s) 'latest_only_with_trigger' retrieved from /home/airflow/.local/lib/python3.8/site-packages/airflow/example_dags/example_latest_only_with_trigger.py
[2025-07-03T17:49:44.654+0000] {logging_mixin.py:188} INFO - [2025-07-03T17:49:44.653+0000] {dag.py:3036} INFO - Sync 1 DAGs
[2025-07-03T17:49:44.699+0000] {logging_mixin.py:188} INFO - [2025-07-03T17:49:44.699+0000] {dag.py:3823} INFO - Setting next_dagrun for latest_only_with_trigger to 2025-07-03 12:00:00+00:00, run_after=2025-07-03 16:00:00+00:00
[2025-07-03T17:49:44.764+0000] {processor.py:183} INFO - Processing /home/airflow/.local/lib/python3.8/site-packages/airflow/example_dags/example_latest_only_with_trigger.py took 0.210 seconds
[2025-07-03T17:50:15.407+0000] {processor.py:161} INFO - Started process (PID=2055) to work on /home/airflow/.local/lib/python3.8/site-packages/airflow/example_dags/example_latest_only_with_trigger.py
[2025-07-03T17:50:15.408+0000] {processor.py:830} INFO - Processing file /home/airflow/.local/lib/python3.8/site-packages/airflow/example_dags/example_latest_only_with_trigger.py for tasks to queue
[2025-07-03T17:50:15.410+0000] {logging_mixin.py:188} INFO - [2025-07-03T17:50:15.410+0000] {dagbag.py:538} INFO - Filling up the DagBag from /home/airflow/.local/lib/python3.8/site-packages/airflow/example_dags/example_latest_only_with_trigger.py
[2025-07-03T17:50:15.420+0000] {processor.py:840} INFO - DAG(s) 'latest_only_with_trigger' retrieved from /home/airflow/.local/lib/python3.8/site-packages/airflow/example_dags/example_latest_only_with_trigger.py
[2025-07-03T17:50:15.454+0000] {logging_mixin.py:188} INFO - [2025-07-03T17:50:15.454+0000] {dag.py:3036} INFO - Sync 1 DAGs
[2025-07-03T17:50:15.496+0000] {logging_mixin.py:188} INFO - [2025-07-03T17:50:15.496+0000] {dag.py:3823} INFO - Setting next_dagrun for latest_only_with_trigger to 2025-07-03 12:00:00+00:00, run_after=2025-07-03 16:00:00+00:00
[2025-07-03T17:50:15.528+0000] {processor.py:183} INFO - Processing /home/airflow/.local/lib/python3.8/site-packages/airflow/example_dags/example_latest_only_with_trigger.py took 0.126 seconds
[2025-07-03T17:50:46.613+0000] {processor.py:161} INFO - Started process (PID=2127) to work on /home/airflow/.local/lib/python3.8/site-packages/airflow/example_dags/example_latest_only_with_trigger.py
[2025-07-03T17:50:46.615+0000] {processor.py:830} INFO - Processing file /home/airflow/.local/lib/python3.8/site-packages/airflow/example_dags/example_latest_only_with_trigger.py for tasks to queue
[2025-07-03T17:50:46.618+0000] {logging_mixin.py:188} INFO - [2025-07-03T17:50:46.617+0000] {dagbag.py:538} INFO - Filling up the DagBag from /home/airflow/.local/lib/python3.8/site-packages/airflow/example_dags/example_latest_only_with_trigger.py
[2025-07-03T17:50:46.633+0000] {processor.py:840} INFO - DAG(s) 'latest_only_with_trigger' retrieved from /home/airflow/.local/lib/python3.8/site-packages/airflow/example_dags/example_latest_only_with_trigger.py
[2025-07-03T17:50:46.667+0000] {logging_mixin.py:188} INFO - [2025-07-03T17:50:46.667+0000] {dag.py:3036} INFO - Sync 1 DAGs
[2025-07-03T17:50:46.747+0000] {logging_mixin.py:188} INFO - [2025-07-03T17:50:46.746+0000] {dag.py:3823} INFO - Setting next_dagrun for latest_only_with_trigger to 2025-07-03 12:00:00+00:00, run_after=2025-07-03 16:00:00+00:00
[2025-07-03T17:50:46.783+0000] {processor.py:183} INFO - Processing /home/airflow/.local/lib/python3.8/site-packages/airflow/example_dags/example_latest_only_with_trigger.py took 0.174 seconds
[2025-07-03T17:51:17.180+0000] {processor.py:161} INFO - Started process (PID=2194) to work on /home/airflow/.local/lib/python3.8/site-packages/airflow/example_dags/example_latest_only_with_trigger.py
[2025-07-03T17:51:17.181+0000] {processor.py:830} INFO - Processing file /home/airflow/.local/lib/python3.8/site-packages/airflow/example_dags/example_latest_only_with_trigger.py for tasks to queue
[2025-07-03T17:51:17.184+0000] {logging_mixin.py:188} INFO - [2025-07-03T17:51:17.183+0000] {dagbag.py:538} INFO - Filling up the DagBag from /home/airflow/.local/lib/python3.8/site-packages/airflow/example_dags/example_latest_only_with_trigger.py
[2025-07-03T17:51:17.214+0000] {processor.py:840} INFO - DAG(s) 'latest_only_with_trigger' retrieved from /home/airflow/.local/lib/python3.8/site-packages/airflow/example_dags/example_latest_only_with_trigger.py
[2025-07-03T17:51:17.338+0000] {logging_mixin.py:188} INFO - [2025-07-03T17:51:17.337+0000] {dag.py:3036} INFO - Sync 1 DAGs
[2025-07-03T17:51:17.494+0000] {logging_mixin.py:188} INFO - [2025-07-03T17:51:17.494+0000] {dag.py:3823} INFO - Setting next_dagrun for latest_only_with_trigger to 2025-07-03 12:00:00+00:00, run_after=2025-07-03 16:00:00+00:00
[2025-07-03T17:51:17.563+0000] {processor.py:183} INFO - Processing /home/airflow/.local/lib/python3.8/site-packages/airflow/example_dags/example_latest_only_with_trigger.py took 0.388 seconds
[2025-07-03T17:51:48.029+0000] {processor.py:161} INFO - Started process (PID=2260) to work on /home/airflow/.local/lib/python3.8/site-packages/airflow/example_dags/example_latest_only_with_trigger.py
[2025-07-03T17:51:48.030+0000] {processor.py:830} INFO - Processing file /home/airflow/.local/lib/python3.8/site-packages/airflow/example_dags/example_latest_only_with_trigger.py for tasks to queue
[2025-07-03T17:51:48.032+0000] {logging_mixin.py:188} INFO - [2025-07-03T17:51:48.032+0000] {dagbag.py:538} INFO - Filling up the DagBag from /home/airflow/.local/lib/python3.8/site-packages/airflow/example_dags/example_latest_only_with_trigger.py
[2025-07-03T17:51:48.049+0000] {processor.py:840} INFO - DAG(s) 'latest_only_with_trigger' retrieved from /home/airflow/.local/lib/python3.8/site-packages/airflow/example_dags/example_latest_only_with_trigger.py
[2025-07-03T17:51:48.109+0000] {logging_mixin.py:188} INFO - [2025-07-03T17:51:48.109+0000] {dag.py:3036} INFO - Sync 1 DAGs
[2025-07-03T17:51:48.190+0000] {logging_mixin.py:188} INFO - [2025-07-03T17:51:48.185+0000] {dag.py:3823} INFO - Setting next_dagrun for latest_only_with_trigger to 2025-07-03 12:00:00+00:00, run_after=2025-07-03 16:00:00+00:00
[2025-07-03T17:51:48.250+0000] {processor.py:183} INFO - Processing /home/airflow/.local/lib/python3.8/site-packages/airflow/example_dags/example_latest_only_with_trigger.py took 0.235 seconds
[2025-07-03T17:52:18.958+0000] {processor.py:161} INFO - Started process (PID=2326) to work on /home/airflow/.local/lib/python3.8/site-packages/airflow/example_dags/example_latest_only_with_trigger.py
[2025-07-03T17:52:18.962+0000] {processor.py:830} INFO - Processing file /home/airflow/.local/lib/python3.8/site-packages/airflow/example_dags/example_latest_only_with_trigger.py for tasks to queue
[2025-07-03T17:52:18.974+0000] {logging_mixin.py:188} INFO - [2025-07-03T17:52:18.974+0000] {dagbag.py:538} INFO - Filling up the DagBag from /home/airflow/.local/lib/python3.8/site-packages/airflow/example_dags/example_latest_only_with_trigger.py
[2025-07-03T17:52:19.001+0000] {processor.py:840} INFO - DAG(s) 'latest_only_with_trigger' retrieved from /home/airflow/.local/lib/python3.8/site-packages/airflow/example_dags/example_latest_only_with_trigger.py
[2025-07-03T17:52:19.138+0000] {logging_mixin.py:188} INFO - [2025-07-03T17:52:19.137+0000] {dag.py:3036} INFO - Sync 1 DAGs
[2025-07-03T17:52:19.279+0000] {logging_mixin.py:188} INFO - [2025-07-03T17:52:19.278+0000] {dag.py:3823} INFO - Setting next_dagrun for latest_only_with_trigger to 2025-07-03 12:00:00+00:00, run_after=2025-07-03 16:00:00+00:00
[2025-07-03T17:52:19.373+0000] {processor.py:183} INFO - Processing /home/airflow/.local/lib/python3.8/site-packages/airflow/example_dags/example_latest_only_with_trigger.py took 0.428 seconds
[2025-07-03T17:52:50.007+0000] {processor.py:161} INFO - Started process (PID=2392) to work on /home/airflow/.local/lib/python3.8/site-packages/airflow/example_dags/example_latest_only_with_trigger.py
[2025-07-03T17:52:50.018+0000] {processor.py:830} INFO - Processing file /home/airflow/.local/lib/python3.8/site-packages/airflow/example_dags/example_latest_only_with_trigger.py for tasks to queue
[2025-07-03T17:52:50.022+0000] {logging_mixin.py:188} INFO - [2025-07-03T17:52:50.021+0000] {dagbag.py:538} INFO - Filling up the DagBag from /home/airflow/.local/lib/python3.8/site-packages/airflow/example_dags/example_latest_only_with_trigger.py
[2025-07-03T17:52:50.062+0000] {processor.py:840} INFO - DAG(s) 'latest_only_with_trigger' retrieved from /home/airflow/.local/lib/python3.8/site-packages/airflow/example_dags/example_latest_only_with_trigger.py
[2025-07-03T17:52:50.138+0000] {logging_mixin.py:188} INFO - [2025-07-03T17:52:50.137+0000] {dag.py:3036} INFO - Sync 1 DAGs
[2025-07-03T17:52:50.211+0000] {logging_mixin.py:188} INFO - [2025-07-03T17:52:50.210+0000] {dag.py:3823} INFO - Setting next_dagrun for latest_only_with_trigger to 2025-07-03 12:00:00+00:00, run_after=2025-07-03 16:00:00+00:00
[2025-07-03T17:52:50.277+0000] {processor.py:183} INFO - Processing /home/airflow/.local/lib/python3.8/site-packages/airflow/example_dags/example_latest_only_with_trigger.py took 0.288 seconds
[2025-07-03T17:53:20.668+0000] {processor.py:161} INFO - Started process (PID=2449) to work on /home/airflow/.local/lib/python3.8/site-packages/airflow/example_dags/example_latest_only_with_trigger.py
[2025-07-03T17:53:20.669+0000] {processor.py:830} INFO - Processing file /home/airflow/.local/lib/python3.8/site-packages/airflow/example_dags/example_latest_only_with_trigger.py for tasks to queue
[2025-07-03T17:53:20.671+0000] {logging_mixin.py:188} INFO - [2025-07-03T17:53:20.671+0000] {dagbag.py:538} INFO - Filling up the DagBag from /home/airflow/.local/lib/python3.8/site-packages/airflow/example_dags/example_latest_only_with_trigger.py
[2025-07-03T17:53:20.678+0000] {processor.py:840} INFO - DAG(s) 'latest_only_with_trigger' retrieved from /home/airflow/.local/lib/python3.8/site-packages/airflow/example_dags/example_latest_only_with_trigger.py
[2025-07-03T17:53:20.705+0000] {logging_mixin.py:188} INFO - [2025-07-03T17:53:20.705+0000] {dag.py:3036} INFO - Sync 1 DAGs
[2025-07-03T17:53:20.737+0000] {logging_mixin.py:188} INFO - [2025-07-03T17:53:20.737+0000] {dag.py:3823} INFO - Setting next_dagrun for latest_only_with_trigger to 2025-07-03 12:00:00+00:00, run_after=2025-07-03 16:00:00+00:00
[2025-07-03T17:53:20.763+0000] {processor.py:183} INFO - Processing /home/airflow/.local/lib/python3.8/site-packages/airflow/example_dags/example_latest_only_with_trigger.py took 0.099 seconds
[2025-07-03T17:53:51.050+0000] {processor.py:161} INFO - Started process (PID=2516) to work on /home/airflow/.local/lib/python3.8/site-packages/airflow/example_dags/example_latest_only_with_trigger.py
[2025-07-03T17:53:51.051+0000] {processor.py:830} INFO - Processing file /home/airflow/.local/lib/python3.8/site-packages/airflow/example_dags/example_latest_only_with_trigger.py for tasks to queue
[2025-07-03T17:53:51.054+0000] {logging_mixin.py:188} INFO - [2025-07-03T17:53:51.053+0000] {dagbag.py:538} INFO - Filling up the DagBag from /home/airflow/.local/lib/python3.8/site-packages/airflow/example_dags/example_latest_only_with_trigger.py
[2025-07-03T17:53:51.062+0000] {processor.py:840} INFO - DAG(s) 'latest_only_with_trigger' retrieved from /home/airflow/.local/lib/python3.8/site-packages/airflow/example_dags/example_latest_only_with_trigger.py
[2025-07-03T17:53:51.094+0000] {logging_mixin.py:188} INFO - [2025-07-03T17:53:51.093+0000] {dag.py:3036} INFO - Sync 1 DAGs
[2025-07-03T17:53:51.128+0000] {logging_mixin.py:188} INFO - [2025-07-03T17:53:51.128+0000] {dag.py:3823} INFO - Setting next_dagrun for latest_only_with_trigger to 2025-07-03 12:00:00+00:00, run_after=2025-07-03 16:00:00+00:00
[2025-07-03T17:53:51.157+0000] {processor.py:183} INFO - Processing /home/airflow/.local/lib/python3.8/site-packages/airflow/example_dags/example_latest_only_with_trigger.py took 0.111 seconds
[2025-07-03T17:54:21.549+0000] {processor.py:161} INFO - Started process (PID=2580) to work on /home/airflow/.local/lib/python3.8/site-packages/airflow/example_dags/example_latest_only_with_trigger.py
[2025-07-03T17:54:21.560+0000] {processor.py:830} INFO - Processing file /home/airflow/.local/lib/python3.8/site-packages/airflow/example_dags/example_latest_only_with_trigger.py for tasks to queue
[2025-07-03T17:54:21.563+0000] {logging_mixin.py:188} INFO - [2025-07-03T17:54:21.563+0000] {dagbag.py:538} INFO - Filling up the DagBag from /home/airflow/.local/lib/python3.8/site-packages/airflow/example_dags/example_latest_only_with_trigger.py
[2025-07-03T17:54:21.583+0000] {processor.py:840} INFO - DAG(s) 'latest_only_with_trigger' retrieved from /home/airflow/.local/lib/python3.8/site-packages/airflow/example_dags/example_latest_only_with_trigger.py
[2025-07-03T17:54:21.642+0000] {logging_mixin.py:188} INFO - [2025-07-03T17:54:21.641+0000] {dag.py:3036} INFO - Sync 1 DAGs
[2025-07-03T17:54:21.691+0000] {logging_mixin.py:188} INFO - [2025-07-03T17:54:21.690+0000] {dag.py:3823} INFO - Setting next_dagrun for latest_only_with_trigger to 2025-07-03 12:00:00+00:00, run_after=2025-07-03 16:00:00+00:00
[2025-07-03T17:54:21.724+0000] {processor.py:183} INFO - Processing /home/airflow/.local/lib/python3.8/site-packages/airflow/example_dags/example_latest_only_with_trigger.py took 0.181 seconds
[2025-07-03T17:54:52.659+0000] {processor.py:161} INFO - Started process (PID=2644) to work on /home/airflow/.local/lib/python3.8/site-packages/airflow/example_dags/example_latest_only_with_trigger.py
[2025-07-03T17:54:52.660+0000] {processor.py:830} INFO - Processing file /home/airflow/.local/lib/python3.8/site-packages/airflow/example_dags/example_latest_only_with_trigger.py for tasks to queue
[2025-07-03T17:54:52.667+0000] {logging_mixin.py:188} INFO - [2025-07-03T17:54:52.666+0000] {dagbag.py:538} INFO - Filling up the DagBag from /home/airflow/.local/lib/python3.8/site-packages/airflow/example_dags/example_latest_only_with_trigger.py
[2025-07-03T17:54:52.684+0000] {processor.py:840} INFO - DAG(s) 'latest_only_with_trigger' retrieved from /home/airflow/.local/lib/python3.8/site-packages/airflow/example_dags/example_latest_only_with_trigger.py
[2025-07-03T17:54:52.763+0000] {logging_mixin.py:188} INFO - [2025-07-03T17:54:52.763+0000] {dag.py:3036} INFO - Sync 1 DAGs
[2025-07-03T17:54:52.809+0000] {logging_mixin.py:188} INFO - [2025-07-03T17:54:52.808+0000] {dag.py:3823} INFO - Setting next_dagrun for latest_only_with_trigger to 2025-07-03 12:00:00+00:00, run_after=2025-07-03 16:00:00+00:00
[2025-07-03T17:54:52.910+0000] {processor.py:183} INFO - Processing /home/airflow/.local/lib/python3.8/site-packages/airflow/example_dags/example_latest_only_with_trigger.py took 0.269 seconds
[2025-07-03T17:55:23.287+0000] {processor.py:161} INFO - Started process (PID=2709) to work on /home/airflow/.local/lib/python3.8/site-packages/airflow/example_dags/example_latest_only_with_trigger.py
[2025-07-03T17:55:23.288+0000] {processor.py:830} INFO - Processing file /home/airflow/.local/lib/python3.8/site-packages/airflow/example_dags/example_latest_only_with_trigger.py for tasks to queue
[2025-07-03T17:55:23.290+0000] {logging_mixin.py:188} INFO - [2025-07-03T17:55:23.290+0000] {dagbag.py:538} INFO - Filling up the DagBag from /home/airflow/.local/lib/python3.8/site-packages/airflow/example_dags/example_latest_only_with_trigger.py
[2025-07-03T17:55:23.297+0000] {processor.py:840} INFO - DAG(s) 'latest_only_with_trigger' retrieved from /home/airflow/.local/lib/python3.8/site-packages/airflow/example_dags/example_latest_only_with_trigger.py
[2025-07-03T17:55:23.327+0000] {logging_mixin.py:188} INFO - [2025-07-03T17:55:23.327+0000] {dag.py:3036} INFO - Sync 1 DAGs
[2025-07-03T17:55:23.367+0000] {logging_mixin.py:188} INFO - [2025-07-03T17:55:23.367+0000] {dag.py:3823} INFO - Setting next_dagrun for latest_only_with_trigger to 2025-07-03 12:00:00+00:00, run_after=2025-07-03 16:00:00+00:00
[2025-07-03T17:55:23.394+0000] {processor.py:183} INFO - Processing /home/airflow/.local/lib/python3.8/site-packages/airflow/example_dags/example_latest_only_with_trigger.py took 0.111 seconds
[2025-07-03T17:55:53.794+0000] {processor.py:161} INFO - Started process (PID=2782) to work on /home/airflow/.local/lib/python3.8/site-packages/airflow/example_dags/example_latest_only_with_trigger.py
[2025-07-03T17:55:53.796+0000] {processor.py:830} INFO - Processing file /home/airflow/.local/lib/python3.8/site-packages/airflow/example_dags/example_latest_only_with_trigger.py for tasks to queue
[2025-07-03T17:55:53.799+0000] {logging_mixin.py:188} INFO - [2025-07-03T17:55:53.798+0000] {dagbag.py:538} INFO - Filling up the DagBag from /home/airflow/.local/lib/python3.8/site-packages/airflow/example_dags/example_latest_only_with_trigger.py
[2025-07-03T17:55:53.813+0000] {processor.py:840} INFO - DAG(s) 'latest_only_with_trigger' retrieved from /home/airflow/.local/lib/python3.8/site-packages/airflow/example_dags/example_latest_only_with_trigger.py
[2025-07-03T17:55:53.847+0000] {logging_mixin.py:188} INFO - [2025-07-03T17:55:53.847+0000] {dag.py:3036} INFO - Sync 1 DAGs
[2025-07-03T17:55:53.889+0000] {logging_mixin.py:188} INFO - [2025-07-03T17:55:53.888+0000] {dag.py:3823} INFO - Setting next_dagrun for latest_only_with_trigger to 2025-07-03 12:00:00+00:00, run_after=2025-07-03 16:00:00+00:00
[2025-07-03T17:55:53.919+0000] {processor.py:183} INFO - Processing /home/airflow/.local/lib/python3.8/site-packages/airflow/example_dags/example_latest_only_with_trigger.py took 0.130 seconds
[2025-07-03T17:56:24.574+0000] {processor.py:161} INFO - Started process (PID=2849) to work on /home/airflow/.local/lib/python3.8/site-packages/airflow/example_dags/example_latest_only_with_trigger.py
[2025-07-03T17:56:24.581+0000] {processor.py:830} INFO - Processing file /home/airflow/.local/lib/python3.8/site-packages/airflow/example_dags/example_latest_only_with_trigger.py for tasks to queue
[2025-07-03T17:56:24.583+0000] {logging_mixin.py:188} INFO - [2025-07-03T17:56:24.583+0000] {dagbag.py:538} INFO - Filling up the DagBag from /home/airflow/.local/lib/python3.8/site-packages/airflow/example_dags/example_latest_only_with_trigger.py
[2025-07-03T17:56:24.594+0000] {processor.py:840} INFO - DAG(s) 'latest_only_with_trigger' retrieved from /home/airflow/.local/lib/python3.8/site-packages/airflow/example_dags/example_latest_only_with_trigger.py
[2025-07-03T17:56:24.670+0000] {logging_mixin.py:188} INFO - [2025-07-03T17:56:24.669+0000] {dag.py:3036} INFO - Sync 1 DAGs
[2025-07-03T17:56:24.757+0000] {logging_mixin.py:188} INFO - [2025-07-03T17:56:24.757+0000] {dag.py:3823} INFO - Setting next_dagrun for latest_only_with_trigger to 2025-07-03 12:00:00+00:00, run_after=2025-07-03 16:00:00+00:00
[2025-07-03T17:56:24.842+0000] {processor.py:183} INFO - Processing /home/airflow/.local/lib/python3.8/site-packages/airflow/example_dags/example_latest_only_with_trigger.py took 0.285 seconds
[2025-07-03T17:56:56.405+0000] {processor.py:161} INFO - Started process (PID=2906) to work on /home/airflow/.local/lib/python3.8/site-packages/airflow/example_dags/example_latest_only_with_trigger.py
[2025-07-03T17:56:56.413+0000] {processor.py:830} INFO - Processing file /home/airflow/.local/lib/python3.8/site-packages/airflow/example_dags/example_latest_only_with_trigger.py for tasks to queue
[2025-07-03T17:56:56.422+0000] {logging_mixin.py:188} INFO - [2025-07-03T17:56:56.422+0000] {dagbag.py:538} INFO - Filling up the DagBag from /home/airflow/.local/lib/python3.8/site-packages/airflow/example_dags/example_latest_only_with_trigger.py
[2025-07-03T17:56:56.476+0000] {processor.py:840} INFO - DAG(s) 'latest_only_with_trigger' retrieved from /home/airflow/.local/lib/python3.8/site-packages/airflow/example_dags/example_latest_only_with_trigger.py
[2025-07-03T17:56:56.604+0000] {logging_mixin.py:188} INFO - [2025-07-03T17:56:56.603+0000] {dag.py:3036} INFO - Sync 1 DAGs
[2025-07-03T17:56:56.796+0000] {logging_mixin.py:188} INFO - [2025-07-03T17:56:56.795+0000] {dag.py:3823} INFO - Setting next_dagrun for latest_only_with_trigger to 2025-07-03 12:00:00+00:00, run_after=2025-07-03 16:00:00+00:00
[2025-07-03T17:56:57.025+0000] {processor.py:183} INFO - Processing /home/airflow/.local/lib/python3.8/site-packages/airflow/example_dags/example_latest_only_with_trigger.py took 0.661 seconds
[2025-07-03T17:57:28.221+0000] {processor.py:161} INFO - Started process (PID=2969) to work on /home/airflow/.local/lib/python3.8/site-packages/airflow/example_dags/example_latest_only_with_trigger.py
[2025-07-03T17:57:28.229+0000] {processor.py:830} INFO - Processing file /home/airflow/.local/lib/python3.8/site-packages/airflow/example_dags/example_latest_only_with_trigger.py for tasks to queue
[2025-07-03T17:57:28.233+0000] {logging_mixin.py:188} INFO - [2025-07-03T17:57:28.232+0000] {dagbag.py:538} INFO - Filling up the DagBag from /home/airflow/.local/lib/python3.8/site-packages/airflow/example_dags/example_latest_only_with_trigger.py
[2025-07-03T17:57:28.281+0000] {processor.py:840} INFO - DAG(s) 'latest_only_with_trigger' retrieved from /home/airflow/.local/lib/python3.8/site-packages/airflow/example_dags/example_latest_only_with_trigger.py
[2025-07-03T17:57:28.397+0000] {logging_mixin.py:188} INFO - [2025-07-03T17:57:28.397+0000] {dag.py:3036} INFO - Sync 1 DAGs
[2025-07-03T17:57:28.640+0000] {logging_mixin.py:188} INFO - [2025-07-03T17:57:28.640+0000] {dag.py:3823} INFO - Setting next_dagrun for latest_only_with_trigger to 2025-07-03 12:00:00+00:00, run_after=2025-07-03 16:00:00+00:00
[2025-07-03T17:57:28.782+0000] {processor.py:183} INFO - Processing /home/airflow/.local/lib/python3.8/site-packages/airflow/example_dags/example_latest_only_with_trigger.py took 0.587 seconds
[2025-07-03T17:57:58.886+0000] {processor.py:161} INFO - Started process (PID=3034) to work on /home/airflow/.local/lib/python3.8/site-packages/airflow/example_dags/example_latest_only_with_trigger.py
[2025-07-03T17:57:58.897+0000] {processor.py:830} INFO - Processing file /home/airflow/.local/lib/python3.8/site-packages/airflow/example_dags/example_latest_only_with_trigger.py for tasks to queue
[2025-07-03T17:57:58.905+0000] {logging_mixin.py:188} INFO - [2025-07-03T17:57:58.904+0000] {dagbag.py:538} INFO - Filling up the DagBag from /home/airflow/.local/lib/python3.8/site-packages/airflow/example_dags/example_latest_only_with_trigger.py
[2025-07-03T17:57:58.922+0000] {processor.py:840} INFO - DAG(s) 'latest_only_with_trigger' retrieved from /home/airflow/.local/lib/python3.8/site-packages/airflow/example_dags/example_latest_only_with_trigger.py
[2025-07-03T17:57:58.966+0000] {logging_mixin.py:188} INFO - [2025-07-03T17:57:58.965+0000] {dag.py:3036} INFO - Sync 1 DAGs
[2025-07-03T17:57:59.024+0000] {logging_mixin.py:188} INFO - [2025-07-03T17:57:59.024+0000] {dag.py:3823} INFO - Setting next_dagrun for latest_only_with_trigger to 2025-07-03 12:00:00+00:00, run_after=2025-07-03 16:00:00+00:00
[2025-07-03T17:57:59.091+0000] {processor.py:183} INFO - Processing /home/airflow/.local/lib/python3.8/site-packages/airflow/example_dags/example_latest_only_with_trigger.py took 0.210 seconds
[2025-07-03T17:58:29.613+0000] {processor.py:161} INFO - Started process (PID=3092) to work on /home/airflow/.local/lib/python3.8/site-packages/airflow/example_dags/example_latest_only_with_trigger.py
[2025-07-03T17:58:29.615+0000] {processor.py:830} INFO - Processing file /home/airflow/.local/lib/python3.8/site-packages/airflow/example_dags/example_latest_only_with_trigger.py for tasks to queue
[2025-07-03T17:58:29.618+0000] {logging_mixin.py:188} INFO - [2025-07-03T17:58:29.617+0000] {dagbag.py:538} INFO - Filling up the DagBag from /home/airflow/.local/lib/python3.8/site-packages/airflow/example_dags/example_latest_only_with_trigger.py
[2025-07-03T17:58:29.627+0000] {processor.py:840} INFO - DAG(s) 'latest_only_with_trigger' retrieved from /home/airflow/.local/lib/python3.8/site-packages/airflow/example_dags/example_latest_only_with_trigger.py
[2025-07-03T17:58:29.661+0000] {logging_mixin.py:188} INFO - [2025-07-03T17:58:29.661+0000] {dag.py:3036} INFO - Sync 1 DAGs
[2025-07-03T17:58:29.703+0000] {logging_mixin.py:188} INFO - [2025-07-03T17:58:29.703+0000] {dag.py:3823} INFO - Setting next_dagrun for latest_only_with_trigger to 2025-07-03 12:00:00+00:00, run_after=2025-07-03 16:00:00+00:00
[2025-07-03T17:58:29.733+0000] {processor.py:183} INFO - Processing /home/airflow/.local/lib/python3.8/site-packages/airflow/example_dags/example_latest_only_with_trigger.py took 0.125 seconds
[2025-07-03T17:59:00.760+0000] {processor.py:161} INFO - Started process (PID=3157) to work on /home/airflow/.local/lib/python3.8/site-packages/airflow/example_dags/example_latest_only_with_trigger.py
[2025-07-03T17:59:00.773+0000] {processor.py:830} INFO - Processing file /home/airflow/.local/lib/python3.8/site-packages/airflow/example_dags/example_latest_only_with_trigger.py for tasks to queue
[2025-07-03T17:59:00.776+0000] {logging_mixin.py:188} INFO - [2025-07-03T17:59:00.775+0000] {dagbag.py:538} INFO - Filling up the DagBag from /home/airflow/.local/lib/python3.8/site-packages/airflow/example_dags/example_latest_only_with_trigger.py
[2025-07-03T17:59:00.813+0000] {processor.py:840} INFO - DAG(s) 'latest_only_with_trigger' retrieved from /home/airflow/.local/lib/python3.8/site-packages/airflow/example_dags/example_latest_only_with_trigger.py
[2025-07-03T17:59:00.920+0000] {logging_mixin.py:188} INFO - [2025-07-03T17:59:00.920+0000] {dag.py:3036} INFO - Sync 1 DAGs
[2025-07-03T17:59:00.990+0000] {logging_mixin.py:188} INFO - [2025-07-03T17:59:00.990+0000] {dag.py:3823} INFO - Setting next_dagrun for latest_only_with_trigger to 2025-07-03 12:00:00+00:00, run_after=2025-07-03 16:00:00+00:00
[2025-07-03T17:59:01.142+0000] {processor.py:183} INFO - Processing /home/airflow/.local/lib/python3.8/site-packages/airflow/example_dags/example_latest_only_with_trigger.py took 0.395 seconds
[2025-07-03T17:59:32.132+0000] {processor.py:161} INFO - Started process (PID=3229) to work on /home/airflow/.local/lib/python3.8/site-packages/airflow/example_dags/example_latest_only_with_trigger.py
[2025-07-03T17:59:32.138+0000] {processor.py:830} INFO - Processing file /home/airflow/.local/lib/python3.8/site-packages/airflow/example_dags/example_latest_only_with_trigger.py for tasks to queue
[2025-07-03T17:59:32.150+0000] {logging_mixin.py:188} INFO - [2025-07-03T17:59:32.149+0000] {dagbag.py:538} INFO - Filling up the DagBag from /home/airflow/.local/lib/python3.8/site-packages/airflow/example_dags/example_latest_only_with_trigger.py
[2025-07-03T17:59:32.165+0000] {processor.py:840} INFO - DAG(s) 'latest_only_with_trigger' retrieved from /home/airflow/.local/lib/python3.8/site-packages/airflow/example_dags/example_latest_only_with_trigger.py
[2025-07-03T17:59:32.310+0000] {logging_mixin.py:188} INFO - [2025-07-03T17:59:32.309+0000] {dag.py:3036} INFO - Sync 1 DAGs
[2025-07-03T17:59:32.422+0000] {logging_mixin.py:188} INFO - [2025-07-03T17:59:32.422+0000] {dag.py:3823} INFO - Setting next_dagrun for latest_only_with_trigger to 2025-07-03 12:00:00+00:00, run_after=2025-07-03 16:00:00+00:00
[2025-07-03T17:59:32.486+0000] {processor.py:183} INFO - Processing /home/airflow/.local/lib/python3.8/site-packages/airflow/example_dags/example_latest_only_with_trigger.py took 0.366 seconds
[2025-07-03T18:00:03.203+0000] {processor.py:161} INFO - Started process (PID=3291) to work on /home/airflow/.local/lib/python3.8/site-packages/airflow/example_dags/example_latest_only_with_trigger.py
[2025-07-03T18:00:03.205+0000] {processor.py:830} INFO - Processing file /home/airflow/.local/lib/python3.8/site-packages/airflow/example_dags/example_latest_only_with_trigger.py for tasks to queue
[2025-07-03T18:00:03.208+0000] {logging_mixin.py:188} INFO - [2025-07-03T18:00:03.207+0000] {dagbag.py:538} INFO - Filling up the DagBag from /home/airflow/.local/lib/python3.8/site-packages/airflow/example_dags/example_latest_only_with_trigger.py
[2025-07-03T18:00:03.217+0000] {processor.py:840} INFO - DAG(s) 'latest_only_with_trigger' retrieved from /home/airflow/.local/lib/python3.8/site-packages/airflow/example_dags/example_latest_only_with_trigger.py
[2025-07-03T18:00:03.271+0000] {logging_mixin.py:188} INFO - [2025-07-03T18:00:03.271+0000] {dag.py:3036} INFO - Sync 1 DAGs
[2025-07-03T18:00:03.358+0000] {logging_mixin.py:188} INFO - [2025-07-03T18:00:03.358+0000] {dag.py:3823} INFO - Setting next_dagrun for latest_only_with_trigger to 2025-07-03 12:00:00+00:00, run_after=2025-07-03 16:00:00+00:00
[2025-07-03T18:00:03.700+0000] {processor.py:183} INFO - Processing /home/airflow/.local/lib/python3.8/site-packages/airflow/example_dags/example_latest_only_with_trigger.py took 0.504 seconds
[2025-07-03T18:00:34.246+0000] {processor.py:161} INFO - Started process (PID=3348) to work on /home/airflow/.local/lib/python3.8/site-packages/airflow/example_dags/example_latest_only_with_trigger.py
[2025-07-03T18:00:34.248+0000] {processor.py:830} INFO - Processing file /home/airflow/.local/lib/python3.8/site-packages/airflow/example_dags/example_latest_only_with_trigger.py for tasks to queue
[2025-07-03T18:00:34.251+0000] {logging_mixin.py:188} INFO - [2025-07-03T18:00:34.251+0000] {dagbag.py:538} INFO - Filling up the DagBag from /home/airflow/.local/lib/python3.8/site-packages/airflow/example_dags/example_latest_only_with_trigger.py
[2025-07-03T18:00:34.260+0000] {processor.py:840} INFO - DAG(s) 'latest_only_with_trigger' retrieved from /home/airflow/.local/lib/python3.8/site-packages/airflow/example_dags/example_latest_only_with_trigger.py
[2025-07-03T18:00:34.332+0000] {logging_mixin.py:188} INFO - [2025-07-03T18:00:34.332+0000] {dag.py:3036} INFO - Sync 1 DAGs
[2025-07-03T18:00:34.390+0000] {logging_mixin.py:188} INFO - [2025-07-03T18:00:34.389+0000] {dag.py:3823} INFO - Setting next_dagrun for latest_only_with_trigger to 2025-07-03 12:00:00+00:00, run_after=2025-07-03 16:00:00+00:00
[2025-07-03T18:00:34.457+0000] {processor.py:183} INFO - Processing /home/airflow/.local/lib/python3.8/site-packages/airflow/example_dags/example_latest_only_with_trigger.py took 0.216 seconds
[2025-07-03T18:01:05.209+0000] {processor.py:161} INFO - Started process (PID=3413) to work on /home/airflow/.local/lib/python3.8/site-packages/airflow/example_dags/example_latest_only_with_trigger.py
[2025-07-03T18:01:05.211+0000] {processor.py:830} INFO - Processing file /home/airflow/.local/lib/python3.8/site-packages/airflow/example_dags/example_latest_only_with_trigger.py for tasks to queue
[2025-07-03T18:01:05.213+0000] {logging_mixin.py:188} INFO - [2025-07-03T18:01:05.213+0000] {dagbag.py:538} INFO - Filling up the DagBag from /home/airflow/.local/lib/python3.8/site-packages/airflow/example_dags/example_latest_only_with_trigger.py
[2025-07-03T18:01:05.224+0000] {processor.py:840} INFO - DAG(s) 'latest_only_with_trigger' retrieved from /home/airflow/.local/lib/python3.8/site-packages/airflow/example_dags/example_latest_only_with_trigger.py
[2025-07-03T18:01:05.259+0000] {logging_mixin.py:188} INFO - [2025-07-03T18:01:05.259+0000] {dag.py:3036} INFO - Sync 1 DAGs
[2025-07-03T18:01:05.305+0000] {logging_mixin.py:188} INFO - [2025-07-03T18:01:05.304+0000] {dag.py:3823} INFO - Setting next_dagrun for latest_only_with_trigger to 2025-07-03 12:00:00+00:00, run_after=2025-07-03 16:00:00+00:00
[2025-07-03T18:01:05.338+0000] {processor.py:183} INFO - Processing /home/airflow/.local/lib/python3.8/site-packages/airflow/example_dags/example_latest_only_with_trigger.py took 0.134 seconds
[2025-07-03T18:01:36.078+0000] {processor.py:161} INFO - Started process (PID=3477) to work on /home/airflow/.local/lib/python3.8/site-packages/airflow/example_dags/example_latest_only_with_trigger.py
[2025-07-03T18:01:36.081+0000] {processor.py:830} INFO - Processing file /home/airflow/.local/lib/python3.8/site-packages/airflow/example_dags/example_latest_only_with_trigger.py for tasks to queue
[2025-07-03T18:01:36.083+0000] {logging_mixin.py:188} INFO - [2025-07-03T18:01:36.083+0000] {dagbag.py:538} INFO - Filling up the DagBag from /home/airflow/.local/lib/python3.8/site-packages/airflow/example_dags/example_latest_only_with_trigger.py
[2025-07-03T18:01:36.124+0000] {processor.py:840} INFO - DAG(s) 'latest_only_with_trigger' retrieved from /home/airflow/.local/lib/python3.8/site-packages/airflow/example_dags/example_latest_only_with_trigger.py
[2025-07-03T18:01:36.210+0000] {logging_mixin.py:188} INFO - [2025-07-03T18:01:36.209+0000] {dag.py:3036} INFO - Sync 1 DAGs
[2025-07-03T18:01:36.335+0000] {logging_mixin.py:188} INFO - [2025-07-03T18:01:36.334+0000] {dag.py:3823} INFO - Setting next_dagrun for latest_only_with_trigger to 2025-07-03 12:00:00+00:00, run_after=2025-07-03 16:00:00+00:00
[2025-07-03T18:01:36.451+0000] {processor.py:183} INFO - Processing /home/airflow/.local/lib/python3.8/site-packages/airflow/example_dags/example_latest_only_with_trigger.py took 0.394 seconds
[2025-07-03T18:02:07.801+0000] {processor.py:161} INFO - Started process (PID=3542) to work on /home/airflow/.local/lib/python3.8/site-packages/airflow/example_dags/example_latest_only_with_trigger.py
[2025-07-03T18:02:07.809+0000] {processor.py:830} INFO - Processing file /home/airflow/.local/lib/python3.8/site-packages/airflow/example_dags/example_latest_only_with_trigger.py for tasks to queue
[2025-07-03T18:02:07.812+0000] {logging_mixin.py:188} INFO - [2025-07-03T18:02:07.811+0000] {dagbag.py:538} INFO - Filling up the DagBag from /home/airflow/.local/lib/python3.8/site-packages/airflow/example_dags/example_latest_only_with_trigger.py
[2025-07-03T18:02:07.825+0000] {processor.py:840} INFO - DAG(s) 'latest_only_with_trigger' retrieved from /home/airflow/.local/lib/python3.8/site-packages/airflow/example_dags/example_latest_only_with_trigger.py
[2025-07-03T18:02:07.893+0000] {logging_mixin.py:188} INFO - [2025-07-03T18:02:07.893+0000] {dag.py:3036} INFO - Sync 1 DAGs
[2025-07-03T18:02:08.604+0000] {logging_mixin.py:188} INFO - [2025-07-03T18:02:08.604+0000] {dag.py:3823} INFO - Setting next_dagrun for latest_only_with_trigger to 2025-07-03 12:00:00+00:00, run_after=2025-07-03 16:00:00+00:00
[2025-07-03T18:02:08.654+0000] {processor.py:183} INFO - Processing /home/airflow/.local/lib/python3.8/site-packages/airflow/example_dags/example_latest_only_with_trigger.py took 0.863 seconds
[2025-07-03T18:02:39.149+0000] {processor.py:161} INFO - Started process (PID=3600) to work on /home/airflow/.local/lib/python3.8/site-packages/airflow/example_dags/example_latest_only_with_trigger.py
[2025-07-03T18:02:39.150+0000] {processor.py:830} INFO - Processing file /home/airflow/.local/lib/python3.8/site-packages/airflow/example_dags/example_latest_only_with_trigger.py for tasks to queue
[2025-07-03T18:02:39.152+0000] {logging_mixin.py:188} INFO - [2025-07-03T18:02:39.152+0000] {dagbag.py:538} INFO - Filling up the DagBag from /home/airflow/.local/lib/python3.8/site-packages/airflow/example_dags/example_latest_only_with_trigger.py
[2025-07-03T18:02:39.163+0000] {processor.py:840} INFO - DAG(s) 'latest_only_with_trigger' retrieved from /home/airflow/.local/lib/python3.8/site-packages/airflow/example_dags/example_latest_only_with_trigger.py
[2025-07-03T18:02:39.197+0000] {logging_mixin.py:188} INFO - [2025-07-03T18:02:39.196+0000] {dag.py:3036} INFO - Sync 1 DAGs
[2025-07-03T18:02:39.262+0000] {logging_mixin.py:188} INFO - [2025-07-03T18:02:39.261+0000] {dag.py:3823} INFO - Setting next_dagrun for latest_only_with_trigger to 2025-07-03 12:00:00+00:00, run_after=2025-07-03 16:00:00+00:00
[2025-07-03T18:02:39.774+0000] {processor.py:183} INFO - Processing /home/airflow/.local/lib/python3.8/site-packages/airflow/example_dags/example_latest_only_with_trigger.py took 0.642 seconds
[2025-07-03T18:03:10.513+0000] {processor.py:161} INFO - Started process (PID=3665) to work on /home/airflow/.local/lib/python3.8/site-packages/airflow/example_dags/example_latest_only_with_trigger.py
[2025-07-03T18:03:10.525+0000] {processor.py:830} INFO - Processing file /home/airflow/.local/lib/python3.8/site-packages/airflow/example_dags/example_latest_only_with_trigger.py for tasks to queue
[2025-07-03T18:03:10.527+0000] {logging_mixin.py:188} INFO - [2025-07-03T18:03:10.527+0000] {dagbag.py:538} INFO - Filling up the DagBag from /home/airflow/.local/lib/python3.8/site-packages/airflow/example_dags/example_latest_only_with_trigger.py
[2025-07-03T18:03:10.576+0000] {processor.py:840} INFO - DAG(s) 'latest_only_with_trigger' retrieved from /home/airflow/.local/lib/python3.8/site-packages/airflow/example_dags/example_latest_only_with_trigger.py
[2025-07-03T18:03:10.792+0000] {logging_mixin.py:188} INFO - [2025-07-03T18:03:10.791+0000] {dag.py:3036} INFO - Sync 1 DAGs
[2025-07-03T18:03:10.966+0000] {logging_mixin.py:188} INFO - [2025-07-03T18:03:10.966+0000] {dag.py:3823} INFO - Setting next_dagrun for latest_only_with_trigger to 2025-07-03 12:00:00+00:00, run_after=2025-07-03 16:00:00+00:00
[2025-07-03T18:03:11.241+0000] {processor.py:183} INFO - Processing /home/airflow/.local/lib/python3.8/site-packages/airflow/example_dags/example_latest_only_with_trigger.py took 0.740 seconds
[2025-07-03T18:04:37.656+0000] {processor.py:161} INFO - Started process (PID=3745) to work on /home/airflow/.local/lib/python3.8/site-packages/airflow/example_dags/example_latest_only_with_trigger.py
[2025-07-03T18:04:37.738+0000] {processor.py:830} INFO - Processing file /home/airflow/.local/lib/python3.8/site-packages/airflow/example_dags/example_latest_only_with_trigger.py for tasks to queue
[2025-07-03T18:04:37.786+0000] {logging_mixin.py:188} INFO - [2025-07-03T18:04:37.785+0000] {dagbag.py:538} INFO - Filling up the DagBag from /home/airflow/.local/lib/python3.8/site-packages/airflow/example_dags/example_latest_only_with_trigger.py
[2025-07-03T18:04:37.963+0000] {processor.py:840} INFO - DAG(s) 'latest_only_with_trigger' retrieved from /home/airflow/.local/lib/python3.8/site-packages/airflow/example_dags/example_latest_only_with_trigger.py
[2025-07-03T18:04:38.510+0000] {logging_mixin.py:188} INFO - [2025-07-03T18:04:38.509+0000] {dag.py:3036} INFO - Sync 1 DAGs
[2025-07-03T18:04:39.435+0000] {logging_mixin.py:188} INFO - [2025-07-03T18:04:39.434+0000] {dag.py:3823} INFO - Setting next_dagrun for latest_only_with_trigger to 2025-07-03 12:00:00+00:00, run_after=2025-07-03 16:00:00+00:00
[2025-07-03T18:04:40.205+0000] {processor.py:183} INFO - Processing /home/airflow/.local/lib/python3.8/site-packages/airflow/example_dags/example_latest_only_with_trigger.py took 2.631 seconds
[2025-07-03T18:07:04.438+0000] {processor.py:161} INFO - Started process (PID=3863) to work on /home/airflow/.local/lib/python3.8/site-packages/airflow/example_dags/example_latest_only_with_trigger.py
[2025-07-03T18:07:04.495+0000] {processor.py:830} INFO - Processing file /home/airflow/.local/lib/python3.8/site-packages/airflow/example_dags/example_latest_only_with_trigger.py for tasks to queue
[2025-07-03T18:07:04.531+0000] {logging_mixin.py:188} INFO - [2025-07-03T18:07:04.531+0000] {dagbag.py:538} INFO - Filling up the DagBag from /home/airflow/.local/lib/python3.8/site-packages/airflow/example_dags/example_latest_only_with_trigger.py
[2025-07-03T18:07:04.799+0000] {processor.py:840} INFO - DAG(s) 'latest_only_with_trigger' retrieved from /home/airflow/.local/lib/python3.8/site-packages/airflow/example_dags/example_latest_only_with_trigger.py
[2025-07-03T18:07:05.742+0000] {logging_mixin.py:188} INFO - [2025-07-03T18:07:05.742+0000] {dag.py:3036} INFO - Sync 1 DAGs
[2025-07-03T18:07:07.412+0000] {logging_mixin.py:188} INFO - [2025-07-03T18:07:07.412+0000] {dag.py:3823} INFO - Setting next_dagrun for latest_only_with_trigger to 2025-07-03 12:00:00+00:00, run_after=2025-07-03 16:00:00+00:00
[2025-07-03T18:07:08.238+0000] {processor.py:183} INFO - Processing /home/airflow/.local/lib/python3.8/site-packages/airflow/example_dags/example_latest_only_with_trigger.py took 3.948 seconds
[2025-07-03T18:21:14.602+0000] {processor.py:161} INFO - Started process (PID=127) to work on /home/airflow/.local/lib/python3.8/site-packages/airflow/example_dags/example_latest_only_with_trigger.py
[2025-07-03T18:21:14.605+0000] {processor.py:830} INFO - Processing file /home/airflow/.local/lib/python3.8/site-packages/airflow/example_dags/example_latest_only_with_trigger.py for tasks to queue
[2025-07-03T18:21:14.608+0000] {logging_mixin.py:188} INFO - [2025-07-03T18:21:14.607+0000] {dagbag.py:538} INFO - Filling up the DagBag from /home/airflow/.local/lib/python3.8/site-packages/airflow/example_dags/example_latest_only_with_trigger.py
[2025-07-03T18:21:14.617+0000] {processor.py:840} INFO - DAG(s) 'latest_only_with_trigger' retrieved from /home/airflow/.local/lib/python3.8/site-packages/airflow/example_dags/example_latest_only_with_trigger.py
[2025-07-03T18:21:14.651+0000] {logging_mixin.py:188} INFO - [2025-07-03T18:21:14.651+0000] {dag.py:3036} INFO - Sync 1 DAGs
[2025-07-03T18:21:14.692+0000] {logging_mixin.py:188} INFO - [2025-07-03T18:21:14.691+0000] {dag.py:3823} INFO - Setting next_dagrun for latest_only_with_trigger to 2025-07-03 12:00:00+00:00, run_after=2025-07-03 16:00:00+00:00
[2025-07-03T18:21:14.725+0000] {processor.py:183} INFO - Processing /home/airflow/.local/lib/python3.8/site-packages/airflow/example_dags/example_latest_only_with_trigger.py took 0.128 seconds
[2025-07-03T18:21:45.527+0000] {processor.py:161} INFO - Started process (PID=192) to work on /home/airflow/.local/lib/python3.8/site-packages/airflow/example_dags/example_latest_only_with_trigger.py
[2025-07-03T18:21:45.528+0000] {processor.py:830} INFO - Processing file /home/airflow/.local/lib/python3.8/site-packages/airflow/example_dags/example_latest_only_with_trigger.py for tasks to queue
[2025-07-03T18:21:45.531+0000] {logging_mixin.py:188} INFO - [2025-07-03T18:21:45.530+0000] {dagbag.py:538} INFO - Filling up the DagBag from /home/airflow/.local/lib/python3.8/site-packages/airflow/example_dags/example_latest_only_with_trigger.py
[2025-07-03T18:21:45.540+0000] {processor.py:840} INFO - DAG(s) 'latest_only_with_trigger' retrieved from /home/airflow/.local/lib/python3.8/site-packages/airflow/example_dags/example_latest_only_with_trigger.py
[2025-07-03T18:21:45.576+0000] {logging_mixin.py:188} INFO - [2025-07-03T18:21:45.575+0000] {dag.py:3036} INFO - Sync 1 DAGs
[2025-07-03T18:21:45.616+0000] {logging_mixin.py:188} INFO - [2025-07-03T18:21:45.615+0000] {dag.py:3823} INFO - Setting next_dagrun for latest_only_with_trigger to 2025-07-03 12:00:00+00:00, run_after=2025-07-03 16:00:00+00:00
[2025-07-03T18:21:45.645+0000] {processor.py:183} INFO - Processing /home/airflow/.local/lib/python3.8/site-packages/airflow/example_dags/example_latest_only_with_trigger.py took 0.124 seconds
[2025-07-03T18:22:15.838+0000] {processor.py:161} INFO - Started process (PID=257) to work on /home/airflow/.local/lib/python3.8/site-packages/airflow/example_dags/example_latest_only_with_trigger.py
[2025-07-03T18:22:15.841+0000] {processor.py:830} INFO - Processing file /home/airflow/.local/lib/python3.8/site-packages/airflow/example_dags/example_latest_only_with_trigger.py for tasks to queue
[2025-07-03T18:22:15.844+0000] {logging_mixin.py:188} INFO - [2025-07-03T18:22:15.843+0000] {dagbag.py:538} INFO - Filling up the DagBag from /home/airflow/.local/lib/python3.8/site-packages/airflow/example_dags/example_latest_only_with_trigger.py
[2025-07-03T18:22:15.853+0000] {processor.py:840} INFO - DAG(s) 'latest_only_with_trigger' retrieved from /home/airflow/.local/lib/python3.8/site-packages/airflow/example_dags/example_latest_only_with_trigger.py
[2025-07-03T18:22:15.887+0000] {logging_mixin.py:188} INFO - [2025-07-03T18:22:15.887+0000] {dag.py:3036} INFO - Sync 1 DAGs
[2025-07-03T18:22:15.930+0000] {logging_mixin.py:188} INFO - [2025-07-03T18:22:15.929+0000] {dag.py:3823} INFO - Setting next_dagrun for latest_only_with_trigger to 2025-07-03 12:00:00+00:00, run_after=2025-07-03 16:00:00+00:00
[2025-07-03T18:22:15.961+0000] {processor.py:183} INFO - Processing /home/airflow/.local/lib/python3.8/site-packages/airflow/example_dags/example_latest_only_with_trigger.py took 0.127 seconds
[2025-07-03T18:22:47.627+0000] {processor.py:161} INFO - Started process (PID=324) to work on /home/airflow/.local/lib/python3.8/site-packages/airflow/example_dags/example_latest_only_with_trigger.py
[2025-07-03T18:22:47.630+0000] {processor.py:830} INFO - Processing file /home/airflow/.local/lib/python3.8/site-packages/airflow/example_dags/example_latest_only_with_trigger.py for tasks to queue
[2025-07-03T18:22:47.632+0000] {logging_mixin.py:188} INFO - [2025-07-03T18:22:47.632+0000] {dagbag.py:538} INFO - Filling up the DagBag from /home/airflow/.local/lib/python3.8/site-packages/airflow/example_dags/example_latest_only_with_trigger.py
[2025-07-03T18:22:47.657+0000] {processor.py:840} INFO - DAG(s) 'latest_only_with_trigger' retrieved from /home/airflow/.local/lib/python3.8/site-packages/airflow/example_dags/example_latest_only_with_trigger.py
[2025-07-03T18:22:47.722+0000] {logging_mixin.py:188} INFO - [2025-07-03T18:22:47.722+0000] {dag.py:3036} INFO - Sync 1 DAGs
[2025-07-03T18:22:47.813+0000] {logging_mixin.py:188} INFO - [2025-07-03T18:22:47.813+0000] {dag.py:3823} INFO - Setting next_dagrun for latest_only_with_trigger to 2025-07-03 12:00:00+00:00, run_after=2025-07-03 16:00:00+00:00
[2025-07-03T18:22:47.874+0000] {processor.py:183} INFO - Processing /home/airflow/.local/lib/python3.8/site-packages/airflow/example_dags/example_latest_only_with_trigger.py took 0.253 seconds
[2025-07-03T18:23:18.110+0000] {processor.py:161} INFO - Started process (PID=397) to work on /home/airflow/.local/lib/python3.8/site-packages/airflow/example_dags/example_latest_only_with_trigger.py
[2025-07-03T18:23:18.121+0000] {processor.py:830} INFO - Processing file /home/airflow/.local/lib/python3.8/site-packages/airflow/example_dags/example_latest_only_with_trigger.py for tasks to queue
[2025-07-03T18:23:18.123+0000] {logging_mixin.py:188} INFO - [2025-07-03T18:23:18.123+0000] {dagbag.py:538} INFO - Filling up the DagBag from /home/airflow/.local/lib/python3.8/site-packages/airflow/example_dags/example_latest_only_with_trigger.py
[2025-07-03T18:23:18.148+0000] {processor.py:840} INFO - DAG(s) 'latest_only_with_trigger' retrieved from /home/airflow/.local/lib/python3.8/site-packages/airflow/example_dags/example_latest_only_with_trigger.py
[2025-07-03T18:23:18.359+0000] {logging_mixin.py:188} INFO - [2025-07-03T18:23:18.358+0000] {dag.py:3036} INFO - Sync 1 DAGs
[2025-07-03T18:23:18.467+0000] {logging_mixin.py:188} INFO - [2025-07-03T18:23:18.466+0000] {dag.py:3823} INFO - Setting next_dagrun for latest_only_with_trigger to 2025-07-03 12:00:00+00:00, run_after=2025-07-03 16:00:00+00:00
[2025-07-03T18:23:18.573+0000] {processor.py:183} INFO - Processing /home/airflow/.local/lib/python3.8/site-packages/airflow/example_dags/example_latest_only_with_trigger.py took 0.484 seconds
[2025-07-03T18:23:49.623+0000] {processor.py:161} INFO - Started process (PID=463) to work on /home/airflow/.local/lib/python3.8/site-packages/airflow/example_dags/example_latest_only_with_trigger.py
[2025-07-03T18:23:49.625+0000] {processor.py:830} INFO - Processing file /home/airflow/.local/lib/python3.8/site-packages/airflow/example_dags/example_latest_only_with_trigger.py for tasks to queue
[2025-07-03T18:23:49.628+0000] {logging_mixin.py:188} INFO - [2025-07-03T18:23:49.628+0000] {dagbag.py:538} INFO - Filling up the DagBag from /home/airflow/.local/lib/python3.8/site-packages/airflow/example_dags/example_latest_only_with_trigger.py
[2025-07-03T18:23:49.654+0000] {processor.py:840} INFO - DAG(s) 'latest_only_with_trigger' retrieved from /home/airflow/.local/lib/python3.8/site-packages/airflow/example_dags/example_latest_only_with_trigger.py
[2025-07-03T18:23:49.777+0000] {logging_mixin.py:188} INFO - [2025-07-03T18:23:49.776+0000] {dag.py:3036} INFO - Sync 1 DAGs
[2025-07-03T18:23:49.852+0000] {logging_mixin.py:188} INFO - [2025-07-03T18:23:49.851+0000] {dag.py:3823} INFO - Setting next_dagrun for latest_only_with_trigger to 2025-07-03 12:00:00+00:00, run_after=2025-07-03 16:00:00+00:00
[2025-07-03T18:23:49.883+0000] {processor.py:183} INFO - Processing /home/airflow/.local/lib/python3.8/site-packages/airflow/example_dags/example_latest_only_with_trigger.py took 0.276 seconds
[2025-07-03T18:24:20.298+0000] {processor.py:161} INFO - Started process (PID=529) to work on /home/airflow/.local/lib/python3.8/site-packages/airflow/example_dags/example_latest_only_with_trigger.py
[2025-07-03T18:24:20.301+0000] {processor.py:830} INFO - Processing file /home/airflow/.local/lib/python3.8/site-packages/airflow/example_dags/example_latest_only_with_trigger.py for tasks to queue
[2025-07-03T18:24:20.305+0000] {logging_mixin.py:188} INFO - [2025-07-03T18:24:20.305+0000] {dagbag.py:538} INFO - Filling up the DagBag from /home/airflow/.local/lib/python3.8/site-packages/airflow/example_dags/example_latest_only_with_trigger.py
[2025-07-03T18:24:20.325+0000] {processor.py:840} INFO - DAG(s) 'latest_only_with_trigger' retrieved from /home/airflow/.local/lib/python3.8/site-packages/airflow/example_dags/example_latest_only_with_trigger.py
[2025-07-03T18:24:20.406+0000] {logging_mixin.py:188} INFO - [2025-07-03T18:24:20.406+0000] {dag.py:3036} INFO - Sync 1 DAGs
[2025-07-03T18:24:20.525+0000] {logging_mixin.py:188} INFO - [2025-07-03T18:24:20.525+0000] {dag.py:3823} INFO - Setting next_dagrun for latest_only_with_trigger to 2025-07-03 12:00:00+00:00, run_after=2025-07-03 16:00:00+00:00
[2025-07-03T18:24:20.586+0000] {processor.py:183} INFO - Processing /home/airflow/.local/lib/python3.8/site-packages/airflow/example_dags/example_latest_only_with_trigger.py took 0.298 seconds
