[2025-07-03T17:35:39.967+0000] {processor.py:161} INFO - Started process (PID=236) to work on /home/airflow/.local/lib/python3.8/site-packages/airflow/example_dags/example_task_group_decorator.py
[2025-07-03T17:35:39.977+0000] {processor.py:830} INFO - Processing file /home/airflow/.local/lib/python3.8/site-packages/airflow/example_dags/example_task_group_decorator.py for tasks to queue
[2025-07-03T17:35:39.980+0000] {logging_mixin.py:188} INFO - [2025-07-03T17:35:39.979+0000] {dagbag.py:538} INFO - Filling up the DagBag from /home/airflow/.local/lib/python3.8/site-packages/airflow/example_dags/example_task_group_decorator.py
[2025-07-03T17:35:40.126+0000] {processor.py:840} INFO - DAG(s) 'example_task_group_decorator' retrieved from /home/airflow/.local/lib/python3.8/site-packages/airflow/example_dags/example_task_group_decorator.py
[2025-07-03T17:35:40.842+0000] {logging_mixin.py:188} INFO - [2025-07-03T17:35:40.842+0000] {dag.py:3036} INFO - Sync 1 DAGs
[2025-07-03T17:35:40.978+0000] {logging_mixin.py:188} INFO - [2025-07-03T17:35:40.977+0000] {dag.py:3823} INFO - Setting next_dagrun for example_task_group_decorator to 2025-07-02 00:00:00+00:00, run_after=2025-07-03 00:00:00+00:00
[2025-07-03T17:35:41.081+0000] {processor.py:183} INFO - Processing /home/airflow/.local/lib/python3.8/site-packages/airflow/example_dags/example_task_group_decorator.py took 1.119 seconds
[2025-07-03T17:36:13.752+0000] {processor.py:161} INFO - Started process (PID=301) to work on /home/airflow/.local/lib/python3.8/site-packages/airflow/example_dags/example_task_group_decorator.py
[2025-07-03T17:36:13.755+0000] {processor.py:830} INFO - Processing file /home/airflow/.local/lib/python3.8/site-packages/airflow/example_dags/example_task_group_decorator.py for tasks to queue
[2025-07-03T17:36:13.774+0000] {logging_mixin.py:188} INFO - [2025-07-03T17:36:13.774+0000] {dagbag.py:538} INFO - Filling up the DagBag from /home/airflow/.local/lib/python3.8/site-packages/airflow/example_dags/example_task_group_decorator.py
[2025-07-03T17:36:13.915+0000] {processor.py:840} INFO - DAG(s) 'example_task_group_decorator' retrieved from /home/airflow/.local/lib/python3.8/site-packages/airflow/example_dags/example_task_group_decorator.py
[2025-07-03T17:36:14.214+0000] {logging_mixin.py:188} INFO - [2025-07-03T17:36:14.214+0000] {dag.py:3036} INFO - Sync 1 DAGs
[2025-07-03T17:36:14.439+0000] {logging_mixin.py:188} INFO - [2025-07-03T17:36:14.438+0000] {dag.py:3823} INFO - Setting next_dagrun for example_task_group_decorator to 2025-07-02 00:00:00+00:00, run_after=2025-07-03 00:00:00+00:00
[2025-07-03T17:36:14.774+0000] {processor.py:183} INFO - Processing /home/airflow/.local/lib/python3.8/site-packages/airflow/example_dags/example_task_group_decorator.py took 1.044 seconds
[2025-07-03T17:36:45.434+0000] {processor.py:161} INFO - Started process (PID=358) to work on /home/airflow/.local/lib/python3.8/site-packages/airflow/example_dags/example_task_group_decorator.py
[2025-07-03T17:36:45.449+0000] {processor.py:830} INFO - Processing file /home/airflow/.local/lib/python3.8/site-packages/airflow/example_dags/example_task_group_decorator.py for tasks to queue
[2025-07-03T17:36:45.453+0000] {logging_mixin.py:188} INFO - [2025-07-03T17:36:45.453+0000] {dagbag.py:538} INFO - Filling up the DagBag from /home/airflow/.local/lib/python3.8/site-packages/airflow/example_dags/example_task_group_decorator.py
[2025-07-03T17:36:45.669+0000] {processor.py:840} INFO - DAG(s) 'example_task_group_decorator' retrieved from /home/airflow/.local/lib/python3.8/site-packages/airflow/example_dags/example_task_group_decorator.py
[2025-07-03T17:36:45.833+0000] {logging_mixin.py:188} INFO - [2025-07-03T17:36:45.832+0000] {dag.py:3036} INFO - Sync 1 DAGs
[2025-07-03T17:36:45.988+0000] {logging_mixin.py:188} INFO - [2025-07-03T17:36:45.988+0000] {dag.py:3823} INFO - Setting next_dagrun for example_task_group_decorator to 2025-07-02 00:00:00+00:00, run_after=2025-07-03 00:00:00+00:00
[2025-07-03T17:36:46.171+0000] {processor.py:183} INFO - Processing /home/airflow/.local/lib/python3.8/site-packages/airflow/example_dags/example_task_group_decorator.py took 0.770 seconds
[2025-07-03T17:37:16.489+0000] {processor.py:161} INFO - Started process (PID=422) to work on /home/airflow/.local/lib/python3.8/site-packages/airflow/example_dags/example_task_group_decorator.py
[2025-07-03T17:37:16.490+0000] {processor.py:830} INFO - Processing file /home/airflow/.local/lib/python3.8/site-packages/airflow/example_dags/example_task_group_decorator.py for tasks to queue
[2025-07-03T17:37:16.492+0000] {logging_mixin.py:188} INFO - [2025-07-03T17:37:16.492+0000] {dagbag.py:538} INFO - Filling up the DagBag from /home/airflow/.local/lib/python3.8/site-packages/airflow/example_dags/example_task_group_decorator.py
[2025-07-03T17:37:16.598+0000] {processor.py:840} INFO - DAG(s) 'example_task_group_decorator' retrieved from /home/airflow/.local/lib/python3.8/site-packages/airflow/example_dags/example_task_group_decorator.py
[2025-07-03T17:37:16.727+0000] {logging_mixin.py:188} INFO - [2025-07-03T17:37:16.726+0000] {dag.py:3036} INFO - Sync 1 DAGs
[2025-07-03T17:37:16.842+0000] {logging_mixin.py:188} INFO - [2025-07-03T17:37:16.842+0000] {dag.py:3823} INFO - Setting next_dagrun for example_task_group_decorator to 2025-07-02 00:00:00+00:00, run_after=2025-07-03 00:00:00+00:00
[2025-07-03T17:37:16.938+0000] {processor.py:183} INFO - Processing /home/airflow/.local/lib/python3.8/site-packages/airflow/example_dags/example_task_group_decorator.py took 0.474 seconds
[2025-07-03T17:37:48.193+0000] {processor.py:161} INFO - Started process (PID=477) to work on /home/airflow/.local/lib/python3.8/site-packages/airflow/example_dags/example_task_group_decorator.py
[2025-07-03T17:37:48.201+0000] {processor.py:830} INFO - Processing file /home/airflow/.local/lib/python3.8/site-packages/airflow/example_dags/example_task_group_decorator.py for tasks to queue
[2025-07-03T17:37:48.205+0000] {logging_mixin.py:188} INFO - [2025-07-03T17:37:48.204+0000] {dagbag.py:538} INFO - Filling up the DagBag from /home/airflow/.local/lib/python3.8/site-packages/airflow/example_dags/example_task_group_decorator.py
[2025-07-03T17:37:48.355+0000] {processor.py:840} INFO - DAG(s) 'example_task_group_decorator' retrieved from /home/airflow/.local/lib/python3.8/site-packages/airflow/example_dags/example_task_group_decorator.py
[2025-07-03T17:37:48.558+0000] {logging_mixin.py:188} INFO - [2025-07-03T17:37:48.557+0000] {dag.py:3036} INFO - Sync 1 DAGs
[2025-07-03T17:37:48.755+0000] {logging_mixin.py:188} INFO - [2025-07-03T17:37:48.754+0000] {dag.py:3823} INFO - Setting next_dagrun for example_task_group_decorator to 2025-07-02 00:00:00+00:00, run_after=2025-07-03 00:00:00+00:00
[2025-07-03T17:37:48.898+0000] {processor.py:183} INFO - Processing /home/airflow/.local/lib/python3.8/site-packages/airflow/example_dags/example_task_group_decorator.py took 0.721 seconds
[2025-07-03T17:38:19.069+0000] {processor.py:161} INFO - Started process (PID=542) to work on /home/airflow/.local/lib/python3.8/site-packages/airflow/example_dags/example_task_group_decorator.py
[2025-07-03T17:38:19.073+0000] {processor.py:830} INFO - Processing file /home/airflow/.local/lib/python3.8/site-packages/airflow/example_dags/example_task_group_decorator.py for tasks to queue
[2025-07-03T17:38:19.076+0000] {logging_mixin.py:188} INFO - [2025-07-03T17:38:19.075+0000] {dagbag.py:538} INFO - Filling up the DagBag from /home/airflow/.local/lib/python3.8/site-packages/airflow/example_dags/example_task_group_decorator.py
[2025-07-03T17:38:19.167+0000] {processor.py:840} INFO - DAG(s) 'example_task_group_decorator' retrieved from /home/airflow/.local/lib/python3.8/site-packages/airflow/example_dags/example_task_group_decorator.py
[2025-07-03T17:38:19.272+0000] {logging_mixin.py:188} INFO - [2025-07-03T17:38:19.271+0000] {dag.py:3036} INFO - Sync 1 DAGs
[2025-07-03T17:38:19.370+0000] {logging_mixin.py:188} INFO - [2025-07-03T17:38:19.370+0000] {dag.py:3823} INFO - Setting next_dagrun for example_task_group_decorator to 2025-07-02 00:00:00+00:00, run_after=2025-07-03 00:00:00+00:00
[2025-07-03T17:38:19.409+0000] {processor.py:183} INFO - Processing /home/airflow/.local/lib/python3.8/site-packages/airflow/example_dags/example_task_group_decorator.py took 0.350 seconds
[2025-07-03T17:38:51.354+0000] {processor.py:161} INFO - Started process (PID=607) to work on /home/airflow/.local/lib/python3.8/site-packages/airflow/example_dags/example_task_group_decorator.py
[2025-07-03T17:38:51.378+0000] {processor.py:830} INFO - Processing file /home/airflow/.local/lib/python3.8/site-packages/airflow/example_dags/example_task_group_decorator.py for tasks to queue
[2025-07-03T17:38:51.381+0000] {logging_mixin.py:188} INFO - [2025-07-03T17:38:51.381+0000] {dagbag.py:538} INFO - Filling up the DagBag from /home/airflow/.local/lib/python3.8/site-packages/airflow/example_dags/example_task_group_decorator.py
[2025-07-03T17:38:51.442+0000] {processor.py:840} INFO - DAG(s) 'example_task_group_decorator' retrieved from /home/airflow/.local/lib/python3.8/site-packages/airflow/example_dags/example_task_group_decorator.py
[2025-07-03T17:38:51.548+0000] {logging_mixin.py:188} INFO - [2025-07-03T17:38:51.548+0000] {dag.py:3036} INFO - Sync 1 DAGs
[2025-07-03T17:38:51.633+0000] {logging_mixin.py:188} INFO - [2025-07-03T17:38:51.632+0000] {dag.py:3823} INFO - Setting next_dagrun for example_task_group_decorator to 2025-07-02 00:00:00+00:00, run_after=2025-07-03 00:00:00+00:00
[2025-07-03T17:38:51.707+0000] {processor.py:183} INFO - Processing /home/airflow/.local/lib/python3.8/site-packages/airflow/example_dags/example_task_group_decorator.py took 0.370 seconds
[2025-07-03T17:39:22.097+0000] {processor.py:161} INFO - Started process (PID=670) to work on /home/airflow/.local/lib/python3.8/site-packages/airflow/example_dags/example_task_group_decorator.py
[2025-07-03T17:39:22.104+0000] {processor.py:830} INFO - Processing file /home/airflow/.local/lib/python3.8/site-packages/airflow/example_dags/example_task_group_decorator.py for tasks to queue
[2025-07-03T17:39:22.114+0000] {logging_mixin.py:188} INFO - [2025-07-03T17:39:22.113+0000] {dagbag.py:538} INFO - Filling up the DagBag from /home/airflow/.local/lib/python3.8/site-packages/airflow/example_dags/example_task_group_decorator.py
[2025-07-03T17:39:22.177+0000] {processor.py:840} INFO - DAG(s) 'example_task_group_decorator' retrieved from /home/airflow/.local/lib/python3.8/site-packages/airflow/example_dags/example_task_group_decorator.py
[2025-07-03T17:39:22.227+0000] {logging_mixin.py:188} INFO - [2025-07-03T17:39:22.227+0000] {dag.py:3036} INFO - Sync 1 DAGs
[2025-07-03T17:39:22.271+0000] {logging_mixin.py:188} INFO - [2025-07-03T17:39:22.270+0000] {dag.py:3823} INFO - Setting next_dagrun for example_task_group_decorator to 2025-07-02 00:00:00+00:00, run_after=2025-07-03 00:00:00+00:00
[2025-07-03T17:39:22.320+0000] {processor.py:183} INFO - Processing /home/airflow/.local/lib/python3.8/site-packages/airflow/example_dags/example_task_group_decorator.py took 0.235 seconds
[2025-07-03T17:39:52.445+0000] {processor.py:161} INFO - Started process (PID=735) to work on /home/airflow/.local/lib/python3.8/site-packages/airflow/example_dags/example_task_group_decorator.py
[2025-07-03T17:39:52.447+0000] {processor.py:830} INFO - Processing file /home/airflow/.local/lib/python3.8/site-packages/airflow/example_dags/example_task_group_decorator.py for tasks to queue
[2025-07-03T17:39:52.449+0000] {logging_mixin.py:188} INFO - [2025-07-03T17:39:52.449+0000] {dagbag.py:538} INFO - Filling up the DagBag from /home/airflow/.local/lib/python3.8/site-packages/airflow/example_dags/example_task_group_decorator.py
[2025-07-03T17:39:52.477+0000] {processor.py:840} INFO - DAG(s) 'example_task_group_decorator' retrieved from /home/airflow/.local/lib/python3.8/site-packages/airflow/example_dags/example_task_group_decorator.py
[2025-07-03T17:39:52.547+0000] {logging_mixin.py:188} INFO - [2025-07-03T17:39:52.544+0000] {dag.py:3036} INFO - Sync 1 DAGs
[2025-07-03T17:39:52.634+0000] {logging_mixin.py:188} INFO - [2025-07-03T17:39:52.634+0000] {dag.py:3823} INFO - Setting next_dagrun for example_task_group_decorator to 2025-07-02 00:00:00+00:00, run_after=2025-07-03 00:00:00+00:00
[2025-07-03T17:39:52.714+0000] {processor.py:183} INFO - Processing /home/airflow/.local/lib/python3.8/site-packages/airflow/example_dags/example_task_group_decorator.py took 0.275 seconds
[2025-07-03T17:40:23.728+0000] {processor.py:161} INFO - Started process (PID=794) to work on /home/airflow/.local/lib/python3.8/site-packages/airflow/example_dags/example_task_group_decorator.py
[2025-07-03T17:40:23.730+0000] {processor.py:830} INFO - Processing file /home/airflow/.local/lib/python3.8/site-packages/airflow/example_dags/example_task_group_decorator.py for tasks to queue
[2025-07-03T17:40:23.732+0000] {logging_mixin.py:188} INFO - [2025-07-03T17:40:23.732+0000] {dagbag.py:538} INFO - Filling up the DagBag from /home/airflow/.local/lib/python3.8/site-packages/airflow/example_dags/example_task_group_decorator.py
[2025-07-03T17:40:23.766+0000] {processor.py:840} INFO - DAG(s) 'example_task_group_decorator' retrieved from /home/airflow/.local/lib/python3.8/site-packages/airflow/example_dags/example_task_group_decorator.py
[2025-07-03T17:40:23.813+0000] {logging_mixin.py:188} INFO - [2025-07-03T17:40:23.813+0000] {dag.py:3036} INFO - Sync 1 DAGs
[2025-07-03T17:40:23.853+0000] {logging_mixin.py:188} INFO - [2025-07-03T17:40:23.852+0000] {dag.py:3823} INFO - Setting next_dagrun for example_task_group_decorator to 2025-07-02 00:00:00+00:00, run_after=2025-07-03 00:00:00+00:00
[2025-07-03T17:40:23.882+0000] {processor.py:183} INFO - Processing /home/airflow/.local/lib/python3.8/site-packages/airflow/example_dags/example_task_group_decorator.py took 0.158 seconds
[2025-07-03T17:40:54.195+0000] {processor.py:161} INFO - Started process (PID=859) to work on /home/airflow/.local/lib/python3.8/site-packages/airflow/example_dags/example_task_group_decorator.py
[2025-07-03T17:40:54.197+0000] {processor.py:830} INFO - Processing file /home/airflow/.local/lib/python3.8/site-packages/airflow/example_dags/example_task_group_decorator.py for tasks to queue
[2025-07-03T17:40:54.199+0000] {logging_mixin.py:188} INFO - [2025-07-03T17:40:54.199+0000] {dagbag.py:538} INFO - Filling up the DagBag from /home/airflow/.local/lib/python3.8/site-packages/airflow/example_dags/example_task_group_decorator.py
[2025-07-03T17:40:54.234+0000] {processor.py:840} INFO - DAG(s) 'example_task_group_decorator' retrieved from /home/airflow/.local/lib/python3.8/site-packages/airflow/example_dags/example_task_group_decorator.py
[2025-07-03T17:40:54.283+0000] {logging_mixin.py:188} INFO - [2025-07-03T17:40:54.282+0000] {dag.py:3036} INFO - Sync 1 DAGs
[2025-07-03T17:40:54.328+0000] {logging_mixin.py:188} INFO - [2025-07-03T17:40:54.327+0000] {dag.py:3823} INFO - Setting next_dagrun for example_task_group_decorator to 2025-07-02 00:00:00+00:00, run_after=2025-07-03 00:00:00+00:00
[2025-07-03T17:40:54.361+0000] {processor.py:183} INFO - Processing /home/airflow/.local/lib/python3.8/site-packages/airflow/example_dags/example_task_group_decorator.py took 0.171 seconds
[2025-07-03T17:41:24.788+0000] {processor.py:161} INFO - Started process (PID=923) to work on /home/airflow/.local/lib/python3.8/site-packages/airflow/example_dags/example_task_group_decorator.py
[2025-07-03T17:41:24.801+0000] {processor.py:830} INFO - Processing file /home/airflow/.local/lib/python3.8/site-packages/airflow/example_dags/example_task_group_decorator.py for tasks to queue
[2025-07-03T17:41:24.804+0000] {logging_mixin.py:188} INFO - [2025-07-03T17:41:24.803+0000] {dagbag.py:538} INFO - Filling up the DagBag from /home/airflow/.local/lib/python3.8/site-packages/airflow/example_dags/example_task_group_decorator.py
[2025-07-03T17:41:24.864+0000] {processor.py:840} INFO - DAG(s) 'example_task_group_decorator' retrieved from /home/airflow/.local/lib/python3.8/site-packages/airflow/example_dags/example_task_group_decorator.py
[2025-07-03T17:41:24.976+0000] {logging_mixin.py:188} INFO - [2025-07-03T17:41:24.976+0000] {dag.py:3036} INFO - Sync 1 DAGs
[2025-07-03T17:41:25.058+0000] {logging_mixin.py:188} INFO - [2025-07-03T17:41:25.058+0000] {dag.py:3823} INFO - Setting next_dagrun for example_task_group_decorator to 2025-07-02 00:00:00+00:00, run_after=2025-07-03 00:00:00+00:00
[2025-07-03T17:41:25.111+0000] {processor.py:183} INFO - Processing /home/airflow/.local/lib/python3.8/site-packages/airflow/example_dags/example_task_group_decorator.py took 0.336 seconds
[2025-07-03T17:41:55.473+0000] {processor.py:161} INFO - Started process (PID=989) to work on /home/airflow/.local/lib/python3.8/site-packages/airflow/example_dags/example_task_group_decorator.py
[2025-07-03T17:41:55.477+0000] {processor.py:830} INFO - Processing file /home/airflow/.local/lib/python3.8/site-packages/airflow/example_dags/example_task_group_decorator.py for tasks to queue
[2025-07-03T17:41:55.486+0000] {logging_mixin.py:188} INFO - [2025-07-03T17:41:55.485+0000] {dagbag.py:538} INFO - Filling up the DagBag from /home/airflow/.local/lib/python3.8/site-packages/airflow/example_dags/example_task_group_decorator.py
[2025-07-03T17:41:55.547+0000] {processor.py:840} INFO - DAG(s) 'example_task_group_decorator' retrieved from /home/airflow/.local/lib/python3.8/site-packages/airflow/example_dags/example_task_group_decorator.py
[2025-07-03T17:41:55.674+0000] {logging_mixin.py:188} INFO - [2025-07-03T17:41:55.674+0000] {dag.py:3036} INFO - Sync 1 DAGs
[2025-07-03T17:41:55.737+0000] {logging_mixin.py:188} INFO - [2025-07-03T17:41:55.737+0000] {dag.py:3823} INFO - Setting next_dagrun for example_task_group_decorator to 2025-07-02 00:00:00+00:00, run_after=2025-07-03 00:00:00+00:00
[2025-07-03T17:41:55.787+0000] {processor.py:183} INFO - Processing /home/airflow/.local/lib/python3.8/site-packages/airflow/example_dags/example_task_group_decorator.py took 0.322 seconds
[2025-07-03T17:42:25.925+0000] {processor.py:161} INFO - Started process (PID=1054) to work on /home/airflow/.local/lib/python3.8/site-packages/airflow/example_dags/example_task_group_decorator.py
[2025-07-03T17:42:25.926+0000] {processor.py:830} INFO - Processing file /home/airflow/.local/lib/python3.8/site-packages/airflow/example_dags/example_task_group_decorator.py for tasks to queue
[2025-07-03T17:42:25.929+0000] {logging_mixin.py:188} INFO - [2025-07-03T17:42:25.928+0000] {dagbag.py:538} INFO - Filling up the DagBag from /home/airflow/.local/lib/python3.8/site-packages/airflow/example_dags/example_task_group_decorator.py
[2025-07-03T17:42:25.958+0000] {processor.py:840} INFO - DAG(s) 'example_task_group_decorator' retrieved from /home/airflow/.local/lib/python3.8/site-packages/airflow/example_dags/example_task_group_decorator.py
[2025-07-03T17:42:26.004+0000] {logging_mixin.py:188} INFO - [2025-07-03T17:42:26.004+0000] {dag.py:3036} INFO - Sync 1 DAGs
[2025-07-03T17:42:26.044+0000] {logging_mixin.py:188} INFO - [2025-07-03T17:42:26.044+0000] {dag.py:3823} INFO - Setting next_dagrun for example_task_group_decorator to 2025-07-02 00:00:00+00:00, run_after=2025-07-03 00:00:00+00:00
[2025-07-03T17:42:26.074+0000] {processor.py:183} INFO - Processing /home/airflow/.local/lib/python3.8/site-packages/airflow/example_dags/example_task_group_decorator.py took 0.153 seconds
[2025-07-03T17:42:57.020+0000] {processor.py:161} INFO - Started process (PID=1119) to work on /home/airflow/.local/lib/python3.8/site-packages/airflow/example_dags/example_task_group_decorator.py
[2025-07-03T17:42:57.022+0000] {processor.py:830} INFO - Processing file /home/airflow/.local/lib/python3.8/site-packages/airflow/example_dags/example_task_group_decorator.py for tasks to queue
[2025-07-03T17:42:57.028+0000] {logging_mixin.py:188} INFO - [2025-07-03T17:42:57.027+0000] {dagbag.py:538} INFO - Filling up the DagBag from /home/airflow/.local/lib/python3.8/site-packages/airflow/example_dags/example_task_group_decorator.py
[2025-07-03T17:42:57.072+0000] {processor.py:840} INFO - DAG(s) 'example_task_group_decorator' retrieved from /home/airflow/.local/lib/python3.8/site-packages/airflow/example_dags/example_task_group_decorator.py
[2025-07-03T17:42:57.140+0000] {logging_mixin.py:188} INFO - [2025-07-03T17:42:57.140+0000] {dag.py:3036} INFO - Sync 1 DAGs
[2025-07-03T17:42:57.188+0000] {logging_mixin.py:188} INFO - [2025-07-03T17:42:57.188+0000] {dag.py:3823} INFO - Setting next_dagrun for example_task_group_decorator to 2025-07-02 00:00:00+00:00, run_after=2025-07-03 00:00:00+00:00
[2025-07-03T17:42:57.233+0000] {processor.py:183} INFO - Processing /home/airflow/.local/lib/python3.8/site-packages/airflow/example_dags/example_task_group_decorator.py took 0.217 seconds
[2025-07-03T17:43:27.790+0000] {processor.py:161} INFO - Started process (PID=1193) to work on /home/airflow/.local/lib/python3.8/site-packages/airflow/example_dags/example_task_group_decorator.py
[2025-07-03T17:43:27.805+0000] {processor.py:830} INFO - Processing file /home/airflow/.local/lib/python3.8/site-packages/airflow/example_dags/example_task_group_decorator.py for tasks to queue
[2025-07-03T17:43:27.808+0000] {logging_mixin.py:188} INFO - [2025-07-03T17:43:27.807+0000] {dagbag.py:538} INFO - Filling up the DagBag from /home/airflow/.local/lib/python3.8/site-packages/airflow/example_dags/example_task_group_decorator.py
[2025-07-03T17:43:27.871+0000] {processor.py:840} INFO - DAG(s) 'example_task_group_decorator' retrieved from /home/airflow/.local/lib/python3.8/site-packages/airflow/example_dags/example_task_group_decorator.py
[2025-07-03T17:43:27.949+0000] {logging_mixin.py:188} INFO - [2025-07-03T17:43:27.948+0000] {dag.py:3036} INFO - Sync 1 DAGs
[2025-07-03T17:43:27.989+0000] {logging_mixin.py:188} INFO - [2025-07-03T17:43:27.989+0000] {dag.py:3823} INFO - Setting next_dagrun for example_task_group_decorator to 2025-07-02 00:00:00+00:00, run_after=2025-07-03 00:00:00+00:00
[2025-07-03T17:43:28.027+0000] {processor.py:183} INFO - Processing /home/airflow/.local/lib/python3.8/site-packages/airflow/example_dags/example_task_group_decorator.py took 0.241 seconds
[2025-07-03T17:43:58.651+0000] {processor.py:161} INFO - Started process (PID=1258) to work on /home/airflow/.local/lib/python3.8/site-packages/airflow/example_dags/example_task_group_decorator.py
[2025-07-03T17:43:58.662+0000] {processor.py:830} INFO - Processing file /home/airflow/.local/lib/python3.8/site-packages/airflow/example_dags/example_task_group_decorator.py for tasks to queue
[2025-07-03T17:43:58.664+0000] {logging_mixin.py:188} INFO - [2025-07-03T17:43:58.664+0000] {dagbag.py:538} INFO - Filling up the DagBag from /home/airflow/.local/lib/python3.8/site-packages/airflow/example_dags/example_task_group_decorator.py
[2025-07-03T17:43:58.760+0000] {processor.py:840} INFO - DAG(s) 'example_task_group_decorator' retrieved from /home/airflow/.local/lib/python3.8/site-packages/airflow/example_dags/example_task_group_decorator.py
[2025-07-03T17:43:58.910+0000] {logging_mixin.py:188} INFO - [2025-07-03T17:43:58.910+0000] {dag.py:3036} INFO - Sync 1 DAGs
[2025-07-03T17:43:58.971+0000] {logging_mixin.py:188} INFO - [2025-07-03T17:43:58.971+0000] {dag.py:3823} INFO - Setting next_dagrun for example_task_group_decorator to 2025-07-02 00:00:00+00:00, run_after=2025-07-03 00:00:00+00:00
[2025-07-03T17:43:59.036+0000] {processor.py:183} INFO - Processing /home/airflow/.local/lib/python3.8/site-packages/airflow/example_dags/example_task_group_decorator.py took 0.395 seconds
[2025-07-03T17:44:29.803+0000] {processor.py:161} INFO - Started process (PID=1323) to work on /home/airflow/.local/lib/python3.8/site-packages/airflow/example_dags/example_task_group_decorator.py
[2025-07-03T17:44:29.804+0000] {processor.py:830} INFO - Processing file /home/airflow/.local/lib/python3.8/site-packages/airflow/example_dags/example_task_group_decorator.py for tasks to queue
[2025-07-03T17:44:29.823+0000] {logging_mixin.py:188} INFO - [2025-07-03T17:44:29.820+0000] {dagbag.py:538} INFO - Filling up the DagBag from /home/airflow/.local/lib/python3.8/site-packages/airflow/example_dags/example_task_group_decorator.py
[2025-07-03T17:44:29.974+0000] {processor.py:840} INFO - DAG(s) 'example_task_group_decorator' retrieved from /home/airflow/.local/lib/python3.8/site-packages/airflow/example_dags/example_task_group_decorator.py
[2025-07-03T17:44:30.246+0000] {logging_mixin.py:188} INFO - [2025-07-03T17:44:30.246+0000] {dag.py:3036} INFO - Sync 1 DAGs
[2025-07-03T17:44:30.397+0000] {logging_mixin.py:188} INFO - [2025-07-03T17:44:30.397+0000] {dag.py:3823} INFO - Setting next_dagrun for example_task_group_decorator to 2025-07-02 00:00:00+00:00, run_after=2025-07-03 00:00:00+00:00
[2025-07-03T17:44:30.455+0000] {processor.py:183} INFO - Processing /home/airflow/.local/lib/python3.8/site-packages/airflow/example_dags/example_task_group_decorator.py took 0.676 seconds
[2025-07-03T17:45:01.047+0000] {processor.py:161} INFO - Started process (PID=1388) to work on /home/airflow/.local/lib/python3.8/site-packages/airflow/example_dags/example_task_group_decorator.py
[2025-07-03T17:45:01.072+0000] {processor.py:830} INFO - Processing file /home/airflow/.local/lib/python3.8/site-packages/airflow/example_dags/example_task_group_decorator.py for tasks to queue
[2025-07-03T17:45:01.089+0000] {logging_mixin.py:188} INFO - [2025-07-03T17:45:01.089+0000] {dagbag.py:538} INFO - Filling up the DagBag from /home/airflow/.local/lib/python3.8/site-packages/airflow/example_dags/example_task_group_decorator.py
[2025-07-03T17:45:01.274+0000] {processor.py:840} INFO - DAG(s) 'example_task_group_decorator' retrieved from /home/airflow/.local/lib/python3.8/site-packages/airflow/example_dags/example_task_group_decorator.py
[2025-07-03T17:45:01.418+0000] {logging_mixin.py:188} INFO - [2025-07-03T17:45:01.417+0000] {dag.py:3036} INFO - Sync 1 DAGs
[2025-07-03T17:45:01.523+0000] {logging_mixin.py:188} INFO - [2025-07-03T17:45:01.522+0000] {dag.py:3823} INFO - Setting next_dagrun for example_task_group_decorator to 2025-07-02 00:00:00+00:00, run_after=2025-07-03 00:00:00+00:00
[2025-07-03T17:45:01.638+0000] {processor.py:183} INFO - Processing /home/airflow/.local/lib/python3.8/site-packages/airflow/example_dags/example_task_group_decorator.py took 0.615 seconds
[2025-07-03T17:45:32.519+0000] {processor.py:161} INFO - Started process (PID=1453) to work on /home/airflow/.local/lib/python3.8/site-packages/airflow/example_dags/example_task_group_decorator.py
[2025-07-03T17:45:32.542+0000] {processor.py:830} INFO - Processing file /home/airflow/.local/lib/python3.8/site-packages/airflow/example_dags/example_task_group_decorator.py for tasks to queue
[2025-07-03T17:45:32.545+0000] {logging_mixin.py:188} INFO - [2025-07-03T17:45:32.545+0000] {dagbag.py:538} INFO - Filling up the DagBag from /home/airflow/.local/lib/python3.8/site-packages/airflow/example_dags/example_task_group_decorator.py
[2025-07-03T17:45:32.639+0000] {processor.py:840} INFO - DAG(s) 'example_task_group_decorator' retrieved from /home/airflow/.local/lib/python3.8/site-packages/airflow/example_dags/example_task_group_decorator.py
[2025-07-03T17:45:32.740+0000] {logging_mixin.py:188} INFO - [2025-07-03T17:45:32.739+0000] {dag.py:3036} INFO - Sync 1 DAGs
[2025-07-03T17:45:32.839+0000] {logging_mixin.py:188} INFO - [2025-07-03T17:45:32.839+0000] {dag.py:3823} INFO - Setting next_dagrun for example_task_group_decorator to 2025-07-02 00:00:00+00:00, run_after=2025-07-03 00:00:00+00:00
[2025-07-03T17:45:32.927+0000] {processor.py:183} INFO - Processing /home/airflow/.local/lib/python3.8/site-packages/airflow/example_dags/example_task_group_decorator.py took 0.412 seconds
[2025-07-03T17:46:03.583+0000] {processor.py:161} INFO - Started process (PID=1517) to work on /home/airflow/.local/lib/python3.8/site-packages/airflow/example_dags/example_task_group_decorator.py
[2025-07-03T17:46:03.603+0000] {processor.py:830} INFO - Processing file /home/airflow/.local/lib/python3.8/site-packages/airflow/example_dags/example_task_group_decorator.py for tasks to queue
[2025-07-03T17:46:03.622+0000] {logging_mixin.py:188} INFO - [2025-07-03T17:46:03.621+0000] {dagbag.py:538} INFO - Filling up the DagBag from /home/airflow/.local/lib/python3.8/site-packages/airflow/example_dags/example_task_group_decorator.py
[2025-07-03T17:46:03.772+0000] {processor.py:840} INFO - DAG(s) 'example_task_group_decorator' retrieved from /home/airflow/.local/lib/python3.8/site-packages/airflow/example_dags/example_task_group_decorator.py
[2025-07-03T17:46:03.907+0000] {logging_mixin.py:188} INFO - [2025-07-03T17:46:03.907+0000] {dag.py:3036} INFO - Sync 1 DAGs
[2025-07-03T17:46:04.038+0000] {logging_mixin.py:188} INFO - [2025-07-03T17:46:04.037+0000] {dag.py:3823} INFO - Setting next_dagrun for example_task_group_decorator to 2025-07-02 00:00:00+00:00, run_after=2025-07-03 00:00:00+00:00
[2025-07-03T17:46:04.133+0000] {processor.py:183} INFO - Processing /home/airflow/.local/lib/python3.8/site-packages/airflow/example_dags/example_task_group_decorator.py took 0.597 seconds
[2025-07-03T17:46:34.841+0000] {processor.py:161} INFO - Started process (PID=1575) to work on /home/airflow/.local/lib/python3.8/site-packages/airflow/example_dags/example_task_group_decorator.py
[2025-07-03T17:46:34.845+0000] {processor.py:830} INFO - Processing file /home/airflow/.local/lib/python3.8/site-packages/airflow/example_dags/example_task_group_decorator.py for tasks to queue
[2025-07-03T17:46:34.854+0000] {logging_mixin.py:188} INFO - [2025-07-03T17:46:34.853+0000] {dagbag.py:538} INFO - Filling up the DagBag from /home/airflow/.local/lib/python3.8/site-packages/airflow/example_dags/example_task_group_decorator.py
[2025-07-03T17:46:34.901+0000] {processor.py:840} INFO - DAG(s) 'example_task_group_decorator' retrieved from /home/airflow/.local/lib/python3.8/site-packages/airflow/example_dags/example_task_group_decorator.py
[2025-07-03T17:46:35.014+0000] {logging_mixin.py:188} INFO - [2025-07-03T17:46:35.013+0000] {dag.py:3036} INFO - Sync 1 DAGs
[2025-07-03T17:46:35.095+0000] {logging_mixin.py:188} INFO - [2025-07-03T17:46:35.095+0000] {dag.py:3823} INFO - Setting next_dagrun for example_task_group_decorator to 2025-07-02 00:00:00+00:00, run_after=2025-07-03 00:00:00+00:00
[2025-07-03T17:46:35.164+0000] {processor.py:183} INFO - Processing /home/airflow/.local/lib/python3.8/site-packages/airflow/example_dags/example_task_group_decorator.py took 0.339 seconds
[2025-07-03T17:47:05.337+0000] {processor.py:161} INFO - Started process (PID=1639) to work on /home/airflow/.local/lib/python3.8/site-packages/airflow/example_dags/example_task_group_decorator.py
[2025-07-03T17:47:05.353+0000] {processor.py:830} INFO - Processing file /home/airflow/.local/lib/python3.8/site-packages/airflow/example_dags/example_task_group_decorator.py for tasks to queue
[2025-07-03T17:47:05.355+0000] {logging_mixin.py:188} INFO - [2025-07-03T17:47:05.355+0000] {dagbag.py:538} INFO - Filling up the DagBag from /home/airflow/.local/lib/python3.8/site-packages/airflow/example_dags/example_task_group_decorator.py
[2025-07-03T17:47:05.397+0000] {processor.py:840} INFO - DAG(s) 'example_task_group_decorator' retrieved from /home/airflow/.local/lib/python3.8/site-packages/airflow/example_dags/example_task_group_decorator.py
[2025-07-03T17:47:05.490+0000] {logging_mixin.py:188} INFO - [2025-07-03T17:47:05.489+0000] {dag.py:3036} INFO - Sync 1 DAGs
[2025-07-03T17:47:05.568+0000] {logging_mixin.py:188} INFO - [2025-07-03T17:47:05.568+0000] {dag.py:3823} INFO - Setting next_dagrun for example_task_group_decorator to 2025-07-02 00:00:00+00:00, run_after=2025-07-03 00:00:00+00:00
[2025-07-03T17:47:05.637+0000] {processor.py:183} INFO - Processing /home/airflow/.local/lib/python3.8/site-packages/airflow/example_dags/example_task_group_decorator.py took 0.312 seconds
[2025-07-03T17:47:35.761+0000] {processor.py:161} INFO - Started process (PID=1712) to work on /home/airflow/.local/lib/python3.8/site-packages/airflow/example_dags/example_task_group_decorator.py
[2025-07-03T17:47:35.767+0000] {processor.py:830} INFO - Processing file /home/airflow/.local/lib/python3.8/site-packages/airflow/example_dags/example_task_group_decorator.py for tasks to queue
[2025-07-03T17:47:35.770+0000] {logging_mixin.py:188} INFO - [2025-07-03T17:47:35.769+0000] {dagbag.py:538} INFO - Filling up the DagBag from /home/airflow/.local/lib/python3.8/site-packages/airflow/example_dags/example_task_group_decorator.py
[2025-07-03T17:47:35.869+0000] {processor.py:840} INFO - DAG(s) 'example_task_group_decorator' retrieved from /home/airflow/.local/lib/python3.8/site-packages/airflow/example_dags/example_task_group_decorator.py
[2025-07-03T17:47:35.914+0000] {logging_mixin.py:188} INFO - [2025-07-03T17:47:35.914+0000] {dag.py:3036} INFO - Sync 1 DAGs
[2025-07-03T17:47:35.957+0000] {logging_mixin.py:188} INFO - [2025-07-03T17:47:35.957+0000] {dag.py:3823} INFO - Setting next_dagrun for example_task_group_decorator to 2025-07-02 00:00:00+00:00, run_after=2025-07-03 00:00:00+00:00
[2025-07-03T17:47:36.002+0000] {processor.py:183} INFO - Processing /home/airflow/.local/lib/python3.8/site-packages/airflow/example_dags/example_task_group_decorator.py took 0.250 seconds
[2025-07-03T17:48:06.041+0000] {processor.py:161} INFO - Started process (PID=1776) to work on /home/airflow/.local/lib/python3.8/site-packages/airflow/example_dags/example_task_group_decorator.py
[2025-07-03T17:48:06.043+0000] {processor.py:830} INFO - Processing file /home/airflow/.local/lib/python3.8/site-packages/airflow/example_dags/example_task_group_decorator.py for tasks to queue
[2025-07-03T17:48:06.047+0000] {logging_mixin.py:188} INFO - [2025-07-03T17:48:06.047+0000] {dagbag.py:538} INFO - Filling up the DagBag from /home/airflow/.local/lib/python3.8/site-packages/airflow/example_dags/example_task_group_decorator.py
[2025-07-03T17:48:06.079+0000] {processor.py:840} INFO - DAG(s) 'example_task_group_decorator' retrieved from /home/airflow/.local/lib/python3.8/site-packages/airflow/example_dags/example_task_group_decorator.py
[2025-07-03T17:48:06.134+0000] {logging_mixin.py:188} INFO - [2025-07-03T17:48:06.133+0000] {dag.py:3036} INFO - Sync 1 DAGs
[2025-07-03T17:48:06.205+0000] {logging_mixin.py:188} INFO - [2025-07-03T17:48:06.205+0000] {dag.py:3823} INFO - Setting next_dagrun for example_task_group_decorator to 2025-07-02 00:00:00+00:00, run_after=2025-07-03 00:00:00+00:00
[2025-07-03T17:48:06.273+0000] {processor.py:183} INFO - Processing /home/airflow/.local/lib/python3.8/site-packages/airflow/example_dags/example_task_group_decorator.py took 0.237 seconds
[2025-07-03T17:48:36.608+0000] {processor.py:161} INFO - Started process (PID=1841) to work on /home/airflow/.local/lib/python3.8/site-packages/airflow/example_dags/example_task_group_decorator.py
[2025-07-03T17:48:36.625+0000] {processor.py:830} INFO - Processing file /home/airflow/.local/lib/python3.8/site-packages/airflow/example_dags/example_task_group_decorator.py for tasks to queue
[2025-07-03T17:48:36.628+0000] {logging_mixin.py:188} INFO - [2025-07-03T17:48:36.627+0000] {dagbag.py:538} INFO - Filling up the DagBag from /home/airflow/.local/lib/python3.8/site-packages/airflow/example_dags/example_task_group_decorator.py
[2025-07-03T17:48:36.659+0000] {processor.py:840} INFO - DAG(s) 'example_task_group_decorator' retrieved from /home/airflow/.local/lib/python3.8/site-packages/airflow/example_dags/example_task_group_decorator.py
[2025-07-03T17:48:36.734+0000] {logging_mixin.py:188} INFO - [2025-07-03T17:48:36.733+0000] {dag.py:3036} INFO - Sync 1 DAGs
[2025-07-03T17:48:36.802+0000] {logging_mixin.py:188} INFO - [2025-07-03T17:48:36.802+0000] {dag.py:3823} INFO - Setting next_dagrun for example_task_group_decorator to 2025-07-02 00:00:00+00:00, run_after=2025-07-03 00:00:00+00:00
[2025-07-03T17:48:36.871+0000] {processor.py:183} INFO - Processing /home/airflow/.local/lib/python3.8/site-packages/airflow/example_dags/example_task_group_decorator.py took 0.268 seconds
[2025-07-03T17:49:07.092+0000] {processor.py:161} INFO - Started process (PID=1908) to work on /home/airflow/.local/lib/python3.8/site-packages/airflow/example_dags/example_task_group_decorator.py
[2025-07-03T17:49:07.097+0000] {processor.py:830} INFO - Processing file /home/airflow/.local/lib/python3.8/site-packages/airflow/example_dags/example_task_group_decorator.py for tasks to queue
[2025-07-03T17:49:07.106+0000] {logging_mixin.py:188} INFO - [2025-07-03T17:49:07.105+0000] {dagbag.py:538} INFO - Filling up the DagBag from /home/airflow/.local/lib/python3.8/site-packages/airflow/example_dags/example_task_group_decorator.py
[2025-07-03T17:49:07.194+0000] {processor.py:840} INFO - DAG(s) 'example_task_group_decorator' retrieved from /home/airflow/.local/lib/python3.8/site-packages/airflow/example_dags/example_task_group_decorator.py
[2025-07-03T17:49:07.287+0000] {logging_mixin.py:188} INFO - [2025-07-03T17:49:07.287+0000] {dag.py:3036} INFO - Sync 1 DAGs
[2025-07-03T17:49:07.374+0000] {logging_mixin.py:188} INFO - [2025-07-03T17:49:07.374+0000] {dag.py:3823} INFO - Setting next_dagrun for example_task_group_decorator to 2025-07-02 00:00:00+00:00, run_after=2025-07-03 00:00:00+00:00
[2025-07-03T17:49:07.435+0000] {processor.py:183} INFO - Processing /home/airflow/.local/lib/python3.8/site-packages/airflow/example_dags/example_task_group_decorator.py took 0.358 seconds
[2025-07-03T17:49:38.028+0000] {processor.py:161} INFO - Started process (PID=1973) to work on /home/airflow/.local/lib/python3.8/site-packages/airflow/example_dags/example_task_group_decorator.py
[2025-07-03T17:49:38.029+0000] {processor.py:830} INFO - Processing file /home/airflow/.local/lib/python3.8/site-packages/airflow/example_dags/example_task_group_decorator.py for tasks to queue
[2025-07-03T17:49:38.031+0000] {logging_mixin.py:188} INFO - [2025-07-03T17:49:38.031+0000] {dagbag.py:538} INFO - Filling up the DagBag from /home/airflow/.local/lib/python3.8/site-packages/airflow/example_dags/example_task_group_decorator.py
[2025-07-03T17:49:38.071+0000] {processor.py:840} INFO - DAG(s) 'example_task_group_decorator' retrieved from /home/airflow/.local/lib/python3.8/site-packages/airflow/example_dags/example_task_group_decorator.py
[2025-07-03T17:49:38.127+0000] {logging_mixin.py:188} INFO - [2025-07-03T17:49:38.126+0000] {dag.py:3036} INFO - Sync 1 DAGs
[2025-07-03T17:49:38.179+0000] {logging_mixin.py:188} INFO - [2025-07-03T17:49:38.178+0000] {dag.py:3823} INFO - Setting next_dagrun for example_task_group_decorator to 2025-07-02 00:00:00+00:00, run_after=2025-07-03 00:00:00+00:00
[2025-07-03T17:49:38.212+0000] {processor.py:183} INFO - Processing /home/airflow/.local/lib/python3.8/site-packages/airflow/example_dags/example_task_group_decorator.py took 0.190 seconds
[2025-07-03T17:50:08.335+0000] {processor.py:161} INFO - Started process (PID=2039) to work on /home/airflow/.local/lib/python3.8/site-packages/airflow/example_dags/example_task_group_decorator.py
[2025-07-03T17:50:08.337+0000] {processor.py:830} INFO - Processing file /home/airflow/.local/lib/python3.8/site-packages/airflow/example_dags/example_task_group_decorator.py for tasks to queue
[2025-07-03T17:50:08.339+0000] {logging_mixin.py:188} INFO - [2025-07-03T17:50:08.338+0000] {dagbag.py:538} INFO - Filling up the DagBag from /home/airflow/.local/lib/python3.8/site-packages/airflow/example_dags/example_task_group_decorator.py
[2025-07-03T17:50:08.367+0000] {processor.py:840} INFO - DAG(s) 'example_task_group_decorator' retrieved from /home/airflow/.local/lib/python3.8/site-packages/airflow/example_dags/example_task_group_decorator.py
[2025-07-03T17:50:08.411+0000] {logging_mixin.py:188} INFO - [2025-07-03T17:50:08.411+0000] {dag.py:3036} INFO - Sync 1 DAGs
[2025-07-03T17:50:08.453+0000] {logging_mixin.py:188} INFO - [2025-07-03T17:50:08.453+0000] {dag.py:3823} INFO - Setting next_dagrun for example_task_group_decorator to 2025-07-02 00:00:00+00:00, run_after=2025-07-03 00:00:00+00:00
[2025-07-03T17:50:08.486+0000] {processor.py:183} INFO - Processing /home/airflow/.local/lib/python3.8/site-packages/airflow/example_dags/example_task_group_decorator.py took 0.156 seconds
[2025-07-03T17:50:38.982+0000] {processor.py:161} INFO - Started process (PID=2105) to work on /home/airflow/.local/lib/python3.8/site-packages/airflow/example_dags/example_task_group_decorator.py
[2025-07-03T17:50:38.993+0000] {processor.py:830} INFO - Processing file /home/airflow/.local/lib/python3.8/site-packages/airflow/example_dags/example_task_group_decorator.py for tasks to queue
[2025-07-03T17:50:39.002+0000] {logging_mixin.py:188} INFO - [2025-07-03T17:50:39.001+0000] {dagbag.py:538} INFO - Filling up the DagBag from /home/airflow/.local/lib/python3.8/site-packages/airflow/example_dags/example_task_group_decorator.py
[2025-07-03T17:50:39.051+0000] {processor.py:840} INFO - DAG(s) 'example_task_group_decorator' retrieved from /home/airflow/.local/lib/python3.8/site-packages/airflow/example_dags/example_task_group_decorator.py
[2025-07-03T17:50:39.126+0000] {logging_mixin.py:188} INFO - [2025-07-03T17:50:39.125+0000] {dag.py:3036} INFO - Sync 1 DAGs
[2025-07-03T17:50:39.213+0000] {logging_mixin.py:188} INFO - [2025-07-03T17:50:39.213+0000] {dag.py:3823} INFO - Setting next_dagrun for example_task_group_decorator to 2025-07-02 00:00:00+00:00, run_after=2025-07-03 00:00:00+00:00
[2025-07-03T17:50:39.280+0000] {processor.py:183} INFO - Processing /home/airflow/.local/lib/python3.8/site-packages/airflow/example_dags/example_task_group_decorator.py took 0.310 seconds
[2025-07-03T17:51:09.407+0000] {processor.py:161} INFO - Started process (PID=2168) to work on /home/airflow/.local/lib/python3.8/site-packages/airflow/example_dags/example_task_group_decorator.py
[2025-07-03T17:51:09.408+0000] {processor.py:830} INFO - Processing file /home/airflow/.local/lib/python3.8/site-packages/airflow/example_dags/example_task_group_decorator.py for tasks to queue
[2025-07-03T17:51:09.411+0000] {logging_mixin.py:188} INFO - [2025-07-03T17:51:09.411+0000] {dagbag.py:538} INFO - Filling up the DagBag from /home/airflow/.local/lib/python3.8/site-packages/airflow/example_dags/example_task_group_decorator.py
[2025-07-03T17:51:09.443+0000] {processor.py:840} INFO - DAG(s) 'example_task_group_decorator' retrieved from /home/airflow/.local/lib/python3.8/site-packages/airflow/example_dags/example_task_group_decorator.py
[2025-07-03T17:51:09.490+0000] {logging_mixin.py:188} INFO - [2025-07-03T17:51:09.490+0000] {dag.py:3036} INFO - Sync 1 DAGs
[2025-07-03T17:51:09.536+0000] {logging_mixin.py:188} INFO - [2025-07-03T17:51:09.535+0000] {dag.py:3823} INFO - Setting next_dagrun for example_task_group_decorator to 2025-07-02 00:00:00+00:00, run_after=2025-07-03 00:00:00+00:00
[2025-07-03T17:51:09.570+0000] {processor.py:183} INFO - Processing /home/airflow/.local/lib/python3.8/site-packages/airflow/example_dags/example_task_group_decorator.py took 0.168 seconds
[2025-07-03T17:51:39.991+0000] {processor.py:161} INFO - Started process (PID=2233) to work on /home/airflow/.local/lib/python3.8/site-packages/airflow/example_dags/example_task_group_decorator.py
[2025-07-03T17:51:39.996+0000] {processor.py:830} INFO - Processing file /home/airflow/.local/lib/python3.8/site-packages/airflow/example_dags/example_task_group_decorator.py for tasks to queue
[2025-07-03T17:51:40.004+0000] {logging_mixin.py:188} INFO - [2025-07-03T17:51:40.004+0000] {dagbag.py:538} INFO - Filling up the DagBag from /home/airflow/.local/lib/python3.8/site-packages/airflow/example_dags/example_task_group_decorator.py
[2025-07-03T17:51:40.069+0000] {processor.py:840} INFO - DAG(s) 'example_task_group_decorator' retrieved from /home/airflow/.local/lib/python3.8/site-packages/airflow/example_dags/example_task_group_decorator.py
[2025-07-03T17:51:40.121+0000] {logging_mixin.py:188} INFO - [2025-07-03T17:51:40.120+0000] {dag.py:3036} INFO - Sync 1 DAGs
[2025-07-03T17:51:40.162+0000] {logging_mixin.py:188} INFO - [2025-07-03T17:51:40.162+0000] {dag.py:3823} INFO - Setting next_dagrun for example_task_group_decorator to 2025-07-02 00:00:00+00:00, run_after=2025-07-03 00:00:00+00:00
[2025-07-03T17:51:40.193+0000] {processor.py:183} INFO - Processing /home/airflow/.local/lib/python3.8/site-packages/airflow/example_dags/example_task_group_decorator.py took 0.214 seconds
[2025-07-03T17:52:10.759+0000] {processor.py:161} INFO - Started process (PID=2299) to work on /home/airflow/.local/lib/python3.8/site-packages/airflow/example_dags/example_task_group_decorator.py
[2025-07-03T17:52:10.761+0000] {processor.py:830} INFO - Processing file /home/airflow/.local/lib/python3.8/site-packages/airflow/example_dags/example_task_group_decorator.py for tasks to queue
[2025-07-03T17:52:10.763+0000] {logging_mixin.py:188} INFO - [2025-07-03T17:52:10.763+0000] {dagbag.py:538} INFO - Filling up the DagBag from /home/airflow/.local/lib/python3.8/site-packages/airflow/example_dags/example_task_group_decorator.py
[2025-07-03T17:52:10.793+0000] {processor.py:840} INFO - DAG(s) 'example_task_group_decorator' retrieved from /home/airflow/.local/lib/python3.8/site-packages/airflow/example_dags/example_task_group_decorator.py
[2025-07-03T17:52:10.837+0000] {logging_mixin.py:188} INFO - [2025-07-03T17:52:10.837+0000] {dag.py:3036} INFO - Sync 1 DAGs
[2025-07-03T17:52:10.880+0000] {logging_mixin.py:188} INFO - [2025-07-03T17:52:10.879+0000] {dag.py:3823} INFO - Setting next_dagrun for example_task_group_decorator to 2025-07-02 00:00:00+00:00, run_after=2025-07-03 00:00:00+00:00
[2025-07-03T17:52:10.913+0000] {processor.py:183} INFO - Processing /home/airflow/.local/lib/python3.8/site-packages/airflow/example_dags/example_task_group_decorator.py took 0.159 seconds
[2025-07-03T17:52:41.479+0000] {processor.py:161} INFO - Started process (PID=2365) to work on /home/airflow/.local/lib/python3.8/site-packages/airflow/example_dags/example_task_group_decorator.py
[2025-07-03T17:52:41.481+0000] {processor.py:830} INFO - Processing file /home/airflow/.local/lib/python3.8/site-packages/airflow/example_dags/example_task_group_decorator.py for tasks to queue
[2025-07-03T17:52:41.484+0000] {logging_mixin.py:188} INFO - [2025-07-03T17:52:41.483+0000] {dagbag.py:538} INFO - Filling up the DagBag from /home/airflow/.local/lib/python3.8/site-packages/airflow/example_dags/example_task_group_decorator.py
[2025-07-03T17:52:41.556+0000] {processor.py:840} INFO - DAG(s) 'example_task_group_decorator' retrieved from /home/airflow/.local/lib/python3.8/site-packages/airflow/example_dags/example_task_group_decorator.py
[2025-07-03T17:52:41.605+0000] {logging_mixin.py:188} INFO - [2025-07-03T17:52:41.604+0000] {dag.py:3036} INFO - Sync 1 DAGs
[2025-07-03T17:52:41.648+0000] {logging_mixin.py:188} INFO - [2025-07-03T17:52:41.647+0000] {dag.py:3823} INFO - Setting next_dagrun for example_task_group_decorator to 2025-07-02 00:00:00+00:00, run_after=2025-07-03 00:00:00+00:00
[2025-07-03T17:52:41.686+0000] {processor.py:183} INFO - Processing /home/airflow/.local/lib/python3.8/site-packages/airflow/example_dags/example_task_group_decorator.py took 0.212 seconds
[2025-07-03T17:53:11.805+0000] {processor.py:161} INFO - Started process (PID=2431) to work on /home/airflow/.local/lib/python3.8/site-packages/airflow/example_dags/example_task_group_decorator.py
[2025-07-03T17:53:11.806+0000] {processor.py:830} INFO - Processing file /home/airflow/.local/lib/python3.8/site-packages/airflow/example_dags/example_task_group_decorator.py for tasks to queue
[2025-07-03T17:53:11.809+0000] {logging_mixin.py:188} INFO - [2025-07-03T17:53:11.808+0000] {dagbag.py:538} INFO - Filling up the DagBag from /home/airflow/.local/lib/python3.8/site-packages/airflow/example_dags/example_task_group_decorator.py
[2025-07-03T17:53:11.840+0000] {processor.py:840} INFO - DAG(s) 'example_task_group_decorator' retrieved from /home/airflow/.local/lib/python3.8/site-packages/airflow/example_dags/example_task_group_decorator.py
[2025-07-03T17:53:11.886+0000] {logging_mixin.py:188} INFO - [2025-07-03T17:53:11.885+0000] {dag.py:3036} INFO - Sync 1 DAGs
[2025-07-03T17:53:11.929+0000] {logging_mixin.py:188} INFO - [2025-07-03T17:53:11.928+0000] {dag.py:3823} INFO - Setting next_dagrun for example_task_group_decorator to 2025-07-02 00:00:00+00:00, run_after=2025-07-03 00:00:00+00:00
[2025-07-03T17:53:11.980+0000] {processor.py:183} INFO - Processing /home/airflow/.local/lib/python3.8/site-packages/airflow/example_dags/example_task_group_decorator.py took 0.180 seconds
[2025-07-03T17:53:42.250+0000] {processor.py:161} INFO - Started process (PID=2498) to work on /home/airflow/.local/lib/python3.8/site-packages/airflow/example_dags/example_task_group_decorator.py
[2025-07-03T17:53:42.261+0000] {processor.py:830} INFO - Processing file /home/airflow/.local/lib/python3.8/site-packages/airflow/example_dags/example_task_group_decorator.py for tasks to queue
[2025-07-03T17:53:42.264+0000] {logging_mixin.py:188} INFO - [2025-07-03T17:53:42.264+0000] {dagbag.py:538} INFO - Filling up the DagBag from /home/airflow/.local/lib/python3.8/site-packages/airflow/example_dags/example_task_group_decorator.py
[2025-07-03T17:53:42.313+0000] {processor.py:840} INFO - DAG(s) 'example_task_group_decorator' retrieved from /home/airflow/.local/lib/python3.8/site-packages/airflow/example_dags/example_task_group_decorator.py
[2025-07-03T17:53:42.412+0000] {logging_mixin.py:188} INFO - [2025-07-03T17:53:42.411+0000] {dag.py:3036} INFO - Sync 1 DAGs
[2025-07-03T17:53:42.492+0000] {logging_mixin.py:188} INFO - [2025-07-03T17:53:42.491+0000] {dag.py:3823} INFO - Setting next_dagrun for example_task_group_decorator to 2025-07-02 00:00:00+00:00, run_after=2025-07-03 00:00:00+00:00
[2025-07-03T17:53:42.542+0000] {processor.py:183} INFO - Processing /home/airflow/.local/lib/python3.8/site-packages/airflow/example_dags/example_task_group_decorator.py took 0.301 seconds
[2025-07-03T17:54:12.696+0000] {processor.py:161} INFO - Started process (PID=2562) to work on /home/airflow/.local/lib/python3.8/site-packages/airflow/example_dags/example_task_group_decorator.py
[2025-07-03T17:54:12.697+0000] {processor.py:830} INFO - Processing file /home/airflow/.local/lib/python3.8/site-packages/airflow/example_dags/example_task_group_decorator.py for tasks to queue
[2025-07-03T17:54:12.702+0000] {logging_mixin.py:188} INFO - [2025-07-03T17:54:12.701+0000] {dagbag.py:538} INFO - Filling up the DagBag from /home/airflow/.local/lib/python3.8/site-packages/airflow/example_dags/example_task_group_decorator.py
[2025-07-03T17:54:12.735+0000] {processor.py:840} INFO - DAG(s) 'example_task_group_decorator' retrieved from /home/airflow/.local/lib/python3.8/site-packages/airflow/example_dags/example_task_group_decorator.py
[2025-07-03T17:54:12.828+0000] {logging_mixin.py:188} INFO - [2025-07-03T17:54:12.828+0000] {dag.py:3036} INFO - Sync 1 DAGs
[2025-07-03T17:54:12.894+0000] {logging_mixin.py:188} INFO - [2025-07-03T17:54:12.894+0000] {dag.py:3823} INFO - Setting next_dagrun for example_task_group_decorator to 2025-07-02 00:00:00+00:00, run_after=2025-07-03 00:00:00+00:00
[2025-07-03T17:54:12.950+0000] {processor.py:183} INFO - Processing /home/airflow/.local/lib/python3.8/site-packages/airflow/example_dags/example_task_group_decorator.py took 0.259 seconds
[2025-07-03T17:54:43.505+0000] {processor.py:161} INFO - Started process (PID=2626) to work on /home/airflow/.local/lib/python3.8/site-packages/airflow/example_dags/example_task_group_decorator.py
[2025-07-03T17:54:43.507+0000] {processor.py:830} INFO - Processing file /home/airflow/.local/lib/python3.8/site-packages/airflow/example_dags/example_task_group_decorator.py for tasks to queue
[2025-07-03T17:54:43.509+0000] {logging_mixin.py:188} INFO - [2025-07-03T17:54:43.509+0000] {dagbag.py:538} INFO - Filling up the DagBag from /home/airflow/.local/lib/python3.8/site-packages/airflow/example_dags/example_task_group_decorator.py
[2025-07-03T17:54:43.572+0000] {processor.py:840} INFO - DAG(s) 'example_task_group_decorator' retrieved from /home/airflow/.local/lib/python3.8/site-packages/airflow/example_dags/example_task_group_decorator.py
[2025-07-03T17:54:43.654+0000] {logging_mixin.py:188} INFO - [2025-07-03T17:54:43.653+0000] {dag.py:3036} INFO - Sync 1 DAGs
[2025-07-03T17:54:43.727+0000] {logging_mixin.py:188} INFO - [2025-07-03T17:54:43.726+0000] {dag.py:3823} INFO - Setting next_dagrun for example_task_group_decorator to 2025-07-02 00:00:00+00:00, run_after=2025-07-03 00:00:00+00:00
[2025-07-03T17:54:43.781+0000] {processor.py:183} INFO - Processing /home/airflow/.local/lib/python3.8/site-packages/airflow/example_dags/example_task_group_decorator.py took 0.288 seconds
[2025-07-03T17:55:14.096+0000] {processor.py:161} INFO - Started process (PID=2691) to work on /home/airflow/.local/lib/python3.8/site-packages/airflow/example_dags/example_task_group_decorator.py
[2025-07-03T17:55:14.098+0000] {processor.py:830} INFO - Processing file /home/airflow/.local/lib/python3.8/site-packages/airflow/example_dags/example_task_group_decorator.py for tasks to queue
[2025-07-03T17:55:14.100+0000] {logging_mixin.py:188} INFO - [2025-07-03T17:55:14.100+0000] {dagbag.py:538} INFO - Filling up the DagBag from /home/airflow/.local/lib/python3.8/site-packages/airflow/example_dags/example_task_group_decorator.py
[2025-07-03T17:55:14.128+0000] {processor.py:840} INFO - DAG(s) 'example_task_group_decorator' retrieved from /home/airflow/.local/lib/python3.8/site-packages/airflow/example_dags/example_task_group_decorator.py
[2025-07-03T17:55:14.171+0000] {logging_mixin.py:188} INFO - [2025-07-03T17:55:14.171+0000] {dag.py:3036} INFO - Sync 1 DAGs
[2025-07-03T17:55:14.213+0000] {logging_mixin.py:188} INFO - [2025-07-03T17:55:14.213+0000] {dag.py:3823} INFO - Setting next_dagrun for example_task_group_decorator to 2025-07-02 00:00:00+00:00, run_after=2025-07-03 00:00:00+00:00
[2025-07-03T17:55:14.242+0000] {processor.py:183} INFO - Processing /home/airflow/.local/lib/python3.8/site-packages/airflow/example_dags/example_task_group_decorator.py took 0.151 seconds
[2025-07-03T17:55:44.368+0000] {processor.py:161} INFO - Started process (PID=2754) to work on /home/airflow/.local/lib/python3.8/site-packages/airflow/example_dags/example_task_group_decorator.py
[2025-07-03T17:55:44.370+0000] {processor.py:830} INFO - Processing file /home/airflow/.local/lib/python3.8/site-packages/airflow/example_dags/example_task_group_decorator.py for tasks to queue
[2025-07-03T17:55:44.373+0000] {logging_mixin.py:188} INFO - [2025-07-03T17:55:44.372+0000] {dagbag.py:538} INFO - Filling up the DagBag from /home/airflow/.local/lib/python3.8/site-packages/airflow/example_dags/example_task_group_decorator.py
[2025-07-03T17:55:44.393+0000] {processor.py:840} INFO - DAG(s) 'example_task_group_decorator' retrieved from /home/airflow/.local/lib/python3.8/site-packages/airflow/example_dags/example_task_group_decorator.py
[2025-07-03T17:55:44.426+0000] {logging_mixin.py:188} INFO - [2025-07-03T17:55:44.426+0000] {dag.py:3036} INFO - Sync 1 DAGs
[2025-07-03T17:55:44.457+0000] {logging_mixin.py:188} INFO - [2025-07-03T17:55:44.457+0000] {dag.py:3823} INFO - Setting next_dagrun for example_task_group_decorator to 2025-07-02 00:00:00+00:00, run_after=2025-07-03 00:00:00+00:00
[2025-07-03T17:55:44.481+0000] {processor.py:183} INFO - Processing /home/airflow/.local/lib/python3.8/site-packages/airflow/example_dags/example_task_group_decorator.py took 0.116 seconds
[2025-07-03T17:56:14.698+0000] {processor.py:161} INFO - Started process (PID=2820) to work on /home/airflow/.local/lib/python3.8/site-packages/airflow/example_dags/example_task_group_decorator.py
[2025-07-03T17:56:14.700+0000] {processor.py:830} INFO - Processing file /home/airflow/.local/lib/python3.8/site-packages/airflow/example_dags/example_task_group_decorator.py for tasks to queue
[2025-07-03T17:56:14.702+0000] {logging_mixin.py:188} INFO - [2025-07-03T17:56:14.702+0000] {dagbag.py:538} INFO - Filling up the DagBag from /home/airflow/.local/lib/python3.8/site-packages/airflow/example_dags/example_task_group_decorator.py
[2025-07-03T17:56:14.734+0000] {processor.py:840} INFO - DAG(s) 'example_task_group_decorator' retrieved from /home/airflow/.local/lib/python3.8/site-packages/airflow/example_dags/example_task_group_decorator.py
[2025-07-03T17:56:14.789+0000] {logging_mixin.py:188} INFO - [2025-07-03T17:56:14.789+0000] {dag.py:3036} INFO - Sync 1 DAGs
[2025-07-03T17:56:14.851+0000] {logging_mixin.py:188} INFO - [2025-07-03T17:56:14.851+0000] {dag.py:3823} INFO - Setting next_dagrun for example_task_group_decorator to 2025-07-02 00:00:00+00:00, run_after=2025-07-03 00:00:00+00:00
[2025-07-03T17:56:14.895+0000] {processor.py:183} INFO - Processing /home/airflow/.local/lib/python3.8/site-packages/airflow/example_dags/example_task_group_decorator.py took 0.201 seconds
[2025-07-03T17:56:45.601+0000] {processor.py:161} INFO - Started process (PID=2885) to work on /home/airflow/.local/lib/python3.8/site-packages/airflow/example_dags/example_task_group_decorator.py
[2025-07-03T17:56:45.609+0000] {processor.py:830} INFO - Processing file /home/airflow/.local/lib/python3.8/site-packages/airflow/example_dags/example_task_group_decorator.py for tasks to queue
[2025-07-03T17:56:45.612+0000] {logging_mixin.py:188} INFO - [2025-07-03T17:56:45.612+0000] {dagbag.py:538} INFO - Filling up the DagBag from /home/airflow/.local/lib/python3.8/site-packages/airflow/example_dags/example_task_group_decorator.py
[2025-07-03T17:56:45.728+0000] {processor.py:840} INFO - DAG(s) 'example_task_group_decorator' retrieved from /home/airflow/.local/lib/python3.8/site-packages/airflow/example_dags/example_task_group_decorator.py
[2025-07-03T17:56:45.918+0000] {logging_mixin.py:188} INFO - [2025-07-03T17:56:45.918+0000] {dag.py:3036} INFO - Sync 1 DAGs
[2025-07-03T17:56:46.062+0000] {logging_mixin.py:188} INFO - [2025-07-03T17:56:46.062+0000] {dag.py:3823} INFO - Setting next_dagrun for example_task_group_decorator to 2025-07-02 00:00:00+00:00, run_after=2025-07-03 00:00:00+00:00
[2025-07-03T17:56:46.134+0000] {processor.py:183} INFO - Processing /home/airflow/.local/lib/python3.8/site-packages/airflow/example_dags/example_task_group_decorator.py took 0.546 seconds
[2025-07-03T17:57:16.679+0000] {processor.py:161} INFO - Started process (PID=2941) to work on /home/airflow/.local/lib/python3.8/site-packages/airflow/example_dags/example_task_group_decorator.py
[2025-07-03T17:57:16.681+0000] {processor.py:830} INFO - Processing file /home/airflow/.local/lib/python3.8/site-packages/airflow/example_dags/example_task_group_decorator.py for tasks to queue
[2025-07-03T17:57:16.684+0000] {logging_mixin.py:188} INFO - [2025-07-03T17:57:16.684+0000] {dagbag.py:538} INFO - Filling up the DagBag from /home/airflow/.local/lib/python3.8/site-packages/airflow/example_dags/example_task_group_decorator.py
[2025-07-03T17:57:16.717+0000] {processor.py:840} INFO - DAG(s) 'example_task_group_decorator' retrieved from /home/airflow/.local/lib/python3.8/site-packages/airflow/example_dags/example_task_group_decorator.py
[2025-07-03T17:57:16.810+0000] {logging_mixin.py:188} INFO - [2025-07-03T17:57:16.809+0000] {dag.py:3036} INFO - Sync 1 DAGs
[2025-07-03T17:57:16.894+0000] {logging_mixin.py:188} INFO - [2025-07-03T17:57:16.894+0000] {dag.py:3823} INFO - Setting next_dagrun for example_task_group_decorator to 2025-07-02 00:00:00+00:00, run_after=2025-07-03 00:00:00+00:00
[2025-07-03T17:57:16.973+0000] {processor.py:183} INFO - Processing /home/airflow/.local/lib/python3.8/site-packages/airflow/example_dags/example_task_group_decorator.py took 0.299 seconds
[2025-07-03T17:57:47.202+0000] {processor.py:161} INFO - Started process (PID=3005) to work on /home/airflow/.local/lib/python3.8/site-packages/airflow/example_dags/example_task_group_decorator.py
[2025-07-03T17:57:47.214+0000] {processor.py:830} INFO - Processing file /home/airflow/.local/lib/python3.8/site-packages/airflow/example_dags/example_task_group_decorator.py for tasks to queue
[2025-07-03T17:57:47.222+0000] {logging_mixin.py:188} INFO - [2025-07-03T17:57:47.221+0000] {dagbag.py:538} INFO - Filling up the DagBag from /home/airflow/.local/lib/python3.8/site-packages/airflow/example_dags/example_task_group_decorator.py
[2025-07-03T17:57:47.381+0000] {processor.py:840} INFO - DAG(s) 'example_task_group_decorator' retrieved from /home/airflow/.local/lib/python3.8/site-packages/airflow/example_dags/example_task_group_decorator.py
[2025-07-03T17:57:47.479+0000] {logging_mixin.py:188} INFO - [2025-07-03T17:57:47.479+0000] {dag.py:3036} INFO - Sync 1 DAGs
[2025-07-03T17:57:47.606+0000] {logging_mixin.py:188} INFO - [2025-07-03T17:57:47.606+0000] {dag.py:3823} INFO - Setting next_dagrun for example_task_group_decorator to 2025-07-02 00:00:00+00:00, run_after=2025-07-03 00:00:00+00:00
[2025-07-03T17:57:47.666+0000] {processor.py:183} INFO - Processing /home/airflow/.local/lib/python3.8/site-packages/airflow/example_dags/example_task_group_decorator.py took 0.493 seconds
[2025-07-03T17:58:18.302+0000] {processor.py:161} INFO - Started process (PID=3070) to work on /home/airflow/.local/lib/python3.8/site-packages/airflow/example_dags/example_task_group_decorator.py
[2025-07-03T17:58:18.309+0000] {processor.py:830} INFO - Processing file /home/airflow/.local/lib/python3.8/site-packages/airflow/example_dags/example_task_group_decorator.py for tasks to queue
[2025-07-03T17:58:18.311+0000] {logging_mixin.py:188} INFO - [2025-07-03T17:58:18.311+0000] {dagbag.py:538} INFO - Filling up the DagBag from /home/airflow/.local/lib/python3.8/site-packages/airflow/example_dags/example_task_group_decorator.py
[2025-07-03T17:58:18.375+0000] {processor.py:840} INFO - DAG(s) 'example_task_group_decorator' retrieved from /home/airflow/.local/lib/python3.8/site-packages/airflow/example_dags/example_task_group_decorator.py
[2025-07-03T17:58:18.470+0000] {logging_mixin.py:188} INFO - [2025-07-03T17:58:18.469+0000] {dag.py:3036} INFO - Sync 1 DAGs
[2025-07-03T17:58:18.527+0000] {logging_mixin.py:188} INFO - [2025-07-03T17:58:18.527+0000] {dag.py:3823} INFO - Setting next_dagrun for example_task_group_decorator to 2025-07-02 00:00:00+00:00, run_after=2025-07-03 00:00:00+00:00
[2025-07-03T17:58:18.557+0000] {processor.py:183} INFO - Processing /home/airflow/.local/lib/python3.8/site-packages/airflow/example_dags/example_task_group_decorator.py took 0.261 seconds
[2025-07-03T17:58:49.189+0000] {processor.py:161} INFO - Started process (PID=3136) to work on /home/airflow/.local/lib/python3.8/site-packages/airflow/example_dags/example_task_group_decorator.py
[2025-07-03T17:58:49.196+0000] {processor.py:830} INFO - Processing file /home/airflow/.local/lib/python3.8/site-packages/airflow/example_dags/example_task_group_decorator.py for tasks to queue
[2025-07-03T17:58:49.199+0000] {logging_mixin.py:188} INFO - [2025-07-03T17:58:49.198+0000] {dagbag.py:538} INFO - Filling up the DagBag from /home/airflow/.local/lib/python3.8/site-packages/airflow/example_dags/example_task_group_decorator.py
[2025-07-03T17:58:49.251+0000] {processor.py:840} INFO - DAG(s) 'example_task_group_decorator' retrieved from /home/airflow/.local/lib/python3.8/site-packages/airflow/example_dags/example_task_group_decorator.py
[2025-07-03T17:58:49.339+0000] {logging_mixin.py:188} INFO - [2025-07-03T17:58:49.339+0000] {dag.py:3036} INFO - Sync 1 DAGs
[2025-07-03T17:58:49.434+0000] {logging_mixin.py:188} INFO - [2025-07-03T17:58:49.434+0000] {dag.py:3823} INFO - Setting next_dagrun for example_task_group_decorator to 2025-07-02 00:00:00+00:00, run_after=2025-07-03 00:00:00+00:00
[2025-07-03T17:58:49.482+0000] {processor.py:183} INFO - Processing /home/airflow/.local/lib/python3.8/site-packages/airflow/example_dags/example_task_group_decorator.py took 0.301 seconds
[2025-07-03T17:59:19.879+0000] {processor.py:161} INFO - Started process (PID=3201) to work on /home/airflow/.local/lib/python3.8/site-packages/airflow/example_dags/example_task_group_decorator.py
[2025-07-03T17:59:19.883+0000] {processor.py:830} INFO - Processing file /home/airflow/.local/lib/python3.8/site-packages/airflow/example_dags/example_task_group_decorator.py for tasks to queue
[2025-07-03T17:59:19.886+0000] {logging_mixin.py:188} INFO - [2025-07-03T17:59:19.885+0000] {dagbag.py:538} INFO - Filling up the DagBag from /home/airflow/.local/lib/python3.8/site-packages/airflow/example_dags/example_task_group_decorator.py
[2025-07-03T17:59:19.962+0000] {processor.py:840} INFO - DAG(s) 'example_task_group_decorator' retrieved from /home/airflow/.local/lib/python3.8/site-packages/airflow/example_dags/example_task_group_decorator.py
[2025-07-03T17:59:20.044+0000] {logging_mixin.py:188} INFO - [2025-07-03T17:59:20.043+0000] {dag.py:3036} INFO - Sync 1 DAGs
[2025-07-03T17:59:20.086+0000] {logging_mixin.py:188} INFO - [2025-07-03T17:59:20.086+0000] {dag.py:3823} INFO - Setting next_dagrun for example_task_group_decorator to 2025-07-02 00:00:00+00:00, run_after=2025-07-03 00:00:00+00:00
[2025-07-03T17:59:20.126+0000] {processor.py:183} INFO - Processing /home/airflow/.local/lib/python3.8/site-packages/airflow/example_dags/example_task_group_decorator.py took 0.261 seconds
[2025-07-03T17:59:50.438+0000] {processor.py:161} INFO - Started process (PID=3265) to work on /home/airflow/.local/lib/python3.8/site-packages/airflow/example_dags/example_task_group_decorator.py
[2025-07-03T17:59:50.440+0000] {processor.py:830} INFO - Processing file /home/airflow/.local/lib/python3.8/site-packages/airflow/example_dags/example_task_group_decorator.py for tasks to queue
[2025-07-03T17:59:50.442+0000] {logging_mixin.py:188} INFO - [2025-07-03T17:59:50.442+0000] {dagbag.py:538} INFO - Filling up the DagBag from /home/airflow/.local/lib/python3.8/site-packages/airflow/example_dags/example_task_group_decorator.py
[2025-07-03T17:59:50.471+0000] {processor.py:840} INFO - DAG(s) 'example_task_group_decorator' retrieved from /home/airflow/.local/lib/python3.8/site-packages/airflow/example_dags/example_task_group_decorator.py
[2025-07-03T17:59:50.549+0000] {logging_mixin.py:188} INFO - [2025-07-03T17:59:50.549+0000] {dag.py:3036} INFO - Sync 1 DAGs
[2025-07-03T17:59:50.633+0000] {logging_mixin.py:188} INFO - [2025-07-03T17:59:50.628+0000] {dag.py:3823} INFO - Setting next_dagrun for example_task_group_decorator to 2025-07-02 00:00:00+00:00, run_after=2025-07-03 00:00:00+00:00
[2025-07-03T17:59:50.690+0000] {processor.py:183} INFO - Processing /home/airflow/.local/lib/python3.8/site-packages/airflow/example_dags/example_task_group_decorator.py took 0.261 seconds
[2025-07-03T18:00:20.965+0000] {processor.py:161} INFO - Started process (PID=3329) to work on /home/airflow/.local/lib/python3.8/site-packages/airflow/example_dags/example_task_group_decorator.py
[2025-07-03T18:00:20.967+0000] {processor.py:830} INFO - Processing file /home/airflow/.local/lib/python3.8/site-packages/airflow/example_dags/example_task_group_decorator.py for tasks to queue
[2025-07-03T18:00:20.970+0000] {logging_mixin.py:188} INFO - [2025-07-03T18:00:20.969+0000] {dagbag.py:538} INFO - Filling up the DagBag from /home/airflow/.local/lib/python3.8/site-packages/airflow/example_dags/example_task_group_decorator.py
[2025-07-03T18:00:21.014+0000] {processor.py:840} INFO - DAG(s) 'example_task_group_decorator' retrieved from /home/airflow/.local/lib/python3.8/site-packages/airflow/example_dags/example_task_group_decorator.py
[2025-07-03T18:00:21.197+0000] {logging_mixin.py:188} INFO - [2025-07-03T18:00:21.192+0000] {dag.py:3036} INFO - Sync 1 DAGs
[2025-07-03T18:00:21.333+0000] {logging_mixin.py:188} INFO - [2025-07-03T18:00:21.332+0000] {dag.py:3823} INFO - Setting next_dagrun for example_task_group_decorator to 2025-07-02 00:00:00+00:00, run_after=2025-07-03 00:00:00+00:00
[2025-07-03T18:00:21.375+0000] {processor.py:183} INFO - Processing /home/airflow/.local/lib/python3.8/site-packages/airflow/example_dags/example_task_group_decorator.py took 0.427 seconds
[2025-07-03T18:00:52.004+0000] {processor.py:161} INFO - Started process (PID=3386) to work on /home/airflow/.local/lib/python3.8/site-packages/airflow/example_dags/example_task_group_decorator.py
[2025-07-03T18:00:52.005+0000] {processor.py:830} INFO - Processing file /home/airflow/.local/lib/python3.8/site-packages/airflow/example_dags/example_task_group_decorator.py for tasks to queue
[2025-07-03T18:00:52.008+0000] {logging_mixin.py:188} INFO - [2025-07-03T18:00:52.007+0000] {dagbag.py:538} INFO - Filling up the DagBag from /home/airflow/.local/lib/python3.8/site-packages/airflow/example_dags/example_task_group_decorator.py
[2025-07-03T18:00:52.056+0000] {processor.py:840} INFO - DAG(s) 'example_task_group_decorator' retrieved from /home/airflow/.local/lib/python3.8/site-packages/airflow/example_dags/example_task_group_decorator.py
[2025-07-03T18:00:52.105+0000] {logging_mixin.py:188} INFO - [2025-07-03T18:00:52.105+0000] {dag.py:3036} INFO - Sync 1 DAGs
[2025-07-03T18:00:52.143+0000] {logging_mixin.py:188} INFO - [2025-07-03T18:00:52.143+0000] {dag.py:3823} INFO - Setting next_dagrun for example_task_group_decorator to 2025-07-02 00:00:00+00:00, run_after=2025-07-03 00:00:00+00:00
[2025-07-03T18:00:52.173+0000] {processor.py:183} INFO - Processing /home/airflow/.local/lib/python3.8/site-packages/airflow/example_dags/example_task_group_decorator.py took 0.179 seconds
[2025-07-03T18:01:22.344+0000] {processor.py:161} INFO - Started process (PID=3451) to work on /home/airflow/.local/lib/python3.8/site-packages/airflow/example_dags/example_task_group_decorator.py
[2025-07-03T18:01:22.346+0000] {processor.py:830} INFO - Processing file /home/airflow/.local/lib/python3.8/site-packages/airflow/example_dags/example_task_group_decorator.py for tasks to queue
[2025-07-03T18:01:22.348+0000] {logging_mixin.py:188} INFO - [2025-07-03T18:01:22.348+0000] {dagbag.py:538} INFO - Filling up the DagBag from /home/airflow/.local/lib/python3.8/site-packages/airflow/example_dags/example_task_group_decorator.py
[2025-07-03T18:01:22.393+0000] {processor.py:840} INFO - DAG(s) 'example_task_group_decorator' retrieved from /home/airflow/.local/lib/python3.8/site-packages/airflow/example_dags/example_task_group_decorator.py
[2025-07-03T18:01:22.490+0000] {logging_mixin.py:188} INFO - [2025-07-03T18:01:22.489+0000] {dag.py:3036} INFO - Sync 1 DAGs
[2025-07-03T18:01:22.753+0000] {logging_mixin.py:188} INFO - [2025-07-03T18:01:22.753+0000] {dag.py:3823} INFO - Setting next_dagrun for example_task_group_decorator to 2025-07-02 00:00:00+00:00, run_after=2025-07-03 00:00:00+00:00
[2025-07-03T18:01:22.790+0000] {processor.py:183} INFO - Processing /home/airflow/.local/lib/python3.8/site-packages/airflow/example_dags/example_task_group_decorator.py took 0.452 seconds
[2025-07-03T18:01:53.016+0000] {processor.py:161} INFO - Started process (PID=3514) to work on /home/airflow/.local/lib/python3.8/site-packages/airflow/example_dags/example_task_group_decorator.py
[2025-07-03T18:01:53.018+0000] {processor.py:830} INFO - Processing file /home/airflow/.local/lib/python3.8/site-packages/airflow/example_dags/example_task_group_decorator.py for tasks to queue
[2025-07-03T18:01:53.020+0000] {logging_mixin.py:188} INFO - [2025-07-03T18:01:53.020+0000] {dagbag.py:538} INFO - Filling up the DagBag from /home/airflow/.local/lib/python3.8/site-packages/airflow/example_dags/example_task_group_decorator.py
[2025-07-03T18:01:53.049+0000] {processor.py:840} INFO - DAG(s) 'example_task_group_decorator' retrieved from /home/airflow/.local/lib/python3.8/site-packages/airflow/example_dags/example_task_group_decorator.py
[2025-07-03T18:01:53.092+0000] {logging_mixin.py:188} INFO - [2025-07-03T18:01:53.092+0000] {dag.py:3036} INFO - Sync 1 DAGs
[2025-07-03T18:01:53.133+0000] {logging_mixin.py:188} INFO - [2025-07-03T18:01:53.133+0000] {dag.py:3823} INFO - Setting next_dagrun for example_task_group_decorator to 2025-07-02 00:00:00+00:00, run_after=2025-07-03 00:00:00+00:00
[2025-07-03T18:01:53.164+0000] {processor.py:183} INFO - Processing /home/airflow/.local/lib/python3.8/site-packages/airflow/example_dags/example_task_group_decorator.py took 0.153 seconds
[2025-07-03T18:02:23.206+0000] {processor.py:161} INFO - Started process (PID=3571) to work on /home/airflow/.local/lib/python3.8/site-packages/airflow/example_dags/example_task_group_decorator.py
[2025-07-03T18:02:23.208+0000] {processor.py:830} INFO - Processing file /home/airflow/.local/lib/python3.8/site-packages/airflow/example_dags/example_task_group_decorator.py for tasks to queue
[2025-07-03T18:02:23.210+0000] {logging_mixin.py:188} INFO - [2025-07-03T18:02:23.209+0000] {dagbag.py:538} INFO - Filling up the DagBag from /home/airflow/.local/lib/python3.8/site-packages/airflow/example_dags/example_task_group_decorator.py
[2025-07-03T18:02:23.230+0000] {processor.py:840} INFO - DAG(s) 'example_task_group_decorator' retrieved from /home/airflow/.local/lib/python3.8/site-packages/airflow/example_dags/example_task_group_decorator.py
[2025-07-03T18:02:23.264+0000] {logging_mixin.py:188} INFO - [2025-07-03T18:02:23.264+0000] {dag.py:3036} INFO - Sync 1 DAGs
[2025-07-03T18:02:23.294+0000] {logging_mixin.py:188} INFO - [2025-07-03T18:02:23.294+0000] {dag.py:3823} INFO - Setting next_dagrun for example_task_group_decorator to 2025-07-02 00:00:00+00:00, run_after=2025-07-03 00:00:00+00:00
[2025-07-03T18:02:23.317+0000] {processor.py:183} INFO - Processing /home/airflow/.local/lib/python3.8/site-packages/airflow/example_dags/example_task_group_decorator.py took 0.114 seconds
[2025-07-03T18:02:54.734+0000] {processor.py:161} INFO - Started process (PID=3636) to work on /home/airflow/.local/lib/python3.8/site-packages/airflow/example_dags/example_task_group_decorator.py
[2025-07-03T18:02:54.749+0000] {processor.py:830} INFO - Processing file /home/airflow/.local/lib/python3.8/site-packages/airflow/example_dags/example_task_group_decorator.py for tasks to queue
[2025-07-03T18:02:54.760+0000] {logging_mixin.py:188} INFO - [2025-07-03T18:02:54.757+0000] {dagbag.py:538} INFO - Filling up the DagBag from /home/airflow/.local/lib/python3.8/site-packages/airflow/example_dags/example_task_group_decorator.py
[2025-07-03T18:02:54.874+0000] {processor.py:840} INFO - DAG(s) 'example_task_group_decorator' retrieved from /home/airflow/.local/lib/python3.8/site-packages/airflow/example_dags/example_task_group_decorator.py
[2025-07-03T18:02:55.519+0000] {logging_mixin.py:188} INFO - [2025-07-03T18:02:55.517+0000] {dag.py:3036} INFO - Sync 1 DAGs
[2025-07-03T18:02:55.719+0000] {logging_mixin.py:188} INFO - [2025-07-03T18:02:55.719+0000] {dag.py:3823} INFO - Setting next_dagrun for example_task_group_decorator to 2025-07-02 00:00:00+00:00, run_after=2025-07-03 00:00:00+00:00
[2025-07-03T18:02:55.806+0000] {processor.py:183} INFO - Processing /home/airflow/.local/lib/python3.8/site-packages/airflow/example_dags/example_task_group_decorator.py took 1.093 seconds
[2025-07-03T18:03:42.810+0000] {processor.py:161} INFO - Started process (PID=3701) to work on /home/airflow/.local/lib/python3.8/site-packages/airflow/example_dags/example_task_group_decorator.py
[2025-07-03T18:03:42.901+0000] {processor.py:830} INFO - Processing file /home/airflow/.local/lib/python3.8/site-packages/airflow/example_dags/example_task_group_decorator.py for tasks to queue
[2025-07-03T18:03:42.950+0000] {logging_mixin.py:188} INFO - [2025-07-03T18:03:42.949+0000] {dagbag.py:538} INFO - Filling up the DagBag from /home/airflow/.local/lib/python3.8/site-packages/airflow/example_dags/example_task_group_decorator.py
[2025-07-03T18:03:43.297+0000] {processor.py:840} INFO - DAG(s) 'example_task_group_decorator' retrieved from /home/airflow/.local/lib/python3.8/site-packages/airflow/example_dags/example_task_group_decorator.py
[2025-07-03T18:03:44.154+0000] {logging_mixin.py:188} INFO - [2025-07-03T18:03:44.153+0000] {dag.py:3036} INFO - Sync 1 DAGs
[2025-07-03T18:03:46.954+0000] {logging_mixin.py:188} INFO - [2025-07-03T18:03:46.954+0000] {dag.py:3823} INFO - Setting next_dagrun for example_task_group_decorator to 2025-07-02 00:00:00+00:00, run_after=2025-07-03 00:00:00+00:00
[2025-07-03T18:03:47.630+0000] {processor.py:183} INFO - Processing /home/airflow/.local/lib/python3.8/site-packages/airflow/example_dags/example_task_group_decorator.py took 4.932 seconds
[2025-07-03T18:05:31.366+0000] {processor.py:161} INFO - Started process (PID=3798) to work on /home/airflow/.local/lib/python3.8/site-packages/airflow/example_dags/example_task_group_decorator.py
[2025-07-03T18:05:31.419+0000] {processor.py:830} INFO - Processing file /home/airflow/.local/lib/python3.8/site-packages/airflow/example_dags/example_task_group_decorator.py for tasks to queue
[2025-07-03T18:05:31.482+0000] {logging_mixin.py:188} INFO - [2025-07-03T18:05:31.481+0000] {dagbag.py:538} INFO - Filling up the DagBag from /home/airflow/.local/lib/python3.8/site-packages/airflow/example_dags/example_task_group_decorator.py
[2025-07-03T18:05:32.587+0000] {processor.py:840} INFO - DAG(s) 'example_task_group_decorator' retrieved from /home/airflow/.local/lib/python3.8/site-packages/airflow/example_dags/example_task_group_decorator.py
[2025-07-03T18:05:33.774+0000] {logging_mixin.py:188} INFO - [2025-07-03T18:05:33.773+0000] {dag.py:3036} INFO - Sync 1 DAGs
[2025-07-03T18:05:35.045+0000] {logging_mixin.py:188} INFO - [2025-07-03T18:05:35.045+0000] {dag.py:3823} INFO - Setting next_dagrun for example_task_group_decorator to 2025-07-02 00:00:00+00:00, run_after=2025-07-03 00:00:00+00:00
[2025-07-03T18:05:35.801+0000] {processor.py:183} INFO - Processing /home/airflow/.local/lib/python3.8/site-packages/airflow/example_dags/example_task_group_decorator.py took 4.544 seconds
[2025-07-03T18:08:45.609+0000] {processor.py:161} INFO - Started process (PID=3931) to work on /home/airflow/.local/lib/python3.8/site-packages/airflow/example_dags/example_task_group_decorator.py
[2025-07-03T18:08:45.698+0000] {processor.py:830} INFO - Processing file /home/airflow/.local/lib/python3.8/site-packages/airflow/example_dags/example_task_group_decorator.py for tasks to queue
[2025-07-03T18:08:45.766+0000] {logging_mixin.py:188} INFO - [2025-07-03T18:08:45.766+0000] {dagbag.py:538} INFO - Filling up the DagBag from /home/airflow/.local/lib/python3.8/site-packages/airflow/example_dags/example_task_group_decorator.py
[2025-07-03T18:08:47.979+0000] {processor.py:840} INFO - DAG(s) 'example_task_group_decorator' retrieved from /home/airflow/.local/lib/python3.8/site-packages/airflow/example_dags/example_task_group_decorator.py
[2025-07-03T18:15:09.835+0000] {logging_mixin.py:188} INFO - [2025-07-03T18:15:09.489+0000] {dag.py:3036} INFO - Sync 1 DAGs
[2025-07-03T18:15:17.154+0000] {logging_mixin.py:188} INFO - [2025-07-03T18:15:17.154+0000] {dag.py:3823} INFO - Setting next_dagrun for example_task_group_decorator to 2025-07-02 00:00:00+00:00, run_after=2025-07-03 00:00:00+00:00
[2025-07-03T18:15:23.267+0000] {processor.py:183} INFO - Processing /home/airflow/.local/lib/python3.8/site-packages/airflow/example_dags/example_task_group_decorator.py took 397.951 seconds
[2025-07-03T18:21:12.567+0000] {processor.py:161} INFO - Started process (PID=110) to work on /home/airflow/.local/lib/python3.8/site-packages/airflow/example_dags/example_task_group_decorator.py
[2025-07-03T18:21:12.570+0000] {processor.py:830} INFO - Processing file /home/airflow/.local/lib/python3.8/site-packages/airflow/example_dags/example_task_group_decorator.py for tasks to queue
[2025-07-03T18:21:12.573+0000] {logging_mixin.py:188} INFO - [2025-07-03T18:21:12.573+0000] {dagbag.py:538} INFO - Filling up the DagBag from /home/airflow/.local/lib/python3.8/site-packages/airflow/example_dags/example_task_group_decorator.py
[2025-07-03T18:21:12.604+0000] {processor.py:840} INFO - DAG(s) 'example_task_group_decorator' retrieved from /home/airflow/.local/lib/python3.8/site-packages/airflow/example_dags/example_task_group_decorator.py
[2025-07-03T18:21:12.650+0000] {logging_mixin.py:188} INFO - [2025-07-03T18:21:12.650+0000] {dag.py:3036} INFO - Sync 1 DAGs
[2025-07-03T18:21:12.693+0000] {logging_mixin.py:188} INFO - [2025-07-03T18:21:12.692+0000] {dag.py:3823} INFO - Setting next_dagrun for example_task_group_decorator to 2025-07-02 00:00:00+00:00, run_after=2025-07-03 00:00:00+00:00
[2025-07-03T18:21:12.722+0000] {processor.py:183} INFO - Processing /home/airflow/.local/lib/python3.8/site-packages/airflow/example_dags/example_task_group_decorator.py took 0.160 seconds
[2025-07-03T18:21:43.615+0000] {processor.py:161} INFO - Started process (PID=175) to work on /home/airflow/.local/lib/python3.8/site-packages/airflow/example_dags/example_task_group_decorator.py
[2025-07-03T18:21:43.617+0000] {processor.py:830} INFO - Processing file /home/airflow/.local/lib/python3.8/site-packages/airflow/example_dags/example_task_group_decorator.py for tasks to queue
[2025-07-03T18:21:43.619+0000] {logging_mixin.py:188} INFO - [2025-07-03T18:21:43.619+0000] {dagbag.py:538} INFO - Filling up the DagBag from /home/airflow/.local/lib/python3.8/site-packages/airflow/example_dags/example_task_group_decorator.py
[2025-07-03T18:21:43.649+0000] {processor.py:840} INFO - DAG(s) 'example_task_group_decorator' retrieved from /home/airflow/.local/lib/python3.8/site-packages/airflow/example_dags/example_task_group_decorator.py
[2025-07-03T18:21:43.696+0000] {logging_mixin.py:188} INFO - [2025-07-03T18:21:43.695+0000] {dag.py:3036} INFO - Sync 1 DAGs
[2025-07-03T18:21:43.739+0000] {logging_mixin.py:188} INFO - [2025-07-03T18:21:43.738+0000] {dag.py:3823} INFO - Setting next_dagrun for example_task_group_decorator to 2025-07-02 00:00:00+00:00, run_after=2025-07-03 00:00:00+00:00
[2025-07-03T18:21:43.771+0000] {processor.py:183} INFO - Processing /home/airflow/.local/lib/python3.8/site-packages/airflow/example_dags/example_task_group_decorator.py took 0.161 seconds
[2025-07-03T18:22:13.932+0000] {processor.py:161} INFO - Started process (PID=240) to work on /home/airflow/.local/lib/python3.8/site-packages/airflow/example_dags/example_task_group_decorator.py
[2025-07-03T18:22:13.935+0000] {processor.py:830} INFO - Processing file /home/airflow/.local/lib/python3.8/site-packages/airflow/example_dags/example_task_group_decorator.py for tasks to queue
[2025-07-03T18:22:13.938+0000] {logging_mixin.py:188} INFO - [2025-07-03T18:22:13.938+0000] {dagbag.py:538} INFO - Filling up the DagBag from /home/airflow/.local/lib/python3.8/site-packages/airflow/example_dags/example_task_group_decorator.py
[2025-07-03T18:22:13.967+0000] {processor.py:840} INFO - DAG(s) 'example_task_group_decorator' retrieved from /home/airflow/.local/lib/python3.8/site-packages/airflow/example_dags/example_task_group_decorator.py
[2025-07-03T18:22:14.012+0000] {logging_mixin.py:188} INFO - [2025-07-03T18:22:14.012+0000] {dag.py:3036} INFO - Sync 1 DAGs
[2025-07-03T18:22:14.053+0000] {logging_mixin.py:188} INFO - [2025-07-03T18:22:14.053+0000] {dag.py:3823} INFO - Setting next_dagrun for example_task_group_decorator to 2025-07-02 00:00:00+00:00, run_after=2025-07-03 00:00:00+00:00
[2025-07-03T18:22:14.084+0000] {processor.py:183} INFO - Processing /home/airflow/.local/lib/python3.8/site-packages/airflow/example_dags/example_task_group_decorator.py took 0.157 seconds
[2025-07-03T18:22:44.618+0000] {processor.py:161} INFO - Started process (PID=307) to work on /home/airflow/.local/lib/python3.8/site-packages/airflow/example_dags/example_task_group_decorator.py
[2025-07-03T18:22:44.619+0000] {processor.py:830} INFO - Processing file /home/airflow/.local/lib/python3.8/site-packages/airflow/example_dags/example_task_group_decorator.py for tasks to queue
[2025-07-03T18:22:44.630+0000] {logging_mixin.py:188} INFO - [2025-07-03T18:22:44.629+0000] {dagbag.py:538} INFO - Filling up the DagBag from /home/airflow/.local/lib/python3.8/site-packages/airflow/example_dags/example_task_group_decorator.py
[2025-07-03T18:22:44.691+0000] {processor.py:840} INFO - DAG(s) 'example_task_group_decorator' retrieved from /home/airflow/.local/lib/python3.8/site-packages/airflow/example_dags/example_task_group_decorator.py
[2025-07-03T18:22:44.751+0000] {logging_mixin.py:188} INFO - [2025-07-03T18:22:44.750+0000] {dag.py:3036} INFO - Sync 1 DAGs
[2025-07-03T18:22:44.816+0000] {logging_mixin.py:188} INFO - [2025-07-03T18:22:44.816+0000] {dag.py:3823} INFO - Setting next_dagrun for example_task_group_decorator to 2025-07-02 00:00:00+00:00, run_after=2025-07-03 00:00:00+00:00
[2025-07-03T18:22:44.865+0000] {processor.py:183} INFO - Processing /home/airflow/.local/lib/python3.8/site-packages/airflow/example_dags/example_task_group_decorator.py took 0.251 seconds
[2025-07-03T18:23:15.260+0000] {processor.py:161} INFO - Started process (PID=373) to work on /home/airflow/.local/lib/python3.8/site-packages/airflow/example_dags/example_task_group_decorator.py
[2025-07-03T18:23:15.266+0000] {processor.py:830} INFO - Processing file /home/airflow/.local/lib/python3.8/site-packages/airflow/example_dags/example_task_group_decorator.py for tasks to queue
[2025-07-03T18:23:15.274+0000] {logging_mixin.py:188} INFO - [2025-07-03T18:23:15.273+0000] {dagbag.py:538} INFO - Filling up the DagBag from /home/airflow/.local/lib/python3.8/site-packages/airflow/example_dags/example_task_group_decorator.py
[2025-07-03T18:23:15.360+0000] {processor.py:840} INFO - DAG(s) 'example_task_group_decorator' retrieved from /home/airflow/.local/lib/python3.8/site-packages/airflow/example_dags/example_task_group_decorator.py
[2025-07-03T18:23:15.417+0000] {logging_mixin.py:188} INFO - [2025-07-03T18:23:15.417+0000] {dag.py:3036} INFO - Sync 1 DAGs
[2025-07-03T18:23:15.459+0000] {logging_mixin.py:188} INFO - [2025-07-03T18:23:15.459+0000] {dag.py:3823} INFO - Setting next_dagrun for example_task_group_decorator to 2025-07-02 00:00:00+00:00, run_after=2025-07-03 00:00:00+00:00
[2025-07-03T18:23:15.491+0000] {processor.py:183} INFO - Processing /home/airflow/.local/lib/python3.8/site-packages/airflow/example_dags/example_task_group_decorator.py took 0.257 seconds
[2025-07-03T18:23:45.700+0000] {processor.py:161} INFO - Started process (PID=438) to work on /home/airflow/.local/lib/python3.8/site-packages/airflow/example_dags/example_task_group_decorator.py
[2025-07-03T18:23:45.717+0000] {processor.py:830} INFO - Processing file /home/airflow/.local/lib/python3.8/site-packages/airflow/example_dags/example_task_group_decorator.py for tasks to queue
[2025-07-03T18:23:45.722+0000] {logging_mixin.py:188} INFO - [2025-07-03T18:23:45.721+0000] {dagbag.py:538} INFO - Filling up the DagBag from /home/airflow/.local/lib/python3.8/site-packages/airflow/example_dags/example_task_group_decorator.py
[2025-07-03T18:23:45.781+0000] {processor.py:840} INFO - DAG(s) 'example_task_group_decorator' retrieved from /home/airflow/.local/lib/python3.8/site-packages/airflow/example_dags/example_task_group_decorator.py
[2025-07-03T18:23:45.832+0000] {logging_mixin.py:188} INFO - [2025-07-03T18:23:45.832+0000] {dag.py:3036} INFO - Sync 1 DAGs
[2025-07-03T18:23:45.906+0000] {logging_mixin.py:188} INFO - [2025-07-03T18:23:45.905+0000] {dag.py:3823} INFO - Setting next_dagrun for example_task_group_decorator to 2025-07-02 00:00:00+00:00, run_after=2025-07-03 00:00:00+00:00
[2025-07-03T18:23:45.966+0000] {processor.py:183} INFO - Processing /home/airflow/.local/lib/python3.8/site-packages/airflow/example_dags/example_task_group_decorator.py took 0.271 seconds
[2025-07-03T18:24:16.498+0000] {processor.py:161} INFO - Started process (PID=504) to work on /home/airflow/.local/lib/python3.8/site-packages/airflow/example_dags/example_task_group_decorator.py
[2025-07-03T18:24:16.501+0000] {processor.py:830} INFO - Processing file /home/airflow/.local/lib/python3.8/site-packages/airflow/example_dags/example_task_group_decorator.py for tasks to queue
[2025-07-03T18:24:16.505+0000] {logging_mixin.py:188} INFO - [2025-07-03T18:24:16.504+0000] {dagbag.py:538} INFO - Filling up the DagBag from /home/airflow/.local/lib/python3.8/site-packages/airflow/example_dags/example_task_group_decorator.py
[2025-07-03T18:24:16.533+0000] {processor.py:840} INFO - DAG(s) 'example_task_group_decorator' retrieved from /home/airflow/.local/lib/python3.8/site-packages/airflow/example_dags/example_task_group_decorator.py
[2025-07-03T18:24:16.577+0000] {logging_mixin.py:188} INFO - [2025-07-03T18:24:16.577+0000] {dag.py:3036} INFO - Sync 1 DAGs
[2025-07-03T18:24:16.619+0000] {logging_mixin.py:188} INFO - [2025-07-03T18:24:16.619+0000] {dag.py:3823} INFO - Setting next_dagrun for example_task_group_decorator to 2025-07-02 00:00:00+00:00, run_after=2025-07-03 00:00:00+00:00
[2025-07-03T18:24:16.649+0000] {processor.py:183} INFO - Processing /home/airflow/.local/lib/python3.8/site-packages/airflow/example_dags/example_task_group_decorator.py took 0.156 seconds
