[2025-07-03T17:35:50.963+0000] {processor.py:161} INFO - Started process (PID=256) to work on /home/airflow/.local/lib/python3.8/site-packages/airflow/example_dags/example_branch_operator.py
[2025-07-03T17:35:50.965+0000] {processor.py:830} INFO - Processing file /home/airflow/.local/lib/python3.8/site-packages/airflow/example_dags/example_branch_operator.py for tasks to queue
[2025-07-03T17:35:50.982+0000] {logging_mixin.py:188} INFO - [2025-07-03T17:35:50.981+0000] {dagbag.py:538} INFO - Filling up the DagBag from /home/airflow/.local/lib/python3.8/site-packages/airflow/example_dags/example_branch_operator.py
[2025-07-03T17:35:51.193+0000] {processor.py:840} INFO - DAG(s) 'example_branch_operator' retrieved from /home/airflow/.local/lib/python3.8/site-packages/airflow/example_dags/example_branch_operator.py
[2025-07-03T17:35:52.462+0000] {logging_mixin.py:188} INFO - [2025-07-03T17:35:52.461+0000] {dag.py:3036} INFO - Sync 1 DAGs
[2025-07-03T17:35:52.627+0000] {logging_mixin.py:188} INFO - [2025-07-03T17:35:52.627+0000] {dag.py:3823} INFO - Setting next_dagrun for example_branch_operator to 2025-07-02 00:00:00+00:00, run_after=2025-07-03 00:00:00+00:00
[2025-07-03T17:35:53.003+0000] {processor.py:183} INFO - Processing /home/airflow/.local/lib/python3.8/site-packages/airflow/example_dags/example_branch_operator.py took 2.069 seconds
[2025-07-03T17:36:23.177+0000] {processor.py:161} INFO - Started process (PID=314) to work on /home/airflow/.local/lib/python3.8/site-packages/airflow/example_dags/example_branch_operator.py
[2025-07-03T17:36:23.178+0000] {processor.py:830} INFO - Processing file /home/airflow/.local/lib/python3.8/site-packages/airflow/example_dags/example_branch_operator.py for tasks to queue
[2025-07-03T17:36:23.181+0000] {logging_mixin.py:188} INFO - [2025-07-03T17:36:23.180+0000] {dagbag.py:538} INFO - Filling up the DagBag from /home/airflow/.local/lib/python3.8/site-packages/airflow/example_dags/example_branch_operator.py
[2025-07-03T17:36:23.213+0000] {processor.py:840} INFO - DAG(s) 'example_branch_operator' retrieved from /home/airflow/.local/lib/python3.8/site-packages/airflow/example_dags/example_branch_operator.py
[2025-07-03T17:36:23.266+0000] {logging_mixin.py:188} INFO - [2025-07-03T17:36:23.266+0000] {dag.py:3036} INFO - Sync 1 DAGs
[2025-07-03T17:36:23.313+0000] {logging_mixin.py:188} INFO - [2025-07-03T17:36:23.313+0000] {dag.py:3823} INFO - Setting next_dagrun for example_branch_operator to 2025-07-02 00:00:00+00:00, run_after=2025-07-03 00:00:00+00:00
[2025-07-03T17:36:23.346+0000] {processor.py:183} INFO - Processing /home/airflow/.local/lib/python3.8/site-packages/airflow/example_dags/example_branch_operator.py took 0.173 seconds
[2025-07-03T17:36:53.705+0000] {processor.py:161} INFO - Started process (PID=379) to work on /home/airflow/.local/lib/python3.8/site-packages/airflow/example_dags/example_branch_operator.py
[2025-07-03T17:36:53.730+0000] {processor.py:830} INFO - Processing file /home/airflow/.local/lib/python3.8/site-packages/airflow/example_dags/example_branch_operator.py for tasks to queue
[2025-07-03T17:36:53.750+0000] {logging_mixin.py:188} INFO - [2025-07-03T17:36:53.749+0000] {dagbag.py:538} INFO - Filling up the DagBag from /home/airflow/.local/lib/python3.8/site-packages/airflow/example_dags/example_branch_operator.py
[2025-07-03T17:36:53.860+0000] {processor.py:840} INFO - DAG(s) 'example_branch_operator' retrieved from /home/airflow/.local/lib/python3.8/site-packages/airflow/example_dags/example_branch_operator.py
[2025-07-03T17:36:54.120+0000] {logging_mixin.py:188} INFO - [2025-07-03T17:36:54.119+0000] {dag.py:3036} INFO - Sync 1 DAGs
[2025-07-03T17:36:54.283+0000] {logging_mixin.py:188} INFO - [2025-07-03T17:36:54.282+0000] {dag.py:3823} INFO - Setting next_dagrun for example_branch_operator to 2025-07-02 00:00:00+00:00, run_after=2025-07-03 00:00:00+00:00
[2025-07-03T17:36:54.374+0000] {processor.py:183} INFO - Processing /home/airflow/.local/lib/python3.8/site-packages/airflow/example_dags/example_branch_operator.py took 0.740 seconds
[2025-07-03T17:37:24.650+0000] {processor.py:161} INFO - Started process (PID=435) to work on /home/airflow/.local/lib/python3.8/site-packages/airflow/example_dags/example_branch_operator.py
[2025-07-03T17:37:24.682+0000] {processor.py:830} INFO - Processing file /home/airflow/.local/lib/python3.8/site-packages/airflow/example_dags/example_branch_operator.py for tasks to queue
[2025-07-03T17:37:24.694+0000] {logging_mixin.py:188} INFO - [2025-07-03T17:37:24.693+0000] {dagbag.py:538} INFO - Filling up the DagBag from /home/airflow/.local/lib/python3.8/site-packages/airflow/example_dags/example_branch_operator.py
[2025-07-03T17:37:24.984+0000] {processor.py:840} INFO - DAG(s) 'example_branch_operator' retrieved from /home/airflow/.local/lib/python3.8/site-packages/airflow/example_dags/example_branch_operator.py
[2025-07-03T17:37:25.071+0000] {logging_mixin.py:188} INFO - [2025-07-03T17:37:25.070+0000] {dag.py:3036} INFO - Sync 1 DAGs
[2025-07-03T17:37:25.186+0000] {logging_mixin.py:188} INFO - [2025-07-03T17:37:25.186+0000] {dag.py:3823} INFO - Setting next_dagrun for example_branch_operator to 2025-07-02 00:00:00+00:00, run_after=2025-07-03 00:00:00+00:00
[2025-07-03T17:37:25.314+0000] {processor.py:183} INFO - Processing /home/airflow/.local/lib/python3.8/site-packages/airflow/example_dags/example_branch_operator.py took 0.685 seconds
[2025-07-03T17:37:55.612+0000] {processor.py:161} INFO - Started process (PID=499) to work on /home/airflow/.local/lib/python3.8/site-packages/airflow/example_dags/example_branch_operator.py
[2025-07-03T17:37:55.617+0000] {processor.py:830} INFO - Processing file /home/airflow/.local/lib/python3.8/site-packages/airflow/example_dags/example_branch_operator.py for tasks to queue
[2025-07-03T17:37:55.620+0000] {logging_mixin.py:188} INFO - [2025-07-03T17:37:55.619+0000] {dagbag.py:538} INFO - Filling up the DagBag from /home/airflow/.local/lib/python3.8/site-packages/airflow/example_dags/example_branch_operator.py
[2025-07-03T17:37:55.693+0000] {processor.py:840} INFO - DAG(s) 'example_branch_operator' retrieved from /home/airflow/.local/lib/python3.8/site-packages/airflow/example_dags/example_branch_operator.py
[2025-07-03T17:37:55.789+0000] {logging_mixin.py:188} INFO - [2025-07-03T17:37:55.788+0000] {dag.py:3036} INFO - Sync 1 DAGs
[2025-07-03T17:37:55.869+0000] {logging_mixin.py:188} INFO - [2025-07-03T17:37:55.869+0000] {dag.py:3823} INFO - Setting next_dagrun for example_branch_operator to 2025-07-02 00:00:00+00:00, run_after=2025-07-03 00:00:00+00:00
[2025-07-03T17:37:55.930+0000] {processor.py:183} INFO - Processing /home/airflow/.local/lib/python3.8/site-packages/airflow/example_dags/example_branch_operator.py took 0.339 seconds
[2025-07-03T17:38:26.350+0000] {processor.py:161} INFO - Started process (PID=556) to work on /home/airflow/.local/lib/python3.8/site-packages/airflow/example_dags/example_branch_operator.py
[2025-07-03T17:38:26.351+0000] {processor.py:830} INFO - Processing file /home/airflow/.local/lib/python3.8/site-packages/airflow/example_dags/example_branch_operator.py for tasks to queue
[2025-07-03T17:38:26.370+0000] {logging_mixin.py:188} INFO - [2025-07-03T17:38:26.369+0000] {dagbag.py:538} INFO - Filling up the DagBag from /home/airflow/.local/lib/python3.8/site-packages/airflow/example_dags/example_branch_operator.py
[2025-07-03T17:38:26.502+0000] {processor.py:840} INFO - DAG(s) 'example_branch_operator' retrieved from /home/airflow/.local/lib/python3.8/site-packages/airflow/example_dags/example_branch_operator.py
[2025-07-03T17:38:26.666+0000] {logging_mixin.py:188} INFO - [2025-07-03T17:38:26.665+0000] {dag.py:3036} INFO - Sync 1 DAGs
[2025-07-03T17:38:26.859+0000] {logging_mixin.py:188} INFO - [2025-07-03T17:38:26.859+0000] {dag.py:3823} INFO - Setting next_dagrun for example_branch_operator to 2025-07-02 00:00:00+00:00, run_after=2025-07-03 00:00:00+00:00
[2025-07-03T17:38:26.925+0000] {processor.py:183} INFO - Processing /home/airflow/.local/lib/python3.8/site-packages/airflow/example_dags/example_branch_operator.py took 0.612 seconds
[2025-07-03T17:38:57.892+0000] {processor.py:161} INFO - Started process (PID=620) to work on /home/airflow/.local/lib/python3.8/site-packages/airflow/example_dags/example_branch_operator.py
[2025-07-03T17:38:57.894+0000] {processor.py:830} INFO - Processing file /home/airflow/.local/lib/python3.8/site-packages/airflow/example_dags/example_branch_operator.py for tasks to queue
[2025-07-03T17:38:57.903+0000] {logging_mixin.py:188} INFO - [2025-07-03T17:38:57.896+0000] {dagbag.py:538} INFO - Filling up the DagBag from /home/airflow/.local/lib/python3.8/site-packages/airflow/example_dags/example_branch_operator.py
[2025-07-03T17:38:57.976+0000] {processor.py:840} INFO - DAG(s) 'example_branch_operator' retrieved from /home/airflow/.local/lib/python3.8/site-packages/airflow/example_dags/example_branch_operator.py
[2025-07-03T17:38:58.082+0000] {logging_mixin.py:188} INFO - [2025-07-03T17:38:58.081+0000] {dag.py:3036} INFO - Sync 1 DAGs
[2025-07-03T17:38:58.170+0000] {logging_mixin.py:188} INFO - [2025-07-03T17:38:58.169+0000] {dag.py:3823} INFO - Setting next_dagrun for example_branch_operator to 2025-07-02 00:00:00+00:00, run_after=2025-07-03 00:00:00+00:00
[2025-07-03T17:38:58.237+0000] {processor.py:183} INFO - Processing /home/airflow/.local/lib/python3.8/site-packages/airflow/example_dags/example_branch_operator.py took 0.358 seconds
[2025-07-03T17:39:28.436+0000] {processor.py:161} INFO - Started process (PID=684) to work on /home/airflow/.local/lib/python3.8/site-packages/airflow/example_dags/example_branch_operator.py
[2025-07-03T17:39:28.441+0000] {processor.py:830} INFO - Processing file /home/airflow/.local/lib/python3.8/site-packages/airflow/example_dags/example_branch_operator.py for tasks to queue
[2025-07-03T17:39:28.444+0000] {logging_mixin.py:188} INFO - [2025-07-03T17:39:28.443+0000] {dagbag.py:538} INFO - Filling up the DagBag from /home/airflow/.local/lib/python3.8/site-packages/airflow/example_dags/example_branch_operator.py
[2025-07-03T17:39:28.481+0000] {processor.py:840} INFO - DAG(s) 'example_branch_operator' retrieved from /home/airflow/.local/lib/python3.8/site-packages/airflow/example_dags/example_branch_operator.py
[2025-07-03T17:39:28.537+0000] {logging_mixin.py:188} INFO - [2025-07-03T17:39:28.537+0000] {dag.py:3036} INFO - Sync 1 DAGs
[2025-07-03T17:39:28.580+0000] {logging_mixin.py:188} INFO - [2025-07-03T17:39:28.580+0000] {dag.py:3823} INFO - Setting next_dagrun for example_branch_operator to 2025-07-02 00:00:00+00:00, run_after=2025-07-03 00:00:00+00:00
[2025-07-03T17:39:28.610+0000] {processor.py:183} INFO - Processing /home/airflow/.local/lib/python3.8/site-packages/airflow/example_dags/example_branch_operator.py took 0.180 seconds
[2025-07-03T17:39:58.891+0000] {processor.py:161} INFO - Started process (PID=750) to work on /home/airflow/.local/lib/python3.8/site-packages/airflow/example_dags/example_branch_operator.py
[2025-07-03T17:39:58.911+0000] {processor.py:830} INFO - Processing file /home/airflow/.local/lib/python3.8/site-packages/airflow/example_dags/example_branch_operator.py for tasks to queue
[2025-07-03T17:39:58.923+0000] {logging_mixin.py:188} INFO - [2025-07-03T17:39:58.921+0000] {dagbag.py:538} INFO - Filling up the DagBag from /home/airflow/.local/lib/python3.8/site-packages/airflow/example_dags/example_branch_operator.py
[2025-07-03T17:39:59.185+0000] {processor.py:840} INFO - DAG(s) 'example_branch_operator' retrieved from /home/airflow/.local/lib/python3.8/site-packages/airflow/example_dags/example_branch_operator.py
[2025-07-03T17:39:59.407+0000] {logging_mixin.py:188} INFO - [2025-07-03T17:39:59.407+0000] {dag.py:3036} INFO - Sync 1 DAGs
[2025-07-03T17:39:59.616+0000] {logging_mixin.py:188} INFO - [2025-07-03T17:39:59.616+0000] {dag.py:3823} INFO - Setting next_dagrun for example_branch_operator to 2025-07-02 00:00:00+00:00, run_after=2025-07-03 00:00:00+00:00
[2025-07-03T17:39:59.735+0000] {processor.py:183} INFO - Processing /home/airflow/.local/lib/python3.8/site-packages/airflow/example_dags/example_branch_operator.py took 0.861 seconds
[2025-07-03T17:40:30.945+0000] {processor.py:161} INFO - Started process (PID=816) to work on /home/airflow/.local/lib/python3.8/site-packages/airflow/example_dags/example_branch_operator.py
[2025-07-03T17:40:30.965+0000] {processor.py:830} INFO - Processing file /home/airflow/.local/lib/python3.8/site-packages/airflow/example_dags/example_branch_operator.py for tasks to queue
[2025-07-03T17:40:30.968+0000] {logging_mixin.py:188} INFO - [2025-07-03T17:40:30.967+0000] {dagbag.py:538} INFO - Filling up the DagBag from /home/airflow/.local/lib/python3.8/site-packages/airflow/example_dags/example_branch_operator.py
[2025-07-03T17:40:31.072+0000] {processor.py:840} INFO - DAG(s) 'example_branch_operator' retrieved from /home/airflow/.local/lib/python3.8/site-packages/airflow/example_dags/example_branch_operator.py
[2025-07-03T17:40:31.199+0000] {logging_mixin.py:188} INFO - [2025-07-03T17:40:31.199+0000] {dag.py:3036} INFO - Sync 1 DAGs
[2025-07-03T17:40:31.338+0000] {logging_mixin.py:188} INFO - [2025-07-03T17:40:31.338+0000] {dag.py:3823} INFO - Setting next_dagrun for example_branch_operator to 2025-07-02 00:00:00+00:00, run_after=2025-07-03 00:00:00+00:00
[2025-07-03T17:40:31.456+0000] {processor.py:183} INFO - Processing /home/airflow/.local/lib/python3.8/site-packages/airflow/example_dags/example_branch_operator.py took 0.515 seconds
[2025-07-03T17:41:01.793+0000] {processor.py:161} INFO - Started process (PID=880) to work on /home/airflow/.local/lib/python3.8/site-packages/airflow/example_dags/example_branch_operator.py
[2025-07-03T17:41:01.794+0000] {processor.py:830} INFO - Processing file /home/airflow/.local/lib/python3.8/site-packages/airflow/example_dags/example_branch_operator.py for tasks to queue
[2025-07-03T17:41:01.805+0000] {logging_mixin.py:188} INFO - [2025-07-03T17:41:01.796+0000] {dagbag.py:538} INFO - Filling up the DagBag from /home/airflow/.local/lib/python3.8/site-packages/airflow/example_dags/example_branch_operator.py
[2025-07-03T17:41:01.869+0000] {processor.py:840} INFO - DAG(s) 'example_branch_operator' retrieved from /home/airflow/.local/lib/python3.8/site-packages/airflow/example_dags/example_branch_operator.py
[2025-07-03T17:41:01.938+0000] {logging_mixin.py:188} INFO - [2025-07-03T17:41:01.937+0000] {dag.py:3036} INFO - Sync 1 DAGs
[2025-07-03T17:41:01.982+0000] {logging_mixin.py:188} INFO - [2025-07-03T17:41:01.982+0000] {dag.py:3823} INFO - Setting next_dagrun for example_branch_operator to 2025-07-02 00:00:00+00:00, run_after=2025-07-03 00:00:00+00:00
[2025-07-03T17:41:02.029+0000] {processor.py:183} INFO - Processing /home/airflow/.local/lib/python3.8/site-packages/airflow/example_dags/example_branch_operator.py took 0.240 seconds
[2025-07-03T17:41:32.405+0000] {processor.py:161} INFO - Started process (PID=944) to work on /home/airflow/.local/lib/python3.8/site-packages/airflow/example_dags/example_branch_operator.py
[2025-07-03T17:41:32.413+0000] {processor.py:830} INFO - Processing file /home/airflow/.local/lib/python3.8/site-packages/airflow/example_dags/example_branch_operator.py for tasks to queue
[2025-07-03T17:41:32.416+0000] {logging_mixin.py:188} INFO - [2025-07-03T17:41:32.416+0000] {dagbag.py:538} INFO - Filling up the DagBag from /home/airflow/.local/lib/python3.8/site-packages/airflow/example_dags/example_branch_operator.py
[2025-07-03T17:41:32.467+0000] {processor.py:840} INFO - DAG(s) 'example_branch_operator' retrieved from /home/airflow/.local/lib/python3.8/site-packages/airflow/example_dags/example_branch_operator.py
[2025-07-03T17:41:32.525+0000] {logging_mixin.py:188} INFO - [2025-07-03T17:41:32.525+0000] {dag.py:3036} INFO - Sync 1 DAGs
[2025-07-03T17:41:32.569+0000] {logging_mixin.py:188} INFO - [2025-07-03T17:41:32.569+0000] {dag.py:3823} INFO - Setting next_dagrun for example_branch_operator to 2025-07-02 00:00:00+00:00, run_after=2025-07-03 00:00:00+00:00
[2025-07-03T17:41:32.614+0000] {processor.py:183} INFO - Processing /home/airflow/.local/lib/python3.8/site-packages/airflow/example_dags/example_branch_operator.py took 0.230 seconds
[2025-07-03T17:42:03.035+0000] {processor.py:161} INFO - Started process (PID=1009) to work on /home/airflow/.local/lib/python3.8/site-packages/airflow/example_dags/example_branch_operator.py
[2025-07-03T17:42:03.045+0000] {processor.py:830} INFO - Processing file /home/airflow/.local/lib/python3.8/site-packages/airflow/example_dags/example_branch_operator.py for tasks to queue
[2025-07-03T17:42:03.048+0000] {logging_mixin.py:188} INFO - [2025-07-03T17:42:03.047+0000] {dagbag.py:538} INFO - Filling up the DagBag from /home/airflow/.local/lib/python3.8/site-packages/airflow/example_dags/example_branch_operator.py
[2025-07-03T17:42:03.119+0000] {processor.py:840} INFO - DAG(s) 'example_branch_operator' retrieved from /home/airflow/.local/lib/python3.8/site-packages/airflow/example_dags/example_branch_operator.py
[2025-07-03T17:42:03.224+0000] {logging_mixin.py:188} INFO - [2025-07-03T17:42:03.223+0000] {dag.py:3036} INFO - Sync 1 DAGs
[2025-07-03T17:42:03.336+0000] {logging_mixin.py:188} INFO - [2025-07-03T17:42:03.335+0000] {dag.py:3823} INFO - Setting next_dagrun for example_branch_operator to 2025-07-02 00:00:00+00:00, run_after=2025-07-03 00:00:00+00:00
[2025-07-03T17:42:03.394+0000] {processor.py:183} INFO - Processing /home/airflow/.local/lib/python3.8/site-packages/airflow/example_dags/example_branch_operator.py took 0.364 seconds
[2025-07-03T17:42:33.495+0000] {processor.py:161} INFO - Started process (PID=1074) to work on /home/airflow/.local/lib/python3.8/site-packages/airflow/example_dags/example_branch_operator.py
[2025-07-03T17:42:33.497+0000] {processor.py:830} INFO - Processing file /home/airflow/.local/lib/python3.8/site-packages/airflow/example_dags/example_branch_operator.py for tasks to queue
[2025-07-03T17:42:33.504+0000] {logging_mixin.py:188} INFO - [2025-07-03T17:42:33.504+0000] {dagbag.py:538} INFO - Filling up the DagBag from /home/airflow/.local/lib/python3.8/site-packages/airflow/example_dags/example_branch_operator.py
[2025-07-03T17:42:33.538+0000] {processor.py:840} INFO - DAG(s) 'example_branch_operator' retrieved from /home/airflow/.local/lib/python3.8/site-packages/airflow/example_dags/example_branch_operator.py
[2025-07-03T17:42:33.604+0000] {logging_mixin.py:188} INFO - [2025-07-03T17:42:33.604+0000] {dag.py:3036} INFO - Sync 1 DAGs
[2025-07-03T17:42:33.638+0000] {logging_mixin.py:188} INFO - [2025-07-03T17:42:33.638+0000] {dag.py:3823} INFO - Setting next_dagrun for example_branch_operator to 2025-07-02 00:00:00+00:00, run_after=2025-07-03 00:00:00+00:00
[2025-07-03T17:42:33.663+0000] {processor.py:183} INFO - Processing /home/airflow/.local/lib/python3.8/site-packages/airflow/example_dags/example_branch_operator.py took 0.173 seconds
[2025-07-03T17:43:03.699+0000] {processor.py:161} INFO - Started process (PID=1139) to work on /home/airflow/.local/lib/python3.8/site-packages/airflow/example_dags/example_branch_operator.py
[2025-07-03T17:43:03.701+0000] {processor.py:830} INFO - Processing file /home/airflow/.local/lib/python3.8/site-packages/airflow/example_dags/example_branch_operator.py for tasks to queue
[2025-07-03T17:43:03.704+0000] {logging_mixin.py:188} INFO - [2025-07-03T17:43:03.703+0000] {dagbag.py:538} INFO - Filling up the DagBag from /home/airflow/.local/lib/python3.8/site-packages/airflow/example_dags/example_branch_operator.py
[2025-07-03T17:43:03.735+0000] {processor.py:840} INFO - DAG(s) 'example_branch_operator' retrieved from /home/airflow/.local/lib/python3.8/site-packages/airflow/example_dags/example_branch_operator.py
[2025-07-03T17:43:03.773+0000] {logging_mixin.py:188} INFO - [2025-07-03T17:43:03.773+0000] {dag.py:3036} INFO - Sync 1 DAGs
[2025-07-03T17:43:03.807+0000] {logging_mixin.py:188} INFO - [2025-07-03T17:43:03.807+0000] {dag.py:3823} INFO - Setting next_dagrun for example_branch_operator to 2025-07-02 00:00:00+00:00, run_after=2025-07-03 00:00:00+00:00
[2025-07-03T17:43:03.832+0000] {processor.py:183} INFO - Processing /home/airflow/.local/lib/python3.8/site-packages/airflow/example_dags/example_branch_operator.py took 0.138 seconds
[2025-07-03T17:43:34.342+0000] {processor.py:161} INFO - Started process (PID=1205) to work on /home/airflow/.local/lib/python3.8/site-packages/airflow/example_dags/example_branch_operator.py
[2025-07-03T17:43:34.349+0000] {processor.py:830} INFO - Processing file /home/airflow/.local/lib/python3.8/site-packages/airflow/example_dags/example_branch_operator.py for tasks to queue
[2025-07-03T17:43:34.351+0000] {logging_mixin.py:188} INFO - [2025-07-03T17:43:34.351+0000] {dagbag.py:538} INFO - Filling up the DagBag from /home/airflow/.local/lib/python3.8/site-packages/airflow/example_dags/example_branch_operator.py
[2025-07-03T17:43:34.426+0000] {processor.py:840} INFO - DAG(s) 'example_branch_operator' retrieved from /home/airflow/.local/lib/python3.8/site-packages/airflow/example_dags/example_branch_operator.py
[2025-07-03T17:43:34.493+0000] {logging_mixin.py:188} INFO - [2025-07-03T17:43:34.493+0000] {dag.py:3036} INFO - Sync 1 DAGs
[2025-07-03T17:43:34.580+0000] {logging_mixin.py:188} INFO - [2025-07-03T17:43:34.579+0000] {dag.py:3823} INFO - Setting next_dagrun for example_branch_operator to 2025-07-02 00:00:00+00:00, run_after=2025-07-03 00:00:00+00:00
[2025-07-03T17:43:34.657+0000] {processor.py:183} INFO - Processing /home/airflow/.local/lib/python3.8/site-packages/airflow/example_dags/example_branch_operator.py took 0.328 seconds
[2025-07-03T17:44:05.323+0000] {processor.py:161} INFO - Started process (PID=1270) to work on /home/airflow/.local/lib/python3.8/site-packages/airflow/example_dags/example_branch_operator.py
[2025-07-03T17:44:05.336+0000] {processor.py:830} INFO - Processing file /home/airflow/.local/lib/python3.8/site-packages/airflow/example_dags/example_branch_operator.py for tasks to queue
[2025-07-03T17:44:05.358+0000] {logging_mixin.py:188} INFO - [2025-07-03T17:44:05.357+0000] {dagbag.py:538} INFO - Filling up the DagBag from /home/airflow/.local/lib/python3.8/site-packages/airflow/example_dags/example_branch_operator.py
[2025-07-03T17:44:05.462+0000] {processor.py:840} INFO - DAG(s) 'example_branch_operator' retrieved from /home/airflow/.local/lib/python3.8/site-packages/airflow/example_dags/example_branch_operator.py
[2025-07-03T17:44:05.525+0000] {logging_mixin.py:188} INFO - [2025-07-03T17:44:05.525+0000] {dag.py:3036} INFO - Sync 1 DAGs
[2025-07-03T17:44:05.581+0000] {logging_mixin.py:188} INFO - [2025-07-03T17:44:05.580+0000] {dag.py:3823} INFO - Setting next_dagrun for example_branch_operator to 2025-07-02 00:00:00+00:00, run_after=2025-07-03 00:00:00+00:00
[2025-07-03T17:44:05.620+0000] {processor.py:183} INFO - Processing /home/airflow/.local/lib/python3.8/site-packages/airflow/example_dags/example_branch_operator.py took 0.313 seconds
[2025-07-03T17:44:35.976+0000] {processor.py:161} INFO - Started process (PID=1335) to work on /home/airflow/.local/lib/python3.8/site-packages/airflow/example_dags/example_branch_operator.py
[2025-07-03T17:44:35.977+0000] {processor.py:830} INFO - Processing file /home/airflow/.local/lib/python3.8/site-packages/airflow/example_dags/example_branch_operator.py for tasks to queue
[2025-07-03T17:44:35.979+0000] {logging_mixin.py:188} INFO - [2025-07-03T17:44:35.979+0000] {dagbag.py:538} INFO - Filling up the DagBag from /home/airflow/.local/lib/python3.8/site-packages/airflow/example_dags/example_branch_operator.py
[2025-07-03T17:44:36.014+0000] {processor.py:840} INFO - DAG(s) 'example_branch_operator' retrieved from /home/airflow/.local/lib/python3.8/site-packages/airflow/example_dags/example_branch_operator.py
[2025-07-03T17:44:36.065+0000] {logging_mixin.py:188} INFO - [2025-07-03T17:44:36.064+0000] {dag.py:3036} INFO - Sync 1 DAGs
[2025-07-03T17:44:36.114+0000] {logging_mixin.py:188} INFO - [2025-07-03T17:44:36.114+0000] {dag.py:3823} INFO - Setting next_dagrun for example_branch_operator to 2025-07-02 00:00:00+00:00, run_after=2025-07-03 00:00:00+00:00
[2025-07-03T17:44:36.149+0000] {processor.py:183} INFO - Processing /home/airflow/.local/lib/python3.8/site-packages/airflow/example_dags/example_branch_operator.py took 0.178 seconds
[2025-07-03T17:45:06.940+0000] {processor.py:161} INFO - Started process (PID=1400) to work on /home/airflow/.local/lib/python3.8/site-packages/airflow/example_dags/example_branch_operator.py
[2025-07-03T17:45:06.941+0000] {processor.py:830} INFO - Processing file /home/airflow/.local/lib/python3.8/site-packages/airflow/example_dags/example_branch_operator.py for tasks to queue
[2025-07-03T17:45:06.943+0000] {logging_mixin.py:188} INFO - [2025-07-03T17:45:06.943+0000] {dagbag.py:538} INFO - Filling up the DagBag from /home/airflow/.local/lib/python3.8/site-packages/airflow/example_dags/example_branch_operator.py
[2025-07-03T17:45:06.976+0000] {processor.py:840} INFO - DAG(s) 'example_branch_operator' retrieved from /home/airflow/.local/lib/python3.8/site-packages/airflow/example_dags/example_branch_operator.py
[2025-07-03T17:45:07.026+0000] {logging_mixin.py:188} INFO - [2025-07-03T17:45:07.025+0000] {dag.py:3036} INFO - Sync 1 DAGs
[2025-07-03T17:45:07.068+0000] {logging_mixin.py:188} INFO - [2025-07-03T17:45:07.068+0000] {dag.py:3823} INFO - Setting next_dagrun for example_branch_operator to 2025-07-02 00:00:00+00:00, run_after=2025-07-03 00:00:00+00:00
[2025-07-03T17:45:07.111+0000] {processor.py:183} INFO - Processing /home/airflow/.local/lib/python3.8/site-packages/airflow/example_dags/example_branch_operator.py took 0.176 seconds
[2025-07-03T17:45:37.406+0000] {processor.py:161} INFO - Started process (PID=1465) to work on /home/airflow/.local/lib/python3.8/site-packages/airflow/example_dags/example_branch_operator.py
[2025-07-03T17:45:37.407+0000] {processor.py:830} INFO - Processing file /home/airflow/.local/lib/python3.8/site-packages/airflow/example_dags/example_branch_operator.py for tasks to queue
[2025-07-03T17:45:37.410+0000] {logging_mixin.py:188} INFO - [2025-07-03T17:45:37.409+0000] {dagbag.py:538} INFO - Filling up the DagBag from /home/airflow/.local/lib/python3.8/site-packages/airflow/example_dags/example_branch_operator.py
[2025-07-03T17:45:37.444+0000] {processor.py:840} INFO - DAG(s) 'example_branch_operator' retrieved from /home/airflow/.local/lib/python3.8/site-packages/airflow/example_dags/example_branch_operator.py
[2025-07-03T17:45:37.495+0000] {logging_mixin.py:188} INFO - [2025-07-03T17:45:37.494+0000] {dag.py:3036} INFO - Sync 1 DAGs
[2025-07-03T17:45:37.537+0000] {logging_mixin.py:188} INFO - [2025-07-03T17:45:37.537+0000] {dag.py:3823} INFO - Setting next_dagrun for example_branch_operator to 2025-07-02 00:00:00+00:00, run_after=2025-07-03 00:00:00+00:00
[2025-07-03T17:45:37.576+0000] {processor.py:183} INFO - Processing /home/airflow/.local/lib/python3.8/site-packages/airflow/example_dags/example_branch_operator.py took 0.175 seconds
[2025-07-03T17:46:08.421+0000] {processor.py:161} INFO - Started process (PID=1530) to work on /home/airflow/.local/lib/python3.8/site-packages/airflow/example_dags/example_branch_operator.py
[2025-07-03T17:46:08.427+0000] {processor.py:830} INFO - Processing file /home/airflow/.local/lib/python3.8/site-packages/airflow/example_dags/example_branch_operator.py for tasks to queue
[2025-07-03T17:46:08.432+0000] {logging_mixin.py:188} INFO - [2025-07-03T17:46:08.432+0000] {dagbag.py:538} INFO - Filling up the DagBag from /home/airflow/.local/lib/python3.8/site-packages/airflow/example_dags/example_branch_operator.py
[2025-07-03T17:46:08.472+0000] {processor.py:840} INFO - DAG(s) 'example_branch_operator' retrieved from /home/airflow/.local/lib/python3.8/site-packages/airflow/example_dags/example_branch_operator.py
[2025-07-03T17:46:08.547+0000] {logging_mixin.py:188} INFO - [2025-07-03T17:46:08.547+0000] {dag.py:3036} INFO - Sync 1 DAGs
[2025-07-03T17:46:08.592+0000] {logging_mixin.py:188} INFO - [2025-07-03T17:46:08.592+0000] {dag.py:3823} INFO - Setting next_dagrun for example_branch_operator to 2025-07-02 00:00:00+00:00, run_after=2025-07-03 00:00:00+00:00
[2025-07-03T17:46:08.648+0000] {processor.py:183} INFO - Processing /home/airflow/.local/lib/python3.8/site-packages/airflow/example_dags/example_branch_operator.py took 0.235 seconds
[2025-07-03T17:46:39.579+0000] {processor.py:161} INFO - Started process (PID=1594) to work on /home/airflow/.local/lib/python3.8/site-packages/airflow/example_dags/example_branch_operator.py
[2025-07-03T17:46:39.581+0000] {processor.py:830} INFO - Processing file /home/airflow/.local/lib/python3.8/site-packages/airflow/example_dags/example_branch_operator.py for tasks to queue
[2025-07-03T17:46:39.584+0000] {logging_mixin.py:188} INFO - [2025-07-03T17:46:39.583+0000] {dagbag.py:538} INFO - Filling up the DagBag from /home/airflow/.local/lib/python3.8/site-packages/airflow/example_dags/example_branch_operator.py
[2025-07-03T17:46:39.632+0000] {processor.py:840} INFO - DAG(s) 'example_branch_operator' retrieved from /home/airflow/.local/lib/python3.8/site-packages/airflow/example_dags/example_branch_operator.py
[2025-07-03T17:46:39.708+0000] {logging_mixin.py:188} INFO - [2025-07-03T17:46:39.708+0000] {dag.py:3036} INFO - Sync 1 DAGs
[2025-07-03T17:46:39.791+0000] {logging_mixin.py:188} INFO - [2025-07-03T17:46:39.790+0000] {dag.py:3823} INFO - Setting next_dagrun for example_branch_operator to 2025-07-02 00:00:00+00:00, run_after=2025-07-03 00:00:00+00:00
[2025-07-03T17:46:39.858+0000] {processor.py:183} INFO - Processing /home/airflow/.local/lib/python3.8/site-packages/airflow/example_dags/example_branch_operator.py took 0.289 seconds
[2025-07-03T17:47:10.057+0000] {processor.py:161} INFO - Started process (PID=1659) to work on /home/airflow/.local/lib/python3.8/site-packages/airflow/example_dags/example_branch_operator.py
[2025-07-03T17:47:10.058+0000] {processor.py:830} INFO - Processing file /home/airflow/.local/lib/python3.8/site-packages/airflow/example_dags/example_branch_operator.py for tasks to queue
[2025-07-03T17:47:10.060+0000] {logging_mixin.py:188} INFO - [2025-07-03T17:47:10.060+0000] {dagbag.py:538} INFO - Filling up the DagBag from /home/airflow/.local/lib/python3.8/site-packages/airflow/example_dags/example_branch_operator.py
[2025-07-03T17:47:10.094+0000] {processor.py:840} INFO - DAG(s) 'example_branch_operator' retrieved from /home/airflow/.local/lib/python3.8/site-packages/airflow/example_dags/example_branch_operator.py
[2025-07-03T17:47:10.171+0000] {logging_mixin.py:188} INFO - [2025-07-03T17:47:10.170+0000] {dag.py:3036} INFO - Sync 1 DAGs
[2025-07-03T17:47:10.241+0000] {logging_mixin.py:188} INFO - [2025-07-03T17:47:10.241+0000] {dag.py:3823} INFO - Setting next_dagrun for example_branch_operator to 2025-07-02 00:00:00+00:00, run_after=2025-07-03 00:00:00+00:00
[2025-07-03T17:47:10.298+0000] {processor.py:183} INFO - Processing /home/airflow/.local/lib/python3.8/site-packages/airflow/example_dags/example_branch_operator.py took 0.246 seconds
[2025-07-03T17:47:40.371+0000] {processor.py:161} INFO - Started process (PID=1724) to work on /home/airflow/.local/lib/python3.8/site-packages/airflow/example_dags/example_branch_operator.py
[2025-07-03T17:47:40.373+0000] {processor.py:830} INFO - Processing file /home/airflow/.local/lib/python3.8/site-packages/airflow/example_dags/example_branch_operator.py for tasks to queue
[2025-07-03T17:47:40.376+0000] {logging_mixin.py:188} INFO - [2025-07-03T17:47:40.375+0000] {dagbag.py:538} INFO - Filling up the DagBag from /home/airflow/.local/lib/python3.8/site-packages/airflow/example_dags/example_branch_operator.py
[2025-07-03T17:47:40.409+0000] {processor.py:840} INFO - DAG(s) 'example_branch_operator' retrieved from /home/airflow/.local/lib/python3.8/site-packages/airflow/example_dags/example_branch_operator.py
[2025-07-03T17:47:40.458+0000] {logging_mixin.py:188} INFO - [2025-07-03T17:47:40.458+0000] {dag.py:3036} INFO - Sync 1 DAGs
[2025-07-03T17:47:40.502+0000] {logging_mixin.py:188} INFO - [2025-07-03T17:47:40.501+0000] {dag.py:3823} INFO - Setting next_dagrun for example_branch_operator to 2025-07-02 00:00:00+00:00, run_after=2025-07-03 00:00:00+00:00
[2025-07-03T17:47:40.532+0000] {processor.py:183} INFO - Processing /home/airflow/.local/lib/python3.8/site-packages/airflow/example_dags/example_branch_operator.py took 0.165 seconds
[2025-07-03T17:48:10.907+0000] {processor.py:161} INFO - Started process (PID=1789) to work on /home/airflow/.local/lib/python3.8/site-packages/airflow/example_dags/example_branch_operator.py
[2025-07-03T17:48:10.910+0000] {processor.py:830} INFO - Processing file /home/airflow/.local/lib/python3.8/site-packages/airflow/example_dags/example_branch_operator.py for tasks to queue
[2025-07-03T17:48:10.913+0000] {logging_mixin.py:188} INFO - [2025-07-03T17:48:10.912+0000] {dagbag.py:538} INFO - Filling up the DagBag from /home/airflow/.local/lib/python3.8/site-packages/airflow/example_dags/example_branch_operator.py
[2025-07-03T17:48:10.946+0000] {processor.py:840} INFO - DAG(s) 'example_branch_operator' retrieved from /home/airflow/.local/lib/python3.8/site-packages/airflow/example_dags/example_branch_operator.py
[2025-07-03T17:48:11.111+0000] {logging_mixin.py:188} INFO - [2025-07-03T17:48:11.110+0000] {dag.py:3036} INFO - Sync 1 DAGs
[2025-07-03T17:48:11.214+0000] {logging_mixin.py:188} INFO - [2025-07-03T17:48:11.213+0000] {dag.py:3823} INFO - Setting next_dagrun for example_branch_operator to 2025-07-02 00:00:00+00:00, run_after=2025-07-03 00:00:00+00:00
[2025-07-03T17:48:11.307+0000] {processor.py:183} INFO - Processing /home/airflow/.local/lib/python3.8/site-packages/airflow/example_dags/example_branch_operator.py took 0.400 seconds
[2025-07-03T17:48:41.449+0000] {processor.py:161} INFO - Started process (PID=1854) to work on /home/airflow/.local/lib/python3.8/site-packages/airflow/example_dags/example_branch_operator.py
[2025-07-03T17:48:41.451+0000] {processor.py:830} INFO - Processing file /home/airflow/.local/lib/python3.8/site-packages/airflow/example_dags/example_branch_operator.py for tasks to queue
[2025-07-03T17:48:41.454+0000] {logging_mixin.py:188} INFO - [2025-07-03T17:48:41.453+0000] {dagbag.py:538} INFO - Filling up the DagBag from /home/airflow/.local/lib/python3.8/site-packages/airflow/example_dags/example_branch_operator.py
[2025-07-03T17:48:41.495+0000] {processor.py:840} INFO - DAG(s) 'example_branch_operator' retrieved from /home/airflow/.local/lib/python3.8/site-packages/airflow/example_dags/example_branch_operator.py
[2025-07-03T17:48:41.549+0000] {logging_mixin.py:188} INFO - [2025-07-03T17:48:41.549+0000] {dag.py:3036} INFO - Sync 1 DAGs
[2025-07-03T17:48:41.597+0000] {logging_mixin.py:188} INFO - [2025-07-03T17:48:41.596+0000] {dag.py:3823} INFO - Setting next_dagrun for example_branch_operator to 2025-07-02 00:00:00+00:00, run_after=2025-07-03 00:00:00+00:00
[2025-07-03T17:48:41.629+0000] {processor.py:183} INFO - Processing /home/airflow/.local/lib/python3.8/site-packages/airflow/example_dags/example_branch_operator.py took 0.184 seconds
[2025-07-03T17:49:12.748+0000] {processor.py:161} INFO - Started process (PID=1920) to work on /home/airflow/.local/lib/python3.8/site-packages/airflow/example_dags/example_branch_operator.py
[2025-07-03T17:49:12.753+0000] {processor.py:830} INFO - Processing file /home/airflow/.local/lib/python3.8/site-packages/airflow/example_dags/example_branch_operator.py for tasks to queue
[2025-07-03T17:49:12.756+0000] {logging_mixin.py:188} INFO - [2025-07-03T17:49:12.756+0000] {dagbag.py:538} INFO - Filling up the DagBag from /home/airflow/.local/lib/python3.8/site-packages/airflow/example_dags/example_branch_operator.py
[2025-07-03T17:49:12.835+0000] {processor.py:840} INFO - DAG(s) 'example_branch_operator' retrieved from /home/airflow/.local/lib/python3.8/site-packages/airflow/example_dags/example_branch_operator.py
[2025-07-03T17:49:12.971+0000] {logging_mixin.py:188} INFO - [2025-07-03T17:49:12.966+0000] {dag.py:3036} INFO - Sync 1 DAGs
[2025-07-03T17:49:13.184+0000] {logging_mixin.py:188} INFO - [2025-07-03T17:49:13.183+0000] {dag.py:3823} INFO - Setting next_dagrun for example_branch_operator to 2025-07-02 00:00:00+00:00, run_after=2025-07-03 00:00:00+00:00
[2025-07-03T17:49:13.381+0000] {processor.py:183} INFO - Processing /home/airflow/.local/lib/python3.8/site-packages/airflow/example_dags/example_branch_operator.py took 0.646 seconds
[2025-07-03T17:49:43.699+0000] {processor.py:161} INFO - Started process (PID=1985) to work on /home/airflow/.local/lib/python3.8/site-packages/airflow/example_dags/example_branch_operator.py
[2025-07-03T17:49:43.725+0000] {processor.py:830} INFO - Processing file /home/airflow/.local/lib/python3.8/site-packages/airflow/example_dags/example_branch_operator.py for tasks to queue
[2025-07-03T17:49:43.728+0000] {logging_mixin.py:188} INFO - [2025-07-03T17:49:43.728+0000] {dagbag.py:538} INFO - Filling up the DagBag from /home/airflow/.local/lib/python3.8/site-packages/airflow/example_dags/example_branch_operator.py
[2025-07-03T17:49:43.869+0000] {processor.py:840} INFO - DAG(s) 'example_branch_operator' retrieved from /home/airflow/.local/lib/python3.8/site-packages/airflow/example_dags/example_branch_operator.py
[2025-07-03T17:49:44.104+0000] {logging_mixin.py:188} INFO - [2025-07-03T17:49:44.103+0000] {dag.py:3036} INFO - Sync 1 DAGs
[2025-07-03T17:49:44.222+0000] {logging_mixin.py:188} INFO - [2025-07-03T17:49:44.221+0000] {dag.py:3823} INFO - Setting next_dagrun for example_branch_operator to 2025-07-02 00:00:00+00:00, run_after=2025-07-03 00:00:00+00:00
[2025-07-03T17:49:44.318+0000] {processor.py:183} INFO - Processing /home/airflow/.local/lib/python3.8/site-packages/airflow/example_dags/example_branch_operator.py took 0.624 seconds
[2025-07-03T17:50:15.008+0000] {processor.py:161} INFO - Started process (PID=2052) to work on /home/airflow/.local/lib/python3.8/site-packages/airflow/example_dags/example_branch_operator.py
[2025-07-03T17:50:15.009+0000] {processor.py:830} INFO - Processing file /home/airflow/.local/lib/python3.8/site-packages/airflow/example_dags/example_branch_operator.py for tasks to queue
[2025-07-03T17:50:15.014+0000] {logging_mixin.py:188} INFO - [2025-07-03T17:50:15.013+0000] {dagbag.py:538} INFO - Filling up the DagBag from /home/airflow/.local/lib/python3.8/site-packages/airflow/example_dags/example_branch_operator.py
[2025-07-03T17:50:15.060+0000] {processor.py:840} INFO - DAG(s) 'example_branch_operator' retrieved from /home/airflow/.local/lib/python3.8/site-packages/airflow/example_dags/example_branch_operator.py
[2025-07-03T17:50:15.143+0000] {logging_mixin.py:188} INFO - [2025-07-03T17:50:15.142+0000] {dag.py:3036} INFO - Sync 1 DAGs
[2025-07-03T17:50:15.195+0000] {logging_mixin.py:188} INFO - [2025-07-03T17:50:15.195+0000] {dag.py:3823} INFO - Setting next_dagrun for example_branch_operator to 2025-07-02 00:00:00+00:00, run_after=2025-07-03 00:00:00+00:00
[2025-07-03T17:50:15.248+0000] {processor.py:183} INFO - Processing /home/airflow/.local/lib/python3.8/site-packages/airflow/example_dags/example_branch_operator.py took 0.245 seconds
[2025-07-03T17:50:45.886+0000] {processor.py:161} INFO - Started process (PID=2124) to work on /home/airflow/.local/lib/python3.8/site-packages/airflow/example_dags/example_branch_operator.py
[2025-07-03T17:50:45.888+0000] {processor.py:830} INFO - Processing file /home/airflow/.local/lib/python3.8/site-packages/airflow/example_dags/example_branch_operator.py for tasks to queue
[2025-07-03T17:50:45.890+0000] {logging_mixin.py:188} INFO - [2025-07-03T17:50:45.890+0000] {dagbag.py:538} INFO - Filling up the DagBag from /home/airflow/.local/lib/python3.8/site-packages/airflow/example_dags/example_branch_operator.py
[2025-07-03T17:50:45.958+0000] {processor.py:840} INFO - DAG(s) 'example_branch_operator' retrieved from /home/airflow/.local/lib/python3.8/site-packages/airflow/example_dags/example_branch_operator.py
[2025-07-03T17:50:46.060+0000] {logging_mixin.py:188} INFO - [2025-07-03T17:50:46.059+0000] {dag.py:3036} INFO - Sync 1 DAGs
[2025-07-03T17:50:46.176+0000] {logging_mixin.py:188} INFO - [2025-07-03T17:50:46.175+0000] {dag.py:3823} INFO - Setting next_dagrun for example_branch_operator to 2025-07-02 00:00:00+00:00, run_after=2025-07-03 00:00:00+00:00
[2025-07-03T17:50:46.306+0000] {processor.py:183} INFO - Processing /home/airflow/.local/lib/python3.8/site-packages/airflow/example_dags/example_branch_operator.py took 0.433 seconds
[2025-07-03T17:51:16.510+0000] {processor.py:161} INFO - Started process (PID=2190) to work on /home/airflow/.local/lib/python3.8/site-packages/airflow/example_dags/example_branch_operator.py
[2025-07-03T17:51:16.512+0000] {processor.py:830} INFO - Processing file /home/airflow/.local/lib/python3.8/site-packages/airflow/example_dags/example_branch_operator.py for tasks to queue
[2025-07-03T17:51:16.518+0000] {logging_mixin.py:188} INFO - [2025-07-03T17:51:16.517+0000] {dagbag.py:538} INFO - Filling up the DagBag from /home/airflow/.local/lib/python3.8/site-packages/airflow/example_dags/example_branch_operator.py
[2025-07-03T17:51:16.591+0000] {processor.py:840} INFO - DAG(s) 'example_branch_operator' retrieved from /home/airflow/.local/lib/python3.8/site-packages/airflow/example_dags/example_branch_operator.py
[2025-07-03T17:51:16.697+0000] {logging_mixin.py:188} INFO - [2025-07-03T17:51:16.695+0000] {dag.py:3036} INFO - Sync 1 DAGs
[2025-07-03T17:51:16.783+0000] {logging_mixin.py:188} INFO - [2025-07-03T17:51:16.776+0000] {dag.py:3823} INFO - Setting next_dagrun for example_branch_operator to 2025-07-02 00:00:00+00:00, run_after=2025-07-03 00:00:00+00:00
[2025-07-03T17:51:16.887+0000] {processor.py:183} INFO - Processing /home/airflow/.local/lib/python3.8/site-packages/airflow/example_dags/example_branch_operator.py took 0.403 seconds
[2025-07-03T17:51:47.511+0000] {processor.py:161} INFO - Started process (PID=2256) to work on /home/airflow/.local/lib/python3.8/site-packages/airflow/example_dags/example_branch_operator.py
[2025-07-03T17:51:47.514+0000] {processor.py:830} INFO - Processing file /home/airflow/.local/lib/python3.8/site-packages/airflow/example_dags/example_branch_operator.py for tasks to queue
[2025-07-03T17:51:47.517+0000] {logging_mixin.py:188} INFO - [2025-07-03T17:51:47.516+0000] {dagbag.py:538} INFO - Filling up the DagBag from /home/airflow/.local/lib/python3.8/site-packages/airflow/example_dags/example_branch_operator.py
[2025-07-03T17:51:47.554+0000] {processor.py:840} INFO - DAG(s) 'example_branch_operator' retrieved from /home/airflow/.local/lib/python3.8/site-packages/airflow/example_dags/example_branch_operator.py
[2025-07-03T17:51:47.674+0000] {logging_mixin.py:188} INFO - [2025-07-03T17:51:47.674+0000] {dag.py:3036} INFO - Sync 1 DAGs
[2025-07-03T17:51:47.741+0000] {logging_mixin.py:188} INFO - [2025-07-03T17:51:47.741+0000] {dag.py:3823} INFO - Setting next_dagrun for example_branch_operator to 2025-07-02 00:00:00+00:00, run_after=2025-07-03 00:00:00+00:00
[2025-07-03T17:51:47.807+0000] {processor.py:183} INFO - Processing /home/airflow/.local/lib/python3.8/site-packages/airflow/example_dags/example_branch_operator.py took 0.302 seconds
[2025-07-03T17:52:18.433+0000] {processor.py:161} INFO - Started process (PID=2322) to work on /home/airflow/.local/lib/python3.8/site-packages/airflow/example_dags/example_branch_operator.py
[2025-07-03T17:52:18.435+0000] {processor.py:830} INFO - Processing file /home/airflow/.local/lib/python3.8/site-packages/airflow/example_dags/example_branch_operator.py for tasks to queue
[2025-07-03T17:52:18.438+0000] {logging_mixin.py:188} INFO - [2025-07-03T17:52:18.437+0000] {dagbag.py:538} INFO - Filling up the DagBag from /home/airflow/.local/lib/python3.8/site-packages/airflow/example_dags/example_branch_operator.py
[2025-07-03T17:52:18.494+0000] {processor.py:840} INFO - DAG(s) 'example_branch_operator' retrieved from /home/airflow/.local/lib/python3.8/site-packages/airflow/example_dags/example_branch_operator.py
[2025-07-03T17:52:18.562+0000] {logging_mixin.py:188} INFO - [2025-07-03T17:52:18.561+0000] {dag.py:3036} INFO - Sync 1 DAGs
[2025-07-03T17:52:18.642+0000] {logging_mixin.py:188} INFO - [2025-07-03T17:52:18.641+0000] {dag.py:3823} INFO - Setting next_dagrun for example_branch_operator to 2025-07-02 00:00:00+00:00, run_after=2025-07-03 00:00:00+00:00
[2025-07-03T17:52:18.715+0000] {processor.py:183} INFO - Processing /home/airflow/.local/lib/python3.8/site-packages/airflow/example_dags/example_branch_operator.py took 0.290 seconds
[2025-07-03T17:52:49.117+0000] {processor.py:161} INFO - Started process (PID=2388) to work on /home/airflow/.local/lib/python3.8/site-packages/airflow/example_dags/example_branch_operator.py
[2025-07-03T17:52:49.119+0000] {processor.py:830} INFO - Processing file /home/airflow/.local/lib/python3.8/site-packages/airflow/example_dags/example_branch_operator.py for tasks to queue
[2025-07-03T17:52:49.121+0000] {logging_mixin.py:188} INFO - [2025-07-03T17:52:49.121+0000] {dagbag.py:538} INFO - Filling up the DagBag from /home/airflow/.local/lib/python3.8/site-packages/airflow/example_dags/example_branch_operator.py
[2025-07-03T17:52:49.155+0000] {processor.py:840} INFO - DAG(s) 'example_branch_operator' retrieved from /home/airflow/.local/lib/python3.8/site-packages/airflow/example_dags/example_branch_operator.py
[2025-07-03T17:52:49.208+0000] {logging_mixin.py:188} INFO - [2025-07-03T17:52:49.207+0000] {dag.py:3036} INFO - Sync 1 DAGs
[2025-07-03T17:52:49.257+0000] {logging_mixin.py:188} INFO - [2025-07-03T17:52:49.257+0000] {dag.py:3823} INFO - Setting next_dagrun for example_branch_operator to 2025-07-02 00:00:00+00:00, run_after=2025-07-03 00:00:00+00:00
[2025-07-03T17:52:49.292+0000] {processor.py:183} INFO - Processing /home/airflow/.local/lib/python3.8/site-packages/airflow/example_dags/example_branch_operator.py took 0.181 seconds
[2025-07-03T17:53:19.353+0000] {processor.py:161} INFO - Started process (PID=2445) to work on /home/airflow/.local/lib/python3.8/site-packages/airflow/example_dags/example_branch_operator.py
[2025-07-03T17:53:19.354+0000] {processor.py:830} INFO - Processing file /home/airflow/.local/lib/python3.8/site-packages/airflow/example_dags/example_branch_operator.py for tasks to queue
[2025-07-03T17:53:19.357+0000] {logging_mixin.py:188} INFO - [2025-07-03T17:53:19.357+0000] {dagbag.py:538} INFO - Filling up the DagBag from /home/airflow/.local/lib/python3.8/site-packages/airflow/example_dags/example_branch_operator.py
[2025-07-03T17:53:19.383+0000] {processor.py:840} INFO - DAG(s) 'example_branch_operator' retrieved from /home/airflow/.local/lib/python3.8/site-packages/airflow/example_dags/example_branch_operator.py
[2025-07-03T17:53:19.423+0000] {logging_mixin.py:188} INFO - [2025-07-03T17:53:19.423+0000] {dag.py:3036} INFO - Sync 1 DAGs
[2025-07-03T17:53:19.458+0000] {logging_mixin.py:188} INFO - [2025-07-03T17:53:19.458+0000] {dag.py:3823} INFO - Setting next_dagrun for example_branch_operator to 2025-07-02 00:00:00+00:00, run_after=2025-07-03 00:00:00+00:00
[2025-07-03T17:53:19.483+0000] {processor.py:183} INFO - Processing /home/airflow/.local/lib/python3.8/site-packages/airflow/example_dags/example_branch_operator.py took 0.135 seconds
[2025-07-03T17:53:49.672+0000] {processor.py:161} INFO - Started process (PID=2512) to work on /home/airflow/.local/lib/python3.8/site-packages/airflow/example_dags/example_branch_operator.py
[2025-07-03T17:53:49.673+0000] {processor.py:830} INFO - Processing file /home/airflow/.local/lib/python3.8/site-packages/airflow/example_dags/example_branch_operator.py for tasks to queue
[2025-07-03T17:53:49.675+0000] {logging_mixin.py:188} INFO - [2025-07-03T17:53:49.675+0000] {dagbag.py:538} INFO - Filling up the DagBag from /home/airflow/.local/lib/python3.8/site-packages/airflow/example_dags/example_branch_operator.py
[2025-07-03T17:53:49.702+0000] {processor.py:840} INFO - DAG(s) 'example_branch_operator' retrieved from /home/airflow/.local/lib/python3.8/site-packages/airflow/example_dags/example_branch_operator.py
[2025-07-03T17:53:49.744+0000] {logging_mixin.py:188} INFO - [2025-07-03T17:53:49.744+0000] {dag.py:3036} INFO - Sync 1 DAGs
[2025-07-03T17:53:49.780+0000] {logging_mixin.py:188} INFO - [2025-07-03T17:53:49.779+0000] {dag.py:3823} INFO - Setting next_dagrun for example_branch_operator to 2025-07-02 00:00:00+00:00, run_after=2025-07-03 00:00:00+00:00
[2025-07-03T17:53:49.808+0000] {processor.py:183} INFO - Processing /home/airflow/.local/lib/python3.8/site-packages/airflow/example_dags/example_branch_operator.py took 0.140 seconds
[2025-07-03T17:54:20.145+0000] {processor.py:161} INFO - Started process (PID=2576) to work on /home/airflow/.local/lib/python3.8/site-packages/airflow/example_dags/example_branch_operator.py
[2025-07-03T17:54:20.146+0000] {processor.py:830} INFO - Processing file /home/airflow/.local/lib/python3.8/site-packages/airflow/example_dags/example_branch_operator.py for tasks to queue
[2025-07-03T17:54:20.148+0000] {logging_mixin.py:188} INFO - [2025-07-03T17:54:20.147+0000] {dagbag.py:538} INFO - Filling up the DagBag from /home/airflow/.local/lib/python3.8/site-packages/airflow/example_dags/example_branch_operator.py
[2025-07-03T17:54:20.173+0000] {processor.py:840} INFO - DAG(s) 'example_branch_operator' retrieved from /home/airflow/.local/lib/python3.8/site-packages/airflow/example_dags/example_branch_operator.py
[2025-07-03T17:54:20.217+0000] {logging_mixin.py:188} INFO - [2025-07-03T17:54:20.216+0000] {dag.py:3036} INFO - Sync 1 DAGs
[2025-07-03T17:54:20.250+0000] {logging_mixin.py:188} INFO - [2025-07-03T17:54:20.250+0000] {dag.py:3823} INFO - Setting next_dagrun for example_branch_operator to 2025-07-02 00:00:00+00:00, run_after=2025-07-03 00:00:00+00:00
[2025-07-03T17:54:20.281+0000] {processor.py:183} INFO - Processing /home/airflow/.local/lib/python3.8/site-packages/airflow/example_dags/example_branch_operator.py took 0.140 seconds
[2025-07-03T17:54:51.141+0000] {processor.py:161} INFO - Started process (PID=2640) to work on /home/airflow/.local/lib/python3.8/site-packages/airflow/example_dags/example_branch_operator.py
[2025-07-03T17:54:51.189+0000] {processor.py:830} INFO - Processing file /home/airflow/.local/lib/python3.8/site-packages/airflow/example_dags/example_branch_operator.py for tasks to queue
[2025-07-03T17:54:51.192+0000] {logging_mixin.py:188} INFO - [2025-07-03T17:54:51.191+0000] {dagbag.py:538} INFO - Filling up the DagBag from /home/airflow/.local/lib/python3.8/site-packages/airflow/example_dags/example_branch_operator.py
[2025-07-03T17:54:51.225+0000] {processor.py:840} INFO - DAG(s) 'example_branch_operator' retrieved from /home/airflow/.local/lib/python3.8/site-packages/airflow/example_dags/example_branch_operator.py
[2025-07-03T17:54:51.276+0000] {logging_mixin.py:188} INFO - [2025-07-03T17:54:51.275+0000] {dag.py:3036} INFO - Sync 1 DAGs
[2025-07-03T17:54:51.344+0000] {logging_mixin.py:188} INFO - [2025-07-03T17:54:51.344+0000] {dag.py:3823} INFO - Setting next_dagrun for example_branch_operator to 2025-07-02 00:00:00+00:00, run_after=2025-07-03 00:00:00+00:00
[2025-07-03T17:54:51.390+0000] {processor.py:183} INFO - Processing /home/airflow/.local/lib/python3.8/site-packages/airflow/example_dags/example_branch_operator.py took 0.254 seconds
[2025-07-03T17:55:21.982+0000] {processor.py:161} INFO - Started process (PID=2705) to work on /home/airflow/.local/lib/python3.8/site-packages/airflow/example_dags/example_branch_operator.py
[2025-07-03T17:55:21.983+0000] {processor.py:830} INFO - Processing file /home/airflow/.local/lib/python3.8/site-packages/airflow/example_dags/example_branch_operator.py for tasks to queue
[2025-07-03T17:55:21.984+0000] {logging_mixin.py:188} INFO - [2025-07-03T17:55:21.984+0000] {dagbag.py:538} INFO - Filling up the DagBag from /home/airflow/.local/lib/python3.8/site-packages/airflow/example_dags/example_branch_operator.py
[2025-07-03T17:55:22.008+0000] {processor.py:840} INFO - DAG(s) 'example_branch_operator' retrieved from /home/airflow/.local/lib/python3.8/site-packages/airflow/example_dags/example_branch_operator.py
[2025-07-03T17:55:22.048+0000] {logging_mixin.py:188} INFO - [2025-07-03T17:55:22.047+0000] {dag.py:3036} INFO - Sync 1 DAGs
[2025-07-03T17:55:22.080+0000] {logging_mixin.py:188} INFO - [2025-07-03T17:55:22.080+0000] {dag.py:3823} INFO - Setting next_dagrun for example_branch_operator to 2025-07-02 00:00:00+00:00, run_after=2025-07-03 00:00:00+00:00
[2025-07-03T17:55:22.104+0000] {processor.py:183} INFO - Processing /home/airflow/.local/lib/python3.8/site-packages/airflow/example_dags/example_branch_operator.py took 0.127 seconds
[2025-07-03T17:55:53.153+0000] {processor.py:161} INFO - Started process (PID=2778) to work on /home/airflow/.local/lib/python3.8/site-packages/airflow/example_dags/example_branch_operator.py
[2025-07-03T17:55:53.158+0000] {processor.py:830} INFO - Processing file /home/airflow/.local/lib/python3.8/site-packages/airflow/example_dags/example_branch_operator.py for tasks to queue
[2025-07-03T17:55:53.162+0000] {logging_mixin.py:188} INFO - [2025-07-03T17:55:53.160+0000] {dagbag.py:538} INFO - Filling up the DagBag from /home/airflow/.local/lib/python3.8/site-packages/airflow/example_dags/example_branch_operator.py
[2025-07-03T17:55:53.203+0000] {processor.py:840} INFO - DAG(s) 'example_branch_operator' retrieved from /home/airflow/.local/lib/python3.8/site-packages/airflow/example_dags/example_branch_operator.py
[2025-07-03T17:55:53.295+0000] {logging_mixin.py:188} INFO - [2025-07-03T17:55:53.294+0000] {dag.py:3036} INFO - Sync 1 DAGs
[2025-07-03T17:55:53.388+0000] {logging_mixin.py:188} INFO - [2025-07-03T17:55:53.388+0000] {dag.py:3823} INFO - Setting next_dagrun for example_branch_operator to 2025-07-02 00:00:00+00:00, run_after=2025-07-03 00:00:00+00:00
[2025-07-03T17:55:53.443+0000] {processor.py:183} INFO - Processing /home/airflow/.local/lib/python3.8/site-packages/airflow/example_dags/example_branch_operator.py took 0.300 seconds
[2025-07-03T17:56:23.912+0000] {processor.py:161} INFO - Started process (PID=2845) to work on /home/airflow/.local/lib/python3.8/site-packages/airflow/example_dags/example_branch_operator.py
[2025-07-03T17:56:23.913+0000] {processor.py:830} INFO - Processing file /home/airflow/.local/lib/python3.8/site-packages/airflow/example_dags/example_branch_operator.py for tasks to queue
[2025-07-03T17:56:23.917+0000] {logging_mixin.py:188} INFO - [2025-07-03T17:56:23.916+0000] {dagbag.py:538} INFO - Filling up the DagBag from /home/airflow/.local/lib/python3.8/site-packages/airflow/example_dags/example_branch_operator.py
[2025-07-03T17:56:23.993+0000] {processor.py:840} INFO - DAG(s) 'example_branch_operator' retrieved from /home/airflow/.local/lib/python3.8/site-packages/airflow/example_dags/example_branch_operator.py
[2025-07-03T17:56:24.066+0000] {logging_mixin.py:188} INFO - [2025-07-03T17:56:24.065+0000] {dag.py:3036} INFO - Sync 1 DAGs
[2025-07-03T17:56:24.113+0000] {logging_mixin.py:188} INFO - [2025-07-03T17:56:24.112+0000] {dag.py:3823} INFO - Setting next_dagrun for example_branch_operator to 2025-07-02 00:00:00+00:00, run_after=2025-07-03 00:00:00+00:00
[2025-07-03T17:56:24.154+0000] {processor.py:183} INFO - Processing /home/airflow/.local/lib/python3.8/site-packages/airflow/example_dags/example_branch_operator.py took 0.253 seconds
[2025-07-03T17:56:55.024+0000] {processor.py:161} INFO - Started process (PID=2902) to work on /home/airflow/.local/lib/python3.8/site-packages/airflow/example_dags/example_branch_operator.py
[2025-07-03T17:56:55.029+0000] {processor.py:830} INFO - Processing file /home/airflow/.local/lib/python3.8/site-packages/airflow/example_dags/example_branch_operator.py for tasks to queue
[2025-07-03T17:56:55.038+0000] {logging_mixin.py:188} INFO - [2025-07-03T17:56:55.038+0000] {dagbag.py:538} INFO - Filling up the DagBag from /home/airflow/.local/lib/python3.8/site-packages/airflow/example_dags/example_branch_operator.py
[2025-07-03T17:56:55.217+0000] {processor.py:840} INFO - DAG(s) 'example_branch_operator' retrieved from /home/airflow/.local/lib/python3.8/site-packages/airflow/example_dags/example_branch_operator.py
[2025-07-03T17:56:55.453+0000] {logging_mixin.py:188} INFO - [2025-07-03T17:56:55.453+0000] {dag.py:3036} INFO - Sync 1 DAGs
[2025-07-03T17:56:55.663+0000] {logging_mixin.py:188} INFO - [2025-07-03T17:56:55.663+0000] {dag.py:3823} INFO - Setting next_dagrun for example_branch_operator to 2025-07-02 00:00:00+00:00, run_after=2025-07-03 00:00:00+00:00
[2025-07-03T17:56:55.824+0000] {processor.py:183} INFO - Processing /home/airflow/.local/lib/python3.8/site-packages/airflow/example_dags/example_branch_operator.py took 0.819 seconds
[2025-07-03T17:57:26.236+0000] {processor.py:161} INFO - Started process (PID=2965) to work on /home/airflow/.local/lib/python3.8/site-packages/airflow/example_dags/example_branch_operator.py
[2025-07-03T17:57:26.261+0000] {processor.py:830} INFO - Processing file /home/airflow/.local/lib/python3.8/site-packages/airflow/example_dags/example_branch_operator.py for tasks to queue
[2025-07-03T17:57:26.264+0000] {logging_mixin.py:188} INFO - [2025-07-03T17:57:26.263+0000] {dagbag.py:538} INFO - Filling up the DagBag from /home/airflow/.local/lib/python3.8/site-packages/airflow/example_dags/example_branch_operator.py
[2025-07-03T17:57:26.545+0000] {processor.py:840} INFO - DAG(s) 'example_branch_operator' retrieved from /home/airflow/.local/lib/python3.8/site-packages/airflow/example_dags/example_branch_operator.py
[2025-07-03T17:57:26.934+0000] {logging_mixin.py:188} INFO - [2025-07-03T17:57:26.934+0000] {dag.py:3036} INFO - Sync 1 DAGs
[2025-07-03T17:57:27.152+0000] {logging_mixin.py:188} INFO - [2025-07-03T17:57:27.151+0000] {dag.py:3823} INFO - Setting next_dagrun for example_branch_operator to 2025-07-02 00:00:00+00:00, run_after=2025-07-03 00:00:00+00:00
[2025-07-03T17:57:27.356+0000] {processor.py:183} INFO - Processing /home/airflow/.local/lib/python3.8/site-packages/airflow/example_dags/example_branch_operator.py took 1.144 seconds
[2025-07-03T17:57:57.498+0000] {processor.py:161} INFO - Started process (PID=3024) to work on /home/airflow/.local/lib/python3.8/site-packages/airflow/example_dags/example_branch_operator.py
[2025-07-03T17:57:57.505+0000] {processor.py:830} INFO - Processing file /home/airflow/.local/lib/python3.8/site-packages/airflow/example_dags/example_branch_operator.py for tasks to queue
[2025-07-03T17:57:57.522+0000] {logging_mixin.py:188} INFO - [2025-07-03T17:57:57.519+0000] {dagbag.py:538} INFO - Filling up the DagBag from /home/airflow/.local/lib/python3.8/site-packages/airflow/example_dags/example_branch_operator.py
[2025-07-03T17:57:57.620+0000] {processor.py:840} INFO - DAG(s) 'example_branch_operator' retrieved from /home/airflow/.local/lib/python3.8/site-packages/airflow/example_dags/example_branch_operator.py
[2025-07-03T17:57:57.774+0000] {logging_mixin.py:188} INFO - [2025-07-03T17:57:57.773+0000] {dag.py:3036} INFO - Sync 1 DAGs
[2025-07-03T17:57:57.924+0000] {logging_mixin.py:188} INFO - [2025-07-03T17:57:57.923+0000] {dag.py:3823} INFO - Setting next_dagrun for example_branch_operator to 2025-07-02 00:00:00+00:00, run_after=2025-07-03 00:00:00+00:00
[2025-07-03T17:57:58.046+0000] {processor.py:183} INFO - Processing /home/airflow/.local/lib/python3.8/site-packages/airflow/example_dags/example_branch_operator.py took 0.575 seconds
[2025-07-03T17:58:28.214+0000] {processor.py:161} INFO - Started process (PID=3088) to work on /home/airflow/.local/lib/python3.8/site-packages/airflow/example_dags/example_branch_operator.py
[2025-07-03T17:58:28.218+0000] {processor.py:830} INFO - Processing file /home/airflow/.local/lib/python3.8/site-packages/airflow/example_dags/example_branch_operator.py for tasks to queue
[2025-07-03T17:58:28.224+0000] {logging_mixin.py:188} INFO - [2025-07-03T17:58:28.223+0000] {dagbag.py:538} INFO - Filling up the DagBag from /home/airflow/.local/lib/python3.8/site-packages/airflow/example_dags/example_branch_operator.py
[2025-07-03T17:58:28.266+0000] {processor.py:840} INFO - DAG(s) 'example_branch_operator' retrieved from /home/airflow/.local/lib/python3.8/site-packages/airflow/example_dags/example_branch_operator.py
[2025-07-03T17:58:28.318+0000] {logging_mixin.py:188} INFO - [2025-07-03T17:58:28.317+0000] {dag.py:3036} INFO - Sync 1 DAGs
[2025-07-03T17:58:28.362+0000] {logging_mixin.py:188} INFO - [2025-07-03T17:58:28.362+0000] {dag.py:3823} INFO - Setting next_dagrun for example_branch_operator to 2025-07-02 00:00:00+00:00, run_after=2025-07-03 00:00:00+00:00
[2025-07-03T17:58:28.393+0000] {processor.py:183} INFO - Processing /home/airflow/.local/lib/python3.8/site-packages/airflow/example_dags/example_branch_operator.py took 0.185 seconds
[2025-07-03T17:59:00.221+0000] {processor.py:161} INFO - Started process (PID=3153) to work on /home/airflow/.local/lib/python3.8/site-packages/airflow/example_dags/example_branch_operator.py
[2025-07-03T17:59:00.223+0000] {processor.py:830} INFO - Processing file /home/airflow/.local/lib/python3.8/site-packages/airflow/example_dags/example_branch_operator.py for tasks to queue
[2025-07-03T17:59:00.225+0000] {logging_mixin.py:188} INFO - [2025-07-03T17:59:00.225+0000] {dagbag.py:538} INFO - Filling up the DagBag from /home/airflow/.local/lib/python3.8/site-packages/airflow/example_dags/example_branch_operator.py
[2025-07-03T17:59:00.258+0000] {processor.py:840} INFO - DAG(s) 'example_branch_operator' retrieved from /home/airflow/.local/lib/python3.8/site-packages/airflow/example_dags/example_branch_operator.py
[2025-07-03T17:59:00.313+0000] {logging_mixin.py:188} INFO - [2025-07-03T17:59:00.312+0000] {dag.py:3036} INFO - Sync 1 DAGs
[2025-07-03T17:59:00.359+0000] {logging_mixin.py:188} INFO - [2025-07-03T17:59:00.359+0000] {dag.py:3823} INFO - Setting next_dagrun for example_branch_operator to 2025-07-02 00:00:00+00:00, run_after=2025-07-03 00:00:00+00:00
[2025-07-03T17:59:00.418+0000] {processor.py:183} INFO - Processing /home/airflow/.local/lib/python3.8/site-packages/airflow/example_dags/example_branch_operator.py took 0.202 seconds
[2025-07-03T17:59:30.854+0000] {processor.py:161} INFO - Started process (PID=3218) to work on /home/airflow/.local/lib/python3.8/site-packages/airflow/example_dags/example_branch_operator.py
[2025-07-03T17:59:30.856+0000] {processor.py:830} INFO - Processing file /home/airflow/.local/lib/python3.8/site-packages/airflow/example_dags/example_branch_operator.py for tasks to queue
[2025-07-03T17:59:30.858+0000] {logging_mixin.py:188} INFO - [2025-07-03T17:59:30.858+0000] {dagbag.py:538} INFO - Filling up the DagBag from /home/airflow/.local/lib/python3.8/site-packages/airflow/example_dags/example_branch_operator.py
[2025-07-03T17:59:30.943+0000] {processor.py:840} INFO - DAG(s) 'example_branch_operator' retrieved from /home/airflow/.local/lib/python3.8/site-packages/airflow/example_dags/example_branch_operator.py
[2025-07-03T17:59:31.041+0000] {logging_mixin.py:188} INFO - [2025-07-03T17:59:31.040+0000] {dag.py:3036} INFO - Sync 1 DAGs
[2025-07-03T17:59:31.118+0000] {logging_mixin.py:188} INFO - [2025-07-03T17:59:31.118+0000] {dag.py:3823} INFO - Setting next_dagrun for example_branch_operator to 2025-07-02 00:00:00+00:00, run_after=2025-07-03 00:00:00+00:00
[2025-07-03T17:59:31.183+0000] {processor.py:183} INFO - Processing /home/airflow/.local/lib/python3.8/site-packages/airflow/example_dags/example_branch_operator.py took 0.342 seconds
[2025-07-03T18:00:01.496+0000] {processor.py:161} INFO - Started process (PID=3280) to work on /home/airflow/.local/lib/python3.8/site-packages/airflow/example_dags/example_branch_operator.py
[2025-07-03T18:00:01.498+0000] {processor.py:830} INFO - Processing file /home/airflow/.local/lib/python3.8/site-packages/airflow/example_dags/example_branch_operator.py for tasks to queue
[2025-07-03T18:00:01.500+0000] {logging_mixin.py:188} INFO - [2025-07-03T18:00:01.500+0000] {dagbag.py:538} INFO - Filling up the DagBag from /home/airflow/.local/lib/python3.8/site-packages/airflow/example_dags/example_branch_operator.py
[2025-07-03T18:00:01.534+0000] {processor.py:840} INFO - DAG(s) 'example_branch_operator' retrieved from /home/airflow/.local/lib/python3.8/site-packages/airflow/example_dags/example_branch_operator.py
[2025-07-03T18:00:01.606+0000] {logging_mixin.py:188} INFO - [2025-07-03T18:00:01.606+0000] {dag.py:3036} INFO - Sync 1 DAGs
[2025-07-03T18:00:02.000+0000] {logging_mixin.py:188} INFO - [2025-07-03T18:00:02.000+0000] {dag.py:3823} INFO - Setting next_dagrun for example_branch_operator to 2025-07-02 00:00:00+00:00, run_after=2025-07-03 00:00:00+00:00
[2025-07-03T18:00:02.062+0000] {processor.py:183} INFO - Processing /home/airflow/.local/lib/python3.8/site-packages/airflow/example_dags/example_branch_operator.py took 0.570 seconds
[2025-07-03T18:00:32.941+0000] {processor.py:161} INFO - Started process (PID=3344) to work on /home/airflow/.local/lib/python3.8/site-packages/airflow/example_dags/example_branch_operator.py
[2025-07-03T18:00:32.943+0000] {processor.py:830} INFO - Processing file /home/airflow/.local/lib/python3.8/site-packages/airflow/example_dags/example_branch_operator.py for tasks to queue
[2025-07-03T18:00:32.946+0000] {logging_mixin.py:188} INFO - [2025-07-03T18:00:32.945+0000] {dagbag.py:538} INFO - Filling up the DagBag from /home/airflow/.local/lib/python3.8/site-packages/airflow/example_dags/example_branch_operator.py
[2025-07-03T18:00:32.977+0000] {processor.py:840} INFO - DAG(s) 'example_branch_operator' retrieved from /home/airflow/.local/lib/python3.8/site-packages/airflow/example_dags/example_branch_operator.py
[2025-07-03T18:00:33.033+0000] {logging_mixin.py:188} INFO - [2025-07-03T18:00:33.033+0000] {dag.py:3036} INFO - Sync 1 DAGs
[2025-07-03T18:00:33.077+0000] {logging_mixin.py:188} INFO - [2025-07-03T18:00:33.076+0000] {dag.py:3823} INFO - Setting next_dagrun for example_branch_operator to 2025-07-02 00:00:00+00:00, run_after=2025-07-03 00:00:00+00:00
[2025-07-03T18:00:33.110+0000] {processor.py:183} INFO - Processing /home/airflow/.local/lib/python3.8/site-packages/airflow/example_dags/example_branch_operator.py took 0.173 seconds
[2025-07-03T18:01:03.501+0000] {processor.py:161} INFO - Started process (PID=3409) to work on /home/airflow/.local/lib/python3.8/site-packages/airflow/example_dags/example_branch_operator.py
[2025-07-03T18:01:03.502+0000] {processor.py:830} INFO - Processing file /home/airflow/.local/lib/python3.8/site-packages/airflow/example_dags/example_branch_operator.py for tasks to queue
[2025-07-03T18:01:03.517+0000] {logging_mixin.py:188} INFO - [2025-07-03T18:01:03.504+0000] {dagbag.py:538} INFO - Filling up the DagBag from /home/airflow/.local/lib/python3.8/site-packages/airflow/example_dags/example_branch_operator.py
[2025-07-03T18:01:03.664+0000] {processor.py:840} INFO - DAG(s) 'example_branch_operator' retrieved from /home/airflow/.local/lib/python3.8/site-packages/airflow/example_dags/example_branch_operator.py
[2025-07-03T18:01:03.782+0000] {logging_mixin.py:188} INFO - [2025-07-03T18:01:03.780+0000] {dag.py:3036} INFO - Sync 1 DAGs
[2025-07-03T18:01:03.920+0000] {logging_mixin.py:188} INFO - [2025-07-03T18:01:03.920+0000] {dag.py:3823} INFO - Setting next_dagrun for example_branch_operator to 2025-07-02 00:00:00+00:00, run_after=2025-07-03 00:00:00+00:00
[2025-07-03T18:01:03.986+0000] {processor.py:183} INFO - Processing /home/airflow/.local/lib/python3.8/site-packages/airflow/example_dags/example_branch_operator.py took 0.510 seconds
[2025-07-03T18:01:34.139+0000] {processor.py:161} INFO - Started process (PID=3472) to work on /home/airflow/.local/lib/python3.8/site-packages/airflow/example_dags/example_branch_operator.py
[2025-07-03T18:01:34.143+0000] {processor.py:830} INFO - Processing file /home/airflow/.local/lib/python3.8/site-packages/airflow/example_dags/example_branch_operator.py for tasks to queue
[2025-07-03T18:01:34.146+0000] {logging_mixin.py:188} INFO - [2025-07-03T18:01:34.145+0000] {dagbag.py:538} INFO - Filling up the DagBag from /home/airflow/.local/lib/python3.8/site-packages/airflow/example_dags/example_branch_operator.py
[2025-07-03T18:01:34.254+0000] {processor.py:840} INFO - DAG(s) 'example_branch_operator' retrieved from /home/airflow/.local/lib/python3.8/site-packages/airflow/example_dags/example_branch_operator.py
[2025-07-03T18:01:34.411+0000] {logging_mixin.py:188} INFO - [2025-07-03T18:01:34.410+0000] {dag.py:3036} INFO - Sync 1 DAGs
[2025-07-03T18:01:34.562+0000] {logging_mixin.py:188} INFO - [2025-07-03T18:01:34.562+0000] {dag.py:3823} INFO - Setting next_dagrun for example_branch_operator to 2025-07-02 00:00:00+00:00, run_after=2025-07-03 00:00:00+00:00
[2025-07-03T18:01:34.671+0000] {processor.py:183} INFO - Processing /home/airflow/.local/lib/python3.8/site-packages/airflow/example_dags/example_branch_operator.py took 0.558 seconds
[2025-07-03T18:02:05.548+0000] {processor.py:161} INFO - Started process (PID=3530) to work on /home/airflow/.local/lib/python3.8/site-packages/airflow/example_dags/example_branch_operator.py
[2025-07-03T18:02:05.551+0000] {processor.py:830} INFO - Processing file /home/airflow/.local/lib/python3.8/site-packages/airflow/example_dags/example_branch_operator.py for tasks to queue
[2025-07-03T18:02:05.561+0000] {logging_mixin.py:188} INFO - [2025-07-03T18:02:05.561+0000] {dagbag.py:538} INFO - Filling up the DagBag from /home/airflow/.local/lib/python3.8/site-packages/airflow/example_dags/example_branch_operator.py
[2025-07-03T18:02:05.617+0000] {processor.py:840} INFO - DAG(s) 'example_branch_operator' retrieved from /home/airflow/.local/lib/python3.8/site-packages/airflow/example_dags/example_branch_operator.py
[2025-07-03T18:02:05.797+0000] {logging_mixin.py:188} INFO - [2025-07-03T18:02:05.797+0000] {dag.py:3036} INFO - Sync 1 DAGs
[2025-07-03T18:02:06.382+0000] {logging_mixin.py:188} INFO - [2025-07-03T18:02:06.382+0000] {dag.py:3823} INFO - Setting next_dagrun for example_branch_operator to 2025-07-02 00:00:00+00:00, run_after=2025-07-03 00:00:00+00:00
[2025-07-03T18:02:06.442+0000] {processor.py:183} INFO - Processing /home/airflow/.local/lib/python3.8/site-packages/airflow/example_dags/example_branch_operator.py took 0.899 seconds
[2025-07-03T18:02:36.630+0000] {processor.py:161} INFO - Started process (PID=3595) to work on /home/airflow/.local/lib/python3.8/site-packages/airflow/example_dags/example_branch_operator.py
[2025-07-03T18:02:36.635+0000] {processor.py:830} INFO - Processing file /home/airflow/.local/lib/python3.8/site-packages/airflow/example_dags/example_branch_operator.py for tasks to queue
[2025-07-03T18:02:36.638+0000] {logging_mixin.py:188} INFO - [2025-07-03T18:02:36.638+0000] {dagbag.py:538} INFO - Filling up the DagBag from /home/airflow/.local/lib/python3.8/site-packages/airflow/example_dags/example_branch_operator.py
[2025-07-03T18:02:36.704+0000] {processor.py:840} INFO - DAG(s) 'example_branch_operator' retrieved from /home/airflow/.local/lib/python3.8/site-packages/airflow/example_dags/example_branch_operator.py
[2025-07-03T18:02:36.802+0000] {logging_mixin.py:188} INFO - [2025-07-03T18:02:36.801+0000] {dag.py:3036} INFO - Sync 1 DAGs
[2025-07-03T18:02:37.121+0000] {logging_mixin.py:188} INFO - [2025-07-03T18:02:37.121+0000] {dag.py:3823} INFO - Setting next_dagrun for example_branch_operator to 2025-07-02 00:00:00+00:00, run_after=2025-07-03 00:00:00+00:00
[2025-07-03T18:02:37.174+0000] {processor.py:183} INFO - Processing /home/airflow/.local/lib/python3.8/site-packages/airflow/example_dags/example_branch_operator.py took 0.579 seconds
[2025-07-03T18:03:07.770+0000] {processor.py:161} INFO - Started process (PID=3659) to work on /home/airflow/.local/lib/python3.8/site-packages/airflow/example_dags/example_branch_operator.py
[2025-07-03T18:03:07.783+0000] {processor.py:830} INFO - Processing file /home/airflow/.local/lib/python3.8/site-packages/airflow/example_dags/example_branch_operator.py for tasks to queue
[2025-07-03T18:03:07.798+0000] {logging_mixin.py:188} INFO - [2025-07-03T18:03:07.797+0000] {dagbag.py:538} INFO - Filling up the DagBag from /home/airflow/.local/lib/python3.8/site-packages/airflow/example_dags/example_branch_operator.py
[2025-07-03T18:03:07.980+0000] {processor.py:840} INFO - DAG(s) 'example_branch_operator' retrieved from /home/airflow/.local/lib/python3.8/site-packages/airflow/example_dags/example_branch_operator.py
[2025-07-03T18:03:08.226+0000] {logging_mixin.py:188} INFO - [2025-07-03T18:03:08.225+0000] {dag.py:3036} INFO - Sync 1 DAGs
[2025-07-03T18:03:08.423+0000] {logging_mixin.py:188} INFO - [2025-07-03T18:03:08.423+0000] {dag.py:3823} INFO - Setting next_dagrun for example_branch_operator to 2025-07-02 00:00:00+00:00, run_after=2025-07-03 00:00:00+00:00
[2025-07-03T18:03:08.584+0000] {processor.py:183} INFO - Processing /home/airflow/.local/lib/python3.8/site-packages/airflow/example_dags/example_branch_operator.py took 0.827 seconds
[2025-07-03T18:04:30.359+0000] {processor.py:161} INFO - Started process (PID=3741) to work on /home/airflow/.local/lib/python3.8/site-packages/airflow/example_dags/example_branch_operator.py
[2025-07-03T18:04:30.382+0000] {processor.py:830} INFO - Processing file /home/airflow/.local/lib/python3.8/site-packages/airflow/example_dags/example_branch_operator.py for tasks to queue
[2025-07-03T18:04:30.446+0000] {logging_mixin.py:188} INFO - [2025-07-03T18:04:30.445+0000] {dagbag.py:538} INFO - Filling up the DagBag from /home/airflow/.local/lib/python3.8/site-packages/airflow/example_dags/example_branch_operator.py
[2025-07-03T18:04:31.596+0000] {processor.py:840} INFO - DAG(s) 'example_branch_operator' retrieved from /home/airflow/.local/lib/python3.8/site-packages/airflow/example_dags/example_branch_operator.py
[2025-07-03T18:04:32.682+0000] {logging_mixin.py:188} INFO - [2025-07-03T18:04:32.681+0000] {dag.py:3036} INFO - Sync 1 DAGs
[2025-07-03T18:04:33.692+0000] {logging_mixin.py:188} INFO - [2025-07-03T18:04:33.692+0000] {dag.py:3823} INFO - Setting next_dagrun for example_branch_operator to 2025-07-02 00:00:00+00:00, run_after=2025-07-03 00:00:00+00:00
[2025-07-03T18:04:34.327+0000] {processor.py:183} INFO - Processing /home/airflow/.local/lib/python3.8/site-packages/airflow/example_dags/example_branch_operator.py took 4.062 seconds
[2025-07-03T18:06:52.699+0000] {processor.py:161} INFO - Started process (PID=3858) to work on /home/airflow/.local/lib/python3.8/site-packages/airflow/example_dags/example_branch_operator.py
[2025-07-03T18:06:52.821+0000] {processor.py:830} INFO - Processing file /home/airflow/.local/lib/python3.8/site-packages/airflow/example_dags/example_branch_operator.py for tasks to queue
[2025-07-03T18:06:52.823+0000] {logging_mixin.py:188} INFO - [2025-07-03T18:06:52.823+0000] {dagbag.py:538} INFO - Filling up the DagBag from /home/airflow/.local/lib/python3.8/site-packages/airflow/example_dags/example_branch_operator.py
[2025-07-03T18:06:54.099+0000] {processor.py:840} INFO - DAG(s) 'example_branch_operator' retrieved from /home/airflow/.local/lib/python3.8/site-packages/airflow/example_dags/example_branch_operator.py
[2025-07-03T18:06:56.261+0000] {logging_mixin.py:188} INFO - [2025-07-03T18:06:56.208+0000] {dag.py:3036} INFO - Sync 1 DAGs
[2025-07-03T18:06:57.936+0000] {logging_mixin.py:188} INFO - [2025-07-03T18:06:57.919+0000] {dag.py:3823} INFO - Setting next_dagrun for example_branch_operator to 2025-07-02 00:00:00+00:00, run_after=2025-07-03 00:00:00+00:00
[2025-07-03T18:06:59.124+0000] {processor.py:183} INFO - Processing /home/airflow/.local/lib/python3.8/site-packages/airflow/example_dags/example_branch_operator.py took 6.595 seconds
[2025-07-03T18:21:14.194+0000] {processor.py:161} INFO - Started process (PID=123) to work on /home/airflow/.local/lib/python3.8/site-packages/airflow/example_dags/example_branch_operator.py
[2025-07-03T18:21:14.197+0000] {processor.py:830} INFO - Processing file /home/airflow/.local/lib/python3.8/site-packages/airflow/example_dags/example_branch_operator.py for tasks to queue
[2025-07-03T18:21:14.200+0000] {logging_mixin.py:188} INFO - [2025-07-03T18:21:14.199+0000] {dagbag.py:538} INFO - Filling up the DagBag from /home/airflow/.local/lib/python3.8/site-packages/airflow/example_dags/example_branch_operator.py
[2025-07-03T18:21:14.232+0000] {processor.py:840} INFO - DAG(s) 'example_branch_operator' retrieved from /home/airflow/.local/lib/python3.8/site-packages/airflow/example_dags/example_branch_operator.py
[2025-07-03T18:21:14.454+0000] {logging_mixin.py:188} INFO - [2025-07-03T18:21:14.453+0000] {dag.py:3036} INFO - Sync 1 DAGs
[2025-07-03T18:21:14.500+0000] {logging_mixin.py:188} INFO - [2025-07-03T18:21:14.499+0000] {dag.py:3823} INFO - Setting next_dagrun for example_branch_operator to 2025-07-02 00:00:00+00:00, run_after=2025-07-03 00:00:00+00:00
[2025-07-03T18:21:14.536+0000] {processor.py:183} INFO - Processing /home/airflow/.local/lib/python3.8/site-packages/airflow/example_dags/example_branch_operator.py took 0.346 seconds
[2025-07-03T18:21:45.223+0000] {processor.py:161} INFO - Started process (PID=188) to work on /home/airflow/.local/lib/python3.8/site-packages/airflow/example_dags/example_branch_operator.py
[2025-07-03T18:21:45.224+0000] {processor.py:830} INFO - Processing file /home/airflow/.local/lib/python3.8/site-packages/airflow/example_dags/example_branch_operator.py for tasks to queue
[2025-07-03T18:21:45.227+0000] {logging_mixin.py:188} INFO - [2025-07-03T18:21:45.226+0000] {dagbag.py:538} INFO - Filling up the DagBag from /home/airflow/.local/lib/python3.8/site-packages/airflow/example_dags/example_branch_operator.py
[2025-07-03T18:21:45.260+0000] {processor.py:840} INFO - DAG(s) 'example_branch_operator' retrieved from /home/airflow/.local/lib/python3.8/site-packages/airflow/example_dags/example_branch_operator.py
[2025-07-03T18:21:45.311+0000] {logging_mixin.py:188} INFO - [2025-07-03T18:21:45.311+0000] {dag.py:3036} INFO - Sync 1 DAGs
[2025-07-03T18:21:45.355+0000] {logging_mixin.py:188} INFO - [2025-07-03T18:21:45.354+0000] {dag.py:3823} INFO - Setting next_dagrun for example_branch_operator to 2025-07-02 00:00:00+00:00, run_after=2025-07-03 00:00:00+00:00
[2025-07-03T18:21:45.389+0000] {processor.py:183} INFO - Processing /home/airflow/.local/lib/python3.8/site-packages/airflow/example_dags/example_branch_operator.py took 0.171 seconds
[2025-07-03T18:22:15.565+0000] {processor.py:161} INFO - Started process (PID=254) to work on /home/airflow/.local/lib/python3.8/site-packages/airflow/example_dags/example_branch_operator.py
[2025-07-03T18:22:15.567+0000] {processor.py:830} INFO - Processing file /home/airflow/.local/lib/python3.8/site-packages/airflow/example_dags/example_branch_operator.py for tasks to queue
[2025-07-03T18:22:15.569+0000] {logging_mixin.py:188} INFO - [2025-07-03T18:22:15.569+0000] {dagbag.py:538} INFO - Filling up the DagBag from /home/airflow/.local/lib/python3.8/site-packages/airflow/example_dags/example_branch_operator.py
[2025-07-03T18:22:15.602+0000] {processor.py:840} INFO - DAG(s) 'example_branch_operator' retrieved from /home/airflow/.local/lib/python3.8/site-packages/airflow/example_dags/example_branch_operator.py
[2025-07-03T18:22:15.641+0000] {logging_mixin.py:188} INFO - [2025-07-03T18:22:15.641+0000] {dag.py:3036} INFO - Sync 1 DAGs
[2025-07-03T18:22:15.673+0000] {logging_mixin.py:188} INFO - [2025-07-03T18:22:15.673+0000] {dag.py:3823} INFO - Setting next_dagrun for example_branch_operator to 2025-07-02 00:00:00+00:00, run_after=2025-07-03 00:00:00+00:00
[2025-07-03T18:22:15.696+0000] {processor.py:183} INFO - Processing /home/airflow/.local/lib/python3.8/site-packages/airflow/example_dags/example_branch_operator.py took 0.134 seconds
[2025-07-03T18:22:47.151+0000] {processor.py:161} INFO - Started process (PID=321) to work on /home/airflow/.local/lib/python3.8/site-packages/airflow/example_dags/example_branch_operator.py
[2025-07-03T18:22:47.157+0000] {processor.py:830} INFO - Processing file /home/airflow/.local/lib/python3.8/site-packages/airflow/example_dags/example_branch_operator.py for tasks to queue
[2025-07-03T18:22:47.162+0000] {logging_mixin.py:188} INFO - [2025-07-03T18:22:47.161+0000] {dagbag.py:538} INFO - Filling up the DagBag from /home/airflow/.local/lib/python3.8/site-packages/airflow/example_dags/example_branch_operator.py
[2025-07-03T18:22:47.234+0000] {processor.py:840} INFO - DAG(s) 'example_branch_operator' retrieved from /home/airflow/.local/lib/python3.8/site-packages/airflow/example_dags/example_branch_operator.py
[2025-07-03T18:22:47.288+0000] {logging_mixin.py:188} INFO - [2025-07-03T18:22:47.288+0000] {dag.py:3036} INFO - Sync 1 DAGs
[2025-07-03T18:22:47.384+0000] {logging_mixin.py:188} INFO - [2025-07-03T18:22:47.383+0000] {dag.py:3823} INFO - Setting next_dagrun for example_branch_operator to 2025-07-02 00:00:00+00:00, run_after=2025-07-03 00:00:00+00:00
[2025-07-03T18:22:47.456+0000] {processor.py:183} INFO - Processing /home/airflow/.local/lib/python3.8/site-packages/airflow/example_dags/example_branch_operator.py took 0.322 seconds
[2025-07-03T18:23:17.639+0000] {processor.py:161} INFO - Started process (PID=387) to work on /home/airflow/.local/lib/python3.8/site-packages/airflow/example_dags/example_branch_operator.py
[2025-07-03T18:23:17.641+0000] {processor.py:830} INFO - Processing file /home/airflow/.local/lib/python3.8/site-packages/airflow/example_dags/example_branch_operator.py for tasks to queue
[2025-07-03T18:23:17.644+0000] {logging_mixin.py:188} INFO - [2025-07-03T18:23:17.643+0000] {dagbag.py:538} INFO - Filling up the DagBag from /home/airflow/.local/lib/python3.8/site-packages/airflow/example_dags/example_branch_operator.py
[2025-07-03T18:23:17.678+0000] {processor.py:840} INFO - DAG(s) 'example_branch_operator' retrieved from /home/airflow/.local/lib/python3.8/site-packages/airflow/example_dags/example_branch_operator.py
[2025-07-03T18:23:17.748+0000] {logging_mixin.py:188} INFO - [2025-07-03T18:23:17.747+0000] {dag.py:3036} INFO - Sync 1 DAGs
[2025-07-03T18:23:17.838+0000] {logging_mixin.py:188} INFO - [2025-07-03T18:23:17.838+0000] {dag.py:3823} INFO - Setting next_dagrun for example_branch_operator to 2025-07-02 00:00:00+00:00, run_after=2025-07-03 00:00:00+00:00
[2025-07-03T18:23:17.946+0000] {processor.py:183} INFO - Processing /home/airflow/.local/lib/python3.8/site-packages/airflow/example_dags/example_branch_operator.py took 0.312 seconds
[2025-07-03T18:23:49.038+0000] {processor.py:161} INFO - Started process (PID=459) to work on /home/airflow/.local/lib/python3.8/site-packages/airflow/example_dags/example_branch_operator.py
[2025-07-03T18:23:49.039+0000] {processor.py:830} INFO - Processing file /home/airflow/.local/lib/python3.8/site-packages/airflow/example_dags/example_branch_operator.py for tasks to queue
[2025-07-03T18:23:49.042+0000] {logging_mixin.py:188} INFO - [2025-07-03T18:23:49.041+0000] {dagbag.py:538} INFO - Filling up the DagBag from /home/airflow/.local/lib/python3.8/site-packages/airflow/example_dags/example_branch_operator.py
[2025-07-03T18:23:49.076+0000] {processor.py:840} INFO - DAG(s) 'example_branch_operator' retrieved from /home/airflow/.local/lib/python3.8/site-packages/airflow/example_dags/example_branch_operator.py
[2025-07-03T18:23:49.131+0000] {logging_mixin.py:188} INFO - [2025-07-03T18:23:49.131+0000] {dag.py:3036} INFO - Sync 1 DAGs
[2025-07-03T18:23:49.178+0000] {logging_mixin.py:188} INFO - [2025-07-03T18:23:49.178+0000] {dag.py:3823} INFO - Setting next_dagrun for example_branch_operator to 2025-07-02 00:00:00+00:00, run_after=2025-07-03 00:00:00+00:00
[2025-07-03T18:23:49.212+0000] {processor.py:183} INFO - Processing /home/airflow/.local/lib/python3.8/site-packages/airflow/example_dags/example_branch_operator.py took 0.178 seconds
[2025-07-03T18:24:19.486+0000] {processor.py:161} INFO - Started process (PID=525) to work on /home/airflow/.local/lib/python3.8/site-packages/airflow/example_dags/example_branch_operator.py
[2025-07-03T18:24:19.497+0000] {processor.py:830} INFO - Processing file /home/airflow/.local/lib/python3.8/site-packages/airflow/example_dags/example_branch_operator.py for tasks to queue
[2025-07-03T18:24:19.500+0000] {logging_mixin.py:188} INFO - [2025-07-03T18:24:19.499+0000] {dagbag.py:538} INFO - Filling up the DagBag from /home/airflow/.local/lib/python3.8/site-packages/airflow/example_dags/example_branch_operator.py
[2025-07-03T18:24:19.563+0000] {processor.py:840} INFO - DAG(s) 'example_branch_operator' retrieved from /home/airflow/.local/lib/python3.8/site-packages/airflow/example_dags/example_branch_operator.py
[2025-07-03T18:24:19.662+0000] {logging_mixin.py:188} INFO - [2025-07-03T18:24:19.661+0000] {dag.py:3036} INFO - Sync 1 DAGs
[2025-07-03T18:24:19.750+0000] {logging_mixin.py:188} INFO - [2025-07-03T18:24:19.750+0000] {dag.py:3823} INFO - Setting next_dagrun for example_branch_operator to 2025-07-02 00:00:00+00:00, run_after=2025-07-03 00:00:00+00:00
[2025-07-03T18:24:19.810+0000] {processor.py:183} INFO - Processing /home/airflow/.local/lib/python3.8/site-packages/airflow/example_dags/example_branch_operator.py took 0.329 seconds
