[2025-07-03T17:35:41.227+0000] {processor.py:161} INFO - Started process (PID=238) to work on /home/airflow/.local/lib/python3.8/site-packages/airflow/example_dags/example_short_circuit_decorator.py
[2025-07-03T17:35:41.228+0000] {processor.py:830} INFO - Processing file /home/airflow/.local/lib/python3.8/site-packages/airflow/example_dags/example_short_circuit_decorator.py for tasks to queue
[2025-07-03T17:35:41.231+0000] {logging_mixin.py:188} INFO - [2025-07-03T17:35:41.231+0000] {dagbag.py:538} INFO - Filling up the DagBag from /home/airflow/.local/lib/python3.8/site-packages/airflow/example_dags/example_short_circuit_decorator.py
[2025-07-03T17:35:41.270+0000] {processor.py:840} INFO - DAG(s) 'example_short_circuit_decorator' retrieved from /home/airflow/.local/lib/python3.8/site-packages/airflow/example_dags/example_short_circuit_decorator.py
[2025-07-03T17:35:41.901+0000] {logging_mixin.py:188} INFO - [2025-07-03T17:35:41.900+0000] {dag.py:3036} INFO - Sync 1 DAGs
[2025-07-03T17:35:42.091+0000] {logging_mixin.py:188} INFO - [2025-07-03T17:35:42.090+0000] {dag.py:3823} INFO - Setting next_dagrun for example_short_circuit_decorator to 2025-07-02 00:00:00+00:00, run_after=2025-07-03 00:00:00+00:00
[2025-07-03T17:35:42.219+0000] {processor.py:183} INFO - Processing /home/airflow/.local/lib/python3.8/site-packages/airflow/example_dags/example_short_circuit_decorator.py took 1.007 seconds
[2025-07-03T17:36:15.036+0000] {processor.py:161} INFO - Started process (PID=303) to work on /home/airflow/.local/lib/python3.8/site-packages/airflow/example_dags/example_short_circuit_decorator.py
[2025-07-03T17:36:15.067+0000] {processor.py:830} INFO - Processing file /home/airflow/.local/lib/python3.8/site-packages/airflow/example_dags/example_short_circuit_decorator.py for tasks to queue
[2025-07-03T17:36:15.102+0000] {logging_mixin.py:188} INFO - [2025-07-03T17:36:15.101+0000] {dagbag.py:538} INFO - Filling up the DagBag from /home/airflow/.local/lib/python3.8/site-packages/airflow/example_dags/example_short_circuit_decorator.py
[2025-07-03T17:36:15.210+0000] {processor.py:840} INFO - DAG(s) 'example_short_circuit_decorator' retrieved from /home/airflow/.local/lib/python3.8/site-packages/airflow/example_dags/example_short_circuit_decorator.py
[2025-07-03T17:36:15.482+0000] {logging_mixin.py:188} INFO - [2025-07-03T17:36:15.481+0000] {dag.py:3036} INFO - Sync 1 DAGs
[2025-07-03T17:36:15.727+0000] {logging_mixin.py:188} INFO - [2025-07-03T17:36:15.726+0000] {dag.py:3823} INFO - Setting next_dagrun for example_short_circuit_decorator to 2025-07-02 00:00:00+00:00, run_after=2025-07-03 00:00:00+00:00
[2025-07-03T17:36:15.881+0000] {processor.py:183} INFO - Processing /home/airflow/.local/lib/python3.8/site-packages/airflow/example_dags/example_short_circuit_decorator.py took 0.859 seconds
[2025-07-03T17:36:46.417+0000] {processor.py:161} INFO - Started process (PID=360) to work on /home/airflow/.local/lib/python3.8/site-packages/airflow/example_dags/example_short_circuit_decorator.py
[2025-07-03T17:36:46.419+0000] {processor.py:830} INFO - Processing file /home/airflow/.local/lib/python3.8/site-packages/airflow/example_dags/example_short_circuit_decorator.py for tasks to queue
[2025-07-03T17:36:46.422+0000] {logging_mixin.py:188} INFO - [2025-07-03T17:36:46.421+0000] {dagbag.py:538} INFO - Filling up the DagBag from /home/airflow/.local/lib/python3.8/site-packages/airflow/example_dags/example_short_circuit_decorator.py
[2025-07-03T17:36:46.494+0000] {processor.py:840} INFO - DAG(s) 'example_short_circuit_decorator' retrieved from /home/airflow/.local/lib/python3.8/site-packages/airflow/example_dags/example_short_circuit_decorator.py
[2025-07-03T17:36:46.730+0000] {logging_mixin.py:188} INFO - [2025-07-03T17:36:46.729+0000] {dag.py:3036} INFO - Sync 1 DAGs
[2025-07-03T17:36:46.890+0000] {logging_mixin.py:188} INFO - [2025-07-03T17:36:46.890+0000] {dag.py:3823} INFO - Setting next_dagrun for example_short_circuit_decorator to 2025-07-02 00:00:00+00:00, run_after=2025-07-03 00:00:00+00:00
[2025-07-03T17:36:47.113+0000] {processor.py:183} INFO - Processing /home/airflow/.local/lib/python3.8/site-packages/airflow/example_dags/example_short_circuit_decorator.py took 0.708 seconds
[2025-07-03T17:37:17.366+0000] {processor.py:161} INFO - Started process (PID=424) to work on /home/airflow/.local/lib/python3.8/site-packages/airflow/example_dags/example_short_circuit_decorator.py
[2025-07-03T17:37:17.367+0000] {processor.py:830} INFO - Processing file /home/airflow/.local/lib/python3.8/site-packages/airflow/example_dags/example_short_circuit_decorator.py for tasks to queue
[2025-07-03T17:37:17.371+0000] {logging_mixin.py:188} INFO - [2025-07-03T17:37:17.370+0000] {dagbag.py:538} INFO - Filling up the DagBag from /home/airflow/.local/lib/python3.8/site-packages/airflow/example_dags/example_short_circuit_decorator.py
[2025-07-03T17:37:17.406+0000] {processor.py:840} INFO - DAG(s) 'example_short_circuit_decorator' retrieved from /home/airflow/.local/lib/python3.8/site-packages/airflow/example_dags/example_short_circuit_decorator.py
[2025-07-03T17:37:17.448+0000] {logging_mixin.py:188} INFO - [2025-07-03T17:37:17.447+0000] {dag.py:3036} INFO - Sync 1 DAGs
[2025-07-03T17:37:17.494+0000] {logging_mixin.py:188} INFO - [2025-07-03T17:37:17.494+0000] {dag.py:3823} INFO - Setting next_dagrun for example_short_circuit_decorator to 2025-07-02 00:00:00+00:00, run_after=2025-07-03 00:00:00+00:00
[2025-07-03T17:37:17.525+0000] {processor.py:183} INFO - Processing /home/airflow/.local/lib/python3.8/site-packages/airflow/example_dags/example_short_circuit_decorator.py took 0.172 seconds
[2025-07-03T17:37:49.463+0000] {processor.py:161} INFO - Started process (PID=480) to work on /home/airflow/.local/lib/python3.8/site-packages/airflow/example_dags/example_short_circuit_decorator.py
[2025-07-03T17:37:49.464+0000] {processor.py:830} INFO - Processing file /home/airflow/.local/lib/python3.8/site-packages/airflow/example_dags/example_short_circuit_decorator.py for tasks to queue
[2025-07-03T17:37:49.471+0000] {logging_mixin.py:188} INFO - [2025-07-03T17:37:49.470+0000] {dagbag.py:538} INFO - Filling up the DagBag from /home/airflow/.local/lib/python3.8/site-packages/airflow/example_dags/example_short_circuit_decorator.py
[2025-07-03T17:37:49.525+0000] {processor.py:840} INFO - DAG(s) 'example_short_circuit_decorator' retrieved from /home/airflow/.local/lib/python3.8/site-packages/airflow/example_dags/example_short_circuit_decorator.py
[2025-07-03T17:37:49.699+0000] {logging_mixin.py:188} INFO - [2025-07-03T17:37:49.698+0000] {dag.py:3036} INFO - Sync 1 DAGs
[2025-07-03T17:37:49.788+0000] {logging_mixin.py:188} INFO - [2025-07-03T17:37:49.788+0000] {dag.py:3823} INFO - Setting next_dagrun for example_short_circuit_decorator to 2025-07-02 00:00:00+00:00, run_after=2025-07-03 00:00:00+00:00
[2025-07-03T17:37:49.977+0000] {processor.py:183} INFO - Processing /home/airflow/.local/lib/python3.8/site-packages/airflow/example_dags/example_short_circuit_decorator.py took 0.531 seconds
[2025-07-03T17:38:20.657+0000] {processor.py:161} INFO - Started process (PID=545) to work on /home/airflow/.local/lib/python3.8/site-packages/airflow/example_dags/example_short_circuit_decorator.py
[2025-07-03T17:38:20.677+0000] {processor.py:830} INFO - Processing file /home/airflow/.local/lib/python3.8/site-packages/airflow/example_dags/example_short_circuit_decorator.py for tasks to queue
[2025-07-03T17:38:20.679+0000] {logging_mixin.py:188} INFO - [2025-07-03T17:38:20.679+0000] {dagbag.py:538} INFO - Filling up the DagBag from /home/airflow/.local/lib/python3.8/site-packages/airflow/example_dags/example_short_circuit_decorator.py
[2025-07-03T17:38:20.768+0000] {processor.py:840} INFO - DAG(s) 'example_short_circuit_decorator' retrieved from /home/airflow/.local/lib/python3.8/site-packages/airflow/example_dags/example_short_circuit_decorator.py
[2025-07-03T17:38:20.972+0000] {logging_mixin.py:188} INFO - [2025-07-03T17:38:20.971+0000] {dag.py:3036} INFO - Sync 1 DAGs
[2025-07-03T17:38:21.131+0000] {logging_mixin.py:188} INFO - [2025-07-03T17:38:21.130+0000] {dag.py:3823} INFO - Setting next_dagrun for example_short_circuit_decorator to 2025-07-02 00:00:00+00:00, run_after=2025-07-03 00:00:00+00:00
[2025-07-03T17:38:21.230+0000] {processor.py:183} INFO - Processing /home/airflow/.local/lib/python3.8/site-packages/airflow/example_dags/example_short_circuit_decorator.py took 0.594 seconds
[2025-07-03T17:38:52.130+0000] {processor.py:161} INFO - Started process (PID=609) to work on /home/airflow/.local/lib/python3.8/site-packages/airflow/example_dags/example_short_circuit_decorator.py
[2025-07-03T17:38:52.131+0000] {processor.py:830} INFO - Processing file /home/airflow/.local/lib/python3.8/site-packages/airflow/example_dags/example_short_circuit_decorator.py for tasks to queue
[2025-07-03T17:38:52.135+0000] {logging_mixin.py:188} INFO - [2025-07-03T17:38:52.134+0000] {dagbag.py:538} INFO - Filling up the DagBag from /home/airflow/.local/lib/python3.8/site-packages/airflow/example_dags/example_short_circuit_decorator.py
[2025-07-03T17:38:52.220+0000] {processor.py:840} INFO - DAG(s) 'example_short_circuit_decorator' retrieved from /home/airflow/.local/lib/python3.8/site-packages/airflow/example_dags/example_short_circuit_decorator.py
[2025-07-03T17:38:52.393+0000] {logging_mixin.py:188} INFO - [2025-07-03T17:38:52.392+0000] {dag.py:3036} INFO - Sync 1 DAGs
[2025-07-03T17:38:52.551+0000] {logging_mixin.py:188} INFO - [2025-07-03T17:38:52.550+0000] {dag.py:3823} INFO - Setting next_dagrun for example_short_circuit_decorator to 2025-07-02 00:00:00+00:00, run_after=2025-07-03 00:00:00+00:00
[2025-07-03T17:38:52.626+0000] {processor.py:183} INFO - Processing /home/airflow/.local/lib/python3.8/site-packages/airflow/example_dags/example_short_circuit_decorator.py took 0.505 seconds
[2025-07-03T17:39:22.793+0000] {processor.py:161} INFO - Started process (PID=674) to work on /home/airflow/.local/lib/python3.8/site-packages/airflow/example_dags/example_short_circuit_decorator.py
[2025-07-03T17:39:22.795+0000] {processor.py:830} INFO - Processing file /home/airflow/.local/lib/python3.8/site-packages/airflow/example_dags/example_short_circuit_decorator.py for tasks to queue
[2025-07-03T17:39:22.802+0000] {logging_mixin.py:188} INFO - [2025-07-03T17:39:22.801+0000] {dagbag.py:538} INFO - Filling up the DagBag from /home/airflow/.local/lib/python3.8/site-packages/airflow/example_dags/example_short_circuit_decorator.py
[2025-07-03T17:39:22.835+0000] {processor.py:840} INFO - DAG(s) 'example_short_circuit_decorator' retrieved from /home/airflow/.local/lib/python3.8/site-packages/airflow/example_dags/example_short_circuit_decorator.py
[2025-07-03T17:39:22.917+0000] {logging_mixin.py:188} INFO - [2025-07-03T17:39:22.917+0000] {dag.py:3036} INFO - Sync 1 DAGs
[2025-07-03T17:39:23.024+0000] {logging_mixin.py:188} INFO - [2025-07-03T17:39:23.024+0000] {dag.py:3823} INFO - Setting next_dagrun for example_short_circuit_decorator to 2025-07-02 00:00:00+00:00, run_after=2025-07-03 00:00:00+00:00
[2025-07-03T17:39:23.098+0000] {processor.py:183} INFO - Processing /home/airflow/.local/lib/python3.8/site-packages/airflow/example_dags/example_short_circuit_decorator.py took 0.318 seconds
[2025-07-03T17:39:53.190+0000] {processor.py:161} INFO - Started process (PID=738) to work on /home/airflow/.local/lib/python3.8/site-packages/airflow/example_dags/example_short_circuit_decorator.py
[2025-07-03T17:39:53.193+0000] {processor.py:830} INFO - Processing file /home/airflow/.local/lib/python3.8/site-packages/airflow/example_dags/example_short_circuit_decorator.py for tasks to queue
[2025-07-03T17:39:53.195+0000] {logging_mixin.py:188} INFO - [2025-07-03T17:39:53.195+0000] {dagbag.py:538} INFO - Filling up the DagBag from /home/airflow/.local/lib/python3.8/site-packages/airflow/example_dags/example_short_circuit_decorator.py
[2025-07-03T17:39:53.240+0000] {processor.py:840} INFO - DAG(s) 'example_short_circuit_decorator' retrieved from /home/airflow/.local/lib/python3.8/site-packages/airflow/example_dags/example_short_circuit_decorator.py
[2025-07-03T17:39:53.355+0000] {logging_mixin.py:188} INFO - [2025-07-03T17:39:53.355+0000] {dag.py:3036} INFO - Sync 1 DAGs
[2025-07-03T17:39:53.503+0000] {logging_mixin.py:188} INFO - [2025-07-03T17:39:53.502+0000] {dag.py:3823} INFO - Setting next_dagrun for example_short_circuit_decorator to 2025-07-02 00:00:00+00:00, run_after=2025-07-03 00:00:00+00:00
[2025-07-03T17:39:53.697+0000] {processor.py:183} INFO - Processing /home/airflow/.local/lib/python3.8/site-packages/airflow/example_dags/example_short_circuit_decorator.py took 0.512 seconds
[2025-07-03T17:40:23.963+0000] {processor.py:161} INFO - Started process (PID=796) to work on /home/airflow/.local/lib/python3.8/site-packages/airflow/example_dags/example_short_circuit_decorator.py
[2025-07-03T17:40:23.965+0000] {processor.py:830} INFO - Processing file /home/airflow/.local/lib/python3.8/site-packages/airflow/example_dags/example_short_circuit_decorator.py for tasks to queue
[2025-07-03T17:40:23.968+0000] {logging_mixin.py:188} INFO - [2025-07-03T17:40:23.967+0000] {dagbag.py:538} INFO - Filling up the DagBag from /home/airflow/.local/lib/python3.8/site-packages/airflow/example_dags/example_short_circuit_decorator.py
[2025-07-03T17:40:23.984+0000] {processor.py:840} INFO - DAG(s) 'example_short_circuit_decorator' retrieved from /home/airflow/.local/lib/python3.8/site-packages/airflow/example_dags/example_short_circuit_decorator.py
[2025-07-03T17:40:24.025+0000] {logging_mixin.py:188} INFO - [2025-07-03T17:40:24.025+0000] {dag.py:3036} INFO - Sync 1 DAGs
[2025-07-03T17:40:24.064+0000] {logging_mixin.py:188} INFO - [2025-07-03T17:40:24.063+0000] {dag.py:3823} INFO - Setting next_dagrun for example_short_circuit_decorator to 2025-07-02 00:00:00+00:00, run_after=2025-07-03 00:00:00+00:00
[2025-07-03T17:40:24.090+0000] {processor.py:183} INFO - Processing /home/airflow/.local/lib/python3.8/site-packages/airflow/example_dags/example_short_circuit_decorator.py took 0.131 seconds
[2025-07-03T17:40:54.453+0000] {processor.py:161} INFO - Started process (PID=861) to work on /home/airflow/.local/lib/python3.8/site-packages/airflow/example_dags/example_short_circuit_decorator.py
[2025-07-03T17:40:54.455+0000] {processor.py:830} INFO - Processing file /home/airflow/.local/lib/python3.8/site-packages/airflow/example_dags/example_short_circuit_decorator.py for tasks to queue
[2025-07-03T17:40:54.457+0000] {logging_mixin.py:188} INFO - [2025-07-03T17:40:54.457+0000] {dagbag.py:538} INFO - Filling up the DagBag from /home/airflow/.local/lib/python3.8/site-packages/airflow/example_dags/example_short_circuit_decorator.py
[2025-07-03T17:40:54.474+0000] {processor.py:840} INFO - DAG(s) 'example_short_circuit_decorator' retrieved from /home/airflow/.local/lib/python3.8/site-packages/airflow/example_dags/example_short_circuit_decorator.py
[2025-07-03T17:40:54.514+0000] {logging_mixin.py:188} INFO - [2025-07-03T17:40:54.513+0000] {dag.py:3036} INFO - Sync 1 DAGs
[2025-07-03T17:40:54.551+0000] {logging_mixin.py:188} INFO - [2025-07-03T17:40:54.550+0000] {dag.py:3823} INFO - Setting next_dagrun for example_short_circuit_decorator to 2025-07-02 00:00:00+00:00, run_after=2025-07-03 00:00:00+00:00
[2025-07-03T17:40:54.577+0000] {processor.py:183} INFO - Processing /home/airflow/.local/lib/python3.8/site-packages/airflow/example_dags/example_short_circuit_decorator.py took 0.128 seconds
[2025-07-03T17:41:25.328+0000] {processor.py:161} INFO - Started process (PID=925) to work on /home/airflow/.local/lib/python3.8/site-packages/airflow/example_dags/example_short_circuit_decorator.py
[2025-07-03T17:41:25.329+0000] {processor.py:830} INFO - Processing file /home/airflow/.local/lib/python3.8/site-packages/airflow/example_dags/example_short_circuit_decorator.py for tasks to queue
[2025-07-03T17:41:25.332+0000] {logging_mixin.py:188} INFO - [2025-07-03T17:41:25.331+0000] {dagbag.py:538} INFO - Filling up the DagBag from /home/airflow/.local/lib/python3.8/site-packages/airflow/example_dags/example_short_circuit_decorator.py
[2025-07-03T17:41:25.348+0000] {processor.py:840} INFO - DAG(s) 'example_short_circuit_decorator' retrieved from /home/airflow/.local/lib/python3.8/site-packages/airflow/example_dags/example_short_circuit_decorator.py
[2025-07-03T17:41:25.388+0000] {logging_mixin.py:188} INFO - [2025-07-03T17:41:25.388+0000] {dag.py:3036} INFO - Sync 1 DAGs
[2025-07-03T17:41:25.431+0000] {logging_mixin.py:188} INFO - [2025-07-03T17:41:25.431+0000] {dag.py:3823} INFO - Setting next_dagrun for example_short_circuit_decorator to 2025-07-02 00:00:00+00:00, run_after=2025-07-03 00:00:00+00:00
[2025-07-03T17:41:25.463+0000] {processor.py:183} INFO - Processing /home/airflow/.local/lib/python3.8/site-packages/airflow/example_dags/example_short_circuit_decorator.py took 0.140 seconds
[2025-07-03T17:41:55.943+0000] {processor.py:161} INFO - Started process (PID=991) to work on /home/airflow/.local/lib/python3.8/site-packages/airflow/example_dags/example_short_circuit_decorator.py
[2025-07-03T17:41:55.944+0000] {processor.py:830} INFO - Processing file /home/airflow/.local/lib/python3.8/site-packages/airflow/example_dags/example_short_circuit_decorator.py for tasks to queue
[2025-07-03T17:41:55.947+0000] {logging_mixin.py:188} INFO - [2025-07-03T17:41:55.946+0000] {dagbag.py:538} INFO - Filling up the DagBag from /home/airflow/.local/lib/python3.8/site-packages/airflow/example_dags/example_short_circuit_decorator.py
[2025-07-03T17:41:55.980+0000] {processor.py:840} INFO - DAG(s) 'example_short_circuit_decorator' retrieved from /home/airflow/.local/lib/python3.8/site-packages/airflow/example_dags/example_short_circuit_decorator.py
[2025-07-03T17:41:56.063+0000] {logging_mixin.py:188} INFO - [2025-07-03T17:41:56.063+0000] {dag.py:3036} INFO - Sync 1 DAGs
[2025-07-03T17:41:56.105+0000] {logging_mixin.py:188} INFO - [2025-07-03T17:41:56.105+0000] {dag.py:3823} INFO - Setting next_dagrun for example_short_circuit_decorator to 2025-07-02 00:00:00+00:00, run_after=2025-07-03 00:00:00+00:00
[2025-07-03T17:41:56.138+0000] {processor.py:183} INFO - Processing /home/airflow/.local/lib/python3.8/site-packages/airflow/example_dags/example_short_circuit_decorator.py took 0.209 seconds
[2025-07-03T17:42:26.235+0000] {processor.py:161} INFO - Started process (PID=1056) to work on /home/airflow/.local/lib/python3.8/site-packages/airflow/example_dags/example_short_circuit_decorator.py
[2025-07-03T17:42:26.235+0000] {processor.py:830} INFO - Processing file /home/airflow/.local/lib/python3.8/site-packages/airflow/example_dags/example_short_circuit_decorator.py for tasks to queue
[2025-07-03T17:42:26.237+0000] {logging_mixin.py:188} INFO - [2025-07-03T17:42:26.237+0000] {dagbag.py:538} INFO - Filling up the DagBag from /home/airflow/.local/lib/python3.8/site-packages/airflow/example_dags/example_short_circuit_decorator.py
[2025-07-03T17:42:26.249+0000] {processor.py:840} INFO - DAG(s) 'example_short_circuit_decorator' retrieved from /home/airflow/.local/lib/python3.8/site-packages/airflow/example_dags/example_short_circuit_decorator.py
[2025-07-03T17:42:26.280+0000] {logging_mixin.py:188} INFO - [2025-07-03T17:42:26.279+0000] {dag.py:3036} INFO - Sync 1 DAGs
[2025-07-03T17:42:26.311+0000] {logging_mixin.py:188} INFO - [2025-07-03T17:42:26.311+0000] {dag.py:3823} INFO - Setting next_dagrun for example_short_circuit_decorator to 2025-07-02 00:00:00+00:00, run_after=2025-07-03 00:00:00+00:00
[2025-07-03T17:42:26.335+0000] {processor.py:183} INFO - Processing /home/airflow/.local/lib/python3.8/site-packages/airflow/example_dags/example_short_circuit_decorator.py took 0.104 seconds
[2025-07-03T17:42:57.418+0000] {processor.py:161} INFO - Started process (PID=1128) to work on /home/airflow/.local/lib/python3.8/site-packages/airflow/example_dags/example_short_circuit_decorator.py
[2025-07-03T17:42:57.419+0000] {processor.py:830} INFO - Processing file /home/airflow/.local/lib/python3.8/site-packages/airflow/example_dags/example_short_circuit_decorator.py for tasks to queue
[2025-07-03T17:42:57.422+0000] {logging_mixin.py:188} INFO - [2025-07-03T17:42:57.422+0000] {dagbag.py:538} INFO - Filling up the DagBag from /home/airflow/.local/lib/python3.8/site-packages/airflow/example_dags/example_short_circuit_decorator.py
[2025-07-03T17:42:57.450+0000] {processor.py:840} INFO - DAG(s) 'example_short_circuit_decorator' retrieved from /home/airflow/.local/lib/python3.8/site-packages/airflow/example_dags/example_short_circuit_decorator.py
[2025-07-03T17:42:57.515+0000] {logging_mixin.py:188} INFO - [2025-07-03T17:42:57.514+0000] {dag.py:3036} INFO - Sync 1 DAGs
[2025-07-03T17:42:57.557+0000] {logging_mixin.py:188} INFO - [2025-07-03T17:42:57.556+0000] {dag.py:3823} INFO - Setting next_dagrun for example_short_circuit_decorator to 2025-07-02 00:00:00+00:00, run_after=2025-07-03 00:00:00+00:00
[2025-07-03T17:42:57.587+0000] {processor.py:183} INFO - Processing /home/airflow/.local/lib/python3.8/site-packages/airflow/example_dags/example_short_circuit_decorator.py took 0.182 seconds
[2025-07-03T17:43:28.106+0000] {processor.py:161} INFO - Started process (PID=1195) to work on /home/airflow/.local/lib/python3.8/site-packages/airflow/example_dags/example_short_circuit_decorator.py
[2025-07-03T17:43:28.108+0000] {processor.py:830} INFO - Processing file /home/airflow/.local/lib/python3.8/site-packages/airflow/example_dags/example_short_circuit_decorator.py for tasks to queue
[2025-07-03T17:43:28.111+0000] {logging_mixin.py:188} INFO - [2025-07-03T17:43:28.110+0000] {dagbag.py:538} INFO - Filling up the DagBag from /home/airflow/.local/lib/python3.8/site-packages/airflow/example_dags/example_short_circuit_decorator.py
[2025-07-03T17:43:28.153+0000] {processor.py:840} INFO - DAG(s) 'example_short_circuit_decorator' retrieved from /home/airflow/.local/lib/python3.8/site-packages/airflow/example_dags/example_short_circuit_decorator.py
[2025-07-03T17:43:28.231+0000] {logging_mixin.py:188} INFO - [2025-07-03T17:43:28.231+0000] {dag.py:3036} INFO - Sync 1 DAGs
[2025-07-03T17:43:28.362+0000] {logging_mixin.py:188} INFO - [2025-07-03T17:43:28.362+0000] {dag.py:3823} INFO - Setting next_dagrun for example_short_circuit_decorator to 2025-07-02 00:00:00+00:00, run_after=2025-07-03 00:00:00+00:00
[2025-07-03T17:43:28.449+0000] {processor.py:183} INFO - Processing /home/airflow/.local/lib/python3.8/site-packages/airflow/example_dags/example_short_circuit_decorator.py took 0.348 seconds
[2025-07-03T17:43:59.199+0000] {processor.py:161} INFO - Started process (PID=1260) to work on /home/airflow/.local/lib/python3.8/site-packages/airflow/example_dags/example_short_circuit_decorator.py
[2025-07-03T17:43:59.200+0000] {processor.py:830} INFO - Processing file /home/airflow/.local/lib/python3.8/site-packages/airflow/example_dags/example_short_circuit_decorator.py for tasks to queue
[2025-07-03T17:43:59.203+0000] {logging_mixin.py:188} INFO - [2025-07-03T17:43:59.202+0000] {dagbag.py:538} INFO - Filling up the DagBag from /home/airflow/.local/lib/python3.8/site-packages/airflow/example_dags/example_short_circuit_decorator.py
[2025-07-03T17:43:59.230+0000] {processor.py:840} INFO - DAG(s) 'example_short_circuit_decorator' retrieved from /home/airflow/.local/lib/python3.8/site-packages/airflow/example_dags/example_short_circuit_decorator.py
[2025-07-03T17:43:59.308+0000] {logging_mixin.py:188} INFO - [2025-07-03T17:43:59.306+0000] {dag.py:3036} INFO - Sync 1 DAGs
[2025-07-03T17:43:59.386+0000] {logging_mixin.py:188} INFO - [2025-07-03T17:43:59.385+0000] {dag.py:3823} INFO - Setting next_dagrun for example_short_circuit_decorator to 2025-07-02 00:00:00+00:00, run_after=2025-07-03 00:00:00+00:00
[2025-07-03T17:43:59.445+0000] {processor.py:183} INFO - Processing /home/airflow/.local/lib/python3.8/site-packages/airflow/example_dags/example_short_circuit_decorator.py took 0.252 seconds
[2025-07-03T17:44:30.660+0000] {processor.py:161} INFO - Started process (PID=1325) to work on /home/airflow/.local/lib/python3.8/site-packages/airflow/example_dags/example_short_circuit_decorator.py
[2025-07-03T17:44:30.669+0000] {processor.py:830} INFO - Processing file /home/airflow/.local/lib/python3.8/site-packages/airflow/example_dags/example_short_circuit_decorator.py for tasks to queue
[2025-07-03T17:44:30.672+0000] {logging_mixin.py:188} INFO - [2025-07-03T17:44:30.671+0000] {dagbag.py:538} INFO - Filling up the DagBag from /home/airflow/.local/lib/python3.8/site-packages/airflow/example_dags/example_short_circuit_decorator.py
[2025-07-03T17:44:30.717+0000] {processor.py:840} INFO - DAG(s) 'example_short_circuit_decorator' retrieved from /home/airflow/.local/lib/python3.8/site-packages/airflow/example_dags/example_short_circuit_decorator.py
[2025-07-03T17:44:30.802+0000] {logging_mixin.py:188} INFO - [2025-07-03T17:44:30.802+0000] {dag.py:3036} INFO - Sync 1 DAGs
[2025-07-03T17:44:30.861+0000] {logging_mixin.py:188} INFO - [2025-07-03T17:44:30.861+0000] {dag.py:3823} INFO - Setting next_dagrun for example_short_circuit_decorator to 2025-07-02 00:00:00+00:00, run_after=2025-07-03 00:00:00+00:00
[2025-07-03T17:44:30.941+0000] {processor.py:183} INFO - Processing /home/airflow/.local/lib/python3.8/site-packages/airflow/example_dags/example_short_circuit_decorator.py took 0.286 seconds
[2025-07-03T17:45:02.002+0000] {processor.py:161} INFO - Started process (PID=1390) to work on /home/airflow/.local/lib/python3.8/site-packages/airflow/example_dags/example_short_circuit_decorator.py
[2025-07-03T17:45:02.017+0000] {processor.py:830} INFO - Processing file /home/airflow/.local/lib/python3.8/site-packages/airflow/example_dags/example_short_circuit_decorator.py for tasks to queue
[2025-07-03T17:45:02.020+0000] {logging_mixin.py:188} INFO - [2025-07-03T17:45:02.019+0000] {dagbag.py:538} INFO - Filling up the DagBag from /home/airflow/.local/lib/python3.8/site-packages/airflow/example_dags/example_short_circuit_decorator.py
[2025-07-03T17:45:02.074+0000] {processor.py:840} INFO - DAG(s) 'example_short_circuit_decorator' retrieved from /home/airflow/.local/lib/python3.8/site-packages/airflow/example_dags/example_short_circuit_decorator.py
[2025-07-03T17:45:02.326+0000] {logging_mixin.py:188} INFO - [2025-07-03T17:45:02.325+0000] {dag.py:3036} INFO - Sync 1 DAGs
[2025-07-03T17:45:02.463+0000] {logging_mixin.py:188} INFO - [2025-07-03T17:45:02.462+0000] {dag.py:3823} INFO - Setting next_dagrun for example_short_circuit_decorator to 2025-07-02 00:00:00+00:00, run_after=2025-07-03 00:00:00+00:00
[2025-07-03T17:45:02.530+0000] {processor.py:183} INFO - Processing /home/airflow/.local/lib/python3.8/site-packages/airflow/example_dags/example_short_circuit_decorator.py took 0.541 seconds
[2025-07-03T17:45:33.328+0000] {processor.py:161} INFO - Started process (PID=1455) to work on /home/airflow/.local/lib/python3.8/site-packages/airflow/example_dags/example_short_circuit_decorator.py
[2025-07-03T17:45:33.341+0000] {processor.py:830} INFO - Processing file /home/airflow/.local/lib/python3.8/site-packages/airflow/example_dags/example_short_circuit_decorator.py for tasks to queue
[2025-07-03T17:45:33.354+0000] {logging_mixin.py:188} INFO - [2025-07-03T17:45:33.353+0000] {dagbag.py:538} INFO - Filling up the DagBag from /home/airflow/.local/lib/python3.8/site-packages/airflow/example_dags/example_short_circuit_decorator.py
[2025-07-03T17:45:33.402+0000] {processor.py:840} INFO - DAG(s) 'example_short_circuit_decorator' retrieved from /home/airflow/.local/lib/python3.8/site-packages/airflow/example_dags/example_short_circuit_decorator.py
[2025-07-03T17:45:33.476+0000] {logging_mixin.py:188} INFO - [2025-07-03T17:45:33.476+0000] {dag.py:3036} INFO - Sync 1 DAGs
[2025-07-03T17:45:33.598+0000] {logging_mixin.py:188} INFO - [2025-07-03T17:45:33.598+0000] {dag.py:3823} INFO - Setting next_dagrun for example_short_circuit_decorator to 2025-07-02 00:00:00+00:00, run_after=2025-07-03 00:00:00+00:00
[2025-07-03T17:45:33.706+0000] {processor.py:183} INFO - Processing /home/airflow/.local/lib/python3.8/site-packages/airflow/example_dags/example_short_circuit_decorator.py took 0.394 seconds
[2025-07-03T17:46:04.294+0000] {processor.py:161} INFO - Started process (PID=1519) to work on /home/airflow/.local/lib/python3.8/site-packages/airflow/example_dags/example_short_circuit_decorator.py
[2025-07-03T17:46:04.301+0000] {processor.py:830} INFO - Processing file /home/airflow/.local/lib/python3.8/site-packages/airflow/example_dags/example_short_circuit_decorator.py for tasks to queue
[2025-07-03T17:46:04.307+0000] {logging_mixin.py:188} INFO - [2025-07-03T17:46:04.307+0000] {dagbag.py:538} INFO - Filling up the DagBag from /home/airflow/.local/lib/python3.8/site-packages/airflow/example_dags/example_short_circuit_decorator.py
[2025-07-03T17:46:04.378+0000] {processor.py:840} INFO - DAG(s) 'example_short_circuit_decorator' retrieved from /home/airflow/.local/lib/python3.8/site-packages/airflow/example_dags/example_short_circuit_decorator.py
[2025-07-03T17:46:04.517+0000] {logging_mixin.py:188} INFO - [2025-07-03T17:46:04.517+0000] {dag.py:3036} INFO - Sync 1 DAGs
[2025-07-03T17:46:04.633+0000] {logging_mixin.py:188} INFO - [2025-07-03T17:46:04.633+0000] {dag.py:3823} INFO - Setting next_dagrun for example_short_circuit_decorator to 2025-07-02 00:00:00+00:00, run_after=2025-07-03 00:00:00+00:00
[2025-07-03T17:46:04.715+0000] {processor.py:183} INFO - Processing /home/airflow/.local/lib/python3.8/site-packages/airflow/example_dags/example_short_circuit_decorator.py took 0.442 seconds
[2025-07-03T17:46:35.570+0000] {processor.py:161} INFO - Started process (PID=1583) to work on /home/airflow/.local/lib/python3.8/site-packages/airflow/example_dags/example_short_circuit_decorator.py
[2025-07-03T17:46:35.571+0000] {processor.py:830} INFO - Processing file /home/airflow/.local/lib/python3.8/site-packages/airflow/example_dags/example_short_circuit_decorator.py for tasks to queue
[2025-07-03T17:46:35.578+0000] {logging_mixin.py:188} INFO - [2025-07-03T17:46:35.577+0000] {dagbag.py:538} INFO - Filling up the DagBag from /home/airflow/.local/lib/python3.8/site-packages/airflow/example_dags/example_short_circuit_decorator.py
[2025-07-03T17:46:35.629+0000] {processor.py:840} INFO - DAG(s) 'example_short_circuit_decorator' retrieved from /home/airflow/.local/lib/python3.8/site-packages/airflow/example_dags/example_short_circuit_decorator.py
[2025-07-03T17:46:35.694+0000] {logging_mixin.py:188} INFO - [2025-07-03T17:46:35.693+0000] {dag.py:3036} INFO - Sync 1 DAGs
[2025-07-03T17:46:35.770+0000] {logging_mixin.py:188} INFO - [2025-07-03T17:46:35.770+0000] {dag.py:3823} INFO - Setting next_dagrun for example_short_circuit_decorator to 2025-07-02 00:00:00+00:00, run_after=2025-07-03 00:00:00+00:00
[2025-07-03T17:46:35.838+0000] {processor.py:183} INFO - Processing /home/airflow/.local/lib/python3.8/site-packages/airflow/example_dags/example_short_circuit_decorator.py took 0.281 seconds
[2025-07-03T17:47:06.745+0000] {processor.py:161} INFO - Started process (PID=1649) to work on /home/airflow/.local/lib/python3.8/site-packages/airflow/example_dags/example_short_circuit_decorator.py
[2025-07-03T17:47:06.747+0000] {processor.py:830} INFO - Processing file /home/airflow/.local/lib/python3.8/site-packages/airflow/example_dags/example_short_circuit_decorator.py for tasks to queue
[2025-07-03T17:47:06.749+0000] {logging_mixin.py:188} INFO - [2025-07-03T17:47:06.748+0000] {dagbag.py:538} INFO - Filling up the DagBag from /home/airflow/.local/lib/python3.8/site-packages/airflow/example_dags/example_short_circuit_decorator.py
[2025-07-03T17:47:06.783+0000] {processor.py:840} INFO - DAG(s) 'example_short_circuit_decorator' retrieved from /home/airflow/.local/lib/python3.8/site-packages/airflow/example_dags/example_short_circuit_decorator.py
[2025-07-03T17:47:06.878+0000] {logging_mixin.py:188} INFO - [2025-07-03T17:47:06.877+0000] {dag.py:3036} INFO - Sync 1 DAGs
[2025-07-03T17:47:06.948+0000] {logging_mixin.py:188} INFO - [2025-07-03T17:47:06.947+0000] {dag.py:3823} INFO - Setting next_dagrun for example_short_circuit_decorator to 2025-07-02 00:00:00+00:00, run_after=2025-07-03 00:00:00+00:00
[2025-07-03T17:47:07.001+0000] {processor.py:183} INFO - Processing /home/airflow/.local/lib/python3.8/site-packages/airflow/example_dags/example_short_circuit_decorator.py took 0.269 seconds
[2025-07-03T17:47:37.185+0000] {processor.py:161} INFO - Started process (PID=1714) to work on /home/airflow/.local/lib/python3.8/site-packages/airflow/example_dags/example_short_circuit_decorator.py
[2025-07-03T17:47:37.187+0000] {processor.py:830} INFO - Processing file /home/airflow/.local/lib/python3.8/site-packages/airflow/example_dags/example_short_circuit_decorator.py for tasks to queue
[2025-07-03T17:47:37.189+0000] {logging_mixin.py:188} INFO - [2025-07-03T17:47:37.189+0000] {dagbag.py:538} INFO - Filling up the DagBag from /home/airflow/.local/lib/python3.8/site-packages/airflow/example_dags/example_short_circuit_decorator.py
[2025-07-03T17:47:37.240+0000] {processor.py:840} INFO - DAG(s) 'example_short_circuit_decorator' retrieved from /home/airflow/.local/lib/python3.8/site-packages/airflow/example_dags/example_short_circuit_decorator.py
[2025-07-03T17:47:37.313+0000] {logging_mixin.py:188} INFO - [2025-07-03T17:47:37.313+0000] {dag.py:3036} INFO - Sync 1 DAGs
[2025-07-03T17:47:37.356+0000] {logging_mixin.py:188} INFO - [2025-07-03T17:47:37.356+0000] {dag.py:3823} INFO - Setting next_dagrun for example_short_circuit_decorator to 2025-07-02 00:00:00+00:00, run_after=2025-07-03 00:00:00+00:00
[2025-07-03T17:47:37.420+0000] {processor.py:183} INFO - Processing /home/airflow/.local/lib/python3.8/site-packages/airflow/example_dags/example_short_circuit_decorator.py took 0.248 seconds
[2025-07-03T17:48:07.664+0000] {processor.py:161} INFO - Started process (PID=1779) to work on /home/airflow/.local/lib/python3.8/site-packages/airflow/example_dags/example_short_circuit_decorator.py
[2025-07-03T17:48:07.673+0000] {processor.py:830} INFO - Processing file /home/airflow/.local/lib/python3.8/site-packages/airflow/example_dags/example_short_circuit_decorator.py for tasks to queue
[2025-07-03T17:48:07.676+0000] {logging_mixin.py:188} INFO - [2025-07-03T17:48:07.676+0000] {dagbag.py:538} INFO - Filling up the DagBag from /home/airflow/.local/lib/python3.8/site-packages/airflow/example_dags/example_short_circuit_decorator.py
[2025-07-03T17:48:07.710+0000] {processor.py:840} INFO - DAG(s) 'example_short_circuit_decorator' retrieved from /home/airflow/.local/lib/python3.8/site-packages/airflow/example_dags/example_short_circuit_decorator.py
[2025-07-03T17:48:07.782+0000] {logging_mixin.py:188} INFO - [2025-07-03T17:48:07.782+0000] {dag.py:3036} INFO - Sync 1 DAGs
[2025-07-03T17:48:07.867+0000] {logging_mixin.py:188} INFO - [2025-07-03T17:48:07.866+0000] {dag.py:3823} INFO - Setting next_dagrun for example_short_circuit_decorator to 2025-07-02 00:00:00+00:00, run_after=2025-07-03 00:00:00+00:00
[2025-07-03T17:48:07.942+0000] {processor.py:183} INFO - Processing /home/airflow/.local/lib/python3.8/site-packages/airflow/example_dags/example_short_circuit_decorator.py took 0.302 seconds
[2025-07-03T17:48:38.088+0000] {processor.py:161} INFO - Started process (PID=1844) to work on /home/airflow/.local/lib/python3.8/site-packages/airflow/example_dags/example_short_circuit_decorator.py
[2025-07-03T17:48:38.098+0000] {processor.py:830} INFO - Processing file /home/airflow/.local/lib/python3.8/site-packages/airflow/example_dags/example_short_circuit_decorator.py for tasks to queue
[2025-07-03T17:48:38.101+0000] {logging_mixin.py:188} INFO - [2025-07-03T17:48:38.100+0000] {dagbag.py:538} INFO - Filling up the DagBag from /home/airflow/.local/lib/python3.8/site-packages/airflow/example_dags/example_short_circuit_decorator.py
[2025-07-03T17:48:38.132+0000] {processor.py:840} INFO - DAG(s) 'example_short_circuit_decorator' retrieved from /home/airflow/.local/lib/python3.8/site-packages/airflow/example_dags/example_short_circuit_decorator.py
[2025-07-03T17:48:38.218+0000] {logging_mixin.py:188} INFO - [2025-07-03T17:48:38.217+0000] {dag.py:3036} INFO - Sync 1 DAGs
[2025-07-03T17:48:38.288+0000] {logging_mixin.py:188} INFO - [2025-07-03T17:48:38.288+0000] {dag.py:3823} INFO - Setting next_dagrun for example_short_circuit_decorator to 2025-07-02 00:00:00+00:00, run_after=2025-07-03 00:00:00+00:00
[2025-07-03T17:48:38.353+0000] {processor.py:183} INFO - Processing /home/airflow/.local/lib/python3.8/site-packages/airflow/example_dags/example_short_circuit_decorator.py took 0.270 seconds
[2025-07-03T17:49:08.541+0000] {processor.py:161} INFO - Started process (PID=1910) to work on /home/airflow/.local/lib/python3.8/site-packages/airflow/example_dags/example_short_circuit_decorator.py
[2025-07-03T17:49:08.542+0000] {processor.py:830} INFO - Processing file /home/airflow/.local/lib/python3.8/site-packages/airflow/example_dags/example_short_circuit_decorator.py for tasks to queue
[2025-07-03T17:49:08.545+0000] {logging_mixin.py:188} INFO - [2025-07-03T17:49:08.544+0000] {dagbag.py:538} INFO - Filling up the DagBag from /home/airflow/.local/lib/python3.8/site-packages/airflow/example_dags/example_short_circuit_decorator.py
[2025-07-03T17:49:08.560+0000] {processor.py:840} INFO - DAG(s) 'example_short_circuit_decorator' retrieved from /home/airflow/.local/lib/python3.8/site-packages/airflow/example_dags/example_short_circuit_decorator.py
[2025-07-03T17:49:08.600+0000] {logging_mixin.py:188} INFO - [2025-07-03T17:49:08.599+0000] {dag.py:3036} INFO - Sync 1 DAGs
[2025-07-03T17:49:08.644+0000] {logging_mixin.py:188} INFO - [2025-07-03T17:49:08.643+0000] {dag.py:3823} INFO - Setting next_dagrun for example_short_circuit_decorator to 2025-07-02 00:00:00+00:00, run_after=2025-07-03 00:00:00+00:00
[2025-07-03T17:49:08.689+0000] {processor.py:183} INFO - Processing /home/airflow/.local/lib/python3.8/site-packages/airflow/example_dags/example_short_circuit_decorator.py took 0.164 seconds
[2025-07-03T17:49:39.317+0000] {processor.py:161} INFO - Started process (PID=1975) to work on /home/airflow/.local/lib/python3.8/site-packages/airflow/example_dags/example_short_circuit_decorator.py
[2025-07-03T17:49:39.318+0000] {processor.py:830} INFO - Processing file /home/airflow/.local/lib/python3.8/site-packages/airflow/example_dags/example_short_circuit_decorator.py for tasks to queue
[2025-07-03T17:49:39.321+0000] {logging_mixin.py:188} INFO - [2025-07-03T17:49:39.320+0000] {dagbag.py:538} INFO - Filling up the DagBag from /home/airflow/.local/lib/python3.8/site-packages/airflow/example_dags/example_short_circuit_decorator.py
[2025-07-03T17:49:39.337+0000] {processor.py:840} INFO - DAG(s) 'example_short_circuit_decorator' retrieved from /home/airflow/.local/lib/python3.8/site-packages/airflow/example_dags/example_short_circuit_decorator.py
[2025-07-03T17:49:39.382+0000] {logging_mixin.py:188} INFO - [2025-07-03T17:49:39.382+0000] {dag.py:3036} INFO - Sync 1 DAGs
[2025-07-03T17:49:39.426+0000] {logging_mixin.py:188} INFO - [2025-07-03T17:49:39.425+0000] {dag.py:3823} INFO - Setting next_dagrun for example_short_circuit_decorator to 2025-07-02 00:00:00+00:00, run_after=2025-07-03 00:00:00+00:00
[2025-07-03T17:49:39.461+0000] {processor.py:183} INFO - Processing /home/airflow/.local/lib/python3.8/site-packages/airflow/example_dags/example_short_circuit_decorator.py took 0.149 seconds
[2025-07-03T17:50:09.604+0000] {processor.py:161} INFO - Started process (PID=2041) to work on /home/airflow/.local/lib/python3.8/site-packages/airflow/example_dags/example_short_circuit_decorator.py
[2025-07-03T17:50:09.606+0000] {processor.py:830} INFO - Processing file /home/airflow/.local/lib/python3.8/site-packages/airflow/example_dags/example_short_circuit_decorator.py for tasks to queue
[2025-07-03T17:50:09.609+0000] {logging_mixin.py:188} INFO - [2025-07-03T17:50:09.608+0000] {dagbag.py:538} INFO - Filling up the DagBag from /home/airflow/.local/lib/python3.8/site-packages/airflow/example_dags/example_short_circuit_decorator.py
[2025-07-03T17:50:09.676+0000] {processor.py:840} INFO - DAG(s) 'example_short_circuit_decorator' retrieved from /home/airflow/.local/lib/python3.8/site-packages/airflow/example_dags/example_short_circuit_decorator.py
[2025-07-03T17:50:09.820+0000] {logging_mixin.py:188} INFO - [2025-07-03T17:50:09.820+0000] {dag.py:3036} INFO - Sync 1 DAGs
[2025-07-03T17:50:09.873+0000] {logging_mixin.py:188} INFO - [2025-07-03T17:50:09.873+0000] {dag.py:3823} INFO - Setting next_dagrun for example_short_circuit_decorator to 2025-07-02 00:00:00+00:00, run_after=2025-07-03 00:00:00+00:00
[2025-07-03T17:50:09.950+0000] {processor.py:183} INFO - Processing /home/airflow/.local/lib/python3.8/site-packages/airflow/example_dags/example_short_circuit_decorator.py took 0.352 seconds
[2025-07-03T17:50:40.511+0000] {processor.py:161} INFO - Started process (PID=2107) to work on /home/airflow/.local/lib/python3.8/site-packages/airflow/example_dags/example_short_circuit_decorator.py
[2025-07-03T17:50:40.525+0000] {processor.py:830} INFO - Processing file /home/airflow/.local/lib/python3.8/site-packages/airflow/example_dags/example_short_circuit_decorator.py for tasks to queue
[2025-07-03T17:50:40.528+0000] {logging_mixin.py:188} INFO - [2025-07-03T17:50:40.527+0000] {dagbag.py:538} INFO - Filling up the DagBag from /home/airflow/.local/lib/python3.8/site-packages/airflow/example_dags/example_short_circuit_decorator.py
[2025-07-03T17:50:40.601+0000] {processor.py:840} INFO - DAG(s) 'example_short_circuit_decorator' retrieved from /home/airflow/.local/lib/python3.8/site-packages/airflow/example_dags/example_short_circuit_decorator.py
[2025-07-03T17:50:40.670+0000] {logging_mixin.py:188} INFO - [2025-07-03T17:50:40.669+0000] {dag.py:3036} INFO - Sync 1 DAGs
[2025-07-03T17:50:40.738+0000] {logging_mixin.py:188} INFO - [2025-07-03T17:50:40.737+0000] {dag.py:3823} INFO - Setting next_dagrun for example_short_circuit_decorator to 2025-07-02 00:00:00+00:00, run_after=2025-07-03 00:00:00+00:00
[2025-07-03T17:50:40.805+0000] {processor.py:183} INFO - Processing /home/airflow/.local/lib/python3.8/site-packages/airflow/example_dags/example_short_circuit_decorator.py took 0.312 seconds
[2025-07-03T17:51:10.948+0000] {processor.py:161} INFO - Started process (PID=2171) to work on /home/airflow/.local/lib/python3.8/site-packages/airflow/example_dags/example_short_circuit_decorator.py
[2025-07-03T17:51:10.961+0000] {processor.py:830} INFO - Processing file /home/airflow/.local/lib/python3.8/site-packages/airflow/example_dags/example_short_circuit_decorator.py for tasks to queue
[2025-07-03T17:51:10.983+0000] {logging_mixin.py:188} INFO - [2025-07-03T17:51:10.982+0000] {dagbag.py:538} INFO - Filling up the DagBag from /home/airflow/.local/lib/python3.8/site-packages/airflow/example_dags/example_short_circuit_decorator.py
[2025-07-03T17:51:11.059+0000] {processor.py:840} INFO - DAG(s) 'example_short_circuit_decorator' retrieved from /home/airflow/.local/lib/python3.8/site-packages/airflow/example_dags/example_short_circuit_decorator.py
[2025-07-03T17:51:11.246+0000] {logging_mixin.py:188} INFO - [2025-07-03T17:51:11.246+0000] {dag.py:3036} INFO - Sync 1 DAGs
[2025-07-03T17:51:11.343+0000] {logging_mixin.py:188} INFO - [2025-07-03T17:51:11.343+0000] {dag.py:3823} INFO - Setting next_dagrun for example_short_circuit_decorator to 2025-07-02 00:00:00+00:00, run_after=2025-07-03 00:00:00+00:00
[2025-07-03T17:51:11.396+0000] {processor.py:183} INFO - Processing /home/airflow/.local/lib/python3.8/site-packages/airflow/example_dags/example_short_circuit_decorator.py took 0.474 seconds
[2025-07-03T17:51:42.239+0000] {processor.py:161} INFO - Started process (PID=2236) to work on /home/airflow/.local/lib/python3.8/site-packages/airflow/example_dags/example_short_circuit_decorator.py
[2025-07-03T17:51:42.240+0000] {processor.py:830} INFO - Processing file /home/airflow/.local/lib/python3.8/site-packages/airflow/example_dags/example_short_circuit_decorator.py for tasks to queue
[2025-07-03T17:51:42.243+0000] {logging_mixin.py:188} INFO - [2025-07-03T17:51:42.243+0000] {dagbag.py:538} INFO - Filling up the DagBag from /home/airflow/.local/lib/python3.8/site-packages/airflow/example_dags/example_short_circuit_decorator.py
[2025-07-03T17:51:42.262+0000] {processor.py:840} INFO - DAG(s) 'example_short_circuit_decorator' retrieved from /home/airflow/.local/lib/python3.8/site-packages/airflow/example_dags/example_short_circuit_decorator.py
[2025-07-03T17:51:42.306+0000] {logging_mixin.py:188} INFO - [2025-07-03T17:51:42.305+0000] {dag.py:3036} INFO - Sync 1 DAGs
[2025-07-03T17:51:42.351+0000] {logging_mixin.py:188} INFO - [2025-07-03T17:51:42.351+0000] {dag.py:3823} INFO - Setting next_dagrun for example_short_circuit_decorator to 2025-07-02 00:00:00+00:00, run_after=2025-07-03 00:00:00+00:00
[2025-07-03T17:51:42.391+0000] {processor.py:183} INFO - Processing /home/airflow/.local/lib/python3.8/site-packages/airflow/example_dags/example_short_circuit_decorator.py took 0.157 seconds
[2025-07-03T17:52:13.011+0000] {processor.py:161} INFO - Started process (PID=2301) to work on /home/airflow/.local/lib/python3.8/site-packages/airflow/example_dags/example_short_circuit_decorator.py
[2025-07-03T17:52:13.013+0000] {processor.py:830} INFO - Processing file /home/airflow/.local/lib/python3.8/site-packages/airflow/example_dags/example_short_circuit_decorator.py for tasks to queue
[2025-07-03T17:52:13.015+0000] {logging_mixin.py:188} INFO - [2025-07-03T17:52:13.015+0000] {dagbag.py:538} INFO - Filling up the DagBag from /home/airflow/.local/lib/python3.8/site-packages/airflow/example_dags/example_short_circuit_decorator.py
[2025-07-03T17:52:13.032+0000] {processor.py:840} INFO - DAG(s) 'example_short_circuit_decorator' retrieved from /home/airflow/.local/lib/python3.8/site-packages/airflow/example_dags/example_short_circuit_decorator.py
[2025-07-03T17:52:13.077+0000] {logging_mixin.py:188} INFO - [2025-07-03T17:52:13.077+0000] {dag.py:3036} INFO - Sync 1 DAGs
[2025-07-03T17:52:13.124+0000] {logging_mixin.py:188} INFO - [2025-07-03T17:52:13.124+0000] {dag.py:3823} INFO - Setting next_dagrun for example_short_circuit_decorator to 2025-07-02 00:00:00+00:00, run_after=2025-07-03 00:00:00+00:00
[2025-07-03T17:52:13.169+0000] {processor.py:183} INFO - Processing /home/airflow/.local/lib/python3.8/site-packages/airflow/example_dags/example_short_circuit_decorator.py took 0.162 seconds
[2025-07-03T17:52:43.755+0000] {processor.py:161} INFO - Started process (PID=2367) to work on /home/airflow/.local/lib/python3.8/site-packages/airflow/example_dags/example_short_circuit_decorator.py
[2025-07-03T17:52:43.757+0000] {processor.py:830} INFO - Processing file /home/airflow/.local/lib/python3.8/site-packages/airflow/example_dags/example_short_circuit_decorator.py for tasks to queue
[2025-07-03T17:52:43.760+0000] {logging_mixin.py:188} INFO - [2025-07-03T17:52:43.760+0000] {dagbag.py:538} INFO - Filling up the DagBag from /home/airflow/.local/lib/python3.8/site-packages/airflow/example_dags/example_short_circuit_decorator.py
[2025-07-03T17:52:43.779+0000] {processor.py:840} INFO - DAG(s) 'example_short_circuit_decorator' retrieved from /home/airflow/.local/lib/python3.8/site-packages/airflow/example_dags/example_short_circuit_decorator.py
[2025-07-03T17:52:43.823+0000] {logging_mixin.py:188} INFO - [2025-07-03T17:52:43.822+0000] {dag.py:3036} INFO - Sync 1 DAGs
[2025-07-03T17:52:43.866+0000] {logging_mixin.py:188} INFO - [2025-07-03T17:52:43.866+0000] {dag.py:3823} INFO - Setting next_dagrun for example_short_circuit_decorator to 2025-07-02 00:00:00+00:00, run_after=2025-07-03 00:00:00+00:00
[2025-07-03T17:52:43.903+0000] {processor.py:183} INFO - Processing /home/airflow/.local/lib/python3.8/site-packages/airflow/example_dags/example_short_circuit_decorator.py took 0.152 seconds
[2025-07-03T17:53:14.105+0000] {processor.py:161} INFO - Started process (PID=2433) to work on /home/airflow/.local/lib/python3.8/site-packages/airflow/example_dags/example_short_circuit_decorator.py
[2025-07-03T17:53:14.113+0000] {processor.py:830} INFO - Processing file /home/airflow/.local/lib/python3.8/site-packages/airflow/example_dags/example_short_circuit_decorator.py for tasks to queue
[2025-07-03T17:53:14.119+0000] {logging_mixin.py:188} INFO - [2025-07-03T17:53:14.118+0000] {dagbag.py:538} INFO - Filling up the DagBag from /home/airflow/.local/lib/python3.8/site-packages/airflow/example_dags/example_short_circuit_decorator.py
[2025-07-03T17:53:14.144+0000] {processor.py:840} INFO - DAG(s) 'example_short_circuit_decorator' retrieved from /home/airflow/.local/lib/python3.8/site-packages/airflow/example_dags/example_short_circuit_decorator.py
[2025-07-03T17:53:14.201+0000] {logging_mixin.py:188} INFO - [2025-07-03T17:53:14.200+0000] {dag.py:3036} INFO - Sync 1 DAGs
[2025-07-03T17:53:14.244+0000] {logging_mixin.py:188} INFO - [2025-07-03T17:53:14.244+0000] {dag.py:3823} INFO - Setting next_dagrun for example_short_circuit_decorator to 2025-07-02 00:00:00+00:00, run_after=2025-07-03 00:00:00+00:00
[2025-07-03T17:53:14.279+0000] {processor.py:183} INFO - Processing /home/airflow/.local/lib/python3.8/site-packages/airflow/example_dags/example_short_circuit_decorator.py took 0.189 seconds
[2025-07-03T17:53:44.642+0000] {processor.py:161} INFO - Started process (PID=2500) to work on /home/airflow/.local/lib/python3.8/site-packages/airflow/example_dags/example_short_circuit_decorator.py
[2025-07-03T17:53:44.645+0000] {processor.py:830} INFO - Processing file /home/airflow/.local/lib/python3.8/site-packages/airflow/example_dags/example_short_circuit_decorator.py for tasks to queue
[2025-07-03T17:53:44.649+0000] {logging_mixin.py:188} INFO - [2025-07-03T17:53:44.648+0000] {dagbag.py:538} INFO - Filling up the DagBag from /home/airflow/.local/lib/python3.8/site-packages/airflow/example_dags/example_short_circuit_decorator.py
[2025-07-03T17:53:44.666+0000] {processor.py:840} INFO - DAG(s) 'example_short_circuit_decorator' retrieved from /home/airflow/.local/lib/python3.8/site-packages/airflow/example_dags/example_short_circuit_decorator.py
[2025-07-03T17:53:44.709+0000] {logging_mixin.py:188} INFO - [2025-07-03T17:53:44.708+0000] {dag.py:3036} INFO - Sync 1 DAGs
[2025-07-03T17:53:44.756+0000] {logging_mixin.py:188} INFO - [2025-07-03T17:53:44.755+0000] {dag.py:3823} INFO - Setting next_dagrun for example_short_circuit_decorator to 2025-07-02 00:00:00+00:00, run_after=2025-07-03 00:00:00+00:00
[2025-07-03T17:53:44.788+0000] {processor.py:183} INFO - Processing /home/airflow/.local/lib/python3.8/site-packages/airflow/example_dags/example_short_circuit_decorator.py took 0.157 seconds
[2025-07-03T17:54:15.146+0000] {processor.py:161} INFO - Started process (PID=2564) to work on /home/airflow/.local/lib/python3.8/site-packages/airflow/example_dags/example_short_circuit_decorator.py
[2025-07-03T17:54:15.154+0000] {processor.py:830} INFO - Processing file /home/airflow/.local/lib/python3.8/site-packages/airflow/example_dags/example_short_circuit_decorator.py for tasks to queue
[2025-07-03T17:54:15.166+0000] {logging_mixin.py:188} INFO - [2025-07-03T17:54:15.166+0000] {dagbag.py:538} INFO - Filling up the DagBag from /home/airflow/.local/lib/python3.8/site-packages/airflow/example_dags/example_short_circuit_decorator.py
[2025-07-03T17:54:15.209+0000] {processor.py:840} INFO - DAG(s) 'example_short_circuit_decorator' retrieved from /home/airflow/.local/lib/python3.8/site-packages/airflow/example_dags/example_short_circuit_decorator.py
[2025-07-03T17:54:15.274+0000] {logging_mixin.py:188} INFO - [2025-07-03T17:54:15.273+0000] {dag.py:3036} INFO - Sync 1 DAGs
[2025-07-03T17:54:15.333+0000] {logging_mixin.py:188} INFO - [2025-07-03T17:54:15.333+0000] {dag.py:3823} INFO - Setting next_dagrun for example_short_circuit_decorator to 2025-07-02 00:00:00+00:00, run_after=2025-07-03 00:00:00+00:00
[2025-07-03T17:54:15.399+0000] {processor.py:183} INFO - Processing /home/airflow/.local/lib/python3.8/site-packages/airflow/example_dags/example_short_circuit_decorator.py took 0.275 seconds
[2025-07-03T17:54:45.843+0000] {processor.py:161} INFO - Started process (PID=2628) to work on /home/airflow/.local/lib/python3.8/site-packages/airflow/example_dags/example_short_circuit_decorator.py
[2025-07-03T17:54:45.844+0000] {processor.py:830} INFO - Processing file /home/airflow/.local/lib/python3.8/site-packages/airflow/example_dags/example_short_circuit_decorator.py for tasks to queue
[2025-07-03T17:54:45.846+0000] {logging_mixin.py:188} INFO - [2025-07-03T17:54:45.846+0000] {dagbag.py:538} INFO - Filling up the DagBag from /home/airflow/.local/lib/python3.8/site-packages/airflow/example_dags/example_short_circuit_decorator.py
[2025-07-03T17:54:45.862+0000] {processor.py:840} INFO - DAG(s) 'example_short_circuit_decorator' retrieved from /home/airflow/.local/lib/python3.8/site-packages/airflow/example_dags/example_short_circuit_decorator.py
[2025-07-03T17:54:45.904+0000] {logging_mixin.py:188} INFO - [2025-07-03T17:54:45.904+0000] {dag.py:3036} INFO - Sync 1 DAGs
[2025-07-03T17:54:45.979+0000] {logging_mixin.py:188} INFO - [2025-07-03T17:54:45.978+0000] {dag.py:3823} INFO - Setting next_dagrun for example_short_circuit_decorator to 2025-07-02 00:00:00+00:00, run_after=2025-07-03 00:00:00+00:00
[2025-07-03T17:54:46.006+0000] {processor.py:183} INFO - Processing /home/airflow/.local/lib/python3.8/site-packages/airflow/example_dags/example_short_circuit_decorator.py took 0.168 seconds
[2025-07-03T17:55:16.430+0000] {processor.py:161} INFO - Started process (PID=2693) to work on /home/airflow/.local/lib/python3.8/site-packages/airflow/example_dags/example_short_circuit_decorator.py
[2025-07-03T17:55:16.431+0000] {processor.py:830} INFO - Processing file /home/airflow/.local/lib/python3.8/site-packages/airflow/example_dags/example_short_circuit_decorator.py for tasks to queue
[2025-07-03T17:55:16.434+0000] {logging_mixin.py:188} INFO - [2025-07-03T17:55:16.434+0000] {dagbag.py:538} INFO - Filling up the DagBag from /home/airflow/.local/lib/python3.8/site-packages/airflow/example_dags/example_short_circuit_decorator.py
[2025-07-03T17:55:16.452+0000] {processor.py:840} INFO - DAG(s) 'example_short_circuit_decorator' retrieved from /home/airflow/.local/lib/python3.8/site-packages/airflow/example_dags/example_short_circuit_decorator.py
[2025-07-03T17:55:16.495+0000] {logging_mixin.py:188} INFO - [2025-07-03T17:55:16.495+0000] {dag.py:3036} INFO - Sync 1 DAGs
[2025-07-03T17:55:16.538+0000] {logging_mixin.py:188} INFO - [2025-07-03T17:55:16.537+0000] {dag.py:3823} INFO - Setting next_dagrun for example_short_circuit_decorator to 2025-07-02 00:00:00+00:00, run_after=2025-07-03 00:00:00+00:00
[2025-07-03T17:55:16.569+0000] {processor.py:183} INFO - Processing /home/airflow/.local/lib/python3.8/site-packages/airflow/example_dags/example_short_circuit_decorator.py took 0.144 seconds
[2025-07-03T17:55:46.684+0000] {processor.py:161} INFO - Started process (PID=2758) to work on /home/airflow/.local/lib/python3.8/site-packages/airflow/example_dags/example_short_circuit_decorator.py
[2025-07-03T17:55:46.691+0000] {processor.py:830} INFO - Processing file /home/airflow/.local/lib/python3.8/site-packages/airflow/example_dags/example_short_circuit_decorator.py for tasks to queue
[2025-07-03T17:55:46.694+0000] {logging_mixin.py:188} INFO - [2025-07-03T17:55:46.693+0000] {dagbag.py:538} INFO - Filling up the DagBag from /home/airflow/.local/lib/python3.8/site-packages/airflow/example_dags/example_short_circuit_decorator.py
[2025-07-03T17:55:46.726+0000] {processor.py:840} INFO - DAG(s) 'example_short_circuit_decorator' retrieved from /home/airflow/.local/lib/python3.8/site-packages/airflow/example_dags/example_short_circuit_decorator.py
[2025-07-03T17:55:46.806+0000] {logging_mixin.py:188} INFO - [2025-07-03T17:55:46.806+0000] {dag.py:3036} INFO - Sync 1 DAGs
[2025-07-03T17:55:46.881+0000] {logging_mixin.py:188} INFO - [2025-07-03T17:55:46.880+0000] {dag.py:3823} INFO - Setting next_dagrun for example_short_circuit_decorator to 2025-07-02 00:00:00+00:00, run_after=2025-07-03 00:00:00+00:00
[2025-07-03T17:55:46.937+0000] {processor.py:183} INFO - Processing /home/airflow/.local/lib/python3.8/site-packages/airflow/example_dags/example_short_circuit_decorator.py took 0.263 seconds
[2025-07-03T17:56:16.991+0000] {processor.py:161} INFO - Started process (PID=2824) to work on /home/airflow/.local/lib/python3.8/site-packages/airflow/example_dags/example_short_circuit_decorator.py
[2025-07-03T17:56:16.993+0000] {processor.py:830} INFO - Processing file /home/airflow/.local/lib/python3.8/site-packages/airflow/example_dags/example_short_circuit_decorator.py for tasks to queue
[2025-07-03T17:56:16.996+0000] {logging_mixin.py:188} INFO - [2025-07-03T17:56:16.995+0000] {dagbag.py:538} INFO - Filling up the DagBag from /home/airflow/.local/lib/python3.8/site-packages/airflow/example_dags/example_short_circuit_decorator.py
[2025-07-03T17:56:17.036+0000] {processor.py:840} INFO - DAG(s) 'example_short_circuit_decorator' retrieved from /home/airflow/.local/lib/python3.8/site-packages/airflow/example_dags/example_short_circuit_decorator.py
[2025-07-03T17:56:17.104+0000] {logging_mixin.py:188} INFO - [2025-07-03T17:56:17.103+0000] {dag.py:3036} INFO - Sync 1 DAGs
[2025-07-03T17:56:17.184+0000] {logging_mixin.py:188} INFO - [2025-07-03T17:56:17.184+0000] {dag.py:3823} INFO - Setting next_dagrun for example_short_circuit_decorator to 2025-07-02 00:00:00+00:00, run_after=2025-07-03 00:00:00+00:00
[2025-07-03T17:56:17.270+0000] {processor.py:183} INFO - Processing /home/airflow/.local/lib/python3.8/site-packages/airflow/example_dags/example_short_circuit_decorator.py took 0.292 seconds
[2025-07-03T17:56:48.233+0000] {processor.py:161} INFO - Started process (PID=2889) to work on /home/airflow/.local/lib/python3.8/site-packages/airflow/example_dags/example_short_circuit_decorator.py
[2025-07-03T17:56:48.240+0000] {processor.py:830} INFO - Processing file /home/airflow/.local/lib/python3.8/site-packages/airflow/example_dags/example_short_circuit_decorator.py for tasks to queue
[2025-07-03T17:56:48.246+0000] {logging_mixin.py:188} INFO - [2025-07-03T17:56:48.245+0000] {dagbag.py:538} INFO - Filling up the DagBag from /home/airflow/.local/lib/python3.8/site-packages/airflow/example_dags/example_short_circuit_decorator.py
[2025-07-03T17:56:48.344+0000] {processor.py:840} INFO - DAG(s) 'example_short_circuit_decorator' retrieved from /home/airflow/.local/lib/python3.8/site-packages/airflow/example_dags/example_short_circuit_decorator.py
[2025-07-03T17:56:48.481+0000] {logging_mixin.py:188} INFO - [2025-07-03T17:56:48.481+0000] {dag.py:3036} INFO - Sync 1 DAGs
[2025-07-03T17:56:48.639+0000] {logging_mixin.py:188} INFO - [2025-07-03T17:56:48.639+0000] {dag.py:3823} INFO - Setting next_dagrun for example_short_circuit_decorator to 2025-07-02 00:00:00+00:00, run_after=2025-07-03 00:00:00+00:00
[2025-07-03T17:56:48.776+0000] {processor.py:183} INFO - Processing /home/airflow/.local/lib/python3.8/site-packages/airflow/example_dags/example_short_circuit_decorator.py took 0.601 seconds
[2025-07-03T17:57:19.070+0000] {processor.py:161} INFO - Started process (PID=2950) to work on /home/airflow/.local/lib/python3.8/site-packages/airflow/example_dags/example_short_circuit_decorator.py
[2025-07-03T17:57:19.081+0000] {processor.py:830} INFO - Processing file /home/airflow/.local/lib/python3.8/site-packages/airflow/example_dags/example_short_circuit_decorator.py for tasks to queue
[2025-07-03T17:57:19.084+0000] {logging_mixin.py:188} INFO - [2025-07-03T17:57:19.083+0000] {dagbag.py:538} INFO - Filling up the DagBag from /home/airflow/.local/lib/python3.8/site-packages/airflow/example_dags/example_short_circuit_decorator.py
[2025-07-03T17:57:19.131+0000] {processor.py:840} INFO - DAG(s) 'example_short_circuit_decorator' retrieved from /home/airflow/.local/lib/python3.8/site-packages/airflow/example_dags/example_short_circuit_decorator.py
[2025-07-03T17:57:19.175+0000] {logging_mixin.py:188} INFO - [2025-07-03T17:57:19.175+0000] {dag.py:3036} INFO - Sync 1 DAGs
[2025-07-03T17:57:19.223+0000] {logging_mixin.py:188} INFO - [2025-07-03T17:57:19.223+0000] {dag.py:3823} INFO - Setting next_dagrun for example_short_circuit_decorator to 2025-07-02 00:00:00+00:00, run_after=2025-07-03 00:00:00+00:00
[2025-07-03T17:57:19.274+0000] {processor.py:183} INFO - Processing /home/airflow/.local/lib/python3.8/site-packages/airflow/example_dags/example_short_circuit_decorator.py took 0.221 seconds
[2025-07-03T17:57:49.667+0000] {processor.py:161} INFO - Started process (PID=3007) to work on /home/airflow/.local/lib/python3.8/site-packages/airflow/example_dags/example_short_circuit_decorator.py
[2025-07-03T17:57:49.668+0000] {processor.py:830} INFO - Processing file /home/airflow/.local/lib/python3.8/site-packages/airflow/example_dags/example_short_circuit_decorator.py for tasks to queue
[2025-07-03T17:57:49.679+0000] {logging_mixin.py:188} INFO - [2025-07-03T17:57:49.679+0000] {dagbag.py:538} INFO - Filling up the DagBag from /home/airflow/.local/lib/python3.8/site-packages/airflow/example_dags/example_short_circuit_decorator.py
[2025-07-03T17:57:49.718+0000] {processor.py:840} INFO - DAG(s) 'example_short_circuit_decorator' retrieved from /home/airflow/.local/lib/python3.8/site-packages/airflow/example_dags/example_short_circuit_decorator.py
[2025-07-03T17:57:49.794+0000] {logging_mixin.py:188} INFO - [2025-07-03T17:57:49.794+0000] {dag.py:3036} INFO - Sync 1 DAGs
[2025-07-03T17:57:49.890+0000] {logging_mixin.py:188} INFO - [2025-07-03T17:57:49.890+0000] {dag.py:3823} INFO - Setting next_dagrun for example_short_circuit_decorator to 2025-07-02 00:00:00+00:00, run_after=2025-07-03 00:00:00+00:00
[2025-07-03T17:57:49.958+0000] {processor.py:183} INFO - Processing /home/airflow/.local/lib/python3.8/site-packages/airflow/example_dags/example_short_circuit_decorator.py took 0.296 seconds
[2025-07-03T17:58:20.514+0000] {processor.py:161} INFO - Started process (PID=3073) to work on /home/airflow/.local/lib/python3.8/site-packages/airflow/example_dags/example_short_circuit_decorator.py
[2025-07-03T17:58:20.516+0000] {processor.py:830} INFO - Processing file /home/airflow/.local/lib/python3.8/site-packages/airflow/example_dags/example_short_circuit_decorator.py for tasks to queue
[2025-07-03T17:58:20.518+0000] {logging_mixin.py:188} INFO - [2025-07-03T17:58:20.518+0000] {dagbag.py:538} INFO - Filling up the DagBag from /home/airflow/.local/lib/python3.8/site-packages/airflow/example_dags/example_short_circuit_decorator.py
[2025-07-03T17:58:20.535+0000] {processor.py:840} INFO - DAG(s) 'example_short_circuit_decorator' retrieved from /home/airflow/.local/lib/python3.8/site-packages/airflow/example_dags/example_short_circuit_decorator.py
[2025-07-03T17:58:20.586+0000] {logging_mixin.py:188} INFO - [2025-07-03T17:58:20.585+0000] {dag.py:3036} INFO - Sync 1 DAGs
[2025-07-03T17:58:20.628+0000] {logging_mixin.py:188} INFO - [2025-07-03T17:58:20.627+0000] {dag.py:3823} INFO - Setting next_dagrun for example_short_circuit_decorator to 2025-07-02 00:00:00+00:00, run_after=2025-07-03 00:00:00+00:00
[2025-07-03T17:58:20.668+0000] {processor.py:183} INFO - Processing /home/airflow/.local/lib/python3.8/site-packages/airflow/example_dags/example_short_circuit_decorator.py took 0.159 seconds
[2025-07-03T17:58:51.462+0000] {processor.py:161} INFO - Started process (PID=3138) to work on /home/airflow/.local/lib/python3.8/site-packages/airflow/example_dags/example_short_circuit_decorator.py
[2025-07-03T17:58:51.463+0000] {processor.py:830} INFO - Processing file /home/airflow/.local/lib/python3.8/site-packages/airflow/example_dags/example_short_circuit_decorator.py for tasks to queue
[2025-07-03T17:58:51.465+0000] {logging_mixin.py:188} INFO - [2025-07-03T17:58:51.465+0000] {dagbag.py:538} INFO - Filling up the DagBag from /home/airflow/.local/lib/python3.8/site-packages/airflow/example_dags/example_short_circuit_decorator.py
[2025-07-03T17:58:51.477+0000] {processor.py:840} INFO - DAG(s) 'example_short_circuit_decorator' retrieved from /home/airflow/.local/lib/python3.8/site-packages/airflow/example_dags/example_short_circuit_decorator.py
[2025-07-03T17:58:51.510+0000] {logging_mixin.py:188} INFO - [2025-07-03T17:58:51.510+0000] {dag.py:3036} INFO - Sync 1 DAGs
[2025-07-03T17:58:51.547+0000] {logging_mixin.py:188} INFO - [2025-07-03T17:58:51.546+0000] {dag.py:3823} INFO - Setting next_dagrun for example_short_circuit_decorator to 2025-07-02 00:00:00+00:00, run_after=2025-07-03 00:00:00+00:00
[2025-07-03T17:58:51.577+0000] {processor.py:183} INFO - Processing /home/airflow/.local/lib/python3.8/site-packages/airflow/example_dags/example_short_circuit_decorator.py took 0.118 seconds
[2025-07-03T17:59:22.185+0000] {processor.py:161} INFO - Started process (PID=3203) to work on /home/airflow/.local/lib/python3.8/site-packages/airflow/example_dags/example_short_circuit_decorator.py
[2025-07-03T17:59:22.187+0000] {processor.py:830} INFO - Processing file /home/airflow/.local/lib/python3.8/site-packages/airflow/example_dags/example_short_circuit_decorator.py for tasks to queue
[2025-07-03T17:59:22.190+0000] {logging_mixin.py:188} INFO - [2025-07-03T17:59:22.189+0000] {dagbag.py:538} INFO - Filling up the DagBag from /home/airflow/.local/lib/python3.8/site-packages/airflow/example_dags/example_short_circuit_decorator.py
[2025-07-03T17:59:22.203+0000] {processor.py:840} INFO - DAG(s) 'example_short_circuit_decorator' retrieved from /home/airflow/.local/lib/python3.8/site-packages/airflow/example_dags/example_short_circuit_decorator.py
[2025-07-03T17:59:22.237+0000] {logging_mixin.py:188} INFO - [2025-07-03T17:59:22.236+0000] {dag.py:3036} INFO - Sync 1 DAGs
[2025-07-03T17:59:22.270+0000] {logging_mixin.py:188} INFO - [2025-07-03T17:59:22.270+0000] {dag.py:3823} INFO - Setting next_dagrun for example_short_circuit_decorator to 2025-07-02 00:00:00+00:00, run_after=2025-07-03 00:00:00+00:00
[2025-07-03T17:59:22.299+0000] {processor.py:183} INFO - Processing /home/airflow/.local/lib/python3.8/site-packages/airflow/example_dags/example_short_circuit_decorator.py took 0.118 seconds
[2025-07-03T17:59:52.715+0000] {processor.py:161} INFO - Started process (PID=3267) to work on /home/airflow/.local/lib/python3.8/site-packages/airflow/example_dags/example_short_circuit_decorator.py
[2025-07-03T17:59:52.717+0000] {processor.py:830} INFO - Processing file /home/airflow/.local/lib/python3.8/site-packages/airflow/example_dags/example_short_circuit_decorator.py for tasks to queue
[2025-07-03T17:59:52.719+0000] {logging_mixin.py:188} INFO - [2025-07-03T17:59:52.719+0000] {dagbag.py:538} INFO - Filling up the DagBag from /home/airflow/.local/lib/python3.8/site-packages/airflow/example_dags/example_short_circuit_decorator.py
[2025-07-03T17:59:52.731+0000] {processor.py:840} INFO - DAG(s) 'example_short_circuit_decorator' retrieved from /home/airflow/.local/lib/python3.8/site-packages/airflow/example_dags/example_short_circuit_decorator.py
[2025-07-03T17:59:52.761+0000] {logging_mixin.py:188} INFO - [2025-07-03T17:59:52.761+0000] {dag.py:3036} INFO - Sync 1 DAGs
[2025-07-03T17:59:52.791+0000] {logging_mixin.py:188} INFO - [2025-07-03T17:59:52.791+0000] {dag.py:3823} INFO - Setting next_dagrun for example_short_circuit_decorator to 2025-07-02 00:00:00+00:00, run_after=2025-07-03 00:00:00+00:00
[2025-07-03T17:59:52.815+0000] {processor.py:183} INFO - Processing /home/airflow/.local/lib/python3.8/site-packages/airflow/example_dags/example_short_circuit_decorator.py took 0.104 seconds
[2025-07-03T18:00:23.273+0000] {processor.py:161} INFO - Started process (PID=3331) to work on /home/airflow/.local/lib/python3.8/site-packages/airflow/example_dags/example_short_circuit_decorator.py
[2025-07-03T18:00:23.275+0000] {processor.py:830} INFO - Processing file /home/airflow/.local/lib/python3.8/site-packages/airflow/example_dags/example_short_circuit_decorator.py for tasks to queue
[2025-07-03T18:00:23.278+0000] {logging_mixin.py:188} INFO - [2025-07-03T18:00:23.277+0000] {dagbag.py:538} INFO - Filling up the DagBag from /home/airflow/.local/lib/python3.8/site-packages/airflow/example_dags/example_short_circuit_decorator.py
[2025-07-03T18:00:23.306+0000] {processor.py:840} INFO - DAG(s) 'example_short_circuit_decorator' retrieved from /home/airflow/.local/lib/python3.8/site-packages/airflow/example_dags/example_short_circuit_decorator.py
[2025-07-03T18:00:23.383+0000] {logging_mixin.py:188} INFO - [2025-07-03T18:00:23.383+0000] {dag.py:3036} INFO - Sync 1 DAGs
[2025-07-03T18:00:23.472+0000] {logging_mixin.py:188} INFO - [2025-07-03T18:00:23.471+0000] {dag.py:3823} INFO - Setting next_dagrun for example_short_circuit_decorator to 2025-07-02 00:00:00+00:00, run_after=2025-07-03 00:00:00+00:00
[2025-07-03T18:00:23.530+0000] {processor.py:183} INFO - Processing /home/airflow/.local/lib/python3.8/site-packages/airflow/example_dags/example_short_circuit_decorator.py took 0.269 seconds
[2025-07-03T18:00:54.027+0000] {processor.py:161} INFO - Started process (PID=3395) to work on /home/airflow/.local/lib/python3.8/site-packages/airflow/example_dags/example_short_circuit_decorator.py
[2025-07-03T18:00:54.029+0000] {processor.py:830} INFO - Processing file /home/airflow/.local/lib/python3.8/site-packages/airflow/example_dags/example_short_circuit_decorator.py for tasks to queue
[2025-07-03T18:00:54.031+0000] {logging_mixin.py:188} INFO - [2025-07-03T18:00:54.030+0000] {dagbag.py:538} INFO - Filling up the DagBag from /home/airflow/.local/lib/python3.8/site-packages/airflow/example_dags/example_short_circuit_decorator.py
[2025-07-03T18:00:54.047+0000] {processor.py:840} INFO - DAG(s) 'example_short_circuit_decorator' retrieved from /home/airflow/.local/lib/python3.8/site-packages/airflow/example_dags/example_short_circuit_decorator.py
[2025-07-03T18:00:54.088+0000] {logging_mixin.py:188} INFO - [2025-07-03T18:00:54.088+0000] {dag.py:3036} INFO - Sync 1 DAGs
[2025-07-03T18:00:54.129+0000] {logging_mixin.py:188} INFO - [2025-07-03T18:00:54.129+0000] {dag.py:3823} INFO - Setting next_dagrun for example_short_circuit_decorator to 2025-07-02 00:00:00+00:00, run_after=2025-07-03 00:00:00+00:00
[2025-07-03T18:00:54.163+0000] {processor.py:183} INFO - Processing /home/airflow/.local/lib/python3.8/site-packages/airflow/example_dags/example_short_circuit_decorator.py took 0.140 seconds
[2025-07-03T18:01:24.262+0000] {processor.py:161} INFO - Started process (PID=3453) to work on /home/airflow/.local/lib/python3.8/site-packages/airflow/example_dags/example_short_circuit_decorator.py
[2025-07-03T18:01:24.263+0000] {processor.py:830} INFO - Processing file /home/airflow/.local/lib/python3.8/site-packages/airflow/example_dags/example_short_circuit_decorator.py for tasks to queue
[2025-07-03T18:01:24.266+0000] {logging_mixin.py:188} INFO - [2025-07-03T18:01:24.266+0000] {dagbag.py:538} INFO - Filling up the DagBag from /home/airflow/.local/lib/python3.8/site-packages/airflow/example_dags/example_short_circuit_decorator.py
[2025-07-03T18:01:24.278+0000] {processor.py:840} INFO - DAG(s) 'example_short_circuit_decorator' retrieved from /home/airflow/.local/lib/python3.8/site-packages/airflow/example_dags/example_short_circuit_decorator.py
[2025-07-03T18:01:24.311+0000] {logging_mixin.py:188} INFO - [2025-07-03T18:01:24.310+0000] {dag.py:3036} INFO - Sync 1 DAGs
[2025-07-03T18:01:24.498+0000] {logging_mixin.py:188} INFO - [2025-07-03T18:01:24.498+0000] {dag.py:3823} INFO - Setting next_dagrun for example_short_circuit_decorator to 2025-07-02 00:00:00+00:00, run_after=2025-07-03 00:00:00+00:00
[2025-07-03T18:01:24.522+0000] {processor.py:183} INFO - Processing /home/airflow/.local/lib/python3.8/site-packages/airflow/example_dags/example_short_circuit_decorator.py took 0.264 seconds
[2025-07-03T18:01:54.743+0000] {processor.py:161} INFO - Started process (PID=3517) to work on /home/airflow/.local/lib/python3.8/site-packages/airflow/example_dags/example_short_circuit_decorator.py
[2025-07-03T18:01:54.744+0000] {processor.py:830} INFO - Processing file /home/airflow/.local/lib/python3.8/site-packages/airflow/example_dags/example_short_circuit_decorator.py for tasks to queue
[2025-07-03T18:01:54.747+0000] {logging_mixin.py:188} INFO - [2025-07-03T18:01:54.746+0000] {dagbag.py:538} INFO - Filling up the DagBag from /home/airflow/.local/lib/python3.8/site-packages/airflow/example_dags/example_short_circuit_decorator.py
[2025-07-03T18:01:54.763+0000] {processor.py:840} INFO - DAG(s) 'example_short_circuit_decorator' retrieved from /home/airflow/.local/lib/python3.8/site-packages/airflow/example_dags/example_short_circuit_decorator.py
[2025-07-03T18:01:54.810+0000] {logging_mixin.py:188} INFO - [2025-07-03T18:01:54.810+0000] {dag.py:3036} INFO - Sync 1 DAGs
[2025-07-03T18:01:54.850+0000] {logging_mixin.py:188} INFO - [2025-07-03T18:01:54.850+0000] {dag.py:3823} INFO - Setting next_dagrun for example_short_circuit_decorator to 2025-07-02 00:00:00+00:00, run_after=2025-07-03 00:00:00+00:00
[2025-07-03T18:01:54.880+0000] {processor.py:183} INFO - Processing /home/airflow/.local/lib/python3.8/site-packages/airflow/example_dags/example_short_circuit_decorator.py took 0.142 seconds
[2025-07-03T18:02:25.360+0000] {processor.py:161} INFO - Started process (PID=3573) to work on /home/airflow/.local/lib/python3.8/site-packages/airflow/example_dags/example_short_circuit_decorator.py
[2025-07-03T18:02:25.362+0000] {processor.py:830} INFO - Processing file /home/airflow/.local/lib/python3.8/site-packages/airflow/example_dags/example_short_circuit_decorator.py for tasks to queue
[2025-07-03T18:02:25.364+0000] {logging_mixin.py:188} INFO - [2025-07-03T18:02:25.363+0000] {dagbag.py:538} INFO - Filling up the DagBag from /home/airflow/.local/lib/python3.8/site-packages/airflow/example_dags/example_short_circuit_decorator.py
[2025-07-03T18:02:25.380+0000] {processor.py:840} INFO - DAG(s) 'example_short_circuit_decorator' retrieved from /home/airflow/.local/lib/python3.8/site-packages/airflow/example_dags/example_short_circuit_decorator.py
[2025-07-03T18:02:25.420+0000] {logging_mixin.py:188} INFO - [2025-07-03T18:02:25.420+0000] {dag.py:3036} INFO - Sync 1 DAGs
[2025-07-03T18:02:25.459+0000] {logging_mixin.py:188} INFO - [2025-07-03T18:02:25.459+0000] {dag.py:3823} INFO - Setting next_dagrun for example_short_circuit_decorator to 2025-07-02 00:00:00+00:00, run_after=2025-07-03 00:00:00+00:00
[2025-07-03T18:02:25.488+0000] {processor.py:183} INFO - Processing /home/airflow/.local/lib/python3.8/site-packages/airflow/example_dags/example_short_circuit_decorator.py took 0.133 seconds
[2025-07-03T18:02:55.930+0000] {processor.py:161} INFO - Started process (PID=3638) to work on /home/airflow/.local/lib/python3.8/site-packages/airflow/example_dags/example_short_circuit_decorator.py
[2025-07-03T18:02:55.945+0000] {processor.py:830} INFO - Processing file /home/airflow/.local/lib/python3.8/site-packages/airflow/example_dags/example_short_circuit_decorator.py for tasks to queue
[2025-07-03T18:02:55.948+0000] {logging_mixin.py:188} INFO - [2025-07-03T18:02:55.947+0000] {dagbag.py:538} INFO - Filling up the DagBag from /home/airflow/.local/lib/python3.8/site-packages/airflow/example_dags/example_short_circuit_decorator.py
[2025-07-03T18:02:55.992+0000] {processor.py:840} INFO - DAG(s) 'example_short_circuit_decorator' retrieved from /home/airflow/.local/lib/python3.8/site-packages/airflow/example_dags/example_short_circuit_decorator.py
[2025-07-03T18:02:56.549+0000] {logging_mixin.py:188} INFO - [2025-07-03T18:02:56.548+0000] {dag.py:3036} INFO - Sync 1 DAGs
[2025-07-03T18:02:56.666+0000] {logging_mixin.py:188} INFO - [2025-07-03T18:02:56.666+0000] {dag.py:3823} INFO - Setting next_dagrun for example_short_circuit_decorator to 2025-07-02 00:00:00+00:00, run_after=2025-07-03 00:00:00+00:00
[2025-07-03T18:02:56.741+0000] {processor.py:183} INFO - Processing /home/airflow/.local/lib/python3.8/site-packages/airflow/example_dags/example_short_circuit_decorator.py took 0.819 seconds
[2025-07-03T18:03:58.580+0000] {processor.py:161} INFO - Started process (PID=3714) to work on /home/airflow/.local/lib/python3.8/site-packages/airflow/example_dags/example_short_circuit_decorator.py
[2025-07-03T18:03:58.645+0000] {processor.py:830} INFO - Processing file /home/airflow/.local/lib/python3.8/site-packages/airflow/example_dags/example_short_circuit_decorator.py for tasks to queue
[2025-07-03T18:03:58.730+0000] {logging_mixin.py:188} INFO - [2025-07-03T18:03:58.729+0000] {dagbag.py:538} INFO - Filling up the DagBag from /home/airflow/.local/lib/python3.8/site-packages/airflow/example_dags/example_short_circuit_decorator.py
[2025-07-03T18:03:58.950+0000] {processor.py:840} INFO - DAG(s) 'example_short_circuit_decorator' retrieved from /home/airflow/.local/lib/python3.8/site-packages/airflow/example_dags/example_short_circuit_decorator.py
[2025-07-03T18:04:02.306+0000] {logging_mixin.py:188} INFO - [2025-07-03T18:04:02.305+0000] {dag.py:3036} INFO - Sync 1 DAGs
[2025-07-03T18:04:02.763+0000] {logging_mixin.py:188} INFO - [2025-07-03T18:04:02.762+0000] {dag.py:3823} INFO - Setting next_dagrun for example_short_circuit_decorator to 2025-07-02 00:00:00+00:00, run_after=2025-07-03 00:00:00+00:00
[2025-07-03T18:04:03.189+0000] {processor.py:183} INFO - Processing /home/airflow/.local/lib/python3.8/site-packages/airflow/example_dags/example_short_circuit_decorator.py took 4.650 seconds
[2025-07-03T18:05:36.435+0000] {processor.py:161} INFO - Started process (PID=3800) to work on /home/airflow/.local/lib/python3.8/site-packages/airflow/example_dags/example_short_circuit_decorator.py
[2025-07-03T18:05:36.501+0000] {processor.py:830} INFO - Processing file /home/airflow/.local/lib/python3.8/site-packages/airflow/example_dags/example_short_circuit_decorator.py for tasks to queue
[2025-07-03T18:05:36.529+0000] {logging_mixin.py:188} INFO - [2025-07-03T18:05:36.529+0000] {dagbag.py:538} INFO - Filling up the DagBag from /home/airflow/.local/lib/python3.8/site-packages/airflow/example_dags/example_short_circuit_decorator.py
[2025-07-03T18:05:36.866+0000] {processor.py:840} INFO - DAG(s) 'example_short_circuit_decorator' retrieved from /home/airflow/.local/lib/python3.8/site-packages/airflow/example_dags/example_short_circuit_decorator.py
[2025-07-03T18:05:37.830+0000] {logging_mixin.py:188} INFO - [2025-07-03T18:05:37.829+0000] {dag.py:3036} INFO - Sync 1 DAGs
[2025-07-03T18:05:39.003+0000] {logging_mixin.py:188} INFO - [2025-07-03T18:05:39.003+0000] {dag.py:3823} INFO - Setting next_dagrun for example_short_circuit_decorator to 2025-07-02 00:00:00+00:00, run_after=2025-07-03 00:00:00+00:00
[2025-07-03T18:05:39.961+0000] {processor.py:183} INFO - Processing /home/airflow/.local/lib/python3.8/site-packages/airflow/example_dags/example_short_circuit_decorator.py took 3.635 seconds
[2025-07-03T18:15:29.700+0000] {processor.py:161} INFO - Started process (PID=3940) to work on /home/airflow/.local/lib/python3.8/site-packages/airflow/example_dags/example_short_circuit_decorator.py
[2025-07-03T18:15:29.907+0000] {processor.py:830} INFO - Processing file /home/airflow/.local/lib/python3.8/site-packages/airflow/example_dags/example_short_circuit_decorator.py for tasks to queue
[2025-07-03T18:15:30.302+0000] {logging_mixin.py:188} INFO - [2025-07-03T18:15:30.138+0000] {dagbag.py:538} INFO - Filling up the DagBag from /home/airflow/.local/lib/python3.8/site-packages/airflow/example_dags/example_short_circuit_decorator.py
[2025-07-03T18:15:32.665+0000] {processor.py:840} INFO - DAG(s) 'example_short_circuit_decorator' retrieved from /home/airflow/.local/lib/python3.8/site-packages/airflow/example_dags/example_short_circuit_decorator.py
[2025-07-03T18:21:12.759+0000] {processor.py:161} INFO - Started process (PID=112) to work on /home/airflow/.local/lib/python3.8/site-packages/airflow/example_dags/example_short_circuit_decorator.py
[2025-07-03T18:21:12.762+0000] {processor.py:830} INFO - Processing file /home/airflow/.local/lib/python3.8/site-packages/airflow/example_dags/example_short_circuit_decorator.py for tasks to queue
[2025-07-03T18:21:12.765+0000] {logging_mixin.py:188} INFO - [2025-07-03T18:21:12.764+0000] {dagbag.py:538} INFO - Filling up the DagBag from /home/airflow/.local/lib/python3.8/site-packages/airflow/example_dags/example_short_circuit_decorator.py
[2025-07-03T18:21:12.783+0000] {processor.py:840} INFO - DAG(s) 'example_short_circuit_decorator' retrieved from /home/airflow/.local/lib/python3.8/site-packages/airflow/example_dags/example_short_circuit_decorator.py
[2025-07-03T18:21:12.827+0000] {logging_mixin.py:188} INFO - [2025-07-03T18:21:12.827+0000] {dag.py:3036} INFO - Sync 1 DAGs
[2025-07-03T18:21:12.868+0000] {logging_mixin.py:188} INFO - [2025-07-03T18:21:12.867+0000] {dag.py:3823} INFO - Setting next_dagrun for example_short_circuit_decorator to 2025-07-02 00:00:00+00:00, run_after=2025-07-03 00:00:00+00:00
[2025-07-03T18:21:12.897+0000] {processor.py:183} INFO - Processing /home/airflow/.local/lib/python3.8/site-packages/airflow/example_dags/example_short_circuit_decorator.py took 0.143 seconds
[2025-07-03T18:21:43.807+0000] {processor.py:161} INFO - Started process (PID=177) to work on /home/airflow/.local/lib/python3.8/site-packages/airflow/example_dags/example_short_circuit_decorator.py
[2025-07-03T18:21:43.809+0000] {processor.py:830} INFO - Processing file /home/airflow/.local/lib/python3.8/site-packages/airflow/example_dags/example_short_circuit_decorator.py for tasks to queue
[2025-07-03T18:21:43.812+0000] {logging_mixin.py:188} INFO - [2025-07-03T18:21:43.811+0000] {dagbag.py:538} INFO - Filling up the DagBag from /home/airflow/.local/lib/python3.8/site-packages/airflow/example_dags/example_short_circuit_decorator.py
[2025-07-03T18:21:43.830+0000] {processor.py:840} INFO - DAG(s) 'example_short_circuit_decorator' retrieved from /home/airflow/.local/lib/python3.8/site-packages/airflow/example_dags/example_short_circuit_decorator.py
[2025-07-03T18:21:43.871+0000] {logging_mixin.py:188} INFO - [2025-07-03T18:21:43.870+0000] {dag.py:3036} INFO - Sync 1 DAGs
[2025-07-03T18:21:43.912+0000] {logging_mixin.py:188} INFO - [2025-07-03T18:21:43.912+0000] {dag.py:3823} INFO - Setting next_dagrun for example_short_circuit_decorator to 2025-07-02 00:00:00+00:00, run_after=2025-07-03 00:00:00+00:00
[2025-07-03T18:21:43.945+0000] {processor.py:183} INFO - Processing /home/airflow/.local/lib/python3.8/site-packages/airflow/example_dags/example_short_circuit_decorator.py took 0.142 seconds
[2025-07-03T18:22:14.122+0000] {processor.py:161} INFO - Started process (PID=242) to work on /home/airflow/.local/lib/python3.8/site-packages/airflow/example_dags/example_short_circuit_decorator.py
[2025-07-03T18:22:14.125+0000] {processor.py:830} INFO - Processing file /home/airflow/.local/lib/python3.8/site-packages/airflow/example_dags/example_short_circuit_decorator.py for tasks to queue
[2025-07-03T18:22:14.128+0000] {logging_mixin.py:188} INFO - [2025-07-03T18:22:14.127+0000] {dagbag.py:538} INFO - Filling up the DagBag from /home/airflow/.local/lib/python3.8/site-packages/airflow/example_dags/example_short_circuit_decorator.py
[2025-07-03T18:22:14.157+0000] {processor.py:840} INFO - DAG(s) 'example_short_circuit_decorator' retrieved from /home/airflow/.local/lib/python3.8/site-packages/airflow/example_dags/example_short_circuit_decorator.py
[2025-07-03T18:22:14.204+0000] {logging_mixin.py:188} INFO - [2025-07-03T18:22:14.203+0000] {dag.py:3036} INFO - Sync 1 DAGs
[2025-07-03T18:22:14.249+0000] {logging_mixin.py:188} INFO - [2025-07-03T18:22:14.249+0000] {dag.py:3823} INFO - Setting next_dagrun for example_short_circuit_decorator to 2025-07-02 00:00:00+00:00, run_after=2025-07-03 00:00:00+00:00
[2025-07-03T18:22:14.278+0000] {processor.py:183} INFO - Processing /home/airflow/.local/lib/python3.8/site-packages/airflow/example_dags/example_short_circuit_decorator.py took 0.160 seconds
[2025-07-03T18:22:44.969+0000] {processor.py:161} INFO - Started process (PID=309) to work on /home/airflow/.local/lib/python3.8/site-packages/airflow/example_dags/example_short_circuit_decorator.py
[2025-07-03T18:22:44.971+0000] {processor.py:830} INFO - Processing file /home/airflow/.local/lib/python3.8/site-packages/airflow/example_dags/example_short_circuit_decorator.py for tasks to queue
[2025-07-03T18:22:44.977+0000] {logging_mixin.py:188} INFO - [2025-07-03T18:22:44.976+0000] {dagbag.py:538} INFO - Filling up the DagBag from /home/airflow/.local/lib/python3.8/site-packages/airflow/example_dags/example_short_circuit_decorator.py
[2025-07-03T18:22:45.014+0000] {processor.py:840} INFO - DAG(s) 'example_short_circuit_decorator' retrieved from /home/airflow/.local/lib/python3.8/site-packages/airflow/example_dags/example_short_circuit_decorator.py
[2025-07-03T18:22:45.103+0000] {logging_mixin.py:188} INFO - [2025-07-03T18:22:45.103+0000] {dag.py:3036} INFO - Sync 1 DAGs
[2025-07-03T18:22:45.144+0000] {logging_mixin.py:188} INFO - [2025-07-03T18:22:45.144+0000] {dag.py:3823} INFO - Setting next_dagrun for example_short_circuit_decorator to 2025-07-02 00:00:00+00:00, run_after=2025-07-03 00:00:00+00:00
[2025-07-03T18:22:45.194+0000] {processor.py:183} INFO - Processing /home/airflow/.local/lib/python3.8/site-packages/airflow/example_dags/example_short_circuit_decorator.py took 0.238 seconds
[2025-07-03T18:23:15.528+0000] {processor.py:161} INFO - Started process (PID=375) to work on /home/airflow/.local/lib/python3.8/site-packages/airflow/example_dags/example_short_circuit_decorator.py
[2025-07-03T18:23:15.539+0000] {processor.py:830} INFO - Processing file /home/airflow/.local/lib/python3.8/site-packages/airflow/example_dags/example_short_circuit_decorator.py for tasks to queue
[2025-07-03T18:23:15.542+0000] {logging_mixin.py:188} INFO - [2025-07-03T18:23:15.542+0000] {dagbag.py:538} INFO - Filling up the DagBag from /home/airflow/.local/lib/python3.8/site-packages/airflow/example_dags/example_short_circuit_decorator.py
[2025-07-03T18:23:15.558+0000] {processor.py:840} INFO - DAG(s) 'example_short_circuit_decorator' retrieved from /home/airflow/.local/lib/python3.8/site-packages/airflow/example_dags/example_short_circuit_decorator.py
[2025-07-03T18:23:15.632+0000] {logging_mixin.py:188} INFO - [2025-07-03T18:23:15.631+0000] {dag.py:3036} INFO - Sync 1 DAGs
[2025-07-03T18:23:15.685+0000] {logging_mixin.py:188} INFO - [2025-07-03T18:23:15.684+0000] {dag.py:3823} INFO - Setting next_dagrun for example_short_circuit_decorator to 2025-07-02 00:00:00+00:00, run_after=2025-07-03 00:00:00+00:00
[2025-07-03T18:23:15.752+0000] {processor.py:183} INFO - Processing /home/airflow/.local/lib/python3.8/site-packages/airflow/example_dags/example_short_circuit_decorator.py took 0.228 seconds
[2025-07-03T18:23:46.008+0000] {processor.py:161} INFO - Started process (PID=440) to work on /home/airflow/.local/lib/python3.8/site-packages/airflow/example_dags/example_short_circuit_decorator.py
[2025-07-03T18:23:46.009+0000] {processor.py:830} INFO - Processing file /home/airflow/.local/lib/python3.8/site-packages/airflow/example_dags/example_short_circuit_decorator.py for tasks to queue
[2025-07-03T18:23:46.011+0000] {logging_mixin.py:188} INFO - [2025-07-03T18:23:46.011+0000] {dagbag.py:538} INFO - Filling up the DagBag from /home/airflow/.local/lib/python3.8/site-packages/airflow/example_dags/example_short_circuit_decorator.py
[2025-07-03T18:23:46.026+0000] {processor.py:840} INFO - DAG(s) 'example_short_circuit_decorator' retrieved from /home/airflow/.local/lib/python3.8/site-packages/airflow/example_dags/example_short_circuit_decorator.py
[2025-07-03T18:23:46.072+0000] {logging_mixin.py:188} INFO - [2025-07-03T18:23:46.071+0000] {dag.py:3036} INFO - Sync 1 DAGs
[2025-07-03T18:23:46.119+0000] {logging_mixin.py:188} INFO - [2025-07-03T18:23:46.119+0000] {dag.py:3823} INFO - Setting next_dagrun for example_short_circuit_decorator to 2025-07-02 00:00:00+00:00, run_after=2025-07-03 00:00:00+00:00
[2025-07-03T18:23:46.178+0000] {processor.py:183} INFO - Processing /home/airflow/.local/lib/python3.8/site-packages/airflow/example_dags/example_short_circuit_decorator.py took 0.175 seconds
[2025-07-03T18:24:16.849+0000] {processor.py:161} INFO - Started process (PID=506) to work on /home/airflow/.local/lib/python3.8/site-packages/airflow/example_dags/example_short_circuit_decorator.py
[2025-07-03T18:24:16.855+0000] {processor.py:830} INFO - Processing file /home/airflow/.local/lib/python3.8/site-packages/airflow/example_dags/example_short_circuit_decorator.py for tasks to queue
[2025-07-03T18:24:16.857+0000] {logging_mixin.py:188} INFO - [2025-07-03T18:24:16.857+0000] {dagbag.py:538} INFO - Filling up the DagBag from /home/airflow/.local/lib/python3.8/site-packages/airflow/example_dags/example_short_circuit_decorator.py
[2025-07-03T18:24:16.889+0000] {processor.py:840} INFO - DAG(s) 'example_short_circuit_decorator' retrieved from /home/airflow/.local/lib/python3.8/site-packages/airflow/example_dags/example_short_circuit_decorator.py
[2025-07-03T18:24:16.954+0000] {logging_mixin.py:188} INFO - [2025-07-03T18:24:16.953+0000] {dag.py:3036} INFO - Sync 1 DAGs
[2025-07-03T18:24:17.032+0000] {logging_mixin.py:188} INFO - [2025-07-03T18:24:17.031+0000] {dag.py:3823} INFO - Setting next_dagrun for example_short_circuit_decorator to 2025-07-02 00:00:00+00:00, run_after=2025-07-03 00:00:00+00:00
[2025-07-03T18:24:17.135+0000] {processor.py:183} INFO - Processing /home/airflow/.local/lib/python3.8/site-packages/airflow/example_dags/example_short_circuit_decorator.py took 0.291 seconds
