[2025-07-03T17:35:53.190+0000] {processor.py:161} INFO - Started process (PID=259) to work on /home/airflow/.local/lib/python3.8/site-packages/airflow/example_dags/example_trigger_target_dag.py
[2025-07-03T17:35:53.203+0000] {processor.py:830} INFO - Processing file /home/airflow/.local/lib/python3.8/site-packages/airflow/example_dags/example_trigger_target_dag.py for tasks to queue
[2025-07-03T17:35:53.218+0000] {logging_mixin.py:188} INFO - [2025-07-03T17:35:53.218+0000] {dagbag.py:538} INFO - Filling up the DagBag from /home/airflow/.local/lib/python3.8/site-packages/airflow/example_dags/example_trigger_target_dag.py
[2025-07-03T17:35:53.264+0000] {processor.py:840} INFO - DAG(s) 'example_trigger_target_dag' retrieved from /home/airflow/.local/lib/python3.8/site-packages/airflow/example_dags/example_trigger_target_dag.py
[2025-07-03T17:35:54.226+0000] {logging_mixin.py:188} INFO - [2025-07-03T17:35:54.225+0000] {dag.py:3036} INFO - Sync 1 DAGs
[2025-07-03T17:35:54.336+0000] {logging_mixin.py:188} INFO - [2025-07-03T17:35:54.335+0000] {dag.py:3823} INFO - Setting next_dagrun for example_trigger_target_dag to None, run_after=None
[2025-07-03T17:35:54.487+0000] {processor.py:183} INFO - Processing /home/airflow/.local/lib/python3.8/site-packages/airflow/example_dags/example_trigger_target_dag.py took 1.333 seconds
[2025-07-03T17:36:25.398+0000] {processor.py:161} INFO - Started process (PID=316) to work on /home/airflow/.local/lib/python3.8/site-packages/airflow/example_dags/example_trigger_target_dag.py
[2025-07-03T17:36:25.400+0000] {processor.py:830} INFO - Processing file /home/airflow/.local/lib/python3.8/site-packages/airflow/example_dags/example_trigger_target_dag.py for tasks to queue
[2025-07-03T17:36:25.403+0000] {logging_mixin.py:188} INFO - [2025-07-03T17:36:25.403+0000] {dagbag.py:538} INFO - Filling up the DagBag from /home/airflow/.local/lib/python3.8/site-packages/airflow/example_dags/example_trigger_target_dag.py
[2025-07-03T17:36:25.412+0000] {processor.py:840} INFO - DAG(s) 'example_trigger_target_dag' retrieved from /home/airflow/.local/lib/python3.8/site-packages/airflow/example_dags/example_trigger_target_dag.py
[2025-07-03T17:36:25.443+0000] {logging_mixin.py:188} INFO - [2025-07-03T17:36:25.443+0000] {dag.py:3036} INFO - Sync 1 DAGs
[2025-07-03T17:36:25.470+0000] {logging_mixin.py:188} INFO - [2025-07-03T17:36:25.469+0000] {dag.py:3823} INFO - Setting next_dagrun for example_trigger_target_dag to None, run_after=None
[2025-07-03T17:36:25.503+0000] {processor.py:183} INFO - Processing /home/airflow/.local/lib/python3.8/site-packages/airflow/example_dags/example_trigger_target_dag.py took 0.109 seconds
[2025-07-03T17:36:55.571+0000] {processor.py:161} INFO - Started process (PID=381) to work on /home/airflow/.local/lib/python3.8/site-packages/airflow/example_dags/example_trigger_target_dag.py
[2025-07-03T17:36:55.572+0000] {processor.py:830} INFO - Processing file /home/airflow/.local/lib/python3.8/site-packages/airflow/example_dags/example_trigger_target_dag.py for tasks to queue
[2025-07-03T17:36:55.590+0000] {logging_mixin.py:188} INFO - [2025-07-03T17:36:55.588+0000] {dagbag.py:538} INFO - Filling up the DagBag from /home/airflow/.local/lib/python3.8/site-packages/airflow/example_dags/example_trigger_target_dag.py
[2025-07-03T17:36:55.618+0000] {processor.py:840} INFO - DAG(s) 'example_trigger_target_dag' retrieved from /home/airflow/.local/lib/python3.8/site-packages/airflow/example_dags/example_trigger_target_dag.py
[2025-07-03T17:36:55.704+0000] {logging_mixin.py:188} INFO - [2025-07-03T17:36:55.703+0000] {dag.py:3036} INFO - Sync 1 DAGs
[2025-07-03T17:36:55.729+0000] {logging_mixin.py:188} INFO - [2025-07-03T17:36:55.729+0000] {dag.py:3823} INFO - Setting next_dagrun for example_trigger_target_dag to None, run_after=None
[2025-07-03T17:36:55.768+0000] {processor.py:183} INFO - Processing /home/airflow/.local/lib/python3.8/site-packages/airflow/example_dags/example_trigger_target_dag.py took 0.207 seconds
[2025-07-03T17:37:26.116+0000] {processor.py:161} INFO - Started process (PID=437) to work on /home/airflow/.local/lib/python3.8/site-packages/airflow/example_dags/example_trigger_target_dag.py
[2025-07-03T17:37:26.153+0000] {processor.py:830} INFO - Processing file /home/airflow/.local/lib/python3.8/site-packages/airflow/example_dags/example_trigger_target_dag.py for tasks to queue
[2025-07-03T17:37:26.170+0000] {logging_mixin.py:188} INFO - [2025-07-03T17:37:26.169+0000] {dagbag.py:538} INFO - Filling up the DagBag from /home/airflow/.local/lib/python3.8/site-packages/airflow/example_dags/example_trigger_target_dag.py
[2025-07-03T17:37:26.235+0000] {processor.py:840} INFO - DAG(s) 'example_trigger_target_dag' retrieved from /home/airflow/.local/lib/python3.8/site-packages/airflow/example_dags/example_trigger_target_dag.py
[2025-07-03T17:37:26.440+0000] {logging_mixin.py:188} INFO - [2025-07-03T17:37:26.439+0000] {dag.py:3036} INFO - Sync 1 DAGs
[2025-07-03T17:37:26.603+0000] {logging_mixin.py:188} INFO - [2025-07-03T17:37:26.603+0000] {dag.py:3823} INFO - Setting next_dagrun for example_trigger_target_dag to None, run_after=None
[2025-07-03T17:37:26.797+0000] {processor.py:183} INFO - Processing /home/airflow/.local/lib/python3.8/site-packages/airflow/example_dags/example_trigger_target_dag.py took 0.705 seconds
[2025-07-03T17:37:57.006+0000] {processor.py:161} INFO - Started process (PID=500) to work on /home/airflow/.local/lib/python3.8/site-packages/airflow/example_dags/example_trigger_target_dag.py
[2025-07-03T17:37:57.008+0000] {processor.py:830} INFO - Processing file /home/airflow/.local/lib/python3.8/site-packages/airflow/example_dags/example_trigger_target_dag.py for tasks to queue
[2025-07-03T17:37:57.011+0000] {logging_mixin.py:188} INFO - [2025-07-03T17:37:57.011+0000] {dagbag.py:538} INFO - Filling up the DagBag from /home/airflow/.local/lib/python3.8/site-packages/airflow/example_dags/example_trigger_target_dag.py
[2025-07-03T17:37:57.029+0000] {processor.py:840} INFO - DAG(s) 'example_trigger_target_dag' retrieved from /home/airflow/.local/lib/python3.8/site-packages/airflow/example_dags/example_trigger_target_dag.py
[2025-07-03T17:37:57.102+0000] {logging_mixin.py:188} INFO - [2025-07-03T17:37:57.101+0000] {dag.py:3036} INFO - Sync 1 DAGs
[2025-07-03T17:37:57.138+0000] {logging_mixin.py:188} INFO - [2025-07-03T17:37:57.138+0000] {dag.py:3823} INFO - Setting next_dagrun for example_trigger_target_dag to None, run_after=None
[2025-07-03T17:37:57.195+0000] {processor.py:183} INFO - Processing /home/airflow/.local/lib/python3.8/site-packages/airflow/example_dags/example_trigger_target_dag.py took 0.198 seconds
[2025-07-03T17:38:27.481+0000] {processor.py:161} INFO - Started process (PID=564) to work on /home/airflow/.local/lib/python3.8/site-packages/airflow/example_dags/example_trigger_target_dag.py
[2025-07-03T17:38:27.493+0000] {processor.py:830} INFO - Processing file /home/airflow/.local/lib/python3.8/site-packages/airflow/example_dags/example_trigger_target_dag.py for tasks to queue
[2025-07-03T17:38:27.496+0000] {logging_mixin.py:188} INFO - [2025-07-03T17:38:27.495+0000] {dagbag.py:538} INFO - Filling up the DagBag from /home/airflow/.local/lib/python3.8/site-packages/airflow/example_dags/example_trigger_target_dag.py
[2025-07-03T17:38:27.512+0000] {processor.py:840} INFO - DAG(s) 'example_trigger_target_dag' retrieved from /home/airflow/.local/lib/python3.8/site-packages/airflow/example_dags/example_trigger_target_dag.py
[2025-07-03T17:38:27.594+0000] {logging_mixin.py:188} INFO - [2025-07-03T17:38:27.594+0000] {dag.py:3036} INFO - Sync 1 DAGs
[2025-07-03T17:38:27.665+0000] {logging_mixin.py:188} INFO - [2025-07-03T17:38:27.665+0000] {dag.py:3823} INFO - Setting next_dagrun for example_trigger_target_dag to None, run_after=None
[2025-07-03T17:38:27.756+0000] {processor.py:183} INFO - Processing /home/airflow/.local/lib/python3.8/site-packages/airflow/example_dags/example_trigger_target_dag.py took 0.305 seconds
[2025-07-03T17:38:58.310+0000] {processor.py:161} INFO - Started process (PID=621) to work on /home/airflow/.local/lib/python3.8/site-packages/airflow/example_dags/example_trigger_target_dag.py
[2025-07-03T17:38:58.314+0000] {processor.py:830} INFO - Processing file /home/airflow/.local/lib/python3.8/site-packages/airflow/example_dags/example_trigger_target_dag.py for tasks to queue
[2025-07-03T17:38:58.316+0000] {logging_mixin.py:188} INFO - [2025-07-03T17:38:58.316+0000] {dagbag.py:538} INFO - Filling up the DagBag from /home/airflow/.local/lib/python3.8/site-packages/airflow/example_dags/example_trigger_target_dag.py
[2025-07-03T17:38:58.361+0000] {processor.py:840} INFO - DAG(s) 'example_trigger_target_dag' retrieved from /home/airflow/.local/lib/python3.8/site-packages/airflow/example_dags/example_trigger_target_dag.py
[2025-07-03T17:38:58.428+0000] {logging_mixin.py:188} INFO - [2025-07-03T17:38:58.427+0000] {dag.py:3036} INFO - Sync 1 DAGs
[2025-07-03T17:38:58.480+0000] {logging_mixin.py:188} INFO - [2025-07-03T17:38:58.479+0000] {dag.py:3823} INFO - Setting next_dagrun for example_trigger_target_dag to None, run_after=None
[2025-07-03T17:38:58.554+0000] {processor.py:183} INFO - Processing /home/airflow/.local/lib/python3.8/site-packages/airflow/example_dags/example_trigger_target_dag.py took 0.261 seconds
[2025-07-03T17:39:28.639+0000] {processor.py:161} INFO - Started process (PID=685) to work on /home/airflow/.local/lib/python3.8/site-packages/airflow/example_dags/example_trigger_target_dag.py
[2025-07-03T17:39:28.640+0000] {processor.py:830} INFO - Processing file /home/airflow/.local/lib/python3.8/site-packages/airflow/example_dags/example_trigger_target_dag.py for tasks to queue
[2025-07-03T17:39:28.643+0000] {logging_mixin.py:188} INFO - [2025-07-03T17:39:28.642+0000] {dagbag.py:538} INFO - Filling up the DagBag from /home/airflow/.local/lib/python3.8/site-packages/airflow/example_dags/example_trigger_target_dag.py
[2025-07-03T17:39:28.650+0000] {processor.py:840} INFO - DAG(s) 'example_trigger_target_dag' retrieved from /home/airflow/.local/lib/python3.8/site-packages/airflow/example_dags/example_trigger_target_dag.py
[2025-07-03T17:39:28.678+0000] {logging_mixin.py:188} INFO - [2025-07-03T17:39:28.677+0000] {dag.py:3036} INFO - Sync 1 DAGs
[2025-07-03T17:39:28.696+0000] {logging_mixin.py:188} INFO - [2025-07-03T17:39:28.696+0000] {dag.py:3823} INFO - Setting next_dagrun for example_trigger_target_dag to None, run_after=None
[2025-07-03T17:39:28.726+0000] {processor.py:183} INFO - Processing /home/airflow/.local/lib/python3.8/site-packages/airflow/example_dags/example_trigger_target_dag.py took 0.091 seconds
[2025-07-03T17:39:59.369+0000] {processor.py:161} INFO - Started process (PID=751) to work on /home/airflow/.local/lib/python3.8/site-packages/airflow/example_dags/example_trigger_target_dag.py
[2025-07-03T17:39:59.388+0000] {processor.py:830} INFO - Processing file /home/airflow/.local/lib/python3.8/site-packages/airflow/example_dags/example_trigger_target_dag.py for tasks to queue
[2025-07-03T17:39:59.404+0000] {logging_mixin.py:188} INFO - [2025-07-03T17:39:59.403+0000] {dagbag.py:538} INFO - Filling up the DagBag from /home/airflow/.local/lib/python3.8/site-packages/airflow/example_dags/example_trigger_target_dag.py
[2025-07-03T17:39:59.452+0000] {processor.py:840} INFO - DAG(s) 'example_trigger_target_dag' retrieved from /home/airflow/.local/lib/python3.8/site-packages/airflow/example_dags/example_trigger_target_dag.py
[2025-07-03T17:39:59.601+0000] {logging_mixin.py:188} INFO - [2025-07-03T17:39:59.600+0000] {dag.py:3036} INFO - Sync 1 DAGs
[2025-07-03T17:39:59.695+0000] {logging_mixin.py:188} INFO - [2025-07-03T17:39:59.695+0000] {dag.py:3823} INFO - Setting next_dagrun for example_trigger_target_dag to None, run_after=None
[2025-07-03T17:39:59.791+0000] {processor.py:183} INFO - Processing /home/airflow/.local/lib/python3.8/site-packages/airflow/example_dags/example_trigger_target_dag.py took 0.447 seconds
[2025-07-03T17:40:31.385+0000] {processor.py:161} INFO - Started process (PID=817) to work on /home/airflow/.local/lib/python3.8/site-packages/airflow/example_dags/example_trigger_target_dag.py
[2025-07-03T17:40:31.387+0000] {processor.py:830} INFO - Processing file /home/airflow/.local/lib/python3.8/site-packages/airflow/example_dags/example_trigger_target_dag.py for tasks to queue
[2025-07-03T17:40:31.389+0000] {logging_mixin.py:188} INFO - [2025-07-03T17:40:31.389+0000] {dagbag.py:538} INFO - Filling up the DagBag from /home/airflow/.local/lib/python3.8/site-packages/airflow/example_dags/example_trigger_target_dag.py
[2025-07-03T17:40:31.423+0000] {processor.py:840} INFO - DAG(s) 'example_trigger_target_dag' retrieved from /home/airflow/.local/lib/python3.8/site-packages/airflow/example_dags/example_trigger_target_dag.py
[2025-07-03T17:40:31.538+0000] {logging_mixin.py:188} INFO - [2025-07-03T17:40:31.537+0000] {dag.py:3036} INFO - Sync 1 DAGs
[2025-07-03T17:40:31.624+0000] {logging_mixin.py:188} INFO - [2025-07-03T17:40:31.623+0000] {dag.py:3823} INFO - Setting next_dagrun for example_trigger_target_dag to None, run_after=None
[2025-07-03T17:40:31.743+0000] {processor.py:183} INFO - Processing /home/airflow/.local/lib/python3.8/site-packages/airflow/example_dags/example_trigger_target_dag.py took 0.363 seconds
[2025-07-03T17:41:02.089+0000] {processor.py:161} INFO - Started process (PID=881) to work on /home/airflow/.local/lib/python3.8/site-packages/airflow/example_dags/example_trigger_target_dag.py
[2025-07-03T17:41:02.090+0000] {processor.py:830} INFO - Processing file /home/airflow/.local/lib/python3.8/site-packages/airflow/example_dags/example_trigger_target_dag.py for tasks to queue
[2025-07-03T17:41:02.109+0000] {logging_mixin.py:188} INFO - [2025-07-03T17:41:02.092+0000] {dagbag.py:538} INFO - Filling up the DagBag from /home/airflow/.local/lib/python3.8/site-packages/airflow/example_dags/example_trigger_target_dag.py
[2025-07-03T17:41:02.118+0000] {processor.py:840} INFO - DAG(s) 'example_trigger_target_dag' retrieved from /home/airflow/.local/lib/python3.8/site-packages/airflow/example_dags/example_trigger_target_dag.py
[2025-07-03T17:41:02.200+0000] {logging_mixin.py:188} INFO - [2025-07-03T17:41:02.199+0000] {dag.py:3036} INFO - Sync 1 DAGs
[2025-07-03T17:41:02.240+0000] {logging_mixin.py:188} INFO - [2025-07-03T17:41:02.239+0000] {dag.py:3823} INFO - Setting next_dagrun for example_trigger_target_dag to None, run_after=None
[2025-07-03T17:41:02.307+0000] {processor.py:183} INFO - Processing /home/airflow/.local/lib/python3.8/site-packages/airflow/example_dags/example_trigger_target_dag.py took 0.222 seconds
[2025-07-03T17:41:32.654+0000] {processor.py:161} INFO - Started process (PID=945) to work on /home/airflow/.local/lib/python3.8/site-packages/airflow/example_dags/example_trigger_target_dag.py
[2025-07-03T17:41:32.657+0000] {processor.py:830} INFO - Processing file /home/airflow/.local/lib/python3.8/site-packages/airflow/example_dags/example_trigger_target_dag.py for tasks to queue
[2025-07-03T17:41:32.660+0000] {logging_mixin.py:188} INFO - [2025-07-03T17:41:32.659+0000] {dagbag.py:538} INFO - Filling up the DagBag from /home/airflow/.local/lib/python3.8/site-packages/airflow/example_dags/example_trigger_target_dag.py
[2025-07-03T17:41:32.677+0000] {processor.py:840} INFO - DAG(s) 'example_trigger_target_dag' retrieved from /home/airflow/.local/lib/python3.8/site-packages/airflow/example_dags/example_trigger_target_dag.py
[2025-07-03T17:41:32.734+0000] {logging_mixin.py:188} INFO - [2025-07-03T17:41:32.733+0000] {dag.py:3036} INFO - Sync 1 DAGs
[2025-07-03T17:41:32.757+0000] {logging_mixin.py:188} INFO - [2025-07-03T17:41:32.757+0000] {dag.py:3823} INFO - Setting next_dagrun for example_trigger_target_dag to None, run_after=None
[2025-07-03T17:41:32.794+0000] {processor.py:183} INFO - Processing /home/airflow/.local/lib/python3.8/site-packages/airflow/example_dags/example_trigger_target_dag.py took 0.145 seconds
[2025-07-03T17:42:03.337+0000] {processor.py:161} INFO - Started process (PID=1010) to work on /home/airflow/.local/lib/python3.8/site-packages/airflow/example_dags/example_trigger_target_dag.py
[2025-07-03T17:42:03.338+0000] {processor.py:830} INFO - Processing file /home/airflow/.local/lib/python3.8/site-packages/airflow/example_dags/example_trigger_target_dag.py for tasks to queue
[2025-07-03T17:42:03.342+0000] {logging_mixin.py:188} INFO - [2025-07-03T17:42:03.341+0000] {dagbag.py:538} INFO - Filling up the DagBag from /home/airflow/.local/lib/python3.8/site-packages/airflow/example_dags/example_trigger_target_dag.py
[2025-07-03T17:42:03.358+0000] {processor.py:840} INFO - DAG(s) 'example_trigger_target_dag' retrieved from /home/airflow/.local/lib/python3.8/site-packages/airflow/example_dags/example_trigger_target_dag.py
[2025-07-03T17:42:03.394+0000] {logging_mixin.py:188} INFO - [2025-07-03T17:42:03.394+0000] {dag.py:3036} INFO - Sync 1 DAGs
[2025-07-03T17:42:03.433+0000] {logging_mixin.py:188} INFO - [2025-07-03T17:42:03.433+0000] {dag.py:3823} INFO - Setting next_dagrun for example_trigger_target_dag to None, run_after=None
[2025-07-03T17:42:03.482+0000] {processor.py:183} INFO - Processing /home/airflow/.local/lib/python3.8/site-packages/airflow/example_dags/example_trigger_target_dag.py took 0.161 seconds
[2025-07-03T17:42:33.705+0000] {processor.py:161} INFO - Started process (PID=1076) to work on /home/airflow/.local/lib/python3.8/site-packages/airflow/example_dags/example_trigger_target_dag.py
[2025-07-03T17:42:33.707+0000] {processor.py:830} INFO - Processing file /home/airflow/.local/lib/python3.8/site-packages/airflow/example_dags/example_trigger_target_dag.py for tasks to queue
[2025-07-03T17:42:33.710+0000] {logging_mixin.py:188} INFO - [2025-07-03T17:42:33.709+0000] {dagbag.py:538} INFO - Filling up the DagBag from /home/airflow/.local/lib/python3.8/site-packages/airflow/example_dags/example_trigger_target_dag.py
[2025-07-03T17:42:33.720+0000] {processor.py:840} INFO - DAG(s) 'example_trigger_target_dag' retrieved from /home/airflow/.local/lib/python3.8/site-packages/airflow/example_dags/example_trigger_target_dag.py
[2025-07-03T17:42:33.776+0000] {logging_mixin.py:188} INFO - [2025-07-03T17:42:33.775+0000] {dag.py:3036} INFO - Sync 1 DAGs
[2025-07-03T17:42:33.798+0000] {logging_mixin.py:188} INFO - [2025-07-03T17:42:33.797+0000] {dag.py:3823} INFO - Setting next_dagrun for example_trigger_target_dag to None, run_after=None
[2025-07-03T17:42:33.828+0000] {processor.py:183} INFO - Processing /home/airflow/.local/lib/python3.8/site-packages/airflow/example_dags/example_trigger_target_dag.py took 0.128 seconds
[2025-07-03T17:43:03.857+0000] {processor.py:161} INFO - Started process (PID=1140) to work on /home/airflow/.local/lib/python3.8/site-packages/airflow/example_dags/example_trigger_target_dag.py
[2025-07-03T17:43:03.858+0000] {processor.py:830} INFO - Processing file /home/airflow/.local/lib/python3.8/site-packages/airflow/example_dags/example_trigger_target_dag.py for tasks to queue
[2025-07-03T17:43:03.860+0000] {logging_mixin.py:188} INFO - [2025-07-03T17:43:03.859+0000] {dagbag.py:538} INFO - Filling up the DagBag from /home/airflow/.local/lib/python3.8/site-packages/airflow/example_dags/example_trigger_target_dag.py
[2025-07-03T17:43:03.866+0000] {processor.py:840} INFO - DAG(s) 'example_trigger_target_dag' retrieved from /home/airflow/.local/lib/python3.8/site-packages/airflow/example_dags/example_trigger_target_dag.py
[2025-07-03T17:43:03.891+0000] {logging_mixin.py:188} INFO - [2025-07-03T17:43:03.890+0000] {dag.py:3036} INFO - Sync 1 DAGs
[2025-07-03T17:43:03.908+0000] {logging_mixin.py:188} INFO - [2025-07-03T17:43:03.908+0000] {dag.py:3823} INFO - Setting next_dagrun for example_trigger_target_dag to None, run_after=None
[2025-07-03T17:43:03.936+0000] {processor.py:183} INFO - Processing /home/airflow/.local/lib/python3.8/site-packages/airflow/example_dags/example_trigger_target_dag.py took 0.083 seconds
[2025-07-03T17:43:34.887+0000] {processor.py:161} INFO - Started process (PID=1207) to work on /home/airflow/.local/lib/python3.8/site-packages/airflow/example_dags/example_trigger_target_dag.py
[2025-07-03T17:43:34.889+0000] {processor.py:830} INFO - Processing file /home/airflow/.local/lib/python3.8/site-packages/airflow/example_dags/example_trigger_target_dag.py for tasks to queue
[2025-07-03T17:43:34.891+0000] {logging_mixin.py:188} INFO - [2025-07-03T17:43:34.891+0000] {dagbag.py:538} INFO - Filling up the DagBag from /home/airflow/.local/lib/python3.8/site-packages/airflow/example_dags/example_trigger_target_dag.py
[2025-07-03T17:43:34.900+0000] {processor.py:840} INFO - DAG(s) 'example_trigger_target_dag' retrieved from /home/airflow/.local/lib/python3.8/site-packages/airflow/example_dags/example_trigger_target_dag.py
[2025-07-03T17:43:34.932+0000] {logging_mixin.py:188} INFO - [2025-07-03T17:43:34.931+0000] {dag.py:3036} INFO - Sync 1 DAGs
[2025-07-03T17:43:34.954+0000] {logging_mixin.py:188} INFO - [2025-07-03T17:43:34.953+0000] {dag.py:3823} INFO - Setting next_dagrun for example_trigger_target_dag to None, run_after=None
[2025-07-03T17:43:34.985+0000] {processor.py:183} INFO - Processing /home/airflow/.local/lib/python3.8/site-packages/airflow/example_dags/example_trigger_target_dag.py took 0.103 seconds
[2025-07-03T17:44:05.657+0000] {processor.py:161} INFO - Started process (PID=1272) to work on /home/airflow/.local/lib/python3.8/site-packages/airflow/example_dags/example_trigger_target_dag.py
[2025-07-03T17:44:05.659+0000] {processor.py:830} INFO - Processing file /home/airflow/.local/lib/python3.8/site-packages/airflow/example_dags/example_trigger_target_dag.py for tasks to queue
[2025-07-03T17:44:05.661+0000] {logging_mixin.py:188} INFO - [2025-07-03T17:44:05.661+0000] {dagbag.py:538} INFO - Filling up the DagBag from /home/airflow/.local/lib/python3.8/site-packages/airflow/example_dags/example_trigger_target_dag.py
[2025-07-03T17:44:05.670+0000] {processor.py:840} INFO - DAG(s) 'example_trigger_target_dag' retrieved from /home/airflow/.local/lib/python3.8/site-packages/airflow/example_dags/example_trigger_target_dag.py
[2025-07-03T17:44:05.702+0000] {logging_mixin.py:188} INFO - [2025-07-03T17:44:05.701+0000] {dag.py:3036} INFO - Sync 1 DAGs
[2025-07-03T17:44:05.725+0000] {logging_mixin.py:188} INFO - [2025-07-03T17:44:05.724+0000] {dag.py:3823} INFO - Setting next_dagrun for example_trigger_target_dag to None, run_after=None
[2025-07-03T17:44:05.784+0000] {processor.py:183} INFO - Processing /home/airflow/.local/lib/python3.8/site-packages/airflow/example_dags/example_trigger_target_dag.py took 0.132 seconds
[2025-07-03T17:44:36.187+0000] {processor.py:161} INFO - Started process (PID=1337) to work on /home/airflow/.local/lib/python3.8/site-packages/airflow/example_dags/example_trigger_target_dag.py
[2025-07-03T17:44:36.189+0000] {processor.py:830} INFO - Processing file /home/airflow/.local/lib/python3.8/site-packages/airflow/example_dags/example_trigger_target_dag.py for tasks to queue
[2025-07-03T17:44:36.192+0000] {logging_mixin.py:188} INFO - [2025-07-03T17:44:36.191+0000] {dagbag.py:538} INFO - Filling up the DagBag from /home/airflow/.local/lib/python3.8/site-packages/airflow/example_dags/example_trigger_target_dag.py
[2025-07-03T17:44:36.201+0000] {processor.py:840} INFO - DAG(s) 'example_trigger_target_dag' retrieved from /home/airflow/.local/lib/python3.8/site-packages/airflow/example_dags/example_trigger_target_dag.py
[2025-07-03T17:44:36.232+0000] {logging_mixin.py:188} INFO - [2025-07-03T17:44:36.232+0000] {dag.py:3036} INFO - Sync 1 DAGs
[2025-07-03T17:44:36.256+0000] {logging_mixin.py:188} INFO - [2025-07-03T17:44:36.256+0000] {dag.py:3823} INFO - Setting next_dagrun for example_trigger_target_dag to None, run_after=None
[2025-07-03T17:44:36.289+0000] {processor.py:183} INFO - Processing /home/airflow/.local/lib/python3.8/site-packages/airflow/example_dags/example_trigger_target_dag.py took 0.106 seconds
[2025-07-03T17:45:07.153+0000] {processor.py:161} INFO - Started process (PID=1402) to work on /home/airflow/.local/lib/python3.8/site-packages/airflow/example_dags/example_trigger_target_dag.py
[2025-07-03T17:45:07.159+0000] {processor.py:830} INFO - Processing file /home/airflow/.local/lib/python3.8/site-packages/airflow/example_dags/example_trigger_target_dag.py for tasks to queue
[2025-07-03T17:45:07.165+0000] {logging_mixin.py:188} INFO - [2025-07-03T17:45:07.165+0000] {dagbag.py:538} INFO - Filling up the DagBag from /home/airflow/.local/lib/python3.8/site-packages/airflow/example_dags/example_trigger_target_dag.py
[2025-07-03T17:45:07.174+0000] {processor.py:840} INFO - DAG(s) 'example_trigger_target_dag' retrieved from /home/airflow/.local/lib/python3.8/site-packages/airflow/example_dags/example_trigger_target_dag.py
[2025-07-03T17:45:07.210+0000] {logging_mixin.py:188} INFO - [2025-07-03T17:45:07.210+0000] {dag.py:3036} INFO - Sync 1 DAGs
[2025-07-03T17:45:07.232+0000] {logging_mixin.py:188} INFO - [2025-07-03T17:45:07.232+0000] {dag.py:3823} INFO - Setting next_dagrun for example_trigger_target_dag to None, run_after=None
[2025-07-03T17:45:07.267+0000] {processor.py:183} INFO - Processing /home/airflow/.local/lib/python3.8/site-packages/airflow/example_dags/example_trigger_target_dag.py took 0.120 seconds
[2025-07-03T17:45:37.617+0000] {processor.py:161} INFO - Started process (PID=1467) to work on /home/airflow/.local/lib/python3.8/site-packages/airflow/example_dags/example_trigger_target_dag.py
[2025-07-03T17:45:37.619+0000] {processor.py:830} INFO - Processing file /home/airflow/.local/lib/python3.8/site-packages/airflow/example_dags/example_trigger_target_dag.py for tasks to queue
[2025-07-03T17:45:37.622+0000] {logging_mixin.py:188} INFO - [2025-07-03T17:45:37.621+0000] {dagbag.py:538} INFO - Filling up the DagBag from /home/airflow/.local/lib/python3.8/site-packages/airflow/example_dags/example_trigger_target_dag.py
[2025-07-03T17:45:37.630+0000] {processor.py:840} INFO - DAG(s) 'example_trigger_target_dag' retrieved from /home/airflow/.local/lib/python3.8/site-packages/airflow/example_dags/example_trigger_target_dag.py
[2025-07-03T17:45:37.661+0000] {logging_mixin.py:188} INFO - [2025-07-03T17:45:37.660+0000] {dag.py:3036} INFO - Sync 1 DAGs
[2025-07-03T17:45:37.687+0000] {logging_mixin.py:188} INFO - [2025-07-03T17:45:37.687+0000] {dag.py:3823} INFO - Setting next_dagrun for example_trigger_target_dag to None, run_after=None
[2025-07-03T17:45:37.716+0000] {processor.py:183} INFO - Processing /home/airflow/.local/lib/python3.8/site-packages/airflow/example_dags/example_trigger_target_dag.py took 0.104 seconds
[2025-07-03T17:46:08.727+0000] {processor.py:161} INFO - Started process (PID=1532) to work on /home/airflow/.local/lib/python3.8/site-packages/airflow/example_dags/example_trigger_target_dag.py
[2025-07-03T17:46:08.729+0000] {processor.py:830} INFO - Processing file /home/airflow/.local/lib/python3.8/site-packages/airflow/example_dags/example_trigger_target_dag.py for tasks to queue
[2025-07-03T17:46:08.732+0000] {logging_mixin.py:188} INFO - [2025-07-03T17:46:08.731+0000] {dagbag.py:538} INFO - Filling up the DagBag from /home/airflow/.local/lib/python3.8/site-packages/airflow/example_dags/example_trigger_target_dag.py
[2025-07-03T17:46:08.749+0000] {processor.py:840} INFO - DAG(s) 'example_trigger_target_dag' retrieved from /home/airflow/.local/lib/python3.8/site-packages/airflow/example_dags/example_trigger_target_dag.py
[2025-07-03T17:46:08.822+0000] {logging_mixin.py:188} INFO - [2025-07-03T17:46:08.822+0000] {dag.py:3036} INFO - Sync 1 DAGs
[2025-07-03T17:46:08.845+0000] {logging_mixin.py:188} INFO - [2025-07-03T17:46:08.845+0000] {dag.py:3823} INFO - Setting next_dagrun for example_trigger_target_dag to None, run_after=None
[2025-07-03T17:46:08.876+0000] {processor.py:183} INFO - Processing /home/airflow/.local/lib/python3.8/site-packages/airflow/example_dags/example_trigger_target_dag.py took 0.164 seconds
[2025-07-03T17:46:39.910+0000] {processor.py:161} INFO - Started process (PID=1596) to work on /home/airflow/.local/lib/python3.8/site-packages/airflow/example_dags/example_trigger_target_dag.py
[2025-07-03T17:46:39.911+0000] {processor.py:830} INFO - Processing file /home/airflow/.local/lib/python3.8/site-packages/airflow/example_dags/example_trigger_target_dag.py for tasks to queue
[2025-07-03T17:46:39.913+0000] {logging_mixin.py:188} INFO - [2025-07-03T17:46:39.913+0000] {dagbag.py:538} INFO - Filling up the DagBag from /home/airflow/.local/lib/python3.8/site-packages/airflow/example_dags/example_trigger_target_dag.py
[2025-07-03T17:46:39.921+0000] {processor.py:840} INFO - DAG(s) 'example_trigger_target_dag' retrieved from /home/airflow/.local/lib/python3.8/site-packages/airflow/example_dags/example_trigger_target_dag.py
[2025-07-03T17:46:39.975+0000] {logging_mixin.py:188} INFO - [2025-07-03T17:46:39.975+0000] {dag.py:3036} INFO - Sync 1 DAGs
[2025-07-03T17:46:40.005+0000] {logging_mixin.py:188} INFO - [2025-07-03T17:46:40.004+0000] {dag.py:3823} INFO - Setting next_dagrun for example_trigger_target_dag to None, run_after=None
[2025-07-03T17:46:40.063+0000] {processor.py:183} INFO - Processing /home/airflow/.local/lib/python3.8/site-packages/airflow/example_dags/example_trigger_target_dag.py took 0.158 seconds
[2025-07-03T17:47:10.335+0000] {processor.py:161} INFO - Started process (PID=1661) to work on /home/airflow/.local/lib/python3.8/site-packages/airflow/example_dags/example_trigger_target_dag.py
[2025-07-03T17:47:10.337+0000] {processor.py:830} INFO - Processing file /home/airflow/.local/lib/python3.8/site-packages/airflow/example_dags/example_trigger_target_dag.py for tasks to queue
[2025-07-03T17:47:10.339+0000] {logging_mixin.py:188} INFO - [2025-07-03T17:47:10.339+0000] {dagbag.py:538} INFO - Filling up the DagBag from /home/airflow/.local/lib/python3.8/site-packages/airflow/example_dags/example_trigger_target_dag.py
[2025-07-03T17:47:10.348+0000] {processor.py:840} INFO - DAG(s) 'example_trigger_target_dag' retrieved from /home/airflow/.local/lib/python3.8/site-packages/airflow/example_dags/example_trigger_target_dag.py
[2025-07-03T17:47:10.378+0000] {logging_mixin.py:188} INFO - [2025-07-03T17:47:10.378+0000] {dag.py:3036} INFO - Sync 1 DAGs
[2025-07-03T17:47:10.401+0000] {logging_mixin.py:188} INFO - [2025-07-03T17:47:10.401+0000] {dag.py:3823} INFO - Setting next_dagrun for example_trigger_target_dag to None, run_after=None
[2025-07-03T17:47:10.432+0000] {processor.py:183} INFO - Processing /home/airflow/.local/lib/python3.8/site-packages/airflow/example_dags/example_trigger_target_dag.py took 0.102 seconds
[2025-07-03T17:47:40.571+0000] {processor.py:161} INFO - Started process (PID=1726) to work on /home/airflow/.local/lib/python3.8/site-packages/airflow/example_dags/example_trigger_target_dag.py
[2025-07-03T17:47:40.572+0000] {processor.py:830} INFO - Processing file /home/airflow/.local/lib/python3.8/site-packages/airflow/example_dags/example_trigger_target_dag.py for tasks to queue
[2025-07-03T17:47:40.575+0000] {logging_mixin.py:188} INFO - [2025-07-03T17:47:40.574+0000] {dagbag.py:538} INFO - Filling up the DagBag from /home/airflow/.local/lib/python3.8/site-packages/airflow/example_dags/example_trigger_target_dag.py
[2025-07-03T17:47:40.583+0000] {processor.py:840} INFO - DAG(s) 'example_trigger_target_dag' retrieved from /home/airflow/.local/lib/python3.8/site-packages/airflow/example_dags/example_trigger_target_dag.py
[2025-07-03T17:47:40.613+0000] {logging_mixin.py:188} INFO - [2025-07-03T17:47:40.613+0000] {dag.py:3036} INFO - Sync 1 DAGs
[2025-07-03T17:47:40.635+0000] {logging_mixin.py:188} INFO - [2025-07-03T17:47:40.635+0000] {dag.py:3823} INFO - Setting next_dagrun for example_trigger_target_dag to None, run_after=None
[2025-07-03T17:47:40.665+0000] {processor.py:183} INFO - Processing /home/airflow/.local/lib/python3.8/site-packages/airflow/example_dags/example_trigger_target_dag.py took 0.099 seconds
[2025-07-03T17:48:11.423+0000] {processor.py:161} INFO - Started process (PID=1791) to work on /home/airflow/.local/lib/python3.8/site-packages/airflow/example_dags/example_trigger_target_dag.py
[2025-07-03T17:48:11.443+0000] {processor.py:830} INFO - Processing file /home/airflow/.local/lib/python3.8/site-packages/airflow/example_dags/example_trigger_target_dag.py for tasks to queue
[2025-07-03T17:48:11.462+0000] {logging_mixin.py:188} INFO - [2025-07-03T17:48:11.461+0000] {dagbag.py:538} INFO - Filling up the DagBag from /home/airflow/.local/lib/python3.8/site-packages/airflow/example_dags/example_trigger_target_dag.py
[2025-07-03T17:48:11.500+0000] {processor.py:840} INFO - DAG(s) 'example_trigger_target_dag' retrieved from /home/airflow/.local/lib/python3.8/site-packages/airflow/example_dags/example_trigger_target_dag.py
[2025-07-03T17:48:11.675+0000] {logging_mixin.py:188} INFO - [2025-07-03T17:48:11.674+0000] {dag.py:3036} INFO - Sync 1 DAGs
[2025-07-03T17:48:11.816+0000] {logging_mixin.py:188} INFO - [2025-07-03T17:48:11.816+0000] {dag.py:3823} INFO - Setting next_dagrun for example_trigger_target_dag to None, run_after=None
[2025-07-03T17:48:11.978+0000] {processor.py:183} INFO - Processing /home/airflow/.local/lib/python3.8/site-packages/airflow/example_dags/example_trigger_target_dag.py took 0.596 seconds
[2025-07-03T17:48:42.699+0000] {processor.py:161} INFO - Started process (PID=1857) to work on /home/airflow/.local/lib/python3.8/site-packages/airflow/example_dags/example_trigger_target_dag.py
[2025-07-03T17:48:42.705+0000] {processor.py:830} INFO - Processing file /home/airflow/.local/lib/python3.8/site-packages/airflow/example_dags/example_trigger_target_dag.py for tasks to queue
[2025-07-03T17:48:42.707+0000] {logging_mixin.py:188} INFO - [2025-07-03T17:48:42.707+0000] {dagbag.py:538} INFO - Filling up the DagBag from /home/airflow/.local/lib/python3.8/site-packages/airflow/example_dags/example_trigger_target_dag.py
[2025-07-03T17:48:42.736+0000] {processor.py:840} INFO - DAG(s) 'example_trigger_target_dag' retrieved from /home/airflow/.local/lib/python3.8/site-packages/airflow/example_dags/example_trigger_target_dag.py
[2025-07-03T17:48:42.843+0000] {logging_mixin.py:188} INFO - [2025-07-03T17:48:42.842+0000] {dag.py:3036} INFO - Sync 1 DAGs
[2025-07-03T17:48:42.932+0000] {logging_mixin.py:188} INFO - [2025-07-03T17:48:42.932+0000] {dag.py:3823} INFO - Setting next_dagrun for example_trigger_target_dag to None, run_after=None
[2025-07-03T17:48:43.046+0000] {processor.py:183} INFO - Processing /home/airflow/.local/lib/python3.8/site-packages/airflow/example_dags/example_trigger_target_dag.py took 0.363 seconds
[2025-07-03T17:49:13.613+0000] {processor.py:161} INFO - Started process (PID=1923) to work on /home/airflow/.local/lib/python3.8/site-packages/airflow/example_dags/example_trigger_target_dag.py
[2025-07-03T17:49:13.614+0000] {processor.py:830} INFO - Processing file /home/airflow/.local/lib/python3.8/site-packages/airflow/example_dags/example_trigger_target_dag.py for tasks to queue
[2025-07-03T17:49:13.633+0000] {logging_mixin.py:188} INFO - [2025-07-03T17:49:13.616+0000] {dagbag.py:538} INFO - Filling up the DagBag from /home/airflow/.local/lib/python3.8/site-packages/airflow/example_dags/example_trigger_target_dag.py
[2025-07-03T17:49:13.660+0000] {processor.py:840} INFO - DAG(s) 'example_trigger_target_dag' retrieved from /home/airflow/.local/lib/python3.8/site-packages/airflow/example_dags/example_trigger_target_dag.py
[2025-07-03T17:49:13.766+0000] {logging_mixin.py:188} INFO - [2025-07-03T17:49:13.765+0000] {dag.py:3036} INFO - Sync 1 DAGs
[2025-07-03T17:49:13.847+0000] {logging_mixin.py:188} INFO - [2025-07-03T17:49:13.844+0000] {dag.py:3823} INFO - Setting next_dagrun for example_trigger_target_dag to None, run_after=None
[2025-07-03T17:49:13.938+0000] {processor.py:183} INFO - Processing /home/airflow/.local/lib/python3.8/site-packages/airflow/example_dags/example_trigger_target_dag.py took 0.340 seconds
[2025-07-03T17:49:44.548+0000] {processor.py:161} INFO - Started process (PID=1988) to work on /home/airflow/.local/lib/python3.8/site-packages/airflow/example_dags/example_trigger_target_dag.py
[2025-07-03T17:49:44.552+0000] {processor.py:830} INFO - Processing file /home/airflow/.local/lib/python3.8/site-packages/airflow/example_dags/example_trigger_target_dag.py for tasks to queue
[2025-07-03T17:49:44.561+0000] {logging_mixin.py:188} INFO - [2025-07-03T17:49:44.561+0000] {dagbag.py:538} INFO - Filling up the DagBag from /home/airflow/.local/lib/python3.8/site-packages/airflow/example_dags/example_trigger_target_dag.py
[2025-07-03T17:49:44.575+0000] {processor.py:840} INFO - DAG(s) 'example_trigger_target_dag' retrieved from /home/airflow/.local/lib/python3.8/site-packages/airflow/example_dags/example_trigger_target_dag.py
[2025-07-03T17:49:44.638+0000] {logging_mixin.py:188} INFO - [2025-07-03T17:49:44.637+0000] {dag.py:3036} INFO - Sync 1 DAGs
[2025-07-03T17:49:44.704+0000] {logging_mixin.py:188} INFO - [2025-07-03T17:49:44.704+0000] {dag.py:3823} INFO - Setting next_dagrun for example_trigger_target_dag to None, run_after=None
[2025-07-03T17:49:44.786+0000] {processor.py:183} INFO - Processing /home/airflow/.local/lib/python3.8/site-packages/airflow/example_dags/example_trigger_target_dag.py took 0.250 seconds
[2025-07-03T17:50:15.401+0000] {processor.py:161} INFO - Started process (PID=2054) to work on /home/airflow/.local/lib/python3.8/site-packages/airflow/example_dags/example_trigger_target_dag.py
[2025-07-03T17:50:15.402+0000] {processor.py:830} INFO - Processing file /home/airflow/.local/lib/python3.8/site-packages/airflow/example_dags/example_trigger_target_dag.py for tasks to queue
[2025-07-03T17:50:15.405+0000] {logging_mixin.py:188} INFO - [2025-07-03T17:50:15.404+0000] {dagbag.py:538} INFO - Filling up the DagBag from /home/airflow/.local/lib/python3.8/site-packages/airflow/example_dags/example_trigger_target_dag.py
[2025-07-03T17:50:15.414+0000] {processor.py:840} INFO - DAG(s) 'example_trigger_target_dag' retrieved from /home/airflow/.local/lib/python3.8/site-packages/airflow/example_dags/example_trigger_target_dag.py
[2025-07-03T17:50:15.446+0000] {logging_mixin.py:188} INFO - [2025-07-03T17:50:15.445+0000] {dag.py:3036} INFO - Sync 1 DAGs
[2025-07-03T17:50:15.469+0000] {logging_mixin.py:188} INFO - [2025-07-03T17:50:15.468+0000] {dag.py:3823} INFO - Setting next_dagrun for example_trigger_target_dag to None, run_after=None
[2025-07-03T17:50:15.500+0000] {processor.py:183} INFO - Processing /home/airflow/.local/lib/python3.8/site-packages/airflow/example_dags/example_trigger_target_dag.py took 0.103 seconds
[2025-07-03T17:50:46.420+0000] {processor.py:161} INFO - Started process (PID=2126) to work on /home/airflow/.local/lib/python3.8/site-packages/airflow/example_dags/example_trigger_target_dag.py
[2025-07-03T17:50:46.425+0000] {processor.py:830} INFO - Processing file /home/airflow/.local/lib/python3.8/site-packages/airflow/example_dags/example_trigger_target_dag.py for tasks to queue
[2025-07-03T17:50:46.429+0000] {logging_mixin.py:188} INFO - [2025-07-03T17:50:46.429+0000] {dagbag.py:538} INFO - Filling up the DagBag from /home/airflow/.local/lib/python3.8/site-packages/airflow/example_dags/example_trigger_target_dag.py
[2025-07-03T17:50:46.444+0000] {processor.py:840} INFO - DAG(s) 'example_trigger_target_dag' retrieved from /home/airflow/.local/lib/python3.8/site-packages/airflow/example_dags/example_trigger_target_dag.py
[2025-07-03T17:50:46.493+0000] {logging_mixin.py:188} INFO - [2025-07-03T17:50:46.492+0000] {dag.py:3036} INFO - Sync 1 DAGs
[2025-07-03T17:50:46.535+0000] {logging_mixin.py:188} INFO - [2025-07-03T17:50:46.535+0000] {dag.py:3823} INFO - Setting next_dagrun for example_trigger_target_dag to None, run_after=None
[2025-07-03T17:50:46.601+0000] {processor.py:183} INFO - Processing /home/airflow/.local/lib/python3.8/site-packages/airflow/example_dags/example_trigger_target_dag.py took 0.188 seconds
[2025-07-03T17:51:16.970+0000] {processor.py:161} INFO - Started process (PID=2192) to work on /home/airflow/.local/lib/python3.8/site-packages/airflow/example_dags/example_trigger_target_dag.py
[2025-07-03T17:51:16.971+0000] {processor.py:830} INFO - Processing file /home/airflow/.local/lib/python3.8/site-packages/airflow/example_dags/example_trigger_target_dag.py for tasks to queue
[2025-07-03T17:51:16.987+0000] {logging_mixin.py:188} INFO - [2025-07-03T17:51:16.986+0000] {dagbag.py:538} INFO - Filling up the DagBag from /home/airflow/.local/lib/python3.8/site-packages/airflow/example_dags/example_trigger_target_dag.py
[2025-07-03T17:51:16.997+0000] {processor.py:840} INFO - DAG(s) 'example_trigger_target_dag' retrieved from /home/airflow/.local/lib/python3.8/site-packages/airflow/example_dags/example_trigger_target_dag.py
[2025-07-03T17:51:17.046+0000] {logging_mixin.py:188} INFO - [2025-07-03T17:51:17.046+0000] {dag.py:3036} INFO - Sync 1 DAGs
[2025-07-03T17:51:17.096+0000] {logging_mixin.py:188} INFO - [2025-07-03T17:51:17.095+0000] {dag.py:3823} INFO - Setting next_dagrun for example_trigger_target_dag to None, run_after=None
[2025-07-03T17:51:17.143+0000] {processor.py:183} INFO - Processing /home/airflow/.local/lib/python3.8/site-packages/airflow/example_dags/example_trigger_target_dag.py took 0.182 seconds
[2025-07-03T17:51:47.854+0000] {processor.py:161} INFO - Started process (PID=2258) to work on /home/airflow/.local/lib/python3.8/site-packages/airflow/example_dags/example_trigger_target_dag.py
[2025-07-03T17:51:47.857+0000] {processor.py:830} INFO - Processing file /home/airflow/.local/lib/python3.8/site-packages/airflow/example_dags/example_trigger_target_dag.py for tasks to queue
[2025-07-03T17:51:47.863+0000] {logging_mixin.py:188} INFO - [2025-07-03T17:51:47.862+0000] {dagbag.py:538} INFO - Filling up the DagBag from /home/airflow/.local/lib/python3.8/site-packages/airflow/example_dags/example_trigger_target_dag.py
[2025-07-03T17:51:47.874+0000] {processor.py:840} INFO - DAG(s) 'example_trigger_target_dag' retrieved from /home/airflow/.local/lib/python3.8/site-packages/airflow/example_dags/example_trigger_target_dag.py
[2025-07-03T17:51:47.906+0000] {logging_mixin.py:188} INFO - [2025-07-03T17:51:47.906+0000] {dag.py:3036} INFO - Sync 1 DAGs
[2025-07-03T17:51:47.930+0000] {logging_mixin.py:188} INFO - [2025-07-03T17:51:47.930+0000] {dag.py:3823} INFO - Setting next_dagrun for example_trigger_target_dag to None, run_after=None
[2025-07-03T17:51:47.962+0000] {processor.py:183} INFO - Processing /home/airflow/.local/lib/python3.8/site-packages/airflow/example_dags/example_trigger_target_dag.py took 0.117 seconds
[2025-07-03T17:52:18.766+0000] {processor.py:161} INFO - Started process (PID=2324) to work on /home/airflow/.local/lib/python3.8/site-packages/airflow/example_dags/example_trigger_target_dag.py
[2025-07-03T17:52:18.768+0000] {processor.py:830} INFO - Processing file /home/airflow/.local/lib/python3.8/site-packages/airflow/example_dags/example_trigger_target_dag.py for tasks to queue
[2025-07-03T17:52:18.770+0000] {logging_mixin.py:188} INFO - [2025-07-03T17:52:18.770+0000] {dagbag.py:538} INFO - Filling up the DagBag from /home/airflow/.local/lib/python3.8/site-packages/airflow/example_dags/example_trigger_target_dag.py
[2025-07-03T17:52:18.780+0000] {processor.py:840} INFO - DAG(s) 'example_trigger_target_dag' retrieved from /home/airflow/.local/lib/python3.8/site-packages/airflow/example_dags/example_trigger_target_dag.py
[2025-07-03T17:52:18.813+0000] {logging_mixin.py:188} INFO - [2025-07-03T17:52:18.813+0000] {dag.py:3036} INFO - Sync 1 DAGs
[2025-07-03T17:52:18.841+0000] {logging_mixin.py:188} INFO - [2025-07-03T17:52:18.840+0000] {dag.py:3823} INFO - Setting next_dagrun for example_trigger_target_dag to None, run_after=None
[2025-07-03T17:52:18.874+0000] {processor.py:183} INFO - Processing /home/airflow/.local/lib/python3.8/site-packages/airflow/example_dags/example_trigger_target_dag.py took 0.113 seconds
[2025-07-03T17:52:49.658+0000] {processor.py:161} INFO - Started process (PID=2391) to work on /home/airflow/.local/lib/python3.8/site-packages/airflow/example_dags/example_trigger_target_dag.py
[2025-07-03T17:52:49.665+0000] {processor.py:830} INFO - Processing file /home/airflow/.local/lib/python3.8/site-packages/airflow/example_dags/example_trigger_target_dag.py for tasks to queue
[2025-07-03T17:52:49.667+0000] {logging_mixin.py:188} INFO - [2025-07-03T17:52:49.667+0000] {dagbag.py:538} INFO - Filling up the DagBag from /home/airflow/.local/lib/python3.8/site-packages/airflow/example_dags/example_trigger_target_dag.py
[2025-07-03T17:52:49.687+0000] {processor.py:840} INFO - DAG(s) 'example_trigger_target_dag' retrieved from /home/airflow/.local/lib/python3.8/site-packages/airflow/example_dags/example_trigger_target_dag.py
[2025-07-03T17:52:49.762+0000] {logging_mixin.py:188} INFO - [2025-07-03T17:52:49.761+0000] {dag.py:3036} INFO - Sync 1 DAGs
[2025-07-03T17:52:49.828+0000] {logging_mixin.py:188} INFO - [2025-07-03T17:52:49.828+0000] {dag.py:3823} INFO - Setting next_dagrun for example_trigger_target_dag to None, run_after=None
[2025-07-03T17:52:49.926+0000] {processor.py:183} INFO - Processing /home/airflow/.local/lib/python3.8/site-packages/airflow/example_dags/example_trigger_target_dag.py took 0.289 seconds
[2025-07-03T17:53:20.566+0000] {processor.py:161} INFO - Started process (PID=2448) to work on /home/airflow/.local/lib/python3.8/site-packages/airflow/example_dags/example_trigger_target_dag.py
[2025-07-03T17:53:20.567+0000] {processor.py:830} INFO - Processing file /home/airflow/.local/lib/python3.8/site-packages/airflow/example_dags/example_trigger_target_dag.py for tasks to queue
[2025-07-03T17:53:20.569+0000] {logging_mixin.py:188} INFO - [2025-07-03T17:53:20.568+0000] {dagbag.py:538} INFO - Filling up the DagBag from /home/airflow/.local/lib/python3.8/site-packages/airflow/example_dags/example_trigger_target_dag.py
[2025-07-03T17:53:20.575+0000] {processor.py:840} INFO - DAG(s) 'example_trigger_target_dag' retrieved from /home/airflow/.local/lib/python3.8/site-packages/airflow/example_dags/example_trigger_target_dag.py
[2025-07-03T17:53:20.601+0000] {logging_mixin.py:188} INFO - [2025-07-03T17:53:20.601+0000] {dag.py:3036} INFO - Sync 1 DAGs
[2025-07-03T17:53:20.618+0000] {logging_mixin.py:188} INFO - [2025-07-03T17:53:20.618+0000] {dag.py:3823} INFO - Setting next_dagrun for example_trigger_target_dag to None, run_after=None
[2025-07-03T17:53:20.642+0000] {processor.py:183} INFO - Processing /home/airflow/.local/lib/python3.8/site-packages/airflow/example_dags/example_trigger_target_dag.py took 0.081 seconds
[2025-07-03T17:53:50.868+0000] {processor.py:161} INFO - Started process (PID=2515) to work on /home/airflow/.local/lib/python3.8/site-packages/airflow/example_dags/example_trigger_target_dag.py
[2025-07-03T17:53:50.935+0000] {processor.py:830} INFO - Processing file /home/airflow/.local/lib/python3.8/site-packages/airflow/example_dags/example_trigger_target_dag.py for tasks to queue
[2025-07-03T17:53:50.937+0000] {logging_mixin.py:188} INFO - [2025-07-03T17:53:50.937+0000] {dagbag.py:538} INFO - Filling up the DagBag from /home/airflow/.local/lib/python3.8/site-packages/airflow/example_dags/example_trigger_target_dag.py
[2025-07-03T17:53:50.944+0000] {processor.py:840} INFO - DAG(s) 'example_trigger_target_dag' retrieved from /home/airflow/.local/lib/python3.8/site-packages/airflow/example_dags/example_trigger_target_dag.py
[2025-07-03T17:53:50.972+0000] {logging_mixin.py:188} INFO - [2025-07-03T17:53:50.972+0000] {dag.py:3036} INFO - Sync 1 DAGs
[2025-07-03T17:53:50.992+0000] {logging_mixin.py:188} INFO - [2025-07-03T17:53:50.991+0000] {dag.py:3823} INFO - Setting next_dagrun for example_trigger_target_dag to None, run_after=None
[2025-07-03T17:53:51.020+0000] {processor.py:183} INFO - Processing /home/airflow/.local/lib/python3.8/site-packages/airflow/example_dags/example_trigger_target_dag.py took 0.156 seconds
[2025-07-03T17:54:21.481+0000] {processor.py:161} INFO - Started process (PID=2579) to work on /home/airflow/.local/lib/python3.8/site-packages/airflow/example_dags/example_trigger_target_dag.py
[2025-07-03T17:54:21.482+0000] {processor.py:830} INFO - Processing file /home/airflow/.local/lib/python3.8/site-packages/airflow/example_dags/example_trigger_target_dag.py for tasks to queue
[2025-07-03T17:54:21.484+0000] {logging_mixin.py:188} INFO - [2025-07-03T17:54:21.484+0000] {dagbag.py:538} INFO - Filling up the DagBag from /home/airflow/.local/lib/python3.8/site-packages/airflow/example_dags/example_trigger_target_dag.py
[2025-07-03T17:54:21.493+0000] {processor.py:840} INFO - DAG(s) 'example_trigger_target_dag' retrieved from /home/airflow/.local/lib/python3.8/site-packages/airflow/example_dags/example_trigger_target_dag.py
[2025-07-03T17:54:21.551+0000] {logging_mixin.py:188} INFO - [2025-07-03T17:54:21.551+0000] {dag.py:3036} INFO - Sync 1 DAGs
[2025-07-03T17:54:21.595+0000] {logging_mixin.py:188} INFO - [2025-07-03T17:54:21.595+0000] {dag.py:3823} INFO - Setting next_dagrun for example_trigger_target_dag to None, run_after=None
[2025-07-03T17:54:21.643+0000] {processor.py:183} INFO - Processing /home/airflow/.local/lib/python3.8/site-packages/airflow/example_dags/example_trigger_target_dag.py took 0.167 seconds
[2025-07-03T17:54:52.631+0000] {processor.py:161} INFO - Started process (PID=2643) to work on /home/airflow/.local/lib/python3.8/site-packages/airflow/example_dags/example_trigger_target_dag.py
[2025-07-03T17:54:52.638+0000] {processor.py:830} INFO - Processing file /home/airflow/.local/lib/python3.8/site-packages/airflow/example_dags/example_trigger_target_dag.py for tasks to queue
[2025-07-03T17:54:52.641+0000] {logging_mixin.py:188} INFO - [2025-07-03T17:54:52.640+0000] {dagbag.py:538} INFO - Filling up the DagBag from /home/airflow/.local/lib/python3.8/site-packages/airflow/example_dags/example_trigger_target_dag.py
[2025-07-03T17:54:52.658+0000] {processor.py:840} INFO - DAG(s) 'example_trigger_target_dag' retrieved from /home/airflow/.local/lib/python3.8/site-packages/airflow/example_dags/example_trigger_target_dag.py
[2025-07-03T17:54:52.727+0000] {logging_mixin.py:188} INFO - [2025-07-03T17:54:52.727+0000] {dag.py:3036} INFO - Sync 1 DAGs
[2025-07-03T17:54:52.792+0000] {logging_mixin.py:188} INFO - [2025-07-03T17:54:52.791+0000] {dag.py:3823} INFO - Setting next_dagrun for example_trigger_target_dag to None, run_after=None
[2025-07-03T17:54:52.873+0000] {processor.py:183} INFO - Processing /home/airflow/.local/lib/python3.8/site-packages/airflow/example_dags/example_trigger_target_dag.py took 0.255 seconds
[2025-07-03T17:55:23.174+0000] {processor.py:161} INFO - Started process (PID=2708) to work on /home/airflow/.local/lib/python3.8/site-packages/airflow/example_dags/example_trigger_target_dag.py
[2025-07-03T17:55:23.175+0000] {processor.py:830} INFO - Processing file /home/airflow/.local/lib/python3.8/site-packages/airflow/example_dags/example_trigger_target_dag.py for tasks to queue
[2025-07-03T17:55:23.178+0000] {logging_mixin.py:188} INFO - [2025-07-03T17:55:23.177+0000] {dagbag.py:538} INFO - Filling up the DagBag from /home/airflow/.local/lib/python3.8/site-packages/airflow/example_dags/example_trigger_target_dag.py
[2025-07-03T17:55:23.186+0000] {processor.py:840} INFO - DAG(s) 'example_trigger_target_dag' retrieved from /home/airflow/.local/lib/python3.8/site-packages/airflow/example_dags/example_trigger_target_dag.py
[2025-07-03T17:55:23.215+0000] {logging_mixin.py:188} INFO - [2025-07-03T17:55:23.214+0000] {dag.py:3036} INFO - Sync 1 DAGs
[2025-07-03T17:55:23.234+0000] {logging_mixin.py:188} INFO - [2025-07-03T17:55:23.234+0000] {dag.py:3823} INFO - Setting next_dagrun for example_trigger_target_dag to None, run_after=None
[2025-07-03T17:55:23.260+0000] {processor.py:183} INFO - Processing /home/airflow/.local/lib/python3.8/site-packages/airflow/example_dags/example_trigger_target_dag.py took 0.091 seconds
[2025-07-03T17:55:53.602+0000] {processor.py:161} INFO - Started process (PID=2781) to work on /home/airflow/.local/lib/python3.8/site-packages/airflow/example_dags/example_trigger_target_dag.py
[2025-07-03T17:55:53.605+0000] {processor.py:830} INFO - Processing file /home/airflow/.local/lib/python3.8/site-packages/airflow/example_dags/example_trigger_target_dag.py for tasks to queue
[2025-07-03T17:55:53.614+0000] {logging_mixin.py:188} INFO - [2025-07-03T17:55:53.613+0000] {dagbag.py:538} INFO - Filling up the DagBag from /home/airflow/.local/lib/python3.8/site-packages/airflow/example_dags/example_trigger_target_dag.py
[2025-07-03T17:55:53.635+0000] {processor.py:840} INFO - DAG(s) 'example_trigger_target_dag' retrieved from /home/airflow/.local/lib/python3.8/site-packages/airflow/example_dags/example_trigger_target_dag.py
[2025-07-03T17:55:53.693+0000] {logging_mixin.py:188} INFO - [2025-07-03T17:55:53.693+0000] {dag.py:3036} INFO - Sync 1 DAGs
[2025-07-03T17:55:53.718+0000] {logging_mixin.py:188} INFO - [2025-07-03T17:55:53.717+0000] {dag.py:3823} INFO - Setting next_dagrun for example_trigger_target_dag to None, run_after=None
[2025-07-03T17:55:53.757+0000] {processor.py:183} INFO - Processing /home/airflow/.local/lib/python3.8/site-packages/airflow/example_dags/example_trigger_target_dag.py took 0.160 seconds
[2025-07-03T17:56:24.379+0000] {processor.py:161} INFO - Started process (PID=2847) to work on /home/airflow/.local/lib/python3.8/site-packages/airflow/example_dags/example_trigger_target_dag.py
[2025-07-03T17:56:24.380+0000] {processor.py:830} INFO - Processing file /home/airflow/.local/lib/python3.8/site-packages/airflow/example_dags/example_trigger_target_dag.py for tasks to queue
[2025-07-03T17:56:24.382+0000] {logging_mixin.py:188} INFO - [2025-07-03T17:56:24.382+0000] {dagbag.py:538} INFO - Filling up the DagBag from /home/airflow/.local/lib/python3.8/site-packages/airflow/example_dags/example_trigger_target_dag.py
[2025-07-03T17:56:24.392+0000] {processor.py:840} INFO - DAG(s) 'example_trigger_target_dag' retrieved from /home/airflow/.local/lib/python3.8/site-packages/airflow/example_dags/example_trigger_target_dag.py
[2025-07-03T17:56:24.424+0000] {logging_mixin.py:188} INFO - [2025-07-03T17:56:24.424+0000] {dag.py:3036} INFO - Sync 1 DAGs
[2025-07-03T17:56:24.451+0000] {logging_mixin.py:188} INFO - [2025-07-03T17:56:24.449+0000] {dag.py:3823} INFO - Setting next_dagrun for example_trigger_target_dag to None, run_after=None
[2025-07-03T17:56:24.494+0000] {processor.py:183} INFO - Processing /home/airflow/.local/lib/python3.8/site-packages/airflow/example_dags/example_trigger_target_dag.py took 0.121 seconds
[2025-07-03T17:56:55.938+0000] {processor.py:161} INFO - Started process (PID=2904) to work on /home/airflow/.local/lib/python3.8/site-packages/airflow/example_dags/example_trigger_target_dag.py
[2025-07-03T17:56:55.945+0000] {processor.py:830} INFO - Processing file /home/airflow/.local/lib/python3.8/site-packages/airflow/example_dags/example_trigger_target_dag.py for tasks to queue
[2025-07-03T17:56:55.950+0000] {logging_mixin.py:188} INFO - [2025-07-03T17:56:55.949+0000] {dagbag.py:538} INFO - Filling up the DagBag from /home/airflow/.local/lib/python3.8/site-packages/airflow/example_dags/example_trigger_target_dag.py
[2025-07-03T17:56:55.973+0000] {processor.py:840} INFO - DAG(s) 'example_trigger_target_dag' retrieved from /home/airflow/.local/lib/python3.8/site-packages/airflow/example_dags/example_trigger_target_dag.py
[2025-07-03T17:56:56.042+0000] {logging_mixin.py:188} INFO - [2025-07-03T17:56:56.041+0000] {dag.py:3036} INFO - Sync 1 DAGs
[2025-07-03T17:56:56.099+0000] {logging_mixin.py:188} INFO - [2025-07-03T17:56:56.098+0000] {dag.py:3823} INFO - Setting next_dagrun for example_trigger_target_dag to None, run_after=None
[2025-07-03T17:56:56.227+0000] {processor.py:183} INFO - Processing /home/airflow/.local/lib/python3.8/site-packages/airflow/example_dags/example_trigger_target_dag.py took 0.307 seconds
[2025-07-03T17:57:27.499+0000] {processor.py:161} INFO - Started process (PID=2967) to work on /home/airflow/.local/lib/python3.8/site-packages/airflow/example_dags/example_trigger_target_dag.py
[2025-07-03T17:57:27.509+0000] {processor.py:830} INFO - Processing file /home/airflow/.local/lib/python3.8/site-packages/airflow/example_dags/example_trigger_target_dag.py for tasks to queue
[2025-07-03T17:57:27.526+0000] {logging_mixin.py:188} INFO - [2025-07-03T17:57:27.526+0000] {dagbag.py:538} INFO - Filling up the DagBag from /home/airflow/.local/lib/python3.8/site-packages/airflow/example_dags/example_trigger_target_dag.py
[2025-07-03T17:57:27.609+0000] {processor.py:840} INFO - DAG(s) 'example_trigger_target_dag' retrieved from /home/airflow/.local/lib/python3.8/site-packages/airflow/example_dags/example_trigger_target_dag.py
[2025-07-03T17:57:27.744+0000] {logging_mixin.py:188} INFO - [2025-07-03T17:57:27.743+0000] {dag.py:3036} INFO - Sync 1 DAGs
[2025-07-03T17:57:27.824+0000] {logging_mixin.py:188} INFO - [2025-07-03T17:57:27.824+0000] {dag.py:3823} INFO - Setting next_dagrun for example_trigger_target_dag to None, run_after=None
[2025-07-03T17:57:28.045+0000] {processor.py:183} INFO - Processing /home/airflow/.local/lib/python3.8/site-packages/airflow/example_dags/example_trigger_target_dag.py took 0.563 seconds
[2025-07-03T17:57:58.297+0000] {processor.py:161} INFO - Started process (PID=3032) to work on /home/airflow/.local/lib/python3.8/site-packages/airflow/example_dags/example_trigger_target_dag.py
[2025-07-03T17:57:58.307+0000] {processor.py:830} INFO - Processing file /home/airflow/.local/lib/python3.8/site-packages/airflow/example_dags/example_trigger_target_dag.py for tasks to queue
[2025-07-03T17:57:58.309+0000] {logging_mixin.py:188} INFO - [2025-07-03T17:57:58.309+0000] {dagbag.py:538} INFO - Filling up the DagBag from /home/airflow/.local/lib/python3.8/site-packages/airflow/example_dags/example_trigger_target_dag.py
[2025-07-03T17:57:58.338+0000] {processor.py:840} INFO - DAG(s) 'example_trigger_target_dag' retrieved from /home/airflow/.local/lib/python3.8/site-packages/airflow/example_dags/example_trigger_target_dag.py
[2025-07-03T17:57:58.402+0000] {logging_mixin.py:188} INFO - [2025-07-03T17:57:58.402+0000] {dag.py:3036} INFO - Sync 1 DAGs
[2025-07-03T17:57:58.434+0000] {logging_mixin.py:188} INFO - [2025-07-03T17:57:58.433+0000] {dag.py:3823} INFO - Setting next_dagrun for example_trigger_target_dag to None, run_after=None
[2025-07-03T17:57:58.490+0000] {processor.py:183} INFO - Processing /home/airflow/.local/lib/python3.8/site-packages/airflow/example_dags/example_trigger_target_dag.py took 0.218 seconds
[2025-07-03T17:58:28.588+0000] {processor.py:161} INFO - Started process (PID=3090) to work on /home/airflow/.local/lib/python3.8/site-packages/airflow/example_dags/example_trigger_target_dag.py
[2025-07-03T17:58:28.589+0000] {processor.py:830} INFO - Processing file /home/airflow/.local/lib/python3.8/site-packages/airflow/example_dags/example_trigger_target_dag.py for tasks to queue
[2025-07-03T17:58:28.591+0000] {logging_mixin.py:188} INFO - [2025-07-03T17:58:28.591+0000] {dagbag.py:538} INFO - Filling up the DagBag from /home/airflow/.local/lib/python3.8/site-packages/airflow/example_dags/example_trigger_target_dag.py
[2025-07-03T17:58:28.610+0000] {processor.py:840} INFO - DAG(s) 'example_trigger_target_dag' retrieved from /home/airflow/.local/lib/python3.8/site-packages/airflow/example_dags/example_trigger_target_dag.py
[2025-07-03T17:58:28.667+0000] {logging_mixin.py:188} INFO - [2025-07-03T17:58:28.665+0000] {dag.py:3036} INFO - Sync 1 DAGs
[2025-07-03T17:58:28.694+0000] {logging_mixin.py:188} INFO - [2025-07-03T17:58:28.694+0000] {dag.py:3823} INFO - Setting next_dagrun for example_trigger_target_dag to None, run_after=None
[2025-07-03T17:58:28.725+0000] {processor.py:183} INFO - Processing /home/airflow/.local/lib/python3.8/site-packages/airflow/example_dags/example_trigger_target_dag.py took 0.142 seconds
[2025-07-03T17:59:00.485+0000] {processor.py:161} INFO - Started process (PID=3155) to work on /home/airflow/.local/lib/python3.8/site-packages/airflow/example_dags/example_trigger_target_dag.py
[2025-07-03T17:59:00.486+0000] {processor.py:830} INFO - Processing file /home/airflow/.local/lib/python3.8/site-packages/airflow/example_dags/example_trigger_target_dag.py for tasks to queue
[2025-07-03T17:59:00.489+0000] {logging_mixin.py:188} INFO - [2025-07-03T17:59:00.488+0000] {dagbag.py:538} INFO - Filling up the DagBag from /home/airflow/.local/lib/python3.8/site-packages/airflow/example_dags/example_trigger_target_dag.py
[2025-07-03T17:59:00.497+0000] {processor.py:840} INFO - DAG(s) 'example_trigger_target_dag' retrieved from /home/airflow/.local/lib/python3.8/site-packages/airflow/example_dags/example_trigger_target_dag.py
[2025-07-03T17:59:00.527+0000] {logging_mixin.py:188} INFO - [2025-07-03T17:59:00.526+0000] {dag.py:3036} INFO - Sync 1 DAGs
[2025-07-03T17:59:00.552+0000] {logging_mixin.py:188} INFO - [2025-07-03T17:59:00.551+0000] {dag.py:3823} INFO - Setting next_dagrun for example_trigger_target_dag to None, run_after=None
[2025-07-03T17:59:00.624+0000] {processor.py:183} INFO - Processing /home/airflow/.local/lib/python3.8/site-packages/airflow/example_dags/example_trigger_target_dag.py took 0.144 seconds
[2025-07-03T17:59:31.442+0000] {processor.py:161} INFO - Started process (PID=3220) to work on /home/airflow/.local/lib/python3.8/site-packages/airflow/example_dags/example_trigger_target_dag.py
[2025-07-03T17:59:31.445+0000] {processor.py:830} INFO - Processing file /home/airflow/.local/lib/python3.8/site-packages/airflow/example_dags/example_trigger_target_dag.py for tasks to queue
[2025-07-03T17:59:31.452+0000] {logging_mixin.py:188} INFO - [2025-07-03T17:59:31.450+0000] {dagbag.py:538} INFO - Filling up the DagBag from /home/airflow/.local/lib/python3.8/site-packages/airflow/example_dags/example_trigger_target_dag.py
[2025-07-03T17:59:31.485+0000] {processor.py:840} INFO - DAG(s) 'example_trigger_target_dag' retrieved from /home/airflow/.local/lib/python3.8/site-packages/airflow/example_dags/example_trigger_target_dag.py
[2025-07-03T17:59:31.590+0000] {logging_mixin.py:188} INFO - [2025-07-03T17:59:31.590+0000] {dag.py:3036} INFO - Sync 1 DAGs
[2025-07-03T17:59:31.656+0000] {logging_mixin.py:188} INFO - [2025-07-03T17:59:31.656+0000] {dag.py:3823} INFO - Setting next_dagrun for example_trigger_target_dag to None, run_after=None
[2025-07-03T17:59:31.745+0000] {processor.py:183} INFO - Processing /home/airflow/.local/lib/python3.8/site-packages/airflow/example_dags/example_trigger_target_dag.py took 0.307 seconds
[2025-07-03T18:00:02.118+0000] {processor.py:161} INFO - Started process (PID=3282) to work on /home/airflow/.local/lib/python3.8/site-packages/airflow/example_dags/example_trigger_target_dag.py
[2025-07-03T18:00:02.132+0000] {processor.py:830} INFO - Processing file /home/airflow/.local/lib/python3.8/site-packages/airflow/example_dags/example_trigger_target_dag.py for tasks to queue
[2025-07-03T18:00:02.138+0000] {logging_mixin.py:188} INFO - [2025-07-03T18:00:02.138+0000] {dagbag.py:538} INFO - Filling up the DagBag from /home/airflow/.local/lib/python3.8/site-packages/airflow/example_dags/example_trigger_target_dag.py
[2025-07-03T18:00:02.148+0000] {processor.py:840} INFO - DAG(s) 'example_trigger_target_dag' retrieved from /home/airflow/.local/lib/python3.8/site-packages/airflow/example_dags/example_trigger_target_dag.py
[2025-07-03T18:00:02.213+0000] {logging_mixin.py:188} INFO - [2025-07-03T18:00:02.213+0000] {dag.py:3036} INFO - Sync 1 DAGs
[2025-07-03T18:00:02.237+0000] {logging_mixin.py:188} INFO - [2025-07-03T18:00:02.237+0000] {dag.py:3823} INFO - Setting next_dagrun for example_trigger_target_dag to None, run_after=None
[2025-07-03T18:00:02.295+0000] {processor.py:183} INFO - Processing /home/airflow/.local/lib/python3.8/site-packages/airflow/example_dags/example_trigger_target_dag.py took 0.183 seconds
[2025-07-03T18:00:33.120+0000] {processor.py:161} INFO - Started process (PID=3346) to work on /home/airflow/.local/lib/python3.8/site-packages/airflow/example_dags/example_trigger_target_dag.py
[2025-07-03T18:00:33.124+0000] {processor.py:830} INFO - Processing file /home/airflow/.local/lib/python3.8/site-packages/airflow/example_dags/example_trigger_target_dag.py for tasks to queue
[2025-07-03T18:00:33.127+0000] {logging_mixin.py:188} INFO - [2025-07-03T18:00:33.126+0000] {dagbag.py:538} INFO - Filling up the DagBag from /home/airflow/.local/lib/python3.8/site-packages/airflow/example_dags/example_trigger_target_dag.py
[2025-07-03T18:00:33.135+0000] {processor.py:840} INFO - DAG(s) 'example_trigger_target_dag' retrieved from /home/airflow/.local/lib/python3.8/site-packages/airflow/example_dags/example_trigger_target_dag.py
[2025-07-03T18:00:33.165+0000] {logging_mixin.py:188} INFO - [2025-07-03T18:00:33.164+0000] {dag.py:3036} INFO - Sync 1 DAGs
[2025-07-03T18:00:33.183+0000] {logging_mixin.py:188} INFO - [2025-07-03T18:00:33.183+0000] {dag.py:3823} INFO - Setting next_dagrun for example_trigger_target_dag to None, run_after=None
[2025-07-03T18:00:33.208+0000] {processor.py:183} INFO - Processing /home/airflow/.local/lib/python3.8/site-packages/airflow/example_dags/example_trigger_target_dag.py took 0.104 seconds
[2025-07-03T18:01:04.001+0000] {processor.py:161} INFO - Started process (PID=3411) to work on /home/airflow/.local/lib/python3.8/site-packages/airflow/example_dags/example_trigger_target_dag.py
[2025-07-03T18:01:04.002+0000] {processor.py:830} INFO - Processing file /home/airflow/.local/lib/python3.8/site-packages/airflow/example_dags/example_trigger_target_dag.py for tasks to queue
[2025-07-03T18:01:04.007+0000] {logging_mixin.py:188} INFO - [2025-07-03T18:01:04.007+0000] {dagbag.py:538} INFO - Filling up the DagBag from /home/airflow/.local/lib/python3.8/site-packages/airflow/example_dags/example_trigger_target_dag.py
[2025-07-03T18:01:04.025+0000] {processor.py:840} INFO - DAG(s) 'example_trigger_target_dag' retrieved from /home/airflow/.local/lib/python3.8/site-packages/airflow/example_dags/example_trigger_target_dag.py
[2025-07-03T18:01:04.064+0000] {logging_mixin.py:188} INFO - [2025-07-03T18:01:04.064+0000] {dag.py:3036} INFO - Sync 1 DAGs
[2025-07-03T18:01:04.096+0000] {logging_mixin.py:188} INFO - [2025-07-03T18:01:04.096+0000] {dag.py:3823} INFO - Setting next_dagrun for example_trigger_target_dag to None, run_after=None
[2025-07-03T18:01:04.152+0000] {processor.py:183} INFO - Processing /home/airflow/.local/lib/python3.8/site-packages/airflow/example_dags/example_trigger_target_dag.py took 0.173 seconds
[2025-07-03T18:01:34.749+0000] {processor.py:161} INFO - Started process (PID=3474) to work on /home/airflow/.local/lib/python3.8/site-packages/airflow/example_dags/example_trigger_target_dag.py
[2025-07-03T18:01:34.762+0000] {processor.py:830} INFO - Processing file /home/airflow/.local/lib/python3.8/site-packages/airflow/example_dags/example_trigger_target_dag.py for tasks to queue
[2025-07-03T18:01:34.767+0000] {logging_mixin.py:188} INFO - [2025-07-03T18:01:34.767+0000] {dagbag.py:538} INFO - Filling up the DagBag from /home/airflow/.local/lib/python3.8/site-packages/airflow/example_dags/example_trigger_target_dag.py
[2025-07-03T18:01:34.788+0000] {processor.py:840} INFO - DAG(s) 'example_trigger_target_dag' retrieved from /home/airflow/.local/lib/python3.8/site-packages/airflow/example_dags/example_trigger_target_dag.py
[2025-07-03T18:01:34.883+0000] {logging_mixin.py:188} INFO - [2025-07-03T18:01:34.882+0000] {dag.py:3036} INFO - Sync 1 DAGs
[2025-07-03T18:01:34.936+0000] {logging_mixin.py:188} INFO - [2025-07-03T18:01:34.936+0000] {dag.py:3823} INFO - Setting next_dagrun for example_trigger_target_dag to None, run_after=None
[2025-07-03T18:01:35.003+0000] {processor.py:183} INFO - Processing /home/airflow/.local/lib/python3.8/site-packages/airflow/example_dags/example_trigger_target_dag.py took 0.268 seconds
[2025-07-03T18:02:06.395+0000] {processor.py:161} INFO - Started process (PID=3532) to work on /home/airflow/.local/lib/python3.8/site-packages/airflow/example_dags/example_trigger_target_dag.py
[2025-07-03T18:02:06.401+0000] {processor.py:830} INFO - Processing file /home/airflow/.local/lib/python3.8/site-packages/airflow/example_dags/example_trigger_target_dag.py for tasks to queue
[2025-07-03T18:02:06.405+0000] {logging_mixin.py:188} INFO - [2025-07-03T18:02:06.405+0000] {dagbag.py:538} INFO - Filling up the DagBag from /home/airflow/.local/lib/python3.8/site-packages/airflow/example_dags/example_trigger_target_dag.py
[2025-07-03T18:02:06.425+0000] {processor.py:840} INFO - DAG(s) 'example_trigger_target_dag' retrieved from /home/airflow/.local/lib/python3.8/site-packages/airflow/example_dags/example_trigger_target_dag.py
[2025-07-03T18:02:06.574+0000] {logging_mixin.py:188} INFO - [2025-07-03T18:02:06.573+0000] {dag.py:3036} INFO - Sync 1 DAGs
[2025-07-03T18:02:06.618+0000] {logging_mixin.py:188} INFO - [2025-07-03T18:02:06.618+0000] {dag.py:3823} INFO - Setting next_dagrun for example_trigger_target_dag to None, run_after=None
[2025-07-03T18:02:07.573+0000] {processor.py:183} INFO - Processing /home/airflow/.local/lib/python3.8/site-packages/airflow/example_dags/example_trigger_target_dag.py took 1.190 seconds
[2025-07-03T18:02:37.987+0000] {processor.py:161} INFO - Started process (PID=3597) to work on /home/airflow/.local/lib/python3.8/site-packages/airflow/example_dags/example_trigger_target_dag.py
[2025-07-03T18:02:37.988+0000] {processor.py:830} INFO - Processing file /home/airflow/.local/lib/python3.8/site-packages/airflow/example_dags/example_trigger_target_dag.py for tasks to queue
[2025-07-03T18:02:37.991+0000] {logging_mixin.py:188} INFO - [2025-07-03T18:02:37.990+0000] {dagbag.py:538} INFO - Filling up the DagBag from /home/airflow/.local/lib/python3.8/site-packages/airflow/example_dags/example_trigger_target_dag.py
[2025-07-03T18:02:38.000+0000] {processor.py:840} INFO - DAG(s) 'example_trigger_target_dag' retrieved from /home/airflow/.local/lib/python3.8/site-packages/airflow/example_dags/example_trigger_target_dag.py
[2025-07-03T18:02:38.031+0000] {logging_mixin.py:188} INFO - [2025-07-03T18:02:38.030+0000] {dag.py:3036} INFO - Sync 1 DAGs
[2025-07-03T18:02:38.053+0000] {logging_mixin.py:188} INFO - [2025-07-03T18:02:38.052+0000] {dag.py:3823} INFO - Setting next_dagrun for example_trigger_target_dag to None, run_after=None
[2025-07-03T18:02:38.081+0000] {processor.py:183} INFO - Processing /home/airflow/.local/lib/python3.8/site-packages/airflow/example_dags/example_trigger_target_dag.py took 0.099 seconds
[2025-07-03T18:03:08.732+0000] {processor.py:161} INFO - Started process (PID=3661) to work on /home/airflow/.local/lib/python3.8/site-packages/airflow/example_dags/example_trigger_target_dag.py
[2025-07-03T18:03:08.758+0000] {processor.py:830} INFO - Processing file /home/airflow/.local/lib/python3.8/site-packages/airflow/example_dags/example_trigger_target_dag.py for tasks to queue
[2025-07-03T18:03:08.761+0000] {logging_mixin.py:188} INFO - [2025-07-03T18:03:08.760+0000] {dagbag.py:538} INFO - Filling up the DagBag from /home/airflow/.local/lib/python3.8/site-packages/airflow/example_dags/example_trigger_target_dag.py
[2025-07-03T18:03:08.810+0000] {processor.py:840} INFO - DAG(s) 'example_trigger_target_dag' retrieved from /home/airflow/.local/lib/python3.8/site-packages/airflow/example_dags/example_trigger_target_dag.py
[2025-07-03T18:03:08.967+0000] {logging_mixin.py:188} INFO - [2025-07-03T18:03:08.967+0000] {dag.py:3036} INFO - Sync 1 DAGs
[2025-07-03T18:03:09.189+0000] {logging_mixin.py:188} INFO - [2025-07-03T18:03:09.189+0000] {dag.py:3823} INFO - Setting next_dagrun for example_trigger_target_dag to None, run_after=None
[2025-07-03T18:03:09.343+0000] {processor.py:183} INFO - Processing /home/airflow/.local/lib/python3.8/site-packages/airflow/example_dags/example_trigger_target_dag.py took 0.615 seconds
[2025-07-03T18:04:34.783+0000] {processor.py:161} INFO - Started process (PID=3743) to work on /home/airflow/.local/lib/python3.8/site-packages/airflow/example_dags/example_trigger_target_dag.py
[2025-07-03T18:04:34.822+0000] {processor.py:830} INFO - Processing file /home/airflow/.local/lib/python3.8/site-packages/airflow/example_dags/example_trigger_target_dag.py for tasks to queue
[2025-07-03T18:04:34.913+0000] {logging_mixin.py:188} INFO - [2025-07-03T18:04:34.824+0000] {dagbag.py:538} INFO - Filling up the DagBag from /home/airflow/.local/lib/python3.8/site-packages/airflow/example_dags/example_trigger_target_dag.py
[2025-07-03T18:04:35.101+0000] {processor.py:840} INFO - DAG(s) 'example_trigger_target_dag' retrieved from /home/airflow/.local/lib/python3.8/site-packages/airflow/example_dags/example_trigger_target_dag.py
[2025-07-03T18:04:35.776+0000] {logging_mixin.py:188} INFO - [2025-07-03T18:04:35.775+0000] {dag.py:3036} INFO - Sync 1 DAGs
[2025-07-03T18:04:36.378+0000] {logging_mixin.py:188} INFO - [2025-07-03T18:04:36.378+0000] {dag.py:3823} INFO - Setting next_dagrun for example_trigger_target_dag to None, run_after=None
[2025-07-03T18:04:37.053+0000] {processor.py:183} INFO - Processing /home/airflow/.local/lib/python3.8/site-packages/airflow/example_dags/example_trigger_target_dag.py took 2.341 seconds
[2025-07-03T18:06:59.875+0000] {processor.py:161} INFO - Started process (PID=3861) to work on /home/airflow/.local/lib/python3.8/site-packages/airflow/example_dags/example_trigger_target_dag.py
[2025-07-03T18:07:00.101+0000] {processor.py:830} INFO - Processing file /home/airflow/.local/lib/python3.8/site-packages/airflow/example_dags/example_trigger_target_dag.py for tasks to queue
[2025-07-03T18:07:00.186+0000] {logging_mixin.py:188} INFO - [2025-07-03T18:07:00.185+0000] {dagbag.py:538} INFO - Filling up the DagBag from /home/airflow/.local/lib/python3.8/site-packages/airflow/example_dags/example_trigger_target_dag.py
[2025-07-03T18:07:00.710+0000] {processor.py:840} INFO - DAG(s) 'example_trigger_target_dag' retrieved from /home/airflow/.local/lib/python3.8/site-packages/airflow/example_dags/example_trigger_target_dag.py
[2025-07-03T18:07:01.310+0000] {logging_mixin.py:188} INFO - [2025-07-03T18:07:01.309+0000] {dag.py:3036} INFO - Sync 1 DAGs
[2025-07-03T18:07:01.932+0000] {logging_mixin.py:188} INFO - [2025-07-03T18:07:01.931+0000] {dag.py:3823} INFO - Setting next_dagrun for example_trigger_target_dag to None, run_after=None
[2025-07-03T18:07:02.820+0000] {processor.py:183} INFO - Processing /home/airflow/.local/lib/python3.8/site-packages/airflow/example_dags/example_trigger_target_dag.py took 3.049 seconds
[2025-07-03T18:21:14.462+0000] {processor.py:161} INFO - Started process (PID=125) to work on /home/airflow/.local/lib/python3.8/site-packages/airflow/example_dags/example_trigger_target_dag.py
[2025-07-03T18:21:14.464+0000] {processor.py:830} INFO - Processing file /home/airflow/.local/lib/python3.8/site-packages/airflow/example_dags/example_trigger_target_dag.py for tasks to queue
[2025-07-03T18:21:14.466+0000] {logging_mixin.py:188} INFO - [2025-07-03T18:21:14.466+0000] {dagbag.py:538} INFO - Filling up the DagBag from /home/airflow/.local/lib/python3.8/site-packages/airflow/example_dags/example_trigger_target_dag.py
[2025-07-03T18:21:14.475+0000] {processor.py:840} INFO - DAG(s) 'example_trigger_target_dag' retrieved from /home/airflow/.local/lib/python3.8/site-packages/airflow/example_dags/example_trigger_target_dag.py
[2025-07-03T18:21:14.505+0000] {logging_mixin.py:188} INFO - [2025-07-03T18:21:14.504+0000] {dag.py:3036} INFO - Sync 1 DAGs
[2025-07-03T18:21:14.531+0000] {logging_mixin.py:188} INFO - [2025-07-03T18:21:14.530+0000] {dag.py:3823} INFO - Setting next_dagrun for example_trigger_target_dag to None, run_after=None
[2025-07-03T18:21:14.563+0000] {processor.py:183} INFO - Processing /home/airflow/.local/lib/python3.8/site-packages/airflow/example_dags/example_trigger_target_dag.py took 0.106 seconds
[2025-07-03T18:21:45.393+0000] {processor.py:161} INFO - Started process (PID=190) to work on /home/airflow/.local/lib/python3.8/site-packages/airflow/example_dags/example_trigger_target_dag.py
[2025-07-03T18:21:45.395+0000] {processor.py:830} INFO - Processing file /home/airflow/.local/lib/python3.8/site-packages/airflow/example_dags/example_trigger_target_dag.py for tasks to queue
[2025-07-03T18:21:45.397+0000] {logging_mixin.py:188} INFO - [2025-07-03T18:21:45.397+0000] {dagbag.py:538} INFO - Filling up the DagBag from /home/airflow/.local/lib/python3.8/site-packages/airflow/example_dags/example_trigger_target_dag.py
[2025-07-03T18:21:45.407+0000] {processor.py:840} INFO - DAG(s) 'example_trigger_target_dag' retrieved from /home/airflow/.local/lib/python3.8/site-packages/airflow/example_dags/example_trigger_target_dag.py
[2025-07-03T18:21:45.437+0000] {logging_mixin.py:188} INFO - [2025-07-03T18:21:45.436+0000] {dag.py:3036} INFO - Sync 1 DAGs
[2025-07-03T18:21:45.460+0000] {logging_mixin.py:188} INFO - [2025-07-03T18:21:45.460+0000] {dag.py:3823} INFO - Setting next_dagrun for example_trigger_target_dag to None, run_after=None
[2025-07-03T18:21:45.491+0000] {processor.py:183} INFO - Processing /home/airflow/.local/lib/python3.8/site-packages/airflow/example_dags/example_trigger_target_dag.py took 0.103 seconds
[2025-07-03T18:22:15.721+0000] {processor.py:161} INFO - Started process (PID=255) to work on /home/airflow/.local/lib/python3.8/site-packages/airflow/example_dags/example_trigger_target_dag.py
[2025-07-03T18:22:15.723+0000] {processor.py:830} INFO - Processing file /home/airflow/.local/lib/python3.8/site-packages/airflow/example_dags/example_trigger_target_dag.py for tasks to queue
[2025-07-03T18:22:15.725+0000] {logging_mixin.py:188} INFO - [2025-07-03T18:22:15.724+0000] {dagbag.py:538} INFO - Filling up the DagBag from /home/airflow/.local/lib/python3.8/site-packages/airflow/example_dags/example_trigger_target_dag.py
[2025-07-03T18:22:15.731+0000] {processor.py:840} INFO - DAG(s) 'example_trigger_target_dag' retrieved from /home/airflow/.local/lib/python3.8/site-packages/airflow/example_dags/example_trigger_target_dag.py
[2025-07-03T18:22:15.756+0000] {logging_mixin.py:188} INFO - [2025-07-03T18:22:15.756+0000] {dag.py:3036} INFO - Sync 1 DAGs
[2025-07-03T18:22:15.773+0000] {logging_mixin.py:188} INFO - [2025-07-03T18:22:15.773+0000] {dag.py:3823} INFO - Setting next_dagrun for example_trigger_target_dag to None, run_after=None
[2025-07-03T18:22:15.797+0000] {processor.py:183} INFO - Processing /home/airflow/.local/lib/python3.8/site-packages/airflow/example_dags/example_trigger_target_dag.py took 0.079 seconds
[2025-07-03T18:22:47.254+0000] {processor.py:161} INFO - Started process (PID=322) to work on /home/airflow/.local/lib/python3.8/site-packages/airflow/example_dags/example_trigger_target_dag.py
[2025-07-03T18:22:47.256+0000] {processor.py:830} INFO - Processing file /home/airflow/.local/lib/python3.8/site-packages/airflow/example_dags/example_trigger_target_dag.py for tasks to queue
[2025-07-03T18:22:47.258+0000] {logging_mixin.py:188} INFO - [2025-07-03T18:22:47.258+0000] {dagbag.py:538} INFO - Filling up the DagBag from /home/airflow/.local/lib/python3.8/site-packages/airflow/example_dags/example_trigger_target_dag.py
[2025-07-03T18:22:47.291+0000] {processor.py:840} INFO - DAG(s) 'example_trigger_target_dag' retrieved from /home/airflow/.local/lib/python3.8/site-packages/airflow/example_dags/example_trigger_target_dag.py
[2025-07-03T18:22:47.371+0000] {logging_mixin.py:188} INFO - [2025-07-03T18:22:47.370+0000] {dag.py:3036} INFO - Sync 1 DAGs
[2025-07-03T18:22:47.465+0000] {logging_mixin.py:188} INFO - [2025-07-03T18:22:47.464+0000] {dag.py:3823} INFO - Setting next_dagrun for example_trigger_target_dag to None, run_after=None
[2025-07-03T18:22:47.542+0000] {processor.py:183} INFO - Processing /home/airflow/.local/lib/python3.8/site-packages/airflow/example_dags/example_trigger_target_dag.py took 0.305 seconds
[2025-07-03T18:23:17.743+0000] {processor.py:161} INFO - Started process (PID=388) to work on /home/airflow/.local/lib/python3.8/site-packages/airflow/example_dags/example_trigger_target_dag.py
[2025-07-03T18:23:17.744+0000] {processor.py:830} INFO - Processing file /home/airflow/.local/lib/python3.8/site-packages/airflow/example_dags/example_trigger_target_dag.py for tasks to queue
[2025-07-03T18:23:17.746+0000] {logging_mixin.py:188} INFO - [2025-07-03T18:23:17.746+0000] {dagbag.py:538} INFO - Filling up the DagBag from /home/airflow/.local/lib/python3.8/site-packages/airflow/example_dags/example_trigger_target_dag.py
[2025-07-03T18:23:17.785+0000] {processor.py:840} INFO - DAG(s) 'example_trigger_target_dag' retrieved from /home/airflow/.local/lib/python3.8/site-packages/airflow/example_dags/example_trigger_target_dag.py
[2025-07-03T18:23:17.884+0000] {logging_mixin.py:188} INFO - [2025-07-03T18:23:17.884+0000] {dag.py:3036} INFO - Sync 1 DAGs
[2025-07-03T18:23:17.944+0000] {logging_mixin.py:188} INFO - [2025-07-03T18:23:17.944+0000] {dag.py:3823} INFO - Setting next_dagrun for example_trigger_target_dag to None, run_after=None
[2025-07-03T18:23:18.026+0000] {processor.py:183} INFO - Processing /home/airflow/.local/lib/python3.8/site-packages/airflow/example_dags/example_trigger_target_dag.py took 0.308 seconds
[2025-07-03T18:23:49.410+0000] {processor.py:161} INFO - Started process (PID=461) to work on /home/airflow/.local/lib/python3.8/site-packages/airflow/example_dags/example_trigger_target_dag.py
[2025-07-03T18:23:49.412+0000] {processor.py:830} INFO - Processing file /home/airflow/.local/lib/python3.8/site-packages/airflow/example_dags/example_trigger_target_dag.py for tasks to queue
[2025-07-03T18:23:49.414+0000] {logging_mixin.py:188} INFO - [2025-07-03T18:23:49.414+0000] {dagbag.py:538} INFO - Filling up the DagBag from /home/airflow/.local/lib/python3.8/site-packages/airflow/example_dags/example_trigger_target_dag.py
[2025-07-03T18:23:49.422+0000] {processor.py:840} INFO - DAG(s) 'example_trigger_target_dag' retrieved from /home/airflow/.local/lib/python3.8/site-packages/airflow/example_dags/example_trigger_target_dag.py
[2025-07-03T18:23:49.453+0000] {logging_mixin.py:188} INFO - [2025-07-03T18:23:49.452+0000] {dag.py:3036} INFO - Sync 1 DAGs
[2025-07-03T18:23:49.479+0000] {logging_mixin.py:188} INFO - [2025-07-03T18:23:49.479+0000] {dag.py:3823} INFO - Setting next_dagrun for example_trigger_target_dag to None, run_after=None
[2025-07-03T18:23:49.531+0000] {processor.py:183} INFO - Processing /home/airflow/.local/lib/python3.8/site-packages/airflow/example_dags/example_trigger_target_dag.py took 0.125 seconds
[2025-07-03T18:24:20.125+0000] {processor.py:161} INFO - Started process (PID=527) to work on /home/airflow/.local/lib/python3.8/site-packages/airflow/example_dags/example_trigger_target_dag.py
[2025-07-03T18:24:20.126+0000] {processor.py:830} INFO - Processing file /home/airflow/.local/lib/python3.8/site-packages/airflow/example_dags/example_trigger_target_dag.py for tasks to queue
[2025-07-03T18:24:20.128+0000] {logging_mixin.py:188} INFO - [2025-07-03T18:24:20.128+0000] {dagbag.py:538} INFO - Filling up the DagBag from /home/airflow/.local/lib/python3.8/site-packages/airflow/example_dags/example_trigger_target_dag.py
[2025-07-03T18:24:20.147+0000] {processor.py:840} INFO - DAG(s) 'example_trigger_target_dag' retrieved from /home/airflow/.local/lib/python3.8/site-packages/airflow/example_dags/example_trigger_target_dag.py
[2025-07-03T18:24:20.193+0000] {logging_mixin.py:188} INFO - [2025-07-03T18:24:20.193+0000] {dag.py:3036} INFO - Sync 1 DAGs
[2025-07-03T18:24:20.215+0000] {logging_mixin.py:188} INFO - [2025-07-03T18:24:20.215+0000] {dag.py:3823} INFO - Setting next_dagrun for example_trigger_target_dag to None, run_after=None
[2025-07-03T18:24:20.255+0000] {processor.py:183} INFO - Processing /home/airflow/.local/lib/python3.8/site-packages/airflow/example_dags/example_trigger_target_dag.py took 0.134 seconds
