[2025-07-03T17:35:38.602+0000] {processor.py:161} INFO - Started process (PID=233) to work on /home/airflow/.local/lib/python3.8/site-packages/airflow/example_dags/example_setup_teardown_taskflow.py
[2025-07-03T17:35:38.612+0000] {processor.py:830} INFO - Processing file /home/airflow/.local/lib/python3.8/site-packages/airflow/example_dags/example_setup_teardown_taskflow.py for tasks to queue
[2025-07-03T17:35:38.618+0000] {logging_mixin.py:188} INFO - [2025-07-03T17:35:38.618+0000] {dagbag.py:538} INFO - Filling up the DagBag from /home/airflow/.local/lib/python3.8/site-packages/airflow/example_dags/example_setup_teardown_taskflow.py
[2025-07-03T17:35:38.688+0000] {processor.py:840} INFO - DAG(s) 'example_setup_teardown_taskflow' retrieved from /home/airflow/.local/lib/python3.8/site-packages/airflow/example_dags/example_setup_teardown_taskflow.py
[2025-07-03T17:35:39.347+0000] {logging_mixin.py:188} INFO - [2025-07-03T17:35:39.347+0000] {dag.py:3036} INFO - Sync 1 DAGs
[2025-07-03T17:35:39.446+0000] {logging_mixin.py:188} INFO - [2025-07-03T17:35:39.445+0000] {dag.py:3823} INFO - Setting next_dagrun for example_setup_teardown_taskflow to 2025-07-02 00:00:00+00:00, run_after=2025-07-03 00:00:00+00:00
[2025-07-03T17:35:39.527+0000] {processor.py:183} INFO - Processing /home/airflow/.local/lib/python3.8/site-packages/airflow/example_dags/example_setup_teardown_taskflow.py took 0.933 seconds
[2025-07-03T17:36:12.194+0000] {processor.py:161} INFO - Started process (PID=297) to work on /home/airflow/.local/lib/python3.8/site-packages/airflow/example_dags/example_setup_teardown_taskflow.py
[2025-07-03T17:36:12.208+0000] {processor.py:830} INFO - Processing file /home/airflow/.local/lib/python3.8/site-packages/airflow/example_dags/example_setup_teardown_taskflow.py for tasks to queue
[2025-07-03T17:36:12.227+0000] {logging_mixin.py:188} INFO - [2025-07-03T17:36:12.227+0000] {dagbag.py:538} INFO - Filling up the DagBag from /home/airflow/.local/lib/python3.8/site-packages/airflow/example_dags/example_setup_teardown_taskflow.py
[2025-07-03T17:36:12.372+0000] {processor.py:840} INFO - DAG(s) 'example_setup_teardown_taskflow' retrieved from /home/airflow/.local/lib/python3.8/site-packages/airflow/example_dags/example_setup_teardown_taskflow.py
[2025-07-03T17:36:12.690+0000] {logging_mixin.py:188} INFO - [2025-07-03T17:36:12.689+0000] {dag.py:3036} INFO - Sync 1 DAGs
[2025-07-03T17:36:13.013+0000] {logging_mixin.py:188} INFO - [2025-07-03T17:36:13.013+0000] {dag.py:3823} INFO - Setting next_dagrun for example_setup_teardown_taskflow to 2025-07-02 00:00:00+00:00, run_after=2025-07-03 00:00:00+00:00
[2025-07-03T17:36:13.241+0000] {processor.py:183} INFO - Processing /home/airflow/.local/lib/python3.8/site-packages/airflow/example_dags/example_setup_teardown_taskflow.py took 1.084 seconds
[2025-07-03T17:36:44.045+0000] {processor.py:161} INFO - Started process (PID=355) to work on /home/airflow/.local/lib/python3.8/site-packages/airflow/example_dags/example_setup_teardown_taskflow.py
[2025-07-03T17:36:44.052+0000] {processor.py:830} INFO - Processing file /home/airflow/.local/lib/python3.8/site-packages/airflow/example_dags/example_setup_teardown_taskflow.py for tasks to queue
[2025-07-03T17:36:44.062+0000] {logging_mixin.py:188} INFO - [2025-07-03T17:36:44.061+0000] {dagbag.py:538} INFO - Filling up the DagBag from /home/airflow/.local/lib/python3.8/site-packages/airflow/example_dags/example_setup_teardown_taskflow.py
[2025-07-03T17:36:44.091+0000] {processor.py:840} INFO - DAG(s) 'example_setup_teardown_taskflow' retrieved from /home/airflow/.local/lib/python3.8/site-packages/airflow/example_dags/example_setup_teardown_taskflow.py
[2025-07-03T17:36:44.144+0000] {logging_mixin.py:188} INFO - [2025-07-03T17:36:44.144+0000] {dag.py:3036} INFO - Sync 1 DAGs
[2025-07-03T17:36:44.191+0000] {logging_mixin.py:188} INFO - [2025-07-03T17:36:44.190+0000] {dag.py:3823} INFO - Setting next_dagrun for example_setup_teardown_taskflow to 2025-07-02 00:00:00+00:00, run_after=2025-07-03 00:00:00+00:00
[2025-07-03T17:36:44.239+0000] {processor.py:183} INFO - Processing /home/airflow/.local/lib/python3.8/site-packages/airflow/example_dags/example_setup_teardown_taskflow.py took 0.207 seconds
[2025-07-03T17:37:15.012+0000] {processor.py:161} INFO - Started process (PID=419) to work on /home/airflow/.local/lib/python3.8/site-packages/airflow/example_dags/example_setup_teardown_taskflow.py
[2025-07-03T17:37:15.018+0000] {processor.py:830} INFO - Processing file /home/airflow/.local/lib/python3.8/site-packages/airflow/example_dags/example_setup_teardown_taskflow.py for tasks to queue
[2025-07-03T17:37:15.021+0000] {logging_mixin.py:188} INFO - [2025-07-03T17:37:15.020+0000] {dagbag.py:538} INFO - Filling up the DagBag from /home/airflow/.local/lib/python3.8/site-packages/airflow/example_dags/example_setup_teardown_taskflow.py
[2025-07-03T17:37:15.083+0000] {processor.py:840} INFO - DAG(s) 'example_setup_teardown_taskflow' retrieved from /home/airflow/.local/lib/python3.8/site-packages/airflow/example_dags/example_setup_teardown_taskflow.py
[2025-07-03T17:37:15.159+0000] {logging_mixin.py:188} INFO - [2025-07-03T17:37:15.159+0000] {dag.py:3036} INFO - Sync 1 DAGs
[2025-07-03T17:37:15.250+0000] {logging_mixin.py:188} INFO - [2025-07-03T17:37:15.250+0000] {dag.py:3823} INFO - Setting next_dagrun for example_setup_teardown_taskflow to 2025-07-02 00:00:00+00:00, run_after=2025-07-03 00:00:00+00:00
[2025-07-03T17:37:15.339+0000] {processor.py:183} INFO - Processing /home/airflow/.local/lib/python3.8/site-packages/airflow/example_dags/example_setup_teardown_taskflow.py took 0.342 seconds
[2025-07-03T17:37:47.154+0000] {processor.py:161} INFO - Started process (PID=475) to work on /home/airflow/.local/lib/python3.8/site-packages/airflow/example_dags/example_setup_teardown_taskflow.py
[2025-07-03T17:37:47.169+0000] {processor.py:830} INFO - Processing file /home/airflow/.local/lib/python3.8/site-packages/airflow/example_dags/example_setup_teardown_taskflow.py for tasks to queue
[2025-07-03T17:37:47.176+0000] {logging_mixin.py:188} INFO - [2025-07-03T17:37:47.175+0000] {dagbag.py:538} INFO - Filling up the DagBag from /home/airflow/.local/lib/python3.8/site-packages/airflow/example_dags/example_setup_teardown_taskflow.py
[2025-07-03T17:37:47.223+0000] {processor.py:840} INFO - DAG(s) 'example_setup_teardown_taskflow' retrieved from /home/airflow/.local/lib/python3.8/site-packages/airflow/example_dags/example_setup_teardown_taskflow.py
[2025-07-03T17:37:47.360+0000] {logging_mixin.py:188} INFO - [2025-07-03T17:37:47.360+0000] {dag.py:3036} INFO - Sync 1 DAGs
[2025-07-03T17:37:47.606+0000] {logging_mixin.py:188} INFO - [2025-07-03T17:37:47.604+0000] {dag.py:3823} INFO - Setting next_dagrun for example_setup_teardown_taskflow to 2025-07-02 00:00:00+00:00, run_after=2025-07-03 00:00:00+00:00
[2025-07-03T17:37:47.722+0000] {processor.py:183} INFO - Processing /home/airflow/.local/lib/python3.8/site-packages/airflow/example_dags/example_setup_teardown_taskflow.py took 0.574 seconds
[2025-07-03T17:38:18.141+0000] {processor.py:161} INFO - Started process (PID=538) to work on /home/airflow/.local/lib/python3.8/site-packages/airflow/example_dags/example_setup_teardown_taskflow.py
[2025-07-03T17:38:18.142+0000] {processor.py:830} INFO - Processing file /home/airflow/.local/lib/python3.8/site-packages/airflow/example_dags/example_setup_teardown_taskflow.py for tasks to queue
[2025-07-03T17:38:18.145+0000] {logging_mixin.py:188} INFO - [2025-07-03T17:38:18.144+0000] {dagbag.py:538} INFO - Filling up the DagBag from /home/airflow/.local/lib/python3.8/site-packages/airflow/example_dags/example_setup_teardown_taskflow.py
[2025-07-03T17:38:18.162+0000] {processor.py:840} INFO - DAG(s) 'example_setup_teardown_taskflow' retrieved from /home/airflow/.local/lib/python3.8/site-packages/airflow/example_dags/example_setup_teardown_taskflow.py
[2025-07-03T17:38:18.198+0000] {logging_mixin.py:188} INFO - [2025-07-03T17:38:18.198+0000] {dag.py:3036} INFO - Sync 1 DAGs
[2025-07-03T17:38:18.239+0000] {logging_mixin.py:188} INFO - [2025-07-03T17:38:18.239+0000] {dag.py:3823} INFO - Setting next_dagrun for example_setup_teardown_taskflow to 2025-07-02 00:00:00+00:00, run_after=2025-07-03 00:00:00+00:00
[2025-07-03T17:38:18.270+0000] {processor.py:183} INFO - Processing /home/airflow/.local/lib/python3.8/site-packages/airflow/example_dags/example_setup_teardown_taskflow.py took 0.133 seconds
[2025-07-03T17:38:48.870+0000] {processor.py:161} INFO - Started process (PID=602) to work on /home/airflow/.local/lib/python3.8/site-packages/airflow/example_dags/example_setup_teardown_taskflow.py
[2025-07-03T17:38:48.873+0000] {processor.py:830} INFO - Processing file /home/airflow/.local/lib/python3.8/site-packages/airflow/example_dags/example_setup_teardown_taskflow.py for tasks to queue
[2025-07-03T17:38:48.876+0000] {logging_mixin.py:188} INFO - [2025-07-03T17:38:48.875+0000] {dagbag.py:538} INFO - Filling up the DagBag from /home/airflow/.local/lib/python3.8/site-packages/airflow/example_dags/example_setup_teardown_taskflow.py
[2025-07-03T17:38:48.912+0000] {processor.py:840} INFO - DAG(s) 'example_setup_teardown_taskflow' retrieved from /home/airflow/.local/lib/python3.8/site-packages/airflow/example_dags/example_setup_teardown_taskflow.py
[2025-07-03T17:38:49.002+0000] {logging_mixin.py:188} INFO - [2025-07-03T17:38:49.001+0000] {dag.py:3036} INFO - Sync 1 DAGs
[2025-07-03T17:38:49.102+0000] {logging_mixin.py:188} INFO - [2025-07-03T17:38:49.101+0000] {dag.py:3823} INFO - Setting next_dagrun for example_setup_teardown_taskflow to 2025-07-02 00:00:00+00:00, run_after=2025-07-03 00:00:00+00:00
[2025-07-03T17:38:49.136+0000] {processor.py:183} INFO - Processing /home/airflow/.local/lib/python3.8/site-packages/airflow/example_dags/example_setup_teardown_taskflow.py took 0.279 seconds
[2025-07-03T17:39:19.847+0000] {processor.py:161} INFO - Started process (PID=667) to work on /home/airflow/.local/lib/python3.8/site-packages/airflow/example_dags/example_setup_teardown_taskflow.py
[2025-07-03T17:39:19.849+0000] {processor.py:830} INFO - Processing file /home/airflow/.local/lib/python3.8/site-packages/airflow/example_dags/example_setup_teardown_taskflow.py for tasks to queue
[2025-07-03T17:39:19.851+0000] {logging_mixin.py:188} INFO - [2025-07-03T17:39:19.851+0000] {dagbag.py:538} INFO - Filling up the DagBag from /home/airflow/.local/lib/python3.8/site-packages/airflow/example_dags/example_setup_teardown_taskflow.py
[2025-07-03T17:39:19.868+0000] {processor.py:840} INFO - DAG(s) 'example_setup_teardown_taskflow' retrieved from /home/airflow/.local/lib/python3.8/site-packages/airflow/example_dags/example_setup_teardown_taskflow.py
[2025-07-03T17:39:19.910+0000] {logging_mixin.py:188} INFO - [2025-07-03T17:39:19.909+0000] {dag.py:3036} INFO - Sync 1 DAGs
[2025-07-03T17:39:19.953+0000] {logging_mixin.py:188} INFO - [2025-07-03T17:39:19.952+0000] {dag.py:3823} INFO - Setting next_dagrun for example_setup_teardown_taskflow to 2025-07-02 00:00:00+00:00, run_after=2025-07-03 00:00:00+00:00
[2025-07-03T17:39:19.986+0000] {processor.py:183} INFO - Processing /home/airflow/.local/lib/python3.8/site-packages/airflow/example_dags/example_setup_teardown_taskflow.py took 0.144 seconds
[2025-07-03T17:39:50.066+0000] {processor.py:161} INFO - Started process (PID=725) to work on /home/airflow/.local/lib/python3.8/site-packages/airflow/example_dags/example_setup_teardown_taskflow.py
[2025-07-03T17:39:50.067+0000] {processor.py:830} INFO - Processing file /home/airflow/.local/lib/python3.8/site-packages/airflow/example_dags/example_setup_teardown_taskflow.py for tasks to queue
[2025-07-03T17:39:50.070+0000] {logging_mixin.py:188} INFO - [2025-07-03T17:39:50.069+0000] {dagbag.py:538} INFO - Filling up the DagBag from /home/airflow/.local/lib/python3.8/site-packages/airflow/example_dags/example_setup_teardown_taskflow.py
[2025-07-03T17:39:50.083+0000] {processor.py:840} INFO - DAG(s) 'example_setup_teardown_taskflow' retrieved from /home/airflow/.local/lib/python3.8/site-packages/airflow/example_dags/example_setup_teardown_taskflow.py
[2025-07-03T17:39:50.112+0000] {logging_mixin.py:188} INFO - [2025-07-03T17:39:50.111+0000] {dag.py:3036} INFO - Sync 1 DAGs
[2025-07-03T17:39:50.142+0000] {logging_mixin.py:188} INFO - [2025-07-03T17:39:50.142+0000] {dag.py:3823} INFO - Setting next_dagrun for example_setup_teardown_taskflow to 2025-07-02 00:00:00+00:00, run_after=2025-07-03 00:00:00+00:00
[2025-07-03T17:39:50.168+0000] {processor.py:183} INFO - Processing /home/airflow/.local/lib/python3.8/site-packages/airflow/example_dags/example_setup_teardown_taskflow.py took 0.106 seconds
[2025-07-03T17:40:20.472+0000] {processor.py:161} INFO - Started process (PID=791) to work on /home/airflow/.local/lib/python3.8/site-packages/airflow/example_dags/example_setup_teardown_taskflow.py
[2025-07-03T17:40:20.481+0000] {processor.py:830} INFO - Processing file /home/airflow/.local/lib/python3.8/site-packages/airflow/example_dags/example_setup_teardown_taskflow.py for tasks to queue
[2025-07-03T17:40:20.503+0000] {logging_mixin.py:188} INFO - [2025-07-03T17:40:20.496+0000] {dagbag.py:538} INFO - Filling up the DagBag from /home/airflow/.local/lib/python3.8/site-packages/airflow/example_dags/example_setup_teardown_taskflow.py
[2025-07-03T17:40:20.521+0000] {processor.py:840} INFO - DAG(s) 'example_setup_teardown_taskflow' retrieved from /home/airflow/.local/lib/python3.8/site-packages/airflow/example_dags/example_setup_teardown_taskflow.py
[2025-07-03T17:40:20.556+0000] {logging_mixin.py:188} INFO - [2025-07-03T17:40:20.555+0000] {dag.py:3036} INFO - Sync 1 DAGs
[2025-07-03T17:40:20.593+0000] {logging_mixin.py:188} INFO - [2025-07-03T17:40:20.593+0000] {dag.py:3823} INFO - Setting next_dagrun for example_setup_teardown_taskflow to 2025-07-02 00:00:00+00:00, run_after=2025-07-03 00:00:00+00:00
[2025-07-03T17:40:20.618+0000] {processor.py:183} INFO - Processing /home/airflow/.local/lib/python3.8/site-packages/airflow/example_dags/example_setup_teardown_taskflow.py took 0.152 seconds
[2025-07-03T17:40:51.035+0000] {processor.py:161} INFO - Started process (PID=856) to work on /home/airflow/.local/lib/python3.8/site-packages/airflow/example_dags/example_setup_teardown_taskflow.py
[2025-07-03T17:40:51.036+0000] {processor.py:830} INFO - Processing file /home/airflow/.local/lib/python3.8/site-packages/airflow/example_dags/example_setup_teardown_taskflow.py for tasks to queue
[2025-07-03T17:40:51.038+0000] {logging_mixin.py:188} INFO - [2025-07-03T17:40:51.038+0000] {dagbag.py:538} INFO - Filling up the DagBag from /home/airflow/.local/lib/python3.8/site-packages/airflow/example_dags/example_setup_teardown_taskflow.py
[2025-07-03T17:40:51.052+0000] {processor.py:840} INFO - DAG(s) 'example_setup_teardown_taskflow' retrieved from /home/airflow/.local/lib/python3.8/site-packages/airflow/example_dags/example_setup_teardown_taskflow.py
[2025-07-03T17:40:51.082+0000] {logging_mixin.py:188} INFO - [2025-07-03T17:40:51.082+0000] {dag.py:3036} INFO - Sync 1 DAGs
[2025-07-03T17:40:51.115+0000] {logging_mixin.py:188} INFO - [2025-07-03T17:40:51.114+0000] {dag.py:3823} INFO - Setting next_dagrun for example_setup_teardown_taskflow to 2025-07-02 00:00:00+00:00, run_after=2025-07-03 00:00:00+00:00
[2025-07-03T17:40:51.139+0000] {processor.py:183} INFO - Processing /home/airflow/.local/lib/python3.8/site-packages/airflow/example_dags/example_setup_teardown_taskflow.py took 0.108 seconds
[2025-07-03T17:41:21.600+0000] {processor.py:161} INFO - Started process (PID=920) to work on /home/airflow/.local/lib/python3.8/site-packages/airflow/example_dags/example_setup_teardown_taskflow.py
[2025-07-03T17:41:21.602+0000] {processor.py:830} INFO - Processing file /home/airflow/.local/lib/python3.8/site-packages/airflow/example_dags/example_setup_teardown_taskflow.py for tasks to queue
[2025-07-03T17:41:21.604+0000] {logging_mixin.py:188} INFO - [2025-07-03T17:41:21.604+0000] {dagbag.py:538} INFO - Filling up the DagBag from /home/airflow/.local/lib/python3.8/site-packages/airflow/example_dags/example_setup_teardown_taskflow.py
[2025-07-03T17:41:21.619+0000] {processor.py:840} INFO - DAG(s) 'example_setup_teardown_taskflow' retrieved from /home/airflow/.local/lib/python3.8/site-packages/airflow/example_dags/example_setup_teardown_taskflow.py
[2025-07-03T17:41:21.650+0000] {logging_mixin.py:188} INFO - [2025-07-03T17:41:21.650+0000] {dag.py:3036} INFO - Sync 1 DAGs
[2025-07-03T17:41:21.687+0000] {logging_mixin.py:188} INFO - [2025-07-03T17:41:21.687+0000] {dag.py:3823} INFO - Setting next_dagrun for example_setup_teardown_taskflow to 2025-07-02 00:00:00+00:00, run_after=2025-07-03 00:00:00+00:00
[2025-07-03T17:41:21.712+0000] {processor.py:183} INFO - Processing /home/airflow/.local/lib/python3.8/site-packages/airflow/example_dags/example_setup_teardown_taskflow.py took 0.115 seconds
[2025-07-03T17:41:52.302+0000] {processor.py:161} INFO - Started process (PID=986) to work on /home/airflow/.local/lib/python3.8/site-packages/airflow/example_dags/example_setup_teardown_taskflow.py
[2025-07-03T17:41:52.304+0000] {processor.py:830} INFO - Processing file /home/airflow/.local/lib/python3.8/site-packages/airflow/example_dags/example_setup_teardown_taskflow.py for tasks to queue
[2025-07-03T17:41:52.306+0000] {logging_mixin.py:188} INFO - [2025-07-03T17:41:52.306+0000] {dagbag.py:538} INFO - Filling up the DagBag from /home/airflow/.local/lib/python3.8/site-packages/airflow/example_dags/example_setup_teardown_taskflow.py
[2025-07-03T17:41:52.321+0000] {processor.py:840} INFO - DAG(s) 'example_setup_teardown_taskflow' retrieved from /home/airflow/.local/lib/python3.8/site-packages/airflow/example_dags/example_setup_teardown_taskflow.py
[2025-07-03T17:41:52.349+0000] {logging_mixin.py:188} INFO - [2025-07-03T17:41:52.349+0000] {dag.py:3036} INFO - Sync 1 DAGs
[2025-07-03T17:41:52.380+0000] {logging_mixin.py:188} INFO - [2025-07-03T17:41:52.379+0000] {dag.py:3823} INFO - Setting next_dagrun for example_setup_teardown_taskflow to 2025-07-02 00:00:00+00:00, run_after=2025-07-03 00:00:00+00:00
[2025-07-03T17:41:52.404+0000] {processor.py:183} INFO - Processing /home/airflow/.local/lib/python3.8/site-packages/airflow/example_dags/example_setup_teardown_taskflow.py took 0.106 seconds
[2025-07-03T17:42:22.486+0000] {processor.py:161} INFO - Started process (PID=1051) to work on /home/airflow/.local/lib/python3.8/site-packages/airflow/example_dags/example_setup_teardown_taskflow.py
[2025-07-03T17:42:22.487+0000] {processor.py:830} INFO - Processing file /home/airflow/.local/lib/python3.8/site-packages/airflow/example_dags/example_setup_teardown_taskflow.py for tasks to queue
[2025-07-03T17:42:22.489+0000] {logging_mixin.py:188} INFO - [2025-07-03T17:42:22.489+0000] {dagbag.py:538} INFO - Filling up the DagBag from /home/airflow/.local/lib/python3.8/site-packages/airflow/example_dags/example_setup_teardown_taskflow.py
[2025-07-03T17:42:22.509+0000] {processor.py:840} INFO - DAG(s) 'example_setup_teardown_taskflow' retrieved from /home/airflow/.local/lib/python3.8/site-packages/airflow/example_dags/example_setup_teardown_taskflow.py
[2025-07-03T17:42:22.572+0000] {logging_mixin.py:188} INFO - [2025-07-03T17:42:22.572+0000] {dag.py:3036} INFO - Sync 1 DAGs
[2025-07-03T17:42:22.613+0000] {logging_mixin.py:188} INFO - [2025-07-03T17:42:22.613+0000] {dag.py:3823} INFO - Setting next_dagrun for example_setup_teardown_taskflow to 2025-07-02 00:00:00+00:00, run_after=2025-07-03 00:00:00+00:00
[2025-07-03T17:42:22.643+0000] {processor.py:183} INFO - Processing /home/airflow/.local/lib/python3.8/site-packages/airflow/example_dags/example_setup_teardown_taskflow.py took 0.162 seconds
[2025-07-03T17:42:52.748+0000] {processor.py:161} INFO - Started process (PID=1116) to work on /home/airflow/.local/lib/python3.8/site-packages/airflow/example_dags/example_setup_teardown_taskflow.py
[2025-07-03T17:42:52.757+0000] {processor.py:830} INFO - Processing file /home/airflow/.local/lib/python3.8/site-packages/airflow/example_dags/example_setup_teardown_taskflow.py for tasks to queue
[2025-07-03T17:42:52.759+0000] {logging_mixin.py:188} INFO - [2025-07-03T17:42:52.759+0000] {dagbag.py:538} INFO - Filling up the DagBag from /home/airflow/.local/lib/python3.8/site-packages/airflow/example_dags/example_setup_teardown_taskflow.py
[2025-07-03T17:42:52.793+0000] {processor.py:840} INFO - DAG(s) 'example_setup_teardown_taskflow' retrieved from /home/airflow/.local/lib/python3.8/site-packages/airflow/example_dags/example_setup_teardown_taskflow.py
[2025-07-03T17:42:52.846+0000] {logging_mixin.py:188} INFO - [2025-07-03T17:42:52.846+0000] {dag.py:3036} INFO - Sync 1 DAGs
[2025-07-03T17:42:52.904+0000] {logging_mixin.py:188} INFO - [2025-07-03T17:42:52.903+0000] {dag.py:3823} INFO - Setting next_dagrun for example_setup_teardown_taskflow to 2025-07-02 00:00:00+00:00, run_after=2025-07-03 00:00:00+00:00
[2025-07-03T17:42:52.936+0000] {processor.py:183} INFO - Processing /home/airflow/.local/lib/python3.8/site-packages/airflow/example_dags/example_setup_teardown_taskflow.py took 0.201 seconds
[2025-07-03T17:43:23.597+0000] {processor.py:161} INFO - Started process (PID=1181) to work on /home/airflow/.local/lib/python3.8/site-packages/airflow/example_dags/example_setup_teardown_taskflow.py
[2025-07-03T17:43:23.598+0000] {processor.py:830} INFO - Processing file /home/airflow/.local/lib/python3.8/site-packages/airflow/example_dags/example_setup_teardown_taskflow.py for tasks to queue
[2025-07-03T17:43:23.602+0000] {logging_mixin.py:188} INFO - [2025-07-03T17:43:23.601+0000] {dagbag.py:538} INFO - Filling up the DagBag from /home/airflow/.local/lib/python3.8/site-packages/airflow/example_dags/example_setup_teardown_taskflow.py
[2025-07-03T17:43:23.619+0000] {processor.py:840} INFO - DAG(s) 'example_setup_teardown_taskflow' retrieved from /home/airflow/.local/lib/python3.8/site-packages/airflow/example_dags/example_setup_teardown_taskflow.py
[2025-07-03T17:43:23.655+0000] {logging_mixin.py:188} INFO - [2025-07-03T17:43:23.655+0000] {dag.py:3036} INFO - Sync 1 DAGs
[2025-07-03T17:43:23.687+0000] {logging_mixin.py:188} INFO - [2025-07-03T17:43:23.686+0000] {dag.py:3823} INFO - Setting next_dagrun for example_setup_teardown_taskflow to 2025-07-02 00:00:00+00:00, run_after=2025-07-03 00:00:00+00:00
[2025-07-03T17:43:23.712+0000] {processor.py:183} INFO - Processing /home/airflow/.local/lib/python3.8/site-packages/airflow/example_dags/example_setup_teardown_taskflow.py took 0.120 seconds
[2025-07-03T17:43:54.470+0000] {processor.py:161} INFO - Started process (PID=1247) to work on /home/airflow/.local/lib/python3.8/site-packages/airflow/example_dags/example_setup_teardown_taskflow.py
[2025-07-03T17:43:54.472+0000] {processor.py:830} INFO - Processing file /home/airflow/.local/lib/python3.8/site-packages/airflow/example_dags/example_setup_teardown_taskflow.py for tasks to queue
[2025-07-03T17:43:54.475+0000] {logging_mixin.py:188} INFO - [2025-07-03T17:43:54.474+0000] {dagbag.py:538} INFO - Filling up the DagBag from /home/airflow/.local/lib/python3.8/site-packages/airflow/example_dags/example_setup_teardown_taskflow.py
[2025-07-03T17:43:54.492+0000] {processor.py:840} INFO - DAG(s) 'example_setup_teardown_taskflow' retrieved from /home/airflow/.local/lib/python3.8/site-packages/airflow/example_dags/example_setup_teardown_taskflow.py
[2025-07-03T17:43:54.520+0000] {logging_mixin.py:188} INFO - [2025-07-03T17:43:54.520+0000] {dag.py:3036} INFO - Sync 1 DAGs
[2025-07-03T17:43:54.551+0000] {logging_mixin.py:188} INFO - [2025-07-03T17:43:54.551+0000] {dag.py:3823} INFO - Setting next_dagrun for example_setup_teardown_taskflow to 2025-07-02 00:00:00+00:00, run_after=2025-07-03 00:00:00+00:00
[2025-07-03T17:43:54.576+0000] {processor.py:183} INFO - Processing /home/airflow/.local/lib/python3.8/site-packages/airflow/example_dags/example_setup_teardown_taskflow.py took 0.111 seconds
[2025-07-03T17:44:25.291+0000] {processor.py:161} INFO - Started process (PID=1319) to work on /home/airflow/.local/lib/python3.8/site-packages/airflow/example_dags/example_setup_teardown_taskflow.py
[2025-07-03T17:44:25.305+0000] {processor.py:830} INFO - Processing file /home/airflow/.local/lib/python3.8/site-packages/airflow/example_dags/example_setup_teardown_taskflow.py for tasks to queue
[2025-07-03T17:44:25.310+0000] {logging_mixin.py:188} INFO - [2025-07-03T17:44:25.308+0000] {dagbag.py:538} INFO - Filling up the DagBag from /home/airflow/.local/lib/python3.8/site-packages/airflow/example_dags/example_setup_teardown_taskflow.py
[2025-07-03T17:44:25.380+0000] {processor.py:840} INFO - DAG(s) 'example_setup_teardown_taskflow' retrieved from /home/airflow/.local/lib/python3.8/site-packages/airflow/example_dags/example_setup_teardown_taskflow.py
[2025-07-03T17:44:25.462+0000] {logging_mixin.py:188} INFO - [2025-07-03T17:44:25.461+0000] {dag.py:3036} INFO - Sync 1 DAGs
[2025-07-03T17:44:25.565+0000] {logging_mixin.py:188} INFO - [2025-07-03T17:44:25.564+0000] {dag.py:3823} INFO - Setting next_dagrun for example_setup_teardown_taskflow to 2025-07-02 00:00:00+00:00, run_after=2025-07-03 00:00:00+00:00
[2025-07-03T17:44:25.643+0000] {processor.py:183} INFO - Processing /home/airflow/.local/lib/python3.8/site-packages/airflow/example_dags/example_setup_teardown_taskflow.py took 0.361 seconds
[2025-07-03T17:44:55.705+0000] {processor.py:161} INFO - Started process (PID=1377) to work on /home/airflow/.local/lib/python3.8/site-packages/airflow/example_dags/example_setup_teardown_taskflow.py
[2025-07-03T17:44:55.706+0000] {processor.py:830} INFO - Processing file /home/airflow/.local/lib/python3.8/site-packages/airflow/example_dags/example_setup_teardown_taskflow.py for tasks to queue
[2025-07-03T17:44:55.709+0000] {logging_mixin.py:188} INFO - [2025-07-03T17:44:55.709+0000] {dagbag.py:538} INFO - Filling up the DagBag from /home/airflow/.local/lib/python3.8/site-packages/airflow/example_dags/example_setup_teardown_taskflow.py
[2025-07-03T17:44:55.724+0000] {processor.py:840} INFO - DAG(s) 'example_setup_teardown_taskflow' retrieved from /home/airflow/.local/lib/python3.8/site-packages/airflow/example_dags/example_setup_teardown_taskflow.py
[2025-07-03T17:44:55.763+0000] {logging_mixin.py:188} INFO - [2025-07-03T17:44:55.763+0000] {dag.py:3036} INFO - Sync 1 DAGs
[2025-07-03T17:44:55.804+0000] {logging_mixin.py:188} INFO - [2025-07-03T17:44:55.803+0000] {dag.py:3823} INFO - Setting next_dagrun for example_setup_teardown_taskflow to 2025-07-02 00:00:00+00:00, run_after=2025-07-03 00:00:00+00:00
[2025-07-03T17:44:55.836+0000] {processor.py:183} INFO - Processing /home/airflow/.local/lib/python3.8/site-packages/airflow/example_dags/example_setup_teardown_taskflow.py took 0.135 seconds
[2025-07-03T17:45:26.270+0000] {processor.py:161} INFO - Started process (PID=1442) to work on /home/airflow/.local/lib/python3.8/site-packages/airflow/example_dags/example_setup_teardown_taskflow.py
[2025-07-03T17:45:26.272+0000] {processor.py:830} INFO - Processing file /home/airflow/.local/lib/python3.8/site-packages/airflow/example_dags/example_setup_teardown_taskflow.py for tasks to queue
[2025-07-03T17:45:26.274+0000] {logging_mixin.py:188} INFO - [2025-07-03T17:45:26.274+0000] {dagbag.py:538} INFO - Filling up the DagBag from /home/airflow/.local/lib/python3.8/site-packages/airflow/example_dags/example_setup_teardown_taskflow.py
[2025-07-03T17:45:26.291+0000] {processor.py:840} INFO - DAG(s) 'example_setup_teardown_taskflow' retrieved from /home/airflow/.local/lib/python3.8/site-packages/airflow/example_dags/example_setup_teardown_taskflow.py
[2025-07-03T17:45:26.320+0000] {logging_mixin.py:188} INFO - [2025-07-03T17:45:26.319+0000] {dag.py:3036} INFO - Sync 1 DAGs
[2025-07-03T17:45:26.357+0000] {logging_mixin.py:188} INFO - [2025-07-03T17:45:26.357+0000] {dag.py:3823} INFO - Setting next_dagrun for example_setup_teardown_taskflow to 2025-07-02 00:00:00+00:00, run_after=2025-07-03 00:00:00+00:00
[2025-07-03T17:45:26.382+0000] {processor.py:183} INFO - Processing /home/airflow/.local/lib/python3.8/site-packages/airflow/example_dags/example_setup_teardown_taskflow.py took 0.117 seconds
[2025-07-03T17:45:57.335+0000] {processor.py:161} INFO - Started process (PID=1507) to work on /home/airflow/.local/lib/python3.8/site-packages/airflow/example_dags/example_setup_teardown_taskflow.py
[2025-07-03T17:45:57.336+0000] {processor.py:830} INFO - Processing file /home/airflow/.local/lib/python3.8/site-packages/airflow/example_dags/example_setup_teardown_taskflow.py for tasks to queue
[2025-07-03T17:45:57.338+0000] {logging_mixin.py:188} INFO - [2025-07-03T17:45:57.338+0000] {dagbag.py:538} INFO - Filling up the DagBag from /home/airflow/.local/lib/python3.8/site-packages/airflow/example_dags/example_setup_teardown_taskflow.py
[2025-07-03T17:45:57.352+0000] {processor.py:840} INFO - DAG(s) 'example_setup_teardown_taskflow' retrieved from /home/airflow/.local/lib/python3.8/site-packages/airflow/example_dags/example_setup_teardown_taskflow.py
[2025-07-03T17:45:57.381+0000] {logging_mixin.py:188} INFO - [2025-07-03T17:45:57.380+0000] {dag.py:3036} INFO - Sync 1 DAGs
[2025-07-03T17:45:57.412+0000] {logging_mixin.py:188} INFO - [2025-07-03T17:45:57.412+0000] {dag.py:3823} INFO - Setting next_dagrun for example_setup_teardown_taskflow to 2025-07-02 00:00:00+00:00, run_after=2025-07-03 00:00:00+00:00
[2025-07-03T17:45:57.438+0000] {processor.py:183} INFO - Processing /home/airflow/.local/lib/python3.8/site-packages/airflow/example_dags/example_setup_teardown_taskflow.py took 0.106 seconds
[2025-07-03T17:46:27.616+0000] {processor.py:161} INFO - Started process (PID=1572) to work on /home/airflow/.local/lib/python3.8/site-packages/airflow/example_dags/example_setup_teardown_taskflow.py
[2025-07-03T17:46:27.619+0000] {processor.py:830} INFO - Processing file /home/airflow/.local/lib/python3.8/site-packages/airflow/example_dags/example_setup_teardown_taskflow.py for tasks to queue
[2025-07-03T17:46:27.622+0000] {logging_mixin.py:188} INFO - [2025-07-03T17:46:27.621+0000] {dagbag.py:538} INFO - Filling up the DagBag from /home/airflow/.local/lib/python3.8/site-packages/airflow/example_dags/example_setup_teardown_taskflow.py
[2025-07-03T17:46:27.638+0000] {processor.py:840} INFO - DAG(s) 'example_setup_teardown_taskflow' retrieved from /home/airflow/.local/lib/python3.8/site-packages/airflow/example_dags/example_setup_teardown_taskflow.py
[2025-07-03T17:46:27.666+0000] {logging_mixin.py:188} INFO - [2025-07-03T17:46:27.666+0000] {dag.py:3036} INFO - Sync 1 DAGs
[2025-07-03T17:46:27.696+0000] {logging_mixin.py:188} INFO - [2025-07-03T17:46:27.696+0000] {dag.py:3823} INFO - Setting next_dagrun for example_setup_teardown_taskflow to 2025-07-02 00:00:00+00:00, run_after=2025-07-03 00:00:00+00:00
[2025-07-03T17:46:27.720+0000] {processor.py:183} INFO - Processing /home/airflow/.local/lib/python3.8/site-packages/airflow/example_dags/example_setup_teardown_taskflow.py took 0.109 seconds
[2025-07-03T17:46:58.040+0000] {processor.py:161} INFO - Started process (PID=1636) to work on /home/airflow/.local/lib/python3.8/site-packages/airflow/example_dags/example_setup_teardown_taskflow.py
[2025-07-03T17:46:58.042+0000] {processor.py:830} INFO - Processing file /home/airflow/.local/lib/python3.8/site-packages/airflow/example_dags/example_setup_teardown_taskflow.py for tasks to queue
[2025-07-03T17:46:58.045+0000] {logging_mixin.py:188} INFO - [2025-07-03T17:46:58.044+0000] {dagbag.py:538} INFO - Filling up the DagBag from /home/airflow/.local/lib/python3.8/site-packages/airflow/example_dags/example_setup_teardown_taskflow.py
[2025-07-03T17:46:58.060+0000] {processor.py:840} INFO - DAG(s) 'example_setup_teardown_taskflow' retrieved from /home/airflow/.local/lib/python3.8/site-packages/airflow/example_dags/example_setup_teardown_taskflow.py
[2025-07-03T17:46:58.089+0000] {logging_mixin.py:188} INFO - [2025-07-03T17:46:58.088+0000] {dag.py:3036} INFO - Sync 1 DAGs
[2025-07-03T17:46:58.119+0000] {logging_mixin.py:188} INFO - [2025-07-03T17:46:58.119+0000] {dag.py:3823} INFO - Setting next_dagrun for example_setup_teardown_taskflow to 2025-07-02 00:00:00+00:00, run_after=2025-07-03 00:00:00+00:00
[2025-07-03T17:46:58.145+0000] {processor.py:183} INFO - Processing /home/airflow/.local/lib/python3.8/site-packages/airflow/example_dags/example_setup_teardown_taskflow.py took 0.110 seconds
[2025-07-03T17:47:28.461+0000] {processor.py:161} INFO - Started process (PID=1701) to work on /home/airflow/.local/lib/python3.8/site-packages/airflow/example_dags/example_setup_teardown_taskflow.py
[2025-07-03T17:47:28.463+0000] {processor.py:830} INFO - Processing file /home/airflow/.local/lib/python3.8/site-packages/airflow/example_dags/example_setup_teardown_taskflow.py for tasks to queue
[2025-07-03T17:47:28.466+0000] {logging_mixin.py:188} INFO - [2025-07-03T17:47:28.465+0000] {dagbag.py:538} INFO - Filling up the DagBag from /home/airflow/.local/lib/python3.8/site-packages/airflow/example_dags/example_setup_teardown_taskflow.py
[2025-07-03T17:47:28.480+0000] {processor.py:840} INFO - DAG(s) 'example_setup_teardown_taskflow' retrieved from /home/airflow/.local/lib/python3.8/site-packages/airflow/example_dags/example_setup_teardown_taskflow.py
[2025-07-03T17:47:28.507+0000] {logging_mixin.py:188} INFO - [2025-07-03T17:47:28.507+0000] {dag.py:3036} INFO - Sync 1 DAGs
[2025-07-03T17:47:28.536+0000] {logging_mixin.py:188} INFO - [2025-07-03T17:47:28.536+0000] {dag.py:3823} INFO - Setting next_dagrun for example_setup_teardown_taskflow to 2025-07-02 00:00:00+00:00, run_after=2025-07-03 00:00:00+00:00
[2025-07-03T17:47:28.563+0000] {processor.py:183} INFO - Processing /home/airflow/.local/lib/python3.8/site-packages/airflow/example_dags/example_setup_teardown_taskflow.py took 0.107 seconds
[2025-07-03T17:47:58.963+0000] {processor.py:161} INFO - Started process (PID=1766) to work on /home/airflow/.local/lib/python3.8/site-packages/airflow/example_dags/example_setup_teardown_taskflow.py
[2025-07-03T17:47:58.964+0000] {processor.py:830} INFO - Processing file /home/airflow/.local/lib/python3.8/site-packages/airflow/example_dags/example_setup_teardown_taskflow.py for tasks to queue
[2025-07-03T17:47:58.967+0000] {logging_mixin.py:188} INFO - [2025-07-03T17:47:58.966+0000] {dagbag.py:538} INFO - Filling up the DagBag from /home/airflow/.local/lib/python3.8/site-packages/airflow/example_dags/example_setup_teardown_taskflow.py
[2025-07-03T17:47:58.993+0000] {processor.py:840} INFO - DAG(s) 'example_setup_teardown_taskflow' retrieved from /home/airflow/.local/lib/python3.8/site-packages/airflow/example_dags/example_setup_teardown_taskflow.py
[2025-07-03T17:47:59.030+0000] {logging_mixin.py:188} INFO - [2025-07-03T17:47:59.029+0000] {dag.py:3036} INFO - Sync 1 DAGs
[2025-07-03T17:47:59.073+0000] {logging_mixin.py:188} INFO - [2025-07-03T17:47:59.073+0000] {dag.py:3823} INFO - Setting next_dagrun for example_setup_teardown_taskflow to 2025-07-02 00:00:00+00:00, run_after=2025-07-03 00:00:00+00:00
[2025-07-03T17:47:59.113+0000] {processor.py:183} INFO - Processing /home/airflow/.local/lib/python3.8/site-packages/airflow/example_dags/example_setup_teardown_taskflow.py took 0.158 seconds
[2025-07-03T17:48:29.325+0000] {processor.py:161} INFO - Started process (PID=1831) to work on /home/airflow/.local/lib/python3.8/site-packages/airflow/example_dags/example_setup_teardown_taskflow.py
[2025-07-03T17:48:29.331+0000] {processor.py:830} INFO - Processing file /home/airflow/.local/lib/python3.8/site-packages/airflow/example_dags/example_setup_teardown_taskflow.py for tasks to queue
[2025-07-03T17:48:29.335+0000] {logging_mixin.py:188} INFO - [2025-07-03T17:48:29.335+0000] {dagbag.py:538} INFO - Filling up the DagBag from /home/airflow/.local/lib/python3.8/site-packages/airflow/example_dags/example_setup_teardown_taskflow.py
[2025-07-03T17:48:29.378+0000] {processor.py:840} INFO - DAG(s) 'example_setup_teardown_taskflow' retrieved from /home/airflow/.local/lib/python3.8/site-packages/airflow/example_dags/example_setup_teardown_taskflow.py
[2025-07-03T17:48:29.424+0000] {logging_mixin.py:188} INFO - [2025-07-03T17:48:29.424+0000] {dag.py:3036} INFO - Sync 1 DAGs
[2025-07-03T17:48:29.469+0000] {logging_mixin.py:188} INFO - [2025-07-03T17:48:29.469+0000] {dag.py:3823} INFO - Setting next_dagrun for example_setup_teardown_taskflow to 2025-07-02 00:00:00+00:00, run_after=2025-07-03 00:00:00+00:00
[2025-07-03T17:48:29.507+0000] {processor.py:183} INFO - Processing /home/airflow/.local/lib/python3.8/site-packages/airflow/example_dags/example_setup_teardown_taskflow.py took 0.196 seconds
[2025-07-03T17:48:59.739+0000] {processor.py:161} INFO - Started process (PID=1897) to work on /home/airflow/.local/lib/python3.8/site-packages/airflow/example_dags/example_setup_teardown_taskflow.py
[2025-07-03T17:48:59.741+0000] {processor.py:830} INFO - Processing file /home/airflow/.local/lib/python3.8/site-packages/airflow/example_dags/example_setup_teardown_taskflow.py for tasks to queue
[2025-07-03T17:48:59.747+0000] {logging_mixin.py:188} INFO - [2025-07-03T17:48:59.747+0000] {dagbag.py:538} INFO - Filling up the DagBag from /home/airflow/.local/lib/python3.8/site-packages/airflow/example_dags/example_setup_teardown_taskflow.py
[2025-07-03T17:48:59.764+0000] {processor.py:840} INFO - DAG(s) 'example_setup_teardown_taskflow' retrieved from /home/airflow/.local/lib/python3.8/site-packages/airflow/example_dags/example_setup_teardown_taskflow.py
[2025-07-03T17:48:59.805+0000] {logging_mixin.py:188} INFO - [2025-07-03T17:48:59.804+0000] {dag.py:3036} INFO - Sync 1 DAGs
[2025-07-03T17:48:59.848+0000] {logging_mixin.py:188} INFO - [2025-07-03T17:48:59.848+0000] {dag.py:3823} INFO - Setting next_dagrun for example_setup_teardown_taskflow to 2025-07-02 00:00:00+00:00, run_after=2025-07-03 00:00:00+00:00
[2025-07-03T17:48:59.894+0000] {processor.py:183} INFO - Processing /home/airflow/.local/lib/python3.8/site-packages/airflow/example_dags/example_setup_teardown_taskflow.py took 0.159 seconds
[2025-07-03T17:49:30.816+0000] {processor.py:161} INFO - Started process (PID=1962) to work on /home/airflow/.local/lib/python3.8/site-packages/airflow/example_dags/example_setup_teardown_taskflow.py
[2025-07-03T17:49:30.818+0000] {processor.py:830} INFO - Processing file /home/airflow/.local/lib/python3.8/site-packages/airflow/example_dags/example_setup_teardown_taskflow.py for tasks to queue
[2025-07-03T17:49:30.821+0000] {logging_mixin.py:188} INFO - [2025-07-03T17:49:30.820+0000] {dagbag.py:538} INFO - Filling up the DagBag from /home/airflow/.local/lib/python3.8/site-packages/airflow/example_dags/example_setup_teardown_taskflow.py
[2025-07-03T17:49:30.842+0000] {processor.py:840} INFO - DAG(s) 'example_setup_teardown_taskflow' retrieved from /home/airflow/.local/lib/python3.8/site-packages/airflow/example_dags/example_setup_teardown_taskflow.py
[2025-07-03T17:49:30.872+0000] {logging_mixin.py:188} INFO - [2025-07-03T17:49:30.871+0000] {dag.py:3036} INFO - Sync 1 DAGs
[2025-07-03T17:49:30.904+0000] {logging_mixin.py:188} INFO - [2025-07-03T17:49:30.904+0000] {dag.py:3823} INFO - Setting next_dagrun for example_setup_teardown_taskflow to 2025-07-02 00:00:00+00:00, run_after=2025-07-03 00:00:00+00:00
[2025-07-03T17:49:30.933+0000] {processor.py:183} INFO - Processing /home/airflow/.local/lib/python3.8/site-packages/airflow/example_dags/example_setup_teardown_taskflow.py took 0.122 seconds
[2025-07-03T17:50:01.116+0000] {processor.py:161} INFO - Started process (PID=2028) to work on /home/airflow/.local/lib/python3.8/site-packages/airflow/example_dags/example_setup_teardown_taskflow.py
[2025-07-03T17:50:01.117+0000] {processor.py:830} INFO - Processing file /home/airflow/.local/lib/python3.8/site-packages/airflow/example_dags/example_setup_teardown_taskflow.py for tasks to queue
[2025-07-03T17:50:01.120+0000] {logging_mixin.py:188} INFO - [2025-07-03T17:50:01.120+0000] {dagbag.py:538} INFO - Filling up the DagBag from /home/airflow/.local/lib/python3.8/site-packages/airflow/example_dags/example_setup_teardown_taskflow.py
[2025-07-03T17:50:01.135+0000] {processor.py:840} INFO - DAG(s) 'example_setup_teardown_taskflow' retrieved from /home/airflow/.local/lib/python3.8/site-packages/airflow/example_dags/example_setup_teardown_taskflow.py
[2025-07-03T17:50:01.163+0000] {logging_mixin.py:188} INFO - [2025-07-03T17:50:01.163+0000] {dag.py:3036} INFO - Sync 1 DAGs
[2025-07-03T17:50:01.194+0000] {logging_mixin.py:188} INFO - [2025-07-03T17:50:01.194+0000] {dag.py:3823} INFO - Setting next_dagrun for example_setup_teardown_taskflow to 2025-07-02 00:00:00+00:00, run_after=2025-07-03 00:00:00+00:00
[2025-07-03T17:50:01.221+0000] {processor.py:183} INFO - Processing /home/airflow/.local/lib/python3.8/site-packages/airflow/example_dags/example_setup_teardown_taskflow.py took 0.111 seconds
[2025-07-03T17:50:31.596+0000] {processor.py:161} INFO - Started process (PID=2101) to work on /home/airflow/.local/lib/python3.8/site-packages/airflow/example_dags/example_setup_teardown_taskflow.py
[2025-07-03T17:50:31.607+0000] {processor.py:830} INFO - Processing file /home/airflow/.local/lib/python3.8/site-packages/airflow/example_dags/example_setup_teardown_taskflow.py for tasks to queue
[2025-07-03T17:50:31.611+0000] {logging_mixin.py:188} INFO - [2025-07-03T17:50:31.610+0000] {dagbag.py:538} INFO - Filling up the DagBag from /home/airflow/.local/lib/python3.8/site-packages/airflow/example_dags/example_setup_teardown_taskflow.py
[2025-07-03T17:50:31.653+0000] {processor.py:840} INFO - DAG(s) 'example_setup_teardown_taskflow' retrieved from /home/airflow/.local/lib/python3.8/site-packages/airflow/example_dags/example_setup_teardown_taskflow.py
[2025-07-03T17:50:31.706+0000] {logging_mixin.py:188} INFO - [2025-07-03T17:50:31.706+0000] {dag.py:3036} INFO - Sync 1 DAGs
[2025-07-03T17:50:31.791+0000] {logging_mixin.py:188} INFO - [2025-07-03T17:50:31.790+0000] {dag.py:3823} INFO - Setting next_dagrun for example_setup_teardown_taskflow to 2025-07-02 00:00:00+00:00, run_after=2025-07-03 00:00:00+00:00
[2025-07-03T17:50:31.867+0000] {processor.py:183} INFO - Processing /home/airflow/.local/lib/python3.8/site-packages/airflow/example_dags/example_setup_teardown_taskflow.py took 0.277 seconds
[2025-07-03T17:51:02.173+0000] {processor.py:161} INFO - Started process (PID=2166) to work on /home/airflow/.local/lib/python3.8/site-packages/airflow/example_dags/example_setup_teardown_taskflow.py
[2025-07-03T17:51:02.174+0000] {processor.py:830} INFO - Processing file /home/airflow/.local/lib/python3.8/site-packages/airflow/example_dags/example_setup_teardown_taskflow.py for tasks to queue
[2025-07-03T17:51:02.177+0000] {logging_mixin.py:188} INFO - [2025-07-03T17:51:02.176+0000] {dagbag.py:538} INFO - Filling up the DagBag from /home/airflow/.local/lib/python3.8/site-packages/airflow/example_dags/example_setup_teardown_taskflow.py
[2025-07-03T17:51:02.193+0000] {processor.py:840} INFO - DAG(s) 'example_setup_teardown_taskflow' retrieved from /home/airflow/.local/lib/python3.8/site-packages/airflow/example_dags/example_setup_teardown_taskflow.py
[2025-07-03T17:51:02.229+0000] {logging_mixin.py:188} INFO - [2025-07-03T17:51:02.228+0000] {dag.py:3036} INFO - Sync 1 DAGs
[2025-07-03T17:51:02.269+0000] {logging_mixin.py:188} INFO - [2025-07-03T17:51:02.269+0000] {dag.py:3823} INFO - Setting next_dagrun for example_setup_teardown_taskflow to 2025-07-02 00:00:00+00:00, run_after=2025-07-03 00:00:00+00:00
[2025-07-03T17:51:02.300+0000] {processor.py:183} INFO - Processing /home/airflow/.local/lib/python3.8/site-packages/airflow/example_dags/example_setup_teardown_taskflow.py took 0.137 seconds
[2025-07-03T17:51:32.891+0000] {processor.py:161} INFO - Started process (PID=2229) to work on /home/airflow/.local/lib/python3.8/site-packages/airflow/example_dags/example_setup_teardown_taskflow.py
[2025-07-03T17:51:32.901+0000] {processor.py:830} INFO - Processing file /home/airflow/.local/lib/python3.8/site-packages/airflow/example_dags/example_setup_teardown_taskflow.py for tasks to queue
[2025-07-03T17:51:32.904+0000] {logging_mixin.py:188} INFO - [2025-07-03T17:51:32.904+0000] {dagbag.py:538} INFO - Filling up the DagBag from /home/airflow/.local/lib/python3.8/site-packages/airflow/example_dags/example_setup_teardown_taskflow.py
[2025-07-03T17:51:32.942+0000] {processor.py:840} INFO - DAG(s) 'example_setup_teardown_taskflow' retrieved from /home/airflow/.local/lib/python3.8/site-packages/airflow/example_dags/example_setup_teardown_taskflow.py
[2025-07-03T17:51:33.034+0000] {logging_mixin.py:188} INFO - [2025-07-03T17:51:33.033+0000] {dag.py:3036} INFO - Sync 1 DAGs
[2025-07-03T17:51:33.117+0000] {logging_mixin.py:188} INFO - [2025-07-03T17:51:33.117+0000] {dag.py:3823} INFO - Setting next_dagrun for example_setup_teardown_taskflow to 2025-07-02 00:00:00+00:00, run_after=2025-07-03 00:00:00+00:00
[2025-07-03T17:51:33.181+0000] {processor.py:183} INFO - Processing /home/airflow/.local/lib/python3.8/site-packages/airflow/example_dags/example_setup_teardown_taskflow.py took 0.303 seconds
[2025-07-03T17:52:03.395+0000] {processor.py:161} INFO - Started process (PID=2294) to work on /home/airflow/.local/lib/python3.8/site-packages/airflow/example_dags/example_setup_teardown_taskflow.py
[2025-07-03T17:52:03.396+0000] {processor.py:830} INFO - Processing file /home/airflow/.local/lib/python3.8/site-packages/airflow/example_dags/example_setup_teardown_taskflow.py for tasks to queue
[2025-07-03T17:52:03.398+0000] {logging_mixin.py:188} INFO - [2025-07-03T17:52:03.398+0000] {dagbag.py:538} INFO - Filling up the DagBag from /home/airflow/.local/lib/python3.8/site-packages/airflow/example_dags/example_setup_teardown_taskflow.py
[2025-07-03T17:52:03.414+0000] {processor.py:840} INFO - DAG(s) 'example_setup_teardown_taskflow' retrieved from /home/airflow/.local/lib/python3.8/site-packages/airflow/example_dags/example_setup_teardown_taskflow.py
[2025-07-03T17:52:03.459+0000] {logging_mixin.py:188} INFO - [2025-07-03T17:52:03.459+0000] {dag.py:3036} INFO - Sync 1 DAGs
[2025-07-03T17:52:03.502+0000] {logging_mixin.py:188} INFO - [2025-07-03T17:52:03.502+0000] {dag.py:3823} INFO - Setting next_dagrun for example_setup_teardown_taskflow to 2025-07-02 00:00:00+00:00, run_after=2025-07-03 00:00:00+00:00
[2025-07-03T17:52:03.534+0000] {processor.py:183} INFO - Processing /home/airflow/.local/lib/python3.8/site-packages/airflow/example_dags/example_setup_teardown_taskflow.py took 0.144 seconds
[2025-07-03T17:52:33.804+0000] {processor.py:161} INFO - Started process (PID=2360) to work on /home/airflow/.local/lib/python3.8/site-packages/airflow/example_dags/example_setup_teardown_taskflow.py
[2025-07-03T17:52:33.809+0000] {processor.py:830} INFO - Processing file /home/airflow/.local/lib/python3.8/site-packages/airflow/example_dags/example_setup_teardown_taskflow.py for tasks to queue
[2025-07-03T17:52:33.811+0000] {logging_mixin.py:188} INFO - [2025-07-03T17:52:33.811+0000] {dagbag.py:538} INFO - Filling up the DagBag from /home/airflow/.local/lib/python3.8/site-packages/airflow/example_dags/example_setup_teardown_taskflow.py
[2025-07-03T17:52:33.859+0000] {processor.py:840} INFO - DAG(s) 'example_setup_teardown_taskflow' retrieved from /home/airflow/.local/lib/python3.8/site-packages/airflow/example_dags/example_setup_teardown_taskflow.py
[2025-07-03T17:52:33.909+0000] {logging_mixin.py:188} INFO - [2025-07-03T17:52:33.909+0000] {dag.py:3036} INFO - Sync 1 DAGs
[2025-07-03T17:52:33.951+0000] {logging_mixin.py:188} INFO - [2025-07-03T17:52:33.951+0000] {dag.py:3823} INFO - Setting next_dagrun for example_setup_teardown_taskflow to 2025-07-02 00:00:00+00:00, run_after=2025-07-03 00:00:00+00:00
[2025-07-03T17:52:33.983+0000] {processor.py:183} INFO - Processing /home/airflow/.local/lib/python3.8/site-packages/airflow/example_dags/example_setup_teardown_taskflow.py took 0.189 seconds
[2025-07-03T17:53:04.340+0000] {processor.py:161} INFO - Started process (PID=2418) to work on /home/airflow/.local/lib/python3.8/site-packages/airflow/example_dags/example_setup_teardown_taskflow.py
[2025-07-03T17:53:04.341+0000] {processor.py:830} INFO - Processing file /home/airflow/.local/lib/python3.8/site-packages/airflow/example_dags/example_setup_teardown_taskflow.py for tasks to queue
[2025-07-03T17:53:04.344+0000] {logging_mixin.py:188} INFO - [2025-07-03T17:53:04.344+0000] {dagbag.py:538} INFO - Filling up the DagBag from /home/airflow/.local/lib/python3.8/site-packages/airflow/example_dags/example_setup_teardown_taskflow.py
[2025-07-03T17:53:04.363+0000] {processor.py:840} INFO - DAG(s) 'example_setup_teardown_taskflow' retrieved from /home/airflow/.local/lib/python3.8/site-packages/airflow/example_dags/example_setup_teardown_taskflow.py
[2025-07-03T17:53:04.392+0000] {logging_mixin.py:188} INFO - [2025-07-03T17:53:04.392+0000] {dag.py:3036} INFO - Sync 1 DAGs
[2025-07-03T17:53:04.425+0000] {logging_mixin.py:188} INFO - [2025-07-03T17:53:04.425+0000] {dag.py:3823} INFO - Setting next_dagrun for example_setup_teardown_taskflow to 2025-07-02 00:00:00+00:00, run_after=2025-07-03 00:00:00+00:00
[2025-07-03T17:53:04.456+0000] {processor.py:183} INFO - Processing /home/airflow/.local/lib/python3.8/site-packages/airflow/example_dags/example_setup_teardown_taskflow.py took 0.120 seconds
[2025-07-03T17:53:34.908+0000] {processor.py:161} INFO - Started process (PID=2484) to work on /home/airflow/.local/lib/python3.8/site-packages/airflow/example_dags/example_setup_teardown_taskflow.py
[2025-07-03T17:53:34.910+0000] {processor.py:830} INFO - Processing file /home/airflow/.local/lib/python3.8/site-packages/airflow/example_dags/example_setup_teardown_taskflow.py for tasks to queue
[2025-07-03T17:53:34.913+0000] {logging_mixin.py:188} INFO - [2025-07-03T17:53:34.913+0000] {dagbag.py:538} INFO - Filling up the DagBag from /home/airflow/.local/lib/python3.8/site-packages/airflow/example_dags/example_setup_teardown_taskflow.py
[2025-07-03T17:53:34.929+0000] {processor.py:840} INFO - DAG(s) 'example_setup_teardown_taskflow' retrieved from /home/airflow/.local/lib/python3.8/site-packages/airflow/example_dags/example_setup_teardown_taskflow.py
[2025-07-03T17:53:34.957+0000] {logging_mixin.py:188} INFO - [2025-07-03T17:53:34.957+0000] {dag.py:3036} INFO - Sync 1 DAGs
[2025-07-03T17:53:34.989+0000] {logging_mixin.py:188} INFO - [2025-07-03T17:53:34.988+0000] {dag.py:3823} INFO - Setting next_dagrun for example_setup_teardown_taskflow to 2025-07-02 00:00:00+00:00, run_after=2025-07-03 00:00:00+00:00
[2025-07-03T17:53:35.014+0000] {processor.py:183} INFO - Processing /home/airflow/.local/lib/python3.8/site-packages/airflow/example_dags/example_setup_teardown_taskflow.py took 0.111 seconds
[2025-07-03T17:54:05.608+0000] {processor.py:161} INFO - Started process (PID=2550) to work on /home/airflow/.local/lib/python3.8/site-packages/airflow/example_dags/example_setup_teardown_taskflow.py
[2025-07-03T17:54:05.610+0000] {processor.py:830} INFO - Processing file /home/airflow/.local/lib/python3.8/site-packages/airflow/example_dags/example_setup_teardown_taskflow.py for tasks to queue
[2025-07-03T17:54:05.612+0000] {logging_mixin.py:188} INFO - [2025-07-03T17:54:05.611+0000] {dagbag.py:538} INFO - Filling up the DagBag from /home/airflow/.local/lib/python3.8/site-packages/airflow/example_dags/example_setup_teardown_taskflow.py
[2025-07-03T17:54:05.626+0000] {processor.py:840} INFO - DAG(s) 'example_setup_teardown_taskflow' retrieved from /home/airflow/.local/lib/python3.8/site-packages/airflow/example_dags/example_setup_teardown_taskflow.py
[2025-07-03T17:54:05.663+0000] {logging_mixin.py:188} INFO - [2025-07-03T17:54:05.663+0000] {dag.py:3036} INFO - Sync 1 DAGs
[2025-07-03T17:54:05.701+0000] {logging_mixin.py:188} INFO - [2025-07-03T17:54:05.701+0000] {dag.py:3823} INFO - Setting next_dagrun for example_setup_teardown_taskflow to 2025-07-02 00:00:00+00:00, run_after=2025-07-03 00:00:00+00:00
[2025-07-03T17:54:05.730+0000] {processor.py:183} INFO - Processing /home/airflow/.local/lib/python3.8/site-packages/airflow/example_dags/example_setup_teardown_taskflow.py took 0.125 seconds
[2025-07-03T17:54:36.409+0000] {processor.py:161} INFO - Started process (PID=2614) to work on /home/airflow/.local/lib/python3.8/site-packages/airflow/example_dags/example_setup_teardown_taskflow.py
[2025-07-03T17:54:36.413+0000] {processor.py:830} INFO - Processing file /home/airflow/.local/lib/python3.8/site-packages/airflow/example_dags/example_setup_teardown_taskflow.py for tasks to queue
[2025-07-03T17:54:36.418+0000] {logging_mixin.py:188} INFO - [2025-07-03T17:54:36.418+0000] {dagbag.py:538} INFO - Filling up the DagBag from /home/airflow/.local/lib/python3.8/site-packages/airflow/example_dags/example_setup_teardown_taskflow.py
[2025-07-03T17:54:36.450+0000] {processor.py:840} INFO - DAG(s) 'example_setup_teardown_taskflow' retrieved from /home/airflow/.local/lib/python3.8/site-packages/airflow/example_dags/example_setup_teardown_taskflow.py
[2025-07-03T17:54:36.506+0000] {logging_mixin.py:188} INFO - [2025-07-03T17:54:36.506+0000] {dag.py:3036} INFO - Sync 1 DAGs
[2025-07-03T17:54:36.544+0000] {logging_mixin.py:188} INFO - [2025-07-03T17:54:36.544+0000] {dag.py:3823} INFO - Setting next_dagrun for example_setup_teardown_taskflow to 2025-07-02 00:00:00+00:00, run_after=2025-07-03 00:00:00+00:00
[2025-07-03T17:54:36.575+0000] {processor.py:183} INFO - Processing /home/airflow/.local/lib/python3.8/site-packages/airflow/example_dags/example_setup_teardown_taskflow.py took 0.176 seconds
[2025-07-03T17:55:07.355+0000] {processor.py:161} INFO - Started process (PID=2678) to work on /home/airflow/.local/lib/python3.8/site-packages/airflow/example_dags/example_setup_teardown_taskflow.py
[2025-07-03T17:55:07.356+0000] {processor.py:830} INFO - Processing file /home/airflow/.local/lib/python3.8/site-packages/airflow/example_dags/example_setup_teardown_taskflow.py for tasks to queue
[2025-07-03T17:55:07.358+0000] {logging_mixin.py:188} INFO - [2025-07-03T17:55:07.358+0000] {dagbag.py:538} INFO - Filling up the DagBag from /home/airflow/.local/lib/python3.8/site-packages/airflow/example_dags/example_setup_teardown_taskflow.py
[2025-07-03T17:55:07.407+0000] {processor.py:840} INFO - DAG(s) 'example_setup_teardown_taskflow' retrieved from /home/airflow/.local/lib/python3.8/site-packages/airflow/example_dags/example_setup_teardown_taskflow.py
[2025-07-03T17:55:07.469+0000] {logging_mixin.py:188} INFO - [2025-07-03T17:55:07.468+0000] {dag.py:3036} INFO - Sync 1 DAGs
[2025-07-03T17:55:07.532+0000] {logging_mixin.py:188} INFO - [2025-07-03T17:55:07.532+0000] {dag.py:3823} INFO - Setting next_dagrun for example_setup_teardown_taskflow to 2025-07-02 00:00:00+00:00, run_after=2025-07-03 00:00:00+00:00
[2025-07-03T17:55:07.578+0000] {processor.py:183} INFO - Processing /home/airflow/.local/lib/python3.8/site-packages/airflow/example_dags/example_setup_teardown_taskflow.py took 0.237 seconds
[2025-07-03T17:55:37.643+0000] {processor.py:161} INFO - Started process (PID=2743) to work on /home/airflow/.local/lib/python3.8/site-packages/airflow/example_dags/example_setup_teardown_taskflow.py
[2025-07-03T17:55:37.646+0000] {processor.py:830} INFO - Processing file /home/airflow/.local/lib/python3.8/site-packages/airflow/example_dags/example_setup_teardown_taskflow.py for tasks to queue
[2025-07-03T17:55:37.648+0000] {logging_mixin.py:188} INFO - [2025-07-03T17:55:37.647+0000] {dagbag.py:538} INFO - Filling up the DagBag from /home/airflow/.local/lib/python3.8/site-packages/airflow/example_dags/example_setup_teardown_taskflow.py
[2025-07-03T17:55:37.664+0000] {processor.py:840} INFO - DAG(s) 'example_setup_teardown_taskflow' retrieved from /home/airflow/.local/lib/python3.8/site-packages/airflow/example_dags/example_setup_teardown_taskflow.py
[2025-07-03T17:55:37.701+0000] {logging_mixin.py:188} INFO - [2025-07-03T17:55:37.700+0000] {dag.py:3036} INFO - Sync 1 DAGs
[2025-07-03T17:55:37.740+0000] {logging_mixin.py:188} INFO - [2025-07-03T17:55:37.740+0000] {dag.py:3823} INFO - Setting next_dagrun for example_setup_teardown_taskflow to 2025-07-02 00:00:00+00:00, run_after=2025-07-03 00:00:00+00:00
[2025-07-03T17:55:37.772+0000] {processor.py:183} INFO - Processing /home/airflow/.local/lib/python3.8/site-packages/airflow/example_dags/example_setup_teardown_taskflow.py took 0.133 seconds
[2025-07-03T17:56:07.970+0000] {processor.py:161} INFO - Started process (PID=2817) to work on /home/airflow/.local/lib/python3.8/site-packages/airflow/example_dags/example_setup_teardown_taskflow.py
[2025-07-03T17:56:07.984+0000] {processor.py:830} INFO - Processing file /home/airflow/.local/lib/python3.8/site-packages/airflow/example_dags/example_setup_teardown_taskflow.py for tasks to queue
[2025-07-03T17:56:07.987+0000] {logging_mixin.py:188} INFO - [2025-07-03T17:56:07.986+0000] {dagbag.py:538} INFO - Filling up the DagBag from /home/airflow/.local/lib/python3.8/site-packages/airflow/example_dags/example_setup_teardown_taskflow.py
[2025-07-03T17:56:08.042+0000] {processor.py:840} INFO - DAG(s) 'example_setup_teardown_taskflow' retrieved from /home/airflow/.local/lib/python3.8/site-packages/airflow/example_dags/example_setup_teardown_taskflow.py
[2025-07-03T17:56:08.141+0000] {logging_mixin.py:188} INFO - [2025-07-03T17:56:08.140+0000] {dag.py:3036} INFO - Sync 1 DAGs
[2025-07-03T17:56:08.255+0000] {logging_mixin.py:188} INFO - [2025-07-03T17:56:08.254+0000] {dag.py:3823} INFO - Setting next_dagrun for example_setup_teardown_taskflow to 2025-07-02 00:00:00+00:00, run_after=2025-07-03 00:00:00+00:00
[2025-07-03T17:56:08.333+0000] {processor.py:183} INFO - Processing /home/airflow/.local/lib/python3.8/site-packages/airflow/example_dags/example_setup_teardown_taskflow.py took 0.382 seconds
[2025-07-03T17:56:39.691+0000] {processor.py:161} INFO - Started process (PID=2882) to work on /home/airflow/.local/lib/python3.8/site-packages/airflow/example_dags/example_setup_teardown_taskflow.py
[2025-07-03T17:56:39.706+0000] {processor.py:830} INFO - Processing file /home/airflow/.local/lib/python3.8/site-packages/airflow/example_dags/example_setup_teardown_taskflow.py for tasks to queue
[2025-07-03T17:56:39.722+0000] {logging_mixin.py:188} INFO - [2025-07-03T17:56:39.716+0000] {dagbag.py:538} INFO - Filling up the DagBag from /home/airflow/.local/lib/python3.8/site-packages/airflow/example_dags/example_setup_teardown_taskflow.py
[2025-07-03T17:56:39.821+0000] {processor.py:840} INFO - DAG(s) 'example_setup_teardown_taskflow' retrieved from /home/airflow/.local/lib/python3.8/site-packages/airflow/example_dags/example_setup_teardown_taskflow.py
[2025-07-03T17:56:40.066+0000] {logging_mixin.py:188} INFO - [2025-07-03T17:56:40.065+0000] {dag.py:3036} INFO - Sync 1 DAGs
[2025-07-03T17:56:40.275+0000] {logging_mixin.py:188} INFO - [2025-07-03T17:56:40.274+0000] {dag.py:3823} INFO - Setting next_dagrun for example_setup_teardown_taskflow to 2025-07-02 00:00:00+00:00, run_after=2025-07-03 00:00:00+00:00
[2025-07-03T17:56:40.382+0000] {processor.py:183} INFO - Processing /home/airflow/.local/lib/python3.8/site-packages/airflow/example_dags/example_setup_teardown_taskflow.py took 0.709 seconds
[2025-07-03T17:57:11.147+0000] {processor.py:161} INFO - Started process (PID=2938) to work on /home/airflow/.local/lib/python3.8/site-packages/airflow/example_dags/example_setup_teardown_taskflow.py
[2025-07-03T17:57:11.165+0000] {processor.py:830} INFO - Processing file /home/airflow/.local/lib/python3.8/site-packages/airflow/example_dags/example_setup_teardown_taskflow.py for tasks to queue
[2025-07-03T17:57:11.169+0000] {logging_mixin.py:188} INFO - [2025-07-03T17:57:11.168+0000] {dagbag.py:538} INFO - Filling up the DagBag from /home/airflow/.local/lib/python3.8/site-packages/airflow/example_dags/example_setup_teardown_taskflow.py
[2025-07-03T17:57:11.228+0000] {processor.py:840} INFO - DAG(s) 'example_setup_teardown_taskflow' retrieved from /home/airflow/.local/lib/python3.8/site-packages/airflow/example_dags/example_setup_teardown_taskflow.py
[2025-07-03T17:57:11.338+0000] {logging_mixin.py:188} INFO - [2025-07-03T17:57:11.338+0000] {dag.py:3036} INFO - Sync 1 DAGs
[2025-07-03T17:57:11.499+0000] {logging_mixin.py:188} INFO - [2025-07-03T17:57:11.499+0000] {dag.py:3823} INFO - Setting next_dagrun for example_setup_teardown_taskflow to 2025-07-02 00:00:00+00:00, run_after=2025-07-03 00:00:00+00:00
[2025-07-03T17:57:11.601+0000] {processor.py:183} INFO - Processing /home/airflow/.local/lib/python3.8/site-packages/airflow/example_dags/example_setup_teardown_taskflow.py took 0.464 seconds
[2025-07-03T17:57:41.943+0000] {processor.py:161} INFO - Started process (PID=3001) to work on /home/airflow/.local/lib/python3.8/site-packages/airflow/example_dags/example_setup_teardown_taskflow.py
[2025-07-03T17:57:41.950+0000] {processor.py:830} INFO - Processing file /home/airflow/.local/lib/python3.8/site-packages/airflow/example_dags/example_setup_teardown_taskflow.py for tasks to queue
[2025-07-03T17:57:41.953+0000] {logging_mixin.py:188} INFO - [2025-07-03T17:57:41.953+0000] {dagbag.py:538} INFO - Filling up the DagBag from /home/airflow/.local/lib/python3.8/site-packages/airflow/example_dags/example_setup_teardown_taskflow.py
[2025-07-03T17:57:41.983+0000] {processor.py:840} INFO - DAG(s) 'example_setup_teardown_taskflow' retrieved from /home/airflow/.local/lib/python3.8/site-packages/airflow/example_dags/example_setup_teardown_taskflow.py
[2025-07-03T17:57:42.064+0000] {logging_mixin.py:188} INFO - [2025-07-03T17:57:42.063+0000] {dag.py:3036} INFO - Sync 1 DAGs
[2025-07-03T17:57:42.140+0000] {logging_mixin.py:188} INFO - [2025-07-03T17:57:42.140+0000] {dag.py:3823} INFO - Setting next_dagrun for example_setup_teardown_taskflow to 2025-07-02 00:00:00+00:00, run_after=2025-07-03 00:00:00+00:00
[2025-07-03T17:57:42.185+0000] {processor.py:183} INFO - Processing /home/airflow/.local/lib/python3.8/site-packages/airflow/example_dags/example_setup_teardown_taskflow.py took 0.271 seconds
[2025-07-03T17:58:12.555+0000] {processor.py:161} INFO - Started process (PID=3059) to work on /home/airflow/.local/lib/python3.8/site-packages/airflow/example_dags/example_setup_teardown_taskflow.py
[2025-07-03T17:58:12.566+0000] {processor.py:830} INFO - Processing file /home/airflow/.local/lib/python3.8/site-packages/airflow/example_dags/example_setup_teardown_taskflow.py for tasks to queue
[2025-07-03T17:58:12.572+0000] {logging_mixin.py:188} INFO - [2025-07-03T17:58:12.572+0000] {dagbag.py:538} INFO - Filling up the DagBag from /home/airflow/.local/lib/python3.8/site-packages/airflow/example_dags/example_setup_teardown_taskflow.py
[2025-07-03T17:58:12.632+0000] {processor.py:840} INFO - DAG(s) 'example_setup_teardown_taskflow' retrieved from /home/airflow/.local/lib/python3.8/site-packages/airflow/example_dags/example_setup_teardown_taskflow.py
[2025-07-03T17:58:12.689+0000] {logging_mixin.py:188} INFO - [2025-07-03T17:58:12.689+0000] {dag.py:3036} INFO - Sync 1 DAGs
[2025-07-03T17:58:12.755+0000] {logging_mixin.py:188} INFO - [2025-07-03T17:58:12.754+0000] {dag.py:3823} INFO - Setting next_dagrun for example_setup_teardown_taskflow to 2025-07-02 00:00:00+00:00, run_after=2025-07-03 00:00:00+00:00
[2025-07-03T17:58:13.425+0000] {processor.py:183} INFO - Processing /home/airflow/.local/lib/python3.8/site-packages/airflow/example_dags/example_setup_teardown_taskflow.py took 0.877 seconds
[2025-07-03T17:58:43.585+0000] {processor.py:161} INFO - Started process (PID=3124) to work on /home/airflow/.local/lib/python3.8/site-packages/airflow/example_dags/example_setup_teardown_taskflow.py
[2025-07-03T17:58:43.586+0000] {processor.py:830} INFO - Processing file /home/airflow/.local/lib/python3.8/site-packages/airflow/example_dags/example_setup_teardown_taskflow.py for tasks to queue
[2025-07-03T17:58:43.588+0000] {logging_mixin.py:188} INFO - [2025-07-03T17:58:43.588+0000] {dagbag.py:538} INFO - Filling up the DagBag from /home/airflow/.local/lib/python3.8/site-packages/airflow/example_dags/example_setup_teardown_taskflow.py
[2025-07-03T17:58:43.615+0000] {processor.py:840} INFO - DAG(s) 'example_setup_teardown_taskflow' retrieved from /home/airflow/.local/lib/python3.8/site-packages/airflow/example_dags/example_setup_teardown_taskflow.py
[2025-07-03T17:58:43.652+0000] {logging_mixin.py:188} INFO - [2025-07-03T17:58:43.652+0000] {dag.py:3036} INFO - Sync 1 DAGs
[2025-07-03T17:58:43.697+0000] {logging_mixin.py:188} INFO - [2025-07-03T17:58:43.696+0000] {dag.py:3823} INFO - Setting next_dagrun for example_setup_teardown_taskflow to 2025-07-02 00:00:00+00:00, run_after=2025-07-03 00:00:00+00:00
[2025-07-03T17:58:43.728+0000] {processor.py:183} INFO - Processing /home/airflow/.local/lib/python3.8/site-packages/airflow/example_dags/example_setup_teardown_taskflow.py took 0.159 seconds
[2025-07-03T17:59:14.244+0000] {processor.py:161} INFO - Started process (PID=3189) to work on /home/airflow/.local/lib/python3.8/site-packages/airflow/example_dags/example_setup_teardown_taskflow.py
[2025-07-03T17:59:14.250+0000] {processor.py:830} INFO - Processing file /home/airflow/.local/lib/python3.8/site-packages/airflow/example_dags/example_setup_teardown_taskflow.py for tasks to queue
[2025-07-03T17:59:14.261+0000] {logging_mixin.py:188} INFO - [2025-07-03T17:59:14.252+0000] {dagbag.py:538} INFO - Filling up the DagBag from /home/airflow/.local/lib/python3.8/site-packages/airflow/example_dags/example_setup_teardown_taskflow.py
[2025-07-03T17:59:14.332+0000] {processor.py:840} INFO - DAG(s) 'example_setup_teardown_taskflow' retrieved from /home/airflow/.local/lib/python3.8/site-packages/airflow/example_dags/example_setup_teardown_taskflow.py
[2025-07-03T17:59:14.461+0000] {logging_mixin.py:188} INFO - [2025-07-03T17:59:14.446+0000] {dag.py:3036} INFO - Sync 1 DAGs
[2025-07-03T17:59:14.547+0000] {logging_mixin.py:188} INFO - [2025-07-03T17:59:14.546+0000] {dag.py:3823} INFO - Setting next_dagrun for example_setup_teardown_taskflow to 2025-07-02 00:00:00+00:00, run_after=2025-07-03 00:00:00+00:00
[2025-07-03T17:59:14.622+0000] {processor.py:183} INFO - Processing /home/airflow/.local/lib/python3.8/site-packages/airflow/example_dags/example_setup_teardown_taskflow.py took 0.406 seconds
[2025-07-03T17:59:44.776+0000] {processor.py:161} INFO - Started process (PID=3254) to work on /home/airflow/.local/lib/python3.8/site-packages/airflow/example_dags/example_setup_teardown_taskflow.py
[2025-07-03T17:59:44.778+0000] {processor.py:830} INFO - Processing file /home/airflow/.local/lib/python3.8/site-packages/airflow/example_dags/example_setup_teardown_taskflow.py for tasks to queue
[2025-07-03T17:59:44.781+0000] {logging_mixin.py:188} INFO - [2025-07-03T17:59:44.780+0000] {dagbag.py:538} INFO - Filling up the DagBag from /home/airflow/.local/lib/python3.8/site-packages/airflow/example_dags/example_setup_teardown_taskflow.py
[2025-07-03T17:59:44.798+0000] {processor.py:840} INFO - DAG(s) 'example_setup_teardown_taskflow' retrieved from /home/airflow/.local/lib/python3.8/site-packages/airflow/example_dags/example_setup_teardown_taskflow.py
[2025-07-03T17:59:44.834+0000] {logging_mixin.py:188} INFO - [2025-07-03T17:59:44.834+0000] {dag.py:3036} INFO - Sync 1 DAGs
[2025-07-03T17:59:44.874+0000] {logging_mixin.py:188} INFO - [2025-07-03T17:59:44.874+0000] {dag.py:3823} INFO - Setting next_dagrun for example_setup_teardown_taskflow to 2025-07-02 00:00:00+00:00, run_after=2025-07-03 00:00:00+00:00
[2025-07-03T17:59:44.905+0000] {processor.py:183} INFO - Processing /home/airflow/.local/lib/python3.8/site-packages/airflow/example_dags/example_setup_teardown_taskflow.py took 0.133 seconds
[2025-07-03T18:00:15.270+0000] {processor.py:161} INFO - Started process (PID=3317) to work on /home/airflow/.local/lib/python3.8/site-packages/airflow/example_dags/example_setup_teardown_taskflow.py
[2025-07-03T18:00:15.279+0000] {processor.py:830} INFO - Processing file /home/airflow/.local/lib/python3.8/site-packages/airflow/example_dags/example_setup_teardown_taskflow.py for tasks to queue
[2025-07-03T18:00:15.282+0000] {logging_mixin.py:188} INFO - [2025-07-03T18:00:15.281+0000] {dagbag.py:538} INFO - Filling up the DagBag from /home/airflow/.local/lib/python3.8/site-packages/airflow/example_dags/example_setup_teardown_taskflow.py
[2025-07-03T18:00:15.312+0000] {processor.py:840} INFO - DAG(s) 'example_setup_teardown_taskflow' retrieved from /home/airflow/.local/lib/python3.8/site-packages/airflow/example_dags/example_setup_teardown_taskflow.py
[2025-07-03T18:00:15.389+0000] {logging_mixin.py:188} INFO - [2025-07-03T18:00:15.389+0000] {dag.py:3036} INFO - Sync 1 DAGs
[2025-07-03T18:00:15.435+0000] {logging_mixin.py:188} INFO - [2025-07-03T18:00:15.435+0000] {dag.py:3823} INFO - Setting next_dagrun for example_setup_teardown_taskflow to 2025-07-02 00:00:00+00:00, run_after=2025-07-03 00:00:00+00:00
[2025-07-03T18:00:15.466+0000] {processor.py:183} INFO - Processing /home/airflow/.local/lib/python3.8/site-packages/airflow/example_dags/example_setup_teardown_taskflow.py took 0.202 seconds
[2025-07-03T18:00:46.456+0000] {processor.py:161} INFO - Started process (PID=3382) to work on /home/airflow/.local/lib/python3.8/site-packages/airflow/example_dags/example_setup_teardown_taskflow.py
[2025-07-03T18:00:46.457+0000] {processor.py:830} INFO - Processing file /home/airflow/.local/lib/python3.8/site-packages/airflow/example_dags/example_setup_teardown_taskflow.py for tasks to queue
[2025-07-03T18:00:46.460+0000] {logging_mixin.py:188} INFO - [2025-07-03T18:00:46.459+0000] {dagbag.py:538} INFO - Filling up the DagBag from /home/airflow/.local/lib/python3.8/site-packages/airflow/example_dags/example_setup_teardown_taskflow.py
[2025-07-03T18:00:46.502+0000] {processor.py:840} INFO - DAG(s) 'example_setup_teardown_taskflow' retrieved from /home/airflow/.local/lib/python3.8/site-packages/airflow/example_dags/example_setup_teardown_taskflow.py
[2025-07-03T18:00:46.581+0000] {logging_mixin.py:188} INFO - [2025-07-03T18:00:46.576+0000] {dag.py:3036} INFO - Sync 1 DAGs
[2025-07-03T18:00:46.622+0000] {logging_mixin.py:188} INFO - [2025-07-03T18:00:46.622+0000] {dag.py:3823} INFO - Setting next_dagrun for example_setup_teardown_taskflow to 2025-07-02 00:00:00+00:00, run_after=2025-07-03 00:00:00+00:00
[2025-07-03T18:00:46.677+0000] {processor.py:183} INFO - Processing /home/airflow/.local/lib/python3.8/site-packages/airflow/example_dags/example_setup_teardown_taskflow.py took 0.241 seconds
[2025-07-03T18:01:18.666+0000] {processor.py:161} INFO - Started process (PID=3447) to work on /home/airflow/.local/lib/python3.8/site-packages/airflow/example_dags/example_setup_teardown_taskflow.py
[2025-07-03T18:01:18.677+0000] {processor.py:830} INFO - Processing file /home/airflow/.local/lib/python3.8/site-packages/airflow/example_dags/example_setup_teardown_taskflow.py for tasks to queue
[2025-07-03T18:01:18.690+0000] {logging_mixin.py:188} INFO - [2025-07-03T18:01:18.689+0000] {dagbag.py:538} INFO - Filling up the DagBag from /home/airflow/.local/lib/python3.8/site-packages/airflow/example_dags/example_setup_teardown_taskflow.py
[2025-07-03T18:01:18.742+0000] {processor.py:840} INFO - DAG(s) 'example_setup_teardown_taskflow' retrieved from /home/airflow/.local/lib/python3.8/site-packages/airflow/example_dags/example_setup_teardown_taskflow.py
[2025-07-03T18:01:18.885+0000] {logging_mixin.py:188} INFO - [2025-07-03T18:01:18.876+0000] {dag.py:3036} INFO - Sync 1 DAGs
[2025-07-03T18:01:19.045+0000] {logging_mixin.py:188} INFO - [2025-07-03T18:01:19.045+0000] {dag.py:3823} INFO - Setting next_dagrun for example_setup_teardown_taskflow to 2025-07-02 00:00:00+00:00, run_after=2025-07-03 00:00:00+00:00
[2025-07-03T18:01:19.549+0000] {processor.py:183} INFO - Processing /home/airflow/.local/lib/python3.8/site-packages/airflow/example_dags/example_setup_teardown_taskflow.py took 0.913 seconds
[2025-07-03T18:01:50.127+0000] {processor.py:161} INFO - Started process (PID=3503) to work on /home/airflow/.local/lib/python3.8/site-packages/airflow/example_dags/example_setup_teardown_taskflow.py
[2025-07-03T18:01:50.133+0000] {processor.py:830} INFO - Processing file /home/airflow/.local/lib/python3.8/site-packages/airflow/example_dags/example_setup_teardown_taskflow.py for tasks to queue
[2025-07-03T18:01:50.135+0000] {logging_mixin.py:188} INFO - [2025-07-03T18:01:50.135+0000] {dagbag.py:538} INFO - Filling up the DagBag from /home/airflow/.local/lib/python3.8/site-packages/airflow/example_dags/example_setup_teardown_taskflow.py
[2025-07-03T18:01:50.181+0000] {processor.py:840} INFO - DAG(s) 'example_setup_teardown_taskflow' retrieved from /home/airflow/.local/lib/python3.8/site-packages/airflow/example_dags/example_setup_teardown_taskflow.py
[2025-07-03T18:01:50.267+0000] {logging_mixin.py:188} INFO - [2025-07-03T18:01:50.267+0000] {dag.py:3036} INFO - Sync 1 DAGs
[2025-07-03T18:01:50.310+0000] {logging_mixin.py:188} INFO - [2025-07-03T18:01:50.310+0000] {dag.py:3823} INFO - Setting next_dagrun for example_setup_teardown_taskflow to 2025-07-02 00:00:00+00:00, run_after=2025-07-03 00:00:00+00:00
[2025-07-03T18:01:50.341+0000] {processor.py:183} INFO - Processing /home/airflow/.local/lib/python3.8/site-packages/airflow/example_dags/example_setup_teardown_taskflow.py took 0.238 seconds
[2025-07-03T18:02:20.513+0000] {processor.py:161} INFO - Started process (PID=3567) to work on /home/airflow/.local/lib/python3.8/site-packages/airflow/example_dags/example_setup_teardown_taskflow.py
[2025-07-03T18:02:20.515+0000] {processor.py:830} INFO - Processing file /home/airflow/.local/lib/python3.8/site-packages/airflow/example_dags/example_setup_teardown_taskflow.py for tasks to queue
[2025-07-03T18:02:20.518+0000] {logging_mixin.py:188} INFO - [2025-07-03T18:02:20.517+0000] {dagbag.py:538} INFO - Filling up the DagBag from /home/airflow/.local/lib/python3.8/site-packages/airflow/example_dags/example_setup_teardown_taskflow.py
[2025-07-03T18:02:20.534+0000] {processor.py:840} INFO - DAG(s) 'example_setup_teardown_taskflow' retrieved from /home/airflow/.local/lib/python3.8/site-packages/airflow/example_dags/example_setup_teardown_taskflow.py
[2025-07-03T18:02:20.571+0000] {logging_mixin.py:188} INFO - [2025-07-03T18:02:20.570+0000] {dag.py:3036} INFO - Sync 1 DAGs
[2025-07-03T18:02:20.609+0000] {logging_mixin.py:188} INFO - [2025-07-03T18:02:20.608+0000] {dag.py:3823} INFO - Setting next_dagrun for example_setup_teardown_taskflow to 2025-07-02 00:00:00+00:00, run_after=2025-07-03 00:00:00+00:00
[2025-07-03T18:02:20.673+0000] {processor.py:183} INFO - Processing /home/airflow/.local/lib/python3.8/site-packages/airflow/example_dags/example_setup_teardown_taskflow.py took 0.164 seconds
[2025-07-03T18:02:51.783+0000] {processor.py:161} INFO - Started process (PID=3632) to work on /home/airflow/.local/lib/python3.8/site-packages/airflow/example_dags/example_setup_teardown_taskflow.py
[2025-07-03T18:02:51.784+0000] {processor.py:830} INFO - Processing file /home/airflow/.local/lib/python3.8/site-packages/airflow/example_dags/example_setup_teardown_taskflow.py for tasks to queue
[2025-07-03T18:02:51.799+0000] {logging_mixin.py:188} INFO - [2025-07-03T18:02:51.798+0000] {dagbag.py:538} INFO - Filling up the DagBag from /home/airflow/.local/lib/python3.8/site-packages/airflow/example_dags/example_setup_teardown_taskflow.py
[2025-07-03T18:02:51.883+0000] {processor.py:840} INFO - DAG(s) 'example_setup_teardown_taskflow' retrieved from /home/airflow/.local/lib/python3.8/site-packages/airflow/example_dags/example_setup_teardown_taskflow.py
[2025-07-03T18:02:51.942+0000] {logging_mixin.py:188} INFO - [2025-07-03T18:02:51.942+0000] {dag.py:3036} INFO - Sync 1 DAGs
[2025-07-03T18:02:52.538+0000] {logging_mixin.py:188} INFO - [2025-07-03T18:02:52.538+0000] {dag.py:3823} INFO - Setting next_dagrun for example_setup_teardown_taskflow to 2025-07-02 00:00:00+00:00, run_after=2025-07-03 00:00:00+00:00
[2025-07-03T18:02:52.610+0000] {processor.py:183} INFO - Processing /home/airflow/.local/lib/python3.8/site-packages/airflow/example_dags/example_setup_teardown_taskflow.py took 0.846 seconds
[2025-07-03T18:03:35.482+0000] {processor.py:161} INFO - Started process (PID=3697) to work on /home/airflow/.local/lib/python3.8/site-packages/airflow/example_dags/example_setup_teardown_taskflow.py
[2025-07-03T18:03:35.493+0000] {processor.py:830} INFO - Processing file /home/airflow/.local/lib/python3.8/site-packages/airflow/example_dags/example_setup_teardown_taskflow.py for tasks to queue
[2025-07-03T18:03:35.526+0000] {logging_mixin.py:188} INFO - [2025-07-03T18:03:35.525+0000] {dagbag.py:538} INFO - Filling up the DagBag from /home/airflow/.local/lib/python3.8/site-packages/airflow/example_dags/example_setup_teardown_taskflow.py
[2025-07-03T18:03:35.688+0000] {processor.py:840} INFO - DAG(s) 'example_setup_teardown_taskflow' retrieved from /home/airflow/.local/lib/python3.8/site-packages/airflow/example_dags/example_setup_teardown_taskflow.py
[2025-07-03T18:03:35.938+0000] {logging_mixin.py:188} INFO - [2025-07-03T18:03:35.937+0000] {dag.py:3036} INFO - Sync 1 DAGs
[2025-07-03T18:03:39.354+0000] {logging_mixin.py:188} INFO - [2025-07-03T18:03:39.354+0000] {dag.py:3823} INFO - Setting next_dagrun for example_setup_teardown_taskflow to 2025-07-02 00:00:00+00:00, run_after=2025-07-03 00:00:00+00:00
[2025-07-03T18:03:39.713+0000] {processor.py:183} INFO - Processing /home/airflow/.local/lib/python3.8/site-packages/airflow/example_dags/example_setup_teardown_taskflow.py took 4.305 seconds
[2025-07-03T18:05:24.070+0000] {processor.py:161} INFO - Started process (PID=3788) to work on /home/airflow/.local/lib/python3.8/site-packages/airflow/example_dags/example_setup_teardown_taskflow.py
[2025-07-03T18:05:24.082+0000] {processor.py:830} INFO - Processing file /home/airflow/.local/lib/python3.8/site-packages/airflow/example_dags/example_setup_teardown_taskflow.py for tasks to queue
[2025-07-03T18:05:24.142+0000] {logging_mixin.py:188} INFO - [2025-07-03T18:05:24.141+0000] {dagbag.py:538} INFO - Filling up the DagBag from /home/airflow/.local/lib/python3.8/site-packages/airflow/example_dags/example_setup_teardown_taskflow.py
[2025-07-03T18:05:24.454+0000] {processor.py:840} INFO - DAG(s) 'example_setup_teardown_taskflow' retrieved from /home/airflow/.local/lib/python3.8/site-packages/airflow/example_dags/example_setup_teardown_taskflow.py
[2025-07-03T18:05:25.209+0000] {logging_mixin.py:188} INFO - [2025-07-03T18:05:25.175+0000] {dag.py:3036} INFO - Sync 1 DAGs
[2025-07-03T18:05:26.007+0000] {logging_mixin.py:188} INFO - [2025-07-03T18:05:26.007+0000] {dag.py:3823} INFO - Setting next_dagrun for example_setup_teardown_taskflow to 2025-07-02 00:00:00+00:00, run_after=2025-07-03 00:00:00+00:00
[2025-07-03T18:05:26.877+0000] {processor.py:183} INFO - Processing /home/airflow/.local/lib/python3.8/site-packages/airflow/example_dags/example_setup_teardown_taskflow.py took 2.920 seconds
[2025-07-03T18:08:31.913+0000] {processor.py:161} INFO - Started process (PID=3920) to work on /home/airflow/.local/lib/python3.8/site-packages/airflow/example_dags/example_setup_teardown_taskflow.py
[2025-07-03T18:08:32.088+0000] {processor.py:830} INFO - Processing file /home/airflow/.local/lib/python3.8/site-packages/airflow/example_dags/example_setup_teardown_taskflow.py for tasks to queue
[2025-07-03T18:08:32.112+0000] {logging_mixin.py:188} INFO - [2025-07-03T18:08:32.112+0000] {dagbag.py:538} INFO - Filling up the DagBag from /home/airflow/.local/lib/python3.8/site-packages/airflow/example_dags/example_setup_teardown_taskflow.py
[2025-07-03T18:08:33.182+0000] {processor.py:840} INFO - DAG(s) 'example_setup_teardown_taskflow' retrieved from /home/airflow/.local/lib/python3.8/site-packages/airflow/example_dags/example_setup_teardown_taskflow.py
[2025-07-03T18:08:35.475+0000] {logging_mixin.py:188} INFO - [2025-07-03T18:08:35.407+0000] {dag.py:3036} INFO - Sync 1 DAGs
[2025-07-03T18:08:38.458+0000] {logging_mixin.py:188} INFO - [2025-07-03T18:08:38.458+0000] {dag.py:3823} INFO - Setting next_dagrun for example_setup_teardown_taskflow to 2025-07-02 00:00:00+00:00, run_after=2025-07-03 00:00:00+00:00
[2025-07-03T18:08:40.530+0000] {processor.py:183} INFO - Processing /home/airflow/.local/lib/python3.8/site-packages/airflow/example_dags/example_setup_teardown_taskflow.py took 8.836 seconds
[2025-07-03T18:21:12.209+0000] {processor.py:161} INFO - Started process (PID=107) to work on /home/airflow/.local/lib/python3.8/site-packages/airflow/example_dags/example_setup_teardown_taskflow.py
[2025-07-03T18:21:12.212+0000] {processor.py:830} INFO - Processing file /home/airflow/.local/lib/python3.8/site-packages/airflow/example_dags/example_setup_teardown_taskflow.py for tasks to queue
[2025-07-03T18:21:12.215+0000] {logging_mixin.py:188} INFO - [2025-07-03T18:21:12.214+0000] {dagbag.py:538} INFO - Filling up the DagBag from /home/airflow/.local/lib/python3.8/site-packages/airflow/example_dags/example_setup_teardown_taskflow.py
[2025-07-03T18:21:12.232+0000] {processor.py:840} INFO - DAG(s) 'example_setup_teardown_taskflow' retrieved from /home/airflow/.local/lib/python3.8/site-packages/airflow/example_dags/example_setup_teardown_taskflow.py
[2025-07-03T18:21:12.272+0000] {logging_mixin.py:188} INFO - [2025-07-03T18:21:12.271+0000] {dag.py:3036} INFO - Sync 1 DAGs
[2025-07-03T18:21:12.311+0000] {logging_mixin.py:188} INFO - [2025-07-03T18:21:12.311+0000] {dag.py:3823} INFO - Setting next_dagrun for example_setup_teardown_taskflow to 2025-07-02 00:00:00+00:00, run_after=2025-07-03 00:00:00+00:00
[2025-07-03T18:21:12.346+0000] {processor.py:183} INFO - Processing /home/airflow/.local/lib/python3.8/site-packages/airflow/example_dags/example_setup_teardown_taskflow.py took 0.142 seconds
[2025-07-03T18:21:43.249+0000] {processor.py:161} INFO - Started process (PID=172) to work on /home/airflow/.local/lib/python3.8/site-packages/airflow/example_dags/example_setup_teardown_taskflow.py
[2025-07-03T18:21:43.250+0000] {processor.py:830} INFO - Processing file /home/airflow/.local/lib/python3.8/site-packages/airflow/example_dags/example_setup_teardown_taskflow.py for tasks to queue
[2025-07-03T18:21:43.253+0000] {logging_mixin.py:188} INFO - [2025-07-03T18:21:43.253+0000] {dagbag.py:538} INFO - Filling up the DagBag from /home/airflow/.local/lib/python3.8/site-packages/airflow/example_dags/example_setup_teardown_taskflow.py
[2025-07-03T18:21:43.268+0000] {processor.py:840} INFO - DAG(s) 'example_setup_teardown_taskflow' retrieved from /home/airflow/.local/lib/python3.8/site-packages/airflow/example_dags/example_setup_teardown_taskflow.py
[2025-07-03T18:21:43.307+0000] {logging_mixin.py:188} INFO - [2025-07-03T18:21:43.307+0000] {dag.py:3036} INFO - Sync 1 DAGs
[2025-07-03T18:21:43.349+0000] {logging_mixin.py:188} INFO - [2025-07-03T18:21:43.348+0000] {dag.py:3823} INFO - Setting next_dagrun for example_setup_teardown_taskflow to 2025-07-02 00:00:00+00:00, run_after=2025-07-03 00:00:00+00:00
[2025-07-03T18:21:43.380+0000] {processor.py:183} INFO - Processing /home/airflow/.local/lib/python3.8/site-packages/airflow/example_dags/example_setup_teardown_taskflow.py took 0.135 seconds
[2025-07-03T18:22:13.571+0000] {processor.py:161} INFO - Started process (PID=237) to work on /home/airflow/.local/lib/python3.8/site-packages/airflow/example_dags/example_setup_teardown_taskflow.py
[2025-07-03T18:22:13.573+0000] {processor.py:830} INFO - Processing file /home/airflow/.local/lib/python3.8/site-packages/airflow/example_dags/example_setup_teardown_taskflow.py for tasks to queue
[2025-07-03T18:22:13.576+0000] {logging_mixin.py:188} INFO - [2025-07-03T18:22:13.575+0000] {dagbag.py:538} INFO - Filling up the DagBag from /home/airflow/.local/lib/python3.8/site-packages/airflow/example_dags/example_setup_teardown_taskflow.py
[2025-07-03T18:22:13.591+0000] {processor.py:840} INFO - DAG(s) 'example_setup_teardown_taskflow' retrieved from /home/airflow/.local/lib/python3.8/site-packages/airflow/example_dags/example_setup_teardown_taskflow.py
[2025-07-03T18:22:13.629+0000] {logging_mixin.py:188} INFO - [2025-07-03T18:22:13.629+0000] {dag.py:3036} INFO - Sync 1 DAGs
[2025-07-03T18:22:13.669+0000] {logging_mixin.py:188} INFO - [2025-07-03T18:22:13.669+0000] {dag.py:3823} INFO - Setting next_dagrun for example_setup_teardown_taskflow to 2025-07-02 00:00:00+00:00, run_after=2025-07-03 00:00:00+00:00
[2025-07-03T18:22:13.701+0000] {processor.py:183} INFO - Processing /home/airflow/.local/lib/python3.8/site-packages/airflow/example_dags/example_setup_teardown_taskflow.py took 0.135 seconds
[2025-07-03T18:22:44.146+0000] {processor.py:161} INFO - Started process (PID=304) to work on /home/airflow/.local/lib/python3.8/site-packages/airflow/example_dags/example_setup_teardown_taskflow.py
[2025-07-03T18:22:44.147+0000] {processor.py:830} INFO - Processing file /home/airflow/.local/lib/python3.8/site-packages/airflow/example_dags/example_setup_teardown_taskflow.py for tasks to queue
[2025-07-03T18:22:44.149+0000] {logging_mixin.py:188} INFO - [2025-07-03T18:22:44.149+0000] {dagbag.py:538} INFO - Filling up the DagBag from /home/airflow/.local/lib/python3.8/site-packages/airflow/example_dags/example_setup_teardown_taskflow.py
[2025-07-03T18:22:44.164+0000] {processor.py:840} INFO - DAG(s) 'example_setup_teardown_taskflow' retrieved from /home/airflow/.local/lib/python3.8/site-packages/airflow/example_dags/example_setup_teardown_taskflow.py
[2025-07-03T18:22:44.201+0000] {logging_mixin.py:188} INFO - [2025-07-03T18:22:44.201+0000] {dag.py:3036} INFO - Sync 1 DAGs
[2025-07-03T18:22:44.243+0000] {logging_mixin.py:188} INFO - [2025-07-03T18:22:44.242+0000] {dag.py:3823} INFO - Setting next_dagrun for example_setup_teardown_taskflow to 2025-07-02 00:00:00+00:00, run_after=2025-07-03 00:00:00+00:00
[2025-07-03T18:22:44.277+0000] {processor.py:183} INFO - Processing /home/airflow/.local/lib/python3.8/site-packages/airflow/example_dags/example_setup_teardown_taskflow.py took 0.136 seconds
[2025-07-03T18:23:14.596+0000] {processor.py:161} INFO - Started process (PID=370) to work on /home/airflow/.local/lib/python3.8/site-packages/airflow/example_dags/example_setup_teardown_taskflow.py
[2025-07-03T18:23:14.609+0000] {processor.py:830} INFO - Processing file /home/airflow/.local/lib/python3.8/site-packages/airflow/example_dags/example_setup_teardown_taskflow.py for tasks to queue
[2025-07-03T18:23:14.612+0000] {logging_mixin.py:188} INFO - [2025-07-03T18:23:14.611+0000] {dagbag.py:538} INFO - Filling up the DagBag from /home/airflow/.local/lib/python3.8/site-packages/airflow/example_dags/example_setup_teardown_taskflow.py
[2025-07-03T18:23:14.647+0000] {processor.py:840} INFO - DAG(s) 'example_setup_teardown_taskflow' retrieved from /home/airflow/.local/lib/python3.8/site-packages/airflow/example_dags/example_setup_teardown_taskflow.py
[2025-07-03T18:23:14.708+0000] {logging_mixin.py:188} INFO - [2025-07-03T18:23:14.708+0000] {dag.py:3036} INFO - Sync 1 DAGs
[2025-07-03T18:23:14.754+0000] {logging_mixin.py:188} INFO - [2025-07-03T18:23:14.754+0000] {dag.py:3823} INFO - Setting next_dagrun for example_setup_teardown_taskflow to 2025-07-02 00:00:00+00:00, run_after=2025-07-03 00:00:00+00:00
[2025-07-03T18:23:14.815+0000] {processor.py:183} INFO - Processing /home/airflow/.local/lib/python3.8/site-packages/airflow/example_dags/example_setup_teardown_taskflow.py took 0.231 seconds
[2025-07-03T18:23:45.014+0000] {processor.py:161} INFO - Started process (PID=435) to work on /home/airflow/.local/lib/python3.8/site-packages/airflow/example_dags/example_setup_teardown_taskflow.py
[2025-07-03T18:23:45.015+0000] {processor.py:830} INFO - Processing file /home/airflow/.local/lib/python3.8/site-packages/airflow/example_dags/example_setup_teardown_taskflow.py for tasks to queue
[2025-07-03T18:23:45.017+0000] {logging_mixin.py:188} INFO - [2025-07-03T18:23:45.016+0000] {dagbag.py:538} INFO - Filling up the DagBag from /home/airflow/.local/lib/python3.8/site-packages/airflow/example_dags/example_setup_teardown_taskflow.py
[2025-07-03T18:23:45.055+0000] {processor.py:840} INFO - DAG(s) 'example_setup_teardown_taskflow' retrieved from /home/airflow/.local/lib/python3.8/site-packages/airflow/example_dags/example_setup_teardown_taskflow.py
[2025-07-03T18:23:45.116+0000] {logging_mixin.py:188} INFO - [2025-07-03T18:23:45.116+0000] {dag.py:3036} INFO - Sync 1 DAGs
[2025-07-03T18:23:45.163+0000] {logging_mixin.py:188} INFO - [2025-07-03T18:23:45.162+0000] {dag.py:3823} INFO - Setting next_dagrun for example_setup_teardown_taskflow to 2025-07-02 00:00:00+00:00, run_after=2025-07-03 00:00:00+00:00
[2025-07-03T18:23:45.206+0000] {processor.py:183} INFO - Processing /home/airflow/.local/lib/python3.8/site-packages/airflow/example_dags/example_setup_teardown_taskflow.py took 0.202 seconds
[2025-07-03T18:24:15.743+0000] {processor.py:161} INFO - Started process (PID=501) to work on /home/airflow/.local/lib/python3.8/site-packages/airflow/example_dags/example_setup_teardown_taskflow.py
[2025-07-03T18:24:15.761+0000] {processor.py:830} INFO - Processing file /home/airflow/.local/lib/python3.8/site-packages/airflow/example_dags/example_setup_teardown_taskflow.py for tasks to queue
[2025-07-03T18:24:15.770+0000] {logging_mixin.py:188} INFO - [2025-07-03T18:24:15.769+0000] {dagbag.py:538} INFO - Filling up the DagBag from /home/airflow/.local/lib/python3.8/site-packages/airflow/example_dags/example_setup_teardown_taskflow.py
[2025-07-03T18:24:15.803+0000] {processor.py:840} INFO - DAG(s) 'example_setup_teardown_taskflow' retrieved from /home/airflow/.local/lib/python3.8/site-packages/airflow/example_dags/example_setup_teardown_taskflow.py
[2025-07-03T18:24:15.875+0000] {logging_mixin.py:188} INFO - [2025-07-03T18:24:15.875+0000] {dag.py:3036} INFO - Sync 1 DAGs
[2025-07-03T18:24:15.914+0000] {logging_mixin.py:188} INFO - [2025-07-03T18:24:15.913+0000] {dag.py:3823} INFO - Setting next_dagrun for example_setup_teardown_taskflow to 2025-07-02 00:00:00+00:00, run_after=2025-07-03 00:00:00+00:00
[2025-07-03T18:24:15.958+0000] {processor.py:183} INFO - Processing /home/airflow/.local/lib/python3.8/site-packages/airflow/example_dags/example_setup_teardown_taskflow.py took 0.229 seconds
