[2025-07-03T17:35:48.663+0000] {processor.py:161} INFO - Started process (PID=254) to work on /home/airflow/.local/lib/python3.8/site-packages/airflow/example_dags/example_setup_teardown.py
[2025-07-03T17:35:48.690+0000] {processor.py:830} INFO - Processing file /home/airflow/.local/lib/python3.8/site-packages/airflow/example_dags/example_setup_teardown.py for tasks to queue
[2025-07-03T17:35:48.742+0000] {logging_mixin.py:188} INFO - [2025-07-03T17:35:48.741+0000] {dagbag.py:538} INFO - Filling up the DagBag from /home/airflow/.local/lib/python3.8/site-packages/airflow/example_dags/example_setup_teardown.py
[2025-07-03T17:35:48.829+0000] {processor.py:840} INFO - DAG(s) 'example_setup_teardown' retrieved from /home/airflow/.local/lib/python3.8/site-packages/airflow/example_dags/example_setup_teardown.py
[2025-07-03T17:35:50.246+0000] {logging_mixin.py:188} INFO - [2025-07-03T17:35:50.245+0000] {dag.py:3036} INFO - Sync 1 DAGs
[2025-07-03T17:35:50.581+0000] {logging_mixin.py:188} INFO - [2025-07-03T17:35:50.581+0000] {dag.py:3823} INFO - Setting next_dagrun for example_setup_teardown to 2025-07-02 00:00:00+00:00, run_after=2025-07-03 00:00:00+00:00
[2025-07-03T17:35:50.809+0000] {processor.py:183} INFO - Processing /home/airflow/.local/lib/python3.8/site-packages/airflow/example_dags/example_setup_teardown.py took 2.167 seconds
[2025-07-03T17:36:21.187+0000] {processor.py:161} INFO - Started process (PID=312) to work on /home/airflow/.local/lib/python3.8/site-packages/airflow/example_dags/example_setup_teardown.py
[2025-07-03T17:36:21.200+0000] {processor.py:830} INFO - Processing file /home/airflow/.local/lib/python3.8/site-packages/airflow/example_dags/example_setup_teardown.py for tasks to queue
[2025-07-03T17:36:21.214+0000] {logging_mixin.py:188} INFO - [2025-07-03T17:36:21.213+0000] {dagbag.py:538} INFO - Filling up the DagBag from /home/airflow/.local/lib/python3.8/site-packages/airflow/example_dags/example_setup_teardown.py
[2025-07-03T17:36:21.235+0000] {processor.py:840} INFO - DAG(s) 'example_setup_teardown' retrieved from /home/airflow/.local/lib/python3.8/site-packages/airflow/example_dags/example_setup_teardown.py
[2025-07-03T17:36:21.342+0000] {logging_mixin.py:188} INFO - [2025-07-03T17:36:21.341+0000] {dag.py:3036} INFO - Sync 1 DAGs
[2025-07-03T17:36:21.471+0000] {logging_mixin.py:188} INFO - [2025-07-03T17:36:21.471+0000] {dag.py:3823} INFO - Setting next_dagrun for example_setup_teardown to 2025-07-02 00:00:00+00:00, run_after=2025-07-03 00:00:00+00:00
[2025-07-03T17:36:21.665+0000] {processor.py:183} INFO - Processing /home/airflow/.local/lib/python3.8/site-packages/airflow/example_dags/example_setup_teardown.py took 0.520 seconds
[2025-07-03T17:36:52.012+0000] {processor.py:161} INFO - Started process (PID=377) to work on /home/airflow/.local/lib/python3.8/site-packages/airflow/example_dags/example_setup_teardown.py
[2025-07-03T17:36:52.039+0000] {processor.py:830} INFO - Processing file /home/airflow/.local/lib/python3.8/site-packages/airflow/example_dags/example_setup_teardown.py for tasks to queue
[2025-07-03T17:36:52.059+0000] {logging_mixin.py:188} INFO - [2025-07-03T17:36:52.058+0000] {dagbag.py:538} INFO - Filling up the DagBag from /home/airflow/.local/lib/python3.8/site-packages/airflow/example_dags/example_setup_teardown.py
[2025-07-03T17:36:52.122+0000] {processor.py:840} INFO - DAG(s) 'example_setup_teardown' retrieved from /home/airflow/.local/lib/python3.8/site-packages/airflow/example_dags/example_setup_teardown.py
[2025-07-03T17:36:52.282+0000] {logging_mixin.py:188} INFO - [2025-07-03T17:36:52.281+0000] {dag.py:3036} INFO - Sync 1 DAGs
[2025-07-03T17:36:52.461+0000] {logging_mixin.py:188} INFO - [2025-07-03T17:36:52.460+0000] {dag.py:3823} INFO - Setting next_dagrun for example_setup_teardown to 2025-07-02 00:00:00+00:00, run_after=2025-07-03 00:00:00+00:00
[2025-07-03T17:36:52.649+0000] {processor.py:183} INFO - Processing /home/airflow/.local/lib/python3.8/site-packages/airflow/example_dags/example_setup_teardown.py took 0.679 seconds
[2025-07-03T17:37:23.162+0000] {processor.py:161} INFO - Started process (PID=433) to work on /home/airflow/.local/lib/python3.8/site-packages/airflow/example_dags/example_setup_teardown.py
[2025-07-03T17:37:23.169+0000] {processor.py:830} INFO - Processing file /home/airflow/.local/lib/python3.8/site-packages/airflow/example_dags/example_setup_teardown.py for tasks to queue
[2025-07-03T17:37:23.178+0000] {logging_mixin.py:188} INFO - [2025-07-03T17:37:23.177+0000] {dagbag.py:538} INFO - Filling up the DagBag from /home/airflow/.local/lib/python3.8/site-packages/airflow/example_dags/example_setup_teardown.py
[2025-07-03T17:37:23.230+0000] {processor.py:840} INFO - DAG(s) 'example_setup_teardown' retrieved from /home/airflow/.local/lib/python3.8/site-packages/airflow/example_dags/example_setup_teardown.py
[2025-07-03T17:37:23.325+0000] {logging_mixin.py:188} INFO - [2025-07-03T17:37:23.324+0000] {dag.py:3036} INFO - Sync 1 DAGs
[2025-07-03T17:37:23.417+0000] {logging_mixin.py:188} INFO - [2025-07-03T17:37:23.416+0000] {dag.py:3823} INFO - Setting next_dagrun for example_setup_teardown to 2025-07-02 00:00:00+00:00, run_after=2025-07-03 00:00:00+00:00
[2025-07-03T17:37:23.486+0000] {processor.py:183} INFO - Processing /home/airflow/.local/lib/python3.8/site-packages/airflow/example_dags/example_setup_teardown.py took 0.337 seconds
[2025-07-03T17:37:53.709+0000] {processor.py:161} INFO - Started process (PID=496) to work on /home/airflow/.local/lib/python3.8/site-packages/airflow/example_dags/example_setup_teardown.py
[2025-07-03T17:37:53.727+0000] {processor.py:830} INFO - Processing file /home/airflow/.local/lib/python3.8/site-packages/airflow/example_dags/example_setup_teardown.py for tasks to queue
[2025-07-03T17:37:53.735+0000] {logging_mixin.py:188} INFO - [2025-07-03T17:37:53.731+0000] {dagbag.py:538} INFO - Filling up the DagBag from /home/airflow/.local/lib/python3.8/site-packages/airflow/example_dags/example_setup_teardown.py
[2025-07-03T17:37:53.758+0000] {processor.py:840} INFO - DAG(s) 'example_setup_teardown' retrieved from /home/airflow/.local/lib/python3.8/site-packages/airflow/example_dags/example_setup_teardown.py
[2025-07-03T17:37:53.826+0000] {logging_mixin.py:188} INFO - [2025-07-03T17:37:53.824+0000] {dag.py:3036} INFO - Sync 1 DAGs
[2025-07-03T17:37:53.971+0000] {logging_mixin.py:188} INFO - [2025-07-03T17:37:53.970+0000] {dag.py:3823} INFO - Setting next_dagrun for example_setup_teardown to 2025-07-02 00:00:00+00:00, run_after=2025-07-03 00:00:00+00:00
[2025-07-03T17:37:54.071+0000] {processor.py:183} INFO - Processing /home/airflow/.local/lib/python3.8/site-packages/airflow/example_dags/example_setup_teardown.py took 0.366 seconds
[2025-07-03T17:38:24.154+0000] {processor.py:161} INFO - Started process (PID=553) to work on /home/airflow/.local/lib/python3.8/site-packages/airflow/example_dags/example_setup_teardown.py
[2025-07-03T17:38:24.157+0000] {processor.py:830} INFO - Processing file /home/airflow/.local/lib/python3.8/site-packages/airflow/example_dags/example_setup_teardown.py for tasks to queue
[2025-07-03T17:38:24.160+0000] {logging_mixin.py:188} INFO - [2025-07-03T17:38:24.160+0000] {dagbag.py:538} INFO - Filling up the DagBag from /home/airflow/.local/lib/python3.8/site-packages/airflow/example_dags/example_setup_teardown.py
[2025-07-03T17:38:24.173+0000] {processor.py:840} INFO - DAG(s) 'example_setup_teardown' retrieved from /home/airflow/.local/lib/python3.8/site-packages/airflow/example_dags/example_setup_teardown.py
[2025-07-03T17:38:24.238+0000] {logging_mixin.py:188} INFO - [2025-07-03T17:38:24.238+0000] {dag.py:3036} INFO - Sync 1 DAGs
[2025-07-03T17:38:24.277+0000] {logging_mixin.py:188} INFO - [2025-07-03T17:38:24.277+0000] {dag.py:3823} INFO - Setting next_dagrun for example_setup_teardown to 2025-07-02 00:00:00+00:00, run_after=2025-07-03 00:00:00+00:00
[2025-07-03T17:38:24.349+0000] {processor.py:183} INFO - Processing /home/airflow/.local/lib/python3.8/site-packages/airflow/example_dags/example_setup_teardown.py took 0.200 seconds
[2025-07-03T17:38:54.694+0000] {processor.py:161} INFO - Started process (PID=617) to work on /home/airflow/.local/lib/python3.8/site-packages/airflow/example_dags/example_setup_teardown.py
[2025-07-03T17:38:54.695+0000] {processor.py:830} INFO - Processing file /home/airflow/.local/lib/python3.8/site-packages/airflow/example_dags/example_setup_teardown.py for tasks to queue
[2025-07-03T17:38:54.697+0000] {logging_mixin.py:188} INFO - [2025-07-03T17:38:54.697+0000] {dagbag.py:538} INFO - Filling up the DagBag from /home/airflow/.local/lib/python3.8/site-packages/airflow/example_dags/example_setup_teardown.py
[2025-07-03T17:38:54.709+0000] {processor.py:840} INFO - DAG(s) 'example_setup_teardown' retrieved from /home/airflow/.local/lib/python3.8/site-packages/airflow/example_dags/example_setup_teardown.py
[2025-07-03T17:38:54.739+0000] {logging_mixin.py:188} INFO - [2025-07-03T17:38:54.739+0000] {dag.py:3036} INFO - Sync 1 DAGs
[2025-07-03T17:38:54.772+0000] {logging_mixin.py:188} INFO - [2025-07-03T17:38:54.772+0000] {dag.py:3823} INFO - Setting next_dagrun for example_setup_teardown to 2025-07-02 00:00:00+00:00, run_after=2025-07-03 00:00:00+00:00
[2025-07-03T17:38:54.799+0000] {processor.py:183} INFO - Processing /home/airflow/.local/lib/python3.8/site-packages/airflow/example_dags/example_setup_teardown.py took 0.110 seconds
[2025-07-03T17:39:25.200+0000] {processor.py:161} INFO - Started process (PID=682) to work on /home/airflow/.local/lib/python3.8/site-packages/airflow/example_dags/example_setup_teardown.py
[2025-07-03T17:39:25.203+0000] {processor.py:830} INFO - Processing file /home/airflow/.local/lib/python3.8/site-packages/airflow/example_dags/example_setup_teardown.py for tasks to queue
[2025-07-03T17:39:25.214+0000] {logging_mixin.py:188} INFO - [2025-07-03T17:39:25.212+0000] {dagbag.py:538} INFO - Filling up the DagBag from /home/airflow/.local/lib/python3.8/site-packages/airflow/example_dags/example_setup_teardown.py
[2025-07-03T17:39:25.232+0000] {processor.py:840} INFO - DAG(s) 'example_setup_teardown' retrieved from /home/airflow/.local/lib/python3.8/site-packages/airflow/example_dags/example_setup_teardown.py
[2025-07-03T17:39:25.282+0000] {logging_mixin.py:188} INFO - [2025-07-03T17:39:25.282+0000] {dag.py:3036} INFO - Sync 1 DAGs
[2025-07-03T17:39:25.323+0000] {logging_mixin.py:188} INFO - [2025-07-03T17:39:25.323+0000] {dag.py:3823} INFO - Setting next_dagrun for example_setup_teardown to 2025-07-02 00:00:00+00:00, run_after=2025-07-03 00:00:00+00:00
[2025-07-03T17:39:25.352+0000] {processor.py:183} INFO - Processing /home/airflow/.local/lib/python3.8/site-packages/airflow/example_dags/example_setup_teardown.py took 0.160 seconds
[2025-07-03T17:39:58.159+0000] {processor.py:161} INFO - Started process (PID=748) to work on /home/airflow/.local/lib/python3.8/site-packages/airflow/example_dags/example_setup_teardown.py
[2025-07-03T17:39:58.173+0000] {processor.py:830} INFO - Processing file /home/airflow/.local/lib/python3.8/site-packages/airflow/example_dags/example_setup_teardown.py for tasks to queue
[2025-07-03T17:39:58.185+0000] {logging_mixin.py:188} INFO - [2025-07-03T17:39:58.181+0000] {dagbag.py:538} INFO - Filling up the DagBag from /home/airflow/.local/lib/python3.8/site-packages/airflow/example_dags/example_setup_teardown.py
[2025-07-03T17:39:58.235+0000] {processor.py:840} INFO - DAG(s) 'example_setup_teardown' retrieved from /home/airflow/.local/lib/python3.8/site-packages/airflow/example_dags/example_setup_teardown.py
[2025-07-03T17:39:58.369+0000] {logging_mixin.py:188} INFO - [2025-07-03T17:39:58.368+0000] {dag.py:3036} INFO - Sync 1 DAGs
[2025-07-03T17:39:58.574+0000] {logging_mixin.py:188} INFO - [2025-07-03T17:39:58.574+0000] {dag.py:3823} INFO - Setting next_dagrun for example_setup_teardown to 2025-07-02 00:00:00+00:00, run_after=2025-07-03 00:00:00+00:00
[2025-07-03T17:39:58.726+0000] {processor.py:183} INFO - Processing /home/airflow/.local/lib/python3.8/site-packages/airflow/example_dags/example_setup_teardown.py took 0.584 seconds
[2025-07-03T17:40:29.914+0000] {processor.py:161} INFO - Started process (PID=814) to work on /home/airflow/.local/lib/python3.8/site-packages/airflow/example_dags/example_setup_teardown.py
[2025-07-03T17:40:29.925+0000] {processor.py:830} INFO - Processing file /home/airflow/.local/lib/python3.8/site-packages/airflow/example_dags/example_setup_teardown.py for tasks to queue
[2025-07-03T17:40:29.928+0000] {logging_mixin.py:188} INFO - [2025-07-03T17:40:29.928+0000] {dagbag.py:538} INFO - Filling up the DagBag from /home/airflow/.local/lib/python3.8/site-packages/airflow/example_dags/example_setup_teardown.py
[2025-07-03T17:40:29.948+0000] {processor.py:840} INFO - DAG(s) 'example_setup_teardown' retrieved from /home/airflow/.local/lib/python3.8/site-packages/airflow/example_dags/example_setup_teardown.py
[2025-07-03T17:40:30.050+0000] {logging_mixin.py:188} INFO - [2025-07-03T17:40:30.049+0000] {dag.py:3036} INFO - Sync 1 DAGs
[2025-07-03T17:40:30.187+0000] {logging_mixin.py:188} INFO - [2025-07-03T17:40:30.187+0000] {dag.py:3823} INFO - Setting next_dagrun for example_setup_teardown to 2025-07-02 00:00:00+00:00, run_after=2025-07-03 00:00:00+00:00
[2025-07-03T17:40:30.273+0000] {processor.py:183} INFO - Processing /home/airflow/.local/lib/python3.8/site-packages/airflow/example_dags/example_setup_teardown.py took 0.388 seconds
[2025-07-03T17:41:00.362+0000] {processor.py:161} INFO - Started process (PID=875) to work on /home/airflow/.local/lib/python3.8/site-packages/airflow/example_dags/example_setup_teardown.py
[2025-07-03T17:41:00.363+0000] {processor.py:830} INFO - Processing file /home/airflow/.local/lib/python3.8/site-packages/airflow/example_dags/example_setup_teardown.py for tasks to queue
[2025-07-03T17:41:00.366+0000] {logging_mixin.py:188} INFO - [2025-07-03T17:41:00.365+0000] {dagbag.py:538} INFO - Filling up the DagBag from /home/airflow/.local/lib/python3.8/site-packages/airflow/example_dags/example_setup_teardown.py
[2025-07-03T17:41:00.376+0000] {processor.py:840} INFO - DAG(s) 'example_setup_teardown' retrieved from /home/airflow/.local/lib/python3.8/site-packages/airflow/example_dags/example_setup_teardown.py
[2025-07-03T17:41:00.407+0000] {logging_mixin.py:188} INFO - [2025-07-03T17:41:00.407+0000] {dag.py:3036} INFO - Sync 1 DAGs
[2025-07-03T17:41:00.449+0000] {logging_mixin.py:188} INFO - [2025-07-03T17:41:00.449+0000] {dag.py:3823} INFO - Setting next_dagrun for example_setup_teardown to 2025-07-02 00:00:00+00:00, run_after=2025-07-03 00:00:00+00:00
[2025-07-03T17:41:00.481+0000] {processor.py:183} INFO - Processing /home/airflow/.local/lib/python3.8/site-packages/airflow/example_dags/example_setup_teardown.py took 0.123 seconds
[2025-07-03T17:41:31.306+0000] {processor.py:161} INFO - Started process (PID=942) to work on /home/airflow/.local/lib/python3.8/site-packages/airflow/example_dags/example_setup_teardown.py
[2025-07-03T17:41:31.311+0000] {processor.py:830} INFO - Processing file /home/airflow/.local/lib/python3.8/site-packages/airflow/example_dags/example_setup_teardown.py for tasks to queue
[2025-07-03T17:41:31.316+0000] {logging_mixin.py:188} INFO - [2025-07-03T17:41:31.316+0000] {dagbag.py:538} INFO - Filling up the DagBag from /home/airflow/.local/lib/python3.8/site-packages/airflow/example_dags/example_setup_teardown.py
[2025-07-03T17:41:31.347+0000] {processor.py:840} INFO - DAG(s) 'example_setup_teardown' retrieved from /home/airflow/.local/lib/python3.8/site-packages/airflow/example_dags/example_setup_teardown.py
[2025-07-03T17:41:31.380+0000] {logging_mixin.py:188} INFO - [2025-07-03T17:41:31.379+0000] {dag.py:3036} INFO - Sync 1 DAGs
[2025-07-03T17:41:31.439+0000] {logging_mixin.py:188} INFO - [2025-07-03T17:41:31.439+0000] {dag.py:3823} INFO - Setting next_dagrun for example_setup_teardown to 2025-07-02 00:00:00+00:00, run_after=2025-07-03 00:00:00+00:00
[2025-07-03T17:41:31.479+0000] {processor.py:183} INFO - Processing /home/airflow/.local/lib/python3.8/site-packages/airflow/example_dags/example_setup_teardown.py took 0.177 seconds
[2025-07-03T17:42:01.902+0000] {processor.py:161} INFO - Started process (PID=1007) to work on /home/airflow/.local/lib/python3.8/site-packages/airflow/example_dags/example_setup_teardown.py
[2025-07-03T17:42:01.903+0000] {processor.py:830} INFO - Processing file /home/airflow/.local/lib/python3.8/site-packages/airflow/example_dags/example_setup_teardown.py for tasks to queue
[2025-07-03T17:42:01.906+0000] {logging_mixin.py:188} INFO - [2025-07-03T17:42:01.906+0000] {dagbag.py:538} INFO - Filling up the DagBag from /home/airflow/.local/lib/python3.8/site-packages/airflow/example_dags/example_setup_teardown.py
[2025-07-03T17:42:01.920+0000] {processor.py:840} INFO - DAG(s) 'example_setup_teardown' retrieved from /home/airflow/.local/lib/python3.8/site-packages/airflow/example_dags/example_setup_teardown.py
[2025-07-03T17:42:01.978+0000] {logging_mixin.py:188} INFO - [2025-07-03T17:42:01.976+0000] {dag.py:3036} INFO - Sync 1 DAGs
[2025-07-03T17:42:02.063+0000] {logging_mixin.py:188} INFO - [2025-07-03T17:42:02.060+0000] {dag.py:3823} INFO - Setting next_dagrun for example_setup_teardown to 2025-07-02 00:00:00+00:00, run_after=2025-07-03 00:00:00+00:00
[2025-07-03T17:42:02.153+0000] {processor.py:183} INFO - Processing /home/airflow/.local/lib/python3.8/site-packages/airflow/example_dags/example_setup_teardown.py took 0.256 seconds
[2025-07-03T17:42:32.325+0000] {processor.py:161} INFO - Started process (PID=1072) to work on /home/airflow/.local/lib/python3.8/site-packages/airflow/example_dags/example_setup_teardown.py
[2025-07-03T17:42:32.327+0000] {processor.py:830} INFO - Processing file /home/airflow/.local/lib/python3.8/site-packages/airflow/example_dags/example_setup_teardown.py for tasks to queue
[2025-07-03T17:42:32.330+0000] {logging_mixin.py:188} INFO - [2025-07-03T17:42:32.329+0000] {dagbag.py:538} INFO - Filling up the DagBag from /home/airflow/.local/lib/python3.8/site-packages/airflow/example_dags/example_setup_teardown.py
[2025-07-03T17:42:32.342+0000] {processor.py:840} INFO - DAG(s) 'example_setup_teardown' retrieved from /home/airflow/.local/lib/python3.8/site-packages/airflow/example_dags/example_setup_teardown.py
[2025-07-03T17:42:32.378+0000] {logging_mixin.py:188} INFO - [2025-07-03T17:42:32.377+0000] {dag.py:3036} INFO - Sync 1 DAGs
[2025-07-03T17:42:32.446+0000] {logging_mixin.py:188} INFO - [2025-07-03T17:42:32.446+0000] {dag.py:3823} INFO - Setting next_dagrun for example_setup_teardown to 2025-07-02 00:00:00+00:00, run_after=2025-07-03 00:00:00+00:00
[2025-07-03T17:42:32.487+0000] {processor.py:183} INFO - Processing /home/airflow/.local/lib/python3.8/site-packages/airflow/example_dags/example_setup_teardown.py took 0.166 seconds
[2025-07-03T17:43:02.567+0000] {processor.py:161} INFO - Started process (PID=1137) to work on /home/airflow/.local/lib/python3.8/site-packages/airflow/example_dags/example_setup_teardown.py
[2025-07-03T17:43:02.569+0000] {processor.py:830} INFO - Processing file /home/airflow/.local/lib/python3.8/site-packages/airflow/example_dags/example_setup_teardown.py for tasks to queue
[2025-07-03T17:43:02.571+0000] {logging_mixin.py:188} INFO - [2025-07-03T17:43:02.571+0000] {dagbag.py:538} INFO - Filling up the DagBag from /home/airflow/.local/lib/python3.8/site-packages/airflow/example_dags/example_setup_teardown.py
[2025-07-03T17:43:02.579+0000] {processor.py:840} INFO - DAG(s) 'example_setup_teardown' retrieved from /home/airflow/.local/lib/python3.8/site-packages/airflow/example_dags/example_setup_teardown.py
[2025-07-03T17:43:02.605+0000] {logging_mixin.py:188} INFO - [2025-07-03T17:43:02.604+0000] {dag.py:3036} INFO - Sync 1 DAGs
[2025-07-03T17:43:02.635+0000] {logging_mixin.py:188} INFO - [2025-07-03T17:43:02.635+0000] {dag.py:3823} INFO - Setting next_dagrun for example_setup_teardown to 2025-07-02 00:00:00+00:00, run_after=2025-07-03 00:00:00+00:00
[2025-07-03T17:43:02.659+0000] {processor.py:183} INFO - Processing /home/airflow/.local/lib/python3.8/site-packages/airflow/example_dags/example_setup_teardown.py took 0.097 seconds
[2025-07-03T17:43:33.299+0000] {processor.py:161} INFO - Started process (PID=1203) to work on /home/airflow/.local/lib/python3.8/site-packages/airflow/example_dags/example_setup_teardown.py
[2025-07-03T17:43:33.300+0000] {processor.py:830} INFO - Processing file /home/airflow/.local/lib/python3.8/site-packages/airflow/example_dags/example_setup_teardown.py for tasks to queue
[2025-07-03T17:43:33.302+0000] {logging_mixin.py:188} INFO - [2025-07-03T17:43:33.302+0000] {dagbag.py:538} INFO - Filling up the DagBag from /home/airflow/.local/lib/python3.8/site-packages/airflow/example_dags/example_setup_teardown.py
[2025-07-03T17:43:33.313+0000] {processor.py:840} INFO - DAG(s) 'example_setup_teardown' retrieved from /home/airflow/.local/lib/python3.8/site-packages/airflow/example_dags/example_setup_teardown.py
[2025-07-03T17:43:33.347+0000] {logging_mixin.py:188} INFO - [2025-07-03T17:43:33.347+0000] {dag.py:3036} INFO - Sync 1 DAGs
[2025-07-03T17:43:33.389+0000] {logging_mixin.py:188} INFO - [2025-07-03T17:43:33.389+0000] {dag.py:3823} INFO - Setting next_dagrun for example_setup_teardown to 2025-07-02 00:00:00+00:00, run_after=2025-07-03 00:00:00+00:00
[2025-07-03T17:43:33.423+0000] {processor.py:183} INFO - Processing /home/airflow/.local/lib/python3.8/site-packages/airflow/example_dags/example_setup_teardown.py took 0.129 seconds
[2025-07-03T17:44:04.197+0000] {processor.py:161} INFO - Started process (PID=1268) to work on /home/airflow/.local/lib/python3.8/site-packages/airflow/example_dags/example_setup_teardown.py
[2025-07-03T17:44:04.206+0000] {processor.py:830} INFO - Processing file /home/airflow/.local/lib/python3.8/site-packages/airflow/example_dags/example_setup_teardown.py for tasks to queue
[2025-07-03T17:44:04.213+0000] {logging_mixin.py:188} INFO - [2025-07-03T17:44:04.212+0000] {dagbag.py:538} INFO - Filling up the DagBag from /home/airflow/.local/lib/python3.8/site-packages/airflow/example_dags/example_setup_teardown.py
[2025-07-03T17:44:04.235+0000] {processor.py:840} INFO - DAG(s) 'example_setup_teardown' retrieved from /home/airflow/.local/lib/python3.8/site-packages/airflow/example_dags/example_setup_teardown.py
[2025-07-03T17:44:04.279+0000] {logging_mixin.py:188} INFO - [2025-07-03T17:44:04.279+0000] {dag.py:3036} INFO - Sync 1 DAGs
[2025-07-03T17:44:04.320+0000] {logging_mixin.py:188} INFO - [2025-07-03T17:44:04.319+0000] {dag.py:3823} INFO - Setting next_dagrun for example_setup_teardown to 2025-07-02 00:00:00+00:00, run_after=2025-07-03 00:00:00+00:00
[2025-07-03T17:44:04.350+0000] {processor.py:183} INFO - Processing /home/airflow/.local/lib/python3.8/site-packages/airflow/example_dags/example_setup_teardown.py took 0.158 seconds
[2025-07-03T17:44:34.948+0000] {processor.py:161} INFO - Started process (PID=1333) to work on /home/airflow/.local/lib/python3.8/site-packages/airflow/example_dags/example_setup_teardown.py
[2025-07-03T17:44:34.949+0000] {processor.py:830} INFO - Processing file /home/airflow/.local/lib/python3.8/site-packages/airflow/example_dags/example_setup_teardown.py for tasks to queue
[2025-07-03T17:44:34.951+0000] {logging_mixin.py:188} INFO - [2025-07-03T17:44:34.951+0000] {dagbag.py:538} INFO - Filling up the DagBag from /home/airflow/.local/lib/python3.8/site-packages/airflow/example_dags/example_setup_teardown.py
[2025-07-03T17:44:34.959+0000] {processor.py:840} INFO - DAG(s) 'example_setup_teardown' retrieved from /home/airflow/.local/lib/python3.8/site-packages/airflow/example_dags/example_setup_teardown.py
[2025-07-03T17:44:34.987+0000] {logging_mixin.py:188} INFO - [2025-07-03T17:44:34.987+0000] {dag.py:3036} INFO - Sync 1 DAGs
[2025-07-03T17:44:35.021+0000] {logging_mixin.py:188} INFO - [2025-07-03T17:44:35.020+0000] {dag.py:3823} INFO - Setting next_dagrun for example_setup_teardown to 2025-07-02 00:00:00+00:00, run_after=2025-07-03 00:00:00+00:00
[2025-07-03T17:44:35.053+0000] {processor.py:183} INFO - Processing /home/airflow/.local/lib/python3.8/site-packages/airflow/example_dags/example_setup_teardown.py took 0.108 seconds
[2025-07-03T17:45:05.916+0000] {processor.py:161} INFO - Started process (PID=1398) to work on /home/airflow/.local/lib/python3.8/site-packages/airflow/example_dags/example_setup_teardown.py
[2025-07-03T17:45:05.917+0000] {processor.py:830} INFO - Processing file /home/airflow/.local/lib/python3.8/site-packages/airflow/example_dags/example_setup_teardown.py for tasks to queue
[2025-07-03T17:45:05.920+0000] {logging_mixin.py:188} INFO - [2025-07-03T17:45:05.920+0000] {dagbag.py:538} INFO - Filling up the DagBag from /home/airflow/.local/lib/python3.8/site-packages/airflow/example_dags/example_setup_teardown.py
[2025-07-03T17:45:05.931+0000] {processor.py:840} INFO - DAG(s) 'example_setup_teardown' retrieved from /home/airflow/.local/lib/python3.8/site-packages/airflow/example_dags/example_setup_teardown.py
[2025-07-03T17:45:05.990+0000] {logging_mixin.py:188} INFO - [2025-07-03T17:45:05.990+0000] {dag.py:3036} INFO - Sync 1 DAGs
[2025-07-03T17:45:06.038+0000] {logging_mixin.py:188} INFO - [2025-07-03T17:45:06.037+0000] {dag.py:3823} INFO - Setting next_dagrun for example_setup_teardown to 2025-07-02 00:00:00+00:00, run_after=2025-07-03 00:00:00+00:00
[2025-07-03T17:45:06.079+0000] {processor.py:183} INFO - Processing /home/airflow/.local/lib/python3.8/site-packages/airflow/example_dags/example_setup_teardown.py took 0.168 seconds
[2025-07-03T17:45:37.252+0000] {processor.py:161} INFO - Started process (PID=1463) to work on /home/airflow/.local/lib/python3.8/site-packages/airflow/example_dags/example_setup_teardown.py
[2025-07-03T17:45:37.254+0000] {processor.py:830} INFO - Processing file /home/airflow/.local/lib/python3.8/site-packages/airflow/example_dags/example_setup_teardown.py for tasks to queue
[2025-07-03T17:45:37.257+0000] {logging_mixin.py:188} INFO - [2025-07-03T17:45:37.257+0000] {dagbag.py:538} INFO - Filling up the DagBag from /home/airflow/.local/lib/python3.8/site-packages/airflow/example_dags/example_setup_teardown.py
[2025-07-03T17:45:37.276+0000] {processor.py:840} INFO - DAG(s) 'example_setup_teardown' retrieved from /home/airflow/.local/lib/python3.8/site-packages/airflow/example_dags/example_setup_teardown.py
[2025-07-03T17:45:37.305+0000] {logging_mixin.py:188} INFO - [2025-07-03T17:45:37.305+0000] {dag.py:3036} INFO - Sync 1 DAGs
[2025-07-03T17:45:37.337+0000] {logging_mixin.py:188} INFO - [2025-07-03T17:45:37.337+0000] {dag.py:3823} INFO - Setting next_dagrun for example_setup_teardown to 2025-07-02 00:00:00+00:00, run_after=2025-07-03 00:00:00+00:00
[2025-07-03T17:45:37.364+0000] {processor.py:183} INFO - Processing /home/airflow/.local/lib/python3.8/site-packages/airflow/example_dags/example_setup_teardown.py took 0.117 seconds
[2025-07-03T17:46:08.129+0000] {processor.py:161} INFO - Started process (PID=1528) to work on /home/airflow/.local/lib/python3.8/site-packages/airflow/example_dags/example_setup_teardown.py
[2025-07-03T17:46:08.145+0000] {processor.py:830} INFO - Processing file /home/airflow/.local/lib/python3.8/site-packages/airflow/example_dags/example_setup_teardown.py for tasks to queue
[2025-07-03T17:46:08.148+0000] {logging_mixin.py:188} INFO - [2025-07-03T17:46:08.147+0000] {dagbag.py:538} INFO - Filling up the DagBag from /home/airflow/.local/lib/python3.8/site-packages/airflow/example_dags/example_setup_teardown.py
[2025-07-03T17:46:08.162+0000] {processor.py:840} INFO - DAG(s) 'example_setup_teardown' retrieved from /home/airflow/.local/lib/python3.8/site-packages/airflow/example_dags/example_setup_teardown.py
[2025-07-03T17:46:08.232+0000] {logging_mixin.py:188} INFO - [2025-07-03T17:46:08.231+0000] {dag.py:3036} INFO - Sync 1 DAGs
[2025-07-03T17:46:08.312+0000] {logging_mixin.py:188} INFO - [2025-07-03T17:46:08.311+0000] {dag.py:3823} INFO - Setting next_dagrun for example_setup_teardown to 2025-07-02 00:00:00+00:00, run_after=2025-07-03 00:00:00+00:00
[2025-07-03T17:46:08.370+0000] {processor.py:183} INFO - Processing /home/airflow/.local/lib/python3.8/site-packages/airflow/example_dags/example_setup_teardown.py took 0.246 seconds
[2025-07-03T17:46:39.202+0000] {processor.py:161} INFO - Started process (PID=1592) to work on /home/airflow/.local/lib/python3.8/site-packages/airflow/example_dags/example_setup_teardown.py
[2025-07-03T17:46:39.204+0000] {processor.py:830} INFO - Processing file /home/airflow/.local/lib/python3.8/site-packages/airflow/example_dags/example_setup_teardown.py for tasks to queue
[2025-07-03T17:46:39.206+0000] {logging_mixin.py:188} INFO - [2025-07-03T17:46:39.205+0000] {dagbag.py:538} INFO - Filling up the DagBag from /home/airflow/.local/lib/python3.8/site-packages/airflow/example_dags/example_setup_teardown.py
[2025-07-03T17:46:39.216+0000] {processor.py:840} INFO - DAG(s) 'example_setup_teardown' retrieved from /home/airflow/.local/lib/python3.8/site-packages/airflow/example_dags/example_setup_teardown.py
[2025-07-03T17:46:39.298+0000] {logging_mixin.py:188} INFO - [2025-07-03T17:46:39.297+0000] {dag.py:3036} INFO - Sync 1 DAGs
[2025-07-03T17:46:39.403+0000] {logging_mixin.py:188} INFO - [2025-07-03T17:46:39.403+0000] {dag.py:3823} INFO - Setting next_dagrun for example_setup_teardown to 2025-07-02 00:00:00+00:00, run_after=2025-07-03 00:00:00+00:00
[2025-07-03T17:46:39.514+0000] {processor.py:183} INFO - Processing /home/airflow/.local/lib/python3.8/site-packages/airflow/example_dags/example_setup_teardown.py took 0.326 seconds
[2025-07-03T17:47:09.799+0000] {processor.py:161} INFO - Started process (PID=1657) to work on /home/airflow/.local/lib/python3.8/site-packages/airflow/example_dags/example_setup_teardown.py
[2025-07-03T17:47:09.801+0000] {processor.py:830} INFO - Processing file /home/airflow/.local/lib/python3.8/site-packages/airflow/example_dags/example_setup_teardown.py for tasks to queue
[2025-07-03T17:47:09.805+0000] {logging_mixin.py:188} INFO - [2025-07-03T17:47:09.805+0000] {dagbag.py:538} INFO - Filling up the DagBag from /home/airflow/.local/lib/python3.8/site-packages/airflow/example_dags/example_setup_teardown.py
[2025-07-03T17:47:09.824+0000] {processor.py:840} INFO - DAG(s) 'example_setup_teardown' retrieved from /home/airflow/.local/lib/python3.8/site-packages/airflow/example_dags/example_setup_teardown.py
[2025-07-03T17:47:09.897+0000] {logging_mixin.py:188} INFO - [2025-07-03T17:47:09.897+0000] {dag.py:3036} INFO - Sync 1 DAGs
[2025-07-03T17:47:09.974+0000] {logging_mixin.py:188} INFO - [2025-07-03T17:47:09.974+0000] {dag.py:3823} INFO - Setting next_dagrun for example_setup_teardown to 2025-07-02 00:00:00+00:00, run_after=2025-07-03 00:00:00+00:00
[2025-07-03T17:47:10.017+0000] {processor.py:183} INFO - Processing /home/airflow/.local/lib/python3.8/site-packages/airflow/example_dags/example_setup_teardown.py took 0.223 seconds
[2025-07-03T17:47:40.238+0000] {processor.py:161} INFO - Started process (PID=1722) to work on /home/airflow/.local/lib/python3.8/site-packages/airflow/example_dags/example_setup_teardown.py
[2025-07-03T17:47:40.239+0000] {processor.py:830} INFO - Processing file /home/airflow/.local/lib/python3.8/site-packages/airflow/example_dags/example_setup_teardown.py for tasks to queue
[2025-07-03T17:47:40.241+0000] {logging_mixin.py:188} INFO - [2025-07-03T17:47:40.240+0000] {dagbag.py:538} INFO - Filling up the DagBag from /home/airflow/.local/lib/python3.8/site-packages/airflow/example_dags/example_setup_teardown.py
[2025-07-03T17:47:40.249+0000] {processor.py:840} INFO - DAG(s) 'example_setup_teardown' retrieved from /home/airflow/.local/lib/python3.8/site-packages/airflow/example_dags/example_setup_teardown.py
[2025-07-03T17:47:40.276+0000] {logging_mixin.py:188} INFO - [2025-07-03T17:47:40.276+0000] {dag.py:3036} INFO - Sync 1 DAGs
[2025-07-03T17:47:40.307+0000] {logging_mixin.py:188} INFO - [2025-07-03T17:47:40.307+0000] {dag.py:3823} INFO - Setting next_dagrun for example_setup_teardown to 2025-07-02 00:00:00+00:00, run_after=2025-07-03 00:00:00+00:00
[2025-07-03T17:47:40.331+0000] {processor.py:183} INFO - Processing /home/airflow/.local/lib/python3.8/site-packages/airflow/example_dags/example_setup_teardown.py took 0.097 seconds
[2025-07-03T17:48:10.661+0000] {processor.py:161} INFO - Started process (PID=1787) to work on /home/airflow/.local/lib/python3.8/site-packages/airflow/example_dags/example_setup_teardown.py
[2025-07-03T17:48:10.662+0000] {processor.py:830} INFO - Processing file /home/airflow/.local/lib/python3.8/site-packages/airflow/example_dags/example_setup_teardown.py for tasks to queue
[2025-07-03T17:48:10.665+0000] {logging_mixin.py:188} INFO - [2025-07-03T17:48:10.664+0000] {dagbag.py:538} INFO - Filling up the DagBag from /home/airflow/.local/lib/python3.8/site-packages/airflow/example_dags/example_setup_teardown.py
[2025-07-03T17:48:10.675+0000] {processor.py:840} INFO - DAG(s) 'example_setup_teardown' retrieved from /home/airflow/.local/lib/python3.8/site-packages/airflow/example_dags/example_setup_teardown.py
[2025-07-03T17:48:10.714+0000] {logging_mixin.py:188} INFO - [2025-07-03T17:48:10.714+0000] {dag.py:3036} INFO - Sync 1 DAGs
[2025-07-03T17:48:10.761+0000] {logging_mixin.py:188} INFO - [2025-07-03T17:48:10.761+0000] {dag.py:3823} INFO - Setting next_dagrun for example_setup_teardown to 2025-07-02 00:00:00+00:00, run_after=2025-07-03 00:00:00+00:00
[2025-07-03T17:48:10.843+0000] {processor.py:183} INFO - Processing /home/airflow/.local/lib/python3.8/site-packages/airflow/example_dags/example_setup_teardown.py took 0.186 seconds
[2025-07-03T17:48:41.257+0000] {processor.py:161} INFO - Started process (PID=1852) to work on /home/airflow/.local/lib/python3.8/site-packages/airflow/example_dags/example_setup_teardown.py
[2025-07-03T17:48:41.258+0000] {processor.py:830} INFO - Processing file /home/airflow/.local/lib/python3.8/site-packages/airflow/example_dags/example_setup_teardown.py for tasks to queue
[2025-07-03T17:48:41.261+0000] {logging_mixin.py:188} INFO - [2025-07-03T17:48:41.261+0000] {dagbag.py:538} INFO - Filling up the DagBag from /home/airflow/.local/lib/python3.8/site-packages/airflow/example_dags/example_setup_teardown.py
[2025-07-03T17:48:41.278+0000] {processor.py:840} INFO - DAG(s) 'example_setup_teardown' retrieved from /home/airflow/.local/lib/python3.8/site-packages/airflow/example_dags/example_setup_teardown.py
[2025-07-03T17:48:41.315+0000] {logging_mixin.py:188} INFO - [2025-07-03T17:48:41.315+0000] {dag.py:3036} INFO - Sync 1 DAGs
[2025-07-03T17:48:41.375+0000] {logging_mixin.py:188} INFO - [2025-07-03T17:48:41.374+0000] {dag.py:3823} INFO - Setting next_dagrun for example_setup_teardown to 2025-07-02 00:00:00+00:00, run_after=2025-07-03 00:00:00+00:00
[2025-07-03T17:48:41.410+0000] {processor.py:183} INFO - Processing /home/airflow/.local/lib/python3.8/site-packages/airflow/example_dags/example_setup_teardown.py took 0.158 seconds
[2025-07-03T17:49:12.416+0000] {processor.py:161} INFO - Started process (PID=1918) to work on /home/airflow/.local/lib/python3.8/site-packages/airflow/example_dags/example_setup_teardown.py
[2025-07-03T17:49:12.423+0000] {processor.py:830} INFO - Processing file /home/airflow/.local/lib/python3.8/site-packages/airflow/example_dags/example_setup_teardown.py for tasks to queue
[2025-07-03T17:49:12.426+0000] {logging_mixin.py:188} INFO - [2025-07-03T17:49:12.425+0000] {dagbag.py:538} INFO - Filling up the DagBag from /home/airflow/.local/lib/python3.8/site-packages/airflow/example_dags/example_setup_teardown.py
[2025-07-03T17:49:12.479+0000] {processor.py:840} INFO - DAG(s) 'example_setup_teardown' retrieved from /home/airflow/.local/lib/python3.8/site-packages/airflow/example_dags/example_setup_teardown.py
[2025-07-03T17:49:12.569+0000] {logging_mixin.py:188} INFO - [2025-07-03T17:49:12.569+0000] {dag.py:3036} INFO - Sync 1 DAGs
[2025-07-03T17:49:12.611+0000] {logging_mixin.py:188} INFO - [2025-07-03T17:49:12.611+0000] {dag.py:3823} INFO - Setting next_dagrun for example_setup_teardown to 2025-07-02 00:00:00+00:00, run_after=2025-07-03 00:00:00+00:00
[2025-07-03T17:49:12.662+0000] {processor.py:183} INFO - Processing /home/airflow/.local/lib/python3.8/site-packages/airflow/example_dags/example_setup_teardown.py took 0.268 seconds
[2025-07-03T17:49:43.286+0000] {processor.py:161} INFO - Started process (PID=1983) to work on /home/airflow/.local/lib/python3.8/site-packages/airflow/example_dags/example_setup_teardown.py
[2025-07-03T17:49:43.288+0000] {processor.py:830} INFO - Processing file /home/airflow/.local/lib/python3.8/site-packages/airflow/example_dags/example_setup_teardown.py for tasks to queue
[2025-07-03T17:49:43.291+0000] {logging_mixin.py:188} INFO - [2025-07-03T17:49:43.291+0000] {dagbag.py:538} INFO - Filling up the DagBag from /home/airflow/.local/lib/python3.8/site-packages/airflow/example_dags/example_setup_teardown.py
[2025-07-03T17:49:43.315+0000] {processor.py:840} INFO - DAG(s) 'example_setup_teardown' retrieved from /home/airflow/.local/lib/python3.8/site-packages/airflow/example_dags/example_setup_teardown.py
[2025-07-03T17:49:43.376+0000] {logging_mixin.py:188} INFO - [2025-07-03T17:49:43.375+0000] {dag.py:3036} INFO - Sync 1 DAGs
[2025-07-03T17:49:43.450+0000] {logging_mixin.py:188} INFO - [2025-07-03T17:49:43.450+0000] {dag.py:3823} INFO - Setting next_dagrun for example_setup_teardown to 2025-07-02 00:00:00+00:00, run_after=2025-07-03 00:00:00+00:00
[2025-07-03T17:49:43.548+0000] {processor.py:183} INFO - Processing /home/airflow/.local/lib/python3.8/site-packages/airflow/example_dags/example_setup_teardown.py took 0.268 seconds
[2025-07-03T17:50:13.792+0000] {processor.py:161} INFO - Started process (PID=2049) to work on /home/airflow/.local/lib/python3.8/site-packages/airflow/example_dags/example_setup_teardown.py
[2025-07-03T17:50:13.795+0000] {processor.py:830} INFO - Processing file /home/airflow/.local/lib/python3.8/site-packages/airflow/example_dags/example_setup_teardown.py for tasks to queue
[2025-07-03T17:50:13.802+0000] {logging_mixin.py:188} INFO - [2025-07-03T17:50:13.802+0000] {dagbag.py:538} INFO - Filling up the DagBag from /home/airflow/.local/lib/python3.8/site-packages/airflow/example_dags/example_setup_teardown.py
[2025-07-03T17:50:13.849+0000] {processor.py:840} INFO - DAG(s) 'example_setup_teardown' retrieved from /home/airflow/.local/lib/python3.8/site-packages/airflow/example_dags/example_setup_teardown.py
[2025-07-03T17:50:13.899+0000] {logging_mixin.py:188} INFO - [2025-07-03T17:50:13.898+0000] {dag.py:3036} INFO - Sync 1 DAGs
[2025-07-03T17:50:13.930+0000] {logging_mixin.py:188} INFO - [2025-07-03T17:50:13.929+0000] {dag.py:3823} INFO - Setting next_dagrun for example_setup_teardown to 2025-07-02 00:00:00+00:00, run_after=2025-07-03 00:00:00+00:00
[2025-07-03T17:50:13.954+0000] {processor.py:183} INFO - Processing /home/airflow/.local/lib/python3.8/site-packages/airflow/example_dags/example_setup_teardown.py took 0.188 seconds
[2025-07-03T17:50:44.658+0000] {processor.py:161} INFO - Started process (PID=2115) to work on /home/airflow/.local/lib/python3.8/site-packages/airflow/example_dags/example_setup_teardown.py
[2025-07-03T17:50:44.659+0000] {processor.py:830} INFO - Processing file /home/airflow/.local/lib/python3.8/site-packages/airflow/example_dags/example_setup_teardown.py for tasks to queue
[2025-07-03T17:50:44.661+0000] {logging_mixin.py:188} INFO - [2025-07-03T17:50:44.661+0000] {dagbag.py:538} INFO - Filling up the DagBag from /home/airflow/.local/lib/python3.8/site-packages/airflow/example_dags/example_setup_teardown.py
[2025-07-03T17:50:44.669+0000] {processor.py:840} INFO - DAG(s) 'example_setup_teardown' retrieved from /home/airflow/.local/lib/python3.8/site-packages/airflow/example_dags/example_setup_teardown.py
[2025-07-03T17:50:44.696+0000] {logging_mixin.py:188} INFO - [2025-07-03T17:50:44.696+0000] {dag.py:3036} INFO - Sync 1 DAGs
[2025-07-03T17:50:44.734+0000] {logging_mixin.py:188} INFO - [2025-07-03T17:50:44.733+0000] {dag.py:3823} INFO - Setting next_dagrun for example_setup_teardown to 2025-07-02 00:00:00+00:00, run_after=2025-07-03 00:00:00+00:00
[2025-07-03T17:50:44.774+0000] {processor.py:183} INFO - Processing /home/airflow/.local/lib/python3.8/site-packages/airflow/example_dags/example_setup_teardown.py took 0.120 seconds
[2025-07-03T17:51:15.209+0000] {processor.py:161} INFO - Started process (PID=2186) to work on /home/airflow/.local/lib/python3.8/site-packages/airflow/example_dags/example_setup_teardown.py
[2025-07-03T17:51:15.213+0000] {processor.py:830} INFO - Processing file /home/airflow/.local/lib/python3.8/site-packages/airflow/example_dags/example_setup_teardown.py for tasks to queue
[2025-07-03T17:51:15.216+0000] {logging_mixin.py:188} INFO - [2025-07-03T17:51:15.215+0000] {dagbag.py:538} INFO - Filling up the DagBag from /home/airflow/.local/lib/python3.8/site-packages/airflow/example_dags/example_setup_teardown.py
[2025-07-03T17:51:15.277+0000] {processor.py:840} INFO - DAG(s) 'example_setup_teardown' retrieved from /home/airflow/.local/lib/python3.8/site-packages/airflow/example_dags/example_setup_teardown.py
[2025-07-03T17:51:15.312+0000] {logging_mixin.py:188} INFO - [2025-07-03T17:51:15.311+0000] {dag.py:3036} INFO - Sync 1 DAGs
[2025-07-03T17:51:15.363+0000] {logging_mixin.py:188} INFO - [2025-07-03T17:51:15.362+0000] {dag.py:3823} INFO - Setting next_dagrun for example_setup_teardown to 2025-07-02 00:00:00+00:00, run_after=2025-07-03 00:00:00+00:00
[2025-07-03T17:51:15.414+0000] {processor.py:183} INFO - Processing /home/airflow/.local/lib/python3.8/site-packages/airflow/example_dags/example_setup_teardown.py took 0.238 seconds
[2025-07-03T17:51:46.064+0000] {processor.py:161} INFO - Started process (PID=2252) to work on /home/airflow/.local/lib/python3.8/site-packages/airflow/example_dags/example_setup_teardown.py
[2025-07-03T17:51:46.066+0000] {processor.py:830} INFO - Processing file /home/airflow/.local/lib/python3.8/site-packages/airflow/example_dags/example_setup_teardown.py for tasks to queue
[2025-07-03T17:51:46.069+0000] {logging_mixin.py:188} INFO - [2025-07-03T17:51:46.068+0000] {dagbag.py:538} INFO - Filling up the DagBag from /home/airflow/.local/lib/python3.8/site-packages/airflow/example_dags/example_setup_teardown.py
[2025-07-03T17:51:46.080+0000] {processor.py:840} INFO - DAG(s) 'example_setup_teardown' retrieved from /home/airflow/.local/lib/python3.8/site-packages/airflow/example_dags/example_setup_teardown.py
[2025-07-03T17:51:46.145+0000] {logging_mixin.py:188} INFO - [2025-07-03T17:51:46.144+0000] {dag.py:3036} INFO - Sync 1 DAGs
[2025-07-03T17:51:46.218+0000] {logging_mixin.py:188} INFO - [2025-07-03T17:51:46.218+0000] {dag.py:3823} INFO - Setting next_dagrun for example_setup_teardown to 2025-07-02 00:00:00+00:00, run_after=2025-07-03 00:00:00+00:00
[2025-07-03T17:51:46.278+0000] {processor.py:183} INFO - Processing /home/airflow/.local/lib/python3.8/site-packages/airflow/example_dags/example_setup_teardown.py took 0.224 seconds
[2025-07-03T17:52:16.981+0000] {processor.py:161} INFO - Started process (PID=2318) to work on /home/airflow/.local/lib/python3.8/site-packages/airflow/example_dags/example_setup_teardown.py
[2025-07-03T17:52:16.983+0000] {processor.py:830} INFO - Processing file /home/airflow/.local/lib/python3.8/site-packages/airflow/example_dags/example_setup_teardown.py for tasks to queue
[2025-07-03T17:52:16.986+0000] {logging_mixin.py:188} INFO - [2025-07-03T17:52:16.985+0000] {dagbag.py:538} INFO - Filling up the DagBag from /home/airflow/.local/lib/python3.8/site-packages/airflow/example_dags/example_setup_teardown.py
[2025-07-03T17:52:16.997+0000] {processor.py:840} INFO - DAG(s) 'example_setup_teardown' retrieved from /home/airflow/.local/lib/python3.8/site-packages/airflow/example_dags/example_setup_teardown.py
[2025-07-03T17:52:17.068+0000] {logging_mixin.py:188} INFO - [2025-07-03T17:52:17.068+0000] {dag.py:3036} INFO - Sync 1 DAGs
[2025-07-03T17:52:17.114+0000] {logging_mixin.py:188} INFO - [2025-07-03T17:52:17.114+0000] {dag.py:3823} INFO - Setting next_dagrun for example_setup_teardown to 2025-07-02 00:00:00+00:00, run_after=2025-07-03 00:00:00+00:00
[2025-07-03T17:52:17.160+0000] {processor.py:183} INFO - Processing /home/airflow/.local/lib/python3.8/site-packages/airflow/example_dags/example_setup_teardown.py took 0.199 seconds
[2025-07-03T17:52:47.563+0000] {processor.py:161} INFO - Started process (PID=2383) to work on /home/airflow/.local/lib/python3.8/site-packages/airflow/example_dags/example_setup_teardown.py
[2025-07-03T17:52:47.565+0000] {processor.py:830} INFO - Processing file /home/airflow/.local/lib/python3.8/site-packages/airflow/example_dags/example_setup_teardown.py for tasks to queue
[2025-07-03T17:52:47.568+0000] {logging_mixin.py:188} INFO - [2025-07-03T17:52:47.568+0000] {dagbag.py:538} INFO - Filling up the DagBag from /home/airflow/.local/lib/python3.8/site-packages/airflow/example_dags/example_setup_teardown.py
[2025-07-03T17:52:47.595+0000] {processor.py:840} INFO - DAG(s) 'example_setup_teardown' retrieved from /home/airflow/.local/lib/python3.8/site-packages/airflow/example_dags/example_setup_teardown.py
[2025-07-03T17:52:47.666+0000] {logging_mixin.py:188} INFO - [2025-07-03T17:52:47.665+0000] {dag.py:3036} INFO - Sync 1 DAGs
[2025-07-03T17:52:47.741+0000] {logging_mixin.py:188} INFO - [2025-07-03T17:52:47.741+0000] {dag.py:3823} INFO - Setting next_dagrun for example_setup_teardown to 2025-07-02 00:00:00+00:00, run_after=2025-07-03 00:00:00+00:00
[2025-07-03T17:52:47.810+0000] {processor.py:183} INFO - Processing /home/airflow/.local/lib/python3.8/site-packages/airflow/example_dags/example_setup_teardown.py took 0.252 seconds
[2025-07-03T17:53:17.864+0000] {processor.py:161} INFO - Started process (PID=2441) to work on /home/airflow/.local/lib/python3.8/site-packages/airflow/example_dags/example_setup_teardown.py
[2025-07-03T17:53:17.866+0000] {processor.py:830} INFO - Processing file /home/airflow/.local/lib/python3.8/site-packages/airflow/example_dags/example_setup_teardown.py for tasks to queue
[2025-07-03T17:53:17.868+0000] {logging_mixin.py:188} INFO - [2025-07-03T17:53:17.868+0000] {dagbag.py:538} INFO - Filling up the DagBag from /home/airflow/.local/lib/python3.8/site-packages/airflow/example_dags/example_setup_teardown.py
[2025-07-03T17:53:17.879+0000] {processor.py:840} INFO - DAG(s) 'example_setup_teardown' retrieved from /home/airflow/.local/lib/python3.8/site-packages/airflow/example_dags/example_setup_teardown.py
[2025-07-03T17:53:17.908+0000] {logging_mixin.py:188} INFO - [2025-07-03T17:53:17.908+0000] {dag.py:3036} INFO - Sync 1 DAGs
[2025-07-03T17:53:17.939+0000] {logging_mixin.py:188} INFO - [2025-07-03T17:53:17.939+0000] {dag.py:3823} INFO - Setting next_dagrun for example_setup_teardown to 2025-07-02 00:00:00+00:00, run_after=2025-07-03 00:00:00+00:00
[2025-07-03T17:53:17.966+0000] {processor.py:183} INFO - Processing /home/airflow/.local/lib/python3.8/site-packages/airflow/example_dags/example_setup_teardown.py took 0.106 seconds
[2025-07-03T17:53:48.348+0000] {processor.py:161} INFO - Started process (PID=2508) to work on /home/airflow/.local/lib/python3.8/site-packages/airflow/example_dags/example_setup_teardown.py
[2025-07-03T17:53:48.350+0000] {processor.py:830} INFO - Processing file /home/airflow/.local/lib/python3.8/site-packages/airflow/example_dags/example_setup_teardown.py for tasks to queue
[2025-07-03T17:53:48.352+0000] {logging_mixin.py:188} INFO - [2025-07-03T17:53:48.352+0000] {dagbag.py:538} INFO - Filling up the DagBag from /home/airflow/.local/lib/python3.8/site-packages/airflow/example_dags/example_setup_teardown.py
[2025-07-03T17:53:48.362+0000] {processor.py:840} INFO - DAG(s) 'example_setup_teardown' retrieved from /home/airflow/.local/lib/python3.8/site-packages/airflow/example_dags/example_setup_teardown.py
[2025-07-03T17:53:48.396+0000] {logging_mixin.py:188} INFO - [2025-07-03T17:53:48.396+0000] {dag.py:3036} INFO - Sync 1 DAGs
[2025-07-03T17:53:48.438+0000] {logging_mixin.py:188} INFO - [2025-07-03T17:53:48.437+0000] {dag.py:3823} INFO - Setting next_dagrun for example_setup_teardown to 2025-07-02 00:00:00+00:00, run_after=2025-07-03 00:00:00+00:00
[2025-07-03T17:53:48.475+0000] {processor.py:183} INFO - Processing /home/airflow/.local/lib/python3.8/site-packages/airflow/example_dags/example_setup_teardown.py took 0.132 seconds
[2025-07-03T17:54:18.828+0000] {processor.py:161} INFO - Started process (PID=2572) to work on /home/airflow/.local/lib/python3.8/site-packages/airflow/example_dags/example_setup_teardown.py
[2025-07-03T17:54:18.830+0000] {processor.py:830} INFO - Processing file /home/airflow/.local/lib/python3.8/site-packages/airflow/example_dags/example_setup_teardown.py for tasks to queue
[2025-07-03T17:54:18.833+0000] {logging_mixin.py:188} INFO - [2025-07-03T17:54:18.832+0000] {dagbag.py:538} INFO - Filling up the DagBag from /home/airflow/.local/lib/python3.8/site-packages/airflow/example_dags/example_setup_teardown.py
[2025-07-03T17:54:18.844+0000] {processor.py:840} INFO - DAG(s) 'example_setup_teardown' retrieved from /home/airflow/.local/lib/python3.8/site-packages/airflow/example_dags/example_setup_teardown.py
[2025-07-03T17:54:18.877+0000] {logging_mixin.py:188} INFO - [2025-07-03T17:54:18.877+0000] {dag.py:3036} INFO - Sync 1 DAGs
[2025-07-03T17:54:18.911+0000] {logging_mixin.py:188} INFO - [2025-07-03T17:54:18.910+0000] {dag.py:3823} INFO - Setting next_dagrun for example_setup_teardown to 2025-07-02 00:00:00+00:00, run_after=2025-07-03 00:00:00+00:00
[2025-07-03T17:54:18.940+0000] {processor.py:183} INFO - Processing /home/airflow/.local/lib/python3.8/site-packages/airflow/example_dags/example_setup_teardown.py took 0.117 seconds
[2025-07-03T17:54:49.658+0000] {processor.py:161} INFO - Started process (PID=2636) to work on /home/airflow/.local/lib/python3.8/site-packages/airflow/example_dags/example_setup_teardown.py
[2025-07-03T17:54:49.660+0000] {processor.py:830} INFO - Processing file /home/airflow/.local/lib/python3.8/site-packages/airflow/example_dags/example_setup_teardown.py for tasks to queue
[2025-07-03T17:54:49.667+0000] {logging_mixin.py:188} INFO - [2025-07-03T17:54:49.666+0000] {dagbag.py:538} INFO - Filling up the DagBag from /home/airflow/.local/lib/python3.8/site-packages/airflow/example_dags/example_setup_teardown.py
[2025-07-03T17:54:49.694+0000] {processor.py:840} INFO - DAG(s) 'example_setup_teardown' retrieved from /home/airflow/.local/lib/python3.8/site-packages/airflow/example_dags/example_setup_teardown.py
[2025-07-03T17:54:49.744+0000] {logging_mixin.py:188} INFO - [2025-07-03T17:54:49.743+0000] {dag.py:3036} INFO - Sync 1 DAGs
[2025-07-03T17:54:49.807+0000] {logging_mixin.py:188} INFO - [2025-07-03T17:54:49.806+0000] {dag.py:3823} INFO - Setting next_dagrun for example_setup_teardown to 2025-07-02 00:00:00+00:00, run_after=2025-07-03 00:00:00+00:00
[2025-07-03T17:54:49.852+0000] {processor.py:183} INFO - Processing /home/airflow/.local/lib/python3.8/site-packages/airflow/example_dags/example_setup_teardown.py took 0.203 seconds
[2025-07-03T17:55:20.516+0000] {processor.py:161} INFO - Started process (PID=2701) to work on /home/airflow/.local/lib/python3.8/site-packages/airflow/example_dags/example_setup_teardown.py
[2025-07-03T17:55:20.530+0000] {processor.py:830} INFO - Processing file /home/airflow/.local/lib/python3.8/site-packages/airflow/example_dags/example_setup_teardown.py for tasks to queue
[2025-07-03T17:55:20.532+0000] {logging_mixin.py:188} INFO - [2025-07-03T17:55:20.532+0000] {dagbag.py:538} INFO - Filling up the DagBag from /home/airflow/.local/lib/python3.8/site-packages/airflow/example_dags/example_setup_teardown.py
[2025-07-03T17:55:20.558+0000] {processor.py:840} INFO - DAG(s) 'example_setup_teardown' retrieved from /home/airflow/.local/lib/python3.8/site-packages/airflow/example_dags/example_setup_teardown.py
[2025-07-03T17:55:20.639+0000] {logging_mixin.py:188} INFO - [2025-07-03T17:55:20.639+0000] {dag.py:3036} INFO - Sync 1 DAGs
[2025-07-03T17:55:20.726+0000] {logging_mixin.py:188} INFO - [2025-07-03T17:55:20.726+0000] {dag.py:3823} INFO - Setting next_dagrun for example_setup_teardown to 2025-07-02 00:00:00+00:00, run_after=2025-07-03 00:00:00+00:00
[2025-07-03T17:55:20.782+0000] {processor.py:183} INFO - Processing /home/airflow/.local/lib/python3.8/site-packages/airflow/example_dags/example_setup_teardown.py took 0.301 seconds
[2025-07-03T17:55:51.765+0000] {processor.py:161} INFO - Started process (PID=2766) to work on /home/airflow/.local/lib/python3.8/site-packages/airflow/example_dags/example_setup_teardown.py
[2025-07-03T17:55:51.767+0000] {processor.py:830} INFO - Processing file /home/airflow/.local/lib/python3.8/site-packages/airflow/example_dags/example_setup_teardown.py for tasks to queue
[2025-07-03T17:55:51.770+0000] {logging_mixin.py:188} INFO - [2025-07-03T17:55:51.769+0000] {dagbag.py:538} INFO - Filling up the DagBag from /home/airflow/.local/lib/python3.8/site-packages/airflow/example_dags/example_setup_teardown.py
[2025-07-03T17:55:51.782+0000] {processor.py:840} INFO - DAG(s) 'example_setup_teardown' retrieved from /home/airflow/.local/lib/python3.8/site-packages/airflow/example_dags/example_setup_teardown.py
[2025-07-03T17:55:51.818+0000] {logging_mixin.py:188} INFO - [2025-07-03T17:55:51.817+0000] {dag.py:3036} INFO - Sync 1 DAGs
[2025-07-03T17:55:51.862+0000] {logging_mixin.py:188} INFO - [2025-07-03T17:55:51.862+0000] {dag.py:3823} INFO - Setting next_dagrun for example_setup_teardown to 2025-07-02 00:00:00+00:00, run_after=2025-07-03 00:00:00+00:00
[2025-07-03T17:55:51.895+0000] {processor.py:183} INFO - Processing /home/airflow/.local/lib/python3.8/site-packages/airflow/example_dags/example_setup_teardown.py took 0.134 seconds
[2025-07-03T17:56:22.108+0000] {processor.py:161} INFO - Started process (PID=2839) to work on /home/airflow/.local/lib/python3.8/site-packages/airflow/example_dags/example_setup_teardown.py
[2025-07-03T17:56:22.109+0000] {processor.py:830} INFO - Processing file /home/airflow/.local/lib/python3.8/site-packages/airflow/example_dags/example_setup_teardown.py for tasks to queue
[2025-07-03T17:56:22.112+0000] {logging_mixin.py:188} INFO - [2025-07-03T17:56:22.112+0000] {dagbag.py:538} INFO - Filling up the DagBag from /home/airflow/.local/lib/python3.8/site-packages/airflow/example_dags/example_setup_teardown.py
[2025-07-03T17:56:22.124+0000] {processor.py:840} INFO - DAG(s) 'example_setup_teardown' retrieved from /home/airflow/.local/lib/python3.8/site-packages/airflow/example_dags/example_setup_teardown.py
[2025-07-03T17:56:22.187+0000] {logging_mixin.py:188} INFO - [2025-07-03T17:56:22.187+0000] {dag.py:3036} INFO - Sync 1 DAGs
[2025-07-03T17:56:22.283+0000] {logging_mixin.py:188} INFO - [2025-07-03T17:56:22.282+0000] {dag.py:3823} INFO - Setting next_dagrun for example_setup_teardown to 2025-07-02 00:00:00+00:00, run_after=2025-07-03 00:00:00+00:00
[2025-07-03T17:56:22.371+0000] {processor.py:183} INFO - Processing /home/airflow/.local/lib/python3.8/site-packages/airflow/example_dags/example_setup_teardown.py took 0.275 seconds
[2025-07-03T17:56:52.490+0000] {processor.py:161} INFO - Started process (PID=2897) to work on /home/airflow/.local/lib/python3.8/site-packages/airflow/example_dags/example_setup_teardown.py
[2025-07-03T17:56:52.495+0000] {processor.py:830} INFO - Processing file /home/airflow/.local/lib/python3.8/site-packages/airflow/example_dags/example_setup_teardown.py for tasks to queue
[2025-07-03T17:56:52.514+0000] {logging_mixin.py:188} INFO - [2025-07-03T17:56:52.513+0000] {dagbag.py:538} INFO - Filling up the DagBag from /home/airflow/.local/lib/python3.8/site-packages/airflow/example_dags/example_setup_teardown.py
[2025-07-03T17:56:52.547+0000] {processor.py:840} INFO - DAG(s) 'example_setup_teardown' retrieved from /home/airflow/.local/lib/python3.8/site-packages/airflow/example_dags/example_setup_teardown.py
[2025-07-03T17:56:52.658+0000] {logging_mixin.py:188} INFO - [2025-07-03T17:56:52.658+0000] {dag.py:3036} INFO - Sync 1 DAGs
[2025-07-03T17:56:52.856+0000] {logging_mixin.py:188} INFO - [2025-07-03T17:56:52.855+0000] {dag.py:3823} INFO - Setting next_dagrun for example_setup_teardown to 2025-07-02 00:00:00+00:00, run_after=2025-07-03 00:00:00+00:00
[2025-07-03T17:56:53.013+0000] {processor.py:183} INFO - Processing /home/airflow/.local/lib/python3.8/site-packages/airflow/example_dags/example_setup_teardown.py took 0.528 seconds
[2025-07-03T17:57:23.813+0000] {processor.py:161} INFO - Started process (PID=2960) to work on /home/airflow/.local/lib/python3.8/site-packages/airflow/example_dags/example_setup_teardown.py
[2025-07-03T17:57:23.837+0000] {processor.py:830} INFO - Processing file /home/airflow/.local/lib/python3.8/site-packages/airflow/example_dags/example_setup_teardown.py for tasks to queue
[2025-07-03T17:57:23.840+0000] {logging_mixin.py:188} INFO - [2025-07-03T17:57:23.839+0000] {dagbag.py:538} INFO - Filling up the DagBag from /home/airflow/.local/lib/python3.8/site-packages/airflow/example_dags/example_setup_teardown.py
[2025-07-03T17:57:23.874+0000] {processor.py:840} INFO - DAG(s) 'example_setup_teardown' retrieved from /home/airflow/.local/lib/python3.8/site-packages/airflow/example_dags/example_setup_teardown.py
[2025-07-03T17:57:23.978+0000] {logging_mixin.py:188} INFO - [2025-07-03T17:57:23.977+0000] {dag.py:3036} INFO - Sync 1 DAGs
[2025-07-03T17:57:24.116+0000] {logging_mixin.py:188} INFO - [2025-07-03T17:57:24.115+0000] {dag.py:3823} INFO - Setting next_dagrun for example_setup_teardown to 2025-07-02 00:00:00+00:00, run_after=2025-07-03 00:00:00+00:00
[2025-07-03T17:57:24.293+0000] {processor.py:183} INFO - Processing /home/airflow/.local/lib/python3.8/site-packages/airflow/example_dags/example_setup_teardown.py took 0.495 seconds
[2025-07-03T17:57:55.072+0000] {processor.py:161} INFO - Started process (PID=3017) to work on /home/airflow/.local/lib/python3.8/site-packages/airflow/example_dags/example_setup_teardown.py
[2025-07-03T17:57:55.081+0000] {processor.py:830} INFO - Processing file /home/airflow/.local/lib/python3.8/site-packages/airflow/example_dags/example_setup_teardown.py for tasks to queue
[2025-07-03T17:57:55.084+0000] {logging_mixin.py:188} INFO - [2025-07-03T17:57:55.083+0000] {dagbag.py:538} INFO - Filling up the DagBag from /home/airflow/.local/lib/python3.8/site-packages/airflow/example_dags/example_setup_teardown.py
[2025-07-03T17:57:55.111+0000] {processor.py:840} INFO - DAG(s) 'example_setup_teardown' retrieved from /home/airflow/.local/lib/python3.8/site-packages/airflow/example_dags/example_setup_teardown.py
[2025-07-03T17:57:55.216+0000] {logging_mixin.py:188} INFO - [2025-07-03T17:57:55.215+0000] {dag.py:3036} INFO - Sync 1 DAGs
[2025-07-03T17:57:55.322+0000] {logging_mixin.py:188} INFO - [2025-07-03T17:57:55.322+0000] {dag.py:3823} INFO - Setting next_dagrun for example_setup_teardown to 2025-07-02 00:00:00+00:00, run_after=2025-07-03 00:00:00+00:00
[2025-07-03T17:57:55.389+0000] {processor.py:183} INFO - Processing /home/airflow/.local/lib/python3.8/site-packages/airflow/example_dags/example_setup_teardown.py took 0.322 seconds
[2025-07-03T17:58:26.821+0000] {processor.py:161} INFO - Started process (PID=3083) to work on /home/airflow/.local/lib/python3.8/site-packages/airflow/example_dags/example_setup_teardown.py
[2025-07-03T17:58:26.823+0000] {processor.py:830} INFO - Processing file /home/airflow/.local/lib/python3.8/site-packages/airflow/example_dags/example_setup_teardown.py for tasks to queue
[2025-07-03T17:58:26.825+0000] {logging_mixin.py:188} INFO - [2025-07-03T17:58:26.825+0000] {dagbag.py:538} INFO - Filling up the DagBag from /home/airflow/.local/lib/python3.8/site-packages/airflow/example_dags/example_setup_teardown.py
[2025-07-03T17:58:26.844+0000] {processor.py:840} INFO - DAG(s) 'example_setup_teardown' retrieved from /home/airflow/.local/lib/python3.8/site-packages/airflow/example_dags/example_setup_teardown.py
[2025-07-03T17:58:26.922+0000] {logging_mixin.py:188} INFO - [2025-07-03T17:58:26.921+0000] {dag.py:3036} INFO - Sync 1 DAGs
[2025-07-03T17:58:26.994+0000] {logging_mixin.py:188} INFO - [2025-07-03T17:58:26.994+0000] {dag.py:3823} INFO - Setting next_dagrun for example_setup_teardown to 2025-07-02 00:00:00+00:00, run_after=2025-07-03 00:00:00+00:00
[2025-07-03T17:58:27.051+0000] {processor.py:183} INFO - Processing /home/airflow/.local/lib/python3.8/site-packages/airflow/example_dags/example_setup_teardown.py took 0.242 seconds
[2025-07-03T17:58:57.719+0000] {processor.py:161} INFO - Started process (PID=3147) to work on /home/airflow/.local/lib/python3.8/site-packages/airflow/example_dags/example_setup_teardown.py
[2025-07-03T17:58:57.737+0000] {processor.py:830} INFO - Processing file /home/airflow/.local/lib/python3.8/site-packages/airflow/example_dags/example_setup_teardown.py for tasks to queue
[2025-07-03T17:58:57.739+0000] {logging_mixin.py:188} INFO - [2025-07-03T17:58:57.739+0000] {dagbag.py:538} INFO - Filling up the DagBag from /home/airflow/.local/lib/python3.8/site-packages/airflow/example_dags/example_setup_teardown.py
[2025-07-03T17:58:57.803+0000] {processor.py:840} INFO - DAG(s) 'example_setup_teardown' retrieved from /home/airflow/.local/lib/python3.8/site-packages/airflow/example_dags/example_setup_teardown.py
[2025-07-03T17:58:57.894+0000] {logging_mixin.py:188} INFO - [2025-07-03T17:58:57.893+0000] {dag.py:3036} INFO - Sync 1 DAGs
[2025-07-03T17:58:58.016+0000] {logging_mixin.py:188} INFO - [2025-07-03T17:58:58.015+0000] {dag.py:3823} INFO - Setting next_dagrun for example_setup_teardown to 2025-07-02 00:00:00+00:00, run_after=2025-07-03 00:00:00+00:00
[2025-07-03T17:58:58.098+0000] {processor.py:183} INFO - Processing /home/airflow/.local/lib/python3.8/site-packages/airflow/example_dags/example_setup_teardown.py took 0.395 seconds
[2025-07-03T17:59:29.297+0000] {processor.py:161} INFO - Started process (PID=3211) to work on /home/airflow/.local/lib/python3.8/site-packages/airflow/example_dags/example_setup_teardown.py
[2025-07-03T17:59:29.301+0000] {processor.py:830} INFO - Processing file /home/airflow/.local/lib/python3.8/site-packages/airflow/example_dags/example_setup_teardown.py for tasks to queue
[2025-07-03T17:59:29.310+0000] {logging_mixin.py:188} INFO - [2025-07-03T17:59:29.309+0000] {dagbag.py:538} INFO - Filling up the DagBag from /home/airflow/.local/lib/python3.8/site-packages/airflow/example_dags/example_setup_teardown.py
[2025-07-03T17:59:29.338+0000] {processor.py:840} INFO - DAG(s) 'example_setup_teardown' retrieved from /home/airflow/.local/lib/python3.8/site-packages/airflow/example_dags/example_setup_teardown.py
[2025-07-03T17:59:29.484+0000] {logging_mixin.py:188} INFO - [2025-07-03T17:59:29.484+0000] {dag.py:3036} INFO - Sync 1 DAGs
[2025-07-03T17:59:29.615+0000] {logging_mixin.py:188} INFO - [2025-07-03T17:59:29.615+0000] {dag.py:3823} INFO - Setting next_dagrun for example_setup_teardown to 2025-07-02 00:00:00+00:00, run_after=2025-07-03 00:00:00+00:00
[2025-07-03T17:59:30.183+0000] {processor.py:183} INFO - Processing /home/airflow/.local/lib/python3.8/site-packages/airflow/example_dags/example_setup_teardown.py took 0.908 seconds
[2025-07-03T18:00:01.294+0000] {processor.py:161} INFO - Started process (PID=3278) to work on /home/airflow/.local/lib/python3.8/site-packages/airflow/example_dags/example_setup_teardown.py
[2025-07-03T18:00:01.305+0000] {processor.py:830} INFO - Processing file /home/airflow/.local/lib/python3.8/site-packages/airflow/example_dags/example_setup_teardown.py for tasks to queue
[2025-07-03T18:00:01.308+0000] {logging_mixin.py:188} INFO - [2025-07-03T18:00:01.307+0000] {dagbag.py:538} INFO - Filling up the DagBag from /home/airflow/.local/lib/python3.8/site-packages/airflow/example_dags/example_setup_teardown.py
[2025-07-03T18:00:01.323+0000] {processor.py:840} INFO - DAG(s) 'example_setup_teardown' retrieved from /home/airflow/.local/lib/python3.8/site-packages/airflow/example_dags/example_setup_teardown.py
[2025-07-03T18:00:01.368+0000] {logging_mixin.py:188} INFO - [2025-07-03T18:00:01.367+0000] {dag.py:3036} INFO - Sync 1 DAGs
[2025-07-03T18:00:01.413+0000] {logging_mixin.py:188} INFO - [2025-07-03T18:00:01.412+0000] {dag.py:3823} INFO - Setting next_dagrun for example_setup_teardown to 2025-07-02 00:00:00+00:00, run_after=2025-07-03 00:00:00+00:00
[2025-07-03T18:00:01.460+0000] {processor.py:183} INFO - Processing /home/airflow/.local/lib/python3.8/site-packages/airflow/example_dags/example_setup_teardown.py took 0.176 seconds
[2025-07-03T18:00:31.782+0000] {processor.py:161} INFO - Started process (PID=3342) to work on /home/airflow/.local/lib/python3.8/site-packages/airflow/example_dags/example_setup_teardown.py
[2025-07-03T18:00:31.784+0000] {processor.py:830} INFO - Processing file /home/airflow/.local/lib/python3.8/site-packages/airflow/example_dags/example_setup_teardown.py for tasks to queue
[2025-07-03T18:00:31.786+0000] {logging_mixin.py:188} INFO - [2025-07-03T18:00:31.786+0000] {dagbag.py:538} INFO - Filling up the DagBag from /home/airflow/.local/lib/python3.8/site-packages/airflow/example_dags/example_setup_teardown.py
[2025-07-03T18:00:31.797+0000] {processor.py:840} INFO - DAG(s) 'example_setup_teardown' retrieved from /home/airflow/.local/lib/python3.8/site-packages/airflow/example_dags/example_setup_teardown.py
[2025-07-03T18:00:31.830+0000] {logging_mixin.py:188} INFO - [2025-07-03T18:00:31.830+0000] {dag.py:3036} INFO - Sync 1 DAGs
[2025-07-03T18:00:31.873+0000] {logging_mixin.py:188} INFO - [2025-07-03T18:00:31.872+0000] {dag.py:3823} INFO - Setting next_dagrun for example_setup_teardown to 2025-07-02 00:00:00+00:00, run_after=2025-07-03 00:00:00+00:00
[2025-07-03T18:00:31.903+0000] {processor.py:183} INFO - Processing /home/airflow/.local/lib/python3.8/site-packages/airflow/example_dags/example_setup_teardown.py took 0.126 seconds
[2025-07-03T18:01:02.730+0000] {processor.py:161} INFO - Started process (PID=3407) to work on /home/airflow/.local/lib/python3.8/site-packages/airflow/example_dags/example_setup_teardown.py
[2025-07-03T18:01:02.731+0000] {processor.py:830} INFO - Processing file /home/airflow/.local/lib/python3.8/site-packages/airflow/example_dags/example_setup_teardown.py for tasks to queue
[2025-07-03T18:01:02.742+0000] {logging_mixin.py:188} INFO - [2025-07-03T18:01:02.742+0000] {dagbag.py:538} INFO - Filling up the DagBag from /home/airflow/.local/lib/python3.8/site-packages/airflow/example_dags/example_setup_teardown.py
[2025-07-03T18:01:02.763+0000] {processor.py:840} INFO - DAG(s) 'example_setup_teardown' retrieved from /home/airflow/.local/lib/python3.8/site-packages/airflow/example_dags/example_setup_teardown.py
[2025-07-03T18:01:02.870+0000] {logging_mixin.py:188} INFO - [2025-07-03T18:01:02.869+0000] {dag.py:3036} INFO - Sync 1 DAGs
[2025-07-03T18:01:02.912+0000] {logging_mixin.py:188} INFO - [2025-07-03T18:01:02.912+0000] {dag.py:3823} INFO - Setting next_dagrun for example_setup_teardown to 2025-07-02 00:00:00+00:00, run_after=2025-07-03 00:00:00+00:00
[2025-07-03T18:01:02.960+0000] {processor.py:183} INFO - Processing /home/airflow/.local/lib/python3.8/site-packages/airflow/example_dags/example_setup_teardown.py took 0.238 seconds
[2025-07-03T18:01:33.288+0000] {processor.py:161} INFO - Started process (PID=3470) to work on /home/airflow/.local/lib/python3.8/site-packages/airflow/example_dags/example_setup_teardown.py
[2025-07-03T18:01:33.306+0000] {processor.py:830} INFO - Processing file /home/airflow/.local/lib/python3.8/site-packages/airflow/example_dags/example_setup_teardown.py for tasks to queue
[2025-07-03T18:01:33.308+0000] {logging_mixin.py:188} INFO - [2025-07-03T18:01:33.308+0000] {dagbag.py:538} INFO - Filling up the DagBag from /home/airflow/.local/lib/python3.8/site-packages/airflow/example_dags/example_setup_teardown.py
[2025-07-03T18:01:33.353+0000] {processor.py:840} INFO - DAG(s) 'example_setup_teardown' retrieved from /home/airflow/.local/lib/python3.8/site-packages/airflow/example_dags/example_setup_teardown.py
[2025-07-03T18:01:33.455+0000] {logging_mixin.py:188} INFO - [2025-07-03T18:01:33.454+0000] {dag.py:3036} INFO - Sync 1 DAGs
[2025-07-03T18:01:34.070+0000] {logging_mixin.py:188} INFO - [2025-07-03T18:01:34.070+0000] {dag.py:3823} INFO - Setting next_dagrun for example_setup_teardown to 2025-07-02 00:00:00+00:00, run_after=2025-07-03 00:00:00+00:00
[2025-07-03T18:01:34.185+0000] {processor.py:183} INFO - Processing /home/airflow/.local/lib/python3.8/site-packages/airflow/example_dags/example_setup_teardown.py took 0.909 seconds
[2025-07-03T18:02:04.968+0000] {processor.py:161} INFO - Started process (PID=3528) to work on /home/airflow/.local/lib/python3.8/site-packages/airflow/example_dags/example_setup_teardown.py
[2025-07-03T18:02:04.976+0000] {processor.py:830} INFO - Processing file /home/airflow/.local/lib/python3.8/site-packages/airflow/example_dags/example_setup_teardown.py for tasks to queue
[2025-07-03T18:02:04.978+0000] {logging_mixin.py:188} INFO - [2025-07-03T18:02:04.978+0000] {dagbag.py:538} INFO - Filling up the DagBag from /home/airflow/.local/lib/python3.8/site-packages/airflow/example_dags/example_setup_teardown.py
[2025-07-03T18:02:04.996+0000] {processor.py:840} INFO - DAG(s) 'example_setup_teardown' retrieved from /home/airflow/.local/lib/python3.8/site-packages/airflow/example_dags/example_setup_teardown.py
[2025-07-03T18:02:05.032+0000] {logging_mixin.py:188} INFO - [2025-07-03T18:02:05.031+0000] {dag.py:3036} INFO - Sync 1 DAGs
[2025-07-03T18:02:05.074+0000] {logging_mixin.py:188} INFO - [2025-07-03T18:02:05.073+0000] {dag.py:3823} INFO - Setting next_dagrun for example_setup_teardown to 2025-07-02 00:00:00+00:00, run_after=2025-07-03 00:00:00+00:00
[2025-07-03T18:02:05.457+0000] {processor.py:183} INFO - Processing /home/airflow/.local/lib/python3.8/site-packages/airflow/example_dags/example_setup_teardown.py took 0.493 seconds
[2025-07-03T18:02:36.244+0000] {processor.py:161} INFO - Started process (PID=3593) to work on /home/airflow/.local/lib/python3.8/site-packages/airflow/example_dags/example_setup_teardown.py
[2025-07-03T18:02:36.253+0000] {processor.py:830} INFO - Processing file /home/airflow/.local/lib/python3.8/site-packages/airflow/example_dags/example_setup_teardown.py for tasks to queue
[2025-07-03T18:02:36.258+0000] {logging_mixin.py:188} INFO - [2025-07-03T18:02:36.257+0000] {dagbag.py:538} INFO - Filling up the DagBag from /home/airflow/.local/lib/python3.8/site-packages/airflow/example_dags/example_setup_teardown.py
[2025-07-03T18:02:36.278+0000] {processor.py:840} INFO - DAG(s) 'example_setup_teardown' retrieved from /home/airflow/.local/lib/python3.8/site-packages/airflow/example_dags/example_setup_teardown.py
[2025-07-03T18:02:36.320+0000] {logging_mixin.py:188} INFO - [2025-07-03T18:02:36.320+0000] {dag.py:3036} INFO - Sync 1 DAGs
[2025-07-03T18:02:36.380+0000] {logging_mixin.py:188} INFO - [2025-07-03T18:02:36.379+0000] {dag.py:3823} INFO - Setting next_dagrun for example_setup_teardown to 2025-07-02 00:00:00+00:00, run_after=2025-07-03 00:00:00+00:00
[2025-07-03T18:02:36.437+0000] {processor.py:183} INFO - Processing /home/airflow/.local/lib/python3.8/site-packages/airflow/example_dags/example_setup_teardown.py took 0.197 seconds
[2025-07-03T18:03:06.863+0000] {processor.py:161} INFO - Started process (PID=3657) to work on /home/airflow/.local/lib/python3.8/site-packages/airflow/example_dags/example_setup_teardown.py
[2025-07-03T18:03:06.882+0000] {processor.py:830} INFO - Processing file /home/airflow/.local/lib/python3.8/site-packages/airflow/example_dags/example_setup_teardown.py for tasks to queue
[2025-07-03T18:03:06.884+0000] {logging_mixin.py:188} INFO - [2025-07-03T18:03:06.884+0000] {dagbag.py:538} INFO - Filling up the DagBag from /home/airflow/.local/lib/python3.8/site-packages/airflow/example_dags/example_setup_teardown.py
[2025-07-03T18:03:06.955+0000] {processor.py:840} INFO - DAG(s) 'example_setup_teardown' retrieved from /home/airflow/.local/lib/python3.8/site-packages/airflow/example_dags/example_setup_teardown.py
[2025-07-03T18:03:07.146+0000] {logging_mixin.py:188} INFO - [2025-07-03T18:03:07.145+0000] {dag.py:3036} INFO - Sync 1 DAGs
[2025-07-03T18:03:07.423+0000] {logging_mixin.py:188} INFO - [2025-07-03T18:03:07.422+0000] {dag.py:3823} INFO - Setting next_dagrun for example_setup_teardown to 2025-07-02 00:00:00+00:00, run_after=2025-07-03 00:00:00+00:00
[2025-07-03T18:03:07.611+0000] {processor.py:183} INFO - Processing /home/airflow/.local/lib/python3.8/site-packages/airflow/example_dags/example_setup_teardown.py took 0.785 seconds
[2025-07-03T18:04:26.986+0000] {processor.py:161} INFO - Started process (PID=3739) to work on /home/airflow/.local/lib/python3.8/site-packages/airflow/example_dags/example_setup_teardown.py
[2025-07-03T18:04:27.073+0000] {processor.py:830} INFO - Processing file /home/airflow/.local/lib/python3.8/site-packages/airflow/example_dags/example_setup_teardown.py for tasks to queue
[2025-07-03T18:04:27.126+0000] {logging_mixin.py:188} INFO - [2025-07-03T18:04:27.125+0000] {dagbag.py:538} INFO - Filling up the DagBag from /home/airflow/.local/lib/python3.8/site-packages/airflow/example_dags/example_setup_teardown.py
[2025-07-03T18:04:27.357+0000] {processor.py:840} INFO - DAG(s) 'example_setup_teardown' retrieved from /home/airflow/.local/lib/python3.8/site-packages/airflow/example_dags/example_setup_teardown.py
[2025-07-03T18:04:27.918+0000] {logging_mixin.py:188} INFO - [2025-07-03T18:04:27.917+0000] {dag.py:3036} INFO - Sync 1 DAGs
[2025-07-03T18:04:28.783+0000] {logging_mixin.py:188} INFO - [2025-07-03T18:04:28.783+0000] {dag.py:3823} INFO - Setting next_dagrun for example_setup_teardown to 2025-07-02 00:00:00+00:00, run_after=2025-07-03 00:00:00+00:00
[2025-07-03T18:04:29.413+0000] {processor.py:183} INFO - Processing /home/airflow/.local/lib/python3.8/site-packages/airflow/example_dags/example_setup_teardown.py took 2.511 seconds
[2025-07-03T18:06:47.228+0000] {processor.py:161} INFO - Started process (PID=3850) to work on /home/airflow/.local/lib/python3.8/site-packages/airflow/example_dags/example_setup_teardown.py
[2025-07-03T18:06:47.360+0000] {processor.py:830} INFO - Processing file /home/airflow/.local/lib/python3.8/site-packages/airflow/example_dags/example_setup_teardown.py for tasks to queue
[2025-07-03T18:06:47.362+0000] {logging_mixin.py:188} INFO - [2025-07-03T18:06:47.362+0000] {dagbag.py:538} INFO - Filling up the DagBag from /home/airflow/.local/lib/python3.8/site-packages/airflow/example_dags/example_setup_teardown.py
[2025-07-03T18:06:47.733+0000] {processor.py:840} INFO - DAG(s) 'example_setup_teardown' retrieved from /home/airflow/.local/lib/python3.8/site-packages/airflow/example_dags/example_setup_teardown.py
[2025-07-03T18:06:48.786+0000] {logging_mixin.py:188} INFO - [2025-07-03T18:06:48.785+0000] {dag.py:3036} INFO - Sync 1 DAGs
[2025-07-03T18:06:50.178+0000] {logging_mixin.py:188} INFO - [2025-07-03T18:06:50.158+0000] {dag.py:3823} INFO - Setting next_dagrun for example_setup_teardown to 2025-07-02 00:00:00+00:00, run_after=2025-07-03 00:00:00+00:00
[2025-07-03T18:06:51.254+0000] {processor.py:183} INFO - Processing /home/airflow/.local/lib/python3.8/site-packages/airflow/example_dags/example_setup_teardown.py took 4.139 seconds
[2025-07-03T18:21:13.967+0000] {processor.py:161} INFO - Started process (PID=121) to work on /home/airflow/.local/lib/python3.8/site-packages/airflow/example_dags/example_setup_teardown.py
[2025-07-03T18:21:13.969+0000] {processor.py:830} INFO - Processing file /home/airflow/.local/lib/python3.8/site-packages/airflow/example_dags/example_setup_teardown.py for tasks to queue
[2025-07-03T18:21:13.972+0000] {logging_mixin.py:188} INFO - [2025-07-03T18:21:13.971+0000] {dagbag.py:538} INFO - Filling up the DagBag from /home/airflow/.local/lib/python3.8/site-packages/airflow/example_dags/example_setup_teardown.py
[2025-07-03T18:21:13.982+0000] {processor.py:840} INFO - DAG(s) 'example_setup_teardown' retrieved from /home/airflow/.local/lib/python3.8/site-packages/airflow/example_dags/example_setup_teardown.py
[2025-07-03T18:21:14.016+0000] {logging_mixin.py:188} INFO - [2025-07-03T18:21:14.015+0000] {dag.py:3036} INFO - Sync 1 DAGs
[2025-07-03T18:21:14.057+0000] {logging_mixin.py:188} INFO - [2025-07-03T18:21:14.057+0000] {dag.py:3823} INFO - Setting next_dagrun for example_setup_teardown to 2025-07-02 00:00:00+00:00, run_after=2025-07-03 00:00:00+00:00
[2025-07-03T18:21:14.088+0000] {processor.py:183} INFO - Processing /home/airflow/.local/lib/python3.8/site-packages/airflow/example_dags/example_setup_teardown.py took 0.125 seconds
[2025-07-03T18:21:44.852+0000] {processor.py:161} INFO - Started process (PID=186) to work on /home/airflow/.local/lib/python3.8/site-packages/airflow/example_dags/example_setup_teardown.py
[2025-07-03T18:21:44.854+0000] {processor.py:830} INFO - Processing file /home/airflow/.local/lib/python3.8/site-packages/airflow/example_dags/example_setup_teardown.py for tasks to queue
[2025-07-03T18:21:44.857+0000] {logging_mixin.py:188} INFO - [2025-07-03T18:21:44.856+0000] {dagbag.py:538} INFO - Filling up the DagBag from /home/airflow/.local/lib/python3.8/site-packages/airflow/example_dags/example_setup_teardown.py
[2025-07-03T18:21:44.868+0000] {processor.py:840} INFO - DAG(s) 'example_setup_teardown' retrieved from /home/airflow/.local/lib/python3.8/site-packages/airflow/example_dags/example_setup_teardown.py
[2025-07-03T18:21:44.914+0000] {logging_mixin.py:188} INFO - [2025-07-03T18:21:44.913+0000] {dag.py:3036} INFO - Sync 1 DAGs
[2025-07-03T18:21:44.989+0000] {logging_mixin.py:188} INFO - [2025-07-03T18:21:44.989+0000] {dag.py:3823} INFO - Setting next_dagrun for example_setup_teardown to 2025-07-02 00:00:00+00:00, run_after=2025-07-03 00:00:00+00:00
[2025-07-03T18:21:45.036+0000] {processor.py:183} INFO - Processing /home/airflow/.local/lib/python3.8/site-packages/airflow/example_dags/example_setup_teardown.py took 0.188 seconds
[2025-07-03T18:22:15.251+0000] {processor.py:161} INFO - Started process (PID=251) to work on /home/airflow/.local/lib/python3.8/site-packages/airflow/example_dags/example_setup_teardown.py
[2025-07-03T18:22:15.253+0000] {processor.py:830} INFO - Processing file /home/airflow/.local/lib/python3.8/site-packages/airflow/example_dags/example_setup_teardown.py for tasks to queue
[2025-07-03T18:22:15.255+0000] {logging_mixin.py:188} INFO - [2025-07-03T18:22:15.255+0000] {dagbag.py:538} INFO - Filling up the DagBag from /home/airflow/.local/lib/python3.8/site-packages/airflow/example_dags/example_setup_teardown.py
[2025-07-03T18:22:15.265+0000] {processor.py:840} INFO - DAG(s) 'example_setup_teardown' retrieved from /home/airflow/.local/lib/python3.8/site-packages/airflow/example_dags/example_setup_teardown.py
[2025-07-03T18:22:15.298+0000] {logging_mixin.py:188} INFO - [2025-07-03T18:22:15.298+0000] {dag.py:3036} INFO - Sync 1 DAGs
[2025-07-03T18:22:15.340+0000] {logging_mixin.py:188} INFO - [2025-07-03T18:22:15.339+0000] {dag.py:3823} INFO - Setting next_dagrun for example_setup_teardown to 2025-07-02 00:00:00+00:00, run_after=2025-07-03 00:00:00+00:00
[2025-07-03T18:22:15.376+0000] {processor.py:183} INFO - Processing /home/airflow/.local/lib/python3.8/site-packages/airflow/example_dags/example_setup_teardown.py took 0.130 seconds
[2025-07-03T18:22:46.761+0000] {processor.py:161} INFO - Started process (PID=318) to work on /home/airflow/.local/lib/python3.8/site-packages/airflow/example_dags/example_setup_teardown.py
[2025-07-03T18:22:46.771+0000] {processor.py:830} INFO - Processing file /home/airflow/.local/lib/python3.8/site-packages/airflow/example_dags/example_setup_teardown.py for tasks to queue
[2025-07-03T18:22:46.780+0000] {logging_mixin.py:188} INFO - [2025-07-03T18:22:46.776+0000] {dagbag.py:538} INFO - Filling up the DagBag from /home/airflow/.local/lib/python3.8/site-packages/airflow/example_dags/example_setup_teardown.py
[2025-07-03T18:22:46.795+0000] {processor.py:840} INFO - DAG(s) 'example_setup_teardown' retrieved from /home/airflow/.local/lib/python3.8/site-packages/airflow/example_dags/example_setup_teardown.py
[2025-07-03T18:22:46.847+0000] {logging_mixin.py:188} INFO - [2025-07-03T18:22:46.847+0000] {dag.py:3036} INFO - Sync 1 DAGs
[2025-07-03T18:22:46.899+0000] {logging_mixin.py:188} INFO - [2025-07-03T18:22:46.898+0000] {dag.py:3823} INFO - Setting next_dagrun for example_setup_teardown to 2025-07-02 00:00:00+00:00, run_after=2025-07-03 00:00:00+00:00
[2025-07-03T18:22:46.967+0000] {processor.py:183} INFO - Processing /home/airflow/.local/lib/python3.8/site-packages/airflow/example_dags/example_setup_teardown.py took 0.222 seconds
[2025-07-03T18:23:17.056+0000] {processor.py:161} INFO - Started process (PID=384) to work on /home/airflow/.local/lib/python3.8/site-packages/airflow/example_dags/example_setup_teardown.py
[2025-07-03T18:23:17.065+0000] {processor.py:830} INFO - Processing file /home/airflow/.local/lib/python3.8/site-packages/airflow/example_dags/example_setup_teardown.py for tasks to queue
[2025-07-03T18:23:17.074+0000] {logging_mixin.py:188} INFO - [2025-07-03T18:23:17.073+0000] {dagbag.py:538} INFO - Filling up the DagBag from /home/airflow/.local/lib/python3.8/site-packages/airflow/example_dags/example_setup_teardown.py
[2025-07-03T18:23:17.087+0000] {processor.py:840} INFO - DAG(s) 'example_setup_teardown' retrieved from /home/airflow/.local/lib/python3.8/site-packages/airflow/example_dags/example_setup_teardown.py
[2025-07-03T18:23:17.133+0000] {logging_mixin.py:188} INFO - [2025-07-03T18:23:17.133+0000] {dag.py:3036} INFO - Sync 1 DAGs
[2025-07-03T18:23:17.250+0000] {logging_mixin.py:188} INFO - [2025-07-03T18:23:17.250+0000] {dag.py:3823} INFO - Setting next_dagrun for example_setup_teardown to 2025-07-02 00:00:00+00:00, run_after=2025-07-03 00:00:00+00:00
[2025-07-03T18:23:17.301+0000] {processor.py:183} INFO - Processing /home/airflow/.local/lib/python3.8/site-packages/airflow/example_dags/example_setup_teardown.py took 0.250 seconds
[2025-07-03T18:23:48.207+0000] {processor.py:161} INFO - Started process (PID=456) to work on /home/airflow/.local/lib/python3.8/site-packages/airflow/example_dags/example_setup_teardown.py
[2025-07-03T18:23:48.208+0000] {processor.py:830} INFO - Processing file /home/airflow/.local/lib/python3.8/site-packages/airflow/example_dags/example_setup_teardown.py for tasks to queue
[2025-07-03T18:23:48.222+0000] {logging_mixin.py:188} INFO - [2025-07-03T18:23:48.221+0000] {dagbag.py:538} INFO - Filling up the DagBag from /home/airflow/.local/lib/python3.8/site-packages/airflow/example_dags/example_setup_teardown.py
[2025-07-03T18:23:48.240+0000] {processor.py:840} INFO - DAG(s) 'example_setup_teardown' retrieved from /home/airflow/.local/lib/python3.8/site-packages/airflow/example_dags/example_setup_teardown.py
[2025-07-03T18:23:48.322+0000] {logging_mixin.py:188} INFO - [2025-07-03T18:23:48.322+0000] {dag.py:3036} INFO - Sync 1 DAGs
[2025-07-03T18:23:48.412+0000] {logging_mixin.py:188} INFO - [2025-07-03T18:23:48.412+0000] {dag.py:3823} INFO - Setting next_dagrun for example_setup_teardown to 2025-07-02 00:00:00+00:00, run_after=2025-07-03 00:00:00+00:00
[2025-07-03T18:23:48.505+0000] {processor.py:183} INFO - Processing /home/airflow/.local/lib/python3.8/site-packages/airflow/example_dags/example_setup_teardown.py took 0.309 seconds
[2025-07-03T18:24:19.181+0000] {processor.py:161} INFO - Started process (PID=522) to work on /home/airflow/.local/lib/python3.8/site-packages/airflow/example_dags/example_setup_teardown.py
[2025-07-03T18:24:19.185+0000] {processor.py:830} INFO - Processing file /home/airflow/.local/lib/python3.8/site-packages/airflow/example_dags/example_setup_teardown.py for tasks to queue
[2025-07-03T18:24:19.188+0000] {logging_mixin.py:188} INFO - [2025-07-03T18:24:19.187+0000] {dagbag.py:538} INFO - Filling up the DagBag from /home/airflow/.local/lib/python3.8/site-packages/airflow/example_dags/example_setup_teardown.py
[2025-07-03T18:24:19.210+0000] {processor.py:840} INFO - DAG(s) 'example_setup_teardown' retrieved from /home/airflow/.local/lib/python3.8/site-packages/airflow/example_dags/example_setup_teardown.py
[2025-07-03T18:24:19.265+0000] {logging_mixin.py:188} INFO - [2025-07-03T18:24:19.264+0000] {dag.py:3036} INFO - Sync 1 DAGs
[2025-07-03T18:24:19.315+0000] {logging_mixin.py:188} INFO - [2025-07-03T18:24:19.314+0000] {dag.py:3823} INFO - Setting next_dagrun for example_setup_teardown to 2025-07-02 00:00:00+00:00, run_after=2025-07-03 00:00:00+00:00
[2025-07-03T18:24:19.353+0000] {processor.py:183} INFO - Processing /home/airflow/.local/lib/python3.8/site-packages/airflow/example_dags/example_setup_teardown.py took 0.180 seconds
