[2025-07-03T17:35:36.959+0000] {processor.py:161} INFO - Started process (PID=230) to work on /home/airflow/.local/lib/python3.8/site-packages/airflow/example_dags/example_task_group.py
[2025-07-03T17:35:36.960+0000] {processor.py:830} INFO - Processing file /home/airflow/.local/lib/python3.8/site-packages/airflow/example_dags/example_task_group.py for tasks to queue
[2025-07-03T17:35:36.963+0000] {logging_mixin.py:188} INFO - [2025-07-03T17:35:36.963+0000] {dagbag.py:538} INFO - Filling up the DagBag from /home/airflow/.local/lib/python3.8/site-packages/airflow/example_dags/example_task_group.py
[2025-07-03T17:35:37.000+0000] {processor.py:840} INFO - DAG(s) 'example_task_group' retrieved from /home/airflow/.local/lib/python3.8/site-packages/airflow/example_dags/example_task_group.py
[2025-07-03T17:35:37.526+0000] {logging_mixin.py:188} INFO - [2025-07-03T17:35:37.525+0000] {dag.py:3036} INFO - Sync 1 DAGs
[2025-07-03T17:35:37.635+0000] {logging_mixin.py:188} INFO - [2025-07-03T17:35:37.635+0000] {dag.py:3823} INFO - Setting next_dagrun for example_task_group to 2025-07-02 00:00:00+00:00, run_after=2025-07-03 00:00:00+00:00
[2025-07-03T17:35:37.733+0000] {processor.py:183} INFO - Processing /home/airflow/.local/lib/python3.8/site-packages/airflow/example_dags/example_task_group.py took 0.796 seconds
[2025-07-03T17:36:10.143+0000] {processor.py:161} INFO - Started process (PID=294) to work on /home/airflow/.local/lib/python3.8/site-packages/airflow/example_dags/example_task_group.py
[2025-07-03T17:36:10.153+0000] {processor.py:830} INFO - Processing file /home/airflow/.local/lib/python3.8/site-packages/airflow/example_dags/example_task_group.py for tasks to queue
[2025-07-03T17:36:10.159+0000] {logging_mixin.py:188} INFO - [2025-07-03T17:36:10.158+0000] {dagbag.py:538} INFO - Filling up the DagBag from /home/airflow/.local/lib/python3.8/site-packages/airflow/example_dags/example_task_group.py
[2025-07-03T17:36:10.250+0000] {processor.py:840} INFO - DAG(s) 'example_task_group' retrieved from /home/airflow/.local/lib/python3.8/site-packages/airflow/example_dags/example_task_group.py
[2025-07-03T17:36:10.510+0000] {logging_mixin.py:188} INFO - [2025-07-03T17:36:10.509+0000] {dag.py:3036} INFO - Sync 1 DAGs
[2025-07-03T17:36:10.860+0000] {logging_mixin.py:188} INFO - [2025-07-03T17:36:10.860+0000] {dag.py:3823} INFO - Setting next_dagrun for example_task_group to 2025-07-02 00:00:00+00:00, run_after=2025-07-03 00:00:00+00:00
[2025-07-03T17:36:11.145+0000] {processor.py:183} INFO - Processing /home/airflow/.local/lib/python3.8/site-packages/airflow/example_dags/example_task_group.py took 1.038 seconds
[2025-07-03T17:36:41.673+0000] {processor.py:161} INFO - Started process (PID=352) to work on /home/airflow/.local/lib/python3.8/site-packages/airflow/example_dags/example_task_group.py
[2025-07-03T17:36:41.674+0000] {processor.py:830} INFO - Processing file /home/airflow/.local/lib/python3.8/site-packages/airflow/example_dags/example_task_group.py for tasks to queue
[2025-07-03T17:36:41.677+0000] {logging_mixin.py:188} INFO - [2025-07-03T17:36:41.676+0000] {dagbag.py:538} INFO - Filling up the DagBag from /home/airflow/.local/lib/python3.8/site-packages/airflow/example_dags/example_task_group.py
[2025-07-03T17:36:41.693+0000] {processor.py:840} INFO - DAG(s) 'example_task_group' retrieved from /home/airflow/.local/lib/python3.8/site-packages/airflow/example_dags/example_task_group.py
[2025-07-03T17:36:41.729+0000] {logging_mixin.py:188} INFO - [2025-07-03T17:36:41.728+0000] {dag.py:3036} INFO - Sync 1 DAGs
[2025-07-03T17:36:41.770+0000] {logging_mixin.py:188} INFO - [2025-07-03T17:36:41.770+0000] {dag.py:3823} INFO - Setting next_dagrun for example_task_group to 2025-07-02 00:00:00+00:00, run_after=2025-07-03 00:00:00+00:00
[2025-07-03T17:36:41.805+0000] {processor.py:183} INFO - Processing /home/airflow/.local/lib/python3.8/site-packages/airflow/example_dags/example_task_group.py took 0.137 seconds
[2025-07-03T17:37:13.862+0000] {processor.py:161} INFO - Started process (PID=416) to work on /home/airflow/.local/lib/python3.8/site-packages/airflow/example_dags/example_task_group.py
[2025-07-03T17:37:13.866+0000] {processor.py:830} INFO - Processing file /home/airflow/.local/lib/python3.8/site-packages/airflow/example_dags/example_task_group.py for tasks to queue
[2025-07-03T17:37:13.872+0000] {logging_mixin.py:188} INFO - [2025-07-03T17:37:13.870+0000] {dagbag.py:538} INFO - Filling up the DagBag from /home/airflow/.local/lib/python3.8/site-packages/airflow/example_dags/example_task_group.py
[2025-07-03T17:37:13.896+0000] {processor.py:840} INFO - DAG(s) 'example_task_group' retrieved from /home/airflow/.local/lib/python3.8/site-packages/airflow/example_dags/example_task_group.py
[2025-07-03T17:37:13.974+0000] {logging_mixin.py:188} INFO - [2025-07-03T17:37:13.973+0000] {dag.py:3036} INFO - Sync 1 DAGs
[2025-07-03T17:37:14.095+0000] {logging_mixin.py:188} INFO - [2025-07-03T17:37:14.094+0000] {dag.py:3823} INFO - Setting next_dagrun for example_task_group to 2025-07-02 00:00:00+00:00, run_after=2025-07-03 00:00:00+00:00
[2025-07-03T17:37:14.203+0000] {processor.py:183} INFO - Processing /home/airflow/.local/lib/python3.8/site-packages/airflow/example_dags/example_task_group.py took 0.350 seconds
[2025-07-03T17:37:44.594+0000] {processor.py:161} INFO - Started process (PID=470) to work on /home/airflow/.local/lib/python3.8/site-packages/airflow/example_dags/example_task_group.py
[2025-07-03T17:37:44.605+0000] {processor.py:830} INFO - Processing file /home/airflow/.local/lib/python3.8/site-packages/airflow/example_dags/example_task_group.py for tasks to queue
[2025-07-03T17:37:44.614+0000] {logging_mixin.py:188} INFO - [2025-07-03T17:37:44.614+0000] {dagbag.py:538} INFO - Filling up the DagBag from /home/airflow/.local/lib/python3.8/site-packages/airflow/example_dags/example_task_group.py
[2025-07-03T17:37:44.647+0000] {processor.py:840} INFO - DAG(s) 'example_task_group' retrieved from /home/airflow/.local/lib/python3.8/site-packages/airflow/example_dags/example_task_group.py
[2025-07-03T17:37:44.903+0000] {logging_mixin.py:188} INFO - [2025-07-03T17:37:44.903+0000] {dag.py:3036} INFO - Sync 1 DAGs
[2025-07-03T17:37:45.073+0000] {logging_mixin.py:188} INFO - [2025-07-03T17:37:45.064+0000] {dag.py:3823} INFO - Setting next_dagrun for example_task_group to 2025-07-02 00:00:00+00:00, run_after=2025-07-03 00:00:00+00:00
[2025-07-03T17:37:45.241+0000] {processor.py:183} INFO - Processing /home/airflow/.local/lib/python3.8/site-packages/airflow/example_dags/example_task_group.py took 0.652 seconds
[2025-07-03T17:38:15.365+0000] {processor.py:161} INFO - Started process (PID=535) to work on /home/airflow/.local/lib/python3.8/site-packages/airflow/example_dags/example_task_group.py
[2025-07-03T17:38:15.370+0000] {processor.py:830} INFO - Processing file /home/airflow/.local/lib/python3.8/site-packages/airflow/example_dags/example_task_group.py for tasks to queue
[2025-07-03T17:38:15.382+0000] {logging_mixin.py:188} INFO - [2025-07-03T17:38:15.381+0000] {dagbag.py:538} INFO - Filling up the DagBag from /home/airflow/.local/lib/python3.8/site-packages/airflow/example_dags/example_task_group.py
[2025-07-03T17:38:15.402+0000] {processor.py:840} INFO - DAG(s) 'example_task_group' retrieved from /home/airflow/.local/lib/python3.8/site-packages/airflow/example_dags/example_task_group.py
[2025-07-03T17:38:15.513+0000] {logging_mixin.py:188} INFO - [2025-07-03T17:38:15.513+0000] {dag.py:3036} INFO - Sync 1 DAGs
[2025-07-03T17:38:15.639+0000] {logging_mixin.py:188} INFO - [2025-07-03T17:38:15.638+0000] {dag.py:3823} INFO - Setting next_dagrun for example_task_group to 2025-07-02 00:00:00+00:00, run_after=2025-07-03 00:00:00+00:00
[2025-07-03T17:38:15.728+0000] {processor.py:183} INFO - Processing /home/airflow/.local/lib/python3.8/site-packages/airflow/example_dags/example_task_group.py took 0.376 seconds
[2025-07-03T17:38:46.021+0000] {processor.py:161} INFO - Started process (PID=598) to work on /home/airflow/.local/lib/python3.8/site-packages/airflow/example_dags/example_task_group.py
[2025-07-03T17:38:46.022+0000] {processor.py:830} INFO - Processing file /home/airflow/.local/lib/python3.8/site-packages/airflow/example_dags/example_task_group.py for tasks to queue
[2025-07-03T17:38:46.025+0000] {logging_mixin.py:188} INFO - [2025-07-03T17:38:46.024+0000] {dagbag.py:538} INFO - Filling up the DagBag from /home/airflow/.local/lib/python3.8/site-packages/airflow/example_dags/example_task_group.py
[2025-07-03T17:38:46.059+0000] {processor.py:840} INFO - DAG(s) 'example_task_group' retrieved from /home/airflow/.local/lib/python3.8/site-packages/airflow/example_dags/example_task_group.py
[2025-07-03T17:38:46.215+0000] {logging_mixin.py:188} INFO - [2025-07-03T17:38:46.209+0000] {dag.py:3036} INFO - Sync 1 DAGs
[2025-07-03T17:38:46.344+0000] {logging_mixin.py:188} INFO - [2025-07-03T17:38:46.343+0000] {dag.py:3823} INFO - Setting next_dagrun for example_task_group to 2025-07-02 00:00:00+00:00, run_after=2025-07-03 00:00:00+00:00
[2025-07-03T17:38:46.434+0000] {processor.py:183} INFO - Processing /home/airflow/.local/lib/python3.8/site-packages/airflow/example_dags/example_task_group.py took 0.421 seconds
[2025-07-03T17:39:16.494+0000] {processor.py:161} INFO - Started process (PID=656) to work on /home/airflow/.local/lib/python3.8/site-packages/airflow/example_dags/example_task_group.py
[2025-07-03T17:39:16.495+0000] {processor.py:830} INFO - Processing file /home/airflow/.local/lib/python3.8/site-packages/airflow/example_dags/example_task_group.py for tasks to queue
[2025-07-03T17:39:16.498+0000] {logging_mixin.py:188} INFO - [2025-07-03T17:39:16.497+0000] {dagbag.py:538} INFO - Filling up the DagBag from /home/airflow/.local/lib/python3.8/site-packages/airflow/example_dags/example_task_group.py
[2025-07-03T17:39:16.510+0000] {processor.py:840} INFO - DAG(s) 'example_task_group' retrieved from /home/airflow/.local/lib/python3.8/site-packages/airflow/example_dags/example_task_group.py
[2025-07-03T17:39:16.548+0000] {logging_mixin.py:188} INFO - [2025-07-03T17:39:16.548+0000] {dag.py:3036} INFO - Sync 1 DAGs
[2025-07-03T17:39:16.592+0000] {logging_mixin.py:188} INFO - [2025-07-03T17:39:16.591+0000] {dag.py:3823} INFO - Setting next_dagrun for example_task_group to 2025-07-02 00:00:00+00:00, run_after=2025-07-03 00:00:00+00:00
[2025-07-03T17:39:16.626+0000] {processor.py:183} INFO - Processing /home/airflow/.local/lib/python3.8/site-packages/airflow/example_dags/example_task_group.py took 0.137 seconds
[2025-07-03T17:39:46.728+0000] {processor.py:161} INFO - Started process (PID=722) to work on /home/airflow/.local/lib/python3.8/site-packages/airflow/example_dags/example_task_group.py
[2025-07-03T17:39:46.729+0000] {processor.py:830} INFO - Processing file /home/airflow/.local/lib/python3.8/site-packages/airflow/example_dags/example_task_group.py for tasks to queue
[2025-07-03T17:39:46.732+0000] {logging_mixin.py:188} INFO - [2025-07-03T17:39:46.731+0000] {dagbag.py:538} INFO - Filling up the DagBag from /home/airflow/.local/lib/python3.8/site-packages/airflow/example_dags/example_task_group.py
[2025-07-03T17:39:46.743+0000] {processor.py:840} INFO - DAG(s) 'example_task_group' retrieved from /home/airflow/.local/lib/python3.8/site-packages/airflow/example_dags/example_task_group.py
[2025-07-03T17:39:46.780+0000] {logging_mixin.py:188} INFO - [2025-07-03T17:39:46.780+0000] {dag.py:3036} INFO - Sync 1 DAGs
[2025-07-03T17:39:46.822+0000] {logging_mixin.py:188} INFO - [2025-07-03T17:39:46.821+0000] {dag.py:3823} INFO - Setting next_dagrun for example_task_group to 2025-07-02 00:00:00+00:00, run_after=2025-07-03 00:00:00+00:00
[2025-07-03T17:39:46.853+0000] {processor.py:183} INFO - Processing /home/airflow/.local/lib/python3.8/site-packages/airflow/example_dags/example_task_group.py took 0.129 seconds
[2025-07-03T17:40:16.973+0000] {processor.py:161} INFO - Started process (PID=788) to work on /home/airflow/.local/lib/python3.8/site-packages/airflow/example_dags/example_task_group.py
[2025-07-03T17:40:16.977+0000] {processor.py:830} INFO - Processing file /home/airflow/.local/lib/python3.8/site-packages/airflow/example_dags/example_task_group.py for tasks to queue
[2025-07-03T17:40:16.980+0000] {logging_mixin.py:188} INFO - [2025-07-03T17:40:16.979+0000] {dagbag.py:538} INFO - Filling up the DagBag from /home/airflow/.local/lib/python3.8/site-packages/airflow/example_dags/example_task_group.py
[2025-07-03T17:40:16.995+0000] {processor.py:840} INFO - DAG(s) 'example_task_group' retrieved from /home/airflow/.local/lib/python3.8/site-packages/airflow/example_dags/example_task_group.py
[2025-07-03T17:40:17.050+0000] {logging_mixin.py:188} INFO - [2025-07-03T17:40:17.049+0000] {dag.py:3036} INFO - Sync 1 DAGs
[2025-07-03T17:40:17.164+0000] {logging_mixin.py:188} INFO - [2025-07-03T17:40:17.163+0000] {dag.py:3823} INFO - Setting next_dagrun for example_task_group to 2025-07-02 00:00:00+00:00, run_after=2025-07-03 00:00:00+00:00
[2025-07-03T17:40:17.227+0000] {processor.py:183} INFO - Processing /home/airflow/.local/lib/python3.8/site-packages/airflow/example_dags/example_task_group.py took 0.274 seconds
[2025-07-03T17:40:47.673+0000] {processor.py:161} INFO - Started process (PID=853) to work on /home/airflow/.local/lib/python3.8/site-packages/airflow/example_dags/example_task_group.py
[2025-07-03T17:40:47.681+0000] {processor.py:830} INFO - Processing file /home/airflow/.local/lib/python3.8/site-packages/airflow/example_dags/example_task_group.py for tasks to queue
[2025-07-03T17:40:47.684+0000] {logging_mixin.py:188} INFO - [2025-07-03T17:40:47.683+0000] {dagbag.py:538} INFO - Filling up the DagBag from /home/airflow/.local/lib/python3.8/site-packages/airflow/example_dags/example_task_group.py
[2025-07-03T17:40:47.707+0000] {processor.py:840} INFO - DAG(s) 'example_task_group' retrieved from /home/airflow/.local/lib/python3.8/site-packages/airflow/example_dags/example_task_group.py
[2025-07-03T17:40:47.773+0000] {logging_mixin.py:188} INFO - [2025-07-03T17:40:47.773+0000] {dag.py:3036} INFO - Sync 1 DAGs
[2025-07-03T17:40:47.813+0000] {logging_mixin.py:188} INFO - [2025-07-03T17:40:47.813+0000] {dag.py:3823} INFO - Setting next_dagrun for example_task_group to 2025-07-02 00:00:00+00:00, run_after=2025-07-03 00:00:00+00:00
[2025-07-03T17:40:47.845+0000] {processor.py:183} INFO - Processing /home/airflow/.local/lib/python3.8/site-packages/airflow/example_dags/example_task_group.py took 0.177 seconds
[2025-07-03T17:41:18.221+0000] {processor.py:161} INFO - Started process (PID=917) to work on /home/airflow/.local/lib/python3.8/site-packages/airflow/example_dags/example_task_group.py
[2025-07-03T17:41:18.223+0000] {processor.py:830} INFO - Processing file /home/airflow/.local/lib/python3.8/site-packages/airflow/example_dags/example_task_group.py for tasks to queue
[2025-07-03T17:41:18.225+0000] {logging_mixin.py:188} INFO - [2025-07-03T17:41:18.225+0000] {dagbag.py:538} INFO - Filling up the DagBag from /home/airflow/.local/lib/python3.8/site-packages/airflow/example_dags/example_task_group.py
[2025-07-03T17:41:18.256+0000] {processor.py:840} INFO - DAG(s) 'example_task_group' retrieved from /home/airflow/.local/lib/python3.8/site-packages/airflow/example_dags/example_task_group.py
[2025-07-03T17:41:18.337+0000] {logging_mixin.py:188} INFO - [2025-07-03T17:41:18.336+0000] {dag.py:3036} INFO - Sync 1 DAGs
[2025-07-03T17:41:18.404+0000] {logging_mixin.py:188} INFO - [2025-07-03T17:41:18.403+0000] {dag.py:3823} INFO - Setting next_dagrun for example_task_group to 2025-07-02 00:00:00+00:00, run_after=2025-07-03 00:00:00+00:00
[2025-07-03T17:41:18.434+0000] {processor.py:183} INFO - Processing /home/airflow/.local/lib/python3.8/site-packages/airflow/example_dags/example_task_group.py took 0.226 seconds
[2025-07-03T17:41:49.083+0000] {processor.py:161} INFO - Started process (PID=983) to work on /home/airflow/.local/lib/python3.8/site-packages/airflow/example_dags/example_task_group.py
[2025-07-03T17:41:49.084+0000] {processor.py:830} INFO - Processing file /home/airflow/.local/lib/python3.8/site-packages/airflow/example_dags/example_task_group.py for tasks to queue
[2025-07-03T17:41:49.087+0000] {logging_mixin.py:188} INFO - [2025-07-03T17:41:49.086+0000] {dagbag.py:538} INFO - Filling up the DagBag from /home/airflow/.local/lib/python3.8/site-packages/airflow/example_dags/example_task_group.py
[2025-07-03T17:41:49.106+0000] {processor.py:840} INFO - DAG(s) 'example_task_group' retrieved from /home/airflow/.local/lib/python3.8/site-packages/airflow/example_dags/example_task_group.py
[2025-07-03T17:41:49.181+0000] {logging_mixin.py:188} INFO - [2025-07-03T17:41:49.180+0000] {dag.py:3036} INFO - Sync 1 DAGs
[2025-07-03T17:41:49.254+0000] {logging_mixin.py:188} INFO - [2025-07-03T17:41:49.253+0000] {dag.py:3823} INFO - Setting next_dagrun for example_task_group to 2025-07-02 00:00:00+00:00, run_after=2025-07-03 00:00:00+00:00
[2025-07-03T17:41:49.331+0000] {processor.py:183} INFO - Processing /home/airflow/.local/lib/python3.8/site-packages/airflow/example_dags/example_task_group.py took 0.266 seconds
[2025-07-03T17:42:19.961+0000] {processor.py:161} INFO - Started process (PID=1048) to work on /home/airflow/.local/lib/python3.8/site-packages/airflow/example_dags/example_task_group.py
[2025-07-03T17:42:19.963+0000] {processor.py:830} INFO - Processing file /home/airflow/.local/lib/python3.8/site-packages/airflow/example_dags/example_task_group.py for tasks to queue
[2025-07-03T17:42:19.965+0000] {logging_mixin.py:188} INFO - [2025-07-03T17:42:19.965+0000] {dagbag.py:538} INFO - Filling up the DagBag from /home/airflow/.local/lib/python3.8/site-packages/airflow/example_dags/example_task_group.py
[2025-07-03T17:42:19.977+0000] {processor.py:840} INFO - DAG(s) 'example_task_group' retrieved from /home/airflow/.local/lib/python3.8/site-packages/airflow/example_dags/example_task_group.py
[2025-07-03T17:42:20.017+0000] {logging_mixin.py:188} INFO - [2025-07-03T17:42:20.017+0000] {dag.py:3036} INFO - Sync 1 DAGs
[2025-07-03T17:42:20.066+0000] {logging_mixin.py:188} INFO - [2025-07-03T17:42:20.065+0000] {dag.py:3823} INFO - Setting next_dagrun for example_task_group to 2025-07-02 00:00:00+00:00, run_after=2025-07-03 00:00:00+00:00
[2025-07-03T17:42:20.097+0000] {processor.py:183} INFO - Processing /home/airflow/.local/lib/python3.8/site-packages/airflow/example_dags/example_task_group.py took 0.141 seconds
[2025-07-03T17:42:50.300+0000] {processor.py:161} INFO - Started process (PID=1113) to work on /home/airflow/.local/lib/python3.8/site-packages/airflow/example_dags/example_task_group.py
[2025-07-03T17:42:50.301+0000] {processor.py:830} INFO - Processing file /home/airflow/.local/lib/python3.8/site-packages/airflow/example_dags/example_task_group.py for tasks to queue
[2025-07-03T17:42:50.303+0000] {logging_mixin.py:188} INFO - [2025-07-03T17:42:50.303+0000] {dagbag.py:538} INFO - Filling up the DagBag from /home/airflow/.local/lib/python3.8/site-packages/airflow/example_dags/example_task_group.py
[2025-07-03T17:42:50.315+0000] {processor.py:840} INFO - DAG(s) 'example_task_group' retrieved from /home/airflow/.local/lib/python3.8/site-packages/airflow/example_dags/example_task_group.py
[2025-07-03T17:42:50.350+0000] {logging_mixin.py:188} INFO - [2025-07-03T17:42:50.350+0000] {dag.py:3036} INFO - Sync 1 DAGs
[2025-07-03T17:42:50.401+0000] {logging_mixin.py:188} INFO - [2025-07-03T17:42:50.400+0000] {dag.py:3823} INFO - Setting next_dagrun for example_task_group to 2025-07-02 00:00:00+00:00, run_after=2025-07-03 00:00:00+00:00
[2025-07-03T17:42:50.433+0000] {processor.py:183} INFO - Processing /home/airflow/.local/lib/python3.8/site-packages/airflow/example_dags/example_task_group.py took 0.137 seconds
[2025-07-03T17:43:21.138+0000] {processor.py:161} INFO - Started process (PID=1178) to work on /home/airflow/.local/lib/python3.8/site-packages/airflow/example_dags/example_task_group.py
[2025-07-03T17:43:21.141+0000] {processor.py:830} INFO - Processing file /home/airflow/.local/lib/python3.8/site-packages/airflow/example_dags/example_task_group.py for tasks to queue
[2025-07-03T17:43:21.150+0000] {logging_mixin.py:188} INFO - [2025-07-03T17:43:21.149+0000] {dagbag.py:538} INFO - Filling up the DagBag from /home/airflow/.local/lib/python3.8/site-packages/airflow/example_dags/example_task_group.py
[2025-07-03T17:43:21.170+0000] {processor.py:840} INFO - DAG(s) 'example_task_group' retrieved from /home/airflow/.local/lib/python3.8/site-packages/airflow/example_dags/example_task_group.py
[2025-07-03T17:43:21.225+0000] {logging_mixin.py:188} INFO - [2025-07-03T17:43:21.219+0000] {dag.py:3036} INFO - Sync 1 DAGs
[2025-07-03T17:43:21.307+0000] {logging_mixin.py:188} INFO - [2025-07-03T17:43:21.306+0000] {dag.py:3823} INFO - Setting next_dagrun for example_task_group to 2025-07-02 00:00:00+00:00, run_after=2025-07-03 00:00:00+00:00
[2025-07-03T17:43:21.367+0000] {processor.py:183} INFO - Processing /home/airflow/.local/lib/python3.8/site-packages/airflow/example_dags/example_task_group.py took 0.247 seconds
[2025-07-03T17:43:52.134+0000] {processor.py:161} INFO - Started process (PID=1244) to work on /home/airflow/.local/lib/python3.8/site-packages/airflow/example_dags/example_task_group.py
[2025-07-03T17:43:52.136+0000] {processor.py:830} INFO - Processing file /home/airflow/.local/lib/python3.8/site-packages/airflow/example_dags/example_task_group.py for tasks to queue
[2025-07-03T17:43:52.139+0000] {logging_mixin.py:188} INFO - [2025-07-03T17:43:52.138+0000] {dagbag.py:538} INFO - Filling up the DagBag from /home/airflow/.local/lib/python3.8/site-packages/airflow/example_dags/example_task_group.py
[2025-07-03T17:43:52.152+0000] {processor.py:840} INFO - DAG(s) 'example_task_group' retrieved from /home/airflow/.local/lib/python3.8/site-packages/airflow/example_dags/example_task_group.py
[2025-07-03T17:43:52.190+0000] {logging_mixin.py:188} INFO - [2025-07-03T17:43:52.190+0000] {dag.py:3036} INFO - Sync 1 DAGs
[2025-07-03T17:43:52.239+0000] {logging_mixin.py:188} INFO - [2025-07-03T17:43:52.239+0000] {dag.py:3823} INFO - Setting next_dagrun for example_task_group to 2025-07-02 00:00:00+00:00, run_after=2025-07-03 00:00:00+00:00
[2025-07-03T17:43:52.272+0000] {processor.py:183} INFO - Processing /home/airflow/.local/lib/python3.8/site-packages/airflow/example_dags/example_task_group.py took 0.143 seconds
[2025-07-03T17:44:22.763+0000] {processor.py:161} INFO - Started process (PID=1309) to work on /home/airflow/.local/lib/python3.8/site-packages/airflow/example_dags/example_task_group.py
[2025-07-03T17:44:22.764+0000] {processor.py:830} INFO - Processing file /home/airflow/.local/lib/python3.8/site-packages/airflow/example_dags/example_task_group.py for tasks to queue
[2025-07-03T17:44:22.767+0000] {logging_mixin.py:188} INFO - [2025-07-03T17:44:22.766+0000] {dagbag.py:538} INFO - Filling up the DagBag from /home/airflow/.local/lib/python3.8/site-packages/airflow/example_dags/example_task_group.py
[2025-07-03T17:44:22.779+0000] {processor.py:840} INFO - DAG(s) 'example_task_group' retrieved from /home/airflow/.local/lib/python3.8/site-packages/airflow/example_dags/example_task_group.py
[2025-07-03T17:44:22.818+0000] {logging_mixin.py:188} INFO - [2025-07-03T17:44:22.818+0000] {dag.py:3036} INFO - Sync 1 DAGs
[2025-07-03T17:44:22.858+0000] {logging_mixin.py:188} INFO - [2025-07-03T17:44:22.858+0000] {dag.py:3823} INFO - Setting next_dagrun for example_task_group to 2025-07-02 00:00:00+00:00, run_after=2025-07-03 00:00:00+00:00
[2025-07-03T17:44:22.889+0000] {processor.py:183} INFO - Processing /home/airflow/.local/lib/python3.8/site-packages/airflow/example_dags/example_task_group.py took 0.131 seconds
[2025-07-03T17:44:53.415+0000] {processor.py:161} INFO - Started process (PID=1374) to work on /home/airflow/.local/lib/python3.8/site-packages/airflow/example_dags/example_task_group.py
[2025-07-03T17:44:53.416+0000] {processor.py:830} INFO - Processing file /home/airflow/.local/lib/python3.8/site-packages/airflow/example_dags/example_task_group.py for tasks to queue
[2025-07-03T17:44:53.418+0000] {logging_mixin.py:188} INFO - [2025-07-03T17:44:53.418+0000] {dagbag.py:538} INFO - Filling up the DagBag from /home/airflow/.local/lib/python3.8/site-packages/airflow/example_dags/example_task_group.py
[2025-07-03T17:44:53.430+0000] {processor.py:840} INFO - DAG(s) 'example_task_group' retrieved from /home/airflow/.local/lib/python3.8/site-packages/airflow/example_dags/example_task_group.py
[2025-07-03T17:44:53.471+0000] {logging_mixin.py:188} INFO - [2025-07-03T17:44:53.471+0000] {dag.py:3036} INFO - Sync 1 DAGs
[2025-07-03T17:44:53.512+0000] {logging_mixin.py:188} INFO - [2025-07-03T17:44:53.512+0000] {dag.py:3823} INFO - Setting next_dagrun for example_task_group to 2025-07-02 00:00:00+00:00, run_after=2025-07-03 00:00:00+00:00
[2025-07-03T17:44:53.546+0000] {processor.py:183} INFO - Processing /home/airflow/.local/lib/python3.8/site-packages/airflow/example_dags/example_task_group.py took 0.136 seconds
[2025-07-03T17:45:23.944+0000] {processor.py:161} INFO - Started process (PID=1439) to work on /home/airflow/.local/lib/python3.8/site-packages/airflow/example_dags/example_task_group.py
[2025-07-03T17:45:23.946+0000] {processor.py:830} INFO - Processing file /home/airflow/.local/lib/python3.8/site-packages/airflow/example_dags/example_task_group.py for tasks to queue
[2025-07-03T17:45:23.952+0000] {logging_mixin.py:188} INFO - [2025-07-03T17:45:23.951+0000] {dagbag.py:538} INFO - Filling up the DagBag from /home/airflow/.local/lib/python3.8/site-packages/airflow/example_dags/example_task_group.py
[2025-07-03T17:45:23.963+0000] {processor.py:840} INFO - DAG(s) 'example_task_group' retrieved from /home/airflow/.local/lib/python3.8/site-packages/airflow/example_dags/example_task_group.py
[2025-07-03T17:45:23.996+0000] {logging_mixin.py:188} INFO - [2025-07-03T17:45:23.996+0000] {dag.py:3036} INFO - Sync 1 DAGs
[2025-07-03T17:45:24.034+0000] {logging_mixin.py:188} INFO - [2025-07-03T17:45:24.034+0000] {dag.py:3823} INFO - Setting next_dagrun for example_task_group to 2025-07-02 00:00:00+00:00, run_after=2025-07-03 00:00:00+00:00
[2025-07-03T17:45:24.067+0000] {processor.py:183} INFO - Processing /home/airflow/.local/lib/python3.8/site-packages/airflow/example_dags/example_task_group.py took 0.127 seconds
[2025-07-03T17:45:54.967+0000] {processor.py:161} INFO - Started process (PID=1504) to work on /home/airflow/.local/lib/python3.8/site-packages/airflow/example_dags/example_task_group.py
[2025-07-03T17:45:54.968+0000] {processor.py:830} INFO - Processing file /home/airflow/.local/lib/python3.8/site-packages/airflow/example_dags/example_task_group.py for tasks to queue
[2025-07-03T17:45:54.971+0000] {logging_mixin.py:188} INFO - [2025-07-03T17:45:54.970+0000] {dagbag.py:538} INFO - Filling up the DagBag from /home/airflow/.local/lib/python3.8/site-packages/airflow/example_dags/example_task_group.py
[2025-07-03T17:45:54.983+0000] {processor.py:840} INFO - DAG(s) 'example_task_group' retrieved from /home/airflow/.local/lib/python3.8/site-packages/airflow/example_dags/example_task_group.py
[2025-07-03T17:45:55.020+0000] {logging_mixin.py:188} INFO - [2025-07-03T17:45:55.020+0000] {dag.py:3036} INFO - Sync 1 DAGs
[2025-07-03T17:45:55.061+0000] {logging_mixin.py:188} INFO - [2025-07-03T17:45:55.061+0000] {dag.py:3823} INFO - Setting next_dagrun for example_task_group to 2025-07-02 00:00:00+00:00, run_after=2025-07-03 00:00:00+00:00
[2025-07-03T17:45:55.092+0000] {processor.py:183} INFO - Processing /home/airflow/.local/lib/python3.8/site-packages/airflow/example_dags/example_task_group.py took 0.130 seconds
[2025-07-03T17:46:25.282+0000] {processor.py:161} INFO - Started process (PID=1569) to work on /home/airflow/.local/lib/python3.8/site-packages/airflow/example_dags/example_task_group.py
[2025-07-03T17:46:25.284+0000] {processor.py:830} INFO - Processing file /home/airflow/.local/lib/python3.8/site-packages/airflow/example_dags/example_task_group.py for tasks to queue
[2025-07-03T17:46:25.287+0000] {logging_mixin.py:188} INFO - [2025-07-03T17:46:25.286+0000] {dagbag.py:538} INFO - Filling up the DagBag from /home/airflow/.local/lib/python3.8/site-packages/airflow/example_dags/example_task_group.py
[2025-07-03T17:46:25.300+0000] {processor.py:840} INFO - DAG(s) 'example_task_group' retrieved from /home/airflow/.local/lib/python3.8/site-packages/airflow/example_dags/example_task_group.py
[2025-07-03T17:46:25.336+0000] {logging_mixin.py:188} INFO - [2025-07-03T17:46:25.336+0000] {dag.py:3036} INFO - Sync 1 DAGs
[2025-07-03T17:46:25.376+0000] {logging_mixin.py:188} INFO - [2025-07-03T17:46:25.375+0000] {dag.py:3823} INFO - Setting next_dagrun for example_task_group to 2025-07-02 00:00:00+00:00, run_after=2025-07-03 00:00:00+00:00
[2025-07-03T17:46:25.409+0000] {processor.py:183} INFO - Processing /home/airflow/.local/lib/python3.8/site-packages/airflow/example_dags/example_task_group.py took 0.132 seconds
[2025-07-03T17:46:55.690+0000] {processor.py:161} INFO - Started process (PID=1633) to work on /home/airflow/.local/lib/python3.8/site-packages/airflow/example_dags/example_task_group.py
[2025-07-03T17:46:55.691+0000] {processor.py:830} INFO - Processing file /home/airflow/.local/lib/python3.8/site-packages/airflow/example_dags/example_task_group.py for tasks to queue
[2025-07-03T17:46:55.694+0000] {logging_mixin.py:188} INFO - [2025-07-03T17:46:55.693+0000] {dagbag.py:538} INFO - Filling up the DagBag from /home/airflow/.local/lib/python3.8/site-packages/airflow/example_dags/example_task_group.py
[2025-07-03T17:46:55.705+0000] {processor.py:840} INFO - DAG(s) 'example_task_group' retrieved from /home/airflow/.local/lib/python3.8/site-packages/airflow/example_dags/example_task_group.py
[2025-07-03T17:46:55.744+0000] {logging_mixin.py:188} INFO - [2025-07-03T17:46:55.743+0000] {dag.py:3036} INFO - Sync 1 DAGs
[2025-07-03T17:46:55.785+0000] {logging_mixin.py:188} INFO - [2025-07-03T17:46:55.784+0000] {dag.py:3823} INFO - Setting next_dagrun for example_task_group to 2025-07-02 00:00:00+00:00, run_after=2025-07-03 00:00:00+00:00
[2025-07-03T17:46:55.815+0000] {processor.py:183} INFO - Processing /home/airflow/.local/lib/python3.8/site-packages/airflow/example_dags/example_task_group.py took 0.130 seconds
[2025-07-03T17:47:26.117+0000] {processor.py:161} INFO - Started process (PID=1698) to work on /home/airflow/.local/lib/python3.8/site-packages/airflow/example_dags/example_task_group.py
[2025-07-03T17:47:26.119+0000] {processor.py:830} INFO - Processing file /home/airflow/.local/lib/python3.8/site-packages/airflow/example_dags/example_task_group.py for tasks to queue
[2025-07-03T17:47:26.121+0000] {logging_mixin.py:188} INFO - [2025-07-03T17:47:26.121+0000] {dagbag.py:538} INFO - Filling up the DagBag from /home/airflow/.local/lib/python3.8/site-packages/airflow/example_dags/example_task_group.py
[2025-07-03T17:47:26.132+0000] {processor.py:840} INFO - DAG(s) 'example_task_group' retrieved from /home/airflow/.local/lib/python3.8/site-packages/airflow/example_dags/example_task_group.py
[2025-07-03T17:47:26.169+0000] {logging_mixin.py:188} INFO - [2025-07-03T17:47:26.168+0000] {dag.py:3036} INFO - Sync 1 DAGs
[2025-07-03T17:47:26.211+0000] {logging_mixin.py:188} INFO - [2025-07-03T17:47:26.210+0000] {dag.py:3823} INFO - Setting next_dagrun for example_task_group to 2025-07-02 00:00:00+00:00, run_after=2025-07-03 00:00:00+00:00
[2025-07-03T17:47:26.242+0000] {processor.py:183} INFO - Processing /home/airflow/.local/lib/python3.8/site-packages/airflow/example_dags/example_task_group.py took 0.130 seconds
[2025-07-03T17:47:56.385+0000] {processor.py:161} INFO - Started process (PID=1763) to work on /home/airflow/.local/lib/python3.8/site-packages/airflow/example_dags/example_task_group.py
[2025-07-03T17:47:56.387+0000] {processor.py:830} INFO - Processing file /home/airflow/.local/lib/python3.8/site-packages/airflow/example_dags/example_task_group.py for tasks to queue
[2025-07-03T17:47:56.390+0000] {logging_mixin.py:188} INFO - [2025-07-03T17:47:56.390+0000] {dagbag.py:538} INFO - Filling up the DagBag from /home/airflow/.local/lib/python3.8/site-packages/airflow/example_dags/example_task_group.py
[2025-07-03T17:47:56.404+0000] {processor.py:840} INFO - DAG(s) 'example_task_group' retrieved from /home/airflow/.local/lib/python3.8/site-packages/airflow/example_dags/example_task_group.py
[2025-07-03T17:47:56.454+0000] {logging_mixin.py:188} INFO - [2025-07-03T17:47:56.453+0000] {dag.py:3036} INFO - Sync 1 DAGs
[2025-07-03T17:47:56.503+0000] {logging_mixin.py:188} INFO - [2025-07-03T17:47:56.502+0000] {dag.py:3823} INFO - Setting next_dagrun for example_task_group to 2025-07-02 00:00:00+00:00, run_after=2025-07-03 00:00:00+00:00
[2025-07-03T17:47:56.552+0000] {processor.py:183} INFO - Processing /home/airflow/.local/lib/python3.8/site-packages/airflow/example_dags/example_task_group.py took 0.172 seconds
[2025-07-03T17:48:26.936+0000] {processor.py:161} INFO - Started process (PID=1828) to work on /home/airflow/.local/lib/python3.8/site-packages/airflow/example_dags/example_task_group.py
[2025-07-03T17:48:26.938+0000] {processor.py:830} INFO - Processing file /home/airflow/.local/lib/python3.8/site-packages/airflow/example_dags/example_task_group.py for tasks to queue
[2025-07-03T17:48:26.941+0000] {logging_mixin.py:188} INFO - [2025-07-03T17:48:26.940+0000] {dagbag.py:538} INFO - Filling up the DagBag from /home/airflow/.local/lib/python3.8/site-packages/airflow/example_dags/example_task_group.py
[2025-07-03T17:48:26.958+0000] {processor.py:840} INFO - DAG(s) 'example_task_group' retrieved from /home/airflow/.local/lib/python3.8/site-packages/airflow/example_dags/example_task_group.py
[2025-07-03T17:48:27.021+0000] {logging_mixin.py:188} INFO - [2025-07-03T17:48:27.021+0000] {dag.py:3036} INFO - Sync 1 DAGs
[2025-07-03T17:48:27.069+0000] {logging_mixin.py:188} INFO - [2025-07-03T17:48:27.068+0000] {dag.py:3823} INFO - Setting next_dagrun for example_task_group to 2025-07-02 00:00:00+00:00, run_after=2025-07-03 00:00:00+00:00
[2025-07-03T17:48:27.122+0000] {processor.py:183} INFO - Processing /home/airflow/.local/lib/python3.8/site-packages/airflow/example_dags/example_task_group.py took 0.191 seconds
[2025-07-03T17:48:57.272+0000] {processor.py:161} INFO - Started process (PID=1894) to work on /home/airflow/.local/lib/python3.8/site-packages/airflow/example_dags/example_task_group.py
[2025-07-03T17:48:57.281+0000] {processor.py:830} INFO - Processing file /home/airflow/.local/lib/python3.8/site-packages/airflow/example_dags/example_task_group.py for tasks to queue
[2025-07-03T17:48:57.283+0000] {logging_mixin.py:188} INFO - [2025-07-03T17:48:57.283+0000] {dagbag.py:538} INFO - Filling up the DagBag from /home/airflow/.local/lib/python3.8/site-packages/airflow/example_dags/example_task_group.py
[2025-07-03T17:48:57.302+0000] {processor.py:840} INFO - DAG(s) 'example_task_group' retrieved from /home/airflow/.local/lib/python3.8/site-packages/airflow/example_dags/example_task_group.py
[2025-07-03T17:48:57.390+0000] {logging_mixin.py:188} INFO - [2025-07-03T17:48:57.389+0000] {dag.py:3036} INFO - Sync 1 DAGs
[2025-07-03T17:48:57.446+0000] {logging_mixin.py:188} INFO - [2025-07-03T17:48:57.446+0000] {dag.py:3823} INFO - Setting next_dagrun for example_task_group to 2025-07-02 00:00:00+00:00, run_after=2025-07-03 00:00:00+00:00
[2025-07-03T17:48:57.520+0000] {processor.py:183} INFO - Processing /home/airflow/.local/lib/python3.8/site-packages/airflow/example_dags/example_task_group.py took 0.267 seconds
[2025-07-03T17:49:28.180+0000] {processor.py:161} INFO - Started process (PID=1959) to work on /home/airflow/.local/lib/python3.8/site-packages/airflow/example_dags/example_task_group.py
[2025-07-03T17:49:28.185+0000] {processor.py:830} INFO - Processing file /home/airflow/.local/lib/python3.8/site-packages/airflow/example_dags/example_task_group.py for tasks to queue
[2025-07-03T17:49:28.187+0000] {logging_mixin.py:188} INFO - [2025-07-03T17:49:28.187+0000] {dagbag.py:538} INFO - Filling up the DagBag from /home/airflow/.local/lib/python3.8/site-packages/airflow/example_dags/example_task_group.py
[2025-07-03T17:49:28.224+0000] {processor.py:840} INFO - DAG(s) 'example_task_group' retrieved from /home/airflow/.local/lib/python3.8/site-packages/airflow/example_dags/example_task_group.py
[2025-07-03T17:49:28.296+0000] {logging_mixin.py:188} INFO - [2025-07-03T17:49:28.296+0000] {dag.py:3036} INFO - Sync 1 DAGs
[2025-07-03T17:49:28.424+0000] {logging_mixin.py:188} INFO - [2025-07-03T17:49:28.424+0000] {dag.py:3823} INFO - Setting next_dagrun for example_task_group to 2025-07-02 00:00:00+00:00, run_after=2025-07-03 00:00:00+00:00
[2025-07-03T17:49:28.558+0000] {processor.py:183} INFO - Processing /home/airflow/.local/lib/python3.8/site-packages/airflow/example_dags/example_task_group.py took 0.407 seconds
[2025-07-03T17:49:58.664+0000] {processor.py:161} INFO - Started process (PID=2025) to work on /home/airflow/.local/lib/python3.8/site-packages/airflow/example_dags/example_task_group.py
[2025-07-03T17:49:58.704+0000] {processor.py:830} INFO - Processing file /home/airflow/.local/lib/python3.8/site-packages/airflow/example_dags/example_task_group.py for tasks to queue
[2025-07-03T17:49:58.708+0000] {logging_mixin.py:188} INFO - [2025-07-03T17:49:58.707+0000] {dagbag.py:538} INFO - Filling up the DagBag from /home/airflow/.local/lib/python3.8/site-packages/airflow/example_dags/example_task_group.py
[2025-07-03T17:49:58.752+0000] {processor.py:840} INFO - DAG(s) 'example_task_group' retrieved from /home/airflow/.local/lib/python3.8/site-packages/airflow/example_dags/example_task_group.py
[2025-07-03T17:49:58.886+0000] {logging_mixin.py:188} INFO - [2025-07-03T17:49:58.885+0000] {dag.py:3036} INFO - Sync 1 DAGs
[2025-07-03T17:49:58.942+0000] {logging_mixin.py:188} INFO - [2025-07-03T17:49:58.941+0000] {dag.py:3823} INFO - Setting next_dagrun for example_task_group to 2025-07-02 00:00:00+00:00, run_after=2025-07-03 00:00:00+00:00
[2025-07-03T17:49:58.972+0000] {processor.py:183} INFO - Processing /home/airflow/.local/lib/python3.8/site-packages/airflow/example_dags/example_task_group.py took 0.330 seconds
[2025-07-03T17:50:29.571+0000] {processor.py:161} INFO - Started process (PID=2089) to work on /home/airflow/.local/lib/python3.8/site-packages/airflow/example_dags/example_task_group.py
[2025-07-03T17:50:29.573+0000] {processor.py:830} INFO - Processing file /home/airflow/.local/lib/python3.8/site-packages/airflow/example_dags/example_task_group.py for tasks to queue
[2025-07-03T17:50:29.576+0000] {logging_mixin.py:188} INFO - [2025-07-03T17:50:29.576+0000] {dagbag.py:538} INFO - Filling up the DagBag from /home/airflow/.local/lib/python3.8/site-packages/airflow/example_dags/example_task_group.py
[2025-07-03T17:50:29.599+0000] {processor.py:840} INFO - DAG(s) 'example_task_group' retrieved from /home/airflow/.local/lib/python3.8/site-packages/airflow/example_dags/example_task_group.py
[2025-07-03T17:50:29.637+0000] {logging_mixin.py:188} INFO - [2025-07-03T17:50:29.637+0000] {dag.py:3036} INFO - Sync 1 DAGs
[2025-07-03T17:50:29.677+0000] {logging_mixin.py:188} INFO - [2025-07-03T17:50:29.677+0000] {dag.py:3823} INFO - Setting next_dagrun for example_task_group to 2025-07-02 00:00:00+00:00, run_after=2025-07-03 00:00:00+00:00
[2025-07-03T17:50:29.710+0000] {processor.py:183} INFO - Processing /home/airflow/.local/lib/python3.8/site-packages/airflow/example_dags/example_task_group.py took 0.146 seconds
[2025-07-03T17:50:59.887+0000] {processor.py:161} INFO - Started process (PID=2153) to work on /home/airflow/.local/lib/python3.8/site-packages/airflow/example_dags/example_task_group.py
[2025-07-03T17:50:59.888+0000] {processor.py:830} INFO - Processing file /home/airflow/.local/lib/python3.8/site-packages/airflow/example_dags/example_task_group.py for tasks to queue
[2025-07-03T17:50:59.890+0000] {logging_mixin.py:188} INFO - [2025-07-03T17:50:59.890+0000] {dagbag.py:538} INFO - Filling up the DagBag from /home/airflow/.local/lib/python3.8/site-packages/airflow/example_dags/example_task_group.py
[2025-07-03T17:50:59.899+0000] {processor.py:840} INFO - DAG(s) 'example_task_group' retrieved from /home/airflow/.local/lib/python3.8/site-packages/airflow/example_dags/example_task_group.py
[2025-07-03T17:50:59.932+0000] {logging_mixin.py:188} INFO - [2025-07-03T17:50:59.932+0000] {dag.py:3036} INFO - Sync 1 DAGs
[2025-07-03T17:50:59.970+0000] {logging_mixin.py:188} INFO - [2025-07-03T17:50:59.969+0000] {dag.py:3823} INFO - Setting next_dagrun for example_task_group to 2025-07-02 00:00:00+00:00, run_after=2025-07-03 00:00:00+00:00
[2025-07-03T17:50:59.999+0000] {processor.py:183} INFO - Processing /home/airflow/.local/lib/python3.8/site-packages/airflow/example_dags/example_task_group.py took 0.116 seconds
[2025-07-03T17:51:30.406+0000] {processor.py:161} INFO - Started process (PID=2225) to work on /home/airflow/.local/lib/python3.8/site-packages/airflow/example_dags/example_task_group.py
[2025-07-03T17:51:30.480+0000] {processor.py:830} INFO - Processing file /home/airflow/.local/lib/python3.8/site-packages/airflow/example_dags/example_task_group.py for tasks to queue
[2025-07-03T17:51:30.483+0000] {logging_mixin.py:188} INFO - [2025-07-03T17:51:30.483+0000] {dagbag.py:538} INFO - Filling up the DagBag from /home/airflow/.local/lib/python3.8/site-packages/airflow/example_dags/example_task_group.py
[2025-07-03T17:51:30.499+0000] {processor.py:840} INFO - DAG(s) 'example_task_group' retrieved from /home/airflow/.local/lib/python3.8/site-packages/airflow/example_dags/example_task_group.py
[2025-07-03T17:51:30.572+0000] {logging_mixin.py:188} INFO - [2025-07-03T17:51:30.572+0000] {dag.py:3036} INFO - Sync 1 DAGs
[2025-07-03T17:51:30.615+0000] {logging_mixin.py:188} INFO - [2025-07-03T17:51:30.614+0000] {dag.py:3823} INFO - Setting next_dagrun for example_task_group to 2025-07-02 00:00:00+00:00, run_after=2025-07-03 00:00:00+00:00
[2025-07-03T17:51:30.647+0000] {processor.py:183} INFO - Processing /home/airflow/.local/lib/python3.8/site-packages/airflow/example_dags/example_task_group.py took 0.254 seconds
[2025-07-03T17:52:00.894+0000] {processor.py:161} INFO - Started process (PID=2290) to work on /home/airflow/.local/lib/python3.8/site-packages/airflow/example_dags/example_task_group.py
[2025-07-03T17:52:00.909+0000] {processor.py:830} INFO - Processing file /home/airflow/.local/lib/python3.8/site-packages/airflow/example_dags/example_task_group.py for tasks to queue
[2025-07-03T17:52:00.912+0000] {logging_mixin.py:188} INFO - [2025-07-03T17:52:00.912+0000] {dagbag.py:538} INFO - Filling up the DagBag from /home/airflow/.local/lib/python3.8/site-packages/airflow/example_dags/example_task_group.py
[2025-07-03T17:52:00.933+0000] {processor.py:840} INFO - DAG(s) 'example_task_group' retrieved from /home/airflow/.local/lib/python3.8/site-packages/airflow/example_dags/example_task_group.py
[2025-07-03T17:52:00.986+0000] {logging_mixin.py:188} INFO - [2025-07-03T17:52:00.986+0000] {dag.py:3036} INFO - Sync 1 DAGs
[2025-07-03T17:52:01.032+0000] {logging_mixin.py:188} INFO - [2025-07-03T17:52:01.031+0000] {dag.py:3823} INFO - Setting next_dagrun for example_task_group to 2025-07-02 00:00:00+00:00, run_after=2025-07-03 00:00:00+00:00
[2025-07-03T17:52:01.078+0000] {processor.py:183} INFO - Processing /home/airflow/.local/lib/python3.8/site-packages/airflow/example_dags/example_task_group.py took 0.189 seconds
[2025-07-03T17:52:31.294+0000] {processor.py:161} INFO - Started process (PID=2349) to work on /home/airflow/.local/lib/python3.8/site-packages/airflow/example_dags/example_task_group.py
[2025-07-03T17:52:31.296+0000] {processor.py:830} INFO - Processing file /home/airflow/.local/lib/python3.8/site-packages/airflow/example_dags/example_task_group.py for tasks to queue
[2025-07-03T17:52:31.298+0000] {logging_mixin.py:188} INFO - [2025-07-03T17:52:31.298+0000] {dagbag.py:538} INFO - Filling up the DagBag from /home/airflow/.local/lib/python3.8/site-packages/airflow/example_dags/example_task_group.py
[2025-07-03T17:52:31.312+0000] {processor.py:840} INFO - DAG(s) 'example_task_group' retrieved from /home/airflow/.local/lib/python3.8/site-packages/airflow/example_dags/example_task_group.py
[2025-07-03T17:52:31.349+0000] {logging_mixin.py:188} INFO - [2025-07-03T17:52:31.348+0000] {dag.py:3036} INFO - Sync 1 DAGs
[2025-07-03T17:52:31.393+0000] {logging_mixin.py:188} INFO - [2025-07-03T17:52:31.393+0000] {dag.py:3823} INFO - Setting next_dagrun for example_task_group to 2025-07-02 00:00:00+00:00, run_after=2025-07-03 00:00:00+00:00
[2025-07-03T17:52:31.445+0000] {processor.py:183} INFO - Processing /home/airflow/.local/lib/python3.8/site-packages/airflow/example_dags/example_task_group.py took 0.156 seconds
[2025-07-03T17:53:01.982+0000] {processor.py:161} INFO - Started process (PID=2415) to work on /home/airflow/.local/lib/python3.8/site-packages/airflow/example_dags/example_task_group.py
[2025-07-03T17:53:01.983+0000] {processor.py:830} INFO - Processing file /home/airflow/.local/lib/python3.8/site-packages/airflow/example_dags/example_task_group.py for tasks to queue
[2025-07-03T17:53:01.986+0000] {logging_mixin.py:188} INFO - [2025-07-03T17:53:01.986+0000] {dagbag.py:538} INFO - Filling up the DagBag from /home/airflow/.local/lib/python3.8/site-packages/airflow/example_dags/example_task_group.py
[2025-07-03T17:53:02.000+0000] {processor.py:840} INFO - DAG(s) 'example_task_group' retrieved from /home/airflow/.local/lib/python3.8/site-packages/airflow/example_dags/example_task_group.py
[2025-07-03T17:53:02.038+0000] {logging_mixin.py:188} INFO - [2025-07-03T17:53:02.037+0000] {dag.py:3036} INFO - Sync 1 DAGs
[2025-07-03T17:53:02.082+0000] {logging_mixin.py:188} INFO - [2025-07-03T17:53:02.081+0000] {dag.py:3823} INFO - Setting next_dagrun for example_task_group to 2025-07-02 00:00:00+00:00, run_after=2025-07-03 00:00:00+00:00
[2025-07-03T17:53:02.121+0000] {processor.py:183} INFO - Processing /home/airflow/.local/lib/python3.8/site-packages/airflow/example_dags/example_task_group.py took 0.144 seconds
[2025-07-03T17:53:32.498+0000] {processor.py:161} INFO - Started process (PID=2481) to work on /home/airflow/.local/lib/python3.8/site-packages/airflow/example_dags/example_task_group.py
[2025-07-03T17:53:32.500+0000] {processor.py:830} INFO - Processing file /home/airflow/.local/lib/python3.8/site-packages/airflow/example_dags/example_task_group.py for tasks to queue
[2025-07-03T17:53:32.507+0000] {logging_mixin.py:188} INFO - [2025-07-03T17:53:32.506+0000] {dagbag.py:538} INFO - Filling up the DagBag from /home/airflow/.local/lib/python3.8/site-packages/airflow/example_dags/example_task_group.py
[2025-07-03T17:53:32.526+0000] {processor.py:840} INFO - DAG(s) 'example_task_group' retrieved from /home/airflow/.local/lib/python3.8/site-packages/airflow/example_dags/example_task_group.py
[2025-07-03T17:53:32.600+0000] {logging_mixin.py:188} INFO - [2025-07-03T17:53:32.599+0000] {dag.py:3036} INFO - Sync 1 DAGs
[2025-07-03T17:53:32.673+0000] {logging_mixin.py:188} INFO - [2025-07-03T17:53:32.673+0000] {dag.py:3823} INFO - Setting next_dagrun for example_task_group to 2025-07-02 00:00:00+00:00, run_after=2025-07-03 00:00:00+00:00
[2025-07-03T17:53:32.706+0000] {processor.py:183} INFO - Processing /home/airflow/.local/lib/python3.8/site-packages/airflow/example_dags/example_task_group.py took 0.219 seconds
[2025-07-03T17:54:03.127+0000] {processor.py:161} INFO - Started process (PID=2547) to work on /home/airflow/.local/lib/python3.8/site-packages/airflow/example_dags/example_task_group.py
[2025-07-03T17:54:03.128+0000] {processor.py:830} INFO - Processing file /home/airflow/.local/lib/python3.8/site-packages/airflow/example_dags/example_task_group.py for tasks to queue
[2025-07-03T17:54:03.131+0000] {logging_mixin.py:188} INFO - [2025-07-03T17:54:03.130+0000] {dagbag.py:538} INFO - Filling up the DagBag from /home/airflow/.local/lib/python3.8/site-packages/airflow/example_dags/example_task_group.py
[2025-07-03T17:54:03.147+0000] {processor.py:840} INFO - DAG(s) 'example_task_group' retrieved from /home/airflow/.local/lib/python3.8/site-packages/airflow/example_dags/example_task_group.py
[2025-07-03T17:54:03.193+0000] {logging_mixin.py:188} INFO - [2025-07-03T17:54:03.193+0000] {dag.py:3036} INFO - Sync 1 DAGs
[2025-07-03T17:54:03.239+0000] {logging_mixin.py:188} INFO - [2025-07-03T17:54:03.239+0000] {dag.py:3823} INFO - Setting next_dagrun for example_task_group to 2025-07-02 00:00:00+00:00, run_after=2025-07-03 00:00:00+00:00
[2025-07-03T17:54:03.279+0000] {processor.py:183} INFO - Processing /home/airflow/.local/lib/python3.8/site-packages/airflow/example_dags/example_task_group.py took 0.158 seconds
[2025-07-03T17:54:33.799+0000] {processor.py:161} INFO - Started process (PID=2611) to work on /home/airflow/.local/lib/python3.8/site-packages/airflow/example_dags/example_task_group.py
[2025-07-03T17:54:33.801+0000] {processor.py:830} INFO - Processing file /home/airflow/.local/lib/python3.8/site-packages/airflow/example_dags/example_task_group.py for tasks to queue
[2025-07-03T17:54:33.803+0000] {logging_mixin.py:188} INFO - [2025-07-03T17:54:33.803+0000] {dagbag.py:538} INFO - Filling up the DagBag from /home/airflow/.local/lib/python3.8/site-packages/airflow/example_dags/example_task_group.py
[2025-07-03T17:54:33.815+0000] {processor.py:840} INFO - DAG(s) 'example_task_group' retrieved from /home/airflow/.local/lib/python3.8/site-packages/airflow/example_dags/example_task_group.py
[2025-07-03T17:54:33.853+0000] {logging_mixin.py:188} INFO - [2025-07-03T17:54:33.852+0000] {dag.py:3036} INFO - Sync 1 DAGs
[2025-07-03T17:54:33.896+0000] {logging_mixin.py:188} INFO - [2025-07-03T17:54:33.896+0000] {dag.py:3823} INFO - Setting next_dagrun for example_task_group to 2025-07-02 00:00:00+00:00, run_after=2025-07-03 00:00:00+00:00
[2025-07-03T17:54:33.929+0000] {processor.py:183} INFO - Processing /home/airflow/.local/lib/python3.8/site-packages/airflow/example_dags/example_task_group.py took 0.135 seconds
[2025-07-03T17:55:04.526+0000] {processor.py:161} INFO - Started process (PID=2675) to work on /home/airflow/.local/lib/python3.8/site-packages/airflow/example_dags/example_task_group.py
[2025-07-03T17:55:04.527+0000] {processor.py:830} INFO - Processing file /home/airflow/.local/lib/python3.8/site-packages/airflow/example_dags/example_task_group.py for tasks to queue
[2025-07-03T17:55:04.541+0000] {logging_mixin.py:188} INFO - [2025-07-03T17:55:04.541+0000] {dagbag.py:538} INFO - Filling up the DagBag from /home/airflow/.local/lib/python3.8/site-packages/airflow/example_dags/example_task_group.py
[2025-07-03T17:55:04.566+0000] {processor.py:840} INFO - DAG(s) 'example_task_group' retrieved from /home/airflow/.local/lib/python3.8/site-packages/airflow/example_dags/example_task_group.py
[2025-07-03T17:55:04.662+0000] {logging_mixin.py:188} INFO - [2025-07-03T17:55:04.662+0000] {dag.py:3036} INFO - Sync 1 DAGs
[2025-07-03T17:55:04.748+0000] {logging_mixin.py:188} INFO - [2025-07-03T17:55:04.748+0000] {dag.py:3823} INFO - Setting next_dagrun for example_task_group to 2025-07-02 00:00:00+00:00, run_after=2025-07-03 00:00:00+00:00
[2025-07-03T17:55:04.800+0000] {processor.py:183} INFO - Processing /home/airflow/.local/lib/python3.8/site-packages/airflow/example_dags/example_task_group.py took 0.291 seconds
[2025-07-03T17:55:35.565+0000] {processor.py:161} INFO - Started process (PID=2739) to work on /home/airflow/.local/lib/python3.8/site-packages/airflow/example_dags/example_task_group.py
[2025-07-03T17:55:35.566+0000] {processor.py:830} INFO - Processing file /home/airflow/.local/lib/python3.8/site-packages/airflow/example_dags/example_task_group.py for tasks to queue
[2025-07-03T17:55:35.569+0000] {logging_mixin.py:188} INFO - [2025-07-03T17:55:35.569+0000] {dagbag.py:538} INFO - Filling up the DagBag from /home/airflow/.local/lib/python3.8/site-packages/airflow/example_dags/example_task_group.py
[2025-07-03T17:55:35.594+0000] {processor.py:840} INFO - DAG(s) 'example_task_group' retrieved from /home/airflow/.local/lib/python3.8/site-packages/airflow/example_dags/example_task_group.py
[2025-07-03T17:55:35.667+0000] {logging_mixin.py:188} INFO - [2025-07-03T17:55:35.666+0000] {dag.py:3036} INFO - Sync 1 DAGs
[2025-07-03T17:55:35.758+0000] {logging_mixin.py:188} INFO - [2025-07-03T17:55:35.758+0000] {dag.py:3823} INFO - Setting next_dagrun for example_task_group to 2025-07-02 00:00:00+00:00, run_after=2025-07-03 00:00:00+00:00
[2025-07-03T17:55:35.865+0000] {processor.py:183} INFO - Processing /home/airflow/.local/lib/python3.8/site-packages/airflow/example_dags/example_task_group.py took 0.318 seconds
[2025-07-03T17:56:05.999+0000] {processor.py:161} INFO - Started process (PID=2804) to work on /home/airflow/.local/lib/python3.8/site-packages/airflow/example_dags/example_task_group.py
[2025-07-03T17:56:06.001+0000] {processor.py:830} INFO - Processing file /home/airflow/.local/lib/python3.8/site-packages/airflow/example_dags/example_task_group.py for tasks to queue
[2025-07-03T17:56:06.003+0000] {logging_mixin.py:188} INFO - [2025-07-03T17:56:06.002+0000] {dagbag.py:538} INFO - Filling up the DagBag from /home/airflow/.local/lib/python3.8/site-packages/airflow/example_dags/example_task_group.py
[2025-07-03T17:56:06.012+0000] {processor.py:840} INFO - DAG(s) 'example_task_group' retrieved from /home/airflow/.local/lib/python3.8/site-packages/airflow/example_dags/example_task_group.py
[2025-07-03T17:56:06.042+0000] {logging_mixin.py:188} INFO - [2025-07-03T17:56:06.042+0000] {dag.py:3036} INFO - Sync 1 DAGs
[2025-07-03T17:56:06.073+0000] {logging_mixin.py:188} INFO - [2025-07-03T17:56:06.073+0000] {dag.py:3823} INFO - Setting next_dagrun for example_task_group to 2025-07-02 00:00:00+00:00, run_after=2025-07-03 00:00:00+00:00
[2025-07-03T17:56:06.098+0000] {processor.py:183} INFO - Processing /home/airflow/.local/lib/python3.8/site-packages/airflow/example_dags/example_task_group.py took 0.103 seconds
[2025-07-03T17:56:36.495+0000] {processor.py:161} INFO - Started process (PID=2870) to work on /home/airflow/.local/lib/python3.8/site-packages/airflow/example_dags/example_task_group.py
[2025-07-03T17:56:36.501+0000] {processor.py:830} INFO - Processing file /home/airflow/.local/lib/python3.8/site-packages/airflow/example_dags/example_task_group.py for tasks to queue
[2025-07-03T17:56:36.512+0000] {logging_mixin.py:188} INFO - [2025-07-03T17:56:36.511+0000] {dagbag.py:538} INFO - Filling up the DagBag from /home/airflow/.local/lib/python3.8/site-packages/airflow/example_dags/example_task_group.py
[2025-07-03T17:56:36.532+0000] {processor.py:840} INFO - DAG(s) 'example_task_group' retrieved from /home/airflow/.local/lib/python3.8/site-packages/airflow/example_dags/example_task_group.py
[2025-07-03T17:56:36.595+0000] {logging_mixin.py:188} INFO - [2025-07-03T17:56:36.595+0000] {dag.py:3036} INFO - Sync 1 DAGs
[2025-07-03T17:56:36.642+0000] {logging_mixin.py:188} INFO - [2025-07-03T17:56:36.642+0000] {dag.py:3823} INFO - Setting next_dagrun for example_task_group to 2025-07-02 00:00:00+00:00, run_after=2025-07-03 00:00:00+00:00
[2025-07-03T17:56:36.730+0000] {processor.py:183} INFO - Processing /home/airflow/.local/lib/python3.8/site-packages/airflow/example_dags/example_task_group.py took 0.244 seconds
[2025-07-03T17:57:07.578+0000] {processor.py:161} INFO - Started process (PID=2934) to work on /home/airflow/.local/lib/python3.8/site-packages/airflow/example_dags/example_task_group.py
[2025-07-03T17:57:07.599+0000] {processor.py:830} INFO - Processing file /home/airflow/.local/lib/python3.8/site-packages/airflow/example_dags/example_task_group.py for tasks to queue
[2025-07-03T17:57:07.610+0000] {logging_mixin.py:188} INFO - [2025-07-03T17:57:07.610+0000] {dagbag.py:538} INFO - Filling up the DagBag from /home/airflow/.local/lib/python3.8/site-packages/airflow/example_dags/example_task_group.py
[2025-07-03T17:57:07.667+0000] {processor.py:840} INFO - DAG(s) 'example_task_group' retrieved from /home/airflow/.local/lib/python3.8/site-packages/airflow/example_dags/example_task_group.py
[2025-07-03T17:57:07.758+0000] {logging_mixin.py:188} INFO - [2025-07-03T17:57:07.757+0000] {dag.py:3036} INFO - Sync 1 DAGs
[2025-07-03T17:57:07.871+0000] {logging_mixin.py:188} INFO - [2025-07-03T17:57:07.870+0000] {dag.py:3823} INFO - Setting next_dagrun for example_task_group to 2025-07-02 00:00:00+00:00, run_after=2025-07-03 00:00:00+00:00
[2025-07-03T17:57:07.999+0000] {processor.py:183} INFO - Processing /home/airflow/.local/lib/python3.8/site-packages/airflow/example_dags/example_task_group.py took 0.444 seconds
[2025-07-03T17:57:38.235+0000] {processor.py:161} INFO - Started process (PID=2997) to work on /home/airflow/.local/lib/python3.8/site-packages/airflow/example_dags/example_task_group.py
[2025-07-03T17:57:38.245+0000] {processor.py:830} INFO - Processing file /home/airflow/.local/lib/python3.8/site-packages/airflow/example_dags/example_task_group.py for tasks to queue
[2025-07-03T17:57:38.247+0000] {logging_mixin.py:188} INFO - [2025-07-03T17:57:38.247+0000] {dagbag.py:538} INFO - Filling up the DagBag from /home/airflow/.local/lib/python3.8/site-packages/airflow/example_dags/example_task_group.py
[2025-07-03T17:57:38.272+0000] {processor.py:840} INFO - DAG(s) 'example_task_group' retrieved from /home/airflow/.local/lib/python3.8/site-packages/airflow/example_dags/example_task_group.py
[2025-07-03T17:57:38.342+0000] {logging_mixin.py:188} INFO - [2025-07-03T17:57:38.341+0000] {dag.py:3036} INFO - Sync 1 DAGs
[2025-07-03T17:57:38.420+0000] {logging_mixin.py:188} INFO - [2025-07-03T17:57:38.420+0000] {dag.py:3823} INFO - Setting next_dagrun for example_task_group to 2025-07-02 00:00:00+00:00, run_after=2025-07-03 00:00:00+00:00
[2025-07-03T17:57:38.491+0000] {processor.py:183} INFO - Processing /home/airflow/.local/lib/python3.8/site-packages/airflow/example_dags/example_task_group.py took 0.273 seconds
[2025-07-03T17:58:09.156+0000] {processor.py:161} INFO - Started process (PID=3056) to work on /home/airflow/.local/lib/python3.8/site-packages/airflow/example_dags/example_task_group.py
[2025-07-03T17:58:09.181+0000] {processor.py:830} INFO - Processing file /home/airflow/.local/lib/python3.8/site-packages/airflow/example_dags/example_task_group.py for tasks to queue
[2025-07-03T17:58:09.184+0000] {logging_mixin.py:188} INFO - [2025-07-03T17:58:09.183+0000] {dagbag.py:538} INFO - Filling up the DagBag from /home/airflow/.local/lib/python3.8/site-packages/airflow/example_dags/example_task_group.py
[2025-07-03T17:58:09.233+0000] {processor.py:840} INFO - DAG(s) 'example_task_group' retrieved from /home/airflow/.local/lib/python3.8/site-packages/airflow/example_dags/example_task_group.py
[2025-07-03T17:58:09.354+0000] {logging_mixin.py:188} INFO - [2025-07-03T17:58:09.354+0000] {dag.py:3036} INFO - Sync 1 DAGs
[2025-07-03T17:58:09.462+0000] {logging_mixin.py:188} INFO - [2025-07-03T17:58:09.461+0000] {dag.py:3823} INFO - Setting next_dagrun for example_task_group to 2025-07-02 00:00:00+00:00, run_after=2025-07-03 00:00:00+00:00
[2025-07-03T17:58:09.549+0000] {processor.py:183} INFO - Processing /home/airflow/.local/lib/python3.8/site-packages/airflow/example_dags/example_task_group.py took 0.425 seconds
[2025-07-03T17:58:39.742+0000] {processor.py:161} INFO - Started process (PID=3121) to work on /home/airflow/.local/lib/python3.8/site-packages/airflow/example_dags/example_task_group.py
[2025-07-03T17:58:39.753+0000] {processor.py:830} INFO - Processing file /home/airflow/.local/lib/python3.8/site-packages/airflow/example_dags/example_task_group.py for tasks to queue
[2025-07-03T17:58:39.757+0000] {logging_mixin.py:188} INFO - [2025-07-03T17:58:39.757+0000] {dagbag.py:538} INFO - Filling up the DagBag from /home/airflow/.local/lib/python3.8/site-packages/airflow/example_dags/example_task_group.py
[2025-07-03T17:58:39.782+0000] {processor.py:840} INFO - DAG(s) 'example_task_group' retrieved from /home/airflow/.local/lib/python3.8/site-packages/airflow/example_dags/example_task_group.py
[2025-07-03T17:58:39.918+0000] {logging_mixin.py:188} INFO - [2025-07-03T17:58:39.917+0000] {dag.py:3036} INFO - Sync 1 DAGs
[2025-07-03T17:58:40.020+0000] {logging_mixin.py:188} INFO - [2025-07-03T17:58:40.020+0000] {dag.py:3823} INFO - Setting next_dagrun for example_task_group to 2025-07-02 00:00:00+00:00, run_after=2025-07-03 00:00:00+00:00
[2025-07-03T17:58:40.077+0000] {processor.py:183} INFO - Processing /home/airflow/.local/lib/python3.8/site-packages/airflow/example_dags/example_task_group.py took 0.343 seconds
[2025-07-03T17:59:10.402+0000] {processor.py:161} INFO - Started process (PID=3186) to work on /home/airflow/.local/lib/python3.8/site-packages/airflow/example_dags/example_task_group.py
[2025-07-03T17:59:10.404+0000] {processor.py:830} INFO - Processing file /home/airflow/.local/lib/python3.8/site-packages/airflow/example_dags/example_task_group.py for tasks to queue
[2025-07-03T17:59:10.406+0000] {logging_mixin.py:188} INFO - [2025-07-03T17:59:10.406+0000] {dagbag.py:538} INFO - Filling up the DagBag from /home/airflow/.local/lib/python3.8/site-packages/airflow/example_dags/example_task_group.py
[2025-07-03T17:59:10.418+0000] {processor.py:840} INFO - DAG(s) 'example_task_group' retrieved from /home/airflow/.local/lib/python3.8/site-packages/airflow/example_dags/example_task_group.py
[2025-07-03T17:59:10.454+0000] {logging_mixin.py:188} INFO - [2025-07-03T17:59:10.454+0000] {dag.py:3036} INFO - Sync 1 DAGs
[2025-07-03T17:59:10.494+0000] {logging_mixin.py:188} INFO - [2025-07-03T17:59:10.494+0000] {dag.py:3823} INFO - Setting next_dagrun for example_task_group to 2025-07-02 00:00:00+00:00, run_after=2025-07-03 00:00:00+00:00
[2025-07-03T17:59:10.523+0000] {processor.py:183} INFO - Processing /home/airflow/.local/lib/python3.8/site-packages/airflow/example_dags/example_task_group.py took 0.126 seconds
[2025-07-03T17:59:41.105+0000] {processor.py:161} INFO - Started process (PID=3251) to work on /home/airflow/.local/lib/python3.8/site-packages/airflow/example_dags/example_task_group.py
[2025-07-03T17:59:41.106+0000] {processor.py:830} INFO - Processing file /home/airflow/.local/lib/python3.8/site-packages/airflow/example_dags/example_task_group.py for tasks to queue
[2025-07-03T17:59:41.108+0000] {logging_mixin.py:188} INFO - [2025-07-03T17:59:41.107+0000] {dagbag.py:538} INFO - Filling up the DagBag from /home/airflow/.local/lib/python3.8/site-packages/airflow/example_dags/example_task_group.py
[2025-07-03T17:59:41.119+0000] {processor.py:840} INFO - DAG(s) 'example_task_group' retrieved from /home/airflow/.local/lib/python3.8/site-packages/airflow/example_dags/example_task_group.py
[2025-07-03T17:59:41.154+0000] {logging_mixin.py:188} INFO - [2025-07-03T17:59:41.153+0000] {dag.py:3036} INFO - Sync 1 DAGs
[2025-07-03T17:59:41.199+0000] {logging_mixin.py:188} INFO - [2025-07-03T17:59:41.199+0000] {dag.py:3823} INFO - Setting next_dagrun for example_task_group to 2025-07-02 00:00:00+00:00, run_after=2025-07-03 00:00:00+00:00
[2025-07-03T17:59:41.229+0000] {processor.py:183} INFO - Processing /home/airflow/.local/lib/python3.8/site-packages/airflow/example_dags/example_task_group.py took 0.135 seconds
[2025-07-03T18:00:11.834+0000] {processor.py:161} INFO - Started process (PID=3314) to work on /home/airflow/.local/lib/python3.8/site-packages/airflow/example_dags/example_task_group.py
[2025-07-03T18:00:11.836+0000] {processor.py:830} INFO - Processing file /home/airflow/.local/lib/python3.8/site-packages/airflow/example_dags/example_task_group.py for tasks to queue
[2025-07-03T18:00:11.838+0000] {logging_mixin.py:188} INFO - [2025-07-03T18:00:11.838+0000] {dagbag.py:538} INFO - Filling up the DagBag from /home/airflow/.local/lib/python3.8/site-packages/airflow/example_dags/example_task_group.py
[2025-07-03T18:00:11.850+0000] {processor.py:840} INFO - DAG(s) 'example_task_group' retrieved from /home/airflow/.local/lib/python3.8/site-packages/airflow/example_dags/example_task_group.py
[2025-07-03T18:00:11.897+0000] {logging_mixin.py:188} INFO - [2025-07-03T18:00:11.896+0000] {dag.py:3036} INFO - Sync 1 DAGs
[2025-07-03T18:00:11.987+0000] {logging_mixin.py:188} INFO - [2025-07-03T18:00:11.986+0000] {dag.py:3823} INFO - Setting next_dagrun for example_task_group to 2025-07-02 00:00:00+00:00, run_after=2025-07-03 00:00:00+00:00
[2025-07-03T18:00:12.020+0000] {processor.py:183} INFO - Processing /home/airflow/.local/lib/python3.8/site-packages/airflow/example_dags/example_task_group.py took 0.191 seconds
[2025-07-03T18:00:44.962+0000] {processor.py:161} INFO - Started process (PID=3379) to work on /home/airflow/.local/lib/python3.8/site-packages/airflow/example_dags/example_task_group.py
[2025-07-03T18:00:44.963+0000] {processor.py:830} INFO - Processing file /home/airflow/.local/lib/python3.8/site-packages/airflow/example_dags/example_task_group.py for tasks to queue
[2025-07-03T18:00:44.966+0000] {logging_mixin.py:188} INFO - [2025-07-03T18:00:44.965+0000] {dagbag.py:538} INFO - Filling up the DagBag from /home/airflow/.local/lib/python3.8/site-packages/airflow/example_dags/example_task_group.py
[2025-07-03T18:00:44.976+0000] {processor.py:840} INFO - DAG(s) 'example_task_group' retrieved from /home/airflow/.local/lib/python3.8/site-packages/airflow/example_dags/example_task_group.py
[2025-07-03T18:00:45.013+0000] {logging_mixin.py:188} INFO - [2025-07-03T18:00:45.012+0000] {dag.py:3036} INFO - Sync 1 DAGs
[2025-07-03T18:00:45.052+0000] {logging_mixin.py:188} INFO - [2025-07-03T18:00:45.052+0000] {dag.py:3823} INFO - Setting next_dagrun for example_task_group to 2025-07-02 00:00:00+00:00, run_after=2025-07-03 00:00:00+00:00
[2025-07-03T18:00:45.080+0000] {processor.py:183} INFO - Processing /home/airflow/.local/lib/python3.8/site-packages/airflow/example_dags/example_task_group.py took 0.135 seconds
[2025-07-03T18:01:17.174+0000] {processor.py:161} INFO - Started process (PID=3444) to work on /home/airflow/.local/lib/python3.8/site-packages/airflow/example_dags/example_task_group.py
[2025-07-03T18:01:17.183+0000] {processor.py:830} INFO - Processing file /home/airflow/.local/lib/python3.8/site-packages/airflow/example_dags/example_task_group.py for tasks to queue
[2025-07-03T18:01:17.188+0000] {logging_mixin.py:188} INFO - [2025-07-03T18:01:17.188+0000] {dagbag.py:538} INFO - Filling up the DagBag from /home/airflow/.local/lib/python3.8/site-packages/airflow/example_dags/example_task_group.py
[2025-07-03T18:01:17.220+0000] {processor.py:840} INFO - DAG(s) 'example_task_group' retrieved from /home/airflow/.local/lib/python3.8/site-packages/airflow/example_dags/example_task_group.py
[2025-07-03T18:01:17.268+0000] {logging_mixin.py:188} INFO - [2025-07-03T18:01:17.267+0000] {dag.py:3036} INFO - Sync 1 DAGs
[2025-07-03T18:01:17.372+0000] {logging_mixin.py:188} INFO - [2025-07-03T18:01:17.372+0000] {dag.py:3823} INFO - Setting next_dagrun for example_task_group to 2025-07-02 00:00:00+00:00, run_after=2025-07-03 00:00:00+00:00
[2025-07-03T18:01:18.133+0000] {processor.py:183} INFO - Processing /home/airflow/.local/lib/python3.8/site-packages/airflow/example_dags/example_task_group.py took 0.976 seconds
[2025-07-03T18:01:48.836+0000] {processor.py:161} INFO - Started process (PID=3500) to work on /home/airflow/.local/lib/python3.8/site-packages/airflow/example_dags/example_task_group.py
[2025-07-03T18:01:48.838+0000] {processor.py:830} INFO - Processing file /home/airflow/.local/lib/python3.8/site-packages/airflow/example_dags/example_task_group.py for tasks to queue
[2025-07-03T18:01:48.840+0000] {logging_mixin.py:188} INFO - [2025-07-03T18:01:48.840+0000] {dagbag.py:538} INFO - Filling up the DagBag from /home/airflow/.local/lib/python3.8/site-packages/airflow/example_dags/example_task_group.py
[2025-07-03T18:01:48.860+0000] {processor.py:840} INFO - DAG(s) 'example_task_group' retrieved from /home/airflow/.local/lib/python3.8/site-packages/airflow/example_dags/example_task_group.py
[2025-07-03T18:01:48.942+0000] {logging_mixin.py:188} INFO - [2025-07-03T18:01:48.941+0000] {dag.py:3036} INFO - Sync 1 DAGs
[2025-07-03T18:01:48.997+0000] {logging_mixin.py:188} INFO - [2025-07-03T18:01:48.997+0000] {dag.py:3823} INFO - Setting next_dagrun for example_task_group to 2025-07-02 00:00:00+00:00, run_after=2025-07-03 00:00:00+00:00
[2025-07-03T18:01:49.042+0000] {processor.py:183} INFO - Processing /home/airflow/.local/lib/python3.8/site-packages/airflow/example_dags/example_task_group.py took 0.214 seconds
[2025-07-03T18:02:19.231+0000] {processor.py:161} INFO - Started process (PID=3565) to work on /home/airflow/.local/lib/python3.8/site-packages/airflow/example_dags/example_task_group.py
[2025-07-03T18:02:19.232+0000] {processor.py:830} INFO - Processing file /home/airflow/.local/lib/python3.8/site-packages/airflow/example_dags/example_task_group.py for tasks to queue
[2025-07-03T18:02:19.235+0000] {logging_mixin.py:188} INFO - [2025-07-03T18:02:19.234+0000] {dagbag.py:538} INFO - Filling up the DagBag from /home/airflow/.local/lib/python3.8/site-packages/airflow/example_dags/example_task_group.py
[2025-07-03T18:02:19.246+0000] {processor.py:840} INFO - DAG(s) 'example_task_group' retrieved from /home/airflow/.local/lib/python3.8/site-packages/airflow/example_dags/example_task_group.py
[2025-07-03T18:02:19.280+0000] {logging_mixin.py:188} INFO - [2025-07-03T18:02:19.280+0000] {dag.py:3036} INFO - Sync 1 DAGs
[2025-07-03T18:02:19.330+0000] {logging_mixin.py:188} INFO - [2025-07-03T18:02:19.330+0000] {dag.py:3823} INFO - Setting next_dagrun for example_task_group to 2025-07-02 00:00:00+00:00, run_after=2025-07-03 00:00:00+00:00
[2025-07-03T18:02:19.407+0000] {processor.py:183} INFO - Processing /home/airflow/.local/lib/python3.8/site-packages/airflow/example_dags/example_task_group.py took 0.181 seconds
[2025-07-03T18:02:50.759+0000] {processor.py:161} INFO - Started process (PID=3630) to work on /home/airflow/.local/lib/python3.8/site-packages/airflow/example_dags/example_task_group.py
[2025-07-03T18:02:50.760+0000] {processor.py:830} INFO - Processing file /home/airflow/.local/lib/python3.8/site-packages/airflow/example_dags/example_task_group.py for tasks to queue
[2025-07-03T18:02:50.766+0000] {logging_mixin.py:188} INFO - [2025-07-03T18:02:50.765+0000] {dagbag.py:538} INFO - Filling up the DagBag from /home/airflow/.local/lib/python3.8/site-packages/airflow/example_dags/example_task_group.py
[2025-07-03T18:02:50.801+0000] {processor.py:840} INFO - DAG(s) 'example_task_group' retrieved from /home/airflow/.local/lib/python3.8/site-packages/airflow/example_dags/example_task_group.py
[2025-07-03T18:02:50.898+0000] {logging_mixin.py:188} INFO - [2025-07-03T18:02:50.897+0000] {dag.py:3036} INFO - Sync 1 DAGs
[2025-07-03T18:02:51.598+0000] {logging_mixin.py:188} INFO - [2025-07-03T18:02:51.598+0000] {dag.py:3823} INFO - Setting next_dagrun for example_task_group to 2025-07-02 00:00:00+00:00, run_after=2025-07-03 00:00:00+00:00
[2025-07-03T18:02:51.678+0000] {processor.py:183} INFO - Processing /home/airflow/.local/lib/python3.8/site-packages/airflow/example_dags/example_task_group.py took 0.925 seconds
[2025-07-03T18:03:28.231+0000] {processor.py:161} INFO - Started process (PID=3694) to work on /home/airflow/.local/lib/python3.8/site-packages/airflow/example_dags/example_task_group.py
[2025-07-03T18:03:28.273+0000] {processor.py:830} INFO - Processing file /home/airflow/.local/lib/python3.8/site-packages/airflow/example_dags/example_task_group.py for tasks to queue
[2025-07-03T18:03:28.279+0000] {logging_mixin.py:188} INFO - [2025-07-03T18:03:28.279+0000] {dagbag.py:538} INFO - Filling up the DagBag from /home/airflow/.local/lib/python3.8/site-packages/airflow/example_dags/example_task_group.py
[2025-07-03T18:03:28.425+0000] {processor.py:840} INFO - DAG(s) 'example_task_group' retrieved from /home/airflow/.local/lib/python3.8/site-packages/airflow/example_dags/example_task_group.py
[2025-07-03T18:03:28.734+0000] {logging_mixin.py:188} INFO - [2025-07-03T18:03:28.733+0000] {dag.py:3036} INFO - Sync 1 DAGs
[2025-07-03T18:03:32.065+0000] {logging_mixin.py:188} INFO - [2025-07-03T18:03:32.065+0000] {dag.py:3823} INFO - Setting next_dagrun for example_task_group to 2025-07-02 00:00:00+00:00, run_after=2025-07-03 00:00:00+00:00
[2025-07-03T18:03:32.635+0000] {processor.py:183} INFO - Processing /home/airflow/.local/lib/python3.8/site-packages/airflow/example_dags/example_task_group.py took 4.450 seconds
[2025-07-03T18:05:17.965+0000] {processor.py:161} INFO - Started process (PID=3785) to work on /home/airflow/.local/lib/python3.8/site-packages/airflow/example_dags/example_task_group.py
[2025-07-03T18:05:17.985+0000] {processor.py:830} INFO - Processing file /home/airflow/.local/lib/python3.8/site-packages/airflow/example_dags/example_task_group.py for tasks to queue
[2025-07-03T18:05:18.014+0000] {logging_mixin.py:188} INFO - [2025-07-03T18:05:18.013+0000] {dagbag.py:538} INFO - Filling up the DagBag from /home/airflow/.local/lib/python3.8/site-packages/airflow/example_dags/example_task_group.py
[2025-07-03T18:05:18.242+0000] {processor.py:840} INFO - DAG(s) 'example_task_group' retrieved from /home/airflow/.local/lib/python3.8/site-packages/airflow/example_dags/example_task_group.py
[2025-07-03T18:05:19.086+0000] {logging_mixin.py:188} INFO - [2025-07-03T18:05:19.085+0000] {dag.py:3036} INFO - Sync 1 DAGs
[2025-07-03T18:05:20.067+0000] {logging_mixin.py:188} INFO - [2025-07-03T18:05:20.066+0000] {dag.py:3823} INFO - Setting next_dagrun for example_task_group to 2025-07-02 00:00:00+00:00, run_after=2025-07-03 00:00:00+00:00
[2025-07-03T18:05:20.977+0000] {processor.py:183} INFO - Processing /home/airflow/.local/lib/python3.8/site-packages/airflow/example_dags/example_task_group.py took 3.103 seconds
[2025-07-03T18:08:14.041+0000] {processor.py:161} INFO - Started process (PID=3910) to work on /home/airflow/.local/lib/python3.8/site-packages/airflow/example_dags/example_task_group.py
[2025-07-03T18:08:14.175+0000] {processor.py:830} INFO - Processing file /home/airflow/.local/lib/python3.8/site-packages/airflow/example_dags/example_task_group.py for tasks to queue
[2025-07-03T18:08:14.444+0000] {logging_mixin.py:188} INFO - [2025-07-03T18:08:14.444+0000] {dagbag.py:538} INFO - Filling up the DagBag from /home/airflow/.local/lib/python3.8/site-packages/airflow/example_dags/example_task_group.py
[2025-07-03T18:08:15.207+0000] {processor.py:840} INFO - DAG(s) 'example_task_group' retrieved from /home/airflow/.local/lib/python3.8/site-packages/airflow/example_dags/example_task_group.py
[2025-07-03T18:08:19.066+0000] {logging_mixin.py:188} INFO - [2025-07-03T18:08:19.065+0000] {dag.py:3036} INFO - Sync 1 DAGs
[2025-07-03T18:08:20.819+0000] {logging_mixin.py:188} INFO - [2025-07-03T18:08:20.819+0000] {dag.py:3823} INFO - Setting next_dagrun for example_task_group to 2025-07-02 00:00:00+00:00, run_after=2025-07-03 00:00:00+00:00
[2025-07-03T18:08:22.214+0000] {processor.py:183} INFO - Processing /home/airflow/.local/lib/python3.8/site-packages/airflow/example_dags/example_task_group.py took 8.510 seconds
[2025-07-03T18:21:11.814+0000] {processor.py:161} INFO - Started process (PID=104) to work on /home/airflow/.local/lib/python3.8/site-packages/airflow/example_dags/example_task_group.py
[2025-07-03T18:21:11.823+0000] {processor.py:830} INFO - Processing file /home/airflow/.local/lib/python3.8/site-packages/airflow/example_dags/example_task_group.py for tasks to queue
[2025-07-03T18:21:11.826+0000] {logging_mixin.py:188} INFO - [2025-07-03T18:21:11.825+0000] {dagbag.py:538} INFO - Filling up the DagBag from /home/airflow/.local/lib/python3.8/site-packages/airflow/example_dags/example_task_group.py
[2025-07-03T18:21:11.846+0000] {processor.py:840} INFO - DAG(s) 'example_task_group' retrieved from /home/airflow/.local/lib/python3.8/site-packages/airflow/example_dags/example_task_group.py
[2025-07-03T18:21:11.902+0000] {logging_mixin.py:188} INFO - [2025-07-03T18:21:11.902+0000] {dag.py:3036} INFO - Sync 1 DAGs
[2025-07-03T18:21:11.945+0000] {logging_mixin.py:188} INFO - [2025-07-03T18:21:11.944+0000] {dag.py:3823} INFO - Setting next_dagrun for example_task_group to 2025-07-02 00:00:00+00:00, run_after=2025-07-03 00:00:00+00:00
[2025-07-03T18:21:11.975+0000] {processor.py:183} INFO - Processing /home/airflow/.local/lib/python3.8/site-packages/airflow/example_dags/example_task_group.py took 0.173 seconds
[2025-07-03T18:21:42.071+0000] {processor.py:161} INFO - Started process (PID=169) to work on /home/airflow/.local/lib/python3.8/site-packages/airflow/example_dags/example_task_group.py
[2025-07-03T18:21:42.073+0000] {processor.py:830} INFO - Processing file /home/airflow/.local/lib/python3.8/site-packages/airflow/example_dags/example_task_group.py for tasks to queue
[2025-07-03T18:21:42.076+0000] {logging_mixin.py:188} INFO - [2025-07-03T18:21:42.075+0000] {dagbag.py:538} INFO - Filling up the DagBag from /home/airflow/.local/lib/python3.8/site-packages/airflow/example_dags/example_task_group.py
[2025-07-03T18:21:42.090+0000] {processor.py:840} INFO - DAG(s) 'example_task_group' retrieved from /home/airflow/.local/lib/python3.8/site-packages/airflow/example_dags/example_task_group.py
[2025-07-03T18:21:42.124+0000] {logging_mixin.py:188} INFO - [2025-07-03T18:21:42.124+0000] {dag.py:3036} INFO - Sync 1 DAGs
[2025-07-03T18:21:42.167+0000] {logging_mixin.py:188} INFO - [2025-07-03T18:21:42.167+0000] {dag.py:3823} INFO - Setting next_dagrun for example_task_group to 2025-07-02 00:00:00+00:00, run_after=2025-07-03 00:00:00+00:00
[2025-07-03T18:21:42.197+0000] {processor.py:183} INFO - Processing /home/airflow/.local/lib/python3.8/site-packages/airflow/example_dags/example_task_group.py took 0.130 seconds
[2025-07-03T18:22:12.376+0000] {processor.py:161} INFO - Started process (PID=234) to work on /home/airflow/.local/lib/python3.8/site-packages/airflow/example_dags/example_task_group.py
[2025-07-03T18:22:12.378+0000] {processor.py:830} INFO - Processing file /home/airflow/.local/lib/python3.8/site-packages/airflow/example_dags/example_task_group.py for tasks to queue
[2025-07-03T18:22:12.381+0000] {logging_mixin.py:188} INFO - [2025-07-03T18:22:12.381+0000] {dagbag.py:538} INFO - Filling up the DagBag from /home/airflow/.local/lib/python3.8/site-packages/airflow/example_dags/example_task_group.py
[2025-07-03T18:22:12.395+0000] {processor.py:840} INFO - DAG(s) 'example_task_group' retrieved from /home/airflow/.local/lib/python3.8/site-packages/airflow/example_dags/example_task_group.py
[2025-07-03T18:22:12.436+0000] {logging_mixin.py:188} INFO - [2025-07-03T18:22:12.435+0000] {dag.py:3036} INFO - Sync 1 DAGs
[2025-07-03T18:22:12.483+0000] {logging_mixin.py:188} INFO - [2025-07-03T18:22:12.482+0000] {dag.py:3823} INFO - Setting next_dagrun for example_task_group to 2025-07-02 00:00:00+00:00, run_after=2025-07-03 00:00:00+00:00
[2025-07-03T18:22:12.514+0000] {processor.py:183} INFO - Processing /home/airflow/.local/lib/python3.8/site-packages/airflow/example_dags/example_task_group.py took 0.143 seconds
[2025-07-03T18:22:42.965+0000] {processor.py:161} INFO - Started process (PID=301) to work on /home/airflow/.local/lib/python3.8/site-packages/airflow/example_dags/example_task_group.py
[2025-07-03T18:22:42.966+0000] {processor.py:830} INFO - Processing file /home/airflow/.local/lib/python3.8/site-packages/airflow/example_dags/example_task_group.py for tasks to queue
[2025-07-03T18:22:42.969+0000] {logging_mixin.py:188} INFO - [2025-07-03T18:22:42.969+0000] {dagbag.py:538} INFO - Filling up the DagBag from /home/airflow/.local/lib/python3.8/site-packages/airflow/example_dags/example_task_group.py
[2025-07-03T18:22:42.981+0000] {processor.py:840} INFO - DAG(s) 'example_task_group' retrieved from /home/airflow/.local/lib/python3.8/site-packages/airflow/example_dags/example_task_group.py
[2025-07-03T18:22:43.018+0000] {logging_mixin.py:188} INFO - [2025-07-03T18:22:43.018+0000] {dag.py:3036} INFO - Sync 1 DAGs
[2025-07-03T18:22:43.060+0000] {logging_mixin.py:188} INFO - [2025-07-03T18:22:43.059+0000] {dag.py:3823} INFO - Setting next_dagrun for example_task_group to 2025-07-02 00:00:00+00:00, run_after=2025-07-03 00:00:00+00:00
[2025-07-03T18:22:43.093+0000] {processor.py:183} INFO - Processing /home/airflow/.local/lib/python3.8/site-packages/airflow/example_dags/example_task_group.py took 0.133 seconds
[2025-07-03T18:23:13.402+0000] {processor.py:161} INFO - Started process (PID=367) to work on /home/airflow/.local/lib/python3.8/site-packages/airflow/example_dags/example_task_group.py
[2025-07-03T18:23:13.405+0000] {processor.py:830} INFO - Processing file /home/airflow/.local/lib/python3.8/site-packages/airflow/example_dags/example_task_group.py for tasks to queue
[2025-07-03T18:23:13.408+0000] {logging_mixin.py:188} INFO - [2025-07-03T18:23:13.407+0000] {dagbag.py:538} INFO - Filling up the DagBag from /home/airflow/.local/lib/python3.8/site-packages/airflow/example_dags/example_task_group.py
[2025-07-03T18:23:13.419+0000] {processor.py:840} INFO - DAG(s) 'example_task_group' retrieved from /home/airflow/.local/lib/python3.8/site-packages/airflow/example_dags/example_task_group.py
[2025-07-03T18:23:13.455+0000] {logging_mixin.py:188} INFO - [2025-07-03T18:23:13.455+0000] {dag.py:3036} INFO - Sync 1 DAGs
[2025-07-03T18:23:13.496+0000] {logging_mixin.py:188} INFO - [2025-07-03T18:23:13.495+0000] {dag.py:3823} INFO - Setting next_dagrun for example_task_group to 2025-07-02 00:00:00+00:00, run_after=2025-07-03 00:00:00+00:00
[2025-07-03T18:23:13.525+0000] {processor.py:183} INFO - Processing /home/airflow/.local/lib/python3.8/site-packages/airflow/example_dags/example_task_group.py took 0.128 seconds
[2025-07-03T18:23:43.695+0000] {processor.py:161} INFO - Started process (PID=432) to work on /home/airflow/.local/lib/python3.8/site-packages/airflow/example_dags/example_task_group.py
[2025-07-03T18:23:43.697+0000] {processor.py:830} INFO - Processing file /home/airflow/.local/lib/python3.8/site-packages/airflow/example_dags/example_task_group.py for tasks to queue
[2025-07-03T18:23:43.699+0000] {logging_mixin.py:188} INFO - [2025-07-03T18:23:43.699+0000] {dagbag.py:538} INFO - Filling up the DagBag from /home/airflow/.local/lib/python3.8/site-packages/airflow/example_dags/example_task_group.py
[2025-07-03T18:23:43.720+0000] {processor.py:840} INFO - DAG(s) 'example_task_group' retrieved from /home/airflow/.local/lib/python3.8/site-packages/airflow/example_dags/example_task_group.py
[2025-07-03T18:23:43.791+0000] {logging_mixin.py:188} INFO - [2025-07-03T18:23:43.791+0000] {dag.py:3036} INFO - Sync 1 DAGs
[2025-07-03T18:23:43.870+0000] {logging_mixin.py:188} INFO - [2025-07-03T18:23:43.870+0000] {dag.py:3823} INFO - Setting next_dagrun for example_task_group to 2025-07-02 00:00:00+00:00, run_after=2025-07-03 00:00:00+00:00
[2025-07-03T18:23:43.939+0000] {processor.py:183} INFO - Processing /home/airflow/.local/lib/python3.8/site-packages/airflow/example_dags/example_task_group.py took 0.252 seconds
[2025-07-03T18:24:14.407+0000] {processor.py:161} INFO - Started process (PID=498) to work on /home/airflow/.local/lib/python3.8/site-packages/airflow/example_dags/example_task_group.py
[2025-07-03T18:24:14.409+0000] {processor.py:830} INFO - Processing file /home/airflow/.local/lib/python3.8/site-packages/airflow/example_dags/example_task_group.py for tasks to queue
[2025-07-03T18:24:14.413+0000] {logging_mixin.py:188} INFO - [2025-07-03T18:24:14.413+0000] {dagbag.py:538} INFO - Filling up the DagBag from /home/airflow/.local/lib/python3.8/site-packages/airflow/example_dags/example_task_group.py
[2025-07-03T18:24:14.445+0000] {processor.py:840} INFO - DAG(s) 'example_task_group' retrieved from /home/airflow/.local/lib/python3.8/site-packages/airflow/example_dags/example_task_group.py
[2025-07-03T18:24:14.507+0000] {logging_mixin.py:188} INFO - [2025-07-03T18:24:14.507+0000] {dag.py:3036} INFO - Sync 1 DAGs
[2025-07-03T18:24:14.565+0000] {logging_mixin.py:188} INFO - [2025-07-03T18:24:14.565+0000] {dag.py:3823} INFO - Setting next_dagrun for example_task_group to 2025-07-02 00:00:00+00:00, run_after=2025-07-03 00:00:00+00:00
[2025-07-03T18:24:14.634+0000] {processor.py:183} INFO - Processing /home/airflow/.local/lib/python3.8/site-packages/airflow/example_dags/example_task_group.py took 0.232 seconds
