[2025-07-03T17:35:46.053+0000] {processor.py:161} INFO - Started process (PID=251) to work on /home/airflow/.local/lib/python3.8/site-packages/airflow/example_dags/example_short_circuit_operator.py
[2025-07-03T17:35:46.054+0000] {processor.py:830} INFO - Processing file /home/airflow/.local/lib/python3.8/site-packages/airflow/example_dags/example_short_circuit_operator.py for tasks to queue
[2025-07-03T17:35:46.057+0000] {logging_mixin.py:188} INFO - [2025-07-03T17:35:46.057+0000] {dagbag.py:538} INFO - Filling up the DagBag from /home/airflow/.local/lib/python3.8/site-packages/airflow/example_dags/example_short_circuit_operator.py
[2025-07-03T17:35:46.201+0000] {processor.py:840} INFO - DAG(s) 'example_short_circuit_operator' retrieved from /home/airflow/.local/lib/python3.8/site-packages/airflow/example_dags/example_short_circuit_operator.py
[2025-07-03T17:35:47.774+0000] {logging_mixin.py:188} INFO - [2025-07-03T17:35:47.774+0000] {dag.py:3036} INFO - Sync 1 DAGs
[2025-07-03T17:35:48.131+0000] {logging_mixin.py:188} INFO - [2025-07-03T17:35:48.131+0000] {dag.py:3823} INFO - Setting next_dagrun for example_short_circuit_operator to 2025-07-02 00:00:00+00:00, run_after=2025-07-03 00:00:00+00:00
[2025-07-03T17:35:48.425+0000] {processor.py:183} INFO - Processing /home/airflow/.local/lib/python3.8/site-packages/airflow/example_dags/example_short_circuit_operator.py took 2.438 seconds
[2025-07-03T17:36:18.734+0000] {processor.py:161} INFO - Started process (PID=310) to work on /home/airflow/.local/lib/python3.8/site-packages/airflow/example_dags/example_short_circuit_operator.py
[2025-07-03T17:36:18.736+0000] {processor.py:830} INFO - Processing file /home/airflow/.local/lib/python3.8/site-packages/airflow/example_dags/example_short_circuit_operator.py for tasks to queue
[2025-07-03T17:36:18.750+0000] {logging_mixin.py:188} INFO - [2025-07-03T17:36:18.749+0000] {dagbag.py:538} INFO - Filling up the DagBag from /home/airflow/.local/lib/python3.8/site-packages/airflow/example_dags/example_short_circuit_operator.py
[2025-07-03T17:36:18.792+0000] {processor.py:840} INFO - DAG(s) 'example_short_circuit_operator' retrieved from /home/airflow/.local/lib/python3.8/site-packages/airflow/example_dags/example_short_circuit_operator.py
[2025-07-03T17:36:18.927+0000] {logging_mixin.py:188} INFO - [2025-07-03T17:36:18.927+0000] {dag.py:3036} INFO - Sync 1 DAGs
[2025-07-03T17:36:19.019+0000] {logging_mixin.py:188} INFO - [2025-07-03T17:36:19.018+0000] {dag.py:3823} INFO - Setting next_dagrun for example_short_circuit_operator to 2025-07-02 00:00:00+00:00, run_after=2025-07-03 00:00:00+00:00
[2025-07-03T17:36:19.081+0000] {processor.py:183} INFO - Processing /home/airflow/.local/lib/python3.8/site-packages/airflow/example_dags/example_short_circuit_operator.py took 0.377 seconds
[2025-07-03T17:36:50.156+0000] {processor.py:161} INFO - Started process (PID=374) to work on /home/airflow/.local/lib/python3.8/site-packages/airflow/example_dags/example_short_circuit_operator.py
[2025-07-03T17:36:50.166+0000] {processor.py:830} INFO - Processing file /home/airflow/.local/lib/python3.8/site-packages/airflow/example_dags/example_short_circuit_operator.py for tasks to queue
[2025-07-03T17:36:50.174+0000] {logging_mixin.py:188} INFO - [2025-07-03T17:36:50.173+0000] {dagbag.py:538} INFO - Filling up the DagBag from /home/airflow/.local/lib/python3.8/site-packages/airflow/example_dags/example_short_circuit_operator.py
[2025-07-03T17:36:50.224+0000] {processor.py:840} INFO - DAG(s) 'example_short_circuit_operator' retrieved from /home/airflow/.local/lib/python3.8/site-packages/airflow/example_dags/example_short_circuit_operator.py
[2025-07-03T17:36:50.466+0000] {logging_mixin.py:188} INFO - [2025-07-03T17:36:50.465+0000] {dag.py:3036} INFO - Sync 1 DAGs
[2025-07-03T17:36:50.747+0000] {logging_mixin.py:188} INFO - [2025-07-03T17:36:50.746+0000] {dag.py:3823} INFO - Setting next_dagrun for example_short_circuit_operator to 2025-07-02 00:00:00+00:00, run_after=2025-07-03 00:00:00+00:00
[2025-07-03T17:36:50.934+0000] {processor.py:183} INFO - Processing /home/airflow/.local/lib/python3.8/site-packages/airflow/example_dags/example_short_circuit_operator.py took 0.833 seconds
[2025-07-03T17:37:21.510+0000] {processor.py:161} INFO - Started process (PID=430) to work on /home/airflow/.local/lib/python3.8/site-packages/airflow/example_dags/example_short_circuit_operator.py
[2025-07-03T17:37:21.512+0000] {processor.py:830} INFO - Processing file /home/airflow/.local/lib/python3.8/site-packages/airflow/example_dags/example_short_circuit_operator.py for tasks to queue
[2025-07-03T17:37:21.516+0000] {logging_mixin.py:188} INFO - [2025-07-03T17:37:21.515+0000] {dagbag.py:538} INFO - Filling up the DagBag from /home/airflow/.local/lib/python3.8/site-packages/airflow/example_dags/example_short_circuit_operator.py
[2025-07-03T17:37:21.533+0000] {processor.py:840} INFO - DAG(s) 'example_short_circuit_operator' retrieved from /home/airflow/.local/lib/python3.8/site-packages/airflow/example_dags/example_short_circuit_operator.py
[2025-07-03T17:37:21.596+0000] {logging_mixin.py:188} INFO - [2025-07-03T17:37:21.585+0000] {dag.py:3036} INFO - Sync 1 DAGs
[2025-07-03T17:37:21.657+0000] {logging_mixin.py:188} INFO - [2025-07-03T17:37:21.656+0000] {dag.py:3823} INFO - Setting next_dagrun for example_short_circuit_operator to 2025-07-02 00:00:00+00:00, run_after=2025-07-03 00:00:00+00:00
[2025-07-03T17:37:21.697+0000] {processor.py:183} INFO - Processing /home/airflow/.local/lib/python3.8/site-packages/airflow/example_dags/example_short_circuit_operator.py took 0.196 seconds
[2025-07-03T17:37:52.634+0000] {processor.py:161} INFO - Started process (PID=493) to work on /home/airflow/.local/lib/python3.8/site-packages/airflow/example_dags/example_short_circuit_operator.py
[2025-07-03T17:37:52.644+0000] {processor.py:830} INFO - Processing file /home/airflow/.local/lib/python3.8/site-packages/airflow/example_dags/example_short_circuit_operator.py for tasks to queue
[2025-07-03T17:37:52.647+0000] {logging_mixin.py:188} INFO - [2025-07-03T17:37:52.647+0000] {dagbag.py:538} INFO - Filling up the DagBag from /home/airflow/.local/lib/python3.8/site-packages/airflow/example_dags/example_short_circuit_operator.py
[2025-07-03T17:37:52.698+0000] {processor.py:840} INFO - DAG(s) 'example_short_circuit_operator' retrieved from /home/airflow/.local/lib/python3.8/site-packages/airflow/example_dags/example_short_circuit_operator.py
[2025-07-03T17:37:52.959+0000] {logging_mixin.py:188} INFO - [2025-07-03T17:37:52.958+0000] {dag.py:3036} INFO - Sync 1 DAGs
[2025-07-03T17:37:53.140+0000] {logging_mixin.py:188} INFO - [2025-07-03T17:37:53.140+0000] {dag.py:3823} INFO - Setting next_dagrun for example_short_circuit_operator to 2025-07-02 00:00:00+00:00, run_after=2025-07-03 00:00:00+00:00
[2025-07-03T17:37:53.225+0000] {processor.py:183} INFO - Processing /home/airflow/.local/lib/python3.8/site-packages/airflow/example_dags/example_short_circuit_operator.py took 0.606 seconds
[2025-07-03T17:38:23.635+0000] {processor.py:161} INFO - Started process (PID=551) to work on /home/airflow/.local/lib/python3.8/site-packages/airflow/example_dags/example_short_circuit_operator.py
[2025-07-03T17:38:23.637+0000] {processor.py:830} INFO - Processing file /home/airflow/.local/lib/python3.8/site-packages/airflow/example_dags/example_short_circuit_operator.py for tasks to queue
[2025-07-03T17:38:23.648+0000] {logging_mixin.py:188} INFO - [2025-07-03T17:38:23.639+0000] {dagbag.py:538} INFO - Filling up the DagBag from /home/airflow/.local/lib/python3.8/site-packages/airflow/example_dags/example_short_circuit_operator.py
[2025-07-03T17:38:23.661+0000] {processor.py:840} INFO - DAG(s) 'example_short_circuit_operator' retrieved from /home/airflow/.local/lib/python3.8/site-packages/airflow/example_dags/example_short_circuit_operator.py
[2025-07-03T17:38:23.826+0000] {logging_mixin.py:188} INFO - [2025-07-03T17:38:23.825+0000] {dag.py:3036} INFO - Sync 1 DAGs
[2025-07-03T17:38:23.972+0000] {logging_mixin.py:188} INFO - [2025-07-03T17:38:23.972+0000] {dag.py:3823} INFO - Setting next_dagrun for example_short_circuit_operator to 2025-07-02 00:00:00+00:00, run_after=2025-07-03 00:00:00+00:00
[2025-07-03T17:38:24.053+0000] {processor.py:183} INFO - Processing /home/airflow/.local/lib/python3.8/site-packages/airflow/example_dags/example_short_circuit_operator.py took 0.446 seconds
[2025-07-03T17:38:54.495+0000] {processor.py:161} INFO - Started process (PID=615) to work on /home/airflow/.local/lib/python3.8/site-packages/airflow/example_dags/example_short_circuit_operator.py
[2025-07-03T17:38:54.496+0000] {processor.py:830} INFO - Processing file /home/airflow/.local/lib/python3.8/site-packages/airflow/example_dags/example_short_circuit_operator.py for tasks to queue
[2025-07-03T17:38:54.500+0000] {logging_mixin.py:188} INFO - [2025-07-03T17:38:54.499+0000] {dagbag.py:538} INFO - Filling up the DagBag from /home/airflow/.local/lib/python3.8/site-packages/airflow/example_dags/example_short_circuit_operator.py
[2025-07-03T17:38:54.514+0000] {processor.py:840} INFO - DAG(s) 'example_short_circuit_operator' retrieved from /home/airflow/.local/lib/python3.8/site-packages/airflow/example_dags/example_short_circuit_operator.py
[2025-07-03T17:38:54.574+0000] {logging_mixin.py:188} INFO - [2025-07-03T17:38:54.574+0000] {dag.py:3036} INFO - Sync 1 DAGs
[2025-07-03T17:38:54.622+0000] {logging_mixin.py:188} INFO - [2025-07-03T17:38:54.621+0000] {dag.py:3823} INFO - Setting next_dagrun for example_short_circuit_operator to 2025-07-02 00:00:00+00:00, run_after=2025-07-03 00:00:00+00:00
[2025-07-03T17:38:54.660+0000] {processor.py:183} INFO - Processing /home/airflow/.local/lib/python3.8/site-packages/airflow/example_dags/example_short_circuit_operator.py took 0.171 seconds
[2025-07-03T17:39:24.934+0000] {processor.py:161} INFO - Started process (PID=680) to work on /home/airflow/.local/lib/python3.8/site-packages/airflow/example_dags/example_short_circuit_operator.py
[2025-07-03T17:39:24.940+0000] {processor.py:830} INFO - Processing file /home/airflow/.local/lib/python3.8/site-packages/airflow/example_dags/example_short_circuit_operator.py for tasks to queue
[2025-07-03T17:39:24.943+0000] {logging_mixin.py:188} INFO - [2025-07-03T17:39:24.942+0000] {dagbag.py:538} INFO - Filling up the DagBag from /home/airflow/.local/lib/python3.8/site-packages/airflow/example_dags/example_short_circuit_operator.py
[2025-07-03T17:39:24.966+0000] {processor.py:840} INFO - DAG(s) 'example_short_circuit_operator' retrieved from /home/airflow/.local/lib/python3.8/site-packages/airflow/example_dags/example_short_circuit_operator.py
[2025-07-03T17:39:25.031+0000] {logging_mixin.py:188} INFO - [2025-07-03T17:39:25.031+0000] {dag.py:3036} INFO - Sync 1 DAGs
[2025-07-03T17:39:25.087+0000] {logging_mixin.py:188} INFO - [2025-07-03T17:39:25.087+0000] {dag.py:3823} INFO - Setting next_dagrun for example_short_circuit_operator to 2025-07-02 00:00:00+00:00, run_after=2025-07-03 00:00:00+00:00
[2025-07-03T17:39:25.147+0000] {processor.py:183} INFO - Processing /home/airflow/.local/lib/python3.8/site-packages/airflow/example_dags/example_short_circuit_operator.py took 0.224 seconds
[2025-07-03T17:39:57.363+0000] {processor.py:161} INFO - Started process (PID=746) to work on /home/airflow/.local/lib/python3.8/site-packages/airflow/example_dags/example_short_circuit_operator.py
[2025-07-03T17:39:57.396+0000] {processor.py:830} INFO - Processing file /home/airflow/.local/lib/python3.8/site-packages/airflow/example_dags/example_short_circuit_operator.py for tasks to queue
[2025-07-03T17:39:57.406+0000] {logging_mixin.py:188} INFO - [2025-07-03T17:39:57.405+0000] {dagbag.py:538} INFO - Filling up the DagBag from /home/airflow/.local/lib/python3.8/site-packages/airflow/example_dags/example_short_circuit_operator.py
[2025-07-03T17:39:57.499+0000] {processor.py:840} INFO - DAG(s) 'example_short_circuit_operator' retrieved from /home/airflow/.local/lib/python3.8/site-packages/airflow/example_dags/example_short_circuit_operator.py
[2025-07-03T17:39:57.771+0000] {logging_mixin.py:188} INFO - [2025-07-03T17:39:57.771+0000] {dag.py:3036} INFO - Sync 1 DAGs
[2025-07-03T17:39:57.929+0000] {logging_mixin.py:188} INFO - [2025-07-03T17:39:57.929+0000] {dag.py:3823} INFO - Setting next_dagrun for example_short_circuit_operator to 2025-07-02 00:00:00+00:00, run_after=2025-07-03 00:00:00+00:00
[2025-07-03T17:39:58.021+0000] {processor.py:183} INFO - Processing /home/airflow/.local/lib/python3.8/site-packages/airflow/example_dags/example_short_circuit_operator.py took 0.695 seconds
[2025-07-03T17:40:28.804+0000] {processor.py:161} INFO - Started process (PID=810) to work on /home/airflow/.local/lib/python3.8/site-packages/airflow/example_dags/example_short_circuit_operator.py
[2025-07-03T17:40:28.815+0000] {processor.py:830} INFO - Processing file /home/airflow/.local/lib/python3.8/site-packages/airflow/example_dags/example_short_circuit_operator.py for tasks to queue
[2025-07-03T17:40:28.818+0000] {logging_mixin.py:188} INFO - [2025-07-03T17:40:28.818+0000] {dagbag.py:538} INFO - Filling up the DagBag from /home/airflow/.local/lib/python3.8/site-packages/airflow/example_dags/example_short_circuit_operator.py
[2025-07-03T17:40:28.857+0000] {processor.py:840} INFO - DAG(s) 'example_short_circuit_operator' retrieved from /home/airflow/.local/lib/python3.8/site-packages/airflow/example_dags/example_short_circuit_operator.py
[2025-07-03T17:40:28.967+0000] {logging_mixin.py:188} INFO - [2025-07-03T17:40:28.967+0000] {dag.py:3036} INFO - Sync 1 DAGs
[2025-07-03T17:40:29.122+0000] {logging_mixin.py:188} INFO - [2025-07-03T17:40:29.121+0000] {dag.py:3823} INFO - Setting next_dagrun for example_short_circuit_operator to 2025-07-02 00:00:00+00:00, run_after=2025-07-03 00:00:00+00:00
[2025-07-03T17:40:29.208+0000] {processor.py:183} INFO - Processing /home/airflow/.local/lib/python3.8/site-packages/airflow/example_dags/example_short_circuit_operator.py took 0.422 seconds
[2025-07-03T17:41:00.038+0000] {processor.py:161} INFO - Started process (PID=873) to work on /home/airflow/.local/lib/python3.8/site-packages/airflow/example_dags/example_short_circuit_operator.py
[2025-07-03T17:41:00.040+0000] {processor.py:830} INFO - Processing file /home/airflow/.local/lib/python3.8/site-packages/airflow/example_dags/example_short_circuit_operator.py for tasks to queue
[2025-07-03T17:41:00.043+0000] {logging_mixin.py:188} INFO - [2025-07-03T17:41:00.042+0000] {dagbag.py:538} INFO - Filling up the DagBag from /home/airflow/.local/lib/python3.8/site-packages/airflow/example_dags/example_short_circuit_operator.py
[2025-07-03T17:41:00.110+0000] {processor.py:840} INFO - DAG(s) 'example_short_circuit_operator' retrieved from /home/airflow/.local/lib/python3.8/site-packages/airflow/example_dags/example_short_circuit_operator.py
[2025-07-03T17:41:00.189+0000] {logging_mixin.py:188} INFO - [2025-07-03T17:41:00.188+0000] {dag.py:3036} INFO - Sync 1 DAGs
[2025-07-03T17:41:00.270+0000] {logging_mixin.py:188} INFO - [2025-07-03T17:41:00.269+0000] {dag.py:3823} INFO - Setting next_dagrun for example_short_circuit_operator to 2025-07-02 00:00:00+00:00, run_after=2025-07-03 00:00:00+00:00
[2025-07-03T17:41:00.319+0000] {processor.py:183} INFO - Processing /home/airflow/.local/lib/python3.8/site-packages/airflow/example_dags/example_short_circuit_operator.py took 0.327 seconds
[2025-07-03T17:41:31.029+0000] {processor.py:161} INFO - Started process (PID=940) to work on /home/airflow/.local/lib/python3.8/site-packages/airflow/example_dags/example_short_circuit_operator.py
[2025-07-03T17:41:31.034+0000] {processor.py:830} INFO - Processing file /home/airflow/.local/lib/python3.8/site-packages/airflow/example_dags/example_short_circuit_operator.py for tasks to queue
[2025-07-03T17:41:31.048+0000] {logging_mixin.py:188} INFO - [2025-07-03T17:41:31.047+0000] {dagbag.py:538} INFO - Filling up the DagBag from /home/airflow/.local/lib/python3.8/site-packages/airflow/example_dags/example_short_circuit_operator.py
[2025-07-03T17:41:31.075+0000] {processor.py:840} INFO - DAG(s) 'example_short_circuit_operator' retrieved from /home/airflow/.local/lib/python3.8/site-packages/airflow/example_dags/example_short_circuit_operator.py
[2025-07-03T17:41:31.170+0000] {logging_mixin.py:188} INFO - [2025-07-03T17:41:31.169+0000] {dag.py:3036} INFO - Sync 1 DAGs
[2025-07-03T17:41:31.250+0000] {logging_mixin.py:188} INFO - [2025-07-03T17:41:31.249+0000] {dag.py:3823} INFO - Setting next_dagrun for example_short_circuit_operator to 2025-07-02 00:00:00+00:00, run_after=2025-07-03 00:00:00+00:00
[2025-07-03T17:41:31.319+0000] {processor.py:183} INFO - Processing /home/airflow/.local/lib/python3.8/site-packages/airflow/example_dags/example_short_circuit_operator.py took 0.303 seconds
[2025-07-03T17:42:01.666+0000] {processor.py:161} INFO - Started process (PID=1005) to work on /home/airflow/.local/lib/python3.8/site-packages/airflow/example_dags/example_short_circuit_operator.py
[2025-07-03T17:42:01.674+0000] {processor.py:830} INFO - Processing file /home/airflow/.local/lib/python3.8/site-packages/airflow/example_dags/example_short_circuit_operator.py for tasks to queue
[2025-07-03T17:42:01.676+0000] {logging_mixin.py:188} INFO - [2025-07-03T17:42:01.676+0000] {dagbag.py:538} INFO - Filling up the DagBag from /home/airflow/.local/lib/python3.8/site-packages/airflow/example_dags/example_short_circuit_operator.py
[2025-07-03T17:42:01.693+0000] {processor.py:840} INFO - DAG(s) 'example_short_circuit_operator' retrieved from /home/airflow/.local/lib/python3.8/site-packages/airflow/example_dags/example_short_circuit_operator.py
[2025-07-03T17:42:01.745+0000] {logging_mixin.py:188} INFO - [2025-07-03T17:42:01.745+0000] {dag.py:3036} INFO - Sync 1 DAGs
[2025-07-03T17:42:01.814+0000] {logging_mixin.py:188} INFO - [2025-07-03T17:42:01.814+0000] {dag.py:3823} INFO - Setting next_dagrun for example_short_circuit_operator to 2025-07-02 00:00:00+00:00, run_after=2025-07-03 00:00:00+00:00
[2025-07-03T17:42:01.867+0000] {processor.py:183} INFO - Processing /home/airflow/.local/lib/python3.8/site-packages/airflow/example_dags/example_short_circuit_operator.py took 0.215 seconds
[2025-07-03T17:42:32.039+0000] {processor.py:161} INFO - Started process (PID=1070) to work on /home/airflow/.local/lib/python3.8/site-packages/airflow/example_dags/example_short_circuit_operator.py
[2025-07-03T17:42:32.050+0000] {processor.py:830} INFO - Processing file /home/airflow/.local/lib/python3.8/site-packages/airflow/example_dags/example_short_circuit_operator.py for tasks to queue
[2025-07-03T17:42:32.052+0000] {logging_mixin.py:188} INFO - [2025-07-03T17:42:32.051+0000] {dagbag.py:538} INFO - Filling up the DagBag from /home/airflow/.local/lib/python3.8/site-packages/airflow/example_dags/example_short_circuit_operator.py
[2025-07-03T17:42:32.080+0000] {processor.py:840} INFO - DAG(s) 'example_short_circuit_operator' retrieved from /home/airflow/.local/lib/python3.8/site-packages/airflow/example_dags/example_short_circuit_operator.py
[2025-07-03T17:42:32.150+0000] {logging_mixin.py:188} INFO - [2025-07-03T17:42:32.149+0000] {dag.py:3036} INFO - Sync 1 DAGs
[2025-07-03T17:42:32.225+0000] {logging_mixin.py:188} INFO - [2025-07-03T17:42:32.225+0000] {dag.py:3823} INFO - Setting next_dagrun for example_short_circuit_operator to 2025-07-02 00:00:00+00:00, run_after=2025-07-03 00:00:00+00:00
[2025-07-03T17:42:32.278+0000] {processor.py:183} INFO - Processing /home/airflow/.local/lib/python3.8/site-packages/airflow/example_dags/example_short_circuit_operator.py took 0.243 seconds
[2025-07-03T17:43:02.400+0000] {processor.py:161} INFO - Started process (PID=1135) to work on /home/airflow/.local/lib/python3.8/site-packages/airflow/example_dags/example_short_circuit_operator.py
[2025-07-03T17:43:02.405+0000] {processor.py:830} INFO - Processing file /home/airflow/.local/lib/python3.8/site-packages/airflow/example_dags/example_short_circuit_operator.py for tasks to queue
[2025-07-03T17:43:02.412+0000] {logging_mixin.py:188} INFO - [2025-07-03T17:43:02.410+0000] {dagbag.py:538} INFO - Filling up the DagBag from /home/airflow/.local/lib/python3.8/site-packages/airflow/example_dags/example_short_circuit_operator.py
[2025-07-03T17:43:02.434+0000] {processor.py:840} INFO - DAG(s) 'example_short_circuit_operator' retrieved from /home/airflow/.local/lib/python3.8/site-packages/airflow/example_dags/example_short_circuit_operator.py
[2025-07-03T17:43:02.475+0000] {logging_mixin.py:188} INFO - [2025-07-03T17:43:02.474+0000] {dag.py:3036} INFO - Sync 1 DAGs
[2025-07-03T17:43:02.517+0000] {logging_mixin.py:188} INFO - [2025-07-03T17:43:02.516+0000] {dag.py:3823} INFO - Setting next_dagrun for example_short_circuit_operator to 2025-07-02 00:00:00+00:00, run_after=2025-07-03 00:00:00+00:00
[2025-07-03T17:43:02.551+0000] {processor.py:183} INFO - Processing /home/airflow/.local/lib/python3.8/site-packages/airflow/example_dags/example_short_circuit_operator.py took 0.158 seconds
[2025-07-03T17:43:32.968+0000] {processor.py:161} INFO - Started process (PID=1201) to work on /home/airflow/.local/lib/python3.8/site-packages/airflow/example_dags/example_short_circuit_operator.py
[2025-07-03T17:43:32.972+0000] {processor.py:830} INFO - Processing file /home/airflow/.local/lib/python3.8/site-packages/airflow/example_dags/example_short_circuit_operator.py for tasks to queue
[2025-07-03T17:43:32.982+0000] {logging_mixin.py:188} INFO - [2025-07-03T17:43:32.981+0000] {dagbag.py:538} INFO - Filling up the DagBag from /home/airflow/.local/lib/python3.8/site-packages/airflow/example_dags/example_short_circuit_operator.py
[2025-07-03T17:43:33.026+0000] {processor.py:840} INFO - DAG(s) 'example_short_circuit_operator' retrieved from /home/airflow/.local/lib/python3.8/site-packages/airflow/example_dags/example_short_circuit_operator.py
[2025-07-03T17:43:33.101+0000] {logging_mixin.py:188} INFO - [2025-07-03T17:43:33.101+0000] {dag.py:3036} INFO - Sync 1 DAGs
[2025-07-03T17:43:33.179+0000] {logging_mixin.py:188} INFO - [2025-07-03T17:43:33.178+0000] {dag.py:3823} INFO - Setting next_dagrun for example_short_circuit_operator to 2025-07-02 00:00:00+00:00, run_after=2025-07-03 00:00:00+00:00
[2025-07-03T17:43:33.250+0000] {processor.py:183} INFO - Processing /home/airflow/.local/lib/python3.8/site-packages/airflow/example_dags/example_short_circuit_operator.py took 0.286 seconds
[2025-07-03T17:44:03.906+0000] {processor.py:161} INFO - Started process (PID=1266) to work on /home/airflow/.local/lib/python3.8/site-packages/airflow/example_dags/example_short_circuit_operator.py
[2025-07-03T17:44:03.909+0000] {processor.py:830} INFO - Processing file /home/airflow/.local/lib/python3.8/site-packages/airflow/example_dags/example_short_circuit_operator.py for tasks to queue
[2025-07-03T17:44:03.919+0000] {logging_mixin.py:188} INFO - [2025-07-03T17:44:03.918+0000] {dagbag.py:538} INFO - Filling up the DagBag from /home/airflow/.local/lib/python3.8/site-packages/airflow/example_dags/example_short_circuit_operator.py
[2025-07-03T17:44:03.940+0000] {processor.py:840} INFO - DAG(s) 'example_short_circuit_operator' retrieved from /home/airflow/.local/lib/python3.8/site-packages/airflow/example_dags/example_short_circuit_operator.py
[2025-07-03T17:44:04.039+0000] {logging_mixin.py:188} INFO - [2025-07-03T17:44:04.038+0000] {dag.py:3036} INFO - Sync 1 DAGs
[2025-07-03T17:44:04.098+0000] {logging_mixin.py:188} INFO - [2025-07-03T17:44:04.098+0000] {dag.py:3823} INFO - Setting next_dagrun for example_short_circuit_operator to 2025-07-02 00:00:00+00:00, run_after=2025-07-03 00:00:00+00:00
[2025-07-03T17:44:04.147+0000] {processor.py:183} INFO - Processing /home/airflow/.local/lib/python3.8/site-packages/airflow/example_dags/example_short_circuit_operator.py took 0.251 seconds
[2025-07-03T17:44:34.781+0000] {processor.py:161} INFO - Started process (PID=1331) to work on /home/airflow/.local/lib/python3.8/site-packages/airflow/example_dags/example_short_circuit_operator.py
[2025-07-03T17:44:34.782+0000] {processor.py:830} INFO - Processing file /home/airflow/.local/lib/python3.8/site-packages/airflow/example_dags/example_short_circuit_operator.py for tasks to queue
[2025-07-03T17:44:34.785+0000] {logging_mixin.py:188} INFO - [2025-07-03T17:44:34.784+0000] {dagbag.py:538} INFO - Filling up the DagBag from /home/airflow/.local/lib/python3.8/site-packages/airflow/example_dags/example_short_circuit_operator.py
[2025-07-03T17:44:34.800+0000] {processor.py:840} INFO - DAG(s) 'example_short_circuit_operator' retrieved from /home/airflow/.local/lib/python3.8/site-packages/airflow/example_dags/example_short_circuit_operator.py
[2025-07-03T17:44:34.844+0000] {logging_mixin.py:188} INFO - [2025-07-03T17:44:34.844+0000] {dag.py:3036} INFO - Sync 1 DAGs
[2025-07-03T17:44:34.886+0000] {logging_mixin.py:188} INFO - [2025-07-03T17:44:34.886+0000] {dag.py:3823} INFO - Setting next_dagrun for example_short_circuit_operator to 2025-07-02 00:00:00+00:00, run_after=2025-07-03 00:00:00+00:00
[2025-07-03T17:44:34.918+0000] {processor.py:183} INFO - Processing /home/airflow/.local/lib/python3.8/site-packages/airflow/example_dags/example_short_circuit_operator.py took 0.143 seconds
[2025-07-03T17:45:05.605+0000] {processor.py:161} INFO - Started process (PID=1396) to work on /home/airflow/.local/lib/python3.8/site-packages/airflow/example_dags/example_short_circuit_operator.py
[2025-07-03T17:45:05.607+0000] {processor.py:830} INFO - Processing file /home/airflow/.local/lib/python3.8/site-packages/airflow/example_dags/example_short_circuit_operator.py for tasks to queue
[2025-07-03T17:45:05.614+0000] {logging_mixin.py:188} INFO - [2025-07-03T17:45:05.613+0000] {dagbag.py:538} INFO - Filling up the DagBag from /home/airflow/.local/lib/python3.8/site-packages/airflow/example_dags/example_short_circuit_operator.py
[2025-07-03T17:45:05.665+0000] {processor.py:840} INFO - DAG(s) 'example_short_circuit_operator' retrieved from /home/airflow/.local/lib/python3.8/site-packages/airflow/example_dags/example_short_circuit_operator.py
[2025-07-03T17:45:05.721+0000] {logging_mixin.py:188} INFO - [2025-07-03T17:45:05.720+0000] {dag.py:3036} INFO - Sync 1 DAGs
[2025-07-03T17:45:05.807+0000] {logging_mixin.py:188} INFO - [2025-07-03T17:45:05.807+0000] {dag.py:3823} INFO - Setting next_dagrun for example_short_circuit_operator to 2025-07-02 00:00:00+00:00, run_after=2025-07-03 00:00:00+00:00
[2025-07-03T17:45:05.865+0000] {processor.py:183} INFO - Processing /home/airflow/.local/lib/python3.8/site-packages/airflow/example_dags/example_short_circuit_operator.py took 0.273 seconds
[2025-07-03T17:45:36.705+0000] {processor.py:161} INFO - Started process (PID=1461) to work on /home/airflow/.local/lib/python3.8/site-packages/airflow/example_dags/example_short_circuit_operator.py
[2025-07-03T17:45:36.710+0000] {processor.py:830} INFO - Processing file /home/airflow/.local/lib/python3.8/site-packages/airflow/example_dags/example_short_circuit_operator.py for tasks to queue
[2025-07-03T17:45:36.717+0000] {logging_mixin.py:188} INFO - [2025-07-03T17:45:36.712+0000] {dagbag.py:538} INFO - Filling up the DagBag from /home/airflow/.local/lib/python3.8/site-packages/airflow/example_dags/example_short_circuit_operator.py
[2025-07-03T17:45:36.770+0000] {processor.py:840} INFO - DAG(s) 'example_short_circuit_operator' retrieved from /home/airflow/.local/lib/python3.8/site-packages/airflow/example_dags/example_short_circuit_operator.py
[2025-07-03T17:45:36.907+0000] {logging_mixin.py:188} INFO - [2025-07-03T17:45:36.906+0000] {dag.py:3036} INFO - Sync 1 DAGs
[2025-07-03T17:45:37.072+0000] {logging_mixin.py:188} INFO - [2025-07-03T17:45:37.072+0000] {dag.py:3823} INFO - Setting next_dagrun for example_short_circuit_operator to 2025-07-02 00:00:00+00:00, run_after=2025-07-03 00:00:00+00:00
[2025-07-03T17:45:37.197+0000] {processor.py:183} INFO - Processing /home/airflow/.local/lib/python3.8/site-packages/airflow/example_dags/example_short_circuit_operator.py took 0.524 seconds
[2025-07-03T17:46:07.864+0000] {processor.py:161} INFO - Started process (PID=1526) to work on /home/airflow/.local/lib/python3.8/site-packages/airflow/example_dags/example_short_circuit_operator.py
[2025-07-03T17:46:07.869+0000] {processor.py:830} INFO - Processing file /home/airflow/.local/lib/python3.8/site-packages/airflow/example_dags/example_short_circuit_operator.py for tasks to queue
[2025-07-03T17:46:07.872+0000] {logging_mixin.py:188} INFO - [2025-07-03T17:46:07.872+0000] {dagbag.py:538} INFO - Filling up the DagBag from /home/airflow/.local/lib/python3.8/site-packages/airflow/example_dags/example_short_circuit_operator.py
[2025-07-03T17:46:07.895+0000] {processor.py:840} INFO - DAG(s) 'example_short_circuit_operator' retrieved from /home/airflow/.local/lib/python3.8/site-packages/airflow/example_dags/example_short_circuit_operator.py
[2025-07-03T17:46:07.966+0000] {logging_mixin.py:188} INFO - [2025-07-03T17:46:07.965+0000] {dag.py:3036} INFO - Sync 1 DAGs
[2025-07-03T17:46:08.050+0000] {logging_mixin.py:188} INFO - [2025-07-03T17:46:08.050+0000] {dag.py:3823} INFO - Setting next_dagrun for example_short_circuit_operator to 2025-07-02 00:00:00+00:00, run_after=2025-07-03 00:00:00+00:00
[2025-07-03T17:46:08.119+0000] {processor.py:183} INFO - Processing /home/airflow/.local/lib/python3.8/site-packages/airflow/example_dags/example_short_circuit_operator.py took 0.263 seconds
[2025-07-03T17:46:38.995+0000] {processor.py:161} INFO - Started process (PID=1590) to work on /home/airflow/.local/lib/python3.8/site-packages/airflow/example_dags/example_short_circuit_operator.py
[2025-07-03T17:46:39.077+0000] {processor.py:830} INFO - Processing file /home/airflow/.local/lib/python3.8/site-packages/airflow/example_dags/example_short_circuit_operator.py for tasks to queue
[2025-07-03T17:46:39.080+0000] {logging_mixin.py:188} INFO - [2025-07-03T17:46:39.080+0000] {dagbag.py:538} INFO - Filling up the DagBag from /home/airflow/.local/lib/python3.8/site-packages/airflow/example_dags/example_short_circuit_operator.py
[2025-07-03T17:46:39.102+0000] {processor.py:840} INFO - DAG(s) 'example_short_circuit_operator' retrieved from /home/airflow/.local/lib/python3.8/site-packages/airflow/example_dags/example_short_circuit_operator.py
[2025-07-03T17:46:39.150+0000] {logging_mixin.py:188} INFO - [2025-07-03T17:46:39.150+0000] {dag.py:3036} INFO - Sync 1 DAGs
[2025-07-03T17:46:39.204+0000] {logging_mixin.py:188} INFO - [2025-07-03T17:46:39.204+0000] {dag.py:3823} INFO - Setting next_dagrun for example_short_circuit_operator to 2025-07-02 00:00:00+00:00, run_after=2025-07-03 00:00:00+00:00
[2025-07-03T17:46:39.242+0000] {processor.py:183} INFO - Processing /home/airflow/.local/lib/python3.8/site-packages/airflow/example_dags/example_short_circuit_operator.py took 0.253 seconds
[2025-07-03T17:47:09.549+0000] {processor.py:161} INFO - Started process (PID=1655) to work on /home/airflow/.local/lib/python3.8/site-packages/airflow/example_dags/example_short_circuit_operator.py
[2025-07-03T17:47:09.562+0000] {processor.py:830} INFO - Processing file /home/airflow/.local/lib/python3.8/site-packages/airflow/example_dags/example_short_circuit_operator.py for tasks to queue
[2025-07-03T17:47:09.567+0000] {logging_mixin.py:188} INFO - [2025-07-03T17:47:09.567+0000] {dagbag.py:538} INFO - Filling up the DagBag from /home/airflow/.local/lib/python3.8/site-packages/airflow/example_dags/example_short_circuit_operator.py
[2025-07-03T17:47:09.588+0000] {processor.py:840} INFO - DAG(s) 'example_short_circuit_operator' retrieved from /home/airflow/.local/lib/python3.8/site-packages/airflow/example_dags/example_short_circuit_operator.py
[2025-07-03T17:47:09.672+0000] {logging_mixin.py:188} INFO - [2025-07-03T17:47:09.672+0000] {dag.py:3036} INFO - Sync 1 DAGs
[2025-07-03T17:47:09.720+0000] {logging_mixin.py:188} INFO - [2025-07-03T17:47:09.719+0000] {dag.py:3823} INFO - Setting next_dagrun for example_short_circuit_operator to 2025-07-02 00:00:00+00:00, run_after=2025-07-03 00:00:00+00:00
[2025-07-03T17:47:09.761+0000] {processor.py:183} INFO - Processing /home/airflow/.local/lib/python3.8/site-packages/airflow/example_dags/example_short_circuit_operator.py took 0.217 seconds
[2025-07-03T17:47:40.072+0000] {processor.py:161} INFO - Started process (PID=1720) to work on /home/airflow/.local/lib/python3.8/site-packages/airflow/example_dags/example_short_circuit_operator.py
[2025-07-03T17:47:40.074+0000] {processor.py:830} INFO - Processing file /home/airflow/.local/lib/python3.8/site-packages/airflow/example_dags/example_short_circuit_operator.py for tasks to queue
[2025-07-03T17:47:40.076+0000] {logging_mixin.py:188} INFO - [2025-07-03T17:47:40.076+0000] {dagbag.py:538} INFO - Filling up the DagBag from /home/airflow/.local/lib/python3.8/site-packages/airflow/example_dags/example_short_circuit_operator.py
[2025-07-03T17:47:40.090+0000] {processor.py:840} INFO - DAG(s) 'example_short_circuit_operator' retrieved from /home/airflow/.local/lib/python3.8/site-packages/airflow/example_dags/example_short_circuit_operator.py
[2025-07-03T17:47:40.131+0000] {logging_mixin.py:188} INFO - [2025-07-03T17:47:40.130+0000] {dag.py:3036} INFO - Sync 1 DAGs
[2025-07-03T17:47:40.172+0000] {logging_mixin.py:188} INFO - [2025-07-03T17:47:40.171+0000] {dag.py:3823} INFO - Setting next_dagrun for example_short_circuit_operator to 2025-07-02 00:00:00+00:00, run_after=2025-07-03 00:00:00+00:00
[2025-07-03T17:47:40.203+0000] {processor.py:183} INFO - Processing /home/airflow/.local/lib/python3.8/site-packages/airflow/example_dags/example_short_circuit_operator.py took 0.135 seconds
[2025-07-03T17:48:10.489+0000] {processor.py:161} INFO - Started process (PID=1785) to work on /home/airflow/.local/lib/python3.8/site-packages/airflow/example_dags/example_short_circuit_operator.py
[2025-07-03T17:48:10.490+0000] {processor.py:830} INFO - Processing file /home/airflow/.local/lib/python3.8/site-packages/airflow/example_dags/example_short_circuit_operator.py for tasks to queue
[2025-07-03T17:48:10.493+0000] {logging_mixin.py:188} INFO - [2025-07-03T17:48:10.492+0000] {dagbag.py:538} INFO - Filling up the DagBag from /home/airflow/.local/lib/python3.8/site-packages/airflow/example_dags/example_short_circuit_operator.py
[2025-07-03T17:48:10.508+0000] {processor.py:840} INFO - DAG(s) 'example_short_circuit_operator' retrieved from /home/airflow/.local/lib/python3.8/site-packages/airflow/example_dags/example_short_circuit_operator.py
[2025-07-03T17:48:10.559+0000] {logging_mixin.py:188} INFO - [2025-07-03T17:48:10.559+0000] {dag.py:3036} INFO - Sync 1 DAGs
[2025-07-03T17:48:10.603+0000] {logging_mixin.py:188} INFO - [2025-07-03T17:48:10.603+0000] {dag.py:3823} INFO - Setting next_dagrun for example_short_circuit_operator to 2025-07-02 00:00:00+00:00, run_after=2025-07-03 00:00:00+00:00
[2025-07-03T17:48:10.643+0000] {processor.py:183} INFO - Processing /home/airflow/.local/lib/python3.8/site-packages/airflow/example_dags/example_short_circuit_operator.py took 0.161 seconds
[2025-07-03T17:48:40.997+0000] {processor.py:161} INFO - Started process (PID=1850) to work on /home/airflow/.local/lib/python3.8/site-packages/airflow/example_dags/example_short_circuit_operator.py
[2025-07-03T17:48:40.999+0000] {processor.py:830} INFO - Processing file /home/airflow/.local/lib/python3.8/site-packages/airflow/example_dags/example_short_circuit_operator.py for tasks to queue
[2025-07-03T17:48:41.002+0000] {logging_mixin.py:188} INFO - [2025-07-03T17:48:41.002+0000] {dagbag.py:538} INFO - Filling up the DagBag from /home/airflow/.local/lib/python3.8/site-packages/airflow/example_dags/example_short_circuit_operator.py
[2025-07-03T17:48:41.017+0000] {processor.py:840} INFO - DAG(s) 'example_short_circuit_operator' retrieved from /home/airflow/.local/lib/python3.8/site-packages/airflow/example_dags/example_short_circuit_operator.py
[2025-07-03T17:48:41.066+0000] {logging_mixin.py:188} INFO - [2025-07-03T17:48:41.066+0000] {dag.py:3036} INFO - Sync 1 DAGs
[2025-07-03T17:48:41.153+0000] {logging_mixin.py:188} INFO - [2025-07-03T17:48:41.152+0000] {dag.py:3823} INFO - Setting next_dagrun for example_short_circuit_operator to 2025-07-02 00:00:00+00:00, run_after=2025-07-03 00:00:00+00:00
[2025-07-03T17:48:41.208+0000] {processor.py:183} INFO - Processing /home/airflow/.local/lib/python3.8/site-packages/airflow/example_dags/example_short_circuit_operator.py took 0.216 seconds
[2025-07-03T17:49:12.072+0000] {processor.py:161} INFO - Started process (PID=1916) to work on /home/airflow/.local/lib/python3.8/site-packages/airflow/example_dags/example_short_circuit_operator.py
[2025-07-03T17:49:12.074+0000] {processor.py:830} INFO - Processing file /home/airflow/.local/lib/python3.8/site-packages/airflow/example_dags/example_short_circuit_operator.py for tasks to queue
[2025-07-03T17:49:12.077+0000] {logging_mixin.py:188} INFO - [2025-07-03T17:49:12.076+0000] {dagbag.py:538} INFO - Filling up the DagBag from /home/airflow/.local/lib/python3.8/site-packages/airflow/example_dags/example_short_circuit_operator.py
[2025-07-03T17:49:12.091+0000] {processor.py:840} INFO - DAG(s) 'example_short_circuit_operator' retrieved from /home/airflow/.local/lib/python3.8/site-packages/airflow/example_dags/example_short_circuit_operator.py
[2025-07-03T17:49:12.133+0000] {logging_mixin.py:188} INFO - [2025-07-03T17:49:12.133+0000] {dag.py:3036} INFO - Sync 1 DAGs
[2025-07-03T17:49:12.209+0000] {logging_mixin.py:188} INFO - [2025-07-03T17:49:12.209+0000] {dag.py:3823} INFO - Setting next_dagrun for example_short_circuit_operator to 2025-07-02 00:00:00+00:00, run_after=2025-07-03 00:00:00+00:00
[2025-07-03T17:49:12.325+0000] {processor.py:183} INFO - Processing /home/airflow/.local/lib/python3.8/site-packages/airflow/example_dags/example_short_circuit_operator.py took 0.261 seconds
[2025-07-03T17:49:43.018+0000] {processor.py:161} INFO - Started process (PID=1981) to work on /home/airflow/.local/lib/python3.8/site-packages/airflow/example_dags/example_short_circuit_operator.py
[2025-07-03T17:49:43.024+0000] {processor.py:830} INFO - Processing file /home/airflow/.local/lib/python3.8/site-packages/airflow/example_dags/example_short_circuit_operator.py for tasks to queue
[2025-07-03T17:49:43.026+0000] {logging_mixin.py:188} INFO - [2025-07-03T17:49:43.026+0000] {dagbag.py:538} INFO - Filling up the DagBag from /home/airflow/.local/lib/python3.8/site-packages/airflow/example_dags/example_short_circuit_operator.py
[2025-07-03T17:49:43.047+0000] {processor.py:840} INFO - DAG(s) 'example_short_circuit_operator' retrieved from /home/airflow/.local/lib/python3.8/site-packages/airflow/example_dags/example_short_circuit_operator.py
[2025-07-03T17:49:43.134+0000] {logging_mixin.py:188} INFO - [2025-07-03T17:49:43.134+0000] {dag.py:3036} INFO - Sync 1 DAGs
[2025-07-03T17:49:43.211+0000] {logging_mixin.py:188} INFO - [2025-07-03T17:49:43.211+0000] {dag.py:3823} INFO - Setting next_dagrun for example_short_circuit_operator to 2025-07-02 00:00:00+00:00, run_after=2025-07-03 00:00:00+00:00
[2025-07-03T17:49:43.303+0000] {processor.py:183} INFO - Processing /home/airflow/.local/lib/python3.8/site-packages/airflow/example_dags/example_short_circuit_operator.py took 0.290 seconds
[2025-07-03T17:50:13.450+0000] {processor.py:161} INFO - Started process (PID=2047) to work on /home/airflow/.local/lib/python3.8/site-packages/airflow/example_dags/example_short_circuit_operator.py
[2025-07-03T17:50:13.452+0000] {processor.py:830} INFO - Processing file /home/airflow/.local/lib/python3.8/site-packages/airflow/example_dags/example_short_circuit_operator.py for tasks to queue
[2025-07-03T17:50:13.459+0000] {logging_mixin.py:188} INFO - [2025-07-03T17:50:13.459+0000] {dagbag.py:538} INFO - Filling up the DagBag from /home/airflow/.local/lib/python3.8/site-packages/airflow/example_dags/example_short_circuit_operator.py
[2025-07-03T17:50:13.481+0000] {processor.py:840} INFO - DAG(s) 'example_short_circuit_operator' retrieved from /home/airflow/.local/lib/python3.8/site-packages/airflow/example_dags/example_short_circuit_operator.py
[2025-07-03T17:50:13.533+0000] {logging_mixin.py:188} INFO - [2025-07-03T17:50:13.533+0000] {dag.py:3036} INFO - Sync 1 DAGs
[2025-07-03T17:50:13.584+0000] {logging_mixin.py:188} INFO - [2025-07-03T17:50:13.584+0000] {dag.py:3823} INFO - Setting next_dagrun for example_short_circuit_operator to 2025-07-02 00:00:00+00:00, run_after=2025-07-03 00:00:00+00:00
[2025-07-03T17:50:13.694+0000] {processor.py:183} INFO - Processing /home/airflow/.local/lib/python3.8/site-packages/airflow/example_dags/example_short_circuit_operator.py took 0.253 seconds
[2025-07-03T17:50:44.481+0000] {processor.py:161} INFO - Started process (PID=2113) to work on /home/airflow/.local/lib/python3.8/site-packages/airflow/example_dags/example_short_circuit_operator.py
[2025-07-03T17:50:44.483+0000] {processor.py:830} INFO - Processing file /home/airflow/.local/lib/python3.8/site-packages/airflow/example_dags/example_short_circuit_operator.py for tasks to queue
[2025-07-03T17:50:44.487+0000] {logging_mixin.py:188} INFO - [2025-07-03T17:50:44.486+0000] {dagbag.py:538} INFO - Filling up the DagBag from /home/airflow/.local/lib/python3.8/site-packages/airflow/example_dags/example_short_circuit_operator.py
[2025-07-03T17:50:44.503+0000] {processor.py:840} INFO - DAG(s) 'example_short_circuit_operator' retrieved from /home/airflow/.local/lib/python3.8/site-packages/airflow/example_dags/example_short_circuit_operator.py
[2025-07-03T17:50:44.554+0000] {logging_mixin.py:188} INFO - [2025-07-03T17:50:44.553+0000] {dag.py:3036} INFO - Sync 1 DAGs
[2025-07-03T17:50:44.596+0000] {logging_mixin.py:188} INFO - [2025-07-03T17:50:44.596+0000] {dag.py:3823} INFO - Setting next_dagrun for example_short_circuit_operator to 2025-07-02 00:00:00+00:00, run_after=2025-07-03 00:00:00+00:00
[2025-07-03T17:50:44.629+0000] {processor.py:183} INFO - Processing /home/airflow/.local/lib/python3.8/site-packages/airflow/example_dags/example_short_circuit_operator.py took 0.152 seconds
[2025-07-03T17:51:14.795+0000] {processor.py:161} INFO - Started process (PID=2177) to work on /home/airflow/.local/lib/python3.8/site-packages/airflow/example_dags/example_short_circuit_operator.py
[2025-07-03T17:51:14.800+0000] {processor.py:830} INFO - Processing file /home/airflow/.local/lib/python3.8/site-packages/airflow/example_dags/example_short_circuit_operator.py for tasks to queue
[2025-07-03T17:51:14.803+0000] {logging_mixin.py:188} INFO - [2025-07-03T17:51:14.802+0000] {dagbag.py:538} INFO - Filling up the DagBag from /home/airflow/.local/lib/python3.8/site-packages/airflow/example_dags/example_short_circuit_operator.py
[2025-07-03T17:51:14.821+0000] {processor.py:840} INFO - DAG(s) 'example_short_circuit_operator' retrieved from /home/airflow/.local/lib/python3.8/site-packages/airflow/example_dags/example_short_circuit_operator.py
[2025-07-03T17:51:14.914+0000] {logging_mixin.py:188} INFO - [2025-07-03T17:51:14.913+0000] {dag.py:3036} INFO - Sync 1 DAGs
[2025-07-03T17:51:14.999+0000] {logging_mixin.py:188} INFO - [2025-07-03T17:51:14.998+0000] {dag.py:3823} INFO - Setting next_dagrun for example_short_circuit_operator to 2025-07-02 00:00:00+00:00, run_after=2025-07-03 00:00:00+00:00
[2025-07-03T17:51:15.075+0000] {processor.py:183} INFO - Processing /home/airflow/.local/lib/python3.8/site-packages/airflow/example_dags/example_short_circuit_operator.py took 0.296 seconds
[2025-07-03T17:51:45.806+0000] {processor.py:161} INFO - Started process (PID=2249) to work on /home/airflow/.local/lib/python3.8/site-packages/airflow/example_dags/example_short_circuit_operator.py
[2025-07-03T17:51:45.807+0000] {processor.py:830} INFO - Processing file /home/airflow/.local/lib/python3.8/site-packages/airflow/example_dags/example_short_circuit_operator.py for tasks to queue
[2025-07-03T17:51:45.810+0000] {logging_mixin.py:188} INFO - [2025-07-03T17:51:45.809+0000] {dagbag.py:538} INFO - Filling up the DagBag from /home/airflow/.local/lib/python3.8/site-packages/airflow/example_dags/example_short_circuit_operator.py
[2025-07-03T17:51:45.838+0000] {processor.py:840} INFO - DAG(s) 'example_short_circuit_operator' retrieved from /home/airflow/.local/lib/python3.8/site-packages/airflow/example_dags/example_short_circuit_operator.py
[2025-07-03T17:51:45.910+0000] {logging_mixin.py:188} INFO - [2025-07-03T17:51:45.909+0000] {dag.py:3036} INFO - Sync 1 DAGs
[2025-07-03T17:51:45.983+0000] {logging_mixin.py:188} INFO - [2025-07-03T17:51:45.982+0000] {dag.py:3823} INFO - Setting next_dagrun for example_short_circuit_operator to 2025-07-02 00:00:00+00:00, run_after=2025-07-03 00:00:00+00:00
[2025-07-03T17:51:46.039+0000] {processor.py:183} INFO - Processing /home/airflow/.local/lib/python3.8/site-packages/airflow/example_dags/example_short_circuit_operator.py took 0.246 seconds
[2025-07-03T17:52:16.726+0000] {processor.py:161} INFO - Started process (PID=2316) to work on /home/airflow/.local/lib/python3.8/site-packages/airflow/example_dags/example_short_circuit_operator.py
[2025-07-03T17:52:16.733+0000] {processor.py:830} INFO - Processing file /home/airflow/.local/lib/python3.8/site-packages/airflow/example_dags/example_short_circuit_operator.py for tasks to queue
[2025-07-03T17:52:16.739+0000] {logging_mixin.py:188} INFO - [2025-07-03T17:52:16.739+0000] {dagbag.py:538} INFO - Filling up the DagBag from /home/airflow/.local/lib/python3.8/site-packages/airflow/example_dags/example_short_circuit_operator.py
[2025-07-03T17:52:16.755+0000] {processor.py:840} INFO - DAG(s) 'example_short_circuit_operator' retrieved from /home/airflow/.local/lib/python3.8/site-packages/airflow/example_dags/example_short_circuit_operator.py
[2025-07-03T17:52:16.838+0000] {logging_mixin.py:188} INFO - [2025-07-03T17:52:16.837+0000] {dag.py:3036} INFO - Sync 1 DAGs
[2025-07-03T17:52:16.923+0000] {logging_mixin.py:188} INFO - [2025-07-03T17:52:16.923+0000] {dag.py:3823} INFO - Setting next_dagrun for example_short_circuit_operator to 2025-07-02 00:00:00+00:00, run_after=2025-07-03 00:00:00+00:00
[2025-07-03T17:52:17.028+0000] {processor.py:183} INFO - Processing /home/airflow/.local/lib/python3.8/site-packages/airflow/example_dags/example_short_circuit_operator.py took 0.311 seconds
[2025-07-03T17:52:47.286+0000] {processor.py:161} INFO - Started process (PID=2381) to work on /home/airflow/.local/lib/python3.8/site-packages/airflow/example_dags/example_short_circuit_operator.py
[2025-07-03T17:52:47.331+0000] {processor.py:830} INFO - Processing file /home/airflow/.local/lib/python3.8/site-packages/airflow/example_dags/example_short_circuit_operator.py for tasks to queue
[2025-07-03T17:52:47.334+0000] {logging_mixin.py:188} INFO - [2025-07-03T17:52:47.333+0000] {dagbag.py:538} INFO - Filling up the DagBag from /home/airflow/.local/lib/python3.8/site-packages/airflow/example_dags/example_short_circuit_operator.py
[2025-07-03T17:52:47.351+0000] {processor.py:840} INFO - DAG(s) 'example_short_circuit_operator' retrieved from /home/airflow/.local/lib/python3.8/site-packages/airflow/example_dags/example_short_circuit_operator.py
[2025-07-03T17:52:47.451+0000] {logging_mixin.py:188} INFO - [2025-07-03T17:52:47.450+0000] {dag.py:3036} INFO - Sync 1 DAGs
[2025-07-03T17:52:47.536+0000] {logging_mixin.py:188} INFO - [2025-07-03T17:52:47.535+0000] {dag.py:3823} INFO - Setting next_dagrun for example_short_circuit_operator to 2025-07-02 00:00:00+00:00, run_after=2025-07-03 00:00:00+00:00
[2025-07-03T17:52:47.584+0000] {processor.py:183} INFO - Processing /home/airflow/.local/lib/python3.8/site-packages/airflow/example_dags/example_short_circuit_operator.py took 0.307 seconds
[2025-07-03T17:53:17.688+0000] {processor.py:161} INFO - Started process (PID=2439) to work on /home/airflow/.local/lib/python3.8/site-packages/airflow/example_dags/example_short_circuit_operator.py
[2025-07-03T17:53:17.689+0000] {processor.py:830} INFO - Processing file /home/airflow/.local/lib/python3.8/site-packages/airflow/example_dags/example_short_circuit_operator.py for tasks to queue
[2025-07-03T17:53:17.692+0000] {logging_mixin.py:188} INFO - [2025-07-03T17:53:17.691+0000] {dagbag.py:538} INFO - Filling up the DagBag from /home/airflow/.local/lib/python3.8/site-packages/airflow/example_dags/example_short_circuit_operator.py
[2025-07-03T17:53:17.705+0000] {processor.py:840} INFO - DAG(s) 'example_short_circuit_operator' retrieved from /home/airflow/.local/lib/python3.8/site-packages/airflow/example_dags/example_short_circuit_operator.py
[2025-07-03T17:53:17.750+0000] {logging_mixin.py:188} INFO - [2025-07-03T17:53:17.750+0000] {dag.py:3036} INFO - Sync 1 DAGs
[2025-07-03T17:53:17.792+0000] {logging_mixin.py:188} INFO - [2025-07-03T17:53:17.791+0000] {dag.py:3823} INFO - Setting next_dagrun for example_short_circuit_operator to 2025-07-02 00:00:00+00:00, run_after=2025-07-03 00:00:00+00:00
[2025-07-03T17:53:17.823+0000] {processor.py:183} INFO - Processing /home/airflow/.local/lib/python3.8/site-packages/airflow/example_dags/example_short_circuit_operator.py took 0.140 seconds
[2025-07-03T17:53:48.151+0000] {processor.py:161} INFO - Started process (PID=2506) to work on /home/airflow/.local/lib/python3.8/site-packages/airflow/example_dags/example_short_circuit_operator.py
[2025-07-03T17:53:48.152+0000] {processor.py:830} INFO - Processing file /home/airflow/.local/lib/python3.8/site-packages/airflow/example_dags/example_short_circuit_operator.py for tasks to queue
[2025-07-03T17:53:48.155+0000] {logging_mixin.py:188} INFO - [2025-07-03T17:53:48.155+0000] {dagbag.py:538} INFO - Filling up the DagBag from /home/airflow/.local/lib/python3.8/site-packages/airflow/example_dags/example_short_circuit_operator.py
[2025-07-03T17:53:48.169+0000] {processor.py:840} INFO - DAG(s) 'example_short_circuit_operator' retrieved from /home/airflow/.local/lib/python3.8/site-packages/airflow/example_dags/example_short_circuit_operator.py
[2025-07-03T17:53:48.216+0000] {logging_mixin.py:188} INFO - [2025-07-03T17:53:48.216+0000] {dag.py:3036} INFO - Sync 1 DAGs
[2025-07-03T17:53:48.273+0000] {logging_mixin.py:188} INFO - [2025-07-03T17:53:48.273+0000] {dag.py:3823} INFO - Setting next_dagrun for example_short_circuit_operator to 2025-07-02 00:00:00+00:00, run_after=2025-07-03 00:00:00+00:00
[2025-07-03T17:53:48.333+0000] {processor.py:183} INFO - Processing /home/airflow/.local/lib/python3.8/site-packages/airflow/example_dags/example_short_circuit_operator.py took 0.188 seconds
[2025-07-03T17:54:18.656+0000] {processor.py:161} INFO - Started process (PID=2570) to work on /home/airflow/.local/lib/python3.8/site-packages/airflow/example_dags/example_short_circuit_operator.py
[2025-07-03T17:54:18.658+0000] {processor.py:830} INFO - Processing file /home/airflow/.local/lib/python3.8/site-packages/airflow/example_dags/example_short_circuit_operator.py for tasks to queue
[2025-07-03T17:54:18.660+0000] {logging_mixin.py:188} INFO - [2025-07-03T17:54:18.660+0000] {dagbag.py:538} INFO - Filling up the DagBag from /home/airflow/.local/lib/python3.8/site-packages/airflow/example_dags/example_short_circuit_operator.py
[2025-07-03T17:54:18.675+0000] {processor.py:840} INFO - DAG(s) 'example_short_circuit_operator' retrieved from /home/airflow/.local/lib/python3.8/site-packages/airflow/example_dags/example_short_circuit_operator.py
[2025-07-03T17:54:18.722+0000] {logging_mixin.py:188} INFO - [2025-07-03T17:54:18.722+0000] {dag.py:3036} INFO - Sync 1 DAGs
[2025-07-03T17:54:18.763+0000] {logging_mixin.py:188} INFO - [2025-07-03T17:54:18.763+0000] {dag.py:3823} INFO - Setting next_dagrun for example_short_circuit_operator to 2025-07-02 00:00:00+00:00, run_after=2025-07-03 00:00:00+00:00
[2025-07-03T17:54:18.797+0000] {processor.py:183} INFO - Processing /home/airflow/.local/lib/python3.8/site-packages/airflow/example_dags/example_short_circuit_operator.py took 0.146 seconds
[2025-07-03T17:54:49.376+0000] {processor.py:161} INFO - Started process (PID=2634) to work on /home/airflow/.local/lib/python3.8/site-packages/airflow/example_dags/example_short_circuit_operator.py
[2025-07-03T17:54:49.380+0000] {processor.py:830} INFO - Processing file /home/airflow/.local/lib/python3.8/site-packages/airflow/example_dags/example_short_circuit_operator.py for tasks to queue
[2025-07-03T17:54:49.383+0000] {logging_mixin.py:188} INFO - [2025-07-03T17:54:49.382+0000] {dagbag.py:538} INFO - Filling up the DagBag from /home/airflow/.local/lib/python3.8/site-packages/airflow/example_dags/example_short_circuit_operator.py
[2025-07-03T17:54:49.417+0000] {processor.py:840} INFO - DAG(s) 'example_short_circuit_operator' retrieved from /home/airflow/.local/lib/python3.8/site-packages/airflow/example_dags/example_short_circuit_operator.py
[2025-07-03T17:54:49.479+0000] {logging_mixin.py:188} INFO - [2025-07-03T17:54:49.478+0000] {dag.py:3036} INFO - Sync 1 DAGs
[2025-07-03T17:54:49.542+0000] {logging_mixin.py:188} INFO - [2025-07-03T17:54:49.542+0000] {dag.py:3823} INFO - Setting next_dagrun for example_short_circuit_operator to 2025-07-02 00:00:00+00:00, run_after=2025-07-03 00:00:00+00:00
[2025-07-03T17:54:49.608+0000] {processor.py:183} INFO - Processing /home/airflow/.local/lib/python3.8/site-packages/airflow/example_dags/example_short_circuit_operator.py took 0.243 seconds
[2025-07-03T17:55:20.182+0000] {processor.py:161} INFO - Started process (PID=2699) to work on /home/airflow/.local/lib/python3.8/site-packages/airflow/example_dags/example_short_circuit_operator.py
[2025-07-03T17:55:20.184+0000] {processor.py:830} INFO - Processing file /home/airflow/.local/lib/python3.8/site-packages/airflow/example_dags/example_short_circuit_operator.py for tasks to queue
[2025-07-03T17:55:20.186+0000] {logging_mixin.py:188} INFO - [2025-07-03T17:55:20.186+0000] {dagbag.py:538} INFO - Filling up the DagBag from /home/airflow/.local/lib/python3.8/site-packages/airflow/example_dags/example_short_circuit_operator.py
[2025-07-03T17:55:20.209+0000] {processor.py:840} INFO - DAG(s) 'example_short_circuit_operator' retrieved from /home/airflow/.local/lib/python3.8/site-packages/airflow/example_dags/example_short_circuit_operator.py
[2025-07-03T17:55:20.298+0000] {logging_mixin.py:188} INFO - [2025-07-03T17:55:20.297+0000] {dag.py:3036} INFO - Sync 1 DAGs
[2025-07-03T17:55:20.370+0000] {logging_mixin.py:188} INFO - [2025-07-03T17:55:20.370+0000] {dag.py:3823} INFO - Setting next_dagrun for example_short_circuit_operator to 2025-07-02 00:00:00+00:00, run_after=2025-07-03 00:00:00+00:00
[2025-07-03T17:55:20.467+0000] {processor.py:183} INFO - Processing /home/airflow/.local/lib/python3.8/site-packages/airflow/example_dags/example_short_circuit_operator.py took 0.299 seconds
[2025-07-03T17:55:50.542+0000] {processor.py:161} INFO - Started process (PID=2764) to work on /home/airflow/.local/lib/python3.8/site-packages/airflow/example_dags/example_short_circuit_operator.py
[2025-07-03T17:55:50.605+0000] {processor.py:830} INFO - Processing file /home/airflow/.local/lib/python3.8/site-packages/airflow/example_dags/example_short_circuit_operator.py for tasks to queue
[2025-07-03T17:55:50.608+0000] {logging_mixin.py:188} INFO - [2025-07-03T17:55:50.608+0000] {dagbag.py:538} INFO - Filling up the DagBag from /home/airflow/.local/lib/python3.8/site-packages/airflow/example_dags/example_short_circuit_operator.py
[2025-07-03T17:55:50.626+0000] {processor.py:840} INFO - DAG(s) 'example_short_circuit_operator' retrieved from /home/airflow/.local/lib/python3.8/site-packages/airflow/example_dags/example_short_circuit_operator.py
[2025-07-03T17:55:50.671+0000] {logging_mixin.py:188} INFO - [2025-07-03T17:55:50.671+0000] {dag.py:3036} INFO - Sync 1 DAGs
[2025-07-03T17:55:50.714+0000] {logging_mixin.py:188} INFO - [2025-07-03T17:55:50.713+0000] {dag.py:3823} INFO - Setting next_dagrun for example_short_circuit_operator to 2025-07-02 00:00:00+00:00, run_after=2025-07-03 00:00:00+00:00
[2025-07-03T17:55:50.750+0000] {processor.py:183} INFO - Processing /home/airflow/.local/lib/python3.8/site-packages/airflow/example_dags/example_short_circuit_operator.py took 0.214 seconds
[2025-07-03T17:56:21.066+0000] {processor.py:161} INFO - Started process (PID=2830) to work on /home/airflow/.local/lib/python3.8/site-packages/airflow/example_dags/example_short_circuit_operator.py
[2025-07-03T17:56:21.067+0000] {processor.py:830} INFO - Processing file /home/airflow/.local/lib/python3.8/site-packages/airflow/example_dags/example_short_circuit_operator.py for tasks to queue
[2025-07-03T17:56:21.070+0000] {logging_mixin.py:188} INFO - [2025-07-03T17:56:21.070+0000] {dagbag.py:538} INFO - Filling up the DagBag from /home/airflow/.local/lib/python3.8/site-packages/airflow/example_dags/example_short_circuit_operator.py
[2025-07-03T17:56:21.086+0000] {processor.py:840} INFO - DAG(s) 'example_short_circuit_operator' retrieved from /home/airflow/.local/lib/python3.8/site-packages/airflow/example_dags/example_short_circuit_operator.py
[2025-07-03T17:56:21.133+0000] {logging_mixin.py:188} INFO - [2025-07-03T17:56:21.132+0000] {dag.py:3036} INFO - Sync 1 DAGs
[2025-07-03T17:56:21.176+0000] {logging_mixin.py:188} INFO - [2025-07-03T17:56:21.176+0000] {dag.py:3823} INFO - Setting next_dagrun for example_short_circuit_operator to 2025-07-02 00:00:00+00:00, run_after=2025-07-03 00:00:00+00:00
[2025-07-03T17:56:21.211+0000] {processor.py:183} INFO - Processing /home/airflow/.local/lib/python3.8/site-packages/airflow/example_dags/example_short_circuit_operator.py took 0.150 seconds
[2025-07-03T17:56:51.398+0000] {processor.py:161} INFO - Started process (PID=2895) to work on /home/airflow/.local/lib/python3.8/site-packages/airflow/example_dags/example_short_circuit_operator.py
[2025-07-03T17:56:51.409+0000] {processor.py:830} INFO - Processing file /home/airflow/.local/lib/python3.8/site-packages/airflow/example_dags/example_short_circuit_operator.py for tasks to queue
[2025-07-03T17:56:51.412+0000] {logging_mixin.py:188} INFO - [2025-07-03T17:56:51.412+0000] {dagbag.py:538} INFO - Filling up the DagBag from /home/airflow/.local/lib/python3.8/site-packages/airflow/example_dags/example_short_circuit_operator.py
[2025-07-03T17:56:51.469+0000] {processor.py:840} INFO - DAG(s) 'example_short_circuit_operator' retrieved from /home/airflow/.local/lib/python3.8/site-packages/airflow/example_dags/example_short_circuit_operator.py
[2025-07-03T17:56:51.674+0000] {logging_mixin.py:188} INFO - [2025-07-03T17:56:51.673+0000] {dag.py:3036} INFO - Sync 1 DAGs
[2025-07-03T17:56:51.870+0000] {logging_mixin.py:188} INFO - [2025-07-03T17:56:51.869+0000] {dag.py:3823} INFO - Setting next_dagrun for example_short_circuit_operator to 2025-07-02 00:00:00+00:00, run_after=2025-07-03 00:00:00+00:00
[2025-07-03T17:56:52.006+0000] {processor.py:183} INFO - Processing /home/airflow/.local/lib/python3.8/site-packages/airflow/example_dags/example_short_circuit_operator.py took 0.623 seconds
[2025-07-03T17:57:23.093+0000] {processor.py:161} INFO - Started process (PID=2958) to work on /home/airflow/.local/lib/python3.8/site-packages/airflow/example_dags/example_short_circuit_operator.py
[2025-07-03T17:57:23.095+0000] {processor.py:830} INFO - Processing file /home/airflow/.local/lib/python3.8/site-packages/airflow/example_dags/example_short_circuit_operator.py for tasks to queue
[2025-07-03T17:57:23.098+0000] {logging_mixin.py:188} INFO - [2025-07-03T17:57:23.098+0000] {dagbag.py:538} INFO - Filling up the DagBag from /home/airflow/.local/lib/python3.8/site-packages/airflow/example_dags/example_short_circuit_operator.py
[2025-07-03T17:57:23.178+0000] {processor.py:840} INFO - DAG(s) 'example_short_circuit_operator' retrieved from /home/airflow/.local/lib/python3.8/site-packages/airflow/example_dags/example_short_circuit_operator.py
[2025-07-03T17:57:23.462+0000] {logging_mixin.py:188} INFO - [2025-07-03T17:57:23.462+0000] {dag.py:3036} INFO - Sync 1 DAGs
[2025-07-03T17:57:23.665+0000] {logging_mixin.py:188} INFO - [2025-07-03T17:57:23.665+0000] {dag.py:3823} INFO - Setting next_dagrun for example_short_circuit_operator to 2025-07-02 00:00:00+00:00, run_after=2025-07-03 00:00:00+00:00
[2025-07-03T17:57:23.777+0000] {processor.py:183} INFO - Processing /home/airflow/.local/lib/python3.8/site-packages/airflow/example_dags/example_short_circuit_operator.py took 0.705 seconds
[2025-07-03T17:57:54.602+0000] {processor.py:161} INFO - Started process (PID=3015) to work on /home/airflow/.local/lib/python3.8/site-packages/airflow/example_dags/example_short_circuit_operator.py
[2025-07-03T17:57:54.609+0000] {processor.py:830} INFO - Processing file /home/airflow/.local/lib/python3.8/site-packages/airflow/example_dags/example_short_circuit_operator.py for tasks to queue
[2025-07-03T17:57:54.612+0000] {logging_mixin.py:188} INFO - [2025-07-03T17:57:54.611+0000] {dagbag.py:538} INFO - Filling up the DagBag from /home/airflow/.local/lib/python3.8/site-packages/airflow/example_dags/example_short_circuit_operator.py
[2025-07-03T17:57:54.651+0000] {processor.py:840} INFO - DAG(s) 'example_short_circuit_operator' retrieved from /home/airflow/.local/lib/python3.8/site-packages/airflow/example_dags/example_short_circuit_operator.py
[2025-07-03T17:57:54.854+0000] {logging_mixin.py:188} INFO - [2025-07-03T17:57:54.846+0000] {dag.py:3036} INFO - Sync 1 DAGs
[2025-07-03T17:57:54.951+0000] {logging_mixin.py:188} INFO - [2025-07-03T17:57:54.950+0000] {dag.py:3823} INFO - Setting next_dagrun for example_short_circuit_operator to 2025-07-02 00:00:00+00:00, run_after=2025-07-03 00:00:00+00:00
[2025-07-03T17:57:55.027+0000] {processor.py:183} INFO - Processing /home/airflow/.local/lib/python3.8/site-packages/airflow/example_dags/example_short_circuit_operator.py took 0.430 seconds
[2025-07-03T17:58:25.774+0000] {processor.py:161} INFO - Started process (PID=3081) to work on /home/airflow/.local/lib/python3.8/site-packages/airflow/example_dags/example_short_circuit_operator.py
[2025-07-03T17:58:25.778+0000] {processor.py:830} INFO - Processing file /home/airflow/.local/lib/python3.8/site-packages/airflow/example_dags/example_short_circuit_operator.py for tasks to queue
[2025-07-03T17:58:25.780+0000] {logging_mixin.py:188} INFO - [2025-07-03T17:58:25.780+0000] {dagbag.py:538} INFO - Filling up the DagBag from /home/airflow/.local/lib/python3.8/site-packages/airflow/example_dags/example_short_circuit_operator.py
[2025-07-03T17:58:25.809+0000] {processor.py:840} INFO - DAG(s) 'example_short_circuit_operator' retrieved from /home/airflow/.local/lib/python3.8/site-packages/airflow/example_dags/example_short_circuit_operator.py
[2025-07-03T17:58:25.898+0000] {logging_mixin.py:188} INFO - [2025-07-03T17:58:25.897+0000] {dag.py:3036} INFO - Sync 1 DAGs
[2025-07-03T17:58:25.998+0000] {logging_mixin.py:188} INFO - [2025-07-03T17:58:25.998+0000] {dag.py:3823} INFO - Setting next_dagrun for example_short_circuit_operator to 2025-07-02 00:00:00+00:00, run_after=2025-07-03 00:00:00+00:00
[2025-07-03T17:58:26.179+0000] {processor.py:183} INFO - Processing /home/airflow/.local/lib/python3.8/site-packages/airflow/example_dags/example_short_circuit_operator.py took 0.418 seconds
[2025-07-03T17:58:56.691+0000] {processor.py:161} INFO - Started process (PID=3144) to work on /home/airflow/.local/lib/python3.8/site-packages/airflow/example_dags/example_short_circuit_operator.py
[2025-07-03T17:58:56.701+0000] {processor.py:830} INFO - Processing file /home/airflow/.local/lib/python3.8/site-packages/airflow/example_dags/example_short_circuit_operator.py for tasks to queue
[2025-07-03T17:58:56.703+0000] {logging_mixin.py:188} INFO - [2025-07-03T17:58:56.702+0000] {dagbag.py:538} INFO - Filling up the DagBag from /home/airflow/.local/lib/python3.8/site-packages/airflow/example_dags/example_short_circuit_operator.py
[2025-07-03T17:58:56.732+0000] {processor.py:840} INFO - DAG(s) 'example_short_circuit_operator' retrieved from /home/airflow/.local/lib/python3.8/site-packages/airflow/example_dags/example_short_circuit_operator.py
[2025-07-03T17:58:56.814+0000] {logging_mixin.py:188} INFO - [2025-07-03T17:58:56.813+0000] {dag.py:3036} INFO - Sync 1 DAGs
[2025-07-03T17:58:56.899+0000] {logging_mixin.py:188} INFO - [2025-07-03T17:58:56.898+0000] {dag.py:3823} INFO - Setting next_dagrun for example_short_circuit_operator to 2025-07-02 00:00:00+00:00, run_after=2025-07-03 00:00:00+00:00
[2025-07-03T17:58:57.401+0000] {processor.py:183} INFO - Processing /home/airflow/.local/lib/python3.8/site-packages/airflow/example_dags/example_short_circuit_operator.py took 0.713 seconds
[2025-07-03T17:59:28.099+0000] {processor.py:161} INFO - Started process (PID=3209) to work on /home/airflow/.local/lib/python3.8/site-packages/airflow/example_dags/example_short_circuit_operator.py
[2025-07-03T17:59:28.105+0000] {processor.py:830} INFO - Processing file /home/airflow/.local/lib/python3.8/site-packages/airflow/example_dags/example_short_circuit_operator.py for tasks to queue
[2025-07-03T17:59:28.107+0000] {logging_mixin.py:188} INFO - [2025-07-03T17:59:28.107+0000] {dagbag.py:538} INFO - Filling up the DagBag from /home/airflow/.local/lib/python3.8/site-packages/airflow/example_dags/example_short_circuit_operator.py
[2025-07-03T17:59:28.157+0000] {processor.py:840} INFO - DAG(s) 'example_short_circuit_operator' retrieved from /home/airflow/.local/lib/python3.8/site-packages/airflow/example_dags/example_short_circuit_operator.py
[2025-07-03T17:59:28.309+0000] {logging_mixin.py:188} INFO - [2025-07-03T17:59:28.292+0000] {dag.py:3036} INFO - Sync 1 DAGs
[2025-07-03T17:59:28.460+0000] {logging_mixin.py:188} INFO - [2025-07-03T17:59:28.460+0000] {dag.py:3823} INFO - Setting next_dagrun for example_short_circuit_operator to 2025-07-02 00:00:00+00:00, run_after=2025-07-03 00:00:00+00:00
[2025-07-03T17:59:29.281+0000] {processor.py:183} INFO - Processing /home/airflow/.local/lib/python3.8/site-packages/airflow/example_dags/example_short_circuit_operator.py took 1.190 seconds
[2025-07-03T17:59:59.628+0000] {processor.py:161} INFO - Started process (PID=3273) to work on /home/airflow/.local/lib/python3.8/site-packages/airflow/example_dags/example_short_circuit_operator.py
[2025-07-03T17:59:59.636+0000] {processor.py:830} INFO - Processing file /home/airflow/.local/lib/python3.8/site-packages/airflow/example_dags/example_short_circuit_operator.py for tasks to queue
[2025-07-03T17:59:59.639+0000] {logging_mixin.py:188} INFO - [2025-07-03T17:59:59.638+0000] {dagbag.py:538} INFO - Filling up the DagBag from /home/airflow/.local/lib/python3.8/site-packages/airflow/example_dags/example_short_circuit_operator.py
[2025-07-03T17:59:59.660+0000] {processor.py:840} INFO - DAG(s) 'example_short_circuit_operator' retrieved from /home/airflow/.local/lib/python3.8/site-packages/airflow/example_dags/example_short_circuit_operator.py
[2025-07-03T17:59:59.718+0000] {logging_mixin.py:188} INFO - [2025-07-03T17:59:59.717+0000] {dag.py:3036} INFO - Sync 1 DAGs
[2025-07-03T17:59:59.765+0000] {logging_mixin.py:188} INFO - [2025-07-03T17:59:59.765+0000] {dag.py:3823} INFO - Setting next_dagrun for example_short_circuit_operator to 2025-07-02 00:00:00+00:00, run_after=2025-07-03 00:00:00+00:00
[2025-07-03T17:59:59.831+0000] {processor.py:183} INFO - Processing /home/airflow/.local/lib/python3.8/site-packages/airflow/example_dags/example_short_circuit_operator.py took 0.211 seconds
[2025-07-03T18:00:30.209+0000] {processor.py:161} INFO - Started process (PID=3337) to work on /home/airflow/.local/lib/python3.8/site-packages/airflow/example_dags/example_short_circuit_operator.py
[2025-07-03T18:00:30.211+0000] {processor.py:830} INFO - Processing file /home/airflow/.local/lib/python3.8/site-packages/airflow/example_dags/example_short_circuit_operator.py for tasks to queue
[2025-07-03T18:00:30.214+0000] {logging_mixin.py:188} INFO - [2025-07-03T18:00:30.213+0000] {dagbag.py:538} INFO - Filling up the DagBag from /home/airflow/.local/lib/python3.8/site-packages/airflow/example_dags/example_short_circuit_operator.py
[2025-07-03T18:00:30.228+0000] {processor.py:840} INFO - DAG(s) 'example_short_circuit_operator' retrieved from /home/airflow/.local/lib/python3.8/site-packages/airflow/example_dags/example_short_circuit_operator.py
[2025-07-03T18:00:30.282+0000] {logging_mixin.py:188} INFO - [2025-07-03T18:00:30.282+0000] {dag.py:3036} INFO - Sync 1 DAGs
[2025-07-03T18:00:30.331+0000] {logging_mixin.py:188} INFO - [2025-07-03T18:00:30.330+0000] {dag.py:3823} INFO - Setting next_dagrun for example_short_circuit_operator to 2025-07-02 00:00:00+00:00, run_after=2025-07-03 00:00:00+00:00
[2025-07-03T18:00:30.413+0000] {processor.py:183} INFO - Processing /home/airflow/.local/lib/python3.8/site-packages/airflow/example_dags/example_short_circuit_operator.py took 0.211 seconds
[2025-07-03T18:01:00.897+0000] {processor.py:161} INFO - Started process (PID=3402) to work on /home/airflow/.local/lib/python3.8/site-packages/airflow/example_dags/example_short_circuit_operator.py
[2025-07-03T18:01:00.909+0000] {processor.py:830} INFO - Processing file /home/airflow/.local/lib/python3.8/site-packages/airflow/example_dags/example_short_circuit_operator.py for tasks to queue
[2025-07-03T18:01:00.912+0000] {logging_mixin.py:188} INFO - [2025-07-03T18:01:00.911+0000] {dagbag.py:538} INFO - Filling up the DagBag from /home/airflow/.local/lib/python3.8/site-packages/airflow/example_dags/example_short_circuit_operator.py
[2025-07-03T18:01:00.976+0000] {processor.py:840} INFO - DAG(s) 'example_short_circuit_operator' retrieved from /home/airflow/.local/lib/python3.8/site-packages/airflow/example_dags/example_short_circuit_operator.py
[2025-07-03T18:01:01.162+0000] {logging_mixin.py:188} INFO - [2025-07-03T18:01:01.161+0000] {dag.py:3036} INFO - Sync 1 DAGs
[2025-07-03T18:01:01.241+0000] {logging_mixin.py:188} INFO - [2025-07-03T18:01:01.241+0000] {dag.py:3823} INFO - Setting next_dagrun for example_short_circuit_operator to 2025-07-02 00:00:00+00:00, run_after=2025-07-03 00:00:00+00:00
[2025-07-03T18:01:01.322+0000] {processor.py:183} INFO - Processing /home/airflow/.local/lib/python3.8/site-packages/airflow/example_dags/example_short_circuit_operator.py took 0.441 seconds
[2025-07-03T18:01:31.907+0000] {processor.py:161} INFO - Started process (PID=3459) to work on /home/airflow/.local/lib/python3.8/site-packages/airflow/example_dags/example_short_circuit_operator.py
[2025-07-03T18:01:31.908+0000] {processor.py:830} INFO - Processing file /home/airflow/.local/lib/python3.8/site-packages/airflow/example_dags/example_short_circuit_operator.py for tasks to queue
[2025-07-03T18:01:31.911+0000] {logging_mixin.py:188} INFO - [2025-07-03T18:01:31.911+0000] {dagbag.py:538} INFO - Filling up the DagBag from /home/airflow/.local/lib/python3.8/site-packages/airflow/example_dags/example_short_circuit_operator.py
[2025-07-03T18:01:31.925+0000] {processor.py:840} INFO - DAG(s) 'example_short_circuit_operator' retrieved from /home/airflow/.local/lib/python3.8/site-packages/airflow/example_dags/example_short_circuit_operator.py
[2025-07-03T18:01:31.992+0000] {logging_mixin.py:188} INFO - [2025-07-03T18:01:31.992+0000] {dag.py:3036} INFO - Sync 1 DAGs
[2025-07-03T18:01:32.449+0000] {logging_mixin.py:188} INFO - [2025-07-03T18:01:32.448+0000] {dag.py:3823} INFO - Setting next_dagrun for example_short_circuit_operator to 2025-07-02 00:00:00+00:00, run_after=2025-07-03 00:00:00+00:00
[2025-07-03T18:01:32.534+0000] {processor.py:183} INFO - Processing /home/airflow/.local/lib/python3.8/site-packages/airflow/example_dags/example_short_circuit_operator.py took 0.632 seconds
[2025-07-03T18:02:02.624+0000] {processor.py:161} INFO - Started process (PID=3523) to work on /home/airflow/.local/lib/python3.8/site-packages/airflow/example_dags/example_short_circuit_operator.py
[2025-07-03T18:02:02.633+0000] {processor.py:830} INFO - Processing file /home/airflow/.local/lib/python3.8/site-packages/airflow/example_dags/example_short_circuit_operator.py for tasks to queue
[2025-07-03T18:02:02.639+0000] {logging_mixin.py:188} INFO - [2025-07-03T18:02:02.639+0000] {dagbag.py:538} INFO - Filling up the DagBag from /home/airflow/.local/lib/python3.8/site-packages/airflow/example_dags/example_short_circuit_operator.py
[2025-07-03T18:02:02.658+0000] {processor.py:840} INFO - DAG(s) 'example_short_circuit_operator' retrieved from /home/airflow/.local/lib/python3.8/site-packages/airflow/example_dags/example_short_circuit_operator.py
[2025-07-03T18:02:02.735+0000] {logging_mixin.py:188} INFO - [2025-07-03T18:02:02.735+0000] {dag.py:3036} INFO - Sync 1 DAGs
[2025-07-03T18:02:02.843+0000] {logging_mixin.py:188} INFO - [2025-07-03T18:02:02.842+0000] {dag.py:3823} INFO - Setting next_dagrun for example_short_circuit_operator to 2025-07-02 00:00:00+00:00, run_after=2025-07-03 00:00:00+00:00
[2025-07-03T18:02:03.288+0000] {processor.py:183} INFO - Processing /home/airflow/.local/lib/python3.8/site-packages/airflow/example_dags/example_short_circuit_operator.py took 0.672 seconds
[2025-07-03T18:02:33.502+0000] {processor.py:161} INFO - Started process (PID=3588) to work on /home/airflow/.local/lib/python3.8/site-packages/airflow/example_dags/example_short_circuit_operator.py
[2025-07-03T18:02:33.503+0000] {processor.py:830} INFO - Processing file /home/airflow/.local/lib/python3.8/site-packages/airflow/example_dags/example_short_circuit_operator.py for tasks to queue
[2025-07-03T18:02:33.505+0000] {logging_mixin.py:188} INFO - [2025-07-03T18:02:33.505+0000] {dagbag.py:538} INFO - Filling up the DagBag from /home/airflow/.local/lib/python3.8/site-packages/airflow/example_dags/example_short_circuit_operator.py
[2025-07-03T18:02:33.538+0000] {processor.py:840} INFO - DAG(s) 'example_short_circuit_operator' retrieved from /home/airflow/.local/lib/python3.8/site-packages/airflow/example_dags/example_short_circuit_operator.py
[2025-07-03T18:02:33.614+0000] {logging_mixin.py:188} INFO - [2025-07-03T18:02:33.613+0000] {dag.py:3036} INFO - Sync 1 DAGs
[2025-07-03T18:02:33.705+0000] {logging_mixin.py:188} INFO - [2025-07-03T18:02:33.704+0000] {dag.py:3823} INFO - Setting next_dagrun for example_short_circuit_operator to 2025-07-02 00:00:00+00:00, run_after=2025-07-03 00:00:00+00:00
[2025-07-03T18:02:33.788+0000] {processor.py:183} INFO - Processing /home/airflow/.local/lib/python3.8/site-packages/airflow/example_dags/example_short_circuit_operator.py took 0.311 seconds
[2025-07-03T18:03:05.125+0000] {processor.py:161} INFO - Started process (PID=3654) to work on /home/airflow/.local/lib/python3.8/site-packages/airflow/example_dags/example_short_circuit_operator.py
[2025-07-03T18:03:05.154+0000] {processor.py:830} INFO - Processing file /home/airflow/.local/lib/python3.8/site-packages/airflow/example_dags/example_short_circuit_operator.py for tasks to queue
[2025-07-03T18:03:05.161+0000] {logging_mixin.py:188} INFO - [2025-07-03T18:03:05.161+0000] {dagbag.py:538} INFO - Filling up the DagBag from /home/airflow/.local/lib/python3.8/site-packages/airflow/example_dags/example_short_circuit_operator.py
[2025-07-03T18:03:05.250+0000] {processor.py:840} INFO - DAG(s) 'example_short_circuit_operator' retrieved from /home/airflow/.local/lib/python3.8/site-packages/airflow/example_dags/example_short_circuit_operator.py
[2025-07-03T18:03:05.516+0000] {logging_mixin.py:188} INFO - [2025-07-03T18:03:05.506+0000] {dag.py:3036} INFO - Sync 1 DAGs
[2025-07-03T18:03:05.821+0000] {logging_mixin.py:188} INFO - [2025-07-03T18:03:05.798+0000] {dag.py:3823} INFO - Setting next_dagrun for example_short_circuit_operator to 2025-07-02 00:00:00+00:00, run_after=2025-07-03 00:00:00+00:00
[2025-07-03T18:03:06.361+0000] {processor.py:183} INFO - Processing /home/airflow/.local/lib/python3.8/site-packages/airflow/example_dags/example_short_circuit_operator.py took 1.253 seconds
[2025-07-03T18:04:18.451+0000] {processor.py:161} INFO - Started process (PID=3729) to work on /home/airflow/.local/lib/python3.8/site-packages/airflow/example_dags/example_short_circuit_operator.py
[2025-07-03T18:04:18.506+0000] {processor.py:830} INFO - Processing file /home/airflow/.local/lib/python3.8/site-packages/airflow/example_dags/example_short_circuit_operator.py for tasks to queue
[2025-07-03T18:04:18.508+0000] {logging_mixin.py:188} INFO - [2025-07-03T18:04:18.508+0000] {dagbag.py:538} INFO - Filling up the DagBag from /home/airflow/.local/lib/python3.8/site-packages/airflow/example_dags/example_short_circuit_operator.py
[2025-07-03T18:04:22.210+0000] {processor.py:840} INFO - DAG(s) 'example_short_circuit_operator' retrieved from /home/airflow/.local/lib/python3.8/site-packages/airflow/example_dags/example_short_circuit_operator.py
[2025-07-03T18:04:22.821+0000] {logging_mixin.py:188} INFO - [2025-07-03T18:04:22.821+0000] {dag.py:3036} INFO - Sync 1 DAGs
[2025-07-03T18:04:23.456+0000] {logging_mixin.py:188} INFO - [2025-07-03T18:04:23.456+0000] {dag.py:3823} INFO - Setting next_dagrun for example_short_circuit_operator to 2025-07-02 00:00:00+00:00, run_after=2025-07-03 00:00:00+00:00
[2025-07-03T18:04:24.025+0000] {processor.py:183} INFO - Processing /home/airflow/.local/lib/python3.8/site-packages/airflow/example_dags/example_short_circuit_operator.py took 5.623 seconds
[2025-07-03T18:06:40.789+0000] {processor.py:161} INFO - Started process (PID=3847) to work on /home/airflow/.local/lib/python3.8/site-packages/airflow/example_dags/example_short_circuit_operator.py
[2025-07-03T18:06:40.888+0000] {processor.py:830} INFO - Processing file /home/airflow/.local/lib/python3.8/site-packages/airflow/example_dags/example_short_circuit_operator.py for tasks to queue
[2025-07-03T18:06:41.057+0000] {logging_mixin.py:188} INFO - [2025-07-03T18:06:41.056+0000] {dagbag.py:538} INFO - Filling up the DagBag from /home/airflow/.local/lib/python3.8/site-packages/airflow/example_dags/example_short_circuit_operator.py
[2025-07-03T18:06:41.734+0000] {processor.py:840} INFO - DAG(s) 'example_short_circuit_operator' retrieved from /home/airflow/.local/lib/python3.8/site-packages/airflow/example_dags/example_short_circuit_operator.py
[2025-07-03T18:06:42.913+0000] {logging_mixin.py:188} INFO - [2025-07-03T18:06:42.912+0000] {dag.py:3036} INFO - Sync 1 DAGs
[2025-07-03T18:06:45.170+0000] {logging_mixin.py:188} INFO - [2025-07-03T18:06:45.169+0000] {dag.py:3823} INFO - Setting next_dagrun for example_short_circuit_operator to 2025-07-02 00:00:00+00:00, run_after=2025-07-03 00:00:00+00:00
[2025-07-03T18:06:46.187+0000] {processor.py:183} INFO - Processing /home/airflow/.local/lib/python3.8/site-packages/airflow/example_dags/example_short_circuit_operator.py took 5.804 seconds
[2025-07-03T18:21:13.582+0000] {processor.py:161} INFO - Started process (PID=119) to work on /home/airflow/.local/lib/python3.8/site-packages/airflow/example_dags/example_short_circuit_operator.py
[2025-07-03T18:21:13.584+0000] {processor.py:830} INFO - Processing file /home/airflow/.local/lib/python3.8/site-packages/airflow/example_dags/example_short_circuit_operator.py for tasks to queue
[2025-07-03T18:21:13.587+0000] {logging_mixin.py:188} INFO - [2025-07-03T18:21:13.586+0000] {dagbag.py:538} INFO - Filling up the DagBag from /home/airflow/.local/lib/python3.8/site-packages/airflow/example_dags/example_short_circuit_operator.py
[2025-07-03T18:21:13.599+0000] {processor.py:840} INFO - DAG(s) 'example_short_circuit_operator' retrieved from /home/airflow/.local/lib/python3.8/site-packages/airflow/example_dags/example_short_circuit_operator.py
[2025-07-03T18:21:13.655+0000] {logging_mixin.py:188} INFO - [2025-07-03T18:21:13.655+0000] {dag.py:3036} INFO - Sync 1 DAGs
[2025-07-03T18:21:13.717+0000] {logging_mixin.py:188} INFO - [2025-07-03T18:21:13.717+0000] {dag.py:3823} INFO - Setting next_dagrun for example_short_circuit_operator to 2025-07-02 00:00:00+00:00, run_after=2025-07-03 00:00:00+00:00
[2025-07-03T18:21:13.778+0000] {processor.py:183} INFO - Processing /home/airflow/.local/lib/python3.8/site-packages/airflow/example_dags/example_short_circuit_operator.py took 0.201 seconds
[2025-07-03T18:21:44.715+0000] {processor.py:161} INFO - Started process (PID=184) to work on /home/airflow/.local/lib/python3.8/site-packages/airflow/example_dags/example_short_circuit_operator.py
[2025-07-03T18:21:44.716+0000] {processor.py:830} INFO - Processing file /home/airflow/.local/lib/python3.8/site-packages/airflow/example_dags/example_short_circuit_operator.py for tasks to queue
[2025-07-03T18:21:44.718+0000] {logging_mixin.py:188} INFO - [2025-07-03T18:21:44.717+0000] {dagbag.py:538} INFO - Filling up the DagBag from /home/airflow/.local/lib/python3.8/site-packages/airflow/example_dags/example_short_circuit_operator.py
[2025-07-03T18:21:44.727+0000] {processor.py:840} INFO - DAG(s) 'example_short_circuit_operator' retrieved from /home/airflow/.local/lib/python3.8/site-packages/airflow/example_dags/example_short_circuit_operator.py
[2025-07-03T18:21:44.758+0000] {logging_mixin.py:188} INFO - [2025-07-03T18:21:44.758+0000] {dag.py:3036} INFO - Sync 1 DAGs
[2025-07-03T18:21:44.788+0000] {logging_mixin.py:188} INFO - [2025-07-03T18:21:44.788+0000] {dag.py:3823} INFO - Setting next_dagrun for example_short_circuit_operator to 2025-07-02 00:00:00+00:00, run_after=2025-07-03 00:00:00+00:00
[2025-07-03T18:21:44.812+0000] {processor.py:183} INFO - Processing /home/airflow/.local/lib/python3.8/site-packages/airflow/example_dags/example_short_circuit_operator.py took 0.101 seconds
[2025-07-03T18:22:15.112+0000] {processor.py:161} INFO - Started process (PID=249) to work on /home/airflow/.local/lib/python3.8/site-packages/airflow/example_dags/example_short_circuit_operator.py
[2025-07-03T18:22:15.114+0000] {processor.py:830} INFO - Processing file /home/airflow/.local/lib/python3.8/site-packages/airflow/example_dags/example_short_circuit_operator.py for tasks to queue
[2025-07-03T18:22:15.116+0000] {logging_mixin.py:188} INFO - [2025-07-03T18:22:15.116+0000] {dagbag.py:538} INFO - Filling up the DagBag from /home/airflow/.local/lib/python3.8/site-packages/airflow/example_dags/example_short_circuit_operator.py
[2025-07-03T18:22:15.126+0000] {processor.py:840} INFO - DAG(s) 'example_short_circuit_operator' retrieved from /home/airflow/.local/lib/python3.8/site-packages/airflow/example_dags/example_short_circuit_operator.py
[2025-07-03T18:22:15.157+0000] {logging_mixin.py:188} INFO - [2025-07-03T18:22:15.157+0000] {dag.py:3036} INFO - Sync 1 DAGs
[2025-07-03T18:22:15.188+0000] {logging_mixin.py:188} INFO - [2025-07-03T18:22:15.187+0000] {dag.py:3823} INFO - Setting next_dagrun for example_short_circuit_operator to 2025-07-02 00:00:00+00:00, run_after=2025-07-03 00:00:00+00:00
[2025-07-03T18:22:15.211+0000] {processor.py:183} INFO - Processing /home/airflow/.local/lib/python3.8/site-packages/airflow/example_dags/example_short_circuit_operator.py took 0.103 seconds
[2025-07-03T18:22:46.362+0000] {processor.py:161} INFO - Started process (PID=316) to work on /home/airflow/.local/lib/python3.8/site-packages/airflow/example_dags/example_short_circuit_operator.py
[2025-07-03T18:22:46.363+0000] {processor.py:830} INFO - Processing file /home/airflow/.local/lib/python3.8/site-packages/airflow/example_dags/example_short_circuit_operator.py for tasks to queue
[2025-07-03T18:22:46.366+0000] {logging_mixin.py:188} INFO - [2025-07-03T18:22:46.366+0000] {dagbag.py:538} INFO - Filling up the DagBag from /home/airflow/.local/lib/python3.8/site-packages/airflow/example_dags/example_short_circuit_operator.py
[2025-07-03T18:22:46.381+0000] {processor.py:840} INFO - DAG(s) 'example_short_circuit_operator' retrieved from /home/airflow/.local/lib/python3.8/site-packages/airflow/example_dags/example_short_circuit_operator.py
[2025-07-03T18:22:46.425+0000] {logging_mixin.py:188} INFO - [2025-07-03T18:22:46.425+0000] {dag.py:3036} INFO - Sync 1 DAGs
[2025-07-03T18:22:46.470+0000] {logging_mixin.py:188} INFO - [2025-07-03T18:22:46.469+0000] {dag.py:3823} INFO - Setting next_dagrun for example_short_circuit_operator to 2025-07-02 00:00:00+00:00, run_after=2025-07-03 00:00:00+00:00
[2025-07-03T18:22:46.519+0000] {processor.py:183} INFO - Processing /home/airflow/.local/lib/python3.8/site-packages/airflow/example_dags/example_short_circuit_operator.py took 0.162 seconds
[2025-07-03T18:23:16.589+0000] {processor.py:161} INFO - Started process (PID=381) to work on /home/airflow/.local/lib/python3.8/site-packages/airflow/example_dags/example_short_circuit_operator.py
[2025-07-03T18:23:16.592+0000] {processor.py:830} INFO - Processing file /home/airflow/.local/lib/python3.8/site-packages/airflow/example_dags/example_short_circuit_operator.py for tasks to queue
[2025-07-03T18:23:16.594+0000] {logging_mixin.py:188} INFO - [2025-07-03T18:23:16.594+0000] {dagbag.py:538} INFO - Filling up the DagBag from /home/airflow/.local/lib/python3.8/site-packages/airflow/example_dags/example_short_circuit_operator.py
[2025-07-03T18:23:16.607+0000] {processor.py:840} INFO - DAG(s) 'example_short_circuit_operator' retrieved from /home/airflow/.local/lib/python3.8/site-packages/airflow/example_dags/example_short_circuit_operator.py
[2025-07-03T18:23:16.646+0000] {logging_mixin.py:188} INFO - [2025-07-03T18:23:16.646+0000] {dag.py:3036} INFO - Sync 1 DAGs
[2025-07-03T18:23:16.684+0000] {logging_mixin.py:188} INFO - [2025-07-03T18:23:16.684+0000] {dag.py:3823} INFO - Setting next_dagrun for example_short_circuit_operator to 2025-07-02 00:00:00+00:00, run_after=2025-07-03 00:00:00+00:00
[2025-07-03T18:23:16.713+0000] {processor.py:183} INFO - Processing /home/airflow/.local/lib/python3.8/site-packages/airflow/example_dags/example_short_circuit_operator.py took 0.128 seconds
[2025-07-03T18:23:46.965+0000] {processor.py:161} INFO - Started process (PID=446) to work on /home/airflow/.local/lib/python3.8/site-packages/airflow/example_dags/example_short_circuit_operator.py
[2025-07-03T18:23:46.966+0000] {processor.py:830} INFO - Processing file /home/airflow/.local/lib/python3.8/site-packages/airflow/example_dags/example_short_circuit_operator.py for tasks to queue
[2025-07-03T18:23:46.970+0000] {logging_mixin.py:188} INFO - [2025-07-03T18:23:46.970+0000] {dagbag.py:538} INFO - Filling up the DagBag from /home/airflow/.local/lib/python3.8/site-packages/airflow/example_dags/example_short_circuit_operator.py
[2025-07-03T18:23:46.991+0000] {processor.py:840} INFO - DAG(s) 'example_short_circuit_operator' retrieved from /home/airflow/.local/lib/python3.8/site-packages/airflow/example_dags/example_short_circuit_operator.py
[2025-07-03T18:23:47.040+0000] {logging_mixin.py:188} INFO - [2025-07-03T18:23:47.040+0000] {dag.py:3036} INFO - Sync 1 DAGs
[2025-07-03T18:23:47.087+0000] {logging_mixin.py:188} INFO - [2025-07-03T18:23:47.086+0000] {dag.py:3823} INFO - Setting next_dagrun for example_short_circuit_operator to 2025-07-02 00:00:00+00:00, run_after=2025-07-03 00:00:00+00:00
[2025-07-03T18:23:47.118+0000] {processor.py:183} INFO - Processing /home/airflow/.local/lib/python3.8/site-packages/airflow/example_dags/example_short_circuit_operator.py took 0.159 seconds
[2025-07-03T18:24:17.871+0000] {processor.py:161} INFO - Started process (PID=519) to work on /home/airflow/.local/lib/python3.8/site-packages/airflow/example_dags/example_short_circuit_operator.py
[2025-07-03T18:24:17.877+0000] {processor.py:830} INFO - Processing file /home/airflow/.local/lib/python3.8/site-packages/airflow/example_dags/example_short_circuit_operator.py for tasks to queue
[2025-07-03T18:24:17.879+0000] {logging_mixin.py:188} INFO - [2025-07-03T18:24:17.879+0000] {dagbag.py:538} INFO - Filling up the DagBag from /home/airflow/.local/lib/python3.8/site-packages/airflow/example_dags/example_short_circuit_operator.py
[2025-07-03T18:24:17.899+0000] {processor.py:840} INFO - DAG(s) 'example_short_circuit_operator' retrieved from /home/airflow/.local/lib/python3.8/site-packages/airflow/example_dags/example_short_circuit_operator.py
[2025-07-03T18:24:17.981+0000] {logging_mixin.py:188} INFO - [2025-07-03T18:24:17.981+0000] {dag.py:3036} INFO - Sync 1 DAGs
[2025-07-03T18:24:18.050+0000] {logging_mixin.py:188} INFO - [2025-07-03T18:24:18.050+0000] {dag.py:3823} INFO - Setting next_dagrun for example_short_circuit_operator to 2025-07-02 00:00:00+00:00, run_after=2025-07-03 00:00:00+00:00
[2025-07-03T18:24:18.121+0000] {processor.py:183} INFO - Processing /home/airflow/.local/lib/python3.8/site-packages/airflow/example_dags/example_short_circuit_operator.py took 0.262 seconds
