[2025-07-03T17:35:43.183+0000] {processor.py:161} INFO - Started process (PID=241) to work on /home/airflow/.local/lib/python3.8/site-packages/airflow/example_dags/example_kubernetes_executor.py
[2025-07-03T17:35:43.189+0000] {processor.py:830} INFO - Processing file /home/airflow/.local/lib/python3.8/site-packages/airflow/example_dags/example_kubernetes_executor.py for tasks to queue
[2025-07-03T17:35:43.201+0000] {logging_mixin.py:188} INFO - [2025-07-03T17:35:43.200+0000] {dagbag.py:538} INFO - Filling up the DagBag from /home/airflow/.local/lib/python3.8/site-packages/airflow/example_dags/example_kubernetes_executor.py
[2025-07-03T17:35:43.300+0000] {processor.py:840} INFO - DAG(s) 'example_kubernetes_executor' retrieved from /home/airflow/.local/lib/python3.8/site-packages/airflow/example_dags/example_kubernetes_executor.py
[2025-07-03T17:35:44.005+0000] {logging_mixin.py:188} INFO - [2025-07-03T17:35:44.005+0000] {dag.py:3036} INFO - Sync 1 DAGs
[2025-07-03T17:35:44.052+0000] {logging_mixin.py:188} INFO - [2025-07-03T17:35:44.051+0000] {dag.py:3823} INFO - Setting next_dagrun for example_kubernetes_executor to None, run_after=None
[2025-07-03T17:35:44.157+0000] {processor.py:183} INFO - Processing /home/airflow/.local/lib/python3.8/site-packages/airflow/example_dags/example_kubernetes_executor.py took 0.980 seconds
[2025-07-03T17:36:16.178+0000] {processor.py:161} INFO - Started process (PID=306) to work on /home/airflow/.local/lib/python3.8/site-packages/airflow/example_dags/example_kubernetes_executor.py
[2025-07-03T17:36:16.185+0000] {processor.py:830} INFO - Processing file /home/airflow/.local/lib/python3.8/site-packages/airflow/example_dags/example_kubernetes_executor.py for tasks to queue
[2025-07-03T17:36:16.187+0000] {logging_mixin.py:188} INFO - [2025-07-03T17:36:16.187+0000] {dagbag.py:538} INFO - Filling up the DagBag from /home/airflow/.local/lib/python3.8/site-packages/airflow/example_dags/example_kubernetes_executor.py
[2025-07-03T17:36:16.254+0000] {processor.py:840} INFO - DAG(s) 'example_kubernetes_executor' retrieved from /home/airflow/.local/lib/python3.8/site-packages/airflow/example_dags/example_kubernetes_executor.py
[2025-07-03T17:36:16.386+0000] {logging_mixin.py:188} INFO - [2025-07-03T17:36:16.386+0000] {dag.py:3036} INFO - Sync 1 DAGs
[2025-07-03T17:36:16.451+0000] {logging_mixin.py:188} INFO - [2025-07-03T17:36:16.450+0000] {dag.py:3823} INFO - Setting next_dagrun for example_kubernetes_executor to None, run_after=None
[2025-07-03T17:36:16.536+0000] {processor.py:183} INFO - Processing /home/airflow/.local/lib/python3.8/site-packages/airflow/example_dags/example_kubernetes_executor.py took 0.363 seconds
[2025-07-03T17:36:47.873+0000] {processor.py:161} INFO - Started process (PID=370) to work on /home/airflow/.local/lib/python3.8/site-packages/airflow/example_dags/example_kubernetes_executor.py
[2025-07-03T17:36:47.876+0000] {processor.py:830} INFO - Processing file /home/airflow/.local/lib/python3.8/site-packages/airflow/example_dags/example_kubernetes_executor.py for tasks to queue
[2025-07-03T17:36:47.890+0000] {logging_mixin.py:188} INFO - [2025-07-03T17:36:47.889+0000] {dagbag.py:538} INFO - Filling up the DagBag from /home/airflow/.local/lib/python3.8/site-packages/airflow/example_dags/example_kubernetes_executor.py
[2025-07-03T17:36:48.033+0000] {processor.py:840} INFO - DAG(s) 'example_kubernetes_executor' retrieved from /home/airflow/.local/lib/python3.8/site-packages/airflow/example_dags/example_kubernetes_executor.py
[2025-07-03T17:36:48.350+0000] {logging_mixin.py:188} INFO - [2025-07-03T17:36:48.349+0000] {dag.py:3036} INFO - Sync 1 DAGs
[2025-07-03T17:36:48.415+0000] {logging_mixin.py:188} INFO - [2025-07-03T17:36:48.415+0000] {dag.py:3823} INFO - Setting next_dagrun for example_kubernetes_executor to None, run_after=None
[2025-07-03T17:36:48.515+0000] {processor.py:183} INFO - Processing /home/airflow/.local/lib/python3.8/site-packages/airflow/example_dags/example_kubernetes_executor.py took 0.675 seconds
[2025-07-03T17:37:18.902+0000] {processor.py:161} INFO - Started process (PID=427) to work on /home/airflow/.local/lib/python3.8/site-packages/airflow/example_dags/example_kubernetes_executor.py
[2025-07-03T17:37:18.906+0000] {processor.py:830} INFO - Processing file /home/airflow/.local/lib/python3.8/site-packages/airflow/example_dags/example_kubernetes_executor.py for tasks to queue
[2025-07-03T17:37:18.914+0000] {logging_mixin.py:188} INFO - [2025-07-03T17:37:18.914+0000] {dagbag.py:538} INFO - Filling up the DagBag from /home/airflow/.local/lib/python3.8/site-packages/airflow/example_dags/example_kubernetes_executor.py
[2025-07-03T17:37:19.015+0000] {processor.py:840} INFO - DAG(s) 'example_kubernetes_executor' retrieved from /home/airflow/.local/lib/python3.8/site-packages/airflow/example_dags/example_kubernetes_executor.py
[2025-07-03T17:37:19.291+0000] {logging_mixin.py:188} INFO - [2025-07-03T17:37:19.280+0000] {dag.py:3036} INFO - Sync 1 DAGs
[2025-07-03T17:37:19.334+0000] {logging_mixin.py:188} INFO - [2025-07-03T17:37:19.333+0000] {dag.py:3823} INFO - Setting next_dagrun for example_kubernetes_executor to None, run_after=None
[2025-07-03T17:37:19.371+0000] {processor.py:183} INFO - Processing /home/airflow/.local/lib/python3.8/site-packages/airflow/example_dags/example_kubernetes_executor.py took 0.494 seconds
[2025-07-03T17:37:50.358+0000] {processor.py:161} INFO - Started process (PID=483) to work on /home/airflow/.local/lib/python3.8/site-packages/airflow/example_dags/example_kubernetes_executor.py
[2025-07-03T17:37:50.360+0000] {processor.py:830} INFO - Processing file /home/airflow/.local/lib/python3.8/site-packages/airflow/example_dags/example_kubernetes_executor.py for tasks to queue
[2025-07-03T17:37:50.374+0000] {logging_mixin.py:188} INFO - [2025-07-03T17:37:50.373+0000] {dagbag.py:538} INFO - Filling up the DagBag from /home/airflow/.local/lib/python3.8/site-packages/airflow/example_dags/example_kubernetes_executor.py
[2025-07-03T17:37:50.438+0000] {processor.py:840} INFO - DAG(s) 'example_kubernetes_executor' retrieved from /home/airflow/.local/lib/python3.8/site-packages/airflow/example_dags/example_kubernetes_executor.py
[2025-07-03T17:37:50.574+0000] {logging_mixin.py:188} INFO - [2025-07-03T17:37:50.573+0000] {dag.py:3036} INFO - Sync 1 DAGs
[2025-07-03T17:37:50.616+0000] {logging_mixin.py:188} INFO - [2025-07-03T17:37:50.615+0000] {dag.py:3823} INFO - Setting next_dagrun for example_kubernetes_executor to None, run_after=None
[2025-07-03T17:37:50.694+0000] {processor.py:183} INFO - Processing /home/airflow/.local/lib/python3.8/site-packages/airflow/example_dags/example_kubernetes_executor.py took 0.352 seconds
[2025-07-03T17:38:21.330+0000] {processor.py:161} INFO - Started process (PID=548) to work on /home/airflow/.local/lib/python3.8/site-packages/airflow/example_dags/example_kubernetes_executor.py
[2025-07-03T17:38:21.332+0000] {processor.py:830} INFO - Processing file /home/airflow/.local/lib/python3.8/site-packages/airflow/example_dags/example_kubernetes_executor.py for tasks to queue
[2025-07-03T17:38:21.334+0000] {logging_mixin.py:188} INFO - [2025-07-03T17:38:21.334+0000] {dagbag.py:538} INFO - Filling up the DagBag from /home/airflow/.local/lib/python3.8/site-packages/airflow/example_dags/example_kubernetes_executor.py
[2025-07-03T17:38:21.414+0000] {processor.py:840} INFO - DAG(s) 'example_kubernetes_executor' retrieved from /home/airflow/.local/lib/python3.8/site-packages/airflow/example_dags/example_kubernetes_executor.py
[2025-07-03T17:38:21.667+0000] {logging_mixin.py:188} INFO - [2025-07-03T17:38:21.666+0000] {dag.py:3036} INFO - Sync 1 DAGs
[2025-07-03T17:38:21.760+0000] {logging_mixin.py:188} INFO - [2025-07-03T17:38:21.760+0000] {dag.py:3823} INFO - Setting next_dagrun for example_kubernetes_executor to None, run_after=None
[2025-07-03T17:38:21.876+0000] {processor.py:183} INFO - Processing /home/airflow/.local/lib/python3.8/site-packages/airflow/example_dags/example_kubernetes_executor.py took 0.550 seconds
[2025-07-03T17:38:52.737+0000] {processor.py:161} INFO - Started process (PID=612) to work on /home/airflow/.local/lib/python3.8/site-packages/airflow/example_dags/example_kubernetes_executor.py
[2025-07-03T17:38:52.745+0000] {processor.py:830} INFO - Processing file /home/airflow/.local/lib/python3.8/site-packages/airflow/example_dags/example_kubernetes_executor.py for tasks to queue
[2025-07-03T17:38:52.748+0000] {logging_mixin.py:188} INFO - [2025-07-03T17:38:52.747+0000] {dagbag.py:538} INFO - Filling up the DagBag from /home/airflow/.local/lib/python3.8/site-packages/airflow/example_dags/example_kubernetes_executor.py
[2025-07-03T17:38:52.865+0000] {processor.py:840} INFO - DAG(s) 'example_kubernetes_executor' retrieved from /home/airflow/.local/lib/python3.8/site-packages/airflow/example_dags/example_kubernetes_executor.py
[2025-07-03T17:38:52.994+0000] {logging_mixin.py:188} INFO - [2025-07-03T17:38:52.993+0000] {dag.py:3036} INFO - Sync 1 DAGs
[2025-07-03T17:38:53.018+0000] {logging_mixin.py:188} INFO - [2025-07-03T17:38:53.017+0000] {dag.py:3823} INFO - Setting next_dagrun for example_kubernetes_executor to None, run_after=None
[2025-07-03T17:38:53.080+0000] {processor.py:183} INFO - Processing /home/airflow/.local/lib/python3.8/site-packages/airflow/example_dags/example_kubernetes_executor.py took 0.372 seconds
[2025-07-03T17:39:23.840+0000] {processor.py:161} INFO - Started process (PID=677) to work on /home/airflow/.local/lib/python3.8/site-packages/airflow/example_dags/example_kubernetes_executor.py
[2025-07-03T17:39:23.861+0000] {processor.py:830} INFO - Processing file /home/airflow/.local/lib/python3.8/site-packages/airflow/example_dags/example_kubernetes_executor.py for tasks to queue
[2025-07-03T17:39:23.889+0000] {logging_mixin.py:188} INFO - [2025-07-03T17:39:23.864+0000] {dagbag.py:538} INFO - Filling up the DagBag from /home/airflow/.local/lib/python3.8/site-packages/airflow/example_dags/example_kubernetes_executor.py
[2025-07-03T17:39:23.988+0000] {processor.py:840} INFO - DAG(s) 'example_kubernetes_executor' retrieved from /home/airflow/.local/lib/python3.8/site-packages/airflow/example_dags/example_kubernetes_executor.py
[2025-07-03T17:39:24.281+0000] {logging_mixin.py:188} INFO - [2025-07-03T17:39:24.280+0000] {dag.py:3036} INFO - Sync 1 DAGs
[2025-07-03T17:39:24.345+0000] {logging_mixin.py:188} INFO - [2025-07-03T17:39:24.345+0000] {dag.py:3823} INFO - Setting next_dagrun for example_kubernetes_executor to None, run_after=None
[2025-07-03T17:39:24.485+0000] {processor.py:183} INFO - Processing /home/airflow/.local/lib/python3.8/site-packages/airflow/example_dags/example_kubernetes_executor.py took 0.658 seconds
[2025-07-03T17:39:54.983+0000] {processor.py:161} INFO - Started process (PID=743) to work on /home/airflow/.local/lib/python3.8/site-packages/airflow/example_dags/example_kubernetes_executor.py
[2025-07-03T17:39:54.997+0000] {processor.py:830} INFO - Processing file /home/airflow/.local/lib/python3.8/site-packages/airflow/example_dags/example_kubernetes_executor.py for tasks to queue
[2025-07-03T17:39:55.008+0000] {logging_mixin.py:188} INFO - [2025-07-03T17:39:55.007+0000] {dagbag.py:538} INFO - Filling up the DagBag from /home/airflow/.local/lib/python3.8/site-packages/airflow/example_dags/example_kubernetes_executor.py
[2025-07-03T17:39:55.082+0000] {processor.py:840} INFO - DAG(s) 'example_kubernetes_executor' retrieved from /home/airflow/.local/lib/python3.8/site-packages/airflow/example_dags/example_kubernetes_executor.py
[2025-07-03T17:39:55.572+0000] {logging_mixin.py:188} INFO - [2025-07-03T17:39:55.572+0000] {dag.py:3036} INFO - Sync 1 DAGs
[2025-07-03T17:39:55.668+0000] {logging_mixin.py:188} INFO - [2025-07-03T17:39:55.668+0000] {dag.py:3823} INFO - Setting next_dagrun for example_kubernetes_executor to None, run_after=None
[2025-07-03T17:39:55.795+0000] {processor.py:183} INFO - Processing /home/airflow/.local/lib/python3.8/site-packages/airflow/example_dags/example_kubernetes_executor.py took 0.836 seconds
[2025-07-03T17:40:26.250+0000] {processor.py:161} INFO - Started process (PID=799) to work on /home/airflow/.local/lib/python3.8/site-packages/airflow/example_dags/example_kubernetes_executor.py
[2025-07-03T17:40:26.251+0000] {processor.py:830} INFO - Processing file /home/airflow/.local/lib/python3.8/site-packages/airflow/example_dags/example_kubernetes_executor.py for tasks to queue
[2025-07-03T17:40:26.255+0000] {logging_mixin.py:188} INFO - [2025-07-03T17:40:26.254+0000] {dagbag.py:538} INFO - Filling up the DagBag from /home/airflow/.local/lib/python3.8/site-packages/airflow/example_dags/example_kubernetes_executor.py
[2025-07-03T17:40:26.281+0000] {processor.py:840} INFO - DAG(s) 'example_kubernetes_executor' retrieved from /home/airflow/.local/lib/python3.8/site-packages/airflow/example_dags/example_kubernetes_executor.py
[2025-07-03T17:40:26.345+0000] {logging_mixin.py:188} INFO - [2025-07-03T17:40:26.345+0000] {dag.py:3036} INFO - Sync 1 DAGs
[2025-07-03T17:40:26.364+0000] {logging_mixin.py:188} INFO - [2025-07-03T17:40:26.364+0000] {dag.py:3823} INFO - Setting next_dagrun for example_kubernetes_executor to None, run_after=None
[2025-07-03T17:40:26.391+0000] {processor.py:183} INFO - Processing /home/airflow/.local/lib/python3.8/site-packages/airflow/example_dags/example_kubernetes_executor.py took 0.148 seconds
[2025-07-03T17:40:56.718+0000] {processor.py:161} INFO - Started process (PID=864) to work on /home/airflow/.local/lib/python3.8/site-packages/airflow/example_dags/example_kubernetes_executor.py
[2025-07-03T17:40:56.719+0000] {processor.py:830} INFO - Processing file /home/airflow/.local/lib/python3.8/site-packages/airflow/example_dags/example_kubernetes_executor.py for tasks to queue
[2025-07-03T17:40:56.722+0000] {logging_mixin.py:188} INFO - [2025-07-03T17:40:56.722+0000] {dagbag.py:538} INFO - Filling up the DagBag from /home/airflow/.local/lib/python3.8/site-packages/airflow/example_dags/example_kubernetes_executor.py
[2025-07-03T17:40:56.754+0000] {processor.py:840} INFO - DAG(s) 'example_kubernetes_executor' retrieved from /home/airflow/.local/lib/python3.8/site-packages/airflow/example_dags/example_kubernetes_executor.py
[2025-07-03T17:40:56.814+0000] {logging_mixin.py:188} INFO - [2025-07-03T17:40:56.813+0000] {dag.py:3036} INFO - Sync 1 DAGs
[2025-07-03T17:40:56.837+0000] {logging_mixin.py:188} INFO - [2025-07-03T17:40:56.837+0000] {dag.py:3823} INFO - Setting next_dagrun for example_kubernetes_executor to None, run_after=None
[2025-07-03T17:40:56.868+0000] {processor.py:183} INFO - Processing /home/airflow/.local/lib/python3.8/site-packages/airflow/example_dags/example_kubernetes_executor.py took 0.155 seconds
[2025-07-03T17:41:27.597+0000] {processor.py:161} INFO - Started process (PID=928) to work on /home/airflow/.local/lib/python3.8/site-packages/airflow/example_dags/example_kubernetes_executor.py
[2025-07-03T17:41:27.598+0000] {processor.py:830} INFO - Processing file /home/airflow/.local/lib/python3.8/site-packages/airflow/example_dags/example_kubernetes_executor.py for tasks to queue
[2025-07-03T17:41:27.601+0000] {logging_mixin.py:188} INFO - [2025-07-03T17:41:27.600+0000] {dagbag.py:538} INFO - Filling up the DagBag from /home/airflow/.local/lib/python3.8/site-packages/airflow/example_dags/example_kubernetes_executor.py
[2025-07-03T17:41:27.643+0000] {processor.py:840} INFO - DAG(s) 'example_kubernetes_executor' retrieved from /home/airflow/.local/lib/python3.8/site-packages/airflow/example_dags/example_kubernetes_executor.py
[2025-07-03T17:41:27.712+0000] {logging_mixin.py:188} INFO - [2025-07-03T17:41:27.711+0000] {dag.py:3036} INFO - Sync 1 DAGs
[2025-07-03T17:41:27.739+0000] {logging_mixin.py:188} INFO - [2025-07-03T17:41:27.738+0000] {dag.py:3823} INFO - Setting next_dagrun for example_kubernetes_executor to None, run_after=None
[2025-07-03T17:41:27.776+0000] {processor.py:183} INFO - Processing /home/airflow/.local/lib/python3.8/site-packages/airflow/example_dags/example_kubernetes_executor.py took 0.184 seconds
[2025-07-03T17:41:58.445+0000] {processor.py:161} INFO - Started process (PID=994) to work on /home/airflow/.local/lib/python3.8/site-packages/airflow/example_dags/example_kubernetes_executor.py
[2025-07-03T17:41:58.446+0000] {processor.py:830} INFO - Processing file /home/airflow/.local/lib/python3.8/site-packages/airflow/example_dags/example_kubernetes_executor.py for tasks to queue
[2025-07-03T17:41:58.448+0000] {logging_mixin.py:188} INFO - [2025-07-03T17:41:58.448+0000] {dagbag.py:538} INFO - Filling up the DagBag from /home/airflow/.local/lib/python3.8/site-packages/airflow/example_dags/example_kubernetes_executor.py
[2025-07-03T17:41:58.468+0000] {processor.py:840} INFO - DAG(s) 'example_kubernetes_executor' retrieved from /home/airflow/.local/lib/python3.8/site-packages/airflow/example_dags/example_kubernetes_executor.py
[2025-07-03T17:41:58.518+0000] {logging_mixin.py:188} INFO - [2025-07-03T17:41:58.517+0000] {dag.py:3036} INFO - Sync 1 DAGs
[2025-07-03T17:41:58.536+0000] {logging_mixin.py:188} INFO - [2025-07-03T17:41:58.535+0000] {dag.py:3823} INFO - Setting next_dagrun for example_kubernetes_executor to None, run_after=None
[2025-07-03T17:41:58.566+0000] {processor.py:183} INFO - Processing /home/airflow/.local/lib/python3.8/site-packages/airflow/example_dags/example_kubernetes_executor.py took 0.125 seconds
[2025-07-03T17:42:28.626+0000] {processor.py:161} INFO - Started process (PID=1066) to work on /home/airflow/.local/lib/python3.8/site-packages/airflow/example_dags/example_kubernetes_executor.py
[2025-07-03T17:42:28.627+0000] {processor.py:830} INFO - Processing file /home/airflow/.local/lib/python3.8/site-packages/airflow/example_dags/example_kubernetes_executor.py for tasks to queue
[2025-07-03T17:42:28.630+0000] {logging_mixin.py:188} INFO - [2025-07-03T17:42:28.629+0000] {dagbag.py:538} INFO - Filling up the DagBag from /home/airflow/.local/lib/python3.8/site-packages/airflow/example_dags/example_kubernetes_executor.py
[2025-07-03T17:42:28.694+0000] {processor.py:840} INFO - DAG(s) 'example_kubernetes_executor' retrieved from /home/airflow/.local/lib/python3.8/site-packages/airflow/example_dags/example_kubernetes_executor.py
[2025-07-03T17:42:28.789+0000] {logging_mixin.py:188} INFO - [2025-07-03T17:42:28.788+0000] {dag.py:3036} INFO - Sync 1 DAGs
[2025-07-03T17:42:28.812+0000] {logging_mixin.py:188} INFO - [2025-07-03T17:42:28.811+0000] {dag.py:3823} INFO - Setting next_dagrun for example_kubernetes_executor to None, run_after=None
[2025-07-03T17:42:28.849+0000] {processor.py:183} INFO - Processing /home/airflow/.local/lib/python3.8/site-packages/airflow/example_dags/example_kubernetes_executor.py took 0.235 seconds
[2025-07-03T17:42:59.154+0000] {processor.py:161} INFO - Started process (PID=1132) to work on /home/airflow/.local/lib/python3.8/site-packages/airflow/example_dags/example_kubernetes_executor.py
[2025-07-03T17:42:59.163+0000] {processor.py:830} INFO - Processing file /home/airflow/.local/lib/python3.8/site-packages/airflow/example_dags/example_kubernetes_executor.py for tasks to queue
[2025-07-03T17:42:59.184+0000] {logging_mixin.py:188} INFO - [2025-07-03T17:42:59.182+0000] {dagbag.py:538} INFO - Filling up the DagBag from /home/airflow/.local/lib/python3.8/site-packages/airflow/example_dags/example_kubernetes_executor.py
[2025-07-03T17:42:59.264+0000] {processor.py:840} INFO - DAG(s) 'example_kubernetes_executor' retrieved from /home/airflow/.local/lib/python3.8/site-packages/airflow/example_dags/example_kubernetes_executor.py
[2025-07-03T17:42:59.329+0000] {logging_mixin.py:188} INFO - [2025-07-03T17:42:59.328+0000] {dag.py:3036} INFO - Sync 1 DAGs
[2025-07-03T17:42:59.353+0000] {logging_mixin.py:188} INFO - [2025-07-03T17:42:59.353+0000] {dag.py:3823} INFO - Setting next_dagrun for example_kubernetes_executor to None, run_after=None
[2025-07-03T17:42:59.384+0000] {processor.py:183} INFO - Processing /home/airflow/.local/lib/python3.8/site-packages/airflow/example_dags/example_kubernetes_executor.py took 0.273 seconds
[2025-07-03T17:43:29.828+0000] {processor.py:161} INFO - Started process (PID=1198) to work on /home/airflow/.local/lib/python3.8/site-packages/airflow/example_dags/example_kubernetes_executor.py
[2025-07-03T17:43:29.831+0000] {processor.py:830} INFO - Processing file /home/airflow/.local/lib/python3.8/site-packages/airflow/example_dags/example_kubernetes_executor.py for tasks to queue
[2025-07-03T17:43:29.836+0000] {logging_mixin.py:188} INFO - [2025-07-03T17:43:29.836+0000] {dagbag.py:538} INFO - Filling up the DagBag from /home/airflow/.local/lib/python3.8/site-packages/airflow/example_dags/example_kubernetes_executor.py
[2025-07-03T17:43:29.870+0000] {processor.py:840} INFO - DAG(s) 'example_kubernetes_executor' retrieved from /home/airflow/.local/lib/python3.8/site-packages/airflow/example_dags/example_kubernetes_executor.py
[2025-07-03T17:43:29.984+0000] {logging_mixin.py:188} INFO - [2025-07-03T17:43:29.982+0000] {dag.py:3036} INFO - Sync 1 DAGs
[2025-07-03T17:43:30.035+0000] {logging_mixin.py:188} INFO - [2025-07-03T17:43:30.035+0000] {dag.py:3823} INFO - Setting next_dagrun for example_kubernetes_executor to None, run_after=None
[2025-07-03T17:43:30.093+0000] {processor.py:183} INFO - Processing /home/airflow/.local/lib/python3.8/site-packages/airflow/example_dags/example_kubernetes_executor.py took 0.279 seconds
[2025-07-03T17:44:00.533+0000] {processor.py:161} INFO - Started process (PID=1263) to work on /home/airflow/.local/lib/python3.8/site-packages/airflow/example_dags/example_kubernetes_executor.py
[2025-07-03T17:44:00.535+0000] {processor.py:830} INFO - Processing file /home/airflow/.local/lib/python3.8/site-packages/airflow/example_dags/example_kubernetes_executor.py for tasks to queue
[2025-07-03T17:44:00.538+0000] {logging_mixin.py:188} INFO - [2025-07-03T17:44:00.537+0000] {dagbag.py:538} INFO - Filling up the DagBag from /home/airflow/.local/lib/python3.8/site-packages/airflow/example_dags/example_kubernetes_executor.py
[2025-07-03T17:44:00.566+0000] {processor.py:840} INFO - DAG(s) 'example_kubernetes_executor' retrieved from /home/airflow/.local/lib/python3.8/site-packages/airflow/example_dags/example_kubernetes_executor.py
[2025-07-03T17:44:00.620+0000] {logging_mixin.py:188} INFO - [2025-07-03T17:44:00.619+0000] {dag.py:3036} INFO - Sync 1 DAGs
[2025-07-03T17:44:00.637+0000] {logging_mixin.py:188} INFO - [2025-07-03T17:44:00.637+0000] {dag.py:3823} INFO - Setting next_dagrun for example_kubernetes_executor to None, run_after=None
[2025-07-03T17:44:00.675+0000] {processor.py:183} INFO - Processing /home/airflow/.local/lib/python3.8/site-packages/airflow/example_dags/example_kubernetes_executor.py took 0.147 seconds
[2025-07-03T17:44:31.185+0000] {processor.py:161} INFO - Started process (PID=1328) to work on /home/airflow/.local/lib/python3.8/site-packages/airflow/example_dags/example_kubernetes_executor.py
[2025-07-03T17:44:31.193+0000] {processor.py:830} INFO - Processing file /home/airflow/.local/lib/python3.8/site-packages/airflow/example_dags/example_kubernetes_executor.py for tasks to queue
[2025-07-03T17:44:31.196+0000] {logging_mixin.py:188} INFO - [2025-07-03T17:44:31.196+0000] {dagbag.py:538} INFO - Filling up the DagBag from /home/airflow/.local/lib/python3.8/site-packages/airflow/example_dags/example_kubernetes_executor.py
[2025-07-03T17:44:31.247+0000] {processor.py:840} INFO - DAG(s) 'example_kubernetes_executor' retrieved from /home/airflow/.local/lib/python3.8/site-packages/airflow/example_dags/example_kubernetes_executor.py
[2025-07-03T17:44:31.336+0000] {logging_mixin.py:188} INFO - [2025-07-03T17:44:31.336+0000] {dag.py:3036} INFO - Sync 1 DAGs
[2025-07-03T17:44:31.398+0000] {logging_mixin.py:188} INFO - [2025-07-03T17:44:31.397+0000] {dag.py:3823} INFO - Setting next_dagrun for example_kubernetes_executor to None, run_after=None
[2025-07-03T17:44:31.445+0000] {processor.py:183} INFO - Processing /home/airflow/.local/lib/python3.8/site-packages/airflow/example_dags/example_kubernetes_executor.py took 0.264 seconds
[2025-07-03T17:45:02.760+0000] {processor.py:161} INFO - Started process (PID=1393) to work on /home/airflow/.local/lib/python3.8/site-packages/airflow/example_dags/example_kubernetes_executor.py
[2025-07-03T17:45:02.769+0000] {processor.py:830} INFO - Processing file /home/airflow/.local/lib/python3.8/site-packages/airflow/example_dags/example_kubernetes_executor.py for tasks to queue
[2025-07-03T17:45:02.771+0000] {logging_mixin.py:188} INFO - [2025-07-03T17:45:02.771+0000] {dagbag.py:538} INFO - Filling up the DagBag from /home/airflow/.local/lib/python3.8/site-packages/airflow/example_dags/example_kubernetes_executor.py
[2025-07-03T17:45:02.833+0000] {processor.py:840} INFO - DAG(s) 'example_kubernetes_executor' retrieved from /home/airflow/.local/lib/python3.8/site-packages/airflow/example_dags/example_kubernetes_executor.py
[2025-07-03T17:45:02.899+0000] {logging_mixin.py:188} INFO - [2025-07-03T17:45:02.899+0000] {dag.py:3036} INFO - Sync 1 DAGs
[2025-07-03T17:45:02.944+0000] {logging_mixin.py:188} INFO - [2025-07-03T17:45:02.944+0000] {dag.py:3823} INFO - Setting next_dagrun for example_kubernetes_executor to None, run_after=None
[2025-07-03T17:45:03.006+0000] {processor.py:183} INFO - Processing /home/airflow/.local/lib/python3.8/site-packages/airflow/example_dags/example_kubernetes_executor.py took 0.255 seconds
[2025-07-03T17:45:33.810+0000] {processor.py:161} INFO - Started process (PID=1458) to work on /home/airflow/.local/lib/python3.8/site-packages/airflow/example_dags/example_kubernetes_executor.py
[2025-07-03T17:45:33.811+0000] {processor.py:830} INFO - Processing file /home/airflow/.local/lib/python3.8/site-packages/airflow/example_dags/example_kubernetes_executor.py for tasks to queue
[2025-07-03T17:45:33.825+0000] {logging_mixin.py:188} INFO - [2025-07-03T17:45:33.825+0000] {dagbag.py:538} INFO - Filling up the DagBag from /home/airflow/.local/lib/python3.8/site-packages/airflow/example_dags/example_kubernetes_executor.py
[2025-07-03T17:45:33.895+0000] {processor.py:840} INFO - DAG(s) 'example_kubernetes_executor' retrieved from /home/airflow/.local/lib/python3.8/site-packages/airflow/example_dags/example_kubernetes_executor.py
[2025-07-03T17:45:34.057+0000] {logging_mixin.py:188} INFO - [2025-07-03T17:45:34.057+0000] {dag.py:3036} INFO - Sync 1 DAGs
[2025-07-03T17:45:34.112+0000] {logging_mixin.py:188} INFO - [2025-07-03T17:45:34.111+0000] {dag.py:3823} INFO - Setting next_dagrun for example_kubernetes_executor to None, run_after=None
[2025-07-03T17:45:34.216+0000] {processor.py:183} INFO - Processing /home/airflow/.local/lib/python3.8/site-packages/airflow/example_dags/example_kubernetes_executor.py took 0.423 seconds
[2025-07-03T17:46:04.949+0000] {processor.py:161} INFO - Started process (PID=1522) to work on /home/airflow/.local/lib/python3.8/site-packages/airflow/example_dags/example_kubernetes_executor.py
[2025-07-03T17:46:04.953+0000] {processor.py:830} INFO - Processing file /home/airflow/.local/lib/python3.8/site-packages/airflow/example_dags/example_kubernetes_executor.py for tasks to queue
[2025-07-03T17:46:04.955+0000] {logging_mixin.py:188} INFO - [2025-07-03T17:46:04.955+0000] {dagbag.py:538} INFO - Filling up the DagBag from /home/airflow/.local/lib/python3.8/site-packages/airflow/example_dags/example_kubernetes_executor.py
[2025-07-03T17:46:05.017+0000] {processor.py:840} INFO - DAG(s) 'example_kubernetes_executor' retrieved from /home/airflow/.local/lib/python3.8/site-packages/airflow/example_dags/example_kubernetes_executor.py
[2025-07-03T17:46:05.174+0000] {logging_mixin.py:188} INFO - [2025-07-03T17:46:05.173+0000] {dag.py:3036} INFO - Sync 1 DAGs
[2025-07-03T17:46:05.225+0000] {logging_mixin.py:188} INFO - [2025-07-03T17:46:05.225+0000] {dag.py:3823} INFO - Setting next_dagrun for example_kubernetes_executor to None, run_after=None
[2025-07-03T17:46:05.320+0000] {processor.py:183} INFO - Processing /home/airflow/.local/lib/python3.8/site-packages/airflow/example_dags/example_kubernetes_executor.py took 0.384 seconds
[2025-07-03T17:46:36.314+0000] {processor.py:161} INFO - Started process (PID=1586) to work on /home/airflow/.local/lib/python3.8/site-packages/airflow/example_dags/example_kubernetes_executor.py
[2025-07-03T17:46:36.321+0000] {processor.py:830} INFO - Processing file /home/airflow/.local/lib/python3.8/site-packages/airflow/example_dags/example_kubernetes_executor.py for tasks to queue
[2025-07-03T17:46:36.330+0000] {logging_mixin.py:188} INFO - [2025-07-03T17:46:36.329+0000] {dagbag.py:538} INFO - Filling up the DagBag from /home/airflow/.local/lib/python3.8/site-packages/airflow/example_dags/example_kubernetes_executor.py
[2025-07-03T17:46:36.445+0000] {processor.py:840} INFO - DAG(s) 'example_kubernetes_executor' retrieved from /home/airflow/.local/lib/python3.8/site-packages/airflow/example_dags/example_kubernetes_executor.py
[2025-07-03T17:46:36.603+0000] {logging_mixin.py:188} INFO - [2025-07-03T17:46:36.603+0000] {dag.py:3036} INFO - Sync 1 DAGs
[2025-07-03T17:46:36.635+0000] {logging_mixin.py:188} INFO - [2025-07-03T17:46:36.634+0000] {dag.py:3823} INFO - Setting next_dagrun for example_kubernetes_executor to None, run_after=None
[2025-07-03T17:46:36.678+0000] {processor.py:183} INFO - Processing /home/airflow/.local/lib/python3.8/site-packages/airflow/example_dags/example_kubernetes_executor.py took 0.385 seconds
[2025-07-03T17:47:07.055+0000] {processor.py:161} INFO - Started process (PID=1652) to work on /home/airflow/.local/lib/python3.8/site-packages/airflow/example_dags/example_kubernetes_executor.py
[2025-07-03T17:47:07.061+0000] {processor.py:830} INFO - Processing file /home/airflow/.local/lib/python3.8/site-packages/airflow/example_dags/example_kubernetes_executor.py for tasks to queue
[2025-07-03T17:47:07.064+0000] {logging_mixin.py:188} INFO - [2025-07-03T17:47:07.064+0000] {dagbag.py:538} INFO - Filling up the DagBag from /home/airflow/.local/lib/python3.8/site-packages/airflow/example_dags/example_kubernetes_executor.py
[2025-07-03T17:47:07.105+0000] {processor.py:840} INFO - DAG(s) 'example_kubernetes_executor' retrieved from /home/airflow/.local/lib/python3.8/site-packages/airflow/example_dags/example_kubernetes_executor.py
[2025-07-03T17:47:07.214+0000] {logging_mixin.py:188} INFO - [2025-07-03T17:47:07.213+0000] {dag.py:3036} INFO - Sync 1 DAGs
[2025-07-03T17:47:07.256+0000] {logging_mixin.py:188} INFO - [2025-07-03T17:47:07.256+0000] {dag.py:3823} INFO - Setting next_dagrun for example_kubernetes_executor to None, run_after=None
[2025-07-03T17:47:07.305+0000] {processor.py:183} INFO - Processing /home/airflow/.local/lib/python3.8/site-packages/airflow/example_dags/example_kubernetes_executor.py took 0.255 seconds
[2025-07-03T17:47:37.654+0000] {processor.py:161} INFO - Started process (PID=1717) to work on /home/airflow/.local/lib/python3.8/site-packages/airflow/example_dags/example_kubernetes_executor.py
[2025-07-03T17:47:37.655+0000] {processor.py:830} INFO - Processing file /home/airflow/.local/lib/python3.8/site-packages/airflow/example_dags/example_kubernetes_executor.py for tasks to queue
[2025-07-03T17:47:37.658+0000] {logging_mixin.py:188} INFO - [2025-07-03T17:47:37.658+0000] {dagbag.py:538} INFO - Filling up the DagBag from /home/airflow/.local/lib/python3.8/site-packages/airflow/example_dags/example_kubernetes_executor.py
[2025-07-03T17:47:37.684+0000] {processor.py:840} INFO - DAG(s) 'example_kubernetes_executor' retrieved from /home/airflow/.local/lib/python3.8/site-packages/airflow/example_dags/example_kubernetes_executor.py
[2025-07-03T17:47:37.760+0000] {logging_mixin.py:188} INFO - [2025-07-03T17:47:37.760+0000] {dag.py:3036} INFO - Sync 1 DAGs
[2025-07-03T17:47:37.797+0000] {logging_mixin.py:188} INFO - [2025-07-03T17:47:37.796+0000] {dag.py:3823} INFO - Setting next_dagrun for example_kubernetes_executor to None, run_after=None
[2025-07-03T17:47:37.831+0000] {processor.py:183} INFO - Processing /home/airflow/.local/lib/python3.8/site-packages/airflow/example_dags/example_kubernetes_executor.py took 0.186 seconds
[2025-07-03T17:48:07.989+0000] {processor.py:161} INFO - Started process (PID=1782) to work on /home/airflow/.local/lib/python3.8/site-packages/airflow/example_dags/example_kubernetes_executor.py
[2025-07-03T17:48:07.997+0000] {processor.py:830} INFO - Processing file /home/airflow/.local/lib/python3.8/site-packages/airflow/example_dags/example_kubernetes_executor.py for tasks to queue
[2025-07-03T17:48:07.999+0000] {logging_mixin.py:188} INFO - [2025-07-03T17:48:07.999+0000] {dagbag.py:538} INFO - Filling up the DagBag from /home/airflow/.local/lib/python3.8/site-packages/airflow/example_dags/example_kubernetes_executor.py
[2025-07-03T17:48:08.062+0000] {processor.py:840} INFO - DAG(s) 'example_kubernetes_executor' retrieved from /home/airflow/.local/lib/python3.8/site-packages/airflow/example_dags/example_kubernetes_executor.py
[2025-07-03T17:48:08.175+0000] {logging_mixin.py:188} INFO - [2025-07-03T17:48:08.175+0000] {dag.py:3036} INFO - Sync 1 DAGs
[2025-07-03T17:48:08.205+0000] {logging_mixin.py:188} INFO - [2025-07-03T17:48:08.204+0000] {dag.py:3823} INFO - Setting next_dagrun for example_kubernetes_executor to None, run_after=None
[2025-07-03T17:48:08.257+0000] {processor.py:183} INFO - Processing /home/airflow/.local/lib/python3.8/site-packages/airflow/example_dags/example_kubernetes_executor.py took 0.272 seconds
[2025-07-03T17:48:38.393+0000] {processor.py:161} INFO - Started process (PID=1847) to work on /home/airflow/.local/lib/python3.8/site-packages/airflow/example_dags/example_kubernetes_executor.py
[2025-07-03T17:48:38.395+0000] {processor.py:830} INFO - Processing file /home/airflow/.local/lib/python3.8/site-packages/airflow/example_dags/example_kubernetes_executor.py for tasks to queue
[2025-07-03T17:48:38.398+0000] {logging_mixin.py:188} INFO - [2025-07-03T17:48:38.397+0000] {dagbag.py:538} INFO - Filling up the DagBag from /home/airflow/.local/lib/python3.8/site-packages/airflow/example_dags/example_kubernetes_executor.py
[2025-07-03T17:48:38.425+0000] {processor.py:840} INFO - DAG(s) 'example_kubernetes_executor' retrieved from /home/airflow/.local/lib/python3.8/site-packages/airflow/example_dags/example_kubernetes_executor.py
[2025-07-03T17:48:38.556+0000] {logging_mixin.py:188} INFO - [2025-07-03T17:48:38.555+0000] {dag.py:3036} INFO - Sync 1 DAGs
[2025-07-03T17:48:38.615+0000] {logging_mixin.py:188} INFO - [2025-07-03T17:48:38.614+0000] {dag.py:3823} INFO - Setting next_dagrun for example_kubernetes_executor to None, run_after=None
[2025-07-03T17:48:38.679+0000] {processor.py:183} INFO - Processing /home/airflow/.local/lib/python3.8/site-packages/airflow/example_dags/example_kubernetes_executor.py took 0.290 seconds
[2025-07-03T17:49:09.736+0000] {processor.py:161} INFO - Started process (PID=1913) to work on /home/airflow/.local/lib/python3.8/site-packages/airflow/example_dags/example_kubernetes_executor.py
[2025-07-03T17:49:09.740+0000] {processor.py:830} INFO - Processing file /home/airflow/.local/lib/python3.8/site-packages/airflow/example_dags/example_kubernetes_executor.py for tasks to queue
[2025-07-03T17:49:09.743+0000] {logging_mixin.py:188} INFO - [2025-07-03T17:49:09.742+0000] {dagbag.py:538} INFO - Filling up the DagBag from /home/airflow/.local/lib/python3.8/site-packages/airflow/example_dags/example_kubernetes_executor.py
[2025-07-03T17:49:09.769+0000] {processor.py:840} INFO - DAG(s) 'example_kubernetes_executor' retrieved from /home/airflow/.local/lib/python3.8/site-packages/airflow/example_dags/example_kubernetes_executor.py
[2025-07-03T17:49:09.833+0000] {logging_mixin.py:188} INFO - [2025-07-03T17:49:09.833+0000] {dag.py:3036} INFO - Sync 1 DAGs
[2025-07-03T17:49:09.856+0000] {logging_mixin.py:188} INFO - [2025-07-03T17:49:09.855+0000] {dag.py:3823} INFO - Setting next_dagrun for example_kubernetes_executor to None, run_after=None
[2025-07-03T17:49:09.886+0000] {processor.py:183} INFO - Processing /home/airflow/.local/lib/python3.8/site-packages/airflow/example_dags/example_kubernetes_executor.py took 0.154 seconds
[2025-07-03T17:49:40.514+0000] {processor.py:161} INFO - Started process (PID=1978) to work on /home/airflow/.local/lib/python3.8/site-packages/airflow/example_dags/example_kubernetes_executor.py
[2025-07-03T17:49:40.515+0000] {processor.py:830} INFO - Processing file /home/airflow/.local/lib/python3.8/site-packages/airflow/example_dags/example_kubernetes_executor.py for tasks to queue
[2025-07-03T17:49:40.518+0000] {logging_mixin.py:188} INFO - [2025-07-03T17:49:40.517+0000] {dagbag.py:538} INFO - Filling up the DagBag from /home/airflow/.local/lib/python3.8/site-packages/airflow/example_dags/example_kubernetes_executor.py
[2025-07-03T17:49:40.551+0000] {processor.py:840} INFO - DAG(s) 'example_kubernetes_executor' retrieved from /home/airflow/.local/lib/python3.8/site-packages/airflow/example_dags/example_kubernetes_executor.py
[2025-07-03T17:49:40.666+0000] {logging_mixin.py:188} INFO - [2025-07-03T17:49:40.665+0000] {dag.py:3036} INFO - Sync 1 DAGs
[2025-07-03T17:49:40.717+0000] {logging_mixin.py:188} INFO - [2025-07-03T17:49:40.717+0000] {dag.py:3823} INFO - Setting next_dagrun for example_kubernetes_executor to None, run_after=None
[2025-07-03T17:49:40.779+0000] {processor.py:183} INFO - Processing /home/airflow/.local/lib/python3.8/site-packages/airflow/example_dags/example_kubernetes_executor.py took 0.272 seconds
[2025-07-03T17:50:10.877+0000] {processor.py:161} INFO - Started process (PID=2044) to work on /home/airflow/.local/lib/python3.8/site-packages/airflow/example_dags/example_kubernetes_executor.py
[2025-07-03T17:50:10.885+0000] {processor.py:830} INFO - Processing file /home/airflow/.local/lib/python3.8/site-packages/airflow/example_dags/example_kubernetes_executor.py for tasks to queue
[2025-07-03T17:50:10.888+0000] {logging_mixin.py:188} INFO - [2025-07-03T17:50:10.887+0000] {dagbag.py:538} INFO - Filling up the DagBag from /home/airflow/.local/lib/python3.8/site-packages/airflow/example_dags/example_kubernetes_executor.py
[2025-07-03T17:50:10.936+0000] {processor.py:840} INFO - DAG(s) 'example_kubernetes_executor' retrieved from /home/airflow/.local/lib/python3.8/site-packages/airflow/example_dags/example_kubernetes_executor.py
[2025-07-03T17:50:11.078+0000] {logging_mixin.py:188} INFO - [2025-07-03T17:50:11.077+0000] {dag.py:3036} INFO - Sync 1 DAGs
[2025-07-03T17:50:11.129+0000] {logging_mixin.py:188} INFO - [2025-07-03T17:50:11.128+0000] {dag.py:3823} INFO - Setting next_dagrun for example_kubernetes_executor to None, run_after=None
[2025-07-03T17:50:11.199+0000] {processor.py:183} INFO - Processing /home/airflow/.local/lib/python3.8/site-packages/airflow/example_dags/example_kubernetes_executor.py took 0.334 seconds
[2025-07-03T17:50:41.852+0000] {processor.py:161} INFO - Started process (PID=2110) to work on /home/airflow/.local/lib/python3.8/site-packages/airflow/example_dags/example_kubernetes_executor.py
[2025-07-03T17:50:41.856+0000] {processor.py:830} INFO - Processing file /home/airflow/.local/lib/python3.8/site-packages/airflow/example_dags/example_kubernetes_executor.py for tasks to queue
[2025-07-03T17:50:41.861+0000] {logging_mixin.py:188} INFO - [2025-07-03T17:50:41.861+0000] {dagbag.py:538} INFO - Filling up the DagBag from /home/airflow/.local/lib/python3.8/site-packages/airflow/example_dags/example_kubernetes_executor.py
[2025-07-03T17:50:41.937+0000] {processor.py:840} INFO - DAG(s) 'example_kubernetes_executor' retrieved from /home/airflow/.local/lib/python3.8/site-packages/airflow/example_dags/example_kubernetes_executor.py
[2025-07-03T17:50:42.080+0000] {logging_mixin.py:188} INFO - [2025-07-03T17:50:42.080+0000] {dag.py:3036} INFO - Sync 1 DAGs
[2025-07-03T17:50:42.122+0000] {logging_mixin.py:188} INFO - [2025-07-03T17:50:42.122+0000] {dag.py:3823} INFO - Setting next_dagrun for example_kubernetes_executor to None, run_after=None
[2025-07-03T17:50:42.198+0000] {processor.py:183} INFO - Processing /home/airflow/.local/lib/python3.8/site-packages/airflow/example_dags/example_kubernetes_executor.py took 0.361 seconds
[2025-07-03T17:51:12.418+0000] {processor.py:161} INFO - Started process (PID=2174) to work on /home/airflow/.local/lib/python3.8/site-packages/airflow/example_dags/example_kubernetes_executor.py
[2025-07-03T17:51:12.423+0000] {processor.py:830} INFO - Processing file /home/airflow/.local/lib/python3.8/site-packages/airflow/example_dags/example_kubernetes_executor.py for tasks to queue
[2025-07-03T17:51:12.426+0000] {logging_mixin.py:188} INFO - [2025-07-03T17:51:12.426+0000] {dagbag.py:538} INFO - Filling up the DagBag from /home/airflow/.local/lib/python3.8/site-packages/airflow/example_dags/example_kubernetes_executor.py
[2025-07-03T17:51:12.455+0000] {processor.py:840} INFO - DAG(s) 'example_kubernetes_executor' retrieved from /home/airflow/.local/lib/python3.8/site-packages/airflow/example_dags/example_kubernetes_executor.py
[2025-07-03T17:51:12.526+0000] {logging_mixin.py:188} INFO - [2025-07-03T17:51:12.526+0000] {dag.py:3036} INFO - Sync 1 DAGs
[2025-07-03T17:51:12.550+0000] {logging_mixin.py:188} INFO - [2025-07-03T17:51:12.549+0000] {dag.py:3823} INFO - Setting next_dagrun for example_kubernetes_executor to None, run_after=None
[2025-07-03T17:51:12.584+0000] {processor.py:183} INFO - Processing /home/airflow/.local/lib/python3.8/site-packages/airflow/example_dags/example_kubernetes_executor.py took 0.174 seconds
[2025-07-03T17:51:43.431+0000] {processor.py:161} INFO - Started process (PID=2239) to work on /home/airflow/.local/lib/python3.8/site-packages/airflow/example_dags/example_kubernetes_executor.py
[2025-07-03T17:51:43.432+0000] {processor.py:830} INFO - Processing file /home/airflow/.local/lib/python3.8/site-packages/airflow/example_dags/example_kubernetes_executor.py for tasks to queue
[2025-07-03T17:51:43.435+0000] {logging_mixin.py:188} INFO - [2025-07-03T17:51:43.434+0000] {dagbag.py:538} INFO - Filling up the DagBag from /home/airflow/.local/lib/python3.8/site-packages/airflow/example_dags/example_kubernetes_executor.py
[2025-07-03T17:51:43.463+0000] {processor.py:840} INFO - DAG(s) 'example_kubernetes_executor' retrieved from /home/airflow/.local/lib/python3.8/site-packages/airflow/example_dags/example_kubernetes_executor.py
[2025-07-03T17:51:43.531+0000] {logging_mixin.py:188} INFO - [2025-07-03T17:51:43.531+0000] {dag.py:3036} INFO - Sync 1 DAGs
[2025-07-03T17:51:43.554+0000] {logging_mixin.py:188} INFO - [2025-07-03T17:51:43.554+0000] {dag.py:3823} INFO - Setting next_dagrun for example_kubernetes_executor to None, run_after=None
[2025-07-03T17:51:43.595+0000] {processor.py:183} INFO - Processing /home/airflow/.local/lib/python3.8/site-packages/airflow/example_dags/example_kubernetes_executor.py took 0.170 seconds
[2025-07-03T17:52:14.205+0000] {processor.py:161} INFO - Started process (PID=2304) to work on /home/airflow/.local/lib/python3.8/site-packages/airflow/example_dags/example_kubernetes_executor.py
[2025-07-03T17:52:14.208+0000] {processor.py:830} INFO - Processing file /home/airflow/.local/lib/python3.8/site-packages/airflow/example_dags/example_kubernetes_executor.py for tasks to queue
[2025-07-03T17:52:14.213+0000] {logging_mixin.py:188} INFO - [2025-07-03T17:52:14.212+0000] {dagbag.py:538} INFO - Filling up the DagBag from /home/airflow/.local/lib/python3.8/site-packages/airflow/example_dags/example_kubernetes_executor.py
[2025-07-03T17:52:14.291+0000] {processor.py:840} INFO - DAG(s) 'example_kubernetes_executor' retrieved from /home/airflow/.local/lib/python3.8/site-packages/airflow/example_dags/example_kubernetes_executor.py
[2025-07-03T17:52:14.456+0000] {logging_mixin.py:188} INFO - [2025-07-03T17:52:14.456+0000] {dag.py:3036} INFO - Sync 1 DAGs
[2025-07-03T17:52:14.496+0000] {logging_mixin.py:188} INFO - [2025-07-03T17:52:14.495+0000] {dag.py:3823} INFO - Setting next_dagrun for example_kubernetes_executor to None, run_after=None
[2025-07-03T17:52:14.530+0000] {processor.py:183} INFO - Processing /home/airflow/.local/lib/python3.8/site-packages/airflow/example_dags/example_kubernetes_executor.py took 0.332 seconds
[2025-07-03T17:52:44.937+0000] {processor.py:161} INFO - Started process (PID=2370) to work on /home/airflow/.local/lib/python3.8/site-packages/airflow/example_dags/example_kubernetes_executor.py
[2025-07-03T17:52:44.939+0000] {processor.py:830} INFO - Processing file /home/airflow/.local/lib/python3.8/site-packages/airflow/example_dags/example_kubernetes_executor.py for tasks to queue
[2025-07-03T17:52:44.942+0000] {logging_mixin.py:188} INFO - [2025-07-03T17:52:44.941+0000] {dagbag.py:538} INFO - Filling up the DagBag from /home/airflow/.local/lib/python3.8/site-packages/airflow/example_dags/example_kubernetes_executor.py
[2025-07-03T17:52:44.970+0000] {processor.py:840} INFO - DAG(s) 'example_kubernetes_executor' retrieved from /home/airflow/.local/lib/python3.8/site-packages/airflow/example_dags/example_kubernetes_executor.py
[2025-07-03T17:52:45.036+0000] {logging_mixin.py:188} INFO - [2025-07-03T17:52:45.036+0000] {dag.py:3036} INFO - Sync 1 DAGs
[2025-07-03T17:52:45.059+0000] {logging_mixin.py:188} INFO - [2025-07-03T17:52:45.058+0000] {dag.py:3823} INFO - Setting next_dagrun for example_kubernetes_executor to None, run_after=None
[2025-07-03T17:52:45.093+0000] {processor.py:183} INFO - Processing /home/airflow/.local/lib/python3.8/site-packages/airflow/example_dags/example_kubernetes_executor.py took 0.163 seconds
[2025-07-03T17:53:15.321+0000] {processor.py:161} INFO - Started process (PID=2436) to work on /home/airflow/.local/lib/python3.8/site-packages/airflow/example_dags/example_kubernetes_executor.py
[2025-07-03T17:53:15.323+0000] {processor.py:830} INFO - Processing file /home/airflow/.local/lib/python3.8/site-packages/airflow/example_dags/example_kubernetes_executor.py for tasks to queue
[2025-07-03T17:53:15.326+0000] {logging_mixin.py:188} INFO - [2025-07-03T17:53:15.325+0000] {dagbag.py:538} INFO - Filling up the DagBag from /home/airflow/.local/lib/python3.8/site-packages/airflow/example_dags/example_kubernetes_executor.py
[2025-07-03T17:53:15.355+0000] {processor.py:840} INFO - DAG(s) 'example_kubernetes_executor' retrieved from /home/airflow/.local/lib/python3.8/site-packages/airflow/example_dags/example_kubernetes_executor.py
[2025-07-03T17:53:15.423+0000] {logging_mixin.py:188} INFO - [2025-07-03T17:53:15.423+0000] {dag.py:3036} INFO - Sync 1 DAGs
[2025-07-03T17:53:15.448+0000] {logging_mixin.py:188} INFO - [2025-07-03T17:53:15.448+0000] {dag.py:3823} INFO - Setting next_dagrun for example_kubernetes_executor to None, run_after=None
[2025-07-03T17:53:15.482+0000] {processor.py:183} INFO - Processing /home/airflow/.local/lib/python3.8/site-packages/airflow/example_dags/example_kubernetes_executor.py took 0.168 seconds
[2025-07-03T17:53:45.817+0000] {processor.py:161} INFO - Started process (PID=2503) to work on /home/airflow/.local/lib/python3.8/site-packages/airflow/example_dags/example_kubernetes_executor.py
[2025-07-03T17:53:45.818+0000] {processor.py:830} INFO - Processing file /home/airflow/.local/lib/python3.8/site-packages/airflow/example_dags/example_kubernetes_executor.py for tasks to queue
[2025-07-03T17:53:45.821+0000] {logging_mixin.py:188} INFO - [2025-07-03T17:53:45.820+0000] {dagbag.py:538} INFO - Filling up the DagBag from /home/airflow/.local/lib/python3.8/site-packages/airflow/example_dags/example_kubernetes_executor.py
[2025-07-03T17:53:45.847+0000] {processor.py:840} INFO - DAG(s) 'example_kubernetes_executor' retrieved from /home/airflow/.local/lib/python3.8/site-packages/airflow/example_dags/example_kubernetes_executor.py
[2025-07-03T17:53:45.914+0000] {logging_mixin.py:188} INFO - [2025-07-03T17:53:45.914+0000] {dag.py:3036} INFO - Sync 1 DAGs
[2025-07-03T17:53:45.937+0000] {logging_mixin.py:188} INFO - [2025-07-03T17:53:45.937+0000] {dag.py:3823} INFO - Setting next_dagrun for example_kubernetes_executor to None, run_after=None
[2025-07-03T17:53:45.971+0000] {processor.py:183} INFO - Processing /home/airflow/.local/lib/python3.8/site-packages/airflow/example_dags/example_kubernetes_executor.py took 0.161 seconds
[2025-07-03T17:54:16.430+0000] {processor.py:161} INFO - Started process (PID=2567) to work on /home/airflow/.local/lib/python3.8/site-packages/airflow/example_dags/example_kubernetes_executor.py
[2025-07-03T17:54:16.434+0000] {processor.py:830} INFO - Processing file /home/airflow/.local/lib/python3.8/site-packages/airflow/example_dags/example_kubernetes_executor.py for tasks to queue
[2025-07-03T17:54:16.437+0000] {logging_mixin.py:188} INFO - [2025-07-03T17:54:16.436+0000] {dagbag.py:538} INFO - Filling up the DagBag from /home/airflow/.local/lib/python3.8/site-packages/airflow/example_dags/example_kubernetes_executor.py
[2025-07-03T17:54:16.465+0000] {processor.py:840} INFO - DAG(s) 'example_kubernetes_executor' retrieved from /home/airflow/.local/lib/python3.8/site-packages/airflow/example_dags/example_kubernetes_executor.py
[2025-07-03T17:54:16.533+0000] {logging_mixin.py:188} INFO - [2025-07-03T17:54:16.533+0000] {dag.py:3036} INFO - Sync 1 DAGs
[2025-07-03T17:54:16.561+0000] {logging_mixin.py:188} INFO - [2025-07-03T17:54:16.561+0000] {dag.py:3823} INFO - Setting next_dagrun for example_kubernetes_executor to None, run_after=None
[2025-07-03T17:54:16.597+0000] {processor.py:183} INFO - Processing /home/airflow/.local/lib/python3.8/site-packages/airflow/example_dags/example_kubernetes_executor.py took 0.176 seconds
[2025-07-03T17:54:47.030+0000] {processor.py:161} INFO - Started process (PID=2631) to work on /home/airflow/.local/lib/python3.8/site-packages/airflow/example_dags/example_kubernetes_executor.py
[2025-07-03T17:54:47.031+0000] {processor.py:830} INFO - Processing file /home/airflow/.local/lib/python3.8/site-packages/airflow/example_dags/example_kubernetes_executor.py for tasks to queue
[2025-07-03T17:54:47.034+0000] {logging_mixin.py:188} INFO - [2025-07-03T17:54:47.034+0000] {dagbag.py:538} INFO - Filling up the DagBag from /home/airflow/.local/lib/python3.8/site-packages/airflow/example_dags/example_kubernetes_executor.py
[2025-07-03T17:54:47.060+0000] {processor.py:840} INFO - DAG(s) 'example_kubernetes_executor' retrieved from /home/airflow/.local/lib/python3.8/site-packages/airflow/example_dags/example_kubernetes_executor.py
[2025-07-03T17:54:47.125+0000] {logging_mixin.py:188} INFO - [2025-07-03T17:54:47.124+0000] {dag.py:3036} INFO - Sync 1 DAGs
[2025-07-03T17:54:47.146+0000] {logging_mixin.py:188} INFO - [2025-07-03T17:54:47.146+0000] {dag.py:3823} INFO - Setting next_dagrun for example_kubernetes_executor to None, run_after=None
[2025-07-03T17:54:47.177+0000] {processor.py:183} INFO - Processing /home/airflow/.local/lib/python3.8/site-packages/airflow/example_dags/example_kubernetes_executor.py took 0.152 seconds
[2025-07-03T17:55:17.631+0000] {processor.py:161} INFO - Started process (PID=2696) to work on /home/airflow/.local/lib/python3.8/site-packages/airflow/example_dags/example_kubernetes_executor.py
[2025-07-03T17:55:17.637+0000] {processor.py:830} INFO - Processing file /home/airflow/.local/lib/python3.8/site-packages/airflow/example_dags/example_kubernetes_executor.py for tasks to queue
[2025-07-03T17:55:17.639+0000] {logging_mixin.py:188} INFO - [2025-07-03T17:55:17.639+0000] {dagbag.py:538} INFO - Filling up the DagBag from /home/airflow/.local/lib/python3.8/site-packages/airflow/example_dags/example_kubernetes_executor.py
[2025-07-03T17:55:17.732+0000] {processor.py:840} INFO - DAG(s) 'example_kubernetes_executor' retrieved from /home/airflow/.local/lib/python3.8/site-packages/airflow/example_dags/example_kubernetes_executor.py
[2025-07-03T17:55:17.837+0000] {logging_mixin.py:188} INFO - [2025-07-03T17:55:17.836+0000] {dag.py:3036} INFO - Sync 1 DAGs
[2025-07-03T17:55:17.860+0000] {logging_mixin.py:188} INFO - [2025-07-03T17:55:17.859+0000] {dag.py:3823} INFO - Setting next_dagrun for example_kubernetes_executor to None, run_after=None
[2025-07-03T17:55:17.918+0000] {processor.py:183} INFO - Processing /home/airflow/.local/lib/python3.8/site-packages/airflow/example_dags/example_kubernetes_executor.py took 0.299 seconds
[2025-07-03T17:55:48.013+0000] {processor.py:161} INFO - Started process (PID=2761) to work on /home/airflow/.local/lib/python3.8/site-packages/airflow/example_dags/example_kubernetes_executor.py
[2025-07-03T17:55:48.014+0000] {processor.py:830} INFO - Processing file /home/airflow/.local/lib/python3.8/site-packages/airflow/example_dags/example_kubernetes_executor.py for tasks to queue
[2025-07-03T17:55:48.026+0000] {logging_mixin.py:188} INFO - [2025-07-03T17:55:48.025+0000] {dagbag.py:538} INFO - Filling up the DagBag from /home/airflow/.local/lib/python3.8/site-packages/airflow/example_dags/example_kubernetes_executor.py
[2025-07-03T17:55:48.115+0000] {processor.py:840} INFO - DAG(s) 'example_kubernetes_executor' retrieved from /home/airflow/.local/lib/python3.8/site-packages/airflow/example_dags/example_kubernetes_executor.py
[2025-07-03T17:55:48.281+0000] {logging_mixin.py:188} INFO - [2025-07-03T17:55:48.281+0000] {dag.py:3036} INFO - Sync 1 DAGs
[2025-07-03T17:55:48.313+0000] {logging_mixin.py:188} INFO - [2025-07-03T17:55:48.313+0000] {dag.py:3823} INFO - Setting next_dagrun for example_kubernetes_executor to None, run_after=None
[2025-07-03T17:55:48.362+0000] {processor.py:183} INFO - Processing /home/airflow/.local/lib/python3.8/site-packages/airflow/example_dags/example_kubernetes_executor.py took 0.379 seconds
[2025-07-03T17:56:18.675+0000] {processor.py:161} INFO - Started process (PID=2827) to work on /home/airflow/.local/lib/python3.8/site-packages/airflow/example_dags/example_kubernetes_executor.py
[2025-07-03T17:56:18.683+0000] {processor.py:830} INFO - Processing file /home/airflow/.local/lib/python3.8/site-packages/airflow/example_dags/example_kubernetes_executor.py for tasks to queue
[2025-07-03T17:56:18.690+0000] {logging_mixin.py:188} INFO - [2025-07-03T17:56:18.689+0000] {dagbag.py:538} INFO - Filling up the DagBag from /home/airflow/.local/lib/python3.8/site-packages/airflow/example_dags/example_kubernetes_executor.py
[2025-07-03T17:56:18.747+0000] {processor.py:840} INFO - DAG(s) 'example_kubernetes_executor' retrieved from /home/airflow/.local/lib/python3.8/site-packages/airflow/example_dags/example_kubernetes_executor.py
[2025-07-03T17:56:18.900+0000] {logging_mixin.py:188} INFO - [2025-07-03T17:56:18.899+0000] {dag.py:3036} INFO - Sync 1 DAGs
[2025-07-03T17:56:18.933+0000] {logging_mixin.py:188} INFO - [2025-07-03T17:56:18.932+0000] {dag.py:3823} INFO - Setting next_dagrun for example_kubernetes_executor to None, run_after=None
[2025-07-03T17:56:18.998+0000] {processor.py:183} INFO - Processing /home/airflow/.local/lib/python3.8/site-packages/airflow/example_dags/example_kubernetes_executor.py took 0.332 seconds
[2025-07-03T17:56:49.819+0000] {processor.py:161} INFO - Started process (PID=2892) to work on /home/airflow/.local/lib/python3.8/site-packages/airflow/example_dags/example_kubernetes_executor.py
[2025-07-03T17:56:49.840+0000] {processor.py:830} INFO - Processing file /home/airflow/.local/lib/python3.8/site-packages/airflow/example_dags/example_kubernetes_executor.py for tasks to queue
[2025-07-03T17:56:49.858+0000] {logging_mixin.py:188} INFO - [2025-07-03T17:56:49.857+0000] {dagbag.py:538} INFO - Filling up the DagBag from /home/airflow/.local/lib/python3.8/site-packages/airflow/example_dags/example_kubernetes_executor.py
[2025-07-03T17:56:49.947+0000] {processor.py:840} INFO - DAG(s) 'example_kubernetes_executor' retrieved from /home/airflow/.local/lib/python3.8/site-packages/airflow/example_dags/example_kubernetes_executor.py
[2025-07-03T17:56:50.184+0000] {logging_mixin.py:188} INFO - [2025-07-03T17:56:50.183+0000] {dag.py:3036} INFO - Sync 1 DAGs
[2025-07-03T17:56:50.252+0000] {logging_mixin.py:188} INFO - [2025-07-03T17:56:50.252+0000] {dag.py:3823} INFO - Setting next_dagrun for example_kubernetes_executor to None, run_after=None
[2025-07-03T17:56:50.493+0000] {processor.py:183} INFO - Processing /home/airflow/.local/lib/python3.8/site-packages/airflow/example_dags/example_kubernetes_executor.py took 0.704 seconds
[2025-07-03T17:57:21.445+0000] {processor.py:161} INFO - Started process (PID=2955) to work on /home/airflow/.local/lib/python3.8/site-packages/airflow/example_dags/example_kubernetes_executor.py
[2025-07-03T17:57:21.449+0000] {processor.py:830} INFO - Processing file /home/airflow/.local/lib/python3.8/site-packages/airflow/example_dags/example_kubernetes_executor.py for tasks to queue
[2025-07-03T17:57:21.455+0000] {logging_mixin.py:188} INFO - [2025-07-03T17:57:21.455+0000] {dagbag.py:538} INFO - Filling up the DagBag from /home/airflow/.local/lib/python3.8/site-packages/airflow/example_dags/example_kubernetes_executor.py
[2025-07-03T17:57:21.547+0000] {processor.py:840} INFO - DAG(s) 'example_kubernetes_executor' retrieved from /home/airflow/.local/lib/python3.8/site-packages/airflow/example_dags/example_kubernetes_executor.py
[2025-07-03T17:57:21.682+0000] {logging_mixin.py:188} INFO - [2025-07-03T17:57:21.681+0000] {dag.py:3036} INFO - Sync 1 DAGs
[2025-07-03T17:57:21.749+0000] {logging_mixin.py:188} INFO - [2025-07-03T17:57:21.746+0000] {dag.py:3823} INFO - Setting next_dagrun for example_kubernetes_executor to None, run_after=None
[2025-07-03T17:57:21.876+0000] {processor.py:183} INFO - Processing /home/airflow/.local/lib/python3.8/site-packages/airflow/example_dags/example_kubernetes_executor.py took 0.461 seconds
[2025-07-03T17:57:52.078+0000] {processor.py:161} INFO - Started process (PID=3010) to work on /home/airflow/.local/lib/python3.8/site-packages/airflow/example_dags/example_kubernetes_executor.py
[2025-07-03T17:57:52.085+0000] {processor.py:830} INFO - Processing file /home/airflow/.local/lib/python3.8/site-packages/airflow/example_dags/example_kubernetes_executor.py for tasks to queue
[2025-07-03T17:57:52.089+0000] {logging_mixin.py:188} INFO - [2025-07-03T17:57:52.088+0000] {dagbag.py:538} INFO - Filling up the DagBag from /home/airflow/.local/lib/python3.8/site-packages/airflow/example_dags/example_kubernetes_executor.py
[2025-07-03T17:57:52.177+0000] {processor.py:840} INFO - DAG(s) 'example_kubernetes_executor' retrieved from /home/airflow/.local/lib/python3.8/site-packages/airflow/example_dags/example_kubernetes_executor.py
[2025-07-03T17:57:52.246+0000] {logging_mixin.py:188} INFO - [2025-07-03T17:57:52.245+0000] {dag.py:3036} INFO - Sync 1 DAGs
[2025-07-03T17:57:52.270+0000] {logging_mixin.py:188} INFO - [2025-07-03T17:57:52.270+0000] {dag.py:3823} INFO - Setting next_dagrun for example_kubernetes_executor to None, run_after=None
[2025-07-03T17:57:52.329+0000] {processor.py:183} INFO - Processing /home/airflow/.local/lib/python3.8/site-packages/airflow/example_dags/example_kubernetes_executor.py took 0.264 seconds
[2025-07-03T17:58:22.776+0000] {processor.py:161} INFO - Started process (PID=3076) to work on /home/airflow/.local/lib/python3.8/site-packages/airflow/example_dags/example_kubernetes_executor.py
[2025-07-03T17:58:22.788+0000] {processor.py:830} INFO - Processing file /home/airflow/.local/lib/python3.8/site-packages/airflow/example_dags/example_kubernetes_executor.py for tasks to queue
[2025-07-03T17:58:22.791+0000] {logging_mixin.py:188} INFO - [2025-07-03T17:58:22.791+0000] {dagbag.py:538} INFO - Filling up the DagBag from /home/airflow/.local/lib/python3.8/site-packages/airflow/example_dags/example_kubernetes_executor.py
[2025-07-03T17:58:22.909+0000] {processor.py:840} INFO - DAG(s) 'example_kubernetes_executor' retrieved from /home/airflow/.local/lib/python3.8/site-packages/airflow/example_dags/example_kubernetes_executor.py
[2025-07-03T17:58:23.154+0000] {logging_mixin.py:188} INFO - [2025-07-03T17:58:23.153+0000] {dag.py:3036} INFO - Sync 1 DAGs
[2025-07-03T17:58:23.251+0000] {logging_mixin.py:188} INFO - [2025-07-03T17:58:23.251+0000] {dag.py:3823} INFO - Setting next_dagrun for example_kubernetes_executor to None, run_after=None
[2025-07-03T17:58:23.356+0000] {processor.py:183} INFO - Processing /home/airflow/.local/lib/python3.8/site-packages/airflow/example_dags/example_kubernetes_executor.py took 0.596 seconds
[2025-07-03T17:58:53.665+0000] {processor.py:161} INFO - Started process (PID=3141) to work on /home/airflow/.local/lib/python3.8/site-packages/airflow/example_dags/example_kubernetes_executor.py
[2025-07-03T17:58:53.666+0000] {processor.py:830} INFO - Processing file /home/airflow/.local/lib/python3.8/site-packages/airflow/example_dags/example_kubernetes_executor.py for tasks to queue
[2025-07-03T17:58:53.668+0000] {logging_mixin.py:188} INFO - [2025-07-03T17:58:53.668+0000] {dagbag.py:538} INFO - Filling up the DagBag from /home/airflow/.local/lib/python3.8/site-packages/airflow/example_dags/example_kubernetes_executor.py
[2025-07-03T17:58:53.839+0000] {processor.py:840} INFO - DAG(s) 'example_kubernetes_executor' retrieved from /home/airflow/.local/lib/python3.8/site-packages/airflow/example_dags/example_kubernetes_executor.py
[2025-07-03T17:58:53.928+0000] {logging_mixin.py:188} INFO - [2025-07-03T17:58:53.927+0000] {dag.py:3036} INFO - Sync 1 DAGs
[2025-07-03T17:58:53.952+0000] {logging_mixin.py:188} INFO - [2025-07-03T17:58:53.952+0000] {dag.py:3823} INFO - Setting next_dagrun for example_kubernetes_executor to None, run_after=None
[2025-07-03T17:58:54.009+0000] {processor.py:183} INFO - Processing /home/airflow/.local/lib/python3.8/site-packages/airflow/example_dags/example_kubernetes_executor.py took 0.358 seconds
[2025-07-03T17:59:24.340+0000] {processor.py:161} INFO - Started process (PID=3205) to work on /home/airflow/.local/lib/python3.8/site-packages/airflow/example_dags/example_kubernetes_executor.py
[2025-07-03T17:59:24.342+0000] {processor.py:830} INFO - Processing file /home/airflow/.local/lib/python3.8/site-packages/airflow/example_dags/example_kubernetes_executor.py for tasks to queue
[2025-07-03T17:59:24.344+0000] {logging_mixin.py:188} INFO - [2025-07-03T17:59:24.343+0000] {dagbag.py:538} INFO - Filling up the DagBag from /home/airflow/.local/lib/python3.8/site-packages/airflow/example_dags/example_kubernetes_executor.py
[2025-07-03T17:59:24.362+0000] {processor.py:840} INFO - DAG(s) 'example_kubernetes_executor' retrieved from /home/airflow/.local/lib/python3.8/site-packages/airflow/example_dags/example_kubernetes_executor.py
[2025-07-03T17:59:24.413+0000] {logging_mixin.py:188} INFO - [2025-07-03T17:59:24.413+0000] {dag.py:3036} INFO - Sync 1 DAGs
[2025-07-03T17:59:24.432+0000] {logging_mixin.py:188} INFO - [2025-07-03T17:59:24.431+0000] {dag.py:3823} INFO - Setting next_dagrun for example_kubernetes_executor to None, run_after=None
[2025-07-03T17:59:24.630+0000] {processor.py:183} INFO - Processing /home/airflow/.local/lib/python3.8/site-packages/airflow/example_dags/example_kubernetes_executor.py took 0.294 seconds
[2025-07-03T17:59:54.864+0000] {processor.py:161} INFO - Started process (PID=3269) to work on /home/airflow/.local/lib/python3.8/site-packages/airflow/example_dags/example_kubernetes_executor.py
[2025-07-03T17:59:54.877+0000] {processor.py:830} INFO - Processing file /home/airflow/.local/lib/python3.8/site-packages/airflow/example_dags/example_kubernetes_executor.py for tasks to queue
[2025-07-03T17:59:54.880+0000] {logging_mixin.py:188} INFO - [2025-07-03T17:59:54.879+0000] {dagbag.py:538} INFO - Filling up the DagBag from /home/airflow/.local/lib/python3.8/site-packages/airflow/example_dags/example_kubernetes_executor.py
[2025-07-03T17:59:54.934+0000] {processor.py:840} INFO - DAG(s) 'example_kubernetes_executor' retrieved from /home/airflow/.local/lib/python3.8/site-packages/airflow/example_dags/example_kubernetes_executor.py
[2025-07-03T17:59:55.096+0000] {logging_mixin.py:188} INFO - [2025-07-03T17:59:55.095+0000] {dag.py:3036} INFO - Sync 1 DAGs
[2025-07-03T17:59:55.139+0000] {logging_mixin.py:188} INFO - [2025-07-03T17:59:55.139+0000] {dag.py:3823} INFO - Setting next_dagrun for example_kubernetes_executor to None, run_after=None
[2025-07-03T17:59:55.225+0000] {processor.py:183} INFO - Processing /home/airflow/.local/lib/python3.8/site-packages/airflow/example_dags/example_kubernetes_executor.py took 0.372 seconds
[2025-07-03T18:00:25.608+0000] {processor.py:161} INFO - Started process (PID=3333) to work on /home/airflow/.local/lib/python3.8/site-packages/airflow/example_dags/example_kubernetes_executor.py
[2025-07-03T18:00:25.613+0000] {processor.py:830} INFO - Processing file /home/airflow/.local/lib/python3.8/site-packages/airflow/example_dags/example_kubernetes_executor.py for tasks to queue
[2025-07-03T18:00:25.618+0000] {logging_mixin.py:188} INFO - [2025-07-03T18:00:25.618+0000] {dagbag.py:538} INFO - Filling up the DagBag from /home/airflow/.local/lib/python3.8/site-packages/airflow/example_dags/example_kubernetes_executor.py
[2025-07-03T18:00:25.660+0000] {processor.py:840} INFO - DAG(s) 'example_kubernetes_executor' retrieved from /home/airflow/.local/lib/python3.8/site-packages/airflow/example_dags/example_kubernetes_executor.py
[2025-07-03T18:00:25.731+0000] {logging_mixin.py:188} INFO - [2025-07-03T18:00:25.730+0000] {dag.py:3036} INFO - Sync 1 DAGs
[2025-07-03T18:00:25.770+0000] {logging_mixin.py:188} INFO - [2025-07-03T18:00:25.770+0000] {dag.py:3823} INFO - Setting next_dagrun for example_kubernetes_executor to None, run_after=None
[2025-07-03T18:00:25.833+0000] {processor.py:183} INFO - Processing /home/airflow/.local/lib/python3.8/site-packages/airflow/example_dags/example_kubernetes_executor.py took 0.234 seconds
[2025-07-03T18:00:56.245+0000] {processor.py:161} INFO - Started process (PID=3398) to work on /home/airflow/.local/lib/python3.8/site-packages/airflow/example_dags/example_kubernetes_executor.py
[2025-07-03T18:00:56.255+0000] {processor.py:830} INFO - Processing file /home/airflow/.local/lib/python3.8/site-packages/airflow/example_dags/example_kubernetes_executor.py for tasks to queue
[2025-07-03T18:00:56.264+0000] {logging_mixin.py:188} INFO - [2025-07-03T18:00:56.263+0000] {dagbag.py:538} INFO - Filling up the DagBag from /home/airflow/.local/lib/python3.8/site-packages/airflow/example_dags/example_kubernetes_executor.py
[2025-07-03T18:00:56.378+0000] {processor.py:840} INFO - DAG(s) 'example_kubernetes_executor' retrieved from /home/airflow/.local/lib/python3.8/site-packages/airflow/example_dags/example_kubernetes_executor.py
[2025-07-03T18:00:56.566+0000] {logging_mixin.py:188} INFO - [2025-07-03T18:00:56.565+0000] {dag.py:3036} INFO - Sync 1 DAGs
[2025-07-03T18:00:56.623+0000] {logging_mixin.py:188} INFO - [2025-07-03T18:00:56.623+0000] {dag.py:3823} INFO - Setting next_dagrun for example_kubernetes_executor to None, run_after=None
[2025-07-03T18:00:56.725+0000] {processor.py:183} INFO - Processing /home/airflow/.local/lib/python3.8/site-packages/airflow/example_dags/example_kubernetes_executor.py took 0.484 seconds
[2025-07-03T18:01:26.788+0000] {processor.py:161} INFO - Started process (PID=3455) to work on /home/airflow/.local/lib/python3.8/site-packages/airflow/example_dags/example_kubernetes_executor.py
[2025-07-03T18:01:26.790+0000] {processor.py:830} INFO - Processing file /home/airflow/.local/lib/python3.8/site-packages/airflow/example_dags/example_kubernetes_executor.py for tasks to queue
[2025-07-03T18:01:26.792+0000] {logging_mixin.py:188} INFO - [2025-07-03T18:01:26.791+0000] {dagbag.py:538} INFO - Filling up the DagBag from /home/airflow/.local/lib/python3.8/site-packages/airflow/example_dags/example_kubernetes_executor.py
[2025-07-03T18:01:26.817+0000] {processor.py:840} INFO - DAG(s) 'example_kubernetes_executor' retrieved from /home/airflow/.local/lib/python3.8/site-packages/airflow/example_dags/example_kubernetes_executor.py
[2025-07-03T18:01:27.183+0000] {logging_mixin.py:188} INFO - [2025-07-03T18:01:27.183+0000] {dag.py:3036} INFO - Sync 1 DAGs
[2025-07-03T18:01:27.243+0000] {logging_mixin.py:188} INFO - [2025-07-03T18:01:27.242+0000] {dag.py:3823} INFO - Setting next_dagrun for example_kubernetes_executor to None, run_after=None
[2025-07-03T18:01:27.344+0000] {processor.py:183} INFO - Processing /home/airflow/.local/lib/python3.8/site-packages/airflow/example_dags/example_kubernetes_executor.py took 0.560 seconds
[2025-07-03T18:01:57.970+0000] {processor.py:161} INFO - Started process (PID=3519) to work on /home/airflow/.local/lib/python3.8/site-packages/airflow/example_dags/example_kubernetes_executor.py
[2025-07-03T18:01:57.972+0000] {processor.py:830} INFO - Processing file /home/airflow/.local/lib/python3.8/site-packages/airflow/example_dags/example_kubernetes_executor.py for tasks to queue
[2025-07-03T18:01:57.979+0000] {logging_mixin.py:188} INFO - [2025-07-03T18:01:57.979+0000] {dagbag.py:538} INFO - Filling up the DagBag from /home/airflow/.local/lib/python3.8/site-packages/airflow/example_dags/example_kubernetes_executor.py
[2025-07-03T18:01:58.028+0000] {processor.py:840} INFO - DAG(s) 'example_kubernetes_executor' retrieved from /home/airflow/.local/lib/python3.8/site-packages/airflow/example_dags/example_kubernetes_executor.py
[2025-07-03T18:01:58.162+0000] {logging_mixin.py:188} INFO - [2025-07-03T18:01:58.161+0000] {dag.py:3036} INFO - Sync 1 DAGs
[2025-07-03T18:01:58.207+0000] {logging_mixin.py:188} INFO - [2025-07-03T18:01:58.207+0000] {dag.py:3823} INFO - Setting next_dagrun for example_kubernetes_executor to None, run_after=None
[2025-07-03T18:01:58.448+0000] {processor.py:183} INFO - Processing /home/airflow/.local/lib/python3.8/site-packages/airflow/example_dags/example_kubernetes_executor.py took 0.487 seconds
[2025-07-03T18:02:28.581+0000] {processor.py:161} INFO - Started process (PID=3584) to work on /home/airflow/.local/lib/python3.8/site-packages/airflow/example_dags/example_kubernetes_executor.py
[2025-07-03T18:02:28.589+0000] {processor.py:830} INFO - Processing file /home/airflow/.local/lib/python3.8/site-packages/airflow/example_dags/example_kubernetes_executor.py for tasks to queue
[2025-07-03T18:02:28.591+0000] {logging_mixin.py:188} INFO - [2025-07-03T18:02:28.591+0000] {dagbag.py:538} INFO - Filling up the DagBag from /home/airflow/.local/lib/python3.8/site-packages/airflow/example_dags/example_kubernetes_executor.py
[2025-07-03T18:02:28.671+0000] {processor.py:840} INFO - DAG(s) 'example_kubernetes_executor' retrieved from /home/airflow/.local/lib/python3.8/site-packages/airflow/example_dags/example_kubernetes_executor.py
[2025-07-03T18:02:28.853+0000] {logging_mixin.py:188} INFO - [2025-07-03T18:02:28.852+0000] {dag.py:3036} INFO - Sync 1 DAGs
[2025-07-03T18:02:28.907+0000] {logging_mixin.py:188} INFO - [2025-07-03T18:02:28.907+0000] {dag.py:3823} INFO - Setting next_dagrun for example_kubernetes_executor to None, run_after=None
[2025-07-03T18:02:28.992+0000] {processor.py:183} INFO - Processing /home/airflow/.local/lib/python3.8/site-packages/airflow/example_dags/example_kubernetes_executor.py took 0.432 seconds
[2025-07-03T18:02:59.511+0000] {processor.py:161} INFO - Started process (PID=3641) to work on /home/airflow/.local/lib/python3.8/site-packages/airflow/example_dags/example_kubernetes_executor.py
[2025-07-03T18:02:59.521+0000] {processor.py:830} INFO - Processing file /home/airflow/.local/lib/python3.8/site-packages/airflow/example_dags/example_kubernetes_executor.py for tasks to queue
[2025-07-03T18:02:59.542+0000] {logging_mixin.py:188} INFO - [2025-07-03T18:02:59.542+0000] {dagbag.py:538} INFO - Filling up the DagBag from /home/airflow/.local/lib/python3.8/site-packages/airflow/example_dags/example_kubernetes_executor.py
[2025-07-03T18:02:59.739+0000] {processor.py:840} INFO - DAG(s) 'example_kubernetes_executor' retrieved from /home/airflow/.local/lib/python3.8/site-packages/airflow/example_dags/example_kubernetes_executor.py
[2025-07-03T18:03:01.037+0000] {logging_mixin.py:188} INFO - [2025-07-03T18:03:01.037+0000] {dag.py:3036} INFO - Sync 1 DAGs
[2025-07-03T18:03:01.090+0000] {logging_mixin.py:188} INFO - [2025-07-03T18:03:01.090+0000] {dag.py:3823} INFO - Setting next_dagrun for example_kubernetes_executor to None, run_after=None
[2025-07-03T18:03:01.206+0000] {processor.py:183} INFO - Processing /home/airflow/.local/lib/python3.8/site-packages/airflow/example_dags/example_kubernetes_executor.py took 1.716 seconds
[2025-07-03T18:04:05.775+0000] {processor.py:161} INFO - Started process (PID=3725) to work on /home/airflow/.local/lib/python3.8/site-packages/airflow/example_dags/example_kubernetes_executor.py
[2025-07-03T18:04:05.797+0000] {processor.py:830} INFO - Processing file /home/airflow/.local/lib/python3.8/site-packages/airflow/example_dags/example_kubernetes_executor.py for tasks to queue
[2025-07-03T18:04:05.818+0000] {logging_mixin.py:188} INFO - [2025-07-03T18:04:05.817+0000] {dagbag.py:538} INFO - Filling up the DagBag from /home/airflow/.local/lib/python3.8/site-packages/airflow/example_dags/example_kubernetes_executor.py
[2025-07-03T18:04:06.231+0000] {processor.py:840} INFO - DAG(s) 'example_kubernetes_executor' retrieved from /home/airflow/.local/lib/python3.8/site-packages/airflow/example_dags/example_kubernetes_executor.py
[2025-07-03T18:04:11.094+0000] {logging_mixin.py:188} INFO - [2025-07-03T18:04:11.094+0000] {dag.py:3036} INFO - Sync 1 DAGs
[2025-07-03T18:04:11.401+0000] {logging_mixin.py:188} INFO - [2025-07-03T18:04:11.400+0000] {dag.py:3823} INFO - Setting next_dagrun for example_kubernetes_executor to None, run_after=None
[2025-07-03T18:04:11.925+0000] {processor.py:183} INFO - Processing /home/airflow/.local/lib/python3.8/site-packages/airflow/example_dags/example_kubernetes_executor.py took 6.228 seconds
[2025-07-03T18:05:41.015+0000] {processor.py:161} INFO - Started process (PID=3803) to work on /home/airflow/.local/lib/python3.8/site-packages/airflow/example_dags/example_kubernetes_executor.py
[2025-07-03T18:05:41.065+0000] {processor.py:830} INFO - Processing file /home/airflow/.local/lib/python3.8/site-packages/airflow/example_dags/example_kubernetes_executor.py for tasks to queue
[2025-07-03T18:05:41.118+0000] {logging_mixin.py:188} INFO - [2025-07-03T18:05:41.117+0000] {dagbag.py:538} INFO - Filling up the DagBag from /home/airflow/.local/lib/python3.8/site-packages/airflow/example_dags/example_kubernetes_executor.py
[2025-07-03T18:05:41.712+0000] {processor.py:840} INFO - DAG(s) 'example_kubernetes_executor' retrieved from /home/airflow/.local/lib/python3.8/site-packages/airflow/example_dags/example_kubernetes_executor.py
[2025-07-03T18:05:43.461+0000] {logging_mixin.py:188} INFO - [2025-07-03T18:05:43.461+0000] {dag.py:3036} INFO - Sync 1 DAGs
[2025-07-03T18:05:43.840+0000] {logging_mixin.py:188} INFO - [2025-07-03T18:05:43.840+0000] {dag.py:3823} INFO - Setting next_dagrun for example_kubernetes_executor to None, run_after=None
[2025-07-03T18:05:44.493+0000] {processor.py:183} INFO - Processing /home/airflow/.local/lib/python3.8/site-packages/airflow/example_dags/example_kubernetes_executor.py took 3.580 seconds
[2025-07-03T18:21:13.128+0000] {processor.py:161} INFO - Started process (PID=115) to work on /home/airflow/.local/lib/python3.8/site-packages/airflow/example_dags/example_kubernetes_executor.py
[2025-07-03T18:21:13.130+0000] {processor.py:830} INFO - Processing file /home/airflow/.local/lib/python3.8/site-packages/airflow/example_dags/example_kubernetes_executor.py for tasks to queue
[2025-07-03T18:21:13.133+0000] {logging_mixin.py:188} INFO - [2025-07-03T18:21:13.132+0000] {dagbag.py:538} INFO - Filling up the DagBag from /home/airflow/.local/lib/python3.8/site-packages/airflow/example_dags/example_kubernetes_executor.py
[2025-07-03T18:21:13.151+0000] {processor.py:840} INFO - DAG(s) 'example_kubernetes_executor' retrieved from /home/airflow/.local/lib/python3.8/site-packages/airflow/example_dags/example_kubernetes_executor.py
[2025-07-03T18:21:13.203+0000] {logging_mixin.py:188} INFO - [2025-07-03T18:21:13.203+0000] {dag.py:3036} INFO - Sync 1 DAGs
[2025-07-03T18:21:13.220+0000] {logging_mixin.py:188} INFO - [2025-07-03T18:21:13.220+0000] {dag.py:3823} INFO - Setting next_dagrun for example_kubernetes_executor to None, run_after=None
[2025-07-03T18:21:13.245+0000] {processor.py:183} INFO - Processing /home/airflow/.local/lib/python3.8/site-packages/airflow/example_dags/example_kubernetes_executor.py took 0.121 seconds
[2025-07-03T18:21:44.006+0000] {processor.py:161} INFO - Started process (PID=180) to work on /home/airflow/.local/lib/python3.8/site-packages/airflow/example_dags/example_kubernetes_executor.py
[2025-07-03T18:21:44.007+0000] {processor.py:830} INFO - Processing file /home/airflow/.local/lib/python3.8/site-packages/airflow/example_dags/example_kubernetes_executor.py for tasks to queue
[2025-07-03T18:21:44.010+0000] {logging_mixin.py:188} INFO - [2025-07-03T18:21:44.009+0000] {dagbag.py:538} INFO - Filling up the DagBag from /home/airflow/.local/lib/python3.8/site-packages/airflow/example_dags/example_kubernetes_executor.py
[2025-07-03T18:21:44.040+0000] {processor.py:840} INFO - DAG(s) 'example_kubernetes_executor' retrieved from /home/airflow/.local/lib/python3.8/site-packages/airflow/example_dags/example_kubernetes_executor.py
[2025-07-03T18:21:44.122+0000] {logging_mixin.py:188} INFO - [2025-07-03T18:21:44.121+0000] {dag.py:3036} INFO - Sync 1 DAGs
[2025-07-03T18:21:44.145+0000] {logging_mixin.py:188} INFO - [2025-07-03T18:21:44.144+0000] {dag.py:3823} INFO - Setting next_dagrun for example_kubernetes_executor to None, run_after=None
[2025-07-03T18:21:44.176+0000] {processor.py:183} INFO - Processing /home/airflow/.local/lib/python3.8/site-packages/airflow/example_dags/example_kubernetes_executor.py took 0.175 seconds
[2025-07-03T18:22:14.454+0000] {processor.py:161} INFO - Started process (PID=245) to work on /home/airflow/.local/lib/python3.8/site-packages/airflow/example_dags/example_kubernetes_executor.py
[2025-07-03T18:22:14.456+0000] {processor.py:830} INFO - Processing file /home/airflow/.local/lib/python3.8/site-packages/airflow/example_dags/example_kubernetes_executor.py for tasks to queue
[2025-07-03T18:22:14.458+0000] {logging_mixin.py:188} INFO - [2025-07-03T18:22:14.458+0000] {dagbag.py:538} INFO - Filling up the DagBag from /home/airflow/.local/lib/python3.8/site-packages/airflow/example_dags/example_kubernetes_executor.py
[2025-07-03T18:22:14.477+0000] {processor.py:840} INFO - DAG(s) 'example_kubernetes_executor' retrieved from /home/airflow/.local/lib/python3.8/site-packages/airflow/example_dags/example_kubernetes_executor.py
[2025-07-03T18:22:14.530+0000] {logging_mixin.py:188} INFO - [2025-07-03T18:22:14.529+0000] {dag.py:3036} INFO - Sync 1 DAGs
[2025-07-03T18:22:14.552+0000] {logging_mixin.py:188} INFO - [2025-07-03T18:22:14.551+0000] {dag.py:3823} INFO - Setting next_dagrun for example_kubernetes_executor to None, run_after=None
[2025-07-03T18:22:14.576+0000] {processor.py:183} INFO - Processing /home/airflow/.local/lib/python3.8/site-packages/airflow/example_dags/example_kubernetes_executor.py took 0.126 seconds
[2025-07-03T18:22:45.459+0000] {processor.py:161} INFO - Started process (PID=312) to work on /home/airflow/.local/lib/python3.8/site-packages/airflow/example_dags/example_kubernetes_executor.py
[2025-07-03T18:22:45.460+0000] {processor.py:830} INFO - Processing file /home/airflow/.local/lib/python3.8/site-packages/airflow/example_dags/example_kubernetes_executor.py for tasks to queue
[2025-07-03T18:22:45.463+0000] {logging_mixin.py:188} INFO - [2025-07-03T18:22:45.462+0000] {dagbag.py:538} INFO - Filling up the DagBag from /home/airflow/.local/lib/python3.8/site-packages/airflow/example_dags/example_kubernetes_executor.py
[2025-07-03T18:22:45.491+0000] {processor.py:840} INFO - DAG(s) 'example_kubernetes_executor' retrieved from /home/airflow/.local/lib/python3.8/site-packages/airflow/example_dags/example_kubernetes_executor.py
[2025-07-03T18:22:45.564+0000] {logging_mixin.py:188} INFO - [2025-07-03T18:22:45.563+0000] {dag.py:3036} INFO - Sync 1 DAGs
[2025-07-03T18:22:45.587+0000] {logging_mixin.py:188} INFO - [2025-07-03T18:22:45.587+0000] {dag.py:3823} INFO - Setting next_dagrun for example_kubernetes_executor to None, run_after=None
[2025-07-03T18:22:45.621+0000] {processor.py:183} INFO - Processing /home/airflow/.local/lib/python3.8/site-packages/airflow/example_dags/example_kubernetes_executor.py took 0.167 seconds
[2025-07-03T18:23:16.014+0000] {processor.py:161} INFO - Started process (PID=378) to work on /home/airflow/.local/lib/python3.8/site-packages/airflow/example_dags/example_kubernetes_executor.py
[2025-07-03T18:23:16.016+0000] {processor.py:830} INFO - Processing file /home/airflow/.local/lib/python3.8/site-packages/airflow/example_dags/example_kubernetes_executor.py for tasks to queue
[2025-07-03T18:23:16.021+0000] {logging_mixin.py:188} INFO - [2025-07-03T18:23:16.021+0000] {dagbag.py:538} INFO - Filling up the DagBag from /home/airflow/.local/lib/python3.8/site-packages/airflow/example_dags/example_kubernetes_executor.py
[2025-07-03T18:23:16.072+0000] {processor.py:840} INFO - DAG(s) 'example_kubernetes_executor' retrieved from /home/airflow/.local/lib/python3.8/site-packages/airflow/example_dags/example_kubernetes_executor.py
[2025-07-03T18:23:16.182+0000] {logging_mixin.py:188} INFO - [2025-07-03T18:23:16.182+0000] {dag.py:3036} INFO - Sync 1 DAGs
[2025-07-03T18:23:16.232+0000] {logging_mixin.py:188} INFO - [2025-07-03T18:23:16.231+0000] {dag.py:3823} INFO - Setting next_dagrun for example_kubernetes_executor to None, run_after=None
[2025-07-03T18:23:16.298+0000] {processor.py:183} INFO - Processing /home/airflow/.local/lib/python3.8/site-packages/airflow/example_dags/example_kubernetes_executor.py took 0.297 seconds
[2025-07-03T18:23:46.405+0000] {processor.py:161} INFO - Started process (PID=443) to work on /home/airflow/.local/lib/python3.8/site-packages/airflow/example_dags/example_kubernetes_executor.py
[2025-07-03T18:23:46.406+0000] {processor.py:830} INFO - Processing file /home/airflow/.local/lib/python3.8/site-packages/airflow/example_dags/example_kubernetes_executor.py for tasks to queue
[2025-07-03T18:23:46.410+0000] {logging_mixin.py:188} INFO - [2025-07-03T18:23:46.409+0000] {dagbag.py:538} INFO - Filling up the DagBag from /home/airflow/.local/lib/python3.8/site-packages/airflow/example_dags/example_kubernetes_executor.py
[2025-07-03T18:23:46.449+0000] {processor.py:840} INFO - DAG(s) 'example_kubernetes_executor' retrieved from /home/airflow/.local/lib/python3.8/site-packages/airflow/example_dags/example_kubernetes_executor.py
[2025-07-03T18:23:46.530+0000] {logging_mixin.py:188} INFO - [2025-07-03T18:23:46.530+0000] {dag.py:3036} INFO - Sync 1 DAGs
[2025-07-03T18:23:46.602+0000] {logging_mixin.py:188} INFO - [2025-07-03T18:23:46.602+0000] {dag.py:3823} INFO - Setting next_dagrun for example_kubernetes_executor to None, run_after=None
[2025-07-03T18:23:46.676+0000] {processor.py:183} INFO - Processing /home/airflow/.local/lib/python3.8/site-packages/airflow/example_dags/example_kubernetes_executor.py took 0.300 seconds
[2025-07-03T18:24:17.235+0000] {processor.py:161} INFO - Started process (PID=515) to work on /home/airflow/.local/lib/python3.8/site-packages/airflow/example_dags/example_kubernetes_executor.py
[2025-07-03T18:24:17.248+0000] {processor.py:830} INFO - Processing file /home/airflow/.local/lib/python3.8/site-packages/airflow/example_dags/example_kubernetes_executor.py for tasks to queue
[2025-07-03T18:24:17.258+0000] {logging_mixin.py:188} INFO - [2025-07-03T18:24:17.257+0000] {dagbag.py:538} INFO - Filling up the DagBag from /home/airflow/.local/lib/python3.8/site-packages/airflow/example_dags/example_kubernetes_executor.py
[2025-07-03T18:24:17.352+0000] {processor.py:840} INFO - DAG(s) 'example_kubernetes_executor' retrieved from /home/airflow/.local/lib/python3.8/site-packages/airflow/example_dags/example_kubernetes_executor.py
[2025-07-03T18:24:17.506+0000] {logging_mixin.py:188} INFO - [2025-07-03T18:24:17.505+0000] {dag.py:3036} INFO - Sync 1 DAGs
[2025-07-03T18:24:17.568+0000] {logging_mixin.py:188} INFO - [2025-07-03T18:24:17.567+0000] {dag.py:3823} INFO - Setting next_dagrun for example_kubernetes_executor to None, run_after=None
[2025-07-03T18:24:17.635+0000] {processor.py:183} INFO - Processing /home/airflow/.local/lib/python3.8/site-packages/airflow/example_dags/example_kubernetes_executor.py took 0.405 seconds
