[2025-07-03T17:35:46.935+0000] {processor.py:161} INFO - Started process (PID=253) to work on /home/airflow/.local/lib/python3.8/site-packages/airflow/example_dags/example_python_decorator.py
[2025-07-03T17:35:46.936+0000] {processor.py:830} INFO - Processing file /home/airflow/.local/lib/python3.8/site-packages/airflow/example_dags/example_python_decorator.py for tasks to queue
[2025-07-03T17:35:46.963+0000] {logging_mixin.py:188} INFO - [2025-07-03T17:35:46.963+0000] {dagbag.py:538} INFO - Filling up the DagBag from /home/airflow/.local/lib/python3.8/site-packages/airflow/example_dags/example_python_decorator.py
[2025-07-03T17:35:47.156+0000] {processor.py:840} INFO - DAG(s) 'example_python_decorator' retrieved from /home/airflow/.local/lib/python3.8/site-packages/airflow/example_dags/example_python_decorator.py
[2025-07-03T17:35:49.046+0000] {logging_mixin.py:188} INFO - [2025-07-03T17:35:49.045+0000] {dag.py:3036} INFO - Sync 1 DAGs
[2025-07-03T17:35:49.200+0000] {logging_mixin.py:188} INFO - [2025-07-03T17:35:49.200+0000] {dag.py:3823} INFO - Setting next_dagrun for example_python_decorator to None, run_after=None
[2025-07-03T17:35:49.431+0000] {processor.py:183} INFO - Processing /home/airflow/.local/lib/python3.8/site-packages/airflow/example_dags/example_python_decorator.py took 2.529 seconds
[2025-07-03T17:36:19.757+0000] {processor.py:161} INFO - Started process (PID=311) to work on /home/airflow/.local/lib/python3.8/site-packages/airflow/example_dags/example_python_decorator.py
[2025-07-03T17:36:19.760+0000] {processor.py:830} INFO - Processing file /home/airflow/.local/lib/python3.8/site-packages/airflow/example_dags/example_python_decorator.py for tasks to queue
[2025-07-03T17:36:19.766+0000] {logging_mixin.py:188} INFO - [2025-07-03T17:36:19.765+0000] {dagbag.py:538} INFO - Filling up the DagBag from /home/airflow/.local/lib/python3.8/site-packages/airflow/example_dags/example_python_decorator.py
[2025-07-03T17:36:19.837+0000] {processor.py:840} INFO - DAG(s) 'example_python_decorator' retrieved from /home/airflow/.local/lib/python3.8/site-packages/airflow/example_dags/example_python_decorator.py
[2025-07-03T17:36:19.928+0000] {logging_mixin.py:188} INFO - [2025-07-03T17:36:19.927+0000] {dag.py:3036} INFO - Sync 1 DAGs
[2025-07-03T17:36:19.957+0000] {logging_mixin.py:188} INFO - [2025-07-03T17:36:19.957+0000] {dag.py:3823} INFO - Setting next_dagrun for example_python_decorator to None, run_after=None
[2025-07-03T17:36:20.068+0000] {processor.py:183} INFO - Processing /home/airflow/.local/lib/python3.8/site-packages/airflow/example_dags/example_python_decorator.py took 0.323 seconds
[2025-07-03T17:36:51.054+0000] {processor.py:161} INFO - Started process (PID=375) to work on /home/airflow/.local/lib/python3.8/site-packages/airflow/example_dags/example_python_decorator.py
[2025-07-03T17:36:51.069+0000] {processor.py:830} INFO - Processing file /home/airflow/.local/lib/python3.8/site-packages/airflow/example_dags/example_python_decorator.py for tasks to queue
[2025-07-03T17:36:51.072+0000] {logging_mixin.py:188} INFO - [2025-07-03T17:36:51.071+0000] {dagbag.py:538} INFO - Filling up the DagBag from /home/airflow/.local/lib/python3.8/site-packages/airflow/example_dags/example_python_decorator.py
[2025-07-03T17:36:51.216+0000] {processor.py:840} INFO - DAG(s) 'example_python_decorator' retrieved from /home/airflow/.local/lib/python3.8/site-packages/airflow/example_dags/example_python_decorator.py
[2025-07-03T17:36:51.358+0000] {logging_mixin.py:188} INFO - [2025-07-03T17:36:51.357+0000] {dag.py:3036} INFO - Sync 1 DAGs
[2025-07-03T17:36:51.456+0000] {logging_mixin.py:188} INFO - [2025-07-03T17:36:51.456+0000] {dag.py:3823} INFO - Setting next_dagrun for example_python_decorator to None, run_after=None
[2025-07-03T17:36:51.873+0000] {processor.py:183} INFO - Processing /home/airflow/.local/lib/python3.8/site-packages/airflow/example_dags/example_python_decorator.py took 0.832 seconds
[2025-07-03T17:37:22.733+0000] {processor.py:161} INFO - Started process (PID=432) to work on /home/airflow/.local/lib/python3.8/site-packages/airflow/example_dags/example_python_decorator.py
[2025-07-03T17:37:22.734+0000] {processor.py:830} INFO - Processing file /home/airflow/.local/lib/python3.8/site-packages/airflow/example_dags/example_python_decorator.py for tasks to queue
[2025-07-03T17:37:22.737+0000] {logging_mixin.py:188} INFO - [2025-07-03T17:37:22.737+0000] {dagbag.py:538} INFO - Filling up the DagBag from /home/airflow/.local/lib/python3.8/site-packages/airflow/example_dags/example_python_decorator.py
[2025-07-03T17:37:22.829+0000] {processor.py:840} INFO - DAG(s) 'example_python_decorator' retrieved from /home/airflow/.local/lib/python3.8/site-packages/airflow/example_dags/example_python_decorator.py
[2025-07-03T17:37:22.934+0000] {logging_mixin.py:188} INFO - [2025-07-03T17:37:22.933+0000] {dag.py:3036} INFO - Sync 1 DAGs
[2025-07-03T17:37:22.979+0000] {logging_mixin.py:188} INFO - [2025-07-03T17:37:22.979+0000] {dag.py:3823} INFO - Setting next_dagrun for example_python_decorator to None, run_after=None
[2025-07-03T17:37:23.074+0000] {processor.py:183} INFO - Processing /home/airflow/.local/lib/python3.8/site-packages/airflow/example_dags/example_python_decorator.py took 0.354 seconds
[2025-07-03T17:37:53.298+0000] {processor.py:161} INFO - Started process (PID=494) to work on /home/airflow/.local/lib/python3.8/site-packages/airflow/example_dags/example_python_decorator.py
[2025-07-03T17:37:53.305+0000] {processor.py:830} INFO - Processing file /home/airflow/.local/lib/python3.8/site-packages/airflow/example_dags/example_python_decorator.py for tasks to queue
[2025-07-03T17:37:53.313+0000] {logging_mixin.py:188} INFO - [2025-07-03T17:37:53.313+0000] {dagbag.py:538} INFO - Filling up the DagBag from /home/airflow/.local/lib/python3.8/site-packages/airflow/example_dags/example_python_decorator.py
[2025-07-03T17:37:53.368+0000] {processor.py:840} INFO - DAG(s) 'example_python_decorator' retrieved from /home/airflow/.local/lib/python3.8/site-packages/airflow/example_dags/example_python_decorator.py
[2025-07-03T17:37:53.446+0000] {logging_mixin.py:188} INFO - [2025-07-03T17:37:53.445+0000] {dag.py:3036} INFO - Sync 1 DAGs
[2025-07-03T17:37:53.496+0000] {logging_mixin.py:188} INFO - [2025-07-03T17:37:53.495+0000] {dag.py:3823} INFO - Setting next_dagrun for example_python_decorator to None, run_after=None
[2025-07-03T17:37:53.591+0000] {processor.py:183} INFO - Processing /home/airflow/.local/lib/python3.8/site-packages/airflow/example_dags/example_python_decorator.py took 0.319 seconds
[2025-07-03T17:38:23.709+0000] {processor.py:161} INFO - Started process (PID=552) to work on /home/airflow/.local/lib/python3.8/site-packages/airflow/example_dags/example_python_decorator.py
[2025-07-03T17:38:23.711+0000] {processor.py:830} INFO - Processing file /home/airflow/.local/lib/python3.8/site-packages/airflow/example_dags/example_python_decorator.py for tasks to queue
[2025-07-03T17:38:23.714+0000] {logging_mixin.py:188} INFO - [2025-07-03T17:38:23.713+0000] {dagbag.py:538} INFO - Filling up the DagBag from /home/airflow/.local/lib/python3.8/site-packages/airflow/example_dags/example_python_decorator.py
[2025-07-03T17:38:23.790+0000] {processor.py:840} INFO - DAG(s) 'example_python_decorator' retrieved from /home/airflow/.local/lib/python3.8/site-packages/airflow/example_dags/example_python_decorator.py
[2025-07-03T17:38:23.930+0000] {logging_mixin.py:188} INFO - [2025-07-03T17:38:23.929+0000] {dag.py:3036} INFO - Sync 1 DAGs
[2025-07-03T17:38:23.988+0000] {logging_mixin.py:188} INFO - [2025-07-03T17:38:23.988+0000] {dag.py:3823} INFO - Setting next_dagrun for example_python_decorator to None, run_after=None
[2025-07-03T17:38:24.089+0000] {processor.py:183} INFO - Processing /home/airflow/.local/lib/python3.8/site-packages/airflow/example_dags/example_python_decorator.py took 0.394 seconds
[2025-07-03T17:38:54.510+0000] {processor.py:161} INFO - Started process (PID=616) to work on /home/airflow/.local/lib/python3.8/site-packages/airflow/example_dags/example_python_decorator.py
[2025-07-03T17:38:54.512+0000] {processor.py:830} INFO - Processing file /home/airflow/.local/lib/python3.8/site-packages/airflow/example_dags/example_python_decorator.py for tasks to queue
[2025-07-03T17:38:54.515+0000] {logging_mixin.py:188} INFO - [2025-07-03T17:38:54.514+0000] {dagbag.py:538} INFO - Filling up the DagBag from /home/airflow/.local/lib/python3.8/site-packages/airflow/example_dags/example_python_decorator.py
[2025-07-03T17:38:54.550+0000] {processor.py:840} INFO - DAG(s) 'example_python_decorator' retrieved from /home/airflow/.local/lib/python3.8/site-packages/airflow/example_dags/example_python_decorator.py
[2025-07-03T17:38:54.599+0000] {logging_mixin.py:188} INFO - [2025-07-03T17:38:54.599+0000] {dag.py:3036} INFO - Sync 1 DAGs
[2025-07-03T17:38:54.624+0000] {logging_mixin.py:188} INFO - [2025-07-03T17:38:54.624+0000] {dag.py:3823} INFO - Setting next_dagrun for example_python_decorator to None, run_after=None
[2025-07-03T17:38:54.662+0000] {processor.py:183} INFO - Processing /home/airflow/.local/lib/python3.8/site-packages/airflow/example_dags/example_python_decorator.py took 0.157 seconds
[2025-07-03T17:39:24.961+0000] {processor.py:161} INFO - Started process (PID=681) to work on /home/airflow/.local/lib/python3.8/site-packages/airflow/example_dags/example_python_decorator.py
[2025-07-03T17:39:24.967+0000] {processor.py:830} INFO - Processing file /home/airflow/.local/lib/python3.8/site-packages/airflow/example_dags/example_python_decorator.py for tasks to queue
[2025-07-03T17:39:24.970+0000] {logging_mixin.py:188} INFO - [2025-07-03T17:39:24.969+0000] {dagbag.py:538} INFO - Filling up the DagBag from /home/airflow/.local/lib/python3.8/site-packages/airflow/example_dags/example_python_decorator.py
[2025-07-03T17:39:25.029+0000] {processor.py:840} INFO - DAG(s) 'example_python_decorator' retrieved from /home/airflow/.local/lib/python3.8/site-packages/airflow/example_dags/example_python_decorator.py
[2025-07-03T17:39:25.119+0000] {logging_mixin.py:188} INFO - [2025-07-03T17:39:25.118+0000] {dag.py:3036} INFO - Sync 1 DAGs
[2025-07-03T17:39:25.167+0000] {logging_mixin.py:188} INFO - [2025-07-03T17:39:25.166+0000] {dag.py:3823} INFO - Setting next_dagrun for example_python_decorator to None, run_after=None
[2025-07-03T17:39:25.237+0000] {processor.py:183} INFO - Processing /home/airflow/.local/lib/python3.8/site-packages/airflow/example_dags/example_python_decorator.py took 0.286 seconds
[2025-07-03T17:39:57.961+0000] {processor.py:161} INFO - Started process (PID=747) to work on /home/airflow/.local/lib/python3.8/site-packages/airflow/example_dags/example_python_decorator.py
[2025-07-03T17:39:57.973+0000] {processor.py:830} INFO - Processing file /home/airflow/.local/lib/python3.8/site-packages/airflow/example_dags/example_python_decorator.py for tasks to queue
[2025-07-03T17:39:57.976+0000] {logging_mixin.py:188} INFO - [2025-07-03T17:39:57.976+0000] {dagbag.py:538} INFO - Filling up the DagBag from /home/airflow/.local/lib/python3.8/site-packages/airflow/example_dags/example_python_decorator.py
[2025-07-03T17:39:58.050+0000] {processor.py:840} INFO - DAG(s) 'example_python_decorator' retrieved from /home/airflow/.local/lib/python3.8/site-packages/airflow/example_dags/example_python_decorator.py
[2025-07-03T17:39:58.234+0000] {logging_mixin.py:188} INFO - [2025-07-03T17:39:58.234+0000] {dag.py:3036} INFO - Sync 1 DAGs
[2025-07-03T17:39:58.268+0000] {logging_mixin.py:188} INFO - [2025-07-03T17:39:58.268+0000] {dag.py:3823} INFO - Setting next_dagrun for example_python_decorator to None, run_after=None
[2025-07-03T17:39:58.320+0000] {processor.py:183} INFO - Processing /home/airflow/.local/lib/python3.8/site-packages/airflow/example_dags/example_python_decorator.py took 0.379 seconds
[2025-07-03T17:40:28.852+0000] {processor.py:161} INFO - Started process (PID=811) to work on /home/airflow/.local/lib/python3.8/site-packages/airflow/example_dags/example_python_decorator.py
[2025-07-03T17:40:28.870+0000] {processor.py:830} INFO - Processing file /home/airflow/.local/lib/python3.8/site-packages/airflow/example_dags/example_python_decorator.py for tasks to queue
[2025-07-03T17:40:28.872+0000] {logging_mixin.py:188} INFO - [2025-07-03T17:40:28.871+0000] {dagbag.py:538} INFO - Filling up the DagBag from /home/airflow/.local/lib/python3.8/site-packages/airflow/example_dags/example_python_decorator.py
[2025-07-03T17:40:28.949+0000] {processor.py:840} INFO - DAG(s) 'example_python_decorator' retrieved from /home/airflow/.local/lib/python3.8/site-packages/airflow/example_dags/example_python_decorator.py
[2025-07-03T17:40:29.066+0000] {logging_mixin.py:188} INFO - [2025-07-03T17:40:29.065+0000] {dag.py:3036} INFO - Sync 1 DAGs
[2025-07-03T17:40:29.131+0000] {logging_mixin.py:188} INFO - [2025-07-03T17:40:29.130+0000] {dag.py:3823} INFO - Setting next_dagrun for example_python_decorator to None, run_after=None
[2025-07-03T17:40:29.229+0000] {processor.py:183} INFO - Processing /home/airflow/.local/lib/python3.8/site-packages/airflow/example_dags/example_python_decorator.py took 0.393 seconds
[2025-07-03T17:41:00.064+0000] {processor.py:161} INFO - Started process (PID=874) to work on /home/airflow/.local/lib/python3.8/site-packages/airflow/example_dags/example_python_decorator.py
[2025-07-03T17:41:00.070+0000] {processor.py:830} INFO - Processing file /home/airflow/.local/lib/python3.8/site-packages/airflow/example_dags/example_python_decorator.py for tasks to queue
[2025-07-03T17:41:00.087+0000] {logging_mixin.py:188} INFO - [2025-07-03T17:41:00.086+0000] {dagbag.py:538} INFO - Filling up the DagBag from /home/airflow/.local/lib/python3.8/site-packages/airflow/example_dags/example_python_decorator.py
[2025-07-03T17:41:00.158+0000] {processor.py:840} INFO - DAG(s) 'example_python_decorator' retrieved from /home/airflow/.local/lib/python3.8/site-packages/airflow/example_dags/example_python_decorator.py
[2025-07-03T17:41:00.230+0000] {logging_mixin.py:188} INFO - [2025-07-03T17:41:00.229+0000] {dag.py:3036} INFO - Sync 1 DAGs
[2025-07-03T17:41:00.277+0000] {logging_mixin.py:188} INFO - [2025-07-03T17:41:00.277+0000] {dag.py:3823} INFO - Setting next_dagrun for example_python_decorator to None, run_after=None
[2025-07-03T17:41:00.341+0000] {processor.py:183} INFO - Processing /home/airflow/.local/lib/python3.8/site-packages/airflow/example_dags/example_python_decorator.py took 0.288 seconds
[2025-07-03T17:41:31.067+0000] {processor.py:161} INFO - Started process (PID=941) to work on /home/airflow/.local/lib/python3.8/site-packages/airflow/example_dags/example_python_decorator.py
[2025-07-03T17:41:31.081+0000] {processor.py:830} INFO - Processing file /home/airflow/.local/lib/python3.8/site-packages/airflow/example_dags/example_python_decorator.py for tasks to queue
[2025-07-03T17:41:31.083+0000] {logging_mixin.py:188} INFO - [2025-07-03T17:41:31.083+0000] {dagbag.py:538} INFO - Filling up the DagBag from /home/airflow/.local/lib/python3.8/site-packages/airflow/example_dags/example_python_decorator.py
[2025-07-03T17:41:31.164+0000] {processor.py:840} INFO - DAG(s) 'example_python_decorator' retrieved from /home/airflow/.local/lib/python3.8/site-packages/airflow/example_dags/example_python_decorator.py
[2025-07-03T17:41:31.203+0000] {logging_mixin.py:188} INFO - [2025-07-03T17:41:31.202+0000] {dag.py:3036} INFO - Sync 1 DAGs
[2025-07-03T17:41:31.225+0000] {logging_mixin.py:188} INFO - [2025-07-03T17:41:31.225+0000] {dag.py:3823} INFO - Setting next_dagrun for example_python_decorator to None, run_after=None
[2025-07-03T17:41:31.267+0000] {processor.py:183} INFO - Processing /home/airflow/.local/lib/python3.8/site-packages/airflow/example_dags/example_python_decorator.py took 0.208 seconds
[2025-07-03T17:42:01.699+0000] {processor.py:161} INFO - Started process (PID=1006) to work on /home/airflow/.local/lib/python3.8/site-packages/airflow/example_dags/example_python_decorator.py
[2025-07-03T17:42:01.700+0000] {processor.py:830} INFO - Processing file /home/airflow/.local/lib/python3.8/site-packages/airflow/example_dags/example_python_decorator.py for tasks to queue
[2025-07-03T17:42:01.706+0000] {logging_mixin.py:188} INFO - [2025-07-03T17:42:01.705+0000] {dagbag.py:538} INFO - Filling up the DagBag from /home/airflow/.local/lib/python3.8/site-packages/airflow/example_dags/example_python_decorator.py
[2025-07-03T17:42:01.767+0000] {processor.py:840} INFO - DAG(s) 'example_python_decorator' retrieved from /home/airflow/.local/lib/python3.8/site-packages/airflow/example_dags/example_python_decorator.py
[2025-07-03T17:42:01.836+0000] {logging_mixin.py:188} INFO - [2025-07-03T17:42:01.835+0000] {dag.py:3036} INFO - Sync 1 DAGs
[2025-07-03T17:42:01.882+0000] {logging_mixin.py:188} INFO - [2025-07-03T17:42:01.882+0000] {dag.py:3823} INFO - Setting next_dagrun for example_python_decorator to None, run_after=None
[2025-07-03T17:42:01.950+0000] {processor.py:183} INFO - Processing /home/airflow/.local/lib/python3.8/site-packages/airflow/example_dags/example_python_decorator.py took 0.264 seconds
[2025-07-03T17:42:32.060+0000] {processor.py:161} INFO - Started process (PID=1071) to work on /home/airflow/.local/lib/python3.8/site-packages/airflow/example_dags/example_python_decorator.py
[2025-07-03T17:42:32.062+0000] {processor.py:830} INFO - Processing file /home/airflow/.local/lib/python3.8/site-packages/airflow/example_dags/example_python_decorator.py for tasks to queue
[2025-07-03T17:42:32.067+0000] {logging_mixin.py:188} INFO - [2025-07-03T17:42:32.066+0000] {dagbag.py:538} INFO - Filling up the DagBag from /home/airflow/.local/lib/python3.8/site-packages/airflow/example_dags/example_python_decorator.py
[2025-07-03T17:42:32.114+0000] {processor.py:840} INFO - DAG(s) 'example_python_decorator' retrieved from /home/airflow/.local/lib/python3.8/site-packages/airflow/example_dags/example_python_decorator.py
[2025-07-03T17:42:32.175+0000] {logging_mixin.py:188} INFO - [2025-07-03T17:42:32.175+0000] {dag.py:3036} INFO - Sync 1 DAGs
[2025-07-03T17:42:32.217+0000] {logging_mixin.py:188} INFO - [2025-07-03T17:42:32.217+0000] {dag.py:3823} INFO - Setting next_dagrun for example_python_decorator to None, run_after=None
[2025-07-03T17:42:32.278+0000] {processor.py:183} INFO - Processing /home/airflow/.local/lib/python3.8/site-packages/airflow/example_dags/example_python_decorator.py took 0.234 seconds
[2025-07-03T17:43:02.414+0000] {processor.py:161} INFO - Started process (PID=1136) to work on /home/airflow/.local/lib/python3.8/site-packages/airflow/example_dags/example_python_decorator.py
[2025-07-03T17:43:02.415+0000] {processor.py:830} INFO - Processing file /home/airflow/.local/lib/python3.8/site-packages/airflow/example_dags/example_python_decorator.py for tasks to queue
[2025-07-03T17:43:02.419+0000] {logging_mixin.py:188} INFO - [2025-07-03T17:43:02.418+0000] {dagbag.py:538} INFO - Filling up the DagBag from /home/airflow/.local/lib/python3.8/site-packages/airflow/example_dags/example_python_decorator.py
[2025-07-03T17:43:02.446+0000] {processor.py:840} INFO - DAG(s) 'example_python_decorator' retrieved from /home/airflow/.local/lib/python3.8/site-packages/airflow/example_dags/example_python_decorator.py
[2025-07-03T17:43:02.482+0000] {logging_mixin.py:188} INFO - [2025-07-03T17:43:02.482+0000] {dag.py:3036} INFO - Sync 1 DAGs
[2025-07-03T17:43:02.505+0000] {logging_mixin.py:188} INFO - [2025-07-03T17:43:02.505+0000] {dag.py:3823} INFO - Setting next_dagrun for example_python_decorator to None, run_after=None
[2025-07-03T17:43:02.536+0000] {processor.py:183} INFO - Processing /home/airflow/.local/lib/python3.8/site-packages/airflow/example_dags/example_python_decorator.py took 0.136 seconds
[2025-07-03T17:43:33.000+0000] {processor.py:161} INFO - Started process (PID=1202) to work on /home/airflow/.local/lib/python3.8/site-packages/airflow/example_dags/example_python_decorator.py
[2025-07-03T17:43:33.004+0000] {processor.py:830} INFO - Processing file /home/airflow/.local/lib/python3.8/site-packages/airflow/example_dags/example_python_decorator.py for tasks to queue
[2025-07-03T17:43:33.009+0000] {logging_mixin.py:188} INFO - [2025-07-03T17:43:33.008+0000] {dagbag.py:538} INFO - Filling up the DagBag from /home/airflow/.local/lib/python3.8/site-packages/airflow/example_dags/example_python_decorator.py
[2025-07-03T17:43:33.075+0000] {processor.py:840} INFO - DAG(s) 'example_python_decorator' retrieved from /home/airflow/.local/lib/python3.8/site-packages/airflow/example_dags/example_python_decorator.py
[2025-07-03T17:43:33.168+0000] {logging_mixin.py:188} INFO - [2025-07-03T17:43:33.167+0000] {dag.py:3036} INFO - Sync 1 DAGs
[2025-07-03T17:43:33.211+0000] {logging_mixin.py:188} INFO - [2025-07-03T17:43:33.211+0000] {dag.py:3823} INFO - Setting next_dagrun for example_python_decorator to None, run_after=None
[2025-07-03T17:43:33.268+0000] {processor.py:183} INFO - Processing /home/airflow/.local/lib/python3.8/site-packages/airflow/example_dags/example_python_decorator.py took 0.275 seconds
[2025-07-03T17:44:03.929+0000] {processor.py:161} INFO - Started process (PID=1267) to work on /home/airflow/.local/lib/python3.8/site-packages/airflow/example_dags/example_python_decorator.py
[2025-07-03T17:44:03.941+0000] {processor.py:830} INFO - Processing file /home/airflow/.local/lib/python3.8/site-packages/airflow/example_dags/example_python_decorator.py for tasks to queue
[2025-07-03T17:44:03.943+0000] {logging_mixin.py:188} INFO - [2025-07-03T17:44:03.943+0000] {dagbag.py:538} INFO - Filling up the DagBag from /home/airflow/.local/lib/python3.8/site-packages/airflow/example_dags/example_python_decorator.py
[2025-07-03T17:44:03.987+0000] {processor.py:840} INFO - DAG(s) 'example_python_decorator' retrieved from /home/airflow/.local/lib/python3.8/site-packages/airflow/example_dags/example_python_decorator.py
[2025-07-03T17:44:04.106+0000] {logging_mixin.py:188} INFO - [2025-07-03T17:44:04.105+0000] {dag.py:3036} INFO - Sync 1 DAGs
[2025-07-03T17:44:04.145+0000] {logging_mixin.py:188} INFO - [2025-07-03T17:44:04.144+0000] {dag.py:3823} INFO - Setting next_dagrun for example_python_decorator to None, run_after=None
[2025-07-03T17:44:04.222+0000] {processor.py:183} INFO - Processing /home/airflow/.local/lib/python3.8/site-packages/airflow/example_dags/example_python_decorator.py took 0.300 seconds
[2025-07-03T17:44:34.800+0000] {processor.py:161} INFO - Started process (PID=1332) to work on /home/airflow/.local/lib/python3.8/site-packages/airflow/example_dags/example_python_decorator.py
[2025-07-03T17:44:34.801+0000] {processor.py:830} INFO - Processing file /home/airflow/.local/lib/python3.8/site-packages/airflow/example_dags/example_python_decorator.py for tasks to queue
[2025-07-03T17:44:34.804+0000] {logging_mixin.py:188} INFO - [2025-07-03T17:44:34.803+0000] {dagbag.py:538} INFO - Filling up the DagBag from /home/airflow/.local/lib/python3.8/site-packages/airflow/example_dags/example_python_decorator.py
[2025-07-03T17:44:34.827+0000] {processor.py:840} INFO - DAG(s) 'example_python_decorator' retrieved from /home/airflow/.local/lib/python3.8/site-packages/airflow/example_dags/example_python_decorator.py
[2025-07-03T17:44:34.864+0000] {logging_mixin.py:188} INFO - [2025-07-03T17:44:34.864+0000] {dag.py:3036} INFO - Sync 1 DAGs
[2025-07-03T17:44:34.887+0000] {logging_mixin.py:188} INFO - [2025-07-03T17:44:34.886+0000] {dag.py:3823} INFO - Setting next_dagrun for example_python_decorator to None, run_after=None
[2025-07-03T17:44:34.918+0000] {processor.py:183} INFO - Processing /home/airflow/.local/lib/python3.8/site-packages/airflow/example_dags/example_python_decorator.py took 0.126 seconds
[2025-07-03T17:45:05.623+0000] {processor.py:161} INFO - Started process (PID=1397) to work on /home/airflow/.local/lib/python3.8/site-packages/airflow/example_dags/example_python_decorator.py
[2025-07-03T17:45:05.627+0000] {processor.py:830} INFO - Processing file /home/airflow/.local/lib/python3.8/site-packages/airflow/example_dags/example_python_decorator.py for tasks to queue
[2025-07-03T17:45:05.642+0000] {logging_mixin.py:188} INFO - [2025-07-03T17:45:05.641+0000] {dagbag.py:538} INFO - Filling up the DagBag from /home/airflow/.local/lib/python3.8/site-packages/airflow/example_dags/example_python_decorator.py
[2025-07-03T17:45:05.691+0000] {processor.py:840} INFO - DAG(s) 'example_python_decorator' retrieved from /home/airflow/.local/lib/python3.8/site-packages/airflow/example_dags/example_python_decorator.py
[2025-07-03T17:45:05.773+0000] {logging_mixin.py:188} INFO - [2025-07-03T17:45:05.773+0000] {dag.py:3036} INFO - Sync 1 DAGs
[2025-07-03T17:45:05.812+0000] {logging_mixin.py:188} INFO - [2025-07-03T17:45:05.811+0000] {dag.py:3823} INFO - Setting next_dagrun for example_python_decorator to None, run_after=None
[2025-07-03T17:45:05.882+0000] {processor.py:183} INFO - Processing /home/airflow/.local/lib/python3.8/site-packages/airflow/example_dags/example_python_decorator.py took 0.283 seconds
[2025-07-03T17:45:36.719+0000] {processor.py:161} INFO - Started process (PID=1462) to work on /home/airflow/.local/lib/python3.8/site-packages/airflow/example_dags/example_python_decorator.py
[2025-07-03T17:45:36.725+0000] {processor.py:830} INFO - Processing file /home/airflow/.local/lib/python3.8/site-packages/airflow/example_dags/example_python_decorator.py for tasks to queue
[2025-07-03T17:45:36.734+0000] {logging_mixin.py:188} INFO - [2025-07-03T17:45:36.733+0000] {dagbag.py:538} INFO - Filling up the DagBag from /home/airflow/.local/lib/python3.8/site-packages/airflow/example_dags/example_python_decorator.py
[2025-07-03T17:45:36.822+0000] {processor.py:840} INFO - DAG(s) 'example_python_decorator' retrieved from /home/airflow/.local/lib/python3.8/site-packages/airflow/example_dags/example_python_decorator.py
[2025-07-03T17:45:36.990+0000] {logging_mixin.py:188} INFO - [2025-07-03T17:45:36.989+0000] {dag.py:3036} INFO - Sync 1 DAGs
[2025-07-03T17:45:37.056+0000] {logging_mixin.py:188} INFO - [2025-07-03T17:45:37.055+0000] {dag.py:3823} INFO - Setting next_dagrun for example_python_decorator to None, run_after=None
[2025-07-03T17:45:37.193+0000] {processor.py:183} INFO - Processing /home/airflow/.local/lib/python3.8/site-packages/airflow/example_dags/example_python_decorator.py took 0.487 seconds
[2025-07-03T17:46:07.886+0000] {processor.py:161} INFO - Started process (PID=1527) to work on /home/airflow/.local/lib/python3.8/site-packages/airflow/example_dags/example_python_decorator.py
[2025-07-03T17:46:07.888+0000] {processor.py:830} INFO - Processing file /home/airflow/.local/lib/python3.8/site-packages/airflow/example_dags/example_python_decorator.py for tasks to queue
[2025-07-03T17:46:07.896+0000] {logging_mixin.py:188} INFO - [2025-07-03T17:46:07.896+0000] {dagbag.py:538} INFO - Filling up the DagBag from /home/airflow/.local/lib/python3.8/site-packages/airflow/example_dags/example_python_decorator.py
[2025-07-03T17:46:07.941+0000] {processor.py:840} INFO - DAG(s) 'example_python_decorator' retrieved from /home/airflow/.local/lib/python3.8/site-packages/airflow/example_dags/example_python_decorator.py
[2025-07-03T17:46:08.021+0000] {logging_mixin.py:188} INFO - [2025-07-03T17:46:08.020+0000] {dag.py:3036} INFO - Sync 1 DAGs
[2025-07-03T17:46:08.044+0000] {logging_mixin.py:188} INFO - [2025-07-03T17:46:08.044+0000] {dag.py:3823} INFO - Setting next_dagrun for example_python_decorator to None, run_after=None
[2025-07-03T17:46:08.093+0000] {processor.py:183} INFO - Processing /home/airflow/.local/lib/python3.8/site-packages/airflow/example_dags/example_python_decorator.py took 0.212 seconds
[2025-07-03T17:46:39.004+0000] {processor.py:161} INFO - Started process (PID=1591) to work on /home/airflow/.local/lib/python3.8/site-packages/airflow/example_dags/example_python_decorator.py
[2025-07-03T17:46:39.006+0000] {processor.py:830} INFO - Processing file /home/airflow/.local/lib/python3.8/site-packages/airflow/example_dags/example_python_decorator.py for tasks to queue
[2025-07-03T17:46:39.009+0000] {logging_mixin.py:188} INFO - [2025-07-03T17:46:39.008+0000] {dagbag.py:538} INFO - Filling up the DagBag from /home/airflow/.local/lib/python3.8/site-packages/airflow/example_dags/example_python_decorator.py
[2025-07-03T17:46:39.038+0000] {processor.py:840} INFO - DAG(s) 'example_python_decorator' retrieved from /home/airflow/.local/lib/python3.8/site-packages/airflow/example_dags/example_python_decorator.py
[2025-07-03T17:46:39.074+0000] {logging_mixin.py:188} INFO - [2025-07-03T17:46:39.074+0000] {dag.py:3036} INFO - Sync 1 DAGs
[2025-07-03T17:46:39.097+0000] {logging_mixin.py:188} INFO - [2025-07-03T17:46:39.097+0000] {dag.py:3823} INFO - Setting next_dagrun for example_python_decorator to None, run_after=None
[2025-07-03T17:46:39.136+0000] {processor.py:183} INFO - Processing /home/airflow/.local/lib/python3.8/site-packages/airflow/example_dags/example_python_decorator.py took 0.136 seconds
[2025-07-03T17:47:09.572+0000] {processor.py:161} INFO - Started process (PID=1656) to work on /home/airflow/.local/lib/python3.8/site-packages/airflow/example_dags/example_python_decorator.py
[2025-07-03T17:47:09.631+0000] {processor.py:830} INFO - Processing file /home/airflow/.local/lib/python3.8/site-packages/airflow/example_dags/example_python_decorator.py for tasks to queue
[2025-07-03T17:47:09.635+0000] {logging_mixin.py:188} INFO - [2025-07-03T17:47:09.634+0000] {dagbag.py:538} INFO - Filling up the DagBag from /home/airflow/.local/lib/python3.8/site-packages/airflow/example_dags/example_python_decorator.py
[2025-07-03T17:47:09.691+0000] {processor.py:840} INFO - DAG(s) 'example_python_decorator' retrieved from /home/airflow/.local/lib/python3.8/site-packages/airflow/example_dags/example_python_decorator.py
[2025-07-03T17:47:09.750+0000] {logging_mixin.py:188} INFO - [2025-07-03T17:47:09.749+0000] {dag.py:3036} INFO - Sync 1 DAGs
[2025-07-03T17:47:09.793+0000] {logging_mixin.py:188} INFO - [2025-07-03T17:47:09.793+0000] {dag.py:3823} INFO - Setting next_dagrun for example_python_decorator to None, run_after=None
[2025-07-03T17:47:09.850+0000] {processor.py:183} INFO - Processing /home/airflow/.local/lib/python3.8/site-packages/airflow/example_dags/example_python_decorator.py took 0.292 seconds
[2025-07-03T17:47:40.091+0000] {processor.py:161} INFO - Started process (PID=1721) to work on /home/airflow/.local/lib/python3.8/site-packages/airflow/example_dags/example_python_decorator.py
[2025-07-03T17:47:40.092+0000] {processor.py:830} INFO - Processing file /home/airflow/.local/lib/python3.8/site-packages/airflow/example_dags/example_python_decorator.py for tasks to queue
[2025-07-03T17:47:40.095+0000] {logging_mixin.py:188} INFO - [2025-07-03T17:47:40.095+0000] {dagbag.py:538} INFO - Filling up the DagBag from /home/airflow/.local/lib/python3.8/site-packages/airflow/example_dags/example_python_decorator.py
[2025-07-03T17:47:40.121+0000] {processor.py:840} INFO - DAG(s) 'example_python_decorator' retrieved from /home/airflow/.local/lib/python3.8/site-packages/airflow/example_dags/example_python_decorator.py
[2025-07-03T17:47:40.157+0000] {logging_mixin.py:188} INFO - [2025-07-03T17:47:40.157+0000] {dag.py:3036} INFO - Sync 1 DAGs
[2025-07-03T17:47:40.180+0000] {logging_mixin.py:188} INFO - [2025-07-03T17:47:40.179+0000] {dag.py:3823} INFO - Setting next_dagrun for example_python_decorator to None, run_after=None
[2025-07-03T17:47:40.215+0000] {processor.py:183} INFO - Processing /home/airflow/.local/lib/python3.8/site-packages/airflow/example_dags/example_python_decorator.py took 0.135 seconds
[2025-07-03T17:48:10.501+0000] {processor.py:161} INFO - Started process (PID=1786) to work on /home/airflow/.local/lib/python3.8/site-packages/airflow/example_dags/example_python_decorator.py
[2025-07-03T17:48:10.502+0000] {processor.py:830} INFO - Processing file /home/airflow/.local/lib/python3.8/site-packages/airflow/example_dags/example_python_decorator.py for tasks to queue
[2025-07-03T17:48:10.504+0000] {logging_mixin.py:188} INFO - [2025-07-03T17:48:10.504+0000] {dagbag.py:538} INFO - Filling up the DagBag from /home/airflow/.local/lib/python3.8/site-packages/airflow/example_dags/example_python_decorator.py
[2025-07-03T17:48:10.532+0000] {processor.py:840} INFO - DAG(s) 'example_python_decorator' retrieved from /home/airflow/.local/lib/python3.8/site-packages/airflow/example_dags/example_python_decorator.py
[2025-07-03T17:48:10.570+0000] {logging_mixin.py:188} INFO - [2025-07-03T17:48:10.570+0000] {dag.py:3036} INFO - Sync 1 DAGs
[2025-07-03T17:48:10.594+0000] {logging_mixin.py:188} INFO - [2025-07-03T17:48:10.593+0000] {dag.py:3823} INFO - Setting next_dagrun for example_python_decorator to None, run_after=None
[2025-07-03T17:48:10.627+0000] {processor.py:183} INFO - Processing /home/airflow/.local/lib/python3.8/site-packages/airflow/example_dags/example_python_decorator.py took 0.131 seconds
[2025-07-03T17:48:41.014+0000] {processor.py:161} INFO - Started process (PID=1851) to work on /home/airflow/.local/lib/python3.8/site-packages/airflow/example_dags/example_python_decorator.py
[2025-07-03T17:48:41.016+0000] {processor.py:830} INFO - Processing file /home/airflow/.local/lib/python3.8/site-packages/airflow/example_dags/example_python_decorator.py for tasks to queue
[2025-07-03T17:48:41.019+0000] {logging_mixin.py:188} INFO - [2025-07-03T17:48:41.018+0000] {dagbag.py:538} INFO - Filling up the DagBag from /home/airflow/.local/lib/python3.8/site-packages/airflow/example_dags/example_python_decorator.py
[2025-07-03T17:48:41.048+0000] {processor.py:840} INFO - DAG(s) 'example_python_decorator' retrieved from /home/airflow/.local/lib/python3.8/site-packages/airflow/example_dags/example_python_decorator.py
[2025-07-03T17:48:41.092+0000] {logging_mixin.py:188} INFO - [2025-07-03T17:48:41.091+0000] {dag.py:3036} INFO - Sync 1 DAGs
[2025-07-03T17:48:41.159+0000] {logging_mixin.py:188} INFO - [2025-07-03T17:48:41.159+0000] {dag.py:3823} INFO - Setting next_dagrun for example_python_decorator to None, run_after=None
[2025-07-03T17:48:41.281+0000] {processor.py:183} INFO - Processing /home/airflow/.local/lib/python3.8/site-packages/airflow/example_dags/example_python_decorator.py took 0.272 seconds
[2025-07-03T17:49:12.091+0000] {processor.py:161} INFO - Started process (PID=1917) to work on /home/airflow/.local/lib/python3.8/site-packages/airflow/example_dags/example_python_decorator.py
[2025-07-03T17:49:12.092+0000] {processor.py:830} INFO - Processing file /home/airflow/.local/lib/python3.8/site-packages/airflow/example_dags/example_python_decorator.py for tasks to queue
[2025-07-03T17:49:12.107+0000] {logging_mixin.py:188} INFO - [2025-07-03T17:49:12.106+0000] {dagbag.py:538} INFO - Filling up the DagBag from /home/airflow/.local/lib/python3.8/site-packages/airflow/example_dags/example_python_decorator.py
[2025-07-03T17:49:12.178+0000] {processor.py:840} INFO - DAG(s) 'example_python_decorator' retrieved from /home/airflow/.local/lib/python3.8/site-packages/airflow/example_dags/example_python_decorator.py
[2025-07-03T17:49:12.241+0000] {logging_mixin.py:188} INFO - [2025-07-03T17:49:12.240+0000] {dag.py:3036} INFO - Sync 1 DAGs
[2025-07-03T17:49:12.281+0000] {logging_mixin.py:188} INFO - [2025-07-03T17:49:12.281+0000] {dag.py:3823} INFO - Setting next_dagrun for example_python_decorator to None, run_after=None
[2025-07-03T17:49:12.380+0000] {processor.py:183} INFO - Processing /home/airflow/.local/lib/python3.8/site-packages/airflow/example_dags/example_python_decorator.py took 0.306 seconds
[2025-07-03T17:49:43.023+0000] {processor.py:161} INFO - Started process (PID=1982) to work on /home/airflow/.local/lib/python3.8/site-packages/airflow/example_dags/example_python_decorator.py
[2025-07-03T17:49:43.033+0000] {processor.py:830} INFO - Processing file /home/airflow/.local/lib/python3.8/site-packages/airflow/example_dags/example_python_decorator.py for tasks to queue
[2025-07-03T17:49:43.035+0000] {logging_mixin.py:188} INFO - [2025-07-03T17:49:43.035+0000] {dagbag.py:538} INFO - Filling up the DagBag from /home/airflow/.local/lib/python3.8/site-packages/airflow/example_dags/example_python_decorator.py
[2025-07-03T17:49:43.073+0000] {processor.py:840} INFO - DAG(s) 'example_python_decorator' retrieved from /home/airflow/.local/lib/python3.8/site-packages/airflow/example_dags/example_python_decorator.py
[2025-07-03T17:49:43.146+0000] {logging_mixin.py:188} INFO - [2025-07-03T17:49:43.146+0000] {dag.py:3036} INFO - Sync 1 DAGs
[2025-07-03T17:49:43.188+0000] {logging_mixin.py:188} INFO - [2025-07-03T17:49:43.187+0000] {dag.py:3823} INFO - Setting next_dagrun for example_python_decorator to None, run_after=None
[2025-07-03T17:49:43.251+0000] {processor.py:183} INFO - Processing /home/airflow/.local/lib/python3.8/site-packages/airflow/example_dags/example_python_decorator.py took 0.239 seconds
[2025-07-03T17:50:13.472+0000] {processor.py:161} INFO - Started process (PID=2048) to work on /home/airflow/.local/lib/python3.8/site-packages/airflow/example_dags/example_python_decorator.py
[2025-07-03T17:50:13.482+0000] {processor.py:830} INFO - Processing file /home/airflow/.local/lib/python3.8/site-packages/airflow/example_dags/example_python_decorator.py for tasks to queue
[2025-07-03T17:50:13.492+0000] {logging_mixin.py:188} INFO - [2025-07-03T17:50:13.484+0000] {dagbag.py:538} INFO - Filling up the DagBag from /home/airflow/.local/lib/python3.8/site-packages/airflow/example_dags/example_python_decorator.py
[2025-07-03T17:50:13.556+0000] {processor.py:840} INFO - DAG(s) 'example_python_decorator' retrieved from /home/airflow/.local/lib/python3.8/site-packages/airflow/example_dags/example_python_decorator.py
[2025-07-03T17:50:13.661+0000] {logging_mixin.py:188} INFO - [2025-07-03T17:50:13.660+0000] {dag.py:3036} INFO - Sync 1 DAGs
[2025-07-03T17:50:13.693+0000] {logging_mixin.py:188} INFO - [2025-07-03T17:50:13.692+0000] {dag.py:3823} INFO - Setting next_dagrun for example_python_decorator to None, run_after=None
[2025-07-03T17:50:13.836+0000] {processor.py:183} INFO - Processing /home/airflow/.local/lib/python3.8/site-packages/airflow/example_dags/example_python_decorator.py took 0.376 seconds
[2025-07-03T17:50:44.497+0000] {processor.py:161} INFO - Started process (PID=2114) to work on /home/airflow/.local/lib/python3.8/site-packages/airflow/example_dags/example_python_decorator.py
[2025-07-03T17:50:44.499+0000] {processor.py:830} INFO - Processing file /home/airflow/.local/lib/python3.8/site-packages/airflow/example_dags/example_python_decorator.py for tasks to queue
[2025-07-03T17:50:44.502+0000] {logging_mixin.py:188} INFO - [2025-07-03T17:50:44.502+0000] {dagbag.py:538} INFO - Filling up the DagBag from /home/airflow/.local/lib/python3.8/site-packages/airflow/example_dags/example_python_decorator.py
[2025-07-03T17:50:44.537+0000] {processor.py:840} INFO - DAG(s) 'example_python_decorator' retrieved from /home/airflow/.local/lib/python3.8/site-packages/airflow/example_dags/example_python_decorator.py
[2025-07-03T17:50:44.574+0000] {logging_mixin.py:188} INFO - [2025-07-03T17:50:44.574+0000] {dag.py:3036} INFO - Sync 1 DAGs
[2025-07-03T17:50:44.598+0000] {logging_mixin.py:188} INFO - [2025-07-03T17:50:44.598+0000] {dag.py:3823} INFO - Setting next_dagrun for example_python_decorator to None, run_after=None
[2025-07-03T17:50:44.629+0000] {processor.py:183} INFO - Processing /home/airflow/.local/lib/python3.8/site-packages/airflow/example_dags/example_python_decorator.py took 0.138 seconds
[2025-07-03T17:51:14.835+0000] {processor.py:161} INFO - Started process (PID=2184) to work on /home/airflow/.local/lib/python3.8/site-packages/airflow/example_dags/example_python_decorator.py
[2025-07-03T17:51:14.839+0000] {processor.py:830} INFO - Processing file /home/airflow/.local/lib/python3.8/site-packages/airflow/example_dags/example_python_decorator.py for tasks to queue
[2025-07-03T17:51:14.843+0000] {logging_mixin.py:188} INFO - [2025-07-03T17:51:14.842+0000] {dagbag.py:538} INFO - Filling up the DagBag from /home/airflow/.local/lib/python3.8/site-packages/airflow/example_dags/example_python_decorator.py
[2025-07-03T17:51:14.904+0000] {processor.py:840} INFO - DAG(s) 'example_python_decorator' retrieved from /home/airflow/.local/lib/python3.8/site-packages/airflow/example_dags/example_python_decorator.py
[2025-07-03T17:51:14.989+0000] {logging_mixin.py:188} INFO - [2025-07-03T17:51:14.989+0000] {dag.py:3036} INFO - Sync 1 DAGs
[2025-07-03T17:51:15.036+0000] {logging_mixin.py:188} INFO - [2025-07-03T17:51:15.036+0000] {dag.py:3823} INFO - Setting next_dagrun for example_python_decorator to None, run_after=None
[2025-07-03T17:51:15.139+0000] {processor.py:183} INFO - Processing /home/airflow/.local/lib/python3.8/site-packages/airflow/example_dags/example_python_decorator.py took 0.316 seconds
[2025-07-03T17:51:45.814+0000] {processor.py:161} INFO - Started process (PID=2250) to work on /home/airflow/.local/lib/python3.8/site-packages/airflow/example_dags/example_python_decorator.py
[2025-07-03T17:51:45.821+0000] {processor.py:830} INFO - Processing file /home/airflow/.local/lib/python3.8/site-packages/airflow/example_dags/example_python_decorator.py for tasks to queue
[2025-07-03T17:51:45.824+0000] {logging_mixin.py:188} INFO - [2025-07-03T17:51:45.824+0000] {dagbag.py:538} INFO - Filling up the DagBag from /home/airflow/.local/lib/python3.8/site-packages/airflow/example_dags/example_python_decorator.py
[2025-07-03T17:51:45.863+0000] {processor.py:840} INFO - DAG(s) 'example_python_decorator' retrieved from /home/airflow/.local/lib/python3.8/site-packages/airflow/example_dags/example_python_decorator.py
[2025-07-03T17:51:45.934+0000] {logging_mixin.py:188} INFO - [2025-07-03T17:51:45.933+0000] {dag.py:3036} INFO - Sync 1 DAGs
[2025-07-03T17:51:45.976+0000] {logging_mixin.py:188} INFO - [2025-07-03T17:51:45.976+0000] {dag.py:3823} INFO - Setting next_dagrun for example_python_decorator to None, run_after=None
[2025-07-03T17:51:46.018+0000] {processor.py:183} INFO - Processing /home/airflow/.local/lib/python3.8/site-packages/airflow/example_dags/example_python_decorator.py took 0.217 seconds
[2025-07-03T17:52:16.741+0000] {processor.py:161} INFO - Started process (PID=2317) to work on /home/airflow/.local/lib/python3.8/site-packages/airflow/example_dags/example_python_decorator.py
[2025-07-03T17:52:16.749+0000] {processor.py:830} INFO - Processing file /home/airflow/.local/lib/python3.8/site-packages/airflow/example_dags/example_python_decorator.py for tasks to queue
[2025-07-03T17:52:16.751+0000] {logging_mixin.py:188} INFO - [2025-07-03T17:52:16.751+0000] {dagbag.py:538} INFO - Filling up the DagBag from /home/airflow/.local/lib/python3.8/site-packages/airflow/example_dags/example_python_decorator.py
[2025-07-03T17:52:16.787+0000] {processor.py:840} INFO - DAG(s) 'example_python_decorator' retrieved from /home/airflow/.local/lib/python3.8/site-packages/airflow/example_dags/example_python_decorator.py
[2025-07-03T17:52:16.842+0000] {logging_mixin.py:188} INFO - [2025-07-03T17:52:16.842+0000] {dag.py:3036} INFO - Sync 1 DAGs
[2025-07-03T17:52:16.866+0000] {logging_mixin.py:188} INFO - [2025-07-03T17:52:16.865+0000] {dag.py:3823} INFO - Setting next_dagrun for example_python_decorator to None, run_after=None
[2025-07-03T17:52:16.904+0000] {processor.py:183} INFO - Processing /home/airflow/.local/lib/python3.8/site-packages/airflow/example_dags/example_python_decorator.py took 0.175 seconds
[2025-07-03T17:52:47.296+0000] {processor.py:161} INFO - Started process (PID=2382) to work on /home/airflow/.local/lib/python3.8/site-packages/airflow/example_dags/example_python_decorator.py
[2025-07-03T17:52:47.298+0000] {processor.py:830} INFO - Processing file /home/airflow/.local/lib/python3.8/site-packages/airflow/example_dags/example_python_decorator.py for tasks to queue
[2025-07-03T17:52:47.300+0000] {logging_mixin.py:188} INFO - [2025-07-03T17:52:47.300+0000] {dagbag.py:538} INFO - Filling up the DagBag from /home/airflow/.local/lib/python3.8/site-packages/airflow/example_dags/example_python_decorator.py
[2025-07-03T17:52:47.330+0000] {processor.py:840} INFO - DAG(s) 'example_python_decorator' retrieved from /home/airflow/.local/lib/python3.8/site-packages/airflow/example_dags/example_python_decorator.py
[2025-07-03T17:52:47.431+0000] {logging_mixin.py:188} INFO - [2025-07-03T17:52:47.431+0000] {dag.py:3036} INFO - Sync 1 DAGs
[2025-07-03T17:52:47.474+0000] {logging_mixin.py:188} INFO - [2025-07-03T17:52:47.473+0000] {dag.py:3823} INFO - Setting next_dagrun for example_python_decorator to None, run_after=None
[2025-07-03T17:52:47.529+0000] {processor.py:183} INFO - Processing /home/airflow/.local/lib/python3.8/site-packages/airflow/example_dags/example_python_decorator.py took 0.238 seconds
[2025-07-03T17:53:17.709+0000] {processor.py:161} INFO - Started process (PID=2440) to work on /home/airflow/.local/lib/python3.8/site-packages/airflow/example_dags/example_python_decorator.py
[2025-07-03T17:53:17.711+0000] {processor.py:830} INFO - Processing file /home/airflow/.local/lib/python3.8/site-packages/airflow/example_dags/example_python_decorator.py for tasks to queue
[2025-07-03T17:53:17.714+0000] {logging_mixin.py:188} INFO - [2025-07-03T17:53:17.713+0000] {dagbag.py:538} INFO - Filling up the DagBag from /home/airflow/.local/lib/python3.8/site-packages/airflow/example_dags/example_python_decorator.py
[2025-07-03T17:53:17.738+0000] {processor.py:840} INFO - DAG(s) 'example_python_decorator' retrieved from /home/airflow/.local/lib/python3.8/site-packages/airflow/example_dags/example_python_decorator.py
[2025-07-03T17:53:17.775+0000] {logging_mixin.py:188} INFO - [2025-07-03T17:53:17.775+0000] {dag.py:3036} INFO - Sync 1 DAGs
[2025-07-03T17:53:17.799+0000] {logging_mixin.py:188} INFO - [2025-07-03T17:53:17.798+0000] {dag.py:3823} INFO - Setting next_dagrun for example_python_decorator to None, run_after=None
[2025-07-03T17:53:17.835+0000] {processor.py:183} INFO - Processing /home/airflow/.local/lib/python3.8/site-packages/airflow/example_dags/example_python_decorator.py took 0.134 seconds
[2025-07-03T17:53:48.166+0000] {processor.py:161} INFO - Started process (PID=2507) to work on /home/airflow/.local/lib/python3.8/site-packages/airflow/example_dags/example_python_decorator.py
[2025-07-03T17:53:48.168+0000] {processor.py:830} INFO - Processing file /home/airflow/.local/lib/python3.8/site-packages/airflow/example_dags/example_python_decorator.py for tasks to queue
[2025-07-03T17:53:48.171+0000] {logging_mixin.py:188} INFO - [2025-07-03T17:53:48.170+0000] {dagbag.py:538} INFO - Filling up the DagBag from /home/airflow/.local/lib/python3.8/site-packages/airflow/example_dags/example_python_decorator.py
[2025-07-03T17:53:48.197+0000] {processor.py:840} INFO - DAG(s) 'example_python_decorator' retrieved from /home/airflow/.local/lib/python3.8/site-packages/airflow/example_dags/example_python_decorator.py
[2025-07-03T17:53:48.237+0000] {logging_mixin.py:188} INFO - [2025-07-03T17:53:48.237+0000] {dag.py:3036} INFO - Sync 1 DAGs
[2025-07-03T17:53:48.264+0000] {logging_mixin.py:188} INFO - [2025-07-03T17:53:48.263+0000] {dag.py:3823} INFO - Setting next_dagrun for example_python_decorator to None, run_after=None
[2025-07-03T17:53:48.310+0000] {processor.py:183} INFO - Processing /home/airflow/.local/lib/python3.8/site-packages/airflow/example_dags/example_python_decorator.py took 0.149 seconds
[2025-07-03T17:54:18.670+0000] {processor.py:161} INFO - Started process (PID=2571) to work on /home/airflow/.local/lib/python3.8/site-packages/airflow/example_dags/example_python_decorator.py
[2025-07-03T17:54:18.671+0000] {processor.py:830} INFO - Processing file /home/airflow/.local/lib/python3.8/site-packages/airflow/example_dags/example_python_decorator.py for tasks to queue
[2025-07-03T17:54:18.674+0000] {logging_mixin.py:188} INFO - [2025-07-03T17:54:18.673+0000] {dagbag.py:538} INFO - Filling up the DagBag from /home/airflow/.local/lib/python3.8/site-packages/airflow/example_dags/example_python_decorator.py
[2025-07-03T17:54:18.701+0000] {processor.py:840} INFO - DAG(s) 'example_python_decorator' retrieved from /home/airflow/.local/lib/python3.8/site-packages/airflow/example_dags/example_python_decorator.py
[2025-07-03T17:54:18.740+0000] {logging_mixin.py:188} INFO - [2025-07-03T17:54:18.740+0000] {dag.py:3036} INFO - Sync 1 DAGs
[2025-07-03T17:54:18.763+0000] {logging_mixin.py:188} INFO - [2025-07-03T17:54:18.763+0000] {dag.py:3823} INFO - Setting next_dagrun for example_python_decorator to None, run_after=None
[2025-07-03T17:54:18.797+0000] {processor.py:183} INFO - Processing /home/airflow/.local/lib/python3.8/site-packages/airflow/example_dags/example_python_decorator.py took 0.132 seconds
[2025-07-03T17:54:49.379+0000] {processor.py:161} INFO - Started process (PID=2635) to work on /home/airflow/.local/lib/python3.8/site-packages/airflow/example_dags/example_python_decorator.py
[2025-07-03T17:54:49.385+0000] {processor.py:830} INFO - Processing file /home/airflow/.local/lib/python3.8/site-packages/airflow/example_dags/example_python_decorator.py for tasks to queue
[2025-07-03T17:54:49.388+0000] {logging_mixin.py:188} INFO - [2025-07-03T17:54:49.387+0000] {dagbag.py:538} INFO - Filling up the DagBag from /home/airflow/.local/lib/python3.8/site-packages/airflow/example_dags/example_python_decorator.py
[2025-07-03T17:54:49.436+0000] {processor.py:840} INFO - DAG(s) 'example_python_decorator' retrieved from /home/airflow/.local/lib/python3.8/site-packages/airflow/example_dags/example_python_decorator.py
[2025-07-03T17:54:49.550+0000] {logging_mixin.py:188} INFO - [2025-07-03T17:54:49.549+0000] {dag.py:3036} INFO - Sync 1 DAGs
[2025-07-03T17:54:49.596+0000] {logging_mixin.py:188} INFO - [2025-07-03T17:54:49.595+0000] {dag.py:3823} INFO - Setting next_dagrun for example_python_decorator to None, run_after=None
[2025-07-03T17:54:49.670+0000] {processor.py:183} INFO - Processing /home/airflow/.local/lib/python3.8/site-packages/airflow/example_dags/example_python_decorator.py took 0.296 seconds
[2025-07-03T17:55:20.197+0000] {processor.py:161} INFO - Started process (PID=2700) to work on /home/airflow/.local/lib/python3.8/site-packages/airflow/example_dags/example_python_decorator.py
[2025-07-03T17:55:20.198+0000] {processor.py:830} INFO - Processing file /home/airflow/.local/lib/python3.8/site-packages/airflow/example_dags/example_python_decorator.py for tasks to queue
[2025-07-03T17:55:20.200+0000] {logging_mixin.py:188} INFO - [2025-07-03T17:55:20.200+0000] {dagbag.py:538} INFO - Filling up the DagBag from /home/airflow/.local/lib/python3.8/site-packages/airflow/example_dags/example_python_decorator.py
[2025-07-03T17:55:20.257+0000] {processor.py:840} INFO - DAG(s) 'example_python_decorator' retrieved from /home/airflow/.local/lib/python3.8/site-packages/airflow/example_dags/example_python_decorator.py
[2025-07-03T17:55:20.303+0000] {logging_mixin.py:188} INFO - [2025-07-03T17:55:20.302+0000] {dag.py:3036} INFO - Sync 1 DAGs
[2025-07-03T17:55:20.327+0000] {logging_mixin.py:188} INFO - [2025-07-03T17:55:20.327+0000] {dag.py:3823} INFO - Setting next_dagrun for example_python_decorator to None, run_after=None
[2025-07-03T17:55:20.410+0000] {processor.py:183} INFO - Processing /home/airflow/.local/lib/python3.8/site-packages/airflow/example_dags/example_python_decorator.py took 0.233 seconds
[2025-07-03T17:55:50.550+0000] {processor.py:161} INFO - Started process (PID=2765) to work on /home/airflow/.local/lib/python3.8/site-packages/airflow/example_dags/example_python_decorator.py
[2025-07-03T17:55:50.606+0000] {processor.py:830} INFO - Processing file /home/airflow/.local/lib/python3.8/site-packages/airflow/example_dags/example_python_decorator.py for tasks to queue
[2025-07-03T17:55:50.608+0000] {logging_mixin.py:188} INFO - [2025-07-03T17:55:50.608+0000] {dagbag.py:538} INFO - Filling up the DagBag from /home/airflow/.local/lib/python3.8/site-packages/airflow/example_dags/example_python_decorator.py
[2025-07-03T17:55:50.633+0000] {processor.py:840} INFO - DAG(s) 'example_python_decorator' retrieved from /home/airflow/.local/lib/python3.8/site-packages/airflow/example_dags/example_python_decorator.py
[2025-07-03T17:55:50.671+0000] {logging_mixin.py:188} INFO - [2025-07-03T17:55:50.670+0000] {dag.py:3036} INFO - Sync 1 DAGs
[2025-07-03T17:55:50.694+0000] {logging_mixin.py:188} INFO - [2025-07-03T17:55:50.694+0000] {dag.py:3823} INFO - Setting next_dagrun for example_python_decorator to None, run_after=None
[2025-07-03T17:55:50.729+0000] {processor.py:183} INFO - Processing /home/airflow/.local/lib/python3.8/site-packages/airflow/example_dags/example_python_decorator.py took 0.182 seconds
[2025-07-03T17:56:21.080+0000] {processor.py:161} INFO - Started process (PID=2831) to work on /home/airflow/.local/lib/python3.8/site-packages/airflow/example_dags/example_python_decorator.py
[2025-07-03T17:56:21.081+0000] {processor.py:830} INFO - Processing file /home/airflow/.local/lib/python3.8/site-packages/airflow/example_dags/example_python_decorator.py for tasks to queue
[2025-07-03T17:56:21.084+0000] {logging_mixin.py:188} INFO - [2025-07-03T17:56:21.083+0000] {dagbag.py:538} INFO - Filling up the DagBag from /home/airflow/.local/lib/python3.8/site-packages/airflow/example_dags/example_python_decorator.py
[2025-07-03T17:56:21.110+0000] {processor.py:840} INFO - DAG(s) 'example_python_decorator' retrieved from /home/airflow/.local/lib/python3.8/site-packages/airflow/example_dags/example_python_decorator.py
[2025-07-03T17:56:21.151+0000] {logging_mixin.py:188} INFO - [2025-07-03T17:56:21.151+0000] {dag.py:3036} INFO - Sync 1 DAGs
[2025-07-03T17:56:21.176+0000] {logging_mixin.py:188} INFO - [2025-07-03T17:56:21.175+0000] {dag.py:3823} INFO - Setting next_dagrun for example_python_decorator to None, run_after=None
[2025-07-03T17:56:21.211+0000] {processor.py:183} INFO - Processing /home/airflow/.local/lib/python3.8/site-packages/airflow/example_dags/example_python_decorator.py took 0.136 seconds
[2025-07-03T17:56:51.479+0000] {processor.py:161} INFO - Started process (PID=2896) to work on /home/airflow/.local/lib/python3.8/site-packages/airflow/example_dags/example_python_decorator.py
[2025-07-03T17:56:51.481+0000] {processor.py:830} INFO - Processing file /home/airflow/.local/lib/python3.8/site-packages/airflow/example_dags/example_python_decorator.py for tasks to queue
[2025-07-03T17:56:51.484+0000] {logging_mixin.py:188} INFO - [2025-07-03T17:56:51.484+0000] {dagbag.py:538} INFO - Filling up the DagBag from /home/airflow/.local/lib/python3.8/site-packages/airflow/example_dags/example_python_decorator.py
[2025-07-03T17:56:51.600+0000] {processor.py:840} INFO - DAG(s) 'example_python_decorator' retrieved from /home/airflow/.local/lib/python3.8/site-packages/airflow/example_dags/example_python_decorator.py
[2025-07-03T17:56:51.734+0000] {logging_mixin.py:188} INFO - [2025-07-03T17:56:51.733+0000] {dag.py:3036} INFO - Sync 1 DAGs
[2025-07-03T17:56:51.844+0000] {logging_mixin.py:188} INFO - [2025-07-03T17:56:51.844+0000] {dag.py:3823} INFO - Setting next_dagrun for example_python_decorator to None, run_after=None
[2025-07-03T17:56:51.985+0000] {processor.py:183} INFO - Processing /home/airflow/.local/lib/python3.8/site-packages/airflow/example_dags/example_python_decorator.py took 0.537 seconds
[2025-07-03T17:57:23.141+0000] {processor.py:161} INFO - Started process (PID=2959) to work on /home/airflow/.local/lib/python3.8/site-packages/airflow/example_dags/example_python_decorator.py
[2025-07-03T17:57:23.149+0000] {processor.py:830} INFO - Processing file /home/airflow/.local/lib/python3.8/site-packages/airflow/example_dags/example_python_decorator.py for tasks to queue
[2025-07-03T17:57:23.152+0000] {logging_mixin.py:188} INFO - [2025-07-03T17:57:23.151+0000] {dagbag.py:538} INFO - Filling up the DagBag from /home/airflow/.local/lib/python3.8/site-packages/airflow/example_dags/example_python_decorator.py
[2025-07-03T17:57:23.212+0000] {processor.py:840} INFO - DAG(s) 'example_python_decorator' retrieved from /home/airflow/.local/lib/python3.8/site-packages/airflow/example_dags/example_python_decorator.py
[2025-07-03T17:57:23.442+0000] {logging_mixin.py:188} INFO - [2025-07-03T17:57:23.441+0000] {dag.py:3036} INFO - Sync 1 DAGs
[2025-07-03T17:57:23.553+0000] {logging_mixin.py:188} INFO - [2025-07-03T17:57:23.552+0000] {dag.py:3823} INFO - Setting next_dagrun for example_python_decorator to None, run_after=None
[2025-07-03T17:57:23.680+0000] {processor.py:183} INFO - Processing /home/airflow/.local/lib/python3.8/site-packages/airflow/example_dags/example_python_decorator.py took 0.556 seconds
[2025-07-03T17:57:54.623+0000] {processor.py:161} INFO - Started process (PID=3016) to work on /home/airflow/.local/lib/python3.8/site-packages/airflow/example_dags/example_python_decorator.py
[2025-07-03T17:57:54.624+0000] {processor.py:830} INFO - Processing file /home/airflow/.local/lib/python3.8/site-packages/airflow/example_dags/example_python_decorator.py for tasks to queue
[2025-07-03T17:57:54.644+0000] {logging_mixin.py:188} INFO - [2025-07-03T17:57:54.644+0000] {dagbag.py:538} INFO - Filling up the DagBag from /home/airflow/.local/lib/python3.8/site-packages/airflow/example_dags/example_python_decorator.py
[2025-07-03T17:57:54.750+0000] {processor.py:840} INFO - DAG(s) 'example_python_decorator' retrieved from /home/airflow/.local/lib/python3.8/site-packages/airflow/example_dags/example_python_decorator.py
[2025-07-03T17:57:54.878+0000] {logging_mixin.py:188} INFO - [2025-07-03T17:57:54.877+0000] {dag.py:3036} INFO - Sync 1 DAGs
[2025-07-03T17:57:54.941+0000] {logging_mixin.py:188} INFO - [2025-07-03T17:57:54.941+0000] {dag.py:3823} INFO - Setting next_dagrun for example_python_decorator to None, run_after=None
[2025-07-03T17:57:55.021+0000] {processor.py:183} INFO - Processing /home/airflow/.local/lib/python3.8/site-packages/airflow/example_dags/example_python_decorator.py took 0.411 seconds
[2025-07-03T17:58:26.292+0000] {processor.py:161} INFO - Started process (PID=3082) to work on /home/airflow/.local/lib/python3.8/site-packages/airflow/example_dags/example_python_decorator.py
[2025-07-03T17:58:26.307+0000] {processor.py:830} INFO - Processing file /home/airflow/.local/lib/python3.8/site-packages/airflow/example_dags/example_python_decorator.py for tasks to queue
[2025-07-03T17:58:26.320+0000] {logging_mixin.py:188} INFO - [2025-07-03T17:58:26.320+0000] {dagbag.py:538} INFO - Filling up the DagBag from /home/airflow/.local/lib/python3.8/site-packages/airflow/example_dags/example_python_decorator.py
[2025-07-03T17:58:26.437+0000] {processor.py:840} INFO - DAG(s) 'example_python_decorator' retrieved from /home/airflow/.local/lib/python3.8/site-packages/airflow/example_dags/example_python_decorator.py
[2025-07-03T17:58:26.560+0000] {logging_mixin.py:188} INFO - [2025-07-03T17:58:26.559+0000] {dag.py:3036} INFO - Sync 1 DAGs
[2025-07-03T17:58:26.653+0000] {logging_mixin.py:188} INFO - [2025-07-03T17:58:26.653+0000] {dag.py:3823} INFO - Setting next_dagrun for example_python_decorator to None, run_after=None
[2025-07-03T17:58:26.754+0000] {processor.py:183} INFO - Processing /home/airflow/.local/lib/python3.8/site-packages/airflow/example_dags/example_python_decorator.py took 0.492 seconds
[2025-07-03T17:58:57.046+0000] {processor.py:161} INFO - Started process (PID=3145) to work on /home/airflow/.local/lib/python3.8/site-packages/airflow/example_dags/example_python_decorator.py
[2025-07-03T17:58:57.047+0000] {processor.py:830} INFO - Processing file /home/airflow/.local/lib/python3.8/site-packages/airflow/example_dags/example_python_decorator.py for tasks to queue
[2025-07-03T17:58:57.049+0000] {logging_mixin.py:188} INFO - [2025-07-03T17:58:57.049+0000] {dagbag.py:538} INFO - Filling up the DagBag from /home/airflow/.local/lib/python3.8/site-packages/airflow/example_dags/example_python_decorator.py
[2025-07-03T17:58:57.116+0000] {processor.py:840} INFO - DAG(s) 'example_python_decorator' retrieved from /home/airflow/.local/lib/python3.8/site-packages/airflow/example_dags/example_python_decorator.py
[2025-07-03T17:58:57.279+0000] {logging_mixin.py:188} INFO - [2025-07-03T17:58:57.279+0000] {dag.py:3036} INFO - Sync 1 DAGs
[2025-07-03T17:58:57.381+0000] {logging_mixin.py:188} INFO - [2025-07-03T17:58:57.381+0000] {dag.py:3823} INFO - Setting next_dagrun for example_python_decorator to None, run_after=None
[2025-07-03T17:58:57.530+0000] {processor.py:183} INFO - Processing /home/airflow/.local/lib/python3.8/site-packages/airflow/example_dags/example_python_decorator.py took 0.497 seconds
[2025-07-03T17:59:28.141+0000] {processor.py:161} INFO - Started process (PID=3210) to work on /home/airflow/.local/lib/python3.8/site-packages/airflow/example_dags/example_python_decorator.py
[2025-07-03T17:59:28.149+0000] {processor.py:830} INFO - Processing file /home/airflow/.local/lib/python3.8/site-packages/airflow/example_dags/example_python_decorator.py for tasks to queue
[2025-07-03T17:59:28.152+0000] {logging_mixin.py:188} INFO - [2025-07-03T17:59:28.151+0000] {dagbag.py:538} INFO - Filling up the DagBag from /home/airflow/.local/lib/python3.8/site-packages/airflow/example_dags/example_python_decorator.py
[2025-07-03T17:59:28.231+0000] {processor.py:840} INFO - DAG(s) 'example_python_decorator' retrieved from /home/airflow/.local/lib/python3.8/site-packages/airflow/example_dags/example_python_decorator.py
[2025-07-03T17:59:28.362+0000] {logging_mixin.py:188} INFO - [2025-07-03T17:59:28.361+0000] {dag.py:3036} INFO - Sync 1 DAGs
[2025-07-03T17:59:28.417+0000] {logging_mixin.py:188} INFO - [2025-07-03T17:59:28.417+0000] {dag.py:3823} INFO - Setting next_dagrun for example_python_decorator to None, run_after=None
[2025-07-03T17:59:29.217+0000] {processor.py:183} INFO - Processing /home/airflow/.local/lib/python3.8/site-packages/airflow/example_dags/example_python_decorator.py took 1.092 seconds
[2025-07-03T17:59:59.635+0000] {processor.py:161} INFO - Started process (PID=3274) to work on /home/airflow/.local/lib/python3.8/site-packages/airflow/example_dags/example_python_decorator.py
[2025-07-03T17:59:59.645+0000] {processor.py:830} INFO - Processing file /home/airflow/.local/lib/python3.8/site-packages/airflow/example_dags/example_python_decorator.py for tasks to queue
[2025-07-03T17:59:59.647+0000] {logging_mixin.py:188} INFO - [2025-07-03T17:59:59.647+0000] {dagbag.py:538} INFO - Filling up the DagBag from /home/airflow/.local/lib/python3.8/site-packages/airflow/example_dags/example_python_decorator.py
[2025-07-03T17:59:59.706+0000] {processor.py:840} INFO - DAG(s) 'example_python_decorator' retrieved from /home/airflow/.local/lib/python3.8/site-packages/airflow/example_dags/example_python_decorator.py
[2025-07-03T17:59:59.792+0000] {logging_mixin.py:188} INFO - [2025-07-03T17:59:59.792+0000] {dag.py:3036} INFO - Sync 1 DAGs
[2025-07-03T17:59:59.844+0000] {logging_mixin.py:188} INFO - [2025-07-03T17:59:59.844+0000] {dag.py:3823} INFO - Setting next_dagrun for example_python_decorator to None, run_after=None
[2025-07-03T17:59:59.880+0000] {processor.py:183} INFO - Processing /home/airflow/.local/lib/python3.8/site-packages/airflow/example_dags/example_python_decorator.py took 0.249 seconds
[2025-07-03T18:00:30.226+0000] {processor.py:161} INFO - Started process (PID=3338) to work on /home/airflow/.local/lib/python3.8/site-packages/airflow/example_dags/example_python_decorator.py
[2025-07-03T18:00:30.227+0000] {processor.py:830} INFO - Processing file /home/airflow/.local/lib/python3.8/site-packages/airflow/example_dags/example_python_decorator.py for tasks to queue
[2025-07-03T18:00:30.240+0000] {logging_mixin.py:188} INFO - [2025-07-03T18:00:30.239+0000] {dagbag.py:538} INFO - Filling up the DagBag from /home/airflow/.local/lib/python3.8/site-packages/airflow/example_dags/example_python_decorator.py
[2025-07-03T18:00:30.319+0000] {processor.py:840} INFO - DAG(s) 'example_python_decorator' retrieved from /home/airflow/.local/lib/python3.8/site-packages/airflow/example_dags/example_python_decorator.py
[2025-07-03T18:00:30.365+0000] {logging_mixin.py:188} INFO - [2025-07-03T18:00:30.364+0000] {dag.py:3036} INFO - Sync 1 DAGs
[2025-07-03T18:00:30.389+0000] {logging_mixin.py:188} INFO - [2025-07-03T18:00:30.389+0000] {dag.py:3823} INFO - Setting next_dagrun for example_python_decorator to None, run_after=None
[2025-07-03T18:00:30.438+0000] {processor.py:183} INFO - Processing /home/airflow/.local/lib/python3.8/site-packages/airflow/example_dags/example_python_decorator.py took 0.229 seconds
[2025-07-03T18:01:00.977+0000] {processor.py:161} INFO - Started process (PID=3403) to work on /home/airflow/.local/lib/python3.8/site-packages/airflow/example_dags/example_python_decorator.py
[2025-07-03T18:01:00.989+0000] {processor.py:830} INFO - Processing file /home/airflow/.local/lib/python3.8/site-packages/airflow/example_dags/example_python_decorator.py for tasks to queue
[2025-07-03T18:01:00.992+0000] {logging_mixin.py:188} INFO - [2025-07-03T18:01:00.991+0000] {dagbag.py:538} INFO - Filling up the DagBag from /home/airflow/.local/lib/python3.8/site-packages/airflow/example_dags/example_python_decorator.py
[2025-07-03T18:01:01.134+0000] {processor.py:840} INFO - DAG(s) 'example_python_decorator' retrieved from /home/airflow/.local/lib/python3.8/site-packages/airflow/example_dags/example_python_decorator.py
[2025-07-03T18:01:01.206+0000] {logging_mixin.py:188} INFO - [2025-07-03T18:01:01.205+0000] {dag.py:3036} INFO - Sync 1 DAGs
[2025-07-03T18:01:01.251+0000] {logging_mixin.py:188} INFO - [2025-07-03T18:01:01.250+0000] {dag.py:3823} INFO - Setting next_dagrun for example_python_decorator to None, run_after=None
[2025-07-03T18:01:01.337+0000] {processor.py:183} INFO - Processing /home/airflow/.local/lib/python3.8/site-packages/airflow/example_dags/example_python_decorator.py took 0.380 seconds
[2025-07-03T18:01:31.919+0000] {processor.py:161} INFO - Started process (PID=3460) to work on /home/airflow/.local/lib/python3.8/site-packages/airflow/example_dags/example_python_decorator.py
[2025-07-03T18:01:31.920+0000] {processor.py:830} INFO - Processing file /home/airflow/.local/lib/python3.8/site-packages/airflow/example_dags/example_python_decorator.py for tasks to queue
[2025-07-03T18:01:31.922+0000] {logging_mixin.py:188} INFO - [2025-07-03T18:01:31.922+0000] {dagbag.py:538} INFO - Filling up the DagBag from /home/airflow/.local/lib/python3.8/site-packages/airflow/example_dags/example_python_decorator.py
[2025-07-03T18:01:31.987+0000] {processor.py:840} INFO - DAG(s) 'example_python_decorator' retrieved from /home/airflow/.local/lib/python3.8/site-packages/airflow/example_dags/example_python_decorator.py
[2025-07-03T18:01:32.411+0000] {logging_mixin.py:188} INFO - [2025-07-03T18:01:32.410+0000] {dag.py:3036} INFO - Sync 1 DAGs
[2025-07-03T18:01:32.489+0000] {logging_mixin.py:188} INFO - [2025-07-03T18:01:32.489+0000] {dag.py:3823} INFO - Setting next_dagrun for example_python_decorator to None, run_after=None
[2025-07-03T18:01:32.533+0000] {processor.py:183} INFO - Processing /home/airflow/.local/lib/python3.8/site-packages/airflow/example_dags/example_python_decorator.py took 0.619 seconds
[2025-07-03T18:02:02.631+0000] {processor.py:161} INFO - Started process (PID=3524) to work on /home/airflow/.local/lib/python3.8/site-packages/airflow/example_dags/example_python_decorator.py
[2025-07-03T18:02:02.635+0000] {processor.py:830} INFO - Processing file /home/airflow/.local/lib/python3.8/site-packages/airflow/example_dags/example_python_decorator.py for tasks to queue
[2025-07-03T18:02:02.637+0000] {logging_mixin.py:188} INFO - [2025-07-03T18:02:02.637+0000] {dagbag.py:538} INFO - Filling up the DagBag from /home/airflow/.local/lib/python3.8/site-packages/airflow/example_dags/example_python_decorator.py
[2025-07-03T18:02:02.675+0000] {processor.py:840} INFO - DAG(s) 'example_python_decorator' retrieved from /home/airflow/.local/lib/python3.8/site-packages/airflow/example_dags/example_python_decorator.py
[2025-07-03T18:02:02.734+0000] {logging_mixin.py:188} INFO - [2025-07-03T18:02:02.733+0000] {dag.py:3036} INFO - Sync 1 DAGs
[2025-07-03T18:02:02.757+0000] {logging_mixin.py:188} INFO - [2025-07-03T18:02:02.756+0000] {dag.py:3823} INFO - Setting next_dagrun for example_python_decorator to None, run_after=None
[2025-07-03T18:02:03.011+0000] {processor.py:183} INFO - Processing /home/airflow/.local/lib/python3.8/site-packages/airflow/example_dags/example_python_decorator.py took 0.385 seconds
[2025-07-03T18:02:33.561+0000] {processor.py:161} INFO - Started process (PID=3589) to work on /home/airflow/.local/lib/python3.8/site-packages/airflow/example_dags/example_python_decorator.py
[2025-07-03T18:02:33.562+0000] {processor.py:830} INFO - Processing file /home/airflow/.local/lib/python3.8/site-packages/airflow/example_dags/example_python_decorator.py for tasks to queue
[2025-07-03T18:02:33.564+0000] {logging_mixin.py:188} INFO - [2025-07-03T18:02:33.564+0000] {dagbag.py:538} INFO - Filling up the DagBag from /home/airflow/.local/lib/python3.8/site-packages/airflow/example_dags/example_python_decorator.py
[2025-07-03T18:02:33.672+0000] {processor.py:840} INFO - DAG(s) 'example_python_decorator' retrieved from /home/airflow/.local/lib/python3.8/site-packages/airflow/example_dags/example_python_decorator.py
[2025-07-03T18:02:33.802+0000] {logging_mixin.py:188} INFO - [2025-07-03T18:02:33.801+0000] {dag.py:3036} INFO - Sync 1 DAGs
[2025-07-03T18:02:33.873+0000] {logging_mixin.py:188} INFO - [2025-07-03T18:02:33.872+0000] {dag.py:3823} INFO - Setting next_dagrun for example_python_decorator to None, run_after=None
[2025-07-03T18:02:33.926+0000] {processor.py:183} INFO - Processing /home/airflow/.local/lib/python3.8/site-packages/airflow/example_dags/example_python_decorator.py took 0.389 seconds
[2025-07-03T18:03:05.298+0000] {processor.py:161} INFO - Started process (PID=3655) to work on /home/airflow/.local/lib/python3.8/site-packages/airflow/example_dags/example_python_decorator.py
[2025-07-03T18:03:05.302+0000] {processor.py:830} INFO - Processing file /home/airflow/.local/lib/python3.8/site-packages/airflow/example_dags/example_python_decorator.py for tasks to queue
[2025-07-03T18:03:05.319+0000] {logging_mixin.py:188} INFO - [2025-07-03T18:03:05.319+0000] {dagbag.py:538} INFO - Filling up the DagBag from /home/airflow/.local/lib/python3.8/site-packages/airflow/example_dags/example_python_decorator.py
[2025-07-03T18:03:05.495+0000] {processor.py:840} INFO - DAG(s) 'example_python_decorator' retrieved from /home/airflow/.local/lib/python3.8/site-packages/airflow/example_dags/example_python_decorator.py
[2025-07-03T18:03:05.762+0000] {logging_mixin.py:188} INFO - [2025-07-03T18:03:05.761+0000] {dag.py:3036} INFO - Sync 1 DAGs
[2025-07-03T18:03:06.028+0000] {logging_mixin.py:188} INFO - [2025-07-03T18:03:06.027+0000] {dag.py:3823} INFO - Setting next_dagrun for example_python_decorator to None, run_after=None
[2025-07-03T18:03:06.449+0000] {processor.py:183} INFO - Processing /home/airflow/.local/lib/python3.8/site-packages/airflow/example_dags/example_python_decorator.py took 1.180 seconds
[2025-07-03T18:04:26.757+0000] {processor.py:161} INFO - Started process (PID=3738) to work on /home/airflow/.local/lib/python3.8/site-packages/airflow/example_dags/example_python_decorator.py
[2025-07-03T18:04:26.761+0000] {processor.py:830} INFO - Processing file /home/airflow/.local/lib/python3.8/site-packages/airflow/example_dags/example_python_decorator.py for tasks to queue
[2025-07-03T18:04:26.814+0000] {logging_mixin.py:188} INFO - [2025-07-03T18:04:26.813+0000] {dagbag.py:538} INFO - Filling up the DagBag from /home/airflow/.local/lib/python3.8/site-packages/airflow/example_dags/example_python_decorator.py
[2025-07-03T18:04:27.288+0000] {processor.py:840} INFO - DAG(s) 'example_python_decorator' retrieved from /home/airflow/.local/lib/python3.8/site-packages/airflow/example_dags/example_python_decorator.py
[2025-07-03T18:04:28.043+0000] {logging_mixin.py:188} INFO - [2025-07-03T18:04:28.042+0000] {dag.py:3036} INFO - Sync 1 DAGs
[2025-07-03T18:04:28.604+0000] {logging_mixin.py:188} INFO - [2025-07-03T18:04:28.604+0000] {dag.py:3823} INFO - Setting next_dagrun for example_python_decorator to None, run_after=None
[2025-07-03T18:04:29.341+0000] {processor.py:183} INFO - Processing /home/airflow/.local/lib/python3.8/site-packages/airflow/example_dags/example_python_decorator.py took 2.725 seconds
[2025-07-03T18:06:46.170+0000] {processor.py:161} INFO - Started process (PID=3849) to work on /home/airflow/.local/lib/python3.8/site-packages/airflow/example_dags/example_python_decorator.py
[2025-07-03T18:06:46.189+0000] {processor.py:830} INFO - Processing file /home/airflow/.local/lib/python3.8/site-packages/airflow/example_dags/example_python_decorator.py for tasks to queue
[2025-07-03T18:06:46.298+0000] {logging_mixin.py:188} INFO - [2025-07-03T18:06:46.297+0000] {dagbag.py:538} INFO - Filling up the DagBag from /home/airflow/.local/lib/python3.8/site-packages/airflow/example_dags/example_python_decorator.py
[2025-07-03T18:06:47.271+0000] {processor.py:840} INFO - DAG(s) 'example_python_decorator' retrieved from /home/airflow/.local/lib/python3.8/site-packages/airflow/example_dags/example_python_decorator.py
[2025-07-03T18:06:48.229+0000] {logging_mixin.py:188} INFO - [2025-07-03T18:06:48.229+0000] {dag.py:3036} INFO - Sync 1 DAGs
[2025-07-03T18:06:49.408+0000] {logging_mixin.py:188} INFO - [2025-07-03T18:06:49.280+0000] {dag.py:3823} INFO - Setting next_dagrun for example_python_decorator to None, run_after=None
[2025-07-03T18:06:50.460+0000] {processor.py:183} INFO - Processing /home/airflow/.local/lib/python3.8/site-packages/airflow/example_dags/example_python_decorator.py took 4.560 seconds
[2025-07-03T18:21:13.842+0000] {processor.py:161} INFO - Started process (PID=120) to work on /home/airflow/.local/lib/python3.8/site-packages/airflow/example_dags/example_python_decorator.py
[2025-07-03T18:21:13.846+0000] {processor.py:830} INFO - Processing file /home/airflow/.local/lib/python3.8/site-packages/airflow/example_dags/example_python_decorator.py for tasks to queue
[2025-07-03T18:21:13.848+0000] {logging_mixin.py:188} INFO - [2025-07-03T18:21:13.848+0000] {dagbag.py:538} INFO - Filling up the DagBag from /home/airflow/.local/lib/python3.8/site-packages/airflow/example_dags/example_python_decorator.py
[2025-07-03T18:21:13.879+0000] {processor.py:840} INFO - DAG(s) 'example_python_decorator' retrieved from /home/airflow/.local/lib/python3.8/site-packages/airflow/example_dags/example_python_decorator.py
[2025-07-03T18:21:14.096+0000] {logging_mixin.py:188} INFO - [2025-07-03T18:21:14.095+0000] {dag.py:3036} INFO - Sync 1 DAGs
[2025-07-03T18:21:14.122+0000] {logging_mixin.py:188} INFO - [2025-07-03T18:21:14.121+0000] {dag.py:3823} INFO - Setting next_dagrun for example_python_decorator to None, run_after=None
[2025-07-03T18:21:14.157+0000] {processor.py:183} INFO - Processing /home/airflow/.local/lib/python3.8/site-packages/airflow/example_dags/example_python_decorator.py took 0.319 seconds
[2025-07-03T18:21:44.839+0000] {processor.py:161} INFO - Started process (PID=185) to work on /home/airflow/.local/lib/python3.8/site-packages/airflow/example_dags/example_python_decorator.py
[2025-07-03T18:21:44.841+0000] {processor.py:830} INFO - Processing file /home/airflow/.local/lib/python3.8/site-packages/airflow/example_dags/example_python_decorator.py for tasks to queue
[2025-07-03T18:21:44.843+0000] {logging_mixin.py:188} INFO - [2025-07-03T18:21:44.842+0000] {dagbag.py:538} INFO - Filling up the DagBag from /home/airflow/.local/lib/python3.8/site-packages/airflow/example_dags/example_python_decorator.py
[2025-07-03T18:21:44.865+0000] {processor.py:840} INFO - DAG(s) 'example_python_decorator' retrieved from /home/airflow/.local/lib/python3.8/site-packages/airflow/example_dags/example_python_decorator.py
[2025-07-03T18:21:44.910+0000] {logging_mixin.py:188} INFO - [2025-07-03T18:21:44.910+0000] {dag.py:3036} INFO - Sync 1 DAGs
[2025-07-03T18:21:44.954+0000] {logging_mixin.py:188} INFO - [2025-07-03T18:21:44.952+0000] {dag.py:3823} INFO - Setting next_dagrun for example_python_decorator to None, run_after=None
[2025-07-03T18:21:45.000+0000] {processor.py:183} INFO - Processing /home/airflow/.local/lib/python3.8/site-packages/airflow/example_dags/example_python_decorator.py took 0.165 seconds
[2025-07-03T18:22:15.239+0000] {processor.py:161} INFO - Started process (PID=250) to work on /home/airflow/.local/lib/python3.8/site-packages/airflow/example_dags/example_python_decorator.py
[2025-07-03T18:22:15.241+0000] {processor.py:830} INFO - Processing file /home/airflow/.local/lib/python3.8/site-packages/airflow/example_dags/example_python_decorator.py for tasks to queue
[2025-07-03T18:22:15.244+0000] {logging_mixin.py:188} INFO - [2025-07-03T18:22:15.243+0000] {dagbag.py:538} INFO - Filling up the DagBag from /home/airflow/.local/lib/python3.8/site-packages/airflow/example_dags/example_python_decorator.py
[2025-07-03T18:22:15.267+0000] {processor.py:840} INFO - DAG(s) 'example_python_decorator' retrieved from /home/airflow/.local/lib/python3.8/site-packages/airflow/example_dags/example_python_decorator.py
[2025-07-03T18:22:15.302+0000] {logging_mixin.py:188} INFO - [2025-07-03T18:22:15.302+0000] {dag.py:3036} INFO - Sync 1 DAGs
[2025-07-03T18:22:15.326+0000] {logging_mixin.py:188} INFO - [2025-07-03T18:22:15.325+0000] {dag.py:3823} INFO - Setting next_dagrun for example_python_decorator to None, run_after=None
[2025-07-03T18:22:15.355+0000] {processor.py:183} INFO - Processing /home/airflow/.local/lib/python3.8/site-packages/airflow/example_dags/example_python_decorator.py took 0.121 seconds
[2025-07-03T18:22:46.588+0000] {processor.py:161} INFO - Started process (PID=317) to work on /home/airflow/.local/lib/python3.8/site-packages/airflow/example_dags/example_python_decorator.py
[2025-07-03T18:22:46.589+0000] {processor.py:830} INFO - Processing file /home/airflow/.local/lib/python3.8/site-packages/airflow/example_dags/example_python_decorator.py for tasks to queue
[2025-07-03T18:22:46.592+0000] {logging_mixin.py:188} INFO - [2025-07-03T18:22:46.592+0000] {dagbag.py:538} INFO - Filling up the DagBag from /home/airflow/.local/lib/python3.8/site-packages/airflow/example_dags/example_python_decorator.py
[2025-07-03T18:22:46.618+0000] {processor.py:840} INFO - DAG(s) 'example_python_decorator' retrieved from /home/airflow/.local/lib/python3.8/site-packages/airflow/example_dags/example_python_decorator.py
[2025-07-03T18:22:46.656+0000] {logging_mixin.py:188} INFO - [2025-07-03T18:22:46.656+0000] {dag.py:3036} INFO - Sync 1 DAGs
[2025-07-03T18:22:46.680+0000] {logging_mixin.py:188} INFO - [2025-07-03T18:22:46.679+0000] {dag.py:3823} INFO - Setting next_dagrun for example_python_decorator to None, run_after=None
[2025-07-03T18:22:46.709+0000] {processor.py:183} INFO - Processing /home/airflow/.local/lib/python3.8/site-packages/airflow/example_dags/example_python_decorator.py took 0.126 seconds
[2025-07-03T18:23:16.777+0000] {processor.py:161} INFO - Started process (PID=383) to work on /home/airflow/.local/lib/python3.8/site-packages/airflow/example_dags/example_python_decorator.py
[2025-07-03T18:23:16.781+0000] {processor.py:830} INFO - Processing file /home/airflow/.local/lib/python3.8/site-packages/airflow/example_dags/example_python_decorator.py for tasks to queue
[2025-07-03T18:23:16.784+0000] {logging_mixin.py:188} INFO - [2025-07-03T18:23:16.784+0000] {dagbag.py:538} INFO - Filling up the DagBag from /home/airflow/.local/lib/python3.8/site-packages/airflow/example_dags/example_python_decorator.py
[2025-07-03T18:23:16.826+0000] {processor.py:840} INFO - DAG(s) 'example_python_decorator' retrieved from /home/airflow/.local/lib/python3.8/site-packages/airflow/example_dags/example_python_decorator.py
[2025-07-03T18:23:16.918+0000] {logging_mixin.py:188} INFO - [2025-07-03T18:23:16.917+0000] {dag.py:3036} INFO - Sync 1 DAGs
[2025-07-03T18:23:16.965+0000] {logging_mixin.py:188} INFO - [2025-07-03T18:23:16.965+0000] {dag.py:3823} INFO - Setting next_dagrun for example_python_decorator to None, run_after=None
[2025-07-03T18:23:17.019+0000] {processor.py:183} INFO - Processing /home/airflow/.local/lib/python3.8/site-packages/airflow/example_dags/example_python_decorator.py took 0.254 seconds
[2025-07-03T18:23:47.157+0000] {processor.py:161} INFO - Started process (PID=447) to work on /home/airflow/.local/lib/python3.8/site-packages/airflow/example_dags/example_python_decorator.py
[2025-07-03T18:23:47.159+0000] {processor.py:830} INFO - Processing file /home/airflow/.local/lib/python3.8/site-packages/airflow/example_dags/example_python_decorator.py for tasks to queue
[2025-07-03T18:23:47.161+0000] {logging_mixin.py:188} INFO - [2025-07-03T18:23:47.161+0000] {dagbag.py:538} INFO - Filling up the DagBag from /home/airflow/.local/lib/python3.8/site-packages/airflow/example_dags/example_python_decorator.py
[2025-07-03T18:23:47.188+0000] {processor.py:840} INFO - DAG(s) 'example_python_decorator' retrieved from /home/airflow/.local/lib/python3.8/site-packages/airflow/example_dags/example_python_decorator.py
[2025-07-03T18:23:47.227+0000] {logging_mixin.py:188} INFO - [2025-07-03T18:23:47.227+0000] {dag.py:3036} INFO - Sync 1 DAGs
[2025-07-03T18:23:47.255+0000] {logging_mixin.py:188} INFO - [2025-07-03T18:23:47.255+0000] {dag.py:3823} INFO - Setting next_dagrun for example_python_decorator to None, run_after=None
[2025-07-03T18:23:47.292+0000] {processor.py:183} INFO - Processing /home/airflow/.local/lib/python3.8/site-packages/airflow/example_dags/example_python_decorator.py took 0.140 seconds
[2025-07-03T18:24:18.099+0000] {processor.py:161} INFO - Started process (PID=520) to work on /home/airflow/.local/lib/python3.8/site-packages/airflow/example_dags/example_python_decorator.py
[2025-07-03T18:24:18.101+0000] {processor.py:830} INFO - Processing file /home/airflow/.local/lib/python3.8/site-packages/airflow/example_dags/example_python_decorator.py for tasks to queue
[2025-07-03T18:24:18.110+0000] {logging_mixin.py:188} INFO - [2025-07-03T18:24:18.110+0000] {dagbag.py:538} INFO - Filling up the DagBag from /home/airflow/.local/lib/python3.8/site-packages/airflow/example_dags/example_python_decorator.py
[2025-07-03T18:24:18.153+0000] {processor.py:840} INFO - DAG(s) 'example_python_decorator' retrieved from /home/airflow/.local/lib/python3.8/site-packages/airflow/example_dags/example_python_decorator.py
[2025-07-03T18:24:18.189+0000] {logging_mixin.py:188} INFO - [2025-07-03T18:24:18.188+0000] {dag.py:3036} INFO - Sync 1 DAGs
[2025-07-03T18:24:18.212+0000] {logging_mixin.py:188} INFO - [2025-07-03T18:24:18.212+0000] {dag.py:3823} INFO - Setting next_dagrun for example_python_decorator to None, run_after=None
[2025-07-03T18:24:18.242+0000] {processor.py:183} INFO - Processing /home/airflow/.local/lib/python3.8/site-packages/airflow/example_dags/example_python_decorator.py took 0.148 seconds
