[2025-07-03T17:35:35.874+0000] {processor.py:161} INFO - Started process (PID=228) to work on /home/airflow/.local/lib/python3.8/site-packages/airflow/example_dags/example_xcomargs.py
[2025-07-03T17:35:35.885+0000] {processor.py:830} INFO - Processing file /home/airflow/.local/lib/python3.8/site-packages/airflow/example_dags/example_xcomargs.py for tasks to queue
[2025-07-03T17:35:35.888+0000] {logging_mixin.py:188} INFO - [2025-07-03T17:35:35.887+0000] {dagbag.py:538} INFO - Filling up the DagBag from /home/airflow/.local/lib/python3.8/site-packages/airflow/example_dags/example_xcomargs.py
[2025-07-03T17:35:35.920+0000] {processor.py:840} INFO - DAG(s) 'example_xcom_args_with_operators', 'example_xcom_args' retrieved from /home/airflow/.local/lib/python3.8/site-packages/airflow/example_dags/example_xcomargs.py
[2025-07-03T17:35:36.566+0000] {logging_mixin.py:188} INFO - [2025-07-03T17:35:36.566+0000] {dag.py:3036} INFO - Sync 2 DAGs
[2025-07-03T17:35:36.680+0000] {logging_mixin.py:188} INFO - [2025-07-03T17:35:36.680+0000] {dag.py:3823} INFO - Setting next_dagrun for example_xcom_args to None, run_after=None
[2025-07-03T17:35:36.710+0000] {logging_mixin.py:188} INFO - [2025-07-03T17:35:36.709+0000] {dag.py:3823} INFO - Setting next_dagrun for example_xcom_args_with_operators to None, run_after=None
[2025-07-03T17:35:36.841+0000] {processor.py:183} INFO - Processing /home/airflow/.local/lib/python3.8/site-packages/airflow/example_dags/example_xcomargs.py took 0.972 seconds
[2025-07-03T17:36:08.820+0000] {processor.py:161} INFO - Started process (PID=292) to work on /home/airflow/.local/lib/python3.8/site-packages/airflow/example_dags/example_xcomargs.py
[2025-07-03T17:36:08.849+0000] {processor.py:830} INFO - Processing file /home/airflow/.local/lib/python3.8/site-packages/airflow/example_dags/example_xcomargs.py for tasks to queue
[2025-07-03T17:36:08.858+0000] {logging_mixin.py:188} INFO - [2025-07-03T17:36:08.857+0000] {dagbag.py:538} INFO - Filling up the DagBag from /home/airflow/.local/lib/python3.8/site-packages/airflow/example_dags/example_xcomargs.py
[2025-07-03T17:36:08.986+0000] {processor.py:840} INFO - DAG(s) 'example_xcom_args', 'example_xcom_args_with_operators' retrieved from /home/airflow/.local/lib/python3.8/site-packages/airflow/example_dags/example_xcomargs.py
[2025-07-03T17:36:09.574+0000] {logging_mixin.py:188} INFO - [2025-07-03T17:36:09.574+0000] {dag.py:3036} INFO - Sync 2 DAGs
[2025-07-03T17:36:09.724+0000] {logging_mixin.py:188} INFO - [2025-07-03T17:36:09.724+0000] {dag.py:3823} INFO - Setting next_dagrun for example_xcom_args to None, run_after=None
[2025-07-03T17:36:09.790+0000] {logging_mixin.py:188} INFO - [2025-07-03T17:36:09.790+0000] {dag.py:3823} INFO - Setting next_dagrun for example_xcom_args_with_operators to None, run_after=None
[2025-07-03T17:36:09.965+0000] {processor.py:183} INFO - Processing /home/airflow/.local/lib/python3.8/site-packages/airflow/example_dags/example_xcomargs.py took 1.177 seconds
[2025-07-03T17:36:40.429+0000] {processor.py:161} INFO - Started process (PID=350) to work on /home/airflow/.local/lib/python3.8/site-packages/airflow/example_dags/example_xcomargs.py
[2025-07-03T17:36:40.433+0000] {processor.py:830} INFO - Processing file /home/airflow/.local/lib/python3.8/site-packages/airflow/example_dags/example_xcomargs.py for tasks to queue
[2025-07-03T17:36:40.436+0000] {logging_mixin.py:188} INFO - [2025-07-03T17:36:40.435+0000] {dagbag.py:538} INFO - Filling up the DagBag from /home/airflow/.local/lib/python3.8/site-packages/airflow/example_dags/example_xcomargs.py
[2025-07-03T17:36:40.454+0000] {processor.py:840} INFO - DAG(s) 'example_xcom_args_with_operators', 'example_xcom_args' retrieved from /home/airflow/.local/lib/python3.8/site-packages/airflow/example_dags/example_xcomargs.py
[2025-07-03T17:36:40.509+0000] {logging_mixin.py:188} INFO - [2025-07-03T17:36:40.509+0000] {dag.py:3036} INFO - Sync 2 DAGs
[2025-07-03T17:36:40.555+0000] {logging_mixin.py:188} INFO - [2025-07-03T17:36:40.554+0000] {dag.py:3823} INFO - Setting next_dagrun for example_xcom_args to None, run_after=None
[2025-07-03T17:36:40.569+0000] {logging_mixin.py:188} INFO - [2025-07-03T17:36:40.568+0000] {dag.py:3823} INFO - Setting next_dagrun for example_xcom_args_with_operators to None, run_after=None
[2025-07-03T17:36:40.626+0000] {processor.py:183} INFO - Processing /home/airflow/.local/lib/python3.8/site-packages/airflow/example_dags/example_xcomargs.py took 0.205 seconds
[2025-07-03T17:37:12.198+0000] {processor.py:161} INFO - Started process (PID=414) to work on /home/airflow/.local/lib/python3.8/site-packages/airflow/example_dags/example_xcomargs.py
[2025-07-03T17:37:12.205+0000] {processor.py:830} INFO - Processing file /home/airflow/.local/lib/python3.8/site-packages/airflow/example_dags/example_xcomargs.py for tasks to queue
[2025-07-03T17:37:12.227+0000] {logging_mixin.py:188} INFO - [2025-07-03T17:37:12.220+0000] {dagbag.py:538} INFO - Filling up the DagBag from /home/airflow/.local/lib/python3.8/site-packages/airflow/example_dags/example_xcomargs.py
[2025-07-03T17:37:12.294+0000] {processor.py:840} INFO - DAG(s) 'example_xcom_args', 'example_xcom_args_with_operators' retrieved from /home/airflow/.local/lib/python3.8/site-packages/airflow/example_dags/example_xcomargs.py
[2025-07-03T17:37:12.547+0000] {logging_mixin.py:188} INFO - [2025-07-03T17:37:12.546+0000] {dag.py:3036} INFO - Sync 2 DAGs
[2025-07-03T17:37:12.649+0000] {logging_mixin.py:188} INFO - [2025-07-03T17:37:12.649+0000] {dag.py:3823} INFO - Setting next_dagrun for example_xcom_args to None, run_after=None
[2025-07-03T17:37:12.707+0000] {logging_mixin.py:188} INFO - [2025-07-03T17:37:12.706+0000] {dag.py:3823} INFO - Setting next_dagrun for example_xcom_args_with_operators to None, run_after=None
[2025-07-03T17:37:12.974+0000] {processor.py:183} INFO - Processing /home/airflow/.local/lib/python3.8/site-packages/airflow/example_dags/example_xcomargs.py took 0.791 seconds
[2025-07-03T17:37:43.505+0000] {processor.py:161} INFO - Started process (PID=468) to work on /home/airflow/.local/lib/python3.8/site-packages/airflow/example_dags/example_xcomargs.py
[2025-07-03T17:37:43.507+0000] {processor.py:830} INFO - Processing file /home/airflow/.local/lib/python3.8/site-packages/airflow/example_dags/example_xcomargs.py for tasks to queue
[2025-07-03T17:37:43.509+0000] {logging_mixin.py:188} INFO - [2025-07-03T17:37:43.509+0000] {dagbag.py:538} INFO - Filling up the DagBag from /home/airflow/.local/lib/python3.8/site-packages/airflow/example_dags/example_xcomargs.py
[2025-07-03T17:37:43.523+0000] {processor.py:840} INFO - DAG(s) 'example_xcom_args_with_operators', 'example_xcom_args' retrieved from /home/airflow/.local/lib/python3.8/site-packages/airflow/example_dags/example_xcomargs.py
[2025-07-03T17:37:43.564+0000] {logging_mixin.py:188} INFO - [2025-07-03T17:37:43.563+0000] {dag.py:3036} INFO - Sync 2 DAGs
[2025-07-03T17:37:43.588+0000] {logging_mixin.py:188} INFO - [2025-07-03T17:37:43.587+0000] {dag.py:3823} INFO - Setting next_dagrun for example_xcom_args to None, run_after=None
[2025-07-03T17:37:43.595+0000] {logging_mixin.py:188} INFO - [2025-07-03T17:37:43.594+0000] {dag.py:3823} INFO - Setting next_dagrun for example_xcom_args_with_operators to None, run_after=None
[2025-07-03T17:37:43.625+0000] {processor.py:183} INFO - Processing /home/airflow/.local/lib/python3.8/site-packages/airflow/example_dags/example_xcomargs.py took 0.125 seconds
[2025-07-03T17:38:14.306+0000] {processor.py:161} INFO - Started process (PID=533) to work on /home/airflow/.local/lib/python3.8/site-packages/airflow/example_dags/example_xcomargs.py
[2025-07-03T17:38:14.308+0000] {processor.py:830} INFO - Processing file /home/airflow/.local/lib/python3.8/site-packages/airflow/example_dags/example_xcomargs.py for tasks to queue
[2025-07-03T17:38:14.314+0000] {logging_mixin.py:188} INFO - [2025-07-03T17:38:14.313+0000] {dagbag.py:538} INFO - Filling up the DagBag from /home/airflow/.local/lib/python3.8/site-packages/airflow/example_dags/example_xcomargs.py
[2025-07-03T17:38:14.337+0000] {processor.py:840} INFO - DAG(s) 'example_xcom_args_with_operators', 'example_xcom_args' retrieved from /home/airflow/.local/lib/python3.8/site-packages/airflow/example_dags/example_xcomargs.py
[2025-07-03T17:38:14.413+0000] {logging_mixin.py:188} INFO - [2025-07-03T17:38:14.413+0000] {dag.py:3036} INFO - Sync 2 DAGs
[2025-07-03T17:38:14.461+0000] {logging_mixin.py:188} INFO - [2025-07-03T17:38:14.460+0000] {dag.py:3823} INFO - Setting next_dagrun for example_xcom_args to None, run_after=None
[2025-07-03T17:38:14.477+0000] {logging_mixin.py:188} INFO - [2025-07-03T17:38:14.477+0000] {dag.py:3823} INFO - Setting next_dagrun for example_xcom_args_with_operators to None, run_after=None
[2025-07-03T17:38:14.530+0000] {processor.py:183} INFO - Processing /home/airflow/.local/lib/python3.8/site-packages/airflow/example_dags/example_xcomargs.py took 0.270 seconds
[2025-07-03T17:38:44.954+0000] {processor.py:161} INFO - Started process (PID=590) to work on /home/airflow/.local/lib/python3.8/site-packages/airflow/example_dags/example_xcomargs.py
[2025-07-03T17:38:44.965+0000] {processor.py:830} INFO - Processing file /home/airflow/.local/lib/python3.8/site-packages/airflow/example_dags/example_xcomargs.py for tasks to queue
[2025-07-03T17:38:44.968+0000] {logging_mixin.py:188} INFO - [2025-07-03T17:38:44.968+0000] {dagbag.py:538} INFO - Filling up the DagBag from /home/airflow/.local/lib/python3.8/site-packages/airflow/example_dags/example_xcomargs.py
[2025-07-03T17:38:45.030+0000] {processor.py:840} INFO - DAG(s) 'example_xcom_args', 'example_xcom_args_with_operators' retrieved from /home/airflow/.local/lib/python3.8/site-packages/airflow/example_dags/example_xcomargs.py
[2025-07-03T17:38:45.176+0000] {logging_mixin.py:188} INFO - [2025-07-03T17:38:45.176+0000] {dag.py:3036} INFO - Sync 2 DAGs
[2025-07-03T17:38:45.217+0000] {logging_mixin.py:188} INFO - [2025-07-03T17:38:45.217+0000] {dag.py:3823} INFO - Setting next_dagrun for example_xcom_args to None, run_after=None
[2025-07-03T17:38:45.229+0000] {logging_mixin.py:188} INFO - [2025-07-03T17:38:45.229+0000] {dag.py:3823} INFO - Setting next_dagrun for example_xcom_args_with_operators to None, run_after=None
[2025-07-03T17:38:45.289+0000] {processor.py:183} INFO - Processing /home/airflow/.local/lib/python3.8/site-packages/airflow/example_dags/example_xcomargs.py took 0.351 seconds
[2025-07-03T17:39:15.342+0000] {processor.py:161} INFO - Started process (PID=654) to work on /home/airflow/.local/lib/python3.8/site-packages/airflow/example_dags/example_xcomargs.py
[2025-07-03T17:39:15.343+0000] {processor.py:830} INFO - Processing file /home/airflow/.local/lib/python3.8/site-packages/airflow/example_dags/example_xcomargs.py for tasks to queue
[2025-07-03T17:39:15.346+0000] {logging_mixin.py:188} INFO - [2025-07-03T17:39:15.345+0000] {dagbag.py:538} INFO - Filling up the DagBag from /home/airflow/.local/lib/python3.8/site-packages/airflow/example_dags/example_xcomargs.py
[2025-07-03T17:39:15.365+0000] {processor.py:840} INFO - DAG(s) 'example_xcom_args_with_operators', 'example_xcom_args' retrieved from /home/airflow/.local/lib/python3.8/site-packages/airflow/example_dags/example_xcomargs.py
[2025-07-03T17:39:15.398+0000] {logging_mixin.py:188} INFO - [2025-07-03T17:39:15.398+0000] {dag.py:3036} INFO - Sync 2 DAGs
[2025-07-03T17:39:15.420+0000] {logging_mixin.py:188} INFO - [2025-07-03T17:39:15.419+0000] {dag.py:3823} INFO - Setting next_dagrun for example_xcom_args to None, run_after=None
[2025-07-03T17:39:15.425+0000] {logging_mixin.py:188} INFO - [2025-07-03T17:39:15.425+0000] {dag.py:3823} INFO - Setting next_dagrun for example_xcom_args_with_operators to None, run_after=None
[2025-07-03T17:39:15.450+0000] {processor.py:183} INFO - Processing /home/airflow/.local/lib/python3.8/site-packages/airflow/example_dags/example_xcomargs.py took 0.113 seconds
[2025-07-03T17:39:45.704+0000] {processor.py:161} INFO - Started process (PID=720) to work on /home/airflow/.local/lib/python3.8/site-packages/airflow/example_dags/example_xcomargs.py
[2025-07-03T17:39:45.706+0000] {processor.py:830} INFO - Processing file /home/airflow/.local/lib/python3.8/site-packages/airflow/example_dags/example_xcomargs.py for tasks to queue
[2025-07-03T17:39:45.708+0000] {logging_mixin.py:188} INFO - [2025-07-03T17:39:45.708+0000] {dagbag.py:538} INFO - Filling up the DagBag from /home/airflow/.local/lib/python3.8/site-packages/airflow/example_dags/example_xcomargs.py
[2025-07-03T17:39:45.720+0000] {processor.py:840} INFO - DAG(s) 'example_xcom_args', 'example_xcom_args_with_operators' retrieved from /home/airflow/.local/lib/python3.8/site-packages/airflow/example_dags/example_xcomargs.py
[2025-07-03T17:39:45.757+0000] {logging_mixin.py:188} INFO - [2025-07-03T17:39:45.756+0000] {dag.py:3036} INFO - Sync 2 DAGs
[2025-07-03T17:39:45.776+0000] {logging_mixin.py:188} INFO - [2025-07-03T17:39:45.775+0000] {dag.py:3823} INFO - Setting next_dagrun for example_xcom_args to None, run_after=None
[2025-07-03T17:39:45.781+0000] {logging_mixin.py:188} INFO - [2025-07-03T17:39:45.781+0000] {dag.py:3823} INFO - Setting next_dagrun for example_xcom_args_with_operators to None, run_after=None
[2025-07-03T17:39:45.807+0000] {processor.py:183} INFO - Processing /home/airflow/.local/lib/python3.8/site-packages/airflow/example_dags/example_xcomargs.py took 0.106 seconds
[2025-07-03T17:40:15.917+0000] {processor.py:161} INFO - Started process (PID=786) to work on /home/airflow/.local/lib/python3.8/site-packages/airflow/example_dags/example_xcomargs.py
[2025-07-03T17:40:15.918+0000] {processor.py:830} INFO - Processing file /home/airflow/.local/lib/python3.8/site-packages/airflow/example_dags/example_xcomargs.py for tasks to queue
[2025-07-03T17:40:15.929+0000] {logging_mixin.py:188} INFO - [2025-07-03T17:40:15.920+0000] {dagbag.py:538} INFO - Filling up the DagBag from /home/airflow/.local/lib/python3.8/site-packages/airflow/example_dags/example_xcomargs.py
[2025-07-03T17:40:15.950+0000] {processor.py:840} INFO - DAG(s) 'example_xcom_args', 'example_xcom_args_with_operators' retrieved from /home/airflow/.local/lib/python3.8/site-packages/airflow/example_dags/example_xcomargs.py
[2025-07-03T17:40:16.025+0000] {logging_mixin.py:188} INFO - [2025-07-03T17:40:16.025+0000] {dag.py:3036} INFO - Sync 2 DAGs
[2025-07-03T17:40:16.065+0000] {logging_mixin.py:188} INFO - [2025-07-03T17:40:16.064+0000] {dag.py:3823} INFO - Setting next_dagrun for example_xcom_args to None, run_after=None
[2025-07-03T17:40:16.073+0000] {logging_mixin.py:188} INFO - [2025-07-03T17:40:16.073+0000] {dag.py:3823} INFO - Setting next_dagrun for example_xcom_args_with_operators to None, run_after=None
[2025-07-03T17:40:16.138+0000] {processor.py:183} INFO - Processing /home/airflow/.local/lib/python3.8/site-packages/airflow/example_dags/example_xcomargs.py took 0.238 seconds
[2025-07-03T17:40:46.469+0000] {processor.py:161} INFO - Started process (PID=851) to work on /home/airflow/.local/lib/python3.8/site-packages/airflow/example_dags/example_xcomargs.py
[2025-07-03T17:40:46.470+0000] {processor.py:830} INFO - Processing file /home/airflow/.local/lib/python3.8/site-packages/airflow/example_dags/example_xcomargs.py for tasks to queue
[2025-07-03T17:40:46.473+0000] {logging_mixin.py:188} INFO - [2025-07-03T17:40:46.473+0000] {dagbag.py:538} INFO - Filling up the DagBag from /home/airflow/.local/lib/python3.8/site-packages/airflow/example_dags/example_xcomargs.py
[2025-07-03T17:40:46.487+0000] {processor.py:840} INFO - DAG(s) 'example_xcom_args', 'example_xcom_args_with_operators' retrieved from /home/airflow/.local/lib/python3.8/site-packages/airflow/example_dags/example_xcomargs.py
[2025-07-03T17:40:46.527+0000] {logging_mixin.py:188} INFO - [2025-07-03T17:40:46.527+0000] {dag.py:3036} INFO - Sync 2 DAGs
[2025-07-03T17:40:46.551+0000] {logging_mixin.py:188} INFO - [2025-07-03T17:40:46.550+0000] {dag.py:3823} INFO - Setting next_dagrun for example_xcom_args to None, run_after=None
[2025-07-03T17:40:46.558+0000] {logging_mixin.py:188} INFO - [2025-07-03T17:40:46.557+0000] {dag.py:3823} INFO - Setting next_dagrun for example_xcom_args_with_operators to None, run_after=None
[2025-07-03T17:40:46.590+0000] {processor.py:183} INFO - Processing /home/airflow/.local/lib/python3.8/site-packages/airflow/example_dags/example_xcomargs.py took 0.126 seconds
[2025-07-03T17:41:17.125+0000] {processor.py:161} INFO - Started process (PID=915) to work on /home/airflow/.local/lib/python3.8/site-packages/airflow/example_dags/example_xcomargs.py
[2025-07-03T17:41:17.126+0000] {processor.py:830} INFO - Processing file /home/airflow/.local/lib/python3.8/site-packages/airflow/example_dags/example_xcomargs.py for tasks to queue
[2025-07-03T17:41:17.129+0000] {logging_mixin.py:188} INFO - [2025-07-03T17:41:17.128+0000] {dagbag.py:538} INFO - Filling up the DagBag from /home/airflow/.local/lib/python3.8/site-packages/airflow/example_dags/example_xcomargs.py
[2025-07-03T17:41:17.144+0000] {processor.py:840} INFO - DAG(s) 'example_xcom_args_with_operators', 'example_xcom_args' retrieved from /home/airflow/.local/lib/python3.8/site-packages/airflow/example_dags/example_xcomargs.py
[2025-07-03T17:41:17.211+0000] {logging_mixin.py:188} INFO - [2025-07-03T17:41:17.211+0000] {dag.py:3036} INFO - Sync 2 DAGs
[2025-07-03T17:41:17.236+0000] {logging_mixin.py:188} INFO - [2025-07-03T17:41:17.236+0000] {dag.py:3823} INFO - Setting next_dagrun for example_xcom_args to None, run_after=None
[2025-07-03T17:41:17.243+0000] {logging_mixin.py:188} INFO - [2025-07-03T17:41:17.243+0000] {dag.py:3823} INFO - Setting next_dagrun for example_xcom_args_with_operators to None, run_after=None
[2025-07-03T17:41:17.270+0000] {processor.py:183} INFO - Processing /home/airflow/.local/lib/python3.8/site-packages/airflow/example_dags/example_xcomargs.py took 0.150 seconds
[2025-07-03T17:41:47.946+0000] {processor.py:161} INFO - Started process (PID=981) to work on /home/airflow/.local/lib/python3.8/site-packages/airflow/example_dags/example_xcomargs.py
[2025-07-03T17:41:47.950+0000] {processor.py:830} INFO - Processing file /home/airflow/.local/lib/python3.8/site-packages/airflow/example_dags/example_xcomargs.py for tasks to queue
[2025-07-03T17:41:47.954+0000] {logging_mixin.py:188} INFO - [2025-07-03T17:41:47.953+0000] {dagbag.py:538} INFO - Filling up the DagBag from /home/airflow/.local/lib/python3.8/site-packages/airflow/example_dags/example_xcomargs.py
[2025-07-03T17:41:47.970+0000] {processor.py:840} INFO - DAG(s) 'example_xcom_args', 'example_xcom_args_with_operators' retrieved from /home/airflow/.local/lib/python3.8/site-packages/airflow/example_dags/example_xcomargs.py
[2025-07-03T17:41:48.012+0000] {logging_mixin.py:188} INFO - [2025-07-03T17:41:48.011+0000] {dag.py:3036} INFO - Sync 2 DAGs
[2025-07-03T17:41:48.037+0000] {logging_mixin.py:188} INFO - [2025-07-03T17:41:48.036+0000] {dag.py:3823} INFO - Setting next_dagrun for example_xcom_args to None, run_after=None
[2025-07-03T17:41:48.044+0000] {logging_mixin.py:188} INFO - [2025-07-03T17:41:48.044+0000] {dag.py:3823} INFO - Setting next_dagrun for example_xcom_args_with_operators to None, run_after=None
[2025-07-03T17:41:48.071+0000] {processor.py:183} INFO - Processing /home/airflow/.local/lib/python3.8/site-packages/airflow/example_dags/example_xcomargs.py took 0.161 seconds
[2025-07-03T17:42:18.914+0000] {processor.py:161} INFO - Started process (PID=1046) to work on /home/airflow/.local/lib/python3.8/site-packages/airflow/example_dags/example_xcomargs.py
[2025-07-03T17:42:18.915+0000] {processor.py:830} INFO - Processing file /home/airflow/.local/lib/python3.8/site-packages/airflow/example_dags/example_xcomargs.py for tasks to queue
[2025-07-03T17:42:18.918+0000] {logging_mixin.py:188} INFO - [2025-07-03T17:42:18.917+0000] {dagbag.py:538} INFO - Filling up the DagBag from /home/airflow/.local/lib/python3.8/site-packages/airflow/example_dags/example_xcomargs.py
[2025-07-03T17:42:18.931+0000] {processor.py:840} INFO - DAG(s) 'example_xcom_args_with_operators', 'example_xcom_args' retrieved from /home/airflow/.local/lib/python3.8/site-packages/airflow/example_dags/example_xcomargs.py
[2025-07-03T17:42:18.965+0000] {logging_mixin.py:188} INFO - [2025-07-03T17:42:18.965+0000] {dag.py:3036} INFO - Sync 2 DAGs
[2025-07-03T17:42:18.982+0000] {logging_mixin.py:188} INFO - [2025-07-03T17:42:18.982+0000] {dag.py:3823} INFO - Setting next_dagrun for example_xcom_args to None, run_after=None
[2025-07-03T17:42:18.988+0000] {logging_mixin.py:188} INFO - [2025-07-03T17:42:18.988+0000] {dag.py:3823} INFO - Setting next_dagrun for example_xcom_args_with_operators to None, run_after=None
[2025-07-03T17:42:19.009+0000] {processor.py:183} INFO - Processing /home/airflow/.local/lib/python3.8/site-packages/airflow/example_dags/example_xcomargs.py took 0.101 seconds
[2025-07-03T17:42:49.261+0000] {processor.py:161} INFO - Started process (PID=1111) to work on /home/airflow/.local/lib/python3.8/site-packages/airflow/example_dags/example_xcomargs.py
[2025-07-03T17:42:49.262+0000] {processor.py:830} INFO - Processing file /home/airflow/.local/lib/python3.8/site-packages/airflow/example_dags/example_xcomargs.py for tasks to queue
[2025-07-03T17:42:49.265+0000] {logging_mixin.py:188} INFO - [2025-07-03T17:42:49.264+0000] {dagbag.py:538} INFO - Filling up the DagBag from /home/airflow/.local/lib/python3.8/site-packages/airflow/example_dags/example_xcomargs.py
[2025-07-03T17:42:49.275+0000] {processor.py:840} INFO - DAG(s) 'example_xcom_args', 'example_xcom_args_with_operators' retrieved from /home/airflow/.local/lib/python3.8/site-packages/airflow/example_dags/example_xcomargs.py
[2025-07-03T17:42:49.306+0000] {logging_mixin.py:188} INFO - [2025-07-03T17:42:49.306+0000] {dag.py:3036} INFO - Sync 2 DAGs
[2025-07-03T17:42:49.324+0000] {logging_mixin.py:188} INFO - [2025-07-03T17:42:49.323+0000] {dag.py:3823} INFO - Setting next_dagrun for example_xcom_args to None, run_after=None
[2025-07-03T17:42:49.329+0000] {logging_mixin.py:188} INFO - [2025-07-03T17:42:49.328+0000] {dag.py:3823} INFO - Setting next_dagrun for example_xcom_args_with_operators to None, run_after=None
[2025-07-03T17:42:49.350+0000] {processor.py:183} INFO - Processing /home/airflow/.local/lib/python3.8/site-packages/airflow/example_dags/example_xcomargs.py took 0.094 seconds
[2025-07-03T17:43:19.704+0000] {processor.py:161} INFO - Started process (PID=1176) to work on /home/airflow/.local/lib/python3.8/site-packages/airflow/example_dags/example_xcomargs.py
[2025-07-03T17:43:19.724+0000] {processor.py:830} INFO - Processing file /home/airflow/.local/lib/python3.8/site-packages/airflow/example_dags/example_xcomargs.py for tasks to queue
[2025-07-03T17:43:19.727+0000] {logging_mixin.py:188} INFO - [2025-07-03T17:43:19.726+0000] {dagbag.py:538} INFO - Filling up the DagBag from /home/airflow/.local/lib/python3.8/site-packages/airflow/example_dags/example_xcomargs.py
[2025-07-03T17:43:19.782+0000] {processor.py:840} INFO - DAG(s) 'example_xcom_args_with_operators', 'example_xcom_args' retrieved from /home/airflow/.local/lib/python3.8/site-packages/airflow/example_dags/example_xcomargs.py
[2025-07-03T17:43:19.951+0000] {logging_mixin.py:188} INFO - [2025-07-03T17:43:19.951+0000] {dag.py:3036} INFO - Sync 2 DAGs
[2025-07-03T17:43:19.992+0000] {logging_mixin.py:188} INFO - [2025-07-03T17:43:19.991+0000] {dag.py:3823} INFO - Setting next_dagrun for example_xcom_args to None, run_after=None
[2025-07-03T17:43:20.003+0000] {logging_mixin.py:188} INFO - [2025-07-03T17:43:20.003+0000] {dag.py:3823} INFO - Setting next_dagrun for example_xcom_args_with_operators to None, run_after=None
[2025-07-03T17:43:20.107+0000] {processor.py:183} INFO - Processing /home/airflow/.local/lib/python3.8/site-packages/airflow/example_dags/example_xcomargs.py took 0.420 seconds
[2025-07-03T17:43:50.757+0000] {processor.py:161} INFO - Started process (PID=1242) to work on /home/airflow/.local/lib/python3.8/site-packages/airflow/example_dags/example_xcomargs.py
[2025-07-03T17:43:50.759+0000] {processor.py:830} INFO - Processing file /home/airflow/.local/lib/python3.8/site-packages/airflow/example_dags/example_xcomargs.py for tasks to queue
[2025-07-03T17:43:50.762+0000] {logging_mixin.py:188} INFO - [2025-07-03T17:43:50.762+0000] {dagbag.py:538} INFO - Filling up the DagBag from /home/airflow/.local/lib/python3.8/site-packages/airflow/example_dags/example_xcomargs.py
[2025-07-03T17:43:50.784+0000] {processor.py:840} INFO - DAG(s) 'example_xcom_args_with_operators', 'example_xcom_args' retrieved from /home/airflow/.local/lib/python3.8/site-packages/airflow/example_dags/example_xcomargs.py
[2025-07-03T17:43:50.836+0000] {logging_mixin.py:188} INFO - [2025-07-03T17:43:50.835+0000] {dag.py:3036} INFO - Sync 2 DAGs
[2025-07-03T17:43:50.880+0000] {logging_mixin.py:188} INFO - [2025-07-03T17:43:50.880+0000] {dag.py:3823} INFO - Setting next_dagrun for example_xcom_args to None, run_after=None
[2025-07-03T17:43:50.906+0000] {logging_mixin.py:188} INFO - [2025-07-03T17:43:50.902+0000] {dag.py:3823} INFO - Setting next_dagrun for example_xcom_args_with_operators to None, run_after=None
[2025-07-03T17:43:51.058+0000] {processor.py:183} INFO - Processing /home/airflow/.local/lib/python3.8/site-packages/airflow/example_dags/example_xcomargs.py took 0.321 seconds
[2025-07-03T17:44:21.596+0000] {processor.py:161} INFO - Started process (PID=1307) to work on /home/airflow/.local/lib/python3.8/site-packages/airflow/example_dags/example_xcomargs.py
[2025-07-03T17:44:21.597+0000] {processor.py:830} INFO - Processing file /home/airflow/.local/lib/python3.8/site-packages/airflow/example_dags/example_xcomargs.py for tasks to queue
[2025-07-03T17:44:21.600+0000] {logging_mixin.py:188} INFO - [2025-07-03T17:44:21.599+0000] {dagbag.py:538} INFO - Filling up the DagBag from /home/airflow/.local/lib/python3.8/site-packages/airflow/example_dags/example_xcomargs.py
[2025-07-03T17:44:21.612+0000] {processor.py:840} INFO - DAG(s) 'example_xcom_args', 'example_xcom_args_with_operators' retrieved from /home/airflow/.local/lib/python3.8/site-packages/airflow/example_dags/example_xcomargs.py
[2025-07-03T17:44:21.659+0000] {logging_mixin.py:188} INFO - [2025-07-03T17:44:21.658+0000] {dag.py:3036} INFO - Sync 2 DAGs
[2025-07-03T17:44:21.682+0000] {logging_mixin.py:188} INFO - [2025-07-03T17:44:21.681+0000] {dag.py:3823} INFO - Setting next_dagrun for example_xcom_args to None, run_after=None
[2025-07-03T17:44:21.689+0000] {logging_mixin.py:188} INFO - [2025-07-03T17:44:21.689+0000] {dag.py:3823} INFO - Setting next_dagrun for example_xcom_args_with_operators to None, run_after=None
[2025-07-03T17:44:21.716+0000] {processor.py:183} INFO - Processing /home/airflow/.local/lib/python3.8/site-packages/airflow/example_dags/example_xcomargs.py took 0.124 seconds
[2025-07-03T17:44:52.246+0000] {processor.py:161} INFO - Started process (PID=1372) to work on /home/airflow/.local/lib/python3.8/site-packages/airflow/example_dags/example_xcomargs.py
[2025-07-03T17:44:52.248+0000] {processor.py:830} INFO - Processing file /home/airflow/.local/lib/python3.8/site-packages/airflow/example_dags/example_xcomargs.py for tasks to queue
[2025-07-03T17:44:52.251+0000] {logging_mixin.py:188} INFO - [2025-07-03T17:44:52.250+0000] {dagbag.py:538} INFO - Filling up the DagBag from /home/airflow/.local/lib/python3.8/site-packages/airflow/example_dags/example_xcomargs.py
[2025-07-03T17:44:52.265+0000] {processor.py:840} INFO - DAG(s) 'example_xcom_args', 'example_xcom_args_with_operators' retrieved from /home/airflow/.local/lib/python3.8/site-packages/airflow/example_dags/example_xcomargs.py
[2025-07-03T17:44:52.305+0000] {logging_mixin.py:188} INFO - [2025-07-03T17:44:52.305+0000] {dag.py:3036} INFO - Sync 2 DAGs
[2025-07-03T17:44:52.330+0000] {logging_mixin.py:188} INFO - [2025-07-03T17:44:52.329+0000] {dag.py:3823} INFO - Setting next_dagrun for example_xcom_args to None, run_after=None
[2025-07-03T17:44:52.337+0000] {logging_mixin.py:188} INFO - [2025-07-03T17:44:52.336+0000] {dag.py:3823} INFO - Setting next_dagrun for example_xcom_args_with_operators to None, run_after=None
[2025-07-03T17:44:52.363+0000] {processor.py:183} INFO - Processing /home/airflow/.local/lib/python3.8/site-packages/airflow/example_dags/example_xcomargs.py took 0.121 seconds
[2025-07-03T17:45:22.663+0000] {processor.py:161} INFO - Started process (PID=1437) to work on /home/airflow/.local/lib/python3.8/site-packages/airflow/example_dags/example_xcomargs.py
[2025-07-03T17:45:22.665+0000] {processor.py:830} INFO - Processing file /home/airflow/.local/lib/python3.8/site-packages/airflow/example_dags/example_xcomargs.py for tasks to queue
[2025-07-03T17:45:22.669+0000] {logging_mixin.py:188} INFO - [2025-07-03T17:45:22.668+0000] {dagbag.py:538} INFO - Filling up the DagBag from /home/airflow/.local/lib/python3.8/site-packages/airflow/example_dags/example_xcomargs.py
[2025-07-03T17:45:22.702+0000] {processor.py:840} INFO - DAG(s) 'example_xcom_args', 'example_xcom_args_with_operators' retrieved from /home/airflow/.local/lib/python3.8/site-packages/airflow/example_dags/example_xcomargs.py
[2025-07-03T17:45:22.774+0000] {logging_mixin.py:188} INFO - [2025-07-03T17:45:22.774+0000] {dag.py:3036} INFO - Sync 2 DAGs
[2025-07-03T17:45:22.804+0000] {logging_mixin.py:188} INFO - [2025-07-03T17:45:22.804+0000] {dag.py:3823} INFO - Setting next_dagrun for example_xcom_args to None, run_after=None
[2025-07-03T17:45:22.811+0000] {logging_mixin.py:188} INFO - [2025-07-03T17:45:22.811+0000] {dag.py:3823} INFO - Setting next_dagrun for example_xcom_args_with_operators to None, run_after=None
[2025-07-03T17:45:22.847+0000] {processor.py:183} INFO - Processing /home/airflow/.local/lib/python3.8/site-packages/airflow/example_dags/example_xcomargs.py took 0.201 seconds
[2025-07-03T17:45:53.795+0000] {processor.py:161} INFO - Started process (PID=1502) to work on /home/airflow/.local/lib/python3.8/site-packages/airflow/example_dags/example_xcomargs.py
[2025-07-03T17:45:53.797+0000] {processor.py:830} INFO - Processing file /home/airflow/.local/lib/python3.8/site-packages/airflow/example_dags/example_xcomargs.py for tasks to queue
[2025-07-03T17:45:53.799+0000] {logging_mixin.py:188} INFO - [2025-07-03T17:45:53.799+0000] {dagbag.py:538} INFO - Filling up the DagBag from /home/airflow/.local/lib/python3.8/site-packages/airflow/example_dags/example_xcomargs.py
[2025-07-03T17:45:53.813+0000] {processor.py:840} INFO - DAG(s) 'example_xcom_args_with_operators', 'example_xcom_args' retrieved from /home/airflow/.local/lib/python3.8/site-packages/airflow/example_dags/example_xcomargs.py
[2025-07-03T17:45:53.856+0000] {logging_mixin.py:188} INFO - [2025-07-03T17:45:53.856+0000] {dag.py:3036} INFO - Sync 2 DAGs
[2025-07-03T17:45:53.884+0000] {logging_mixin.py:188} INFO - [2025-07-03T17:45:53.884+0000] {dag.py:3823} INFO - Setting next_dagrun for example_xcom_args to None, run_after=None
[2025-07-03T17:45:53.894+0000] {logging_mixin.py:188} INFO - [2025-07-03T17:45:53.894+0000] {dag.py:3823} INFO - Setting next_dagrun for example_xcom_args_with_operators to None, run_after=None
[2025-07-03T17:45:53.920+0000] {processor.py:183} INFO - Processing /home/airflow/.local/lib/python3.8/site-packages/airflow/example_dags/example_xcomargs.py took 0.129 seconds
[2025-07-03T17:46:24.026+0000] {processor.py:161} INFO - Started process (PID=1566) to work on /home/airflow/.local/lib/python3.8/site-packages/airflow/example_dags/example_xcomargs.py
[2025-07-03T17:46:24.027+0000] {processor.py:830} INFO - Processing file /home/airflow/.local/lib/python3.8/site-packages/airflow/example_dags/example_xcomargs.py for tasks to queue
[2025-07-03T17:46:24.030+0000] {logging_mixin.py:188} INFO - [2025-07-03T17:46:24.030+0000] {dagbag.py:538} INFO - Filling up the DagBag from /home/airflow/.local/lib/python3.8/site-packages/airflow/example_dags/example_xcomargs.py
[2025-07-03T17:46:24.043+0000] {processor.py:840} INFO - DAG(s) 'example_xcom_args', 'example_xcom_args_with_operators' retrieved from /home/airflow/.local/lib/python3.8/site-packages/airflow/example_dags/example_xcomargs.py
[2025-07-03T17:46:24.106+0000] {logging_mixin.py:188} INFO - [2025-07-03T17:46:24.105+0000] {dag.py:3036} INFO - Sync 2 DAGs
[2025-07-03T17:46:24.144+0000] {logging_mixin.py:188} INFO - [2025-07-03T17:46:24.144+0000] {dag.py:3823} INFO - Setting next_dagrun for example_xcom_args to None, run_after=None
[2025-07-03T17:46:24.158+0000] {logging_mixin.py:188} INFO - [2025-07-03T17:46:24.157+0000] {dag.py:3823} INFO - Setting next_dagrun for example_xcom_args_with_operators to None, run_after=None
[2025-07-03T17:46:24.209+0000] {processor.py:183} INFO - Processing /home/airflow/.local/lib/python3.8/site-packages/airflow/example_dags/example_xcomargs.py took 0.188 seconds
[2025-07-03T17:46:54.517+0000] {processor.py:161} INFO - Started process (PID=1631) to work on /home/airflow/.local/lib/python3.8/site-packages/airflow/example_dags/example_xcomargs.py
[2025-07-03T17:46:54.519+0000] {processor.py:830} INFO - Processing file /home/airflow/.local/lib/python3.8/site-packages/airflow/example_dags/example_xcomargs.py for tasks to queue
[2025-07-03T17:46:54.521+0000] {logging_mixin.py:188} INFO - [2025-07-03T17:46:54.521+0000] {dagbag.py:538} INFO - Filling up the DagBag from /home/airflow/.local/lib/python3.8/site-packages/airflow/example_dags/example_xcomargs.py
[2025-07-03T17:46:54.536+0000] {processor.py:840} INFO - DAG(s) 'example_xcom_args', 'example_xcom_args_with_operators' retrieved from /home/airflow/.local/lib/python3.8/site-packages/airflow/example_dags/example_xcomargs.py
[2025-07-03T17:46:54.577+0000] {logging_mixin.py:188} INFO - [2025-07-03T17:46:54.577+0000] {dag.py:3036} INFO - Sync 2 DAGs
[2025-07-03T17:46:54.609+0000] {logging_mixin.py:188} INFO - [2025-07-03T17:46:54.608+0000] {dag.py:3823} INFO - Setting next_dagrun for example_xcom_args to None, run_after=None
[2025-07-03T17:46:54.615+0000] {logging_mixin.py:188} INFO - [2025-07-03T17:46:54.615+0000] {dag.py:3823} INFO - Setting next_dagrun for example_xcom_args_with_operators to None, run_after=None
[2025-07-03T17:46:54.641+0000] {processor.py:183} INFO - Processing /home/airflow/.local/lib/python3.8/site-packages/airflow/example_dags/example_xcomargs.py took 0.129 seconds
[2025-07-03T17:47:24.950+0000] {processor.py:161} INFO - Started process (PID=1696) to work on /home/airflow/.local/lib/python3.8/site-packages/airflow/example_dags/example_xcomargs.py
[2025-07-03T17:47:24.951+0000] {processor.py:830} INFO - Processing file /home/airflow/.local/lib/python3.8/site-packages/airflow/example_dags/example_xcomargs.py for tasks to queue
[2025-07-03T17:47:24.954+0000] {logging_mixin.py:188} INFO - [2025-07-03T17:47:24.953+0000] {dagbag.py:538} INFO - Filling up the DagBag from /home/airflow/.local/lib/python3.8/site-packages/airflow/example_dags/example_xcomargs.py
[2025-07-03T17:47:24.966+0000] {processor.py:840} INFO - DAG(s) 'example_xcom_args', 'example_xcom_args_with_operators' retrieved from /home/airflow/.local/lib/python3.8/site-packages/airflow/example_dags/example_xcomargs.py
[2025-07-03T17:47:25.009+0000] {logging_mixin.py:188} INFO - [2025-07-03T17:47:25.009+0000] {dag.py:3036} INFO - Sync 2 DAGs
[2025-07-03T17:47:25.034+0000] {logging_mixin.py:188} INFO - [2025-07-03T17:47:25.033+0000] {dag.py:3823} INFO - Setting next_dagrun for example_xcom_args to None, run_after=None
[2025-07-03T17:47:25.041+0000] {logging_mixin.py:188} INFO - [2025-07-03T17:47:25.040+0000] {dag.py:3823} INFO - Setting next_dagrun for example_xcom_args_with_operators to None, run_after=None
[2025-07-03T17:47:25.068+0000] {processor.py:183} INFO - Processing /home/airflow/.local/lib/python3.8/site-packages/airflow/example_dags/example_xcomargs.py took 0.123 seconds
[2025-07-03T17:47:55.201+0000] {processor.py:161} INFO - Started process (PID=1761) to work on /home/airflow/.local/lib/python3.8/site-packages/airflow/example_dags/example_xcomargs.py
[2025-07-03T17:47:55.203+0000] {processor.py:830} INFO - Processing file /home/airflow/.local/lib/python3.8/site-packages/airflow/example_dags/example_xcomargs.py for tasks to queue
[2025-07-03T17:47:55.205+0000] {logging_mixin.py:188} INFO - [2025-07-03T17:47:55.205+0000] {dagbag.py:538} INFO - Filling up the DagBag from /home/airflow/.local/lib/python3.8/site-packages/airflow/example_dags/example_xcomargs.py
[2025-07-03T17:47:55.225+0000] {processor.py:840} INFO - DAG(s) 'example_xcom_args', 'example_xcom_args_with_operators' retrieved from /home/airflow/.local/lib/python3.8/site-packages/airflow/example_dags/example_xcomargs.py
[2025-07-03T17:47:55.267+0000] {logging_mixin.py:188} INFO - [2025-07-03T17:47:55.266+0000] {dag.py:3036} INFO - Sync 2 DAGs
[2025-07-03T17:47:55.292+0000] {logging_mixin.py:188} INFO - [2025-07-03T17:47:55.291+0000] {dag.py:3823} INFO - Setting next_dagrun for example_xcom_args to None, run_after=None
[2025-07-03T17:47:55.299+0000] {logging_mixin.py:188} INFO - [2025-07-03T17:47:55.298+0000] {dag.py:3823} INFO - Setting next_dagrun for example_xcom_args_with_operators to None, run_after=None
[2025-07-03T17:47:55.327+0000] {processor.py:183} INFO - Processing /home/airflow/.local/lib/python3.8/site-packages/airflow/example_dags/example_xcomargs.py took 0.130 seconds
[2025-07-03T17:48:25.697+0000] {processor.py:161} INFO - Started process (PID=1826) to work on /home/airflow/.local/lib/python3.8/site-packages/airflow/example_dags/example_xcomargs.py
[2025-07-03T17:48:25.705+0000] {processor.py:830} INFO - Processing file /home/airflow/.local/lib/python3.8/site-packages/airflow/example_dags/example_xcomargs.py for tasks to queue
[2025-07-03T17:48:25.708+0000] {logging_mixin.py:188} INFO - [2025-07-03T17:48:25.707+0000] {dagbag.py:538} INFO - Filling up the DagBag from /home/airflow/.local/lib/python3.8/site-packages/airflow/example_dags/example_xcomargs.py
[2025-07-03T17:48:25.763+0000] {processor.py:840} INFO - DAG(s) 'example_xcom_args', 'example_xcom_args_with_operators' retrieved from /home/airflow/.local/lib/python3.8/site-packages/airflow/example_dags/example_xcomargs.py
[2025-07-03T17:48:25.826+0000] {logging_mixin.py:188} INFO - [2025-07-03T17:48:25.825+0000] {dag.py:3036} INFO - Sync 2 DAGs
[2025-07-03T17:48:25.851+0000] {logging_mixin.py:188} INFO - [2025-07-03T17:48:25.850+0000] {dag.py:3823} INFO - Setting next_dagrun for example_xcom_args to None, run_after=None
[2025-07-03T17:48:25.858+0000] {logging_mixin.py:188} INFO - [2025-07-03T17:48:25.857+0000] {dag.py:3823} INFO - Setting next_dagrun for example_xcom_args_with_operators to None, run_after=None
[2025-07-03T17:48:25.886+0000] {processor.py:183} INFO - Processing /home/airflow/.local/lib/python3.8/site-packages/airflow/example_dags/example_xcomargs.py took 0.216 seconds
[2025-07-03T17:48:56.076+0000] {processor.py:161} INFO - Started process (PID=1892) to work on /home/airflow/.local/lib/python3.8/site-packages/airflow/example_dags/example_xcomargs.py
[2025-07-03T17:48:56.077+0000] {processor.py:830} INFO - Processing file /home/airflow/.local/lib/python3.8/site-packages/airflow/example_dags/example_xcomargs.py for tasks to queue
[2025-07-03T17:48:56.080+0000] {logging_mixin.py:188} INFO - [2025-07-03T17:48:56.080+0000] {dagbag.py:538} INFO - Filling up the DagBag from /home/airflow/.local/lib/python3.8/site-packages/airflow/example_dags/example_xcomargs.py
[2025-07-03T17:48:56.094+0000] {processor.py:840} INFO - DAG(s) 'example_xcom_args', 'example_xcom_args_with_operators' retrieved from /home/airflow/.local/lib/python3.8/site-packages/airflow/example_dags/example_xcomargs.py
[2025-07-03T17:48:56.134+0000] {logging_mixin.py:188} INFO - [2025-07-03T17:48:56.133+0000] {dag.py:3036} INFO - Sync 2 DAGs
[2025-07-03T17:48:56.159+0000] {logging_mixin.py:188} INFO - [2025-07-03T17:48:56.158+0000] {dag.py:3823} INFO - Setting next_dagrun for example_xcom_args to None, run_after=None
[2025-07-03T17:48:56.166+0000] {logging_mixin.py:188} INFO - [2025-07-03T17:48:56.166+0000] {dag.py:3823} INFO - Setting next_dagrun for example_xcom_args_with_operators to None, run_after=None
[2025-07-03T17:48:56.195+0000] {processor.py:183} INFO - Processing /home/airflow/.local/lib/python3.8/site-packages/airflow/example_dags/example_xcomargs.py took 0.124 seconds
[2025-07-03T17:49:26.834+0000] {processor.py:161} INFO - Started process (PID=1957) to work on /home/airflow/.local/lib/python3.8/site-packages/airflow/example_dags/example_xcomargs.py
[2025-07-03T17:49:26.849+0000] {processor.py:830} INFO - Processing file /home/airflow/.local/lib/python3.8/site-packages/airflow/example_dags/example_xcomargs.py for tasks to queue
[2025-07-03T17:49:26.851+0000] {logging_mixin.py:188} INFO - [2025-07-03T17:49:26.851+0000] {dagbag.py:538} INFO - Filling up the DagBag from /home/airflow/.local/lib/python3.8/site-packages/airflow/example_dags/example_xcomargs.py
[2025-07-03T17:49:26.883+0000] {processor.py:840} INFO - DAG(s) 'example_xcom_args_with_operators', 'example_xcom_args' retrieved from /home/airflow/.local/lib/python3.8/site-packages/airflow/example_dags/example_xcomargs.py
[2025-07-03T17:49:26.969+0000] {logging_mixin.py:188} INFO - [2025-07-03T17:49:26.969+0000] {dag.py:3036} INFO - Sync 2 DAGs
[2025-07-03T17:49:26.999+0000] {logging_mixin.py:188} INFO - [2025-07-03T17:49:26.999+0000] {dag.py:3823} INFO - Setting next_dagrun for example_xcom_args to None, run_after=None
[2025-07-03T17:49:27.014+0000] {logging_mixin.py:188} INFO - [2025-07-03T17:49:27.013+0000] {dag.py:3823} INFO - Setting next_dagrun for example_xcom_args_with_operators to None, run_after=None
[2025-07-03T17:49:27.049+0000] {processor.py:183} INFO - Processing /home/airflow/.local/lib/python3.8/site-packages/airflow/example_dags/example_xcomargs.py took 0.236 seconds
[2025-07-03T17:49:57.609+0000] {processor.py:161} INFO - Started process (PID=2021) to work on /home/airflow/.local/lib/python3.8/site-packages/airflow/example_dags/example_xcomargs.py
[2025-07-03T17:49:57.610+0000] {processor.py:830} INFO - Processing file /home/airflow/.local/lib/python3.8/site-packages/airflow/example_dags/example_xcomargs.py for tasks to queue
[2025-07-03T17:49:57.629+0000] {logging_mixin.py:188} INFO - [2025-07-03T17:49:57.612+0000] {dagbag.py:538} INFO - Filling up the DagBag from /home/airflow/.local/lib/python3.8/site-packages/airflow/example_dags/example_xcomargs.py
[2025-07-03T17:49:57.661+0000] {processor.py:840} INFO - DAG(s) 'example_xcom_args', 'example_xcom_args_with_operators' retrieved from /home/airflow/.local/lib/python3.8/site-packages/airflow/example_dags/example_xcomargs.py
[2025-07-03T17:49:57.773+0000] {logging_mixin.py:188} INFO - [2025-07-03T17:49:57.773+0000] {dag.py:3036} INFO - Sync 2 DAGs
[2025-07-03T17:49:57.825+0000] {logging_mixin.py:188} INFO - [2025-07-03T17:49:57.825+0000] {dag.py:3823} INFO - Setting next_dagrun for example_xcom_args to None, run_after=None
[2025-07-03T17:49:57.845+0000] {logging_mixin.py:188} INFO - [2025-07-03T17:49:57.844+0000] {dag.py:3823} INFO - Setting next_dagrun for example_xcom_args_with_operators to None, run_after=None
[2025-07-03T17:49:57.930+0000] {processor.py:183} INFO - Processing /home/airflow/.local/lib/python3.8/site-packages/airflow/example_dags/example_xcomargs.py took 0.329 seconds
[2025-07-03T17:50:28.335+0000] {processor.py:161} INFO - Started process (PID=2087) to work on /home/airflow/.local/lib/python3.8/site-packages/airflow/example_dags/example_xcomargs.py
[2025-07-03T17:50:28.341+0000] {processor.py:830} INFO - Processing file /home/airflow/.local/lib/python3.8/site-packages/airflow/example_dags/example_xcomargs.py for tasks to queue
[2025-07-03T17:50:28.350+0000] {logging_mixin.py:188} INFO - [2025-07-03T17:50:28.349+0000] {dagbag.py:538} INFO - Filling up the DagBag from /home/airflow/.local/lib/python3.8/site-packages/airflow/example_dags/example_xcomargs.py
[2025-07-03T17:50:28.375+0000] {processor.py:840} INFO - DAG(s) 'example_xcom_args_with_operators', 'example_xcom_args' retrieved from /home/airflow/.local/lib/python3.8/site-packages/airflow/example_dags/example_xcomargs.py
[2025-07-03T17:50:28.453+0000] {logging_mixin.py:188} INFO - [2025-07-03T17:50:28.453+0000] {dag.py:3036} INFO - Sync 2 DAGs
[2025-07-03T17:50:28.479+0000] {logging_mixin.py:188} INFO - [2025-07-03T17:50:28.479+0000] {dag.py:3823} INFO - Setting next_dagrun for example_xcom_args to None, run_after=None
[2025-07-03T17:50:28.486+0000] {logging_mixin.py:188} INFO - [2025-07-03T17:50:28.485+0000] {dag.py:3823} INFO - Setting next_dagrun for example_xcom_args_with_operators to None, run_after=None
[2025-07-03T17:50:28.512+0000] {processor.py:183} INFO - Processing /home/airflow/.local/lib/python3.8/site-packages/airflow/example_dags/example_xcomargs.py took 0.182 seconds
[2025-07-03T17:50:58.729+0000] {processor.py:161} INFO - Started process (PID=2151) to work on /home/airflow/.local/lib/python3.8/site-packages/airflow/example_dags/example_xcomargs.py
[2025-07-03T17:50:58.730+0000] {processor.py:830} INFO - Processing file /home/airflow/.local/lib/python3.8/site-packages/airflow/example_dags/example_xcomargs.py for tasks to queue
[2025-07-03T17:50:58.732+0000] {logging_mixin.py:188} INFO - [2025-07-03T17:50:58.732+0000] {dagbag.py:538} INFO - Filling up the DagBag from /home/airflow/.local/lib/python3.8/site-packages/airflow/example_dags/example_xcomargs.py
[2025-07-03T17:50:58.745+0000] {processor.py:840} INFO - DAG(s) 'example_xcom_args', 'example_xcom_args_with_operators' retrieved from /home/airflow/.local/lib/python3.8/site-packages/airflow/example_dags/example_xcomargs.py
[2025-07-03T17:50:58.782+0000] {logging_mixin.py:188} INFO - [2025-07-03T17:50:58.782+0000] {dag.py:3036} INFO - Sync 2 DAGs
[2025-07-03T17:50:58.808+0000] {logging_mixin.py:188} INFO - [2025-07-03T17:50:58.808+0000] {dag.py:3823} INFO - Setting next_dagrun for example_xcom_args to None, run_after=None
[2025-07-03T17:50:58.815+0000] {logging_mixin.py:188} INFO - [2025-07-03T17:50:58.815+0000] {dag.py:3823} INFO - Setting next_dagrun for example_xcom_args_with_operators to None, run_after=None
[2025-07-03T17:50:58.841+0000] {processor.py:183} INFO - Processing /home/airflow/.local/lib/python3.8/site-packages/airflow/example_dags/example_xcomargs.py took 0.117 seconds
[2025-07-03T17:51:29.215+0000] {processor.py:161} INFO - Started process (PID=2216) to work on /home/airflow/.local/lib/python3.8/site-packages/airflow/example_dags/example_xcomargs.py
[2025-07-03T17:51:29.217+0000] {processor.py:830} INFO - Processing file /home/airflow/.local/lib/python3.8/site-packages/airflow/example_dags/example_xcomargs.py for tasks to queue
[2025-07-03T17:51:29.219+0000] {logging_mixin.py:188} INFO - [2025-07-03T17:51:29.219+0000] {dagbag.py:538} INFO - Filling up the DagBag from /home/airflow/.local/lib/python3.8/site-packages/airflow/example_dags/example_xcomargs.py
[2025-07-03T17:51:29.232+0000] {processor.py:840} INFO - DAG(s) 'example_xcom_args', 'example_xcom_args_with_operators' retrieved from /home/airflow/.local/lib/python3.8/site-packages/airflow/example_dags/example_xcomargs.py
[2025-07-03T17:51:29.271+0000] {logging_mixin.py:188} INFO - [2025-07-03T17:51:29.270+0000] {dag.py:3036} INFO - Sync 2 DAGs
[2025-07-03T17:51:29.294+0000] {logging_mixin.py:188} INFO - [2025-07-03T17:51:29.294+0000] {dag.py:3823} INFO - Setting next_dagrun for example_xcom_args to None, run_after=None
[2025-07-03T17:51:29.301+0000] {logging_mixin.py:188} INFO - [2025-07-03T17:51:29.301+0000] {dag.py:3823} INFO - Setting next_dagrun for example_xcom_args_with_operators to None, run_after=None
[2025-07-03T17:51:29.329+0000] {processor.py:183} INFO - Processing /home/airflow/.local/lib/python3.8/site-packages/airflow/example_dags/example_xcomargs.py took 0.119 seconds
[2025-07-03T17:51:59.718+0000] {processor.py:161} INFO - Started process (PID=2281) to work on /home/airflow/.local/lib/python3.8/site-packages/airflow/example_dags/example_xcomargs.py
[2025-07-03T17:51:59.720+0000] {processor.py:830} INFO - Processing file /home/airflow/.local/lib/python3.8/site-packages/airflow/example_dags/example_xcomargs.py for tasks to queue
[2025-07-03T17:51:59.722+0000] {logging_mixin.py:188} INFO - [2025-07-03T17:51:59.722+0000] {dagbag.py:538} INFO - Filling up the DagBag from /home/airflow/.local/lib/python3.8/site-packages/airflow/example_dags/example_xcomargs.py
[2025-07-03T17:51:59.735+0000] {processor.py:840} INFO - DAG(s) 'example_xcom_args_with_operators', 'example_xcom_args' retrieved from /home/airflow/.local/lib/python3.8/site-packages/airflow/example_dags/example_xcomargs.py
[2025-07-03T17:51:59.774+0000] {logging_mixin.py:188} INFO - [2025-07-03T17:51:59.773+0000] {dag.py:3036} INFO - Sync 2 DAGs
[2025-07-03T17:51:59.798+0000] {logging_mixin.py:188} INFO - [2025-07-03T17:51:59.797+0000] {dag.py:3823} INFO - Setting next_dagrun for example_xcom_args to None, run_after=None
[2025-07-03T17:51:59.806+0000] {logging_mixin.py:188} INFO - [2025-07-03T17:51:59.805+0000] {dag.py:3823} INFO - Setting next_dagrun for example_xcom_args_with_operators to None, run_after=None
[2025-07-03T17:51:59.835+0000] {processor.py:183} INFO - Processing /home/airflow/.local/lib/python3.8/site-packages/airflow/example_dags/example_xcomargs.py took 0.121 seconds
[2025-07-03T17:52:30.121+0000] {processor.py:161} INFO - Started process (PID=2347) to work on /home/airflow/.local/lib/python3.8/site-packages/airflow/example_dags/example_xcomargs.py
[2025-07-03T17:52:30.122+0000] {processor.py:830} INFO - Processing file /home/airflow/.local/lib/python3.8/site-packages/airflow/example_dags/example_xcomargs.py for tasks to queue
[2025-07-03T17:52:30.125+0000] {logging_mixin.py:188} INFO - [2025-07-03T17:52:30.124+0000] {dagbag.py:538} INFO - Filling up the DagBag from /home/airflow/.local/lib/python3.8/site-packages/airflow/example_dags/example_xcomargs.py
[2025-07-03T17:52:30.138+0000] {processor.py:840} INFO - DAG(s) 'example_xcom_args', 'example_xcom_args_with_operators' retrieved from /home/airflow/.local/lib/python3.8/site-packages/airflow/example_dags/example_xcomargs.py
[2025-07-03T17:52:30.180+0000] {logging_mixin.py:188} INFO - [2025-07-03T17:52:30.179+0000] {dag.py:3036} INFO - Sync 2 DAGs
[2025-07-03T17:52:30.206+0000] {logging_mixin.py:188} INFO - [2025-07-03T17:52:30.205+0000] {dag.py:3823} INFO - Setting next_dagrun for example_xcom_args to None, run_after=None
[2025-07-03T17:52:30.213+0000] {logging_mixin.py:188} INFO - [2025-07-03T17:52:30.212+0000] {dag.py:3823} INFO - Setting next_dagrun for example_xcom_args_with_operators to None, run_after=None
[2025-07-03T17:52:30.240+0000] {processor.py:183} INFO - Processing /home/airflow/.local/lib/python3.8/site-packages/airflow/example_dags/example_xcomargs.py took 0.125 seconds
[2025-07-03T17:53:00.808+0000] {processor.py:161} INFO - Started process (PID=2413) to work on /home/airflow/.local/lib/python3.8/site-packages/airflow/example_dags/example_xcomargs.py
[2025-07-03T17:53:00.810+0000] {processor.py:830} INFO - Processing file /home/airflow/.local/lib/python3.8/site-packages/airflow/example_dags/example_xcomargs.py for tasks to queue
[2025-07-03T17:53:00.813+0000] {logging_mixin.py:188} INFO - [2025-07-03T17:53:00.812+0000] {dagbag.py:538} INFO - Filling up the DagBag from /home/airflow/.local/lib/python3.8/site-packages/airflow/example_dags/example_xcomargs.py
[2025-07-03T17:53:00.827+0000] {processor.py:840} INFO - DAG(s) 'example_xcom_args', 'example_xcom_args_with_operators' retrieved from /home/airflow/.local/lib/python3.8/site-packages/airflow/example_dags/example_xcomargs.py
[2025-07-03T17:53:00.869+0000] {logging_mixin.py:188} INFO - [2025-07-03T17:53:00.869+0000] {dag.py:3036} INFO - Sync 2 DAGs
[2025-07-03T17:53:00.893+0000] {logging_mixin.py:188} INFO - [2025-07-03T17:53:00.893+0000] {dag.py:3823} INFO - Setting next_dagrun for example_xcom_args to None, run_after=None
[2025-07-03T17:53:00.900+0000] {logging_mixin.py:188} INFO - [2025-07-03T17:53:00.900+0000] {dag.py:3823} INFO - Setting next_dagrun for example_xcom_args_with_operators to None, run_after=None
[2025-07-03T17:53:00.930+0000] {processor.py:183} INFO - Processing /home/airflow/.local/lib/python3.8/site-packages/airflow/example_dags/example_xcomargs.py took 0.127 seconds
[2025-07-03T17:53:31.301+0000] {processor.py:161} INFO - Started process (PID=2479) to work on /home/airflow/.local/lib/python3.8/site-packages/airflow/example_dags/example_xcomargs.py
[2025-07-03T17:53:31.303+0000] {processor.py:830} INFO - Processing file /home/airflow/.local/lib/python3.8/site-packages/airflow/example_dags/example_xcomargs.py for tasks to queue
[2025-07-03T17:53:31.305+0000] {logging_mixin.py:188} INFO - [2025-07-03T17:53:31.305+0000] {dagbag.py:538} INFO - Filling up the DagBag from /home/airflow/.local/lib/python3.8/site-packages/airflow/example_dags/example_xcomargs.py
[2025-07-03T17:53:31.318+0000] {processor.py:840} INFO - DAG(s) 'example_xcom_args', 'example_xcom_args_with_operators' retrieved from /home/airflow/.local/lib/python3.8/site-packages/airflow/example_dags/example_xcomargs.py
[2025-07-03T17:53:31.356+0000] {logging_mixin.py:188} INFO - [2025-07-03T17:53:31.356+0000] {dag.py:3036} INFO - Sync 2 DAGs
[2025-07-03T17:53:31.380+0000] {logging_mixin.py:188} INFO - [2025-07-03T17:53:31.379+0000] {dag.py:3823} INFO - Setting next_dagrun for example_xcom_args to None, run_after=None
[2025-07-03T17:53:31.389+0000] {logging_mixin.py:188} INFO - [2025-07-03T17:53:31.389+0000] {dag.py:3823} INFO - Setting next_dagrun for example_xcom_args_with_operators to None, run_after=None
[2025-07-03T17:53:31.417+0000] {processor.py:183} INFO - Processing /home/airflow/.local/lib/python3.8/site-packages/airflow/example_dags/example_xcomargs.py took 0.121 seconds
[2025-07-03T17:54:01.953+0000] {processor.py:161} INFO - Started process (PID=2545) to work on /home/airflow/.local/lib/python3.8/site-packages/airflow/example_dags/example_xcomargs.py
[2025-07-03T17:54:01.954+0000] {processor.py:830} INFO - Processing file /home/airflow/.local/lib/python3.8/site-packages/airflow/example_dags/example_xcomargs.py for tasks to queue
[2025-07-03T17:54:01.957+0000] {logging_mixin.py:188} INFO - [2025-07-03T17:54:01.956+0000] {dagbag.py:538} INFO - Filling up the DagBag from /home/airflow/.local/lib/python3.8/site-packages/airflow/example_dags/example_xcomargs.py
[2025-07-03T17:54:01.971+0000] {processor.py:840} INFO - DAG(s) 'example_xcom_args', 'example_xcom_args_with_operators' retrieved from /home/airflow/.local/lib/python3.8/site-packages/airflow/example_dags/example_xcomargs.py
[2025-07-03T17:54:02.010+0000] {logging_mixin.py:188} INFO - [2025-07-03T17:54:02.010+0000] {dag.py:3036} INFO - Sync 2 DAGs
[2025-07-03T17:54:02.035+0000] {logging_mixin.py:188} INFO - [2025-07-03T17:54:02.034+0000] {dag.py:3823} INFO - Setting next_dagrun for example_xcom_args to None, run_after=None
[2025-07-03T17:54:02.042+0000] {logging_mixin.py:188} INFO - [2025-07-03T17:54:02.041+0000] {dag.py:3823} INFO - Setting next_dagrun for example_xcom_args_with_operators to None, run_after=None
[2025-07-03T17:54:02.071+0000] {processor.py:183} INFO - Processing /home/airflow/.local/lib/python3.8/site-packages/airflow/example_dags/example_xcomargs.py took 0.123 seconds
[2025-07-03T17:54:32.561+0000] {processor.py:161} INFO - Started process (PID=2608) to work on /home/airflow/.local/lib/python3.8/site-packages/airflow/example_dags/example_xcomargs.py
[2025-07-03T17:54:32.562+0000] {processor.py:830} INFO - Processing file /home/airflow/.local/lib/python3.8/site-packages/airflow/example_dags/example_xcomargs.py for tasks to queue
[2025-07-03T17:54:32.564+0000] {logging_mixin.py:188} INFO - [2025-07-03T17:54:32.564+0000] {dagbag.py:538} INFO - Filling up the DagBag from /home/airflow/.local/lib/python3.8/site-packages/airflow/example_dags/example_xcomargs.py
[2025-07-03T17:54:32.577+0000] {processor.py:840} INFO - DAG(s) 'example_xcom_args', 'example_xcom_args_with_operators' retrieved from /home/airflow/.local/lib/python3.8/site-packages/airflow/example_dags/example_xcomargs.py
[2025-07-03T17:54:32.617+0000] {logging_mixin.py:188} INFO - [2025-07-03T17:54:32.617+0000] {dag.py:3036} INFO - Sync 2 DAGs
[2025-07-03T17:54:32.642+0000] {logging_mixin.py:188} INFO - [2025-07-03T17:54:32.641+0000] {dag.py:3823} INFO - Setting next_dagrun for example_xcom_args to None, run_after=None
[2025-07-03T17:54:32.648+0000] {logging_mixin.py:188} INFO - [2025-07-03T17:54:32.648+0000] {dag.py:3823} INFO - Setting next_dagrun for example_xcom_args_with_operators to None, run_after=None
[2025-07-03T17:54:32.676+0000] {processor.py:183} INFO - Processing /home/airflow/.local/lib/python3.8/site-packages/airflow/example_dags/example_xcomargs.py took 0.120 seconds
[2025-07-03T17:55:02.762+0000] {processor.py:161} INFO - Started process (PID=2671) to work on /home/airflow/.local/lib/python3.8/site-packages/airflow/example_dags/example_xcomargs.py
[2025-07-03T17:55:02.763+0000] {processor.py:830} INFO - Processing file /home/airflow/.local/lib/python3.8/site-packages/airflow/example_dags/example_xcomargs.py for tasks to queue
[2025-07-03T17:55:02.765+0000] {logging_mixin.py:188} INFO - [2025-07-03T17:55:02.765+0000] {dagbag.py:538} INFO - Filling up the DagBag from /home/airflow/.local/lib/python3.8/site-packages/airflow/example_dags/example_xcomargs.py
[2025-07-03T17:55:02.777+0000] {processor.py:840} INFO - DAG(s) 'example_xcom_args_with_operators', 'example_xcom_args' retrieved from /home/airflow/.local/lib/python3.8/site-packages/airflow/example_dags/example_xcomargs.py
[2025-07-03T17:55:02.808+0000] {logging_mixin.py:188} INFO - [2025-07-03T17:55:02.808+0000] {dag.py:3036} INFO - Sync 2 DAGs
[2025-07-03T17:55:02.825+0000] {logging_mixin.py:188} INFO - [2025-07-03T17:55:02.825+0000] {dag.py:3823} INFO - Setting next_dagrun for example_xcom_args to None, run_after=None
[2025-07-03T17:55:02.830+0000] {logging_mixin.py:188} INFO - [2025-07-03T17:55:02.830+0000] {dag.py:3823} INFO - Setting next_dagrun for example_xcom_args_with_operators to None, run_after=None
[2025-07-03T17:55:02.851+0000] {processor.py:183} INFO - Processing /home/airflow/.local/lib/python3.8/site-packages/airflow/example_dags/example_xcomargs.py took 0.092 seconds
[2025-07-03T17:55:32.904+0000] {processor.py:161} INFO - Started process (PID=2736) to work on /home/airflow/.local/lib/python3.8/site-packages/airflow/example_dags/example_xcomargs.py
[2025-07-03T17:55:32.914+0000] {processor.py:830} INFO - Processing file /home/airflow/.local/lib/python3.8/site-packages/airflow/example_dags/example_xcomargs.py for tasks to queue
[2025-07-03T17:55:32.916+0000] {logging_mixin.py:188} INFO - [2025-07-03T17:55:32.916+0000] {dagbag.py:538} INFO - Filling up the DagBag from /home/airflow/.local/lib/python3.8/site-packages/airflow/example_dags/example_xcomargs.py
[2025-07-03T17:55:32.942+0000] {processor.py:840} INFO - DAG(s) 'example_xcom_args_with_operators', 'example_xcom_args' retrieved from /home/airflow/.local/lib/python3.8/site-packages/airflow/example_dags/example_xcomargs.py
[2025-07-03T17:55:33.023+0000] {logging_mixin.py:188} INFO - [2025-07-03T17:55:33.022+0000] {dag.py:3036} INFO - Sync 2 DAGs
[2025-07-03T17:55:33.068+0000] {logging_mixin.py:188} INFO - [2025-07-03T17:55:33.068+0000] {dag.py:3823} INFO - Setting next_dagrun for example_xcom_args to None, run_after=None
[2025-07-03T17:55:33.088+0000] {logging_mixin.py:188} INFO - [2025-07-03T17:55:33.088+0000] {dag.py:3823} INFO - Setting next_dagrun for example_xcom_args_with_operators to None, run_after=None
[2025-07-03T17:55:33.157+0000] {processor.py:183} INFO - Processing /home/airflow/.local/lib/python3.8/site-packages/airflow/example_dags/example_xcomargs.py took 0.258 seconds
[2025-07-03T17:56:03.547+0000] {processor.py:161} INFO - Started process (PID=2801) to work on /home/airflow/.local/lib/python3.8/site-packages/airflow/example_dags/example_xcomargs.py
[2025-07-03T17:56:03.548+0000] {processor.py:830} INFO - Processing file /home/airflow/.local/lib/python3.8/site-packages/airflow/example_dags/example_xcomargs.py for tasks to queue
[2025-07-03T17:56:03.562+0000] {logging_mixin.py:188} INFO - [2025-07-03T17:56:03.561+0000] {dagbag.py:538} INFO - Filling up the DagBag from /home/airflow/.local/lib/python3.8/site-packages/airflow/example_dags/example_xcomargs.py
[2025-07-03T17:56:03.599+0000] {processor.py:840} INFO - DAG(s) 'example_xcom_args', 'example_xcom_args_with_operators' retrieved from /home/airflow/.local/lib/python3.8/site-packages/airflow/example_dags/example_xcomargs.py
[2025-07-03T17:56:03.690+0000] {logging_mixin.py:188} INFO - [2025-07-03T17:56:03.690+0000] {dag.py:3036} INFO - Sync 2 DAGs
[2025-07-03T17:56:03.739+0000] {logging_mixin.py:188} INFO - [2025-07-03T17:56:03.739+0000] {dag.py:3823} INFO - Setting next_dagrun for example_xcom_args to None, run_after=None
[2025-07-03T17:56:03.754+0000] {logging_mixin.py:188} INFO - [2025-07-03T17:56:03.753+0000] {dag.py:3823} INFO - Setting next_dagrun for example_xcom_args_with_operators to None, run_after=None
[2025-07-03T17:56:03.817+0000] {processor.py:183} INFO - Processing /home/airflow/.local/lib/python3.8/site-packages/airflow/example_dags/example_xcomargs.py took 0.295 seconds
[2025-07-03T17:56:35.034+0000] {processor.py:161} INFO - Started process (PID=2868) to work on /home/airflow/.local/lib/python3.8/site-packages/airflow/example_dags/example_xcomargs.py
[2025-07-03T17:56:35.037+0000] {processor.py:830} INFO - Processing file /home/airflow/.local/lib/python3.8/site-packages/airflow/example_dags/example_xcomargs.py for tasks to queue
[2025-07-03T17:56:35.046+0000] {logging_mixin.py:188} INFO - [2025-07-03T17:56:35.046+0000] {dagbag.py:538} INFO - Filling up the DagBag from /home/airflow/.local/lib/python3.8/site-packages/airflow/example_dags/example_xcomargs.py
[2025-07-03T17:56:35.097+0000] {processor.py:840} INFO - DAG(s) 'example_xcom_args', 'example_xcom_args_with_operators' retrieved from /home/airflow/.local/lib/python3.8/site-packages/airflow/example_dags/example_xcomargs.py
[2025-07-03T17:56:35.229+0000] {logging_mixin.py:188} INFO - [2025-07-03T17:56:35.229+0000] {dag.py:3036} INFO - Sync 2 DAGs
[2025-07-03T17:56:35.303+0000] {logging_mixin.py:188} INFO - [2025-07-03T17:56:35.303+0000] {dag.py:3823} INFO - Setting next_dagrun for example_xcom_args to None, run_after=None
[2025-07-03T17:56:35.326+0000] {logging_mixin.py:188} INFO - [2025-07-03T17:56:35.326+0000] {dag.py:3823} INFO - Setting next_dagrun for example_xcom_args_with_operators to None, run_after=None
[2025-07-03T17:56:35.415+0000] {processor.py:183} INFO - Processing /home/airflow/.local/lib/python3.8/site-packages/airflow/example_dags/example_xcomargs.py took 0.401 seconds
[2025-07-03T17:57:06.030+0000] {processor.py:161} INFO - Started process (PID=2932) to work on /home/airflow/.local/lib/python3.8/site-packages/airflow/example_dags/example_xcomargs.py
[2025-07-03T17:57:06.032+0000] {processor.py:830} INFO - Processing file /home/airflow/.local/lib/python3.8/site-packages/airflow/example_dags/example_xcomargs.py for tasks to queue
[2025-07-03T17:57:06.035+0000] {logging_mixin.py:188} INFO - [2025-07-03T17:57:06.035+0000] {dagbag.py:538} INFO - Filling up the DagBag from /home/airflow/.local/lib/python3.8/site-packages/airflow/example_dags/example_xcomargs.py
[2025-07-03T17:57:06.082+0000] {processor.py:840} INFO - DAG(s) 'example_xcom_args', 'example_xcom_args_with_operators' retrieved from /home/airflow/.local/lib/python3.8/site-packages/airflow/example_dags/example_xcomargs.py
[2025-07-03T17:57:06.219+0000] {logging_mixin.py:188} INFO - [2025-07-03T17:57:06.218+0000] {dag.py:3036} INFO - Sync 2 DAGs
[2025-07-03T17:57:06.313+0000] {logging_mixin.py:188} INFO - [2025-07-03T17:57:06.296+0000] {dag.py:3823} INFO - Setting next_dagrun for example_xcom_args to None, run_after=None
[2025-07-03T17:57:06.332+0000] {logging_mixin.py:188} INFO - [2025-07-03T17:57:06.331+0000] {dag.py:3823} INFO - Setting next_dagrun for example_xcom_args_with_operators to None, run_after=None
[2025-07-03T17:57:06.470+0000] {processor.py:183} INFO - Processing /home/airflow/.local/lib/python3.8/site-packages/airflow/example_dags/example_xcomargs.py took 0.457 seconds
[2025-07-03T17:57:36.868+0000] {processor.py:161} INFO - Started process (PID=2988) to work on /home/airflow/.local/lib/python3.8/site-packages/airflow/example_dags/example_xcomargs.py
[2025-07-03T17:57:36.869+0000] {processor.py:830} INFO - Processing file /home/airflow/.local/lib/python3.8/site-packages/airflow/example_dags/example_xcomargs.py for tasks to queue
[2025-07-03T17:57:36.871+0000] {logging_mixin.py:188} INFO - [2025-07-03T17:57:36.871+0000] {dagbag.py:538} INFO - Filling up the DagBag from /home/airflow/.local/lib/python3.8/site-packages/airflow/example_dags/example_xcomargs.py
[2025-07-03T17:57:36.909+0000] {processor.py:840} INFO - DAG(s) 'example_xcom_args_with_operators', 'example_xcom_args' retrieved from /home/airflow/.local/lib/python3.8/site-packages/airflow/example_dags/example_xcomargs.py
[2025-07-03T17:57:37.003+0000] {logging_mixin.py:188} INFO - [2025-07-03T17:57:37.003+0000] {dag.py:3036} INFO - Sync 2 DAGs
[2025-07-03T17:57:37.046+0000] {logging_mixin.py:188} INFO - [2025-07-03T17:57:37.046+0000] {dag.py:3823} INFO - Setting next_dagrun for example_xcom_args to None, run_after=None
[2025-07-03T17:57:37.070+0000] {logging_mixin.py:188} INFO - [2025-07-03T17:57:37.070+0000] {dag.py:3823} INFO - Setting next_dagrun for example_xcom_args_with_operators to None, run_after=None
[2025-07-03T17:57:37.159+0000] {processor.py:183} INFO - Processing /home/airflow/.local/lib/python3.8/site-packages/airflow/example_dags/example_xcomargs.py took 0.300 seconds
[2025-07-03T17:58:08.126+0000] {processor.py:161} INFO - Started process (PID=3054) to work on /home/airflow/.local/lib/python3.8/site-packages/airflow/example_dags/example_xcomargs.py
[2025-07-03T17:58:08.132+0000] {processor.py:830} INFO - Processing file /home/airflow/.local/lib/python3.8/site-packages/airflow/example_dags/example_xcomargs.py for tasks to queue
[2025-07-03T17:58:08.135+0000] {logging_mixin.py:188} INFO - [2025-07-03T17:58:08.135+0000] {dagbag.py:538} INFO - Filling up the DagBag from /home/airflow/.local/lib/python3.8/site-packages/airflow/example_dags/example_xcomargs.py
[2025-07-03T17:58:08.184+0000] {processor.py:840} INFO - DAG(s) 'example_xcom_args', 'example_xcom_args_with_operators' retrieved from /home/airflow/.local/lib/python3.8/site-packages/airflow/example_dags/example_xcomargs.py
[2025-07-03T17:58:08.389+0000] {logging_mixin.py:188} INFO - [2025-07-03T17:58:08.388+0000] {dag.py:3036} INFO - Sync 2 DAGs
[2025-07-03T17:58:08.501+0000] {logging_mixin.py:188} INFO - [2025-07-03T17:58:08.501+0000] {dag.py:3823} INFO - Setting next_dagrun for example_xcom_args to None, run_after=None
[2025-07-03T17:58:08.546+0000] {logging_mixin.py:188} INFO - [2025-07-03T17:58:08.541+0000] {dag.py:3823} INFO - Setting next_dagrun for example_xcom_args_with_operators to None, run_after=None
[2025-07-03T17:58:08.646+0000] {processor.py:183} INFO - Processing /home/airflow/.local/lib/python3.8/site-packages/airflow/example_dags/example_xcomargs.py took 0.537 seconds
[2025-07-03T17:58:39.445+0000] {processor.py:161} INFO - Started process (PID=3119) to work on /home/airflow/.local/lib/python3.8/site-packages/airflow/example_dags/example_xcomargs.py
[2025-07-03T17:58:39.446+0000] {processor.py:830} INFO - Processing file /home/airflow/.local/lib/python3.8/site-packages/airflow/example_dags/example_xcomargs.py for tasks to queue
[2025-07-03T17:58:39.449+0000] {logging_mixin.py:188} INFO - [2025-07-03T17:58:39.448+0000] {dagbag.py:538} INFO - Filling up the DagBag from /home/airflow/.local/lib/python3.8/site-packages/airflow/example_dags/example_xcomargs.py
[2025-07-03T17:58:39.515+0000] {processor.py:840} INFO - DAG(s) 'example_xcom_args', 'example_xcom_args_with_operators' retrieved from /home/airflow/.local/lib/python3.8/site-packages/airflow/example_dags/example_xcomargs.py
[2025-07-03T17:58:39.585+0000] {logging_mixin.py:188} INFO - [2025-07-03T17:58:39.584+0000] {dag.py:3036} INFO - Sync 2 DAGs
[2025-07-03T17:58:39.608+0000] {logging_mixin.py:188} INFO - [2025-07-03T17:58:39.608+0000] {dag.py:3823} INFO - Setting next_dagrun for example_xcom_args to None, run_after=None
[2025-07-03T17:58:39.620+0000] {logging_mixin.py:188} INFO - [2025-07-03T17:58:39.619+0000] {dag.py:3823} INFO - Setting next_dagrun for example_xcom_args_with_operators to None, run_after=None
[2025-07-03T17:58:39.681+0000] {processor.py:183} INFO - Processing /home/airflow/.local/lib/python3.8/site-packages/airflow/example_dags/example_xcomargs.py took 0.244 seconds
[2025-07-03T17:59:10.128+0000] {processor.py:161} INFO - Started process (PID=3184) to work on /home/airflow/.local/lib/python3.8/site-packages/airflow/example_dags/example_xcomargs.py
[2025-07-03T17:59:10.141+0000] {processor.py:830} INFO - Processing file /home/airflow/.local/lib/python3.8/site-packages/airflow/example_dags/example_xcomargs.py for tasks to queue
[2025-07-03T17:59:10.144+0000] {logging_mixin.py:188} INFO - [2025-07-03T17:59:10.143+0000] {dagbag.py:538} INFO - Filling up the DagBag from /home/airflow/.local/lib/python3.8/site-packages/airflow/example_dags/example_xcomargs.py
[2025-07-03T17:59:10.168+0000] {processor.py:840} INFO - DAG(s) 'example_xcom_args', 'example_xcom_args_with_operators' retrieved from /home/airflow/.local/lib/python3.8/site-packages/airflow/example_dags/example_xcomargs.py
[2025-07-03T17:59:10.282+0000] {logging_mixin.py:188} INFO - [2025-07-03T17:59:10.281+0000] {dag.py:3036} INFO - Sync 2 DAGs
[2025-07-03T17:59:10.314+0000] {logging_mixin.py:188} INFO - [2025-07-03T17:59:10.314+0000] {dag.py:3823} INFO - Setting next_dagrun for example_xcom_args to None, run_after=None
[2025-07-03T17:59:10.321+0000] {logging_mixin.py:188} INFO - [2025-07-03T17:59:10.321+0000] {dag.py:3823} INFO - Setting next_dagrun for example_xcom_args_with_operators to None, run_after=None
[2025-07-03T17:59:10.366+0000] {processor.py:183} INFO - Processing /home/airflow/.local/lib/python3.8/site-packages/airflow/example_dags/example_xcomargs.py took 0.242 seconds
[2025-07-03T17:59:40.803+0000] {processor.py:161} INFO - Started process (PID=3249) to work on /home/airflow/.local/lib/python3.8/site-packages/airflow/example_dags/example_xcomargs.py
[2025-07-03T17:59:40.804+0000] {processor.py:830} INFO - Processing file /home/airflow/.local/lib/python3.8/site-packages/airflow/example_dags/example_xcomargs.py for tasks to queue
[2025-07-03T17:59:40.806+0000] {logging_mixin.py:188} INFO - [2025-07-03T17:59:40.806+0000] {dagbag.py:538} INFO - Filling up the DagBag from /home/airflow/.local/lib/python3.8/site-packages/airflow/example_dags/example_xcomargs.py
[2025-07-03T17:59:40.834+0000] {processor.py:840} INFO - DAG(s) 'example_xcom_args_with_operators', 'example_xcom_args' retrieved from /home/airflow/.local/lib/python3.8/site-packages/airflow/example_dags/example_xcomargs.py
[2025-07-03T17:59:40.941+0000] {logging_mixin.py:188} INFO - [2025-07-03T17:59:40.941+0000] {dag.py:3036} INFO - Sync 2 DAGs
[2025-07-03T17:59:40.981+0000] {logging_mixin.py:188} INFO - [2025-07-03T17:59:40.980+0000] {dag.py:3823} INFO - Setting next_dagrun for example_xcom_args to None, run_after=None
[2025-07-03T17:59:40.996+0000] {logging_mixin.py:188} INFO - [2025-07-03T17:59:40.995+0000] {dag.py:3823} INFO - Setting next_dagrun for example_xcom_args_with_operators to None, run_after=None
[2025-07-03T17:59:41.045+0000] {processor.py:183} INFO - Processing /home/airflow/.local/lib/python3.8/site-packages/airflow/example_dags/example_xcomargs.py took 0.251 seconds
[2025-07-03T18:00:11.536+0000] {processor.py:161} INFO - Started process (PID=3312) to work on /home/airflow/.local/lib/python3.8/site-packages/airflow/example_dags/example_xcomargs.py
[2025-07-03T18:00:11.541+0000] {processor.py:830} INFO - Processing file /home/airflow/.local/lib/python3.8/site-packages/airflow/example_dags/example_xcomargs.py for tasks to queue
[2025-07-03T18:00:11.544+0000] {logging_mixin.py:188} INFO - [2025-07-03T18:00:11.543+0000] {dagbag.py:538} INFO - Filling up the DagBag from /home/airflow/.local/lib/python3.8/site-packages/airflow/example_dags/example_xcomargs.py
[2025-07-03T18:00:11.567+0000] {processor.py:840} INFO - DAG(s) 'example_xcom_args', 'example_xcom_args_with_operators' retrieved from /home/airflow/.local/lib/python3.8/site-packages/airflow/example_dags/example_xcomargs.py
[2025-07-03T18:00:11.678+0000] {logging_mixin.py:188} INFO - [2025-07-03T18:00:11.678+0000] {dag.py:3036} INFO - Sync 2 DAGs
[2025-07-03T18:00:11.728+0000] {logging_mixin.py:188} INFO - [2025-07-03T18:00:11.727+0000] {dag.py:3823} INFO - Setting next_dagrun for example_xcom_args to None, run_after=None
[2025-07-03T18:00:11.742+0000] {logging_mixin.py:188} INFO - [2025-07-03T18:00:11.741+0000] {dag.py:3823} INFO - Setting next_dagrun for example_xcom_args_with_operators to None, run_after=None
[2025-07-03T18:00:11.789+0000] {processor.py:183} INFO - Processing /home/airflow/.local/lib/python3.8/site-packages/airflow/example_dags/example_xcomargs.py took 0.265 seconds
[2025-07-03T18:00:43.998+0000] {processor.py:161} INFO - Started process (PID=3377) to work on /home/airflow/.local/lib/python3.8/site-packages/airflow/example_dags/example_xcomargs.py
[2025-07-03T18:00:43.999+0000] {processor.py:830} INFO - Processing file /home/airflow/.local/lib/python3.8/site-packages/airflow/example_dags/example_xcomargs.py for tasks to queue
[2025-07-03T18:00:44.011+0000] {logging_mixin.py:188} INFO - [2025-07-03T18:00:44.010+0000] {dagbag.py:538} INFO - Filling up the DagBag from /home/airflow/.local/lib/python3.8/site-packages/airflow/example_dags/example_xcomargs.py
[2025-07-03T18:00:44.071+0000] {processor.py:840} INFO - DAG(s) 'example_xcom_args', 'example_xcom_args_with_operators' retrieved from /home/airflow/.local/lib/python3.8/site-packages/airflow/example_dags/example_xcomargs.py
[2025-07-03T18:00:44.249+0000] {logging_mixin.py:188} INFO - [2025-07-03T18:00:44.249+0000] {dag.py:3036} INFO - Sync 2 DAGs
[2025-07-03T18:00:44.824+0000] {logging_mixin.py:188} INFO - [2025-07-03T18:00:44.823+0000] {dag.py:3823} INFO - Setting next_dagrun for example_xcom_args to None, run_after=None
[2025-07-03T18:00:44.846+0000] {logging_mixin.py:188} INFO - [2025-07-03T18:00:44.845+0000] {dag.py:3823} INFO - Setting next_dagrun for example_xcom_args_with_operators to None, run_after=None
[2025-07-03T18:00:44.891+0000] {processor.py:183} INFO - Processing /home/airflow/.local/lib/python3.8/site-packages/airflow/example_dags/example_xcomargs.py took 0.905 seconds
[2025-07-03T18:01:16.736+0000] {processor.py:161} INFO - Started process (PID=3442) to work on /home/airflow/.local/lib/python3.8/site-packages/airflow/example_dags/example_xcomargs.py
[2025-07-03T18:01:16.758+0000] {processor.py:830} INFO - Processing file /home/airflow/.local/lib/python3.8/site-packages/airflow/example_dags/example_xcomargs.py for tasks to queue
[2025-07-03T18:01:16.774+0000] {logging_mixin.py:188} INFO - [2025-07-03T18:01:16.774+0000] {dagbag.py:538} INFO - Filling up the DagBag from /home/airflow/.local/lib/python3.8/site-packages/airflow/example_dags/example_xcomargs.py
[2025-07-03T18:01:16.839+0000] {processor.py:840} INFO - DAG(s) 'example_xcom_args_with_operators', 'example_xcom_args' retrieved from /home/airflow/.local/lib/python3.8/site-packages/airflow/example_dags/example_xcomargs.py
[2025-07-03T18:01:16.985+0000] {logging_mixin.py:188} INFO - [2025-07-03T18:01:16.985+0000] {dag.py:3036} INFO - Sync 2 DAGs
[2025-07-03T18:01:17.036+0000] {logging_mixin.py:188} INFO - [2025-07-03T18:01:17.036+0000] {dag.py:3823} INFO - Setting next_dagrun for example_xcom_args to None, run_after=None
[2025-07-03T18:01:17.051+0000] {logging_mixin.py:188} INFO - [2025-07-03T18:01:17.050+0000] {dag.py:3823} INFO - Setting next_dagrun for example_xcom_args_with_operators to None, run_after=None
[2025-07-03T18:01:17.104+0000] {processor.py:183} INFO - Processing /home/airflow/.local/lib/python3.8/site-packages/airflow/example_dags/example_xcomargs.py took 0.389 seconds
[2025-07-03T18:01:47.667+0000] {processor.py:161} INFO - Started process (PID=3498) to work on /home/airflow/.local/lib/python3.8/site-packages/airflow/example_dags/example_xcomargs.py
[2025-07-03T18:01:47.668+0000] {processor.py:830} INFO - Processing file /home/airflow/.local/lib/python3.8/site-packages/airflow/example_dags/example_xcomargs.py for tasks to queue
[2025-07-03T18:01:47.671+0000] {logging_mixin.py:188} INFO - [2025-07-03T18:01:47.671+0000] {dagbag.py:538} INFO - Filling up the DagBag from /home/airflow/.local/lib/python3.8/site-packages/airflow/example_dags/example_xcomargs.py
[2025-07-03T18:01:47.685+0000] {processor.py:840} INFO - DAG(s) 'example_xcom_args_with_operators', 'example_xcom_args' retrieved from /home/airflow/.local/lib/python3.8/site-packages/airflow/example_dags/example_xcomargs.py
[2025-07-03T18:01:47.725+0000] {logging_mixin.py:188} INFO - [2025-07-03T18:01:47.724+0000] {dag.py:3036} INFO - Sync 2 DAGs
[2025-07-03T18:01:47.749+0000] {logging_mixin.py:188} INFO - [2025-07-03T18:01:47.749+0000] {dag.py:3823} INFO - Setting next_dagrun for example_xcom_args to None, run_after=None
[2025-07-03T18:01:47.756+0000] {logging_mixin.py:188} INFO - [2025-07-03T18:01:47.755+0000] {dag.py:3823} INFO - Setting next_dagrun for example_xcom_args_with_operators to None, run_after=None
[2025-07-03T18:01:47.782+0000] {processor.py:183} INFO - Processing /home/airflow/.local/lib/python3.8/site-packages/airflow/example_dags/example_xcomargs.py took 0.120 seconds
[2025-07-03T18:02:17.906+0000] {processor.py:161} INFO - Started process (PID=3563) to work on /home/airflow/.local/lib/python3.8/site-packages/airflow/example_dags/example_xcomargs.py
[2025-07-03T18:02:17.917+0000] {processor.py:830} INFO - Processing file /home/airflow/.local/lib/python3.8/site-packages/airflow/example_dags/example_xcomargs.py for tasks to queue
[2025-07-03T18:02:17.922+0000] {logging_mixin.py:188} INFO - [2025-07-03T18:02:17.921+0000] {dagbag.py:538} INFO - Filling up the DagBag from /home/airflow/.local/lib/python3.8/site-packages/airflow/example_dags/example_xcomargs.py
[2025-07-03T18:02:17.942+0000] {processor.py:840} INFO - DAG(s) 'example_xcom_args', 'example_xcom_args_with_operators' retrieved from /home/airflow/.local/lib/python3.8/site-packages/airflow/example_dags/example_xcomargs.py
[2025-07-03T18:02:18.032+0000] {logging_mixin.py:188} INFO - [2025-07-03T18:02:18.032+0000] {dag.py:3036} INFO - Sync 2 DAGs
[2025-07-03T18:02:18.085+0000] {logging_mixin.py:188} INFO - [2025-07-03T18:02:18.084+0000] {dag.py:3823} INFO - Setting next_dagrun for example_xcom_args to None, run_after=None
[2025-07-03T18:02:18.103+0000] {logging_mixin.py:188} INFO - [2025-07-03T18:02:18.102+0000] {dag.py:3823} INFO - Setting next_dagrun for example_xcom_args_with_operators to None, run_after=None
[2025-07-03T18:02:18.144+0000] {processor.py:183} INFO - Processing /home/airflow/.local/lib/python3.8/site-packages/airflow/example_dags/example_xcomargs.py took 0.244 seconds
[2025-07-03T18:02:49.790+0000] {processor.py:161} INFO - Started process (PID=3628) to work on /home/airflow/.local/lib/python3.8/site-packages/airflow/example_dags/example_xcomargs.py
[2025-07-03T18:02:49.791+0000] {processor.py:830} INFO - Processing file /home/airflow/.local/lib/python3.8/site-packages/airflow/example_dags/example_xcomargs.py for tasks to queue
[2025-07-03T18:02:49.798+0000] {logging_mixin.py:188} INFO - [2025-07-03T18:02:49.797+0000] {dagbag.py:538} INFO - Filling up the DagBag from /home/airflow/.local/lib/python3.8/site-packages/airflow/example_dags/example_xcomargs.py
[2025-07-03T18:02:49.835+0000] {processor.py:840} INFO - DAG(s) 'example_xcom_args', 'example_xcom_args_with_operators' retrieved from /home/airflow/.local/lib/python3.8/site-packages/airflow/example_dags/example_xcomargs.py
[2025-07-03T18:02:49.962+0000] {logging_mixin.py:188} INFO - [2025-07-03T18:02:49.961+0000] {dag.py:3036} INFO - Sync 2 DAGs
[2025-07-03T18:02:50.583+0000] {logging_mixin.py:188} INFO - [2025-07-03T18:02:50.583+0000] {dag.py:3823} INFO - Setting next_dagrun for example_xcom_args to None, run_after=None
[2025-07-03T18:02:50.597+0000] {logging_mixin.py:188} INFO - [2025-07-03T18:02:50.596+0000] {dag.py:3823} INFO - Setting next_dagrun for example_xcom_args_with_operators to None, run_after=None
[2025-07-03T18:02:50.669+0000] {processor.py:183} INFO - Processing /home/airflow/.local/lib/python3.8/site-packages/airflow/example_dags/example_xcomargs.py took 0.888 seconds
[2025-07-03T18:03:24.054+0000] {processor.py:161} INFO - Started process (PID=3685) to work on /home/airflow/.local/lib/python3.8/site-packages/airflow/example_dags/example_xcomargs.py
[2025-07-03T18:03:24.075+0000] {processor.py:830} INFO - Processing file /home/airflow/.local/lib/python3.8/site-packages/airflow/example_dags/example_xcomargs.py for tasks to queue
[2025-07-03T18:03:24.086+0000] {logging_mixin.py:188} INFO - [2025-07-03T18:03:24.085+0000] {dagbag.py:538} INFO - Filling up the DagBag from /home/airflow/.local/lib/python3.8/site-packages/airflow/example_dags/example_xcomargs.py
[2025-07-03T18:03:24.224+0000] {processor.py:840} INFO - DAG(s) 'example_xcom_args', 'example_xcom_args_with_operators' retrieved from /home/airflow/.local/lib/python3.8/site-packages/airflow/example_dags/example_xcomargs.py
[2025-07-03T18:03:24.541+0000] {logging_mixin.py:188} INFO - [2025-07-03T18:03:24.541+0000] {dag.py:3036} INFO - Sync 2 DAGs
[2025-07-03T18:03:24.777+0000] {logging_mixin.py:188} INFO - [2025-07-03T18:03:24.744+0000] {dag.py:3823} INFO - Setting next_dagrun for example_xcom_args to None, run_after=None
[2025-07-03T18:03:24.865+0000] {logging_mixin.py:188} INFO - [2025-07-03T18:03:24.865+0000] {dag.py:3823} INFO - Setting next_dagrun for example_xcom_args_with_operators to None, run_after=None
[2025-07-03T18:03:25.585+0000] {processor.py:183} INFO - Processing /home/airflow/.local/lib/python3.8/site-packages/airflow/example_dags/example_xcomargs.py took 1.560 seconds
[2025-07-03T18:05:14.825+0000] {processor.py:161} INFO - Started process (PID=3783) to work on /home/airflow/.local/lib/python3.8/site-packages/airflow/example_dags/example_xcomargs.py
[2025-07-03T18:05:14.925+0000] {processor.py:830} INFO - Processing file /home/airflow/.local/lib/python3.8/site-packages/airflow/example_dags/example_xcomargs.py for tasks to queue
[2025-07-03T18:05:14.936+0000] {logging_mixin.py:188} INFO - [2025-07-03T18:05:14.935+0000] {dagbag.py:538} INFO - Filling up the DagBag from /home/airflow/.local/lib/python3.8/site-packages/airflow/example_dags/example_xcomargs.py
[2025-07-03T18:05:15.373+0000] {processor.py:840} INFO - DAG(s) 'example_xcom_args', 'example_xcom_args_with_operators' retrieved from /home/airflow/.local/lib/python3.8/site-packages/airflow/example_dags/example_xcomargs.py
[2025-07-03T18:05:16.262+0000] {logging_mixin.py:188} INFO - [2025-07-03T18:05:16.262+0000] {dag.py:3036} INFO - Sync 2 DAGs
[2025-07-03T18:05:16.659+0000] {logging_mixin.py:188} INFO - [2025-07-03T18:05:16.658+0000] {dag.py:3823} INFO - Setting next_dagrun for example_xcom_args to None, run_after=None
[2025-07-03T18:05:16.847+0000] {logging_mixin.py:188} INFO - [2025-07-03T18:05:16.846+0000] {dag.py:3823} INFO - Setting next_dagrun for example_xcom_args_with_operators to None, run_after=None
[2025-07-03T18:05:17.513+0000] {processor.py:183} INFO - Processing /home/airflow/.local/lib/python3.8/site-packages/airflow/example_dags/example_xcomargs.py took 2.803 seconds
[2025-07-03T18:08:04.598+0000] {processor.py:161} INFO - Started process (PID=3908) to work on /home/airflow/.local/lib/python3.8/site-packages/airflow/example_dags/example_xcomargs.py
[2025-07-03T18:08:04.687+0000] {processor.py:830} INFO - Processing file /home/airflow/.local/lib/python3.8/site-packages/airflow/example_dags/example_xcomargs.py for tasks to queue
[2025-07-03T18:08:04.803+0000] {logging_mixin.py:188} INFO - [2025-07-03T18:08:04.802+0000] {dagbag.py:538} INFO - Filling up the DagBag from /home/airflow/.local/lib/python3.8/site-packages/airflow/example_dags/example_xcomargs.py
[2025-07-03T18:08:05.347+0000] {processor.py:840} INFO - DAG(s) 'example_xcom_args', 'example_xcom_args_with_operators' retrieved from /home/airflow/.local/lib/python3.8/site-packages/airflow/example_dags/example_xcomargs.py
[2025-07-03T18:08:06.966+0000] {logging_mixin.py:188} INFO - [2025-07-03T18:08:06.966+0000] {dag.py:3036} INFO - Sync 2 DAGs
[2025-07-03T18:08:08.360+0000] {logging_mixin.py:188} INFO - [2025-07-03T18:08:08.359+0000] {dag.py:3823} INFO - Setting next_dagrun for example_xcom_args to None, run_after=None
[2025-07-03T18:08:09.145+0000] {logging_mixin.py:188} INFO - [2025-07-03T18:08:09.145+0000] {dag.py:3823} INFO - Setting next_dagrun for example_xcom_args_with_operators to None, run_after=None
[2025-07-03T18:08:11.445+0000] {processor.py:183} INFO - Processing /home/airflow/.local/lib/python3.8/site-packages/airflow/example_dags/example_xcomargs.py took 6.992 seconds
[2025-07-03T18:21:11.461+0000] {processor.py:161} INFO - Started process (PID=102) to work on /home/airflow/.local/lib/python3.8/site-packages/airflow/example_dags/example_xcomargs.py
[2025-07-03T18:21:11.470+0000] {processor.py:830} INFO - Processing file /home/airflow/.local/lib/python3.8/site-packages/airflow/example_dags/example_xcomargs.py for tasks to queue
[2025-07-03T18:21:11.472+0000] {logging_mixin.py:188} INFO - [2025-07-03T18:21:11.472+0000] {dagbag.py:538} INFO - Filling up the DagBag from /home/airflow/.local/lib/python3.8/site-packages/airflow/example_dags/example_xcomargs.py
[2025-07-03T18:21:11.496+0000] {processor.py:840} INFO - DAG(s) 'example_xcom_args_with_operators', 'example_xcom_args' retrieved from /home/airflow/.local/lib/python3.8/site-packages/airflow/example_dags/example_xcomargs.py
[2025-07-03T18:21:11.621+0000] {logging_mixin.py:188} INFO - [2025-07-03T18:21:11.621+0000] {dag.py:3036} INFO - Sync 2 DAGs
[2025-07-03T18:21:11.654+0000] {logging_mixin.py:188} INFO - [2025-07-03T18:21:11.654+0000] {dag.py:3823} INFO - Setting next_dagrun for example_xcom_args to None, run_after=None
[2025-07-03T18:21:11.671+0000] {logging_mixin.py:188} INFO - [2025-07-03T18:21:11.671+0000] {dag.py:3823} INFO - Setting next_dagrun for example_xcom_args_with_operators to None, run_after=None
[2025-07-03T18:21:11.720+0000] {processor.py:183} INFO - Processing /home/airflow/.local/lib/python3.8/site-packages/airflow/example_dags/example_xcomargs.py took 0.268 seconds
[2025-07-03T18:21:41.925+0000] {processor.py:161} INFO - Started process (PID=167) to work on /home/airflow/.local/lib/python3.8/site-packages/airflow/example_dags/example_xcomargs.py
[2025-07-03T18:21:41.926+0000] {processor.py:830} INFO - Processing file /home/airflow/.local/lib/python3.8/site-packages/airflow/example_dags/example_xcomargs.py for tasks to queue
[2025-07-03T18:21:41.930+0000] {logging_mixin.py:188} INFO - [2025-07-03T18:21:41.930+0000] {dagbag.py:538} INFO - Filling up the DagBag from /home/airflow/.local/lib/python3.8/site-packages/airflow/example_dags/example_xcomargs.py
[2025-07-03T18:21:41.952+0000] {processor.py:840} INFO - DAG(s) 'example_xcom_args', 'example_xcom_args_with_operators' retrieved from /home/airflow/.local/lib/python3.8/site-packages/airflow/example_dags/example_xcomargs.py
[2025-07-03T18:21:41.988+0000] {logging_mixin.py:188} INFO - [2025-07-03T18:21:41.988+0000] {dag.py:3036} INFO - Sync 2 DAGs
[2025-07-03T18:21:42.006+0000] {logging_mixin.py:188} INFO - [2025-07-03T18:21:42.005+0000] {dag.py:3823} INFO - Setting next_dagrun for example_xcom_args to None, run_after=None
[2025-07-03T18:21:42.011+0000] {logging_mixin.py:188} INFO - [2025-07-03T18:21:42.011+0000] {dag.py:3823} INFO - Setting next_dagrun for example_xcom_args_with_operators to None, run_after=None
[2025-07-03T18:21:42.032+0000] {processor.py:183} INFO - Processing /home/airflow/.local/lib/python3.8/site-packages/airflow/example_dags/example_xcomargs.py took 0.122 seconds
[2025-07-03T18:22:12.226+0000] {processor.py:161} INFO - Started process (PID=232) to work on /home/airflow/.local/lib/python3.8/site-packages/airflow/example_dags/example_xcomargs.py
[2025-07-03T18:22:12.228+0000] {processor.py:830} INFO - Processing file /home/airflow/.local/lib/python3.8/site-packages/airflow/example_dags/example_xcomargs.py for tasks to queue
[2025-07-03T18:22:12.231+0000] {logging_mixin.py:188} INFO - [2025-07-03T18:22:12.230+0000] {dagbag.py:538} INFO - Filling up the DagBag from /home/airflow/.local/lib/python3.8/site-packages/airflow/example_dags/example_xcomargs.py
[2025-07-03T18:22:12.243+0000] {processor.py:840} INFO - DAG(s) 'example_xcom_args', 'example_xcom_args_with_operators' retrieved from /home/airflow/.local/lib/python3.8/site-packages/airflow/example_dags/example_xcomargs.py
[2025-07-03T18:22:12.283+0000] {logging_mixin.py:188} INFO - [2025-07-03T18:22:12.282+0000] {dag.py:3036} INFO - Sync 2 DAGs
[2025-07-03T18:22:12.306+0000] {logging_mixin.py:188} INFO - [2025-07-03T18:22:12.305+0000] {dag.py:3823} INFO - Setting next_dagrun for example_xcom_args to None, run_after=None
[2025-07-03T18:22:12.313+0000] {logging_mixin.py:188} INFO - [2025-07-03T18:22:12.312+0000] {dag.py:3823} INFO - Setting next_dagrun for example_xcom_args_with_operators to None, run_after=None
[2025-07-03T18:22:12.340+0000] {processor.py:183} INFO - Processing /home/airflow/.local/lib/python3.8/site-packages/airflow/example_dags/example_xcomargs.py took 0.118 seconds
[2025-07-03T18:22:42.740+0000] {processor.py:161} INFO - Started process (PID=299) to work on /home/airflow/.local/lib/python3.8/site-packages/airflow/example_dags/example_xcomargs.py
[2025-07-03T18:22:42.742+0000] {processor.py:830} INFO - Processing file /home/airflow/.local/lib/python3.8/site-packages/airflow/example_dags/example_xcomargs.py for tasks to queue
[2025-07-03T18:22:42.744+0000] {logging_mixin.py:188} INFO - [2025-07-03T18:22:42.744+0000] {dagbag.py:538} INFO - Filling up the DagBag from /home/airflow/.local/lib/python3.8/site-packages/airflow/example_dags/example_xcomargs.py
[2025-07-03T18:22:42.758+0000] {processor.py:840} INFO - DAG(s) 'example_xcom_args', 'example_xcom_args_with_operators' retrieved from /home/airflow/.local/lib/python3.8/site-packages/airflow/example_dags/example_xcomargs.py
[2025-07-03T18:22:42.829+0000] {logging_mixin.py:188} INFO - [2025-07-03T18:22:42.828+0000] {dag.py:3036} INFO - Sync 2 DAGs
[2025-07-03T18:22:42.853+0000] {logging_mixin.py:188} INFO - [2025-07-03T18:22:42.853+0000] {dag.py:3823} INFO - Setting next_dagrun for example_xcom_args to None, run_after=None
[2025-07-03T18:22:42.861+0000] {logging_mixin.py:188} INFO - [2025-07-03T18:22:42.860+0000] {dag.py:3823} INFO - Setting next_dagrun for example_xcom_args_with_operators to None, run_after=None
[2025-07-03T18:22:42.891+0000] {processor.py:183} INFO - Processing /home/airflow/.local/lib/python3.8/site-packages/airflow/example_dags/example_xcomargs.py took 0.156 seconds
[2025-07-03T18:23:12.941+0000] {processor.py:161} INFO - Started process (PID=364) to work on /home/airflow/.local/lib/python3.8/site-packages/airflow/example_dags/example_xcomargs.py
[2025-07-03T18:23:12.943+0000] {processor.py:830} INFO - Processing file /home/airflow/.local/lib/python3.8/site-packages/airflow/example_dags/example_xcomargs.py for tasks to queue
[2025-07-03T18:23:12.946+0000] {logging_mixin.py:188} INFO - [2025-07-03T18:23:12.945+0000] {dagbag.py:538} INFO - Filling up the DagBag from /home/airflow/.local/lib/python3.8/site-packages/airflow/example_dags/example_xcomargs.py
[2025-07-03T18:23:12.960+0000] {processor.py:840} INFO - DAG(s) 'example_xcom_args_with_operators', 'example_xcom_args' retrieved from /home/airflow/.local/lib/python3.8/site-packages/airflow/example_dags/example_xcomargs.py
[2025-07-03T18:23:12.999+0000] {logging_mixin.py:188} INFO - [2025-07-03T18:23:12.998+0000] {dag.py:3036} INFO - Sync 2 DAGs
[2025-07-03T18:23:13.022+0000] {logging_mixin.py:188} INFO - [2025-07-03T18:23:13.022+0000] {dag.py:3823} INFO - Setting next_dagrun for example_xcom_args to None, run_after=None
[2025-07-03T18:23:13.029+0000] {logging_mixin.py:188} INFO - [2025-07-03T18:23:13.028+0000] {dag.py:3823} INFO - Setting next_dagrun for example_xcom_args_with_operators to None, run_after=None
[2025-07-03T18:23:13.057+0000] {processor.py:183} INFO - Processing /home/airflow/.local/lib/python3.8/site-packages/airflow/example_dags/example_xcomargs.py took 0.123 seconds
[2025-07-03T18:23:43.309+0000] {processor.py:161} INFO - Started process (PID=429) to work on /home/airflow/.local/lib/python3.8/site-packages/airflow/example_dags/example_xcomargs.py
[2025-07-03T18:23:43.310+0000] {processor.py:830} INFO - Processing file /home/airflow/.local/lib/python3.8/site-packages/airflow/example_dags/example_xcomargs.py for tasks to queue
[2025-07-03T18:23:43.312+0000] {logging_mixin.py:188} INFO - [2025-07-03T18:23:43.312+0000] {dagbag.py:538} INFO - Filling up the DagBag from /home/airflow/.local/lib/python3.8/site-packages/airflow/example_dags/example_xcomargs.py
[2025-07-03T18:23:43.326+0000] {processor.py:840} INFO - DAG(s) 'example_xcom_args_with_operators', 'example_xcom_args' retrieved from /home/airflow/.local/lib/python3.8/site-packages/airflow/example_dags/example_xcomargs.py
[2025-07-03T18:23:43.366+0000] {logging_mixin.py:188} INFO - [2025-07-03T18:23:43.365+0000] {dag.py:3036} INFO - Sync 2 DAGs
[2025-07-03T18:23:43.391+0000] {logging_mixin.py:188} INFO - [2025-07-03T18:23:43.390+0000] {dag.py:3823} INFO - Setting next_dagrun for example_xcom_args to None, run_after=None
[2025-07-03T18:23:43.398+0000] {logging_mixin.py:188} INFO - [2025-07-03T18:23:43.397+0000] {dag.py:3823} INFO - Setting next_dagrun for example_xcom_args_with_operators to None, run_after=None
[2025-07-03T18:23:43.426+0000] {processor.py:183} INFO - Processing /home/airflow/.local/lib/python3.8/site-packages/airflow/example_dags/example_xcomargs.py took 0.121 seconds
[2025-07-03T18:24:13.862+0000] {processor.py:161} INFO - Started process (PID=495) to work on /home/airflow/.local/lib/python3.8/site-packages/airflow/example_dags/example_xcomargs.py
[2025-07-03T18:24:13.871+0000] {processor.py:830} INFO - Processing file /home/airflow/.local/lib/python3.8/site-packages/airflow/example_dags/example_xcomargs.py for tasks to queue
[2025-07-03T18:24:13.877+0000] {logging_mixin.py:188} INFO - [2025-07-03T18:24:13.876+0000] {dagbag.py:538} INFO - Filling up the DagBag from /home/airflow/.local/lib/python3.8/site-packages/airflow/example_dags/example_xcomargs.py
[2025-07-03T18:24:13.913+0000] {processor.py:840} INFO - DAG(s) 'example_xcom_args_with_operators', 'example_xcom_args' retrieved from /home/airflow/.local/lib/python3.8/site-packages/airflow/example_dags/example_xcomargs.py
[2025-07-03T18:24:13.997+0000] {logging_mixin.py:188} INFO - [2025-07-03T18:24:13.997+0000] {dag.py:3036} INFO - Sync 2 DAGs
[2025-07-03T18:24:14.033+0000] {logging_mixin.py:188} INFO - [2025-07-03T18:24:14.033+0000] {dag.py:3823} INFO - Setting next_dagrun for example_xcom_args to None, run_after=None
[2025-07-03T18:24:14.044+0000] {logging_mixin.py:188} INFO - [2025-07-03T18:24:14.044+0000] {dag.py:3823} INFO - Setting next_dagrun for example_xcom_args_with_operators to None, run_after=None
[2025-07-03T18:24:14.093+0000] {processor.py:183} INFO - Processing /home/airflow/.local/lib/python3.8/site-packages/airflow/example_dags/example_xcomargs.py took 0.235 seconds
