[2025-07-03T17:35:49.651+0000] {processor.py:161} INFO - Started process (PID=255) to work on /home/airflow/.local/lib/python3.8/site-packages/airflow/example_dags/example_complex.py
[2025-07-03T17:35:49.665+0000] {processor.py:830} INFO - Processing file /home/airflow/.local/lib/python3.8/site-packages/airflow/example_dags/example_complex.py for tasks to queue
[2025-07-03T17:35:49.686+0000] {logging_mixin.py:188} INFO - [2025-07-03T17:35:49.685+0000] {dagbag.py:538} INFO - Filling up the DagBag from /home/airflow/.local/lib/python3.8/site-packages/airflow/example_dags/example_complex.py
[2025-07-03T17:35:49.827+0000] {processor.py:840} INFO - DAG(s) 'example_complex' retrieved from /home/airflow/.local/lib/python3.8/site-packages/airflow/example_dags/example_complex.py
[2025-07-03T17:35:51.470+0000] {logging_mixin.py:188} INFO - [2025-07-03T17:35:51.470+0000] {dag.py:3036} INFO - Sync 1 DAGs
[2025-07-03T17:35:51.583+0000] {logging_mixin.py:188} INFO - [2025-07-03T17:35:51.583+0000] {dag.py:3823} INFO - Setting next_dagrun for example_complex to None, run_after=None
[2025-07-03T17:35:51.722+0000] {processor.py:183} INFO - Processing /home/airflow/.local/lib/python3.8/site-packages/airflow/example_dags/example_complex.py took 2.104 seconds
[2025-07-03T17:36:22.189+0000] {processor.py:161} INFO - Started process (PID=313) to work on /home/airflow/.local/lib/python3.8/site-packages/airflow/example_dags/example_complex.py
[2025-07-03T17:36:22.191+0000] {processor.py:830} INFO - Processing file /home/airflow/.local/lib/python3.8/site-packages/airflow/example_dags/example_complex.py for tasks to queue
[2025-07-03T17:36:22.206+0000] {logging_mixin.py:188} INFO - [2025-07-03T17:36:22.205+0000] {dagbag.py:538} INFO - Filling up the DagBag from /home/airflow/.local/lib/python3.8/site-packages/airflow/example_dags/example_complex.py
[2025-07-03T17:36:22.270+0000] {processor.py:840} INFO - DAG(s) 'example_complex' retrieved from /home/airflow/.local/lib/python3.8/site-packages/airflow/example_dags/example_complex.py
[2025-07-03T17:36:22.451+0000] {logging_mixin.py:188} INFO - [2025-07-03T17:36:22.450+0000] {dag.py:3036} INFO - Sync 1 DAGs
[2025-07-03T17:36:22.493+0000] {logging_mixin.py:188} INFO - [2025-07-03T17:36:22.493+0000] {dag.py:3823} INFO - Setting next_dagrun for example_complex to None, run_after=None
[2025-07-03T17:36:22.551+0000] {processor.py:183} INFO - Processing /home/airflow/.local/lib/python3.8/site-packages/airflow/example_dags/example_complex.py took 0.393 seconds
[2025-07-03T17:36:52.716+0000] {processor.py:161} INFO - Started process (PID=378) to work on /home/airflow/.local/lib/python3.8/site-packages/airflow/example_dags/example_complex.py
[2025-07-03T17:36:52.721+0000] {processor.py:830} INFO - Processing file /home/airflow/.local/lib/python3.8/site-packages/airflow/example_dags/example_complex.py for tasks to queue
[2025-07-03T17:36:52.724+0000] {logging_mixin.py:188} INFO - [2025-07-03T17:36:52.723+0000] {dagbag.py:538} INFO - Filling up the DagBag from /home/airflow/.local/lib/python3.8/site-packages/airflow/example_dags/example_complex.py
[2025-07-03T17:36:52.841+0000] {processor.py:840} INFO - DAG(s) 'example_complex' retrieved from /home/airflow/.local/lib/python3.8/site-packages/airflow/example_dags/example_complex.py
[2025-07-03T17:36:53.227+0000] {logging_mixin.py:188} INFO - [2025-07-03T17:36:53.226+0000] {dag.py:3036} INFO - Sync 1 DAGs
[2025-07-03T17:36:53.332+0000] {logging_mixin.py:188} INFO - [2025-07-03T17:36:53.332+0000] {dag.py:3823} INFO - Setting next_dagrun for example_complex to None, run_after=None
[2025-07-03T17:36:53.529+0000] {processor.py:183} INFO - Processing /home/airflow/.local/lib/python3.8/site-packages/airflow/example_dags/example_complex.py took 0.825 seconds
[2025-07-03T17:37:23.583+0000] {processor.py:161} INFO - Started process (PID=434) to work on /home/airflow/.local/lib/python3.8/site-packages/airflow/example_dags/example_complex.py
[2025-07-03T17:37:23.584+0000] {processor.py:830} INFO - Processing file /home/airflow/.local/lib/python3.8/site-packages/airflow/example_dags/example_complex.py for tasks to queue
[2025-07-03T17:37:23.589+0000] {logging_mixin.py:188} INFO - [2025-07-03T17:37:23.588+0000] {dagbag.py:538} INFO - Filling up the DagBag from /home/airflow/.local/lib/python3.8/site-packages/airflow/example_dags/example_complex.py
[2025-07-03T17:37:23.620+0000] {processor.py:840} INFO - DAG(s) 'example_complex' retrieved from /home/airflow/.local/lib/python3.8/site-packages/airflow/example_dags/example_complex.py
[2025-07-03T17:37:23.692+0000] {logging_mixin.py:188} INFO - [2025-07-03T17:37:23.691+0000] {dag.py:3036} INFO - Sync 1 DAGs
[2025-07-03T17:37:23.736+0000] {logging_mixin.py:188} INFO - [2025-07-03T17:37:23.734+0000] {dag.py:3823} INFO - Setting next_dagrun for example_complex to None, run_after=None
[2025-07-03T17:37:23.859+0000] {processor.py:183} INFO - Processing /home/airflow/.local/lib/python3.8/site-packages/airflow/example_dags/example_complex.py took 0.281 seconds
[2025-07-03T17:37:54.141+0000] {processor.py:161} INFO - Started process (PID=498) to work on /home/airflow/.local/lib/python3.8/site-packages/airflow/example_dags/example_complex.py
[2025-07-03T17:37:54.149+0000] {processor.py:830} INFO - Processing file /home/airflow/.local/lib/python3.8/site-packages/airflow/example_dags/example_complex.py for tasks to queue
[2025-07-03T17:37:54.152+0000] {logging_mixin.py:188} INFO - [2025-07-03T17:37:54.151+0000] {dagbag.py:538} INFO - Filling up the DagBag from /home/airflow/.local/lib/python3.8/site-packages/airflow/example_dags/example_complex.py
[2025-07-03T17:37:54.195+0000] {processor.py:840} INFO - DAG(s) 'example_complex' retrieved from /home/airflow/.local/lib/python3.8/site-packages/airflow/example_dags/example_complex.py
[2025-07-03T17:37:54.347+0000] {logging_mixin.py:188} INFO - [2025-07-03T17:37:54.346+0000] {dag.py:3036} INFO - Sync 1 DAGs
[2025-07-03T17:37:54.421+0000] {logging_mixin.py:188} INFO - [2025-07-03T17:37:54.420+0000] {dag.py:3823} INFO - Setting next_dagrun for example_complex to None, run_after=None
[2025-07-03T17:37:54.513+0000] {processor.py:183} INFO - Processing /home/airflow/.local/lib/python3.8/site-packages/airflow/example_dags/example_complex.py took 0.376 seconds
[2025-07-03T17:38:25.273+0000] {processor.py:161} INFO - Started process (PID=555) to work on /home/airflow/.local/lib/python3.8/site-packages/airflow/example_dags/example_complex.py
[2025-07-03T17:38:25.274+0000] {processor.py:830} INFO - Processing file /home/airflow/.local/lib/python3.8/site-packages/airflow/example_dags/example_complex.py for tasks to queue
[2025-07-03T17:38:25.301+0000] {logging_mixin.py:188} INFO - [2025-07-03T17:38:25.276+0000] {dagbag.py:538} INFO - Filling up the DagBag from /home/airflow/.local/lib/python3.8/site-packages/airflow/example_dags/example_complex.py
[2025-07-03T17:38:25.400+0000] {processor.py:840} INFO - DAG(s) 'example_complex' retrieved from /home/airflow/.local/lib/python3.8/site-packages/airflow/example_dags/example_complex.py
[2025-07-03T17:38:25.804+0000] {logging_mixin.py:188} INFO - [2025-07-03T17:38:25.796+0000] {dag.py:3036} INFO - Sync 1 DAGs
[2025-07-03T17:38:26.019+0000] {logging_mixin.py:188} INFO - [2025-07-03T17:38:26.018+0000] {dag.py:3823} INFO - Setting next_dagrun for example_complex to None, run_after=None
[2025-07-03T17:38:26.198+0000] {processor.py:183} INFO - Processing /home/airflow/.local/lib/python3.8/site-packages/airflow/example_dags/example_complex.py took 0.954 seconds
[2025-07-03T17:38:56.742+0000] {processor.py:161} INFO - Started process (PID=618) to work on /home/airflow/.local/lib/python3.8/site-packages/airflow/example_dags/example_complex.py
[2025-07-03T17:38:56.744+0000] {processor.py:830} INFO - Processing file /home/airflow/.local/lib/python3.8/site-packages/airflow/example_dags/example_complex.py for tasks to queue
[2025-07-03T17:38:56.747+0000] {logging_mixin.py:188} INFO - [2025-07-03T17:38:56.746+0000] {dagbag.py:538} INFO - Filling up the DagBag from /home/airflow/.local/lib/python3.8/site-packages/airflow/example_dags/example_complex.py
[2025-07-03T17:38:56.772+0000] {processor.py:840} INFO - DAG(s) 'example_complex' retrieved from /home/airflow/.local/lib/python3.8/site-packages/airflow/example_dags/example_complex.py
[2025-07-03T17:38:56.836+0000] {logging_mixin.py:188} INFO - [2025-07-03T17:38:56.835+0000] {dag.py:3036} INFO - Sync 1 DAGs
[2025-07-03T17:38:56.860+0000] {logging_mixin.py:188} INFO - [2025-07-03T17:38:56.860+0000] {dag.py:3823} INFO - Setting next_dagrun for example_complex to None, run_after=None
[2025-07-03T17:38:56.907+0000] {processor.py:183} INFO - Processing /home/airflow/.local/lib/python3.8/site-packages/airflow/example_dags/example_complex.py took 0.170 seconds
[2025-07-03T17:39:27.330+0000] {processor.py:161} INFO - Started process (PID=683) to work on /home/airflow/.local/lib/python3.8/site-packages/airflow/example_dags/example_complex.py
[2025-07-03T17:39:27.331+0000] {processor.py:830} INFO - Processing file /home/airflow/.local/lib/python3.8/site-packages/airflow/example_dags/example_complex.py for tasks to queue
[2025-07-03T17:39:27.334+0000] {logging_mixin.py:188} INFO - [2025-07-03T17:39:27.334+0000] {dagbag.py:538} INFO - Filling up the DagBag from /home/airflow/.local/lib/python3.8/site-packages/airflow/example_dags/example_complex.py
[2025-07-03T17:39:27.360+0000] {processor.py:840} INFO - DAG(s) 'example_complex' retrieved from /home/airflow/.local/lib/python3.8/site-packages/airflow/example_dags/example_complex.py
[2025-07-03T17:39:27.431+0000] {logging_mixin.py:188} INFO - [2025-07-03T17:39:27.431+0000] {dag.py:3036} INFO - Sync 1 DAGs
[2025-07-03T17:39:27.456+0000] {logging_mixin.py:188} INFO - [2025-07-03T17:39:27.456+0000] {dag.py:3823} INFO - Setting next_dagrun for example_complex to None, run_after=None
[2025-07-03T17:39:27.499+0000] {processor.py:183} INFO - Processing /home/airflow/.local/lib/python3.8/site-packages/airflow/example_dags/example_complex.py took 0.174 seconds
[2025-07-03T17:39:58.436+0000] {processor.py:161} INFO - Started process (PID=749) to work on /home/airflow/.local/lib/python3.8/site-packages/airflow/example_dags/example_complex.py
[2025-07-03T17:39:58.445+0000] {processor.py:830} INFO - Processing file /home/airflow/.local/lib/python3.8/site-packages/airflow/example_dags/example_complex.py for tasks to queue
[2025-07-03T17:39:58.463+0000] {logging_mixin.py:188} INFO - [2025-07-03T17:39:58.462+0000] {dagbag.py:538} INFO - Filling up the DagBag from /home/airflow/.local/lib/python3.8/site-packages/airflow/example_dags/example_complex.py
[2025-07-03T17:39:58.595+0000] {processor.py:840} INFO - DAG(s) 'example_complex' retrieved from /home/airflow/.local/lib/python3.8/site-packages/airflow/example_dags/example_complex.py
[2025-07-03T17:39:58.900+0000] {logging_mixin.py:188} INFO - [2025-07-03T17:39:58.899+0000] {dag.py:3036} INFO - Sync 1 DAGs
[2025-07-03T17:39:59.096+0000] {logging_mixin.py:188} INFO - [2025-07-03T17:39:59.095+0000] {dag.py:3823} INFO - Setting next_dagrun for example_complex to None, run_after=None
[2025-07-03T17:39:59.244+0000] {processor.py:183} INFO - Processing /home/airflow/.local/lib/python3.8/site-packages/airflow/example_dags/example_complex.py took 0.827 seconds
[2025-07-03T17:40:30.347+0000] {processor.py:161} INFO - Started process (PID=815) to work on /home/airflow/.local/lib/python3.8/site-packages/airflow/example_dags/example_complex.py
[2025-07-03T17:40:30.353+0000] {processor.py:830} INFO - Processing file /home/airflow/.local/lib/python3.8/site-packages/airflow/example_dags/example_complex.py for tasks to queue
[2025-07-03T17:40:30.355+0000] {logging_mixin.py:188} INFO - [2025-07-03T17:40:30.355+0000] {dagbag.py:538} INFO - Filling up the DagBag from /home/airflow/.local/lib/python3.8/site-packages/airflow/example_dags/example_complex.py
[2025-07-03T17:40:30.427+0000] {processor.py:840} INFO - DAG(s) 'example_complex' retrieved from /home/airflow/.local/lib/python3.8/site-packages/airflow/example_dags/example_complex.py
[2025-07-03T17:40:30.605+0000] {logging_mixin.py:188} INFO - [2025-07-03T17:40:30.604+0000] {dag.py:3036} INFO - Sync 1 DAGs
[2025-07-03T17:40:30.760+0000] {logging_mixin.py:188} INFO - [2025-07-03T17:40:30.760+0000] {dag.py:3823} INFO - Setting next_dagrun for example_complex to None, run_after=None
[2025-07-03T17:40:30.881+0000] {processor.py:183} INFO - Processing /home/airflow/.local/lib/python3.8/site-packages/airflow/example_dags/example_complex.py took 0.552 seconds
[2025-07-03T17:41:01.416+0000] {processor.py:161} INFO - Started process (PID=877) to work on /home/airflow/.local/lib/python3.8/site-packages/airflow/example_dags/example_complex.py
[2025-07-03T17:41:01.421+0000] {processor.py:830} INFO - Processing file /home/airflow/.local/lib/python3.8/site-packages/airflow/example_dags/example_complex.py for tasks to queue
[2025-07-03T17:41:01.434+0000] {logging_mixin.py:188} INFO - [2025-07-03T17:41:01.433+0000] {dagbag.py:538} INFO - Filling up the DagBag from /home/airflow/.local/lib/python3.8/site-packages/airflow/example_dags/example_complex.py
[2025-07-03T17:41:01.509+0000] {processor.py:840} INFO - DAG(s) 'example_complex' retrieved from /home/airflow/.local/lib/python3.8/site-packages/airflow/example_dags/example_complex.py
[2025-07-03T17:41:01.636+0000] {logging_mixin.py:188} INFO - [2025-07-03T17:41:01.635+0000] {dag.py:3036} INFO - Sync 1 DAGs
[2025-07-03T17:41:01.681+0000] {logging_mixin.py:188} INFO - [2025-07-03T17:41:01.680+0000] {dag.py:3823} INFO - Setting next_dagrun for example_complex to None, run_after=None
[2025-07-03T17:41:01.741+0000] {processor.py:183} INFO - Processing /home/airflow/.local/lib/python3.8/site-packages/airflow/example_dags/example_complex.py took 0.332 seconds
[2025-07-03T17:41:32.385+0000] {processor.py:161} INFO - Started process (PID=943) to work on /home/airflow/.local/lib/python3.8/site-packages/airflow/example_dags/example_complex.py
[2025-07-03T17:41:32.386+0000] {processor.py:830} INFO - Processing file /home/airflow/.local/lib/python3.8/site-packages/airflow/example_dags/example_complex.py for tasks to queue
[2025-07-03T17:41:32.389+0000] {logging_mixin.py:188} INFO - [2025-07-03T17:41:32.388+0000] {dagbag.py:538} INFO - Filling up the DagBag from /home/airflow/.local/lib/python3.8/site-packages/airflow/example_dags/example_complex.py
[2025-07-03T17:41:32.449+0000] {processor.py:840} INFO - DAG(s) 'example_complex' retrieved from /home/airflow/.local/lib/python3.8/site-packages/airflow/example_dags/example_complex.py
[2025-07-03T17:41:32.571+0000] {logging_mixin.py:188} INFO - [2025-07-03T17:41:32.570+0000] {dag.py:3036} INFO - Sync 1 DAGs
[2025-07-03T17:41:32.615+0000] {logging_mixin.py:188} INFO - [2025-07-03T17:41:32.612+0000] {dag.py:3823} INFO - Setting next_dagrun for example_complex to None, run_after=None
[2025-07-03T17:41:32.683+0000] {processor.py:183} INFO - Processing /home/airflow/.local/lib/python3.8/site-packages/airflow/example_dags/example_complex.py took 0.310 seconds
[2025-07-03T17:42:03.016+0000] {processor.py:161} INFO - Started process (PID=1008) to work on /home/airflow/.local/lib/python3.8/site-packages/airflow/example_dags/example_complex.py
[2025-07-03T17:42:03.021+0000] {processor.py:830} INFO - Processing file /home/airflow/.local/lib/python3.8/site-packages/airflow/example_dags/example_complex.py for tasks to queue
[2025-07-03T17:42:03.024+0000] {logging_mixin.py:188} INFO - [2025-07-03T17:42:03.024+0000] {dagbag.py:538} INFO - Filling up the DagBag from /home/airflow/.local/lib/python3.8/site-packages/airflow/example_dags/example_complex.py
[2025-07-03T17:42:03.075+0000] {processor.py:840} INFO - DAG(s) 'example_complex' retrieved from /home/airflow/.local/lib/python3.8/site-packages/airflow/example_dags/example_complex.py
[2025-07-03T17:42:03.140+0000] {logging_mixin.py:188} INFO - [2025-07-03T17:42:03.140+0000] {dag.py:3036} INFO - Sync 1 DAGs
[2025-07-03T17:42:03.191+0000] {logging_mixin.py:188} INFO - [2025-07-03T17:42:03.190+0000] {dag.py:3823} INFO - Setting next_dagrun for example_complex to None, run_after=None
[2025-07-03T17:42:03.255+0000] {processor.py:183} INFO - Processing /home/airflow/.local/lib/python3.8/site-packages/airflow/example_dags/example_complex.py took 0.247 seconds
[2025-07-03T17:42:33.352+0000] {processor.py:161} INFO - Started process (PID=1073) to work on /home/airflow/.local/lib/python3.8/site-packages/airflow/example_dags/example_complex.py
[2025-07-03T17:42:33.353+0000] {processor.py:830} INFO - Processing file /home/airflow/.local/lib/python3.8/site-packages/airflow/example_dags/example_complex.py for tasks to queue
[2025-07-03T17:42:33.355+0000] {logging_mixin.py:188} INFO - [2025-07-03T17:42:33.355+0000] {dagbag.py:538} INFO - Filling up the DagBag from /home/airflow/.local/lib/python3.8/site-packages/airflow/example_dags/example_complex.py
[2025-07-03T17:42:33.373+0000] {processor.py:840} INFO - DAG(s) 'example_complex' retrieved from /home/airflow/.local/lib/python3.8/site-packages/airflow/example_dags/example_complex.py
[2025-07-03T17:42:33.419+0000] {logging_mixin.py:188} INFO - [2025-07-03T17:42:33.419+0000] {dag.py:3036} INFO - Sync 1 DAGs
[2025-07-03T17:42:33.437+0000] {logging_mixin.py:188} INFO - [2025-07-03T17:42:33.437+0000] {dag.py:3823} INFO - Setting next_dagrun for example_complex to None, run_after=None
[2025-07-03T17:42:33.464+0000] {processor.py:183} INFO - Processing /home/airflow/.local/lib/python3.8/site-packages/airflow/example_dags/example_complex.py took 0.116 seconds
[2025-07-03T17:43:03.591+0000] {processor.py:161} INFO - Started process (PID=1138) to work on /home/airflow/.local/lib/python3.8/site-packages/airflow/example_dags/example_complex.py
[2025-07-03T17:43:03.593+0000] {processor.py:830} INFO - Processing file /home/airflow/.local/lib/python3.8/site-packages/airflow/example_dags/example_complex.py for tasks to queue
[2025-07-03T17:43:03.595+0000] {logging_mixin.py:188} INFO - [2025-07-03T17:43:03.594+0000] {dagbag.py:538} INFO - Filling up the DagBag from /home/airflow/.local/lib/python3.8/site-packages/airflow/example_dags/example_complex.py
[2025-07-03T17:43:03.612+0000] {processor.py:840} INFO - DAG(s) 'example_complex' retrieved from /home/airflow/.local/lib/python3.8/site-packages/airflow/example_dags/example_complex.py
[2025-07-03T17:43:03.658+0000] {logging_mixin.py:188} INFO - [2025-07-03T17:43:03.657+0000] {dag.py:3036} INFO - Sync 1 DAGs
[2025-07-03T17:43:03.675+0000] {logging_mixin.py:188} INFO - [2025-07-03T17:43:03.675+0000] {dag.py:3823} INFO - Setting next_dagrun for example_complex to None, run_after=None
[2025-07-03T17:43:03.707+0000] {processor.py:183} INFO - Processing /home/airflow/.local/lib/python3.8/site-packages/airflow/example_dags/example_complex.py took 0.120 seconds
[2025-07-03T17:43:34.334+0000] {processor.py:161} INFO - Started process (PID=1204) to work on /home/airflow/.local/lib/python3.8/site-packages/airflow/example_dags/example_complex.py
[2025-07-03T17:43:34.336+0000] {processor.py:830} INFO - Processing file /home/airflow/.local/lib/python3.8/site-packages/airflow/example_dags/example_complex.py for tasks to queue
[2025-07-03T17:43:34.338+0000] {logging_mixin.py:188} INFO - [2025-07-03T17:43:34.338+0000] {dagbag.py:538} INFO - Filling up the DagBag from /home/airflow/.local/lib/python3.8/site-packages/airflow/example_dags/example_complex.py
[2025-07-03T17:43:34.393+0000] {processor.py:840} INFO - DAG(s) 'example_complex' retrieved from /home/airflow/.local/lib/python3.8/site-packages/airflow/example_dags/example_complex.py
[2025-07-03T17:43:34.527+0000] {logging_mixin.py:188} INFO - [2025-07-03T17:43:34.526+0000] {dag.py:3036} INFO - Sync 1 DAGs
[2025-07-03T17:43:34.574+0000] {logging_mixin.py:188} INFO - [2025-07-03T17:43:34.574+0000] {dag.py:3823} INFO - Setting next_dagrun for example_complex to None, run_after=None
[2025-07-03T17:43:34.670+0000] {processor.py:183} INFO - Processing /home/airflow/.local/lib/python3.8/site-packages/airflow/example_dags/example_complex.py took 0.350 seconds
[2025-07-03T17:44:05.301+0000] {processor.py:161} INFO - Started process (PID=1269) to work on /home/airflow/.local/lib/python3.8/site-packages/airflow/example_dags/example_complex.py
[2025-07-03T17:44:05.305+0000] {processor.py:830} INFO - Processing file /home/airflow/.local/lib/python3.8/site-packages/airflow/example_dags/example_complex.py for tasks to queue
[2025-07-03T17:44:05.308+0000] {logging_mixin.py:188} INFO - [2025-07-03T17:44:05.307+0000] {dagbag.py:538} INFO - Filling up the DagBag from /home/airflow/.local/lib/python3.8/site-packages/airflow/example_dags/example_complex.py
[2025-07-03T17:44:05.335+0000] {processor.py:840} INFO - DAG(s) 'example_complex' retrieved from /home/airflow/.local/lib/python3.8/site-packages/airflow/example_dags/example_complex.py
[2025-07-03T17:44:05.447+0000] {logging_mixin.py:188} INFO - [2025-07-03T17:44:05.446+0000] {dag.py:3036} INFO - Sync 1 DAGs
[2025-07-03T17:44:05.476+0000] {logging_mixin.py:188} INFO - [2025-07-03T17:44:05.475+0000] {dag.py:3823} INFO - Setting next_dagrun for example_complex to None, run_after=None
[2025-07-03T17:44:05.574+0000] {processor.py:183} INFO - Processing /home/airflow/.local/lib/python3.8/site-packages/airflow/example_dags/example_complex.py took 0.277 seconds
[2025-07-03T17:44:35.963+0000] {processor.py:161} INFO - Started process (PID=1334) to work on /home/airflow/.local/lib/python3.8/site-packages/airflow/example_dags/example_complex.py
[2025-07-03T17:44:35.965+0000] {processor.py:830} INFO - Processing file /home/airflow/.local/lib/python3.8/site-packages/airflow/example_dags/example_complex.py for tasks to queue
[2025-07-03T17:44:35.967+0000] {logging_mixin.py:188} INFO - [2025-07-03T17:44:35.967+0000] {dagbag.py:538} INFO - Filling up the DagBag from /home/airflow/.local/lib/python3.8/site-packages/airflow/example_dags/example_complex.py
[2025-07-03T17:44:35.992+0000] {processor.py:840} INFO - DAG(s) 'example_complex' retrieved from /home/airflow/.local/lib/python3.8/site-packages/airflow/example_dags/example_complex.py
[2025-07-03T17:44:36.053+0000] {logging_mixin.py:188} INFO - [2025-07-03T17:44:36.053+0000] {dag.py:3036} INFO - Sync 1 DAGs
[2025-07-03T17:44:36.077+0000] {logging_mixin.py:188} INFO - [2025-07-03T17:44:36.077+0000] {dag.py:3823} INFO - Setting next_dagrun for example_complex to None, run_after=None
[2025-07-03T17:44:36.110+0000] {processor.py:183} INFO - Processing /home/airflow/.local/lib/python3.8/site-packages/airflow/example_dags/example_complex.py took 0.152 seconds
[2025-07-03T17:45:06.929+0000] {processor.py:161} INFO - Started process (PID=1399) to work on /home/airflow/.local/lib/python3.8/site-packages/airflow/example_dags/example_complex.py
[2025-07-03T17:45:06.931+0000] {processor.py:830} INFO - Processing file /home/airflow/.local/lib/python3.8/site-packages/airflow/example_dags/example_complex.py for tasks to queue
[2025-07-03T17:45:06.934+0000] {logging_mixin.py:188} INFO - [2025-07-03T17:45:06.934+0000] {dagbag.py:538} INFO - Filling up the DagBag from /home/airflow/.local/lib/python3.8/site-packages/airflow/example_dags/example_complex.py
[2025-07-03T17:45:06.959+0000] {processor.py:840} INFO - DAG(s) 'example_complex' retrieved from /home/airflow/.local/lib/python3.8/site-packages/airflow/example_dags/example_complex.py
[2025-07-03T17:45:07.019+0000] {logging_mixin.py:188} INFO - [2025-07-03T17:45:07.019+0000] {dag.py:3036} INFO - Sync 1 DAGs
[2025-07-03T17:45:07.042+0000] {logging_mixin.py:188} INFO - [2025-07-03T17:45:07.042+0000] {dag.py:3823} INFO - Setting next_dagrun for example_complex to None, run_after=None
[2025-07-03T17:45:07.086+0000] {processor.py:183} INFO - Processing /home/airflow/.local/lib/python3.8/site-packages/airflow/example_dags/example_complex.py took 0.161 seconds
[2025-07-03T17:45:37.393+0000] {processor.py:161} INFO - Started process (PID=1464) to work on /home/airflow/.local/lib/python3.8/site-packages/airflow/example_dags/example_complex.py
[2025-07-03T17:45:37.394+0000] {processor.py:830} INFO - Processing file /home/airflow/.local/lib/python3.8/site-packages/airflow/example_dags/example_complex.py for tasks to queue
[2025-07-03T17:45:37.396+0000] {logging_mixin.py:188} INFO - [2025-07-03T17:45:37.396+0000] {dagbag.py:538} INFO - Filling up the DagBag from /home/airflow/.local/lib/python3.8/site-packages/airflow/example_dags/example_complex.py
[2025-07-03T17:45:37.420+0000] {processor.py:840} INFO - DAG(s) 'example_complex' retrieved from /home/airflow/.local/lib/python3.8/site-packages/airflow/example_dags/example_complex.py
[2025-07-03T17:45:37.484+0000] {logging_mixin.py:188} INFO - [2025-07-03T17:45:37.483+0000] {dag.py:3036} INFO - Sync 1 DAGs
[2025-07-03T17:45:37.506+0000] {logging_mixin.py:188} INFO - [2025-07-03T17:45:37.506+0000] {dag.py:3823} INFO - Setting next_dagrun for example_complex to None, run_after=None
[2025-07-03T17:45:37.536+0000] {processor.py:183} INFO - Processing /home/airflow/.local/lib/python3.8/site-packages/airflow/example_dags/example_complex.py took 0.148 seconds
[2025-07-03T17:46:08.177+0000] {processor.py:161} INFO - Started process (PID=1529) to work on /home/airflow/.local/lib/python3.8/site-packages/airflow/example_dags/example_complex.py
[2025-07-03T17:46:08.180+0000] {processor.py:830} INFO - Processing file /home/airflow/.local/lib/python3.8/site-packages/airflow/example_dags/example_complex.py for tasks to queue
[2025-07-03T17:46:08.183+0000] {logging_mixin.py:188} INFO - [2025-07-03T17:46:08.183+0000] {dagbag.py:538} INFO - Filling up the DagBag from /home/airflow/.local/lib/python3.8/site-packages/airflow/example_dags/example_complex.py
[2025-07-03T17:46:08.228+0000] {processor.py:840} INFO - DAG(s) 'example_complex' retrieved from /home/airflow/.local/lib/python3.8/site-packages/airflow/example_dags/example_complex.py
[2025-07-03T17:46:08.346+0000] {logging_mixin.py:188} INFO - [2025-07-03T17:46:08.346+0000] {dag.py:3036} INFO - Sync 1 DAGs
[2025-07-03T17:46:08.409+0000] {logging_mixin.py:188} INFO - [2025-07-03T17:46:08.409+0000] {dag.py:3823} INFO - Setting next_dagrun for example_complex to None, run_after=None
[2025-07-03T17:46:08.473+0000] {processor.py:183} INFO - Processing /home/airflow/.local/lib/python3.8/site-packages/airflow/example_dags/example_complex.py took 0.308 seconds
[2025-07-03T17:46:39.325+0000] {processor.py:161} INFO - Started process (PID=1593) to work on /home/airflow/.local/lib/python3.8/site-packages/airflow/example_dags/example_complex.py
[2025-07-03T17:46:39.327+0000] {processor.py:830} INFO - Processing file /home/airflow/.local/lib/python3.8/site-packages/airflow/example_dags/example_complex.py for tasks to queue
[2025-07-03T17:46:39.329+0000] {logging_mixin.py:188} INFO - [2025-07-03T17:46:39.329+0000] {dagbag.py:538} INFO - Filling up the DagBag from /home/airflow/.local/lib/python3.8/site-packages/airflow/example_dags/example_complex.py
[2025-07-03T17:46:39.364+0000] {processor.py:840} INFO - DAG(s) 'example_complex' retrieved from /home/airflow/.local/lib/python3.8/site-packages/airflow/example_dags/example_complex.py
[2025-07-03T17:46:39.477+0000] {logging_mixin.py:188} INFO - [2025-07-03T17:46:39.476+0000] {dag.py:3036} INFO - Sync 1 DAGs
[2025-07-03T17:46:39.564+0000] {logging_mixin.py:188} INFO - [2025-07-03T17:46:39.564+0000] {dag.py:3823} INFO - Setting next_dagrun for example_complex to None, run_after=None
[2025-07-03T17:46:39.621+0000] {processor.py:183} INFO - Processing /home/airflow/.local/lib/python3.8/site-packages/airflow/example_dags/example_complex.py took 0.309 seconds
[2025-07-03T17:47:09.946+0000] {processor.py:161} INFO - Started process (PID=1658) to work on /home/airflow/.local/lib/python3.8/site-packages/airflow/example_dags/example_complex.py
[2025-07-03T17:47:09.947+0000] {processor.py:830} INFO - Processing file /home/airflow/.local/lib/python3.8/site-packages/airflow/example_dags/example_complex.py for tasks to queue
[2025-07-03T17:47:09.950+0000] {logging_mixin.py:188} INFO - [2025-07-03T17:47:09.950+0000] {dagbag.py:538} INFO - Filling up the DagBag from /home/airflow/.local/lib/python3.8/site-packages/airflow/example_dags/example_complex.py
[2025-07-03T17:47:09.993+0000] {processor.py:840} INFO - DAG(s) 'example_complex' retrieved from /home/airflow/.local/lib/python3.8/site-packages/airflow/example_dags/example_complex.py
[2025-07-03T17:47:10.068+0000] {logging_mixin.py:188} INFO - [2025-07-03T17:47:10.068+0000] {dag.py:3036} INFO - Sync 1 DAGs
[2025-07-03T17:47:10.092+0000] {logging_mixin.py:188} INFO - [2025-07-03T17:47:10.092+0000] {dag.py:3823} INFO - Setting next_dagrun for example_complex to None, run_after=None
[2025-07-03T17:47:10.124+0000] {processor.py:183} INFO - Processing /home/airflow/.local/lib/python3.8/site-packages/airflow/example_dags/example_complex.py took 0.199 seconds
[2025-07-03T17:47:40.359+0000] {processor.py:161} INFO - Started process (PID=1723) to work on /home/airflow/.local/lib/python3.8/site-packages/airflow/example_dags/example_complex.py
[2025-07-03T17:47:40.361+0000] {processor.py:830} INFO - Processing file /home/airflow/.local/lib/python3.8/site-packages/airflow/example_dags/example_complex.py for tasks to queue
[2025-07-03T17:47:40.363+0000] {logging_mixin.py:188} INFO - [2025-07-03T17:47:40.362+0000] {dagbag.py:538} INFO - Filling up the DagBag from /home/airflow/.local/lib/python3.8/site-packages/airflow/example_dags/example_complex.py
[2025-07-03T17:47:40.386+0000] {processor.py:840} INFO - DAG(s) 'example_complex' retrieved from /home/airflow/.local/lib/python3.8/site-packages/airflow/example_dags/example_complex.py
[2025-07-03T17:47:40.447+0000] {logging_mixin.py:188} INFO - [2025-07-03T17:47:40.446+0000] {dag.py:3036} INFO - Sync 1 DAGs
[2025-07-03T17:47:40.470+0000] {logging_mixin.py:188} INFO - [2025-07-03T17:47:40.469+0000] {dag.py:3823} INFO - Setting next_dagrun for example_complex to None, run_after=None
[2025-07-03T17:47:40.502+0000] {processor.py:183} INFO - Processing /home/airflow/.local/lib/python3.8/site-packages/airflow/example_dags/example_complex.py took 0.147 seconds
[2025-07-03T17:48:10.689+0000] {processor.py:161} INFO - Started process (PID=1788) to work on /home/airflow/.local/lib/python3.8/site-packages/airflow/example_dags/example_complex.py
[2025-07-03T17:48:10.690+0000] {processor.py:830} INFO - Processing file /home/airflow/.local/lib/python3.8/site-packages/airflow/example_dags/example_complex.py for tasks to queue
[2025-07-03T17:48:10.694+0000] {logging_mixin.py:188} INFO - [2025-07-03T17:48:10.693+0000] {dagbag.py:538} INFO - Filling up the DagBag from /home/airflow/.local/lib/python3.8/site-packages/airflow/example_dags/example_complex.py
[2025-07-03T17:48:10.720+0000] {processor.py:840} INFO - DAG(s) 'example_complex' retrieved from /home/airflow/.local/lib/python3.8/site-packages/airflow/example_dags/example_complex.py
[2025-07-03T17:48:10.786+0000] {logging_mixin.py:188} INFO - [2025-07-03T17:48:10.786+0000] {dag.py:3036} INFO - Sync 1 DAGs
[2025-07-03T17:48:10.811+0000] {logging_mixin.py:188} INFO - [2025-07-03T17:48:10.810+0000] {dag.py:3823} INFO - Setting next_dagrun for example_complex to None, run_after=None
[2025-07-03T17:48:10.866+0000] {processor.py:183} INFO - Processing /home/airflow/.local/lib/python3.8/site-packages/airflow/example_dags/example_complex.py took 0.184 seconds
[2025-07-03T17:48:41.366+0000] {processor.py:161} INFO - Started process (PID=1853) to work on /home/airflow/.local/lib/python3.8/site-packages/airflow/example_dags/example_complex.py
[2025-07-03T17:48:41.368+0000] {processor.py:830} INFO - Processing file /home/airflow/.local/lib/python3.8/site-packages/airflow/example_dags/example_complex.py for tasks to queue
[2025-07-03T17:48:41.371+0000] {logging_mixin.py:188} INFO - [2025-07-03T17:48:41.370+0000] {dagbag.py:538} INFO - Filling up the DagBag from /home/airflow/.local/lib/python3.8/site-packages/airflow/example_dags/example_complex.py
[2025-07-03T17:48:41.397+0000] {processor.py:840} INFO - DAG(s) 'example_complex' retrieved from /home/airflow/.local/lib/python3.8/site-packages/airflow/example_dags/example_complex.py
[2025-07-03T17:48:41.460+0000] {logging_mixin.py:188} INFO - [2025-07-03T17:48:41.459+0000] {dag.py:3036} INFO - Sync 1 DAGs
[2025-07-03T17:48:41.484+0000] {logging_mixin.py:188} INFO - [2025-07-03T17:48:41.484+0000] {dag.py:3823} INFO - Setting next_dagrun for example_complex to None, run_after=None
[2025-07-03T17:48:41.520+0000] {processor.py:183} INFO - Processing /home/airflow/.local/lib/python3.8/site-packages/airflow/example_dags/example_complex.py took 0.163 seconds
[2025-07-03T17:49:12.516+0000] {processor.py:161} INFO - Started process (PID=1919) to work on /home/airflow/.local/lib/python3.8/site-packages/airflow/example_dags/example_complex.py
[2025-07-03T17:49:12.521+0000] {processor.py:830} INFO - Processing file /home/airflow/.local/lib/python3.8/site-packages/airflow/example_dags/example_complex.py for tasks to queue
[2025-07-03T17:49:12.532+0000] {logging_mixin.py:188} INFO - [2025-07-03T17:49:12.530+0000] {dagbag.py:538} INFO - Filling up the DagBag from /home/airflow/.local/lib/python3.8/site-packages/airflow/example_dags/example_complex.py
[2025-07-03T17:49:12.623+0000] {processor.py:840} INFO - DAG(s) 'example_complex' retrieved from /home/airflow/.local/lib/python3.8/site-packages/airflow/example_dags/example_complex.py
[2025-07-03T17:49:12.734+0000] {logging_mixin.py:188} INFO - [2025-07-03T17:49:12.733+0000] {dag.py:3036} INFO - Sync 1 DAGs
[2025-07-03T17:49:12.770+0000] {logging_mixin.py:188} INFO - [2025-07-03T17:49:12.769+0000] {dag.py:3823} INFO - Setting next_dagrun for example_complex to None, run_after=None
[2025-07-03T17:49:12.856+0000] {processor.py:183} INFO - Processing /home/airflow/.local/lib/python3.8/site-packages/airflow/example_dags/example_complex.py took 0.361 seconds
[2025-07-03T17:49:43.357+0000] {processor.py:161} INFO - Started process (PID=1984) to work on /home/airflow/.local/lib/python3.8/site-packages/airflow/example_dags/example_complex.py
[2025-07-03T17:49:43.388+0000] {processor.py:830} INFO - Processing file /home/airflow/.local/lib/python3.8/site-packages/airflow/example_dags/example_complex.py for tasks to queue
[2025-07-03T17:49:43.391+0000] {logging_mixin.py:188} INFO - [2025-07-03T17:49:43.390+0000] {dagbag.py:538} INFO - Filling up the DagBag from /home/airflow/.local/lib/python3.8/site-packages/airflow/example_dags/example_complex.py
[2025-07-03T17:49:43.435+0000] {processor.py:840} INFO - DAG(s) 'example_complex' retrieved from /home/airflow/.local/lib/python3.8/site-packages/airflow/example_dags/example_complex.py
[2025-07-03T17:49:43.632+0000] {logging_mixin.py:188} INFO - [2025-07-03T17:49:43.631+0000] {dag.py:3036} INFO - Sync 1 DAGs
[2025-07-03T17:49:43.716+0000] {logging_mixin.py:188} INFO - [2025-07-03T17:49:43.716+0000] {dag.py:3823} INFO - Setting next_dagrun for example_complex to None, run_after=None
[2025-07-03T17:49:43.865+0000] {processor.py:183} INFO - Processing /home/airflow/.local/lib/python3.8/site-packages/airflow/example_dags/example_complex.py took 0.513 seconds
[2025-07-03T17:50:13.982+0000] {processor.py:161} INFO - Started process (PID=2050) to work on /home/airflow/.local/lib/python3.8/site-packages/airflow/example_dags/example_complex.py
[2025-07-03T17:50:13.983+0000] {processor.py:830} INFO - Processing file /home/airflow/.local/lib/python3.8/site-packages/airflow/example_dags/example_complex.py for tasks to queue
[2025-07-03T17:50:13.985+0000] {logging_mixin.py:188} INFO - [2025-07-03T17:50:13.985+0000] {dagbag.py:538} INFO - Filling up the DagBag from /home/airflow/.local/lib/python3.8/site-packages/airflow/example_dags/example_complex.py
[2025-07-03T17:50:14.003+0000] {processor.py:840} INFO - DAG(s) 'example_complex' retrieved from /home/airflow/.local/lib/python3.8/site-packages/airflow/example_dags/example_complex.py
[2025-07-03T17:50:14.051+0000] {logging_mixin.py:188} INFO - [2025-07-03T17:50:14.051+0000] {dag.py:3036} INFO - Sync 1 DAGs
[2025-07-03T17:50:14.069+0000] {logging_mixin.py:188} INFO - [2025-07-03T17:50:14.068+0000] {dag.py:3823} INFO - Setting next_dagrun for example_complex to None, run_after=None
[2025-07-03T17:50:14.093+0000] {processor.py:183} INFO - Processing /home/airflow/.local/lib/python3.8/site-packages/airflow/example_dags/example_complex.py took 0.114 seconds
[2025-07-03T17:50:44.840+0000] {processor.py:161} INFO - Started process (PID=2116) to work on /home/airflow/.local/lib/python3.8/site-packages/airflow/example_dags/example_complex.py
[2025-07-03T17:50:44.842+0000] {processor.py:830} INFO - Processing file /home/airflow/.local/lib/python3.8/site-packages/airflow/example_dags/example_complex.py for tasks to queue
[2025-07-03T17:50:44.844+0000] {logging_mixin.py:188} INFO - [2025-07-03T17:50:44.844+0000] {dagbag.py:538} INFO - Filling up the DagBag from /home/airflow/.local/lib/python3.8/site-packages/airflow/example_dags/example_complex.py
[2025-07-03T17:50:44.864+0000] {processor.py:840} INFO - DAG(s) 'example_complex' retrieved from /home/airflow/.local/lib/python3.8/site-packages/airflow/example_dags/example_complex.py
[2025-07-03T17:50:44.912+0000] {logging_mixin.py:188} INFO - [2025-07-03T17:50:44.912+0000] {dag.py:3036} INFO - Sync 1 DAGs
[2025-07-03T17:50:44.931+0000] {logging_mixin.py:188} INFO - [2025-07-03T17:50:44.931+0000] {dag.py:3823} INFO - Setting next_dagrun for example_complex to None, run_after=None
[2025-07-03T17:50:44.958+0000] {processor.py:183} INFO - Processing /home/airflow/.local/lib/python3.8/site-packages/airflow/example_dags/example_complex.py took 0.123 seconds
[2025-07-03T17:51:15.267+0000] {processor.py:161} INFO - Started process (PID=2187) to work on /home/airflow/.local/lib/python3.8/site-packages/airflow/example_dags/example_complex.py
[2025-07-03T17:51:15.269+0000] {processor.py:830} INFO - Processing file /home/airflow/.local/lib/python3.8/site-packages/airflow/example_dags/example_complex.py for tasks to queue
[2025-07-03T17:51:15.272+0000] {logging_mixin.py:188} INFO - [2025-07-03T17:51:15.271+0000] {dagbag.py:538} INFO - Filling up the DagBag from /home/airflow/.local/lib/python3.8/site-packages/airflow/example_dags/example_complex.py
[2025-07-03T17:51:15.328+0000] {processor.py:840} INFO - DAG(s) 'example_complex' retrieved from /home/airflow/.local/lib/python3.8/site-packages/airflow/example_dags/example_complex.py
[2025-07-03T17:51:15.413+0000] {logging_mixin.py:188} INFO - [2025-07-03T17:51:15.413+0000] {dag.py:3036} INFO - Sync 1 DAGs
[2025-07-03T17:51:15.448+0000] {logging_mixin.py:188} INFO - [2025-07-03T17:51:15.448+0000] {dag.py:3823} INFO - Setting next_dagrun for example_complex to None, run_after=None
[2025-07-03T17:51:15.483+0000] {processor.py:183} INFO - Processing /home/airflow/.local/lib/python3.8/site-packages/airflow/example_dags/example_complex.py took 0.230 seconds
[2025-07-03T17:51:46.117+0000] {processor.py:161} INFO - Started process (PID=2253) to work on /home/airflow/.local/lib/python3.8/site-packages/airflow/example_dags/example_complex.py
[2025-07-03T17:51:46.125+0000] {processor.py:830} INFO - Processing file /home/airflow/.local/lib/python3.8/site-packages/airflow/example_dags/example_complex.py for tasks to queue
[2025-07-03T17:51:46.128+0000] {logging_mixin.py:188} INFO - [2025-07-03T17:51:46.128+0000] {dagbag.py:538} INFO - Filling up the DagBag from /home/airflow/.local/lib/python3.8/site-packages/airflow/example_dags/example_complex.py
[2025-07-03T17:51:46.155+0000] {processor.py:840} INFO - DAG(s) 'example_complex' retrieved from /home/airflow/.local/lib/python3.8/site-packages/airflow/example_dags/example_complex.py
[2025-07-03T17:51:46.254+0000] {logging_mixin.py:188} INFO - [2025-07-03T17:51:46.250+0000] {dag.py:3036} INFO - Sync 1 DAGs
[2025-07-03T17:51:46.299+0000] {logging_mixin.py:188} INFO - [2025-07-03T17:51:46.299+0000] {dag.py:3823} INFO - Setting next_dagrun for example_complex to None, run_after=None
[2025-07-03T17:51:46.333+0000] {processor.py:183} INFO - Processing /home/airflow/.local/lib/python3.8/site-packages/airflow/example_dags/example_complex.py took 0.232 seconds
[2025-07-03T17:52:17.090+0000] {processor.py:161} INFO - Started process (PID=2319) to work on /home/airflow/.local/lib/python3.8/site-packages/airflow/example_dags/example_complex.py
[2025-07-03T17:52:17.095+0000] {processor.py:830} INFO - Processing file /home/airflow/.local/lib/python3.8/site-packages/airflow/example_dags/example_complex.py for tasks to queue
[2025-07-03T17:52:17.098+0000] {logging_mixin.py:188} INFO - [2025-07-03T17:52:17.098+0000] {dagbag.py:538} INFO - Filling up the DagBag from /home/airflow/.local/lib/python3.8/site-packages/airflow/example_dags/example_complex.py
[2025-07-03T17:52:17.143+0000] {processor.py:840} INFO - DAG(s) 'example_complex' retrieved from /home/airflow/.local/lib/python3.8/site-packages/airflow/example_dags/example_complex.py
[2025-07-03T17:52:17.226+0000] {logging_mixin.py:188} INFO - [2025-07-03T17:52:17.226+0000] {dag.py:3036} INFO - Sync 1 DAGs
[2025-07-03T17:52:17.250+0000] {logging_mixin.py:188} INFO - [2025-07-03T17:52:17.250+0000] {dag.py:3823} INFO - Setting next_dagrun for example_complex to None, run_after=None
[2025-07-03T17:52:17.284+0000] {processor.py:183} INFO - Processing /home/airflow/.local/lib/python3.8/site-packages/airflow/example_dags/example_complex.py took 0.207 seconds
[2025-07-03T17:52:47.638+0000] {processor.py:161} INFO - Started process (PID=2384) to work on /home/airflow/.local/lib/python3.8/site-packages/airflow/example_dags/example_complex.py
[2025-07-03T17:52:47.649+0000] {processor.py:830} INFO - Processing file /home/airflow/.local/lib/python3.8/site-packages/airflow/example_dags/example_complex.py for tasks to queue
[2025-07-03T17:52:47.653+0000] {logging_mixin.py:188} INFO - [2025-07-03T17:52:47.652+0000] {dagbag.py:538} INFO - Filling up the DagBag from /home/airflow/.local/lib/python3.8/site-packages/airflow/example_dags/example_complex.py
[2025-07-03T17:52:47.700+0000] {processor.py:840} INFO - DAG(s) 'example_complex' retrieved from /home/airflow/.local/lib/python3.8/site-packages/airflow/example_dags/example_complex.py
[2025-07-03T17:52:47.832+0000] {logging_mixin.py:188} INFO - [2025-07-03T17:52:47.831+0000] {dag.py:3036} INFO - Sync 1 DAGs
[2025-07-03T17:52:47.857+0000] {logging_mixin.py:188} INFO - [2025-07-03T17:52:47.856+0000] {dag.py:3823} INFO - Setting next_dagrun for example_complex to None, run_after=None
[2025-07-03T17:52:47.892+0000] {processor.py:183} INFO - Processing /home/airflow/.local/lib/python3.8/site-packages/airflow/example_dags/example_complex.py took 0.260 seconds
[2025-07-03T17:53:17.992+0000] {processor.py:161} INFO - Started process (PID=2442) to work on /home/airflow/.local/lib/python3.8/site-packages/airflow/example_dags/example_complex.py
[2025-07-03T17:53:17.993+0000] {processor.py:830} INFO - Processing file /home/airflow/.local/lib/python3.8/site-packages/airflow/example_dags/example_complex.py for tasks to queue
[2025-07-03T17:53:17.995+0000] {logging_mixin.py:188} INFO - [2025-07-03T17:53:17.995+0000] {dagbag.py:538} INFO - Filling up the DagBag from /home/airflow/.local/lib/python3.8/site-packages/airflow/example_dags/example_complex.py
[2025-07-03T17:53:18.012+0000] {processor.py:840} INFO - DAG(s) 'example_complex' retrieved from /home/airflow/.local/lib/python3.8/site-packages/airflow/example_dags/example_complex.py
[2025-07-03T17:53:18.058+0000] {logging_mixin.py:188} INFO - [2025-07-03T17:53:18.057+0000] {dag.py:3036} INFO - Sync 1 DAGs
[2025-07-03T17:53:18.075+0000] {logging_mixin.py:188} INFO - [2025-07-03T17:53:18.075+0000] {dag.py:3823} INFO - Setting next_dagrun for example_complex to None, run_after=None
[2025-07-03T17:53:18.100+0000] {processor.py:183} INFO - Processing /home/airflow/.local/lib/python3.8/site-packages/airflow/example_dags/example_complex.py took 0.112 seconds
[2025-07-03T17:53:48.374+0000] {processor.py:161} INFO - Started process (PID=2509) to work on /home/airflow/.local/lib/python3.8/site-packages/airflow/example_dags/example_complex.py
[2025-07-03T17:53:48.375+0000] {processor.py:830} INFO - Processing file /home/airflow/.local/lib/python3.8/site-packages/airflow/example_dags/example_complex.py for tasks to queue
[2025-07-03T17:53:48.378+0000] {logging_mixin.py:188} INFO - [2025-07-03T17:53:48.377+0000] {dagbag.py:538} INFO - Filling up the DagBag from /home/airflow/.local/lib/python3.8/site-packages/airflow/example_dags/example_complex.py
[2025-07-03T17:53:48.402+0000] {processor.py:840} INFO - DAG(s) 'example_complex' retrieved from /home/airflow/.local/lib/python3.8/site-packages/airflow/example_dags/example_complex.py
[2025-07-03T17:53:48.463+0000] {logging_mixin.py:188} INFO - [2025-07-03T17:53:48.463+0000] {dag.py:3036} INFO - Sync 1 DAGs
[2025-07-03T17:53:48.489+0000] {logging_mixin.py:188} INFO - [2025-07-03T17:53:48.489+0000] {dag.py:3823} INFO - Setting next_dagrun for example_complex to None, run_after=None
[2025-07-03T17:53:48.519+0000] {processor.py:183} INFO - Processing /home/airflow/.local/lib/python3.8/site-packages/airflow/example_dags/example_complex.py took 0.149 seconds
[2025-07-03T17:54:18.968+0000] {processor.py:161} INFO - Started process (PID=2573) to work on /home/airflow/.local/lib/python3.8/site-packages/airflow/example_dags/example_complex.py
[2025-07-03T17:54:18.970+0000] {processor.py:830} INFO - Processing file /home/airflow/.local/lib/python3.8/site-packages/airflow/example_dags/example_complex.py for tasks to queue
[2025-07-03T17:54:18.972+0000] {logging_mixin.py:188} INFO - [2025-07-03T17:54:18.971+0000] {dagbag.py:538} INFO - Filling up the DagBag from /home/airflow/.local/lib/python3.8/site-packages/airflow/example_dags/example_complex.py
[2025-07-03T17:54:18.990+0000] {processor.py:840} INFO - DAG(s) 'example_complex' retrieved from /home/airflow/.local/lib/python3.8/site-packages/airflow/example_dags/example_complex.py
[2025-07-03T17:54:19.037+0000] {logging_mixin.py:188} INFO - [2025-07-03T17:54:19.036+0000] {dag.py:3036} INFO - Sync 1 DAGs
[2025-07-03T17:54:19.055+0000] {logging_mixin.py:188} INFO - [2025-07-03T17:54:19.054+0000] {dag.py:3823} INFO - Setting next_dagrun for example_complex to None, run_after=None
[2025-07-03T17:54:19.083+0000] {processor.py:183} INFO - Processing /home/airflow/.local/lib/python3.8/site-packages/airflow/example_dags/example_complex.py took 0.119 seconds
[2025-07-03T17:54:49.740+0000] {processor.py:161} INFO - Started process (PID=2637) to work on /home/airflow/.local/lib/python3.8/site-packages/airflow/example_dags/example_complex.py
[2025-07-03T17:54:49.754+0000] {processor.py:830} INFO - Processing file /home/airflow/.local/lib/python3.8/site-packages/airflow/example_dags/example_complex.py for tasks to queue
[2025-07-03T17:54:49.756+0000] {logging_mixin.py:188} INFO - [2025-07-03T17:54:49.756+0000] {dagbag.py:538} INFO - Filling up the DagBag from /home/airflow/.local/lib/python3.8/site-packages/airflow/example_dags/example_complex.py
[2025-07-03T17:54:49.804+0000] {processor.py:840} INFO - DAG(s) 'example_complex' retrieved from /home/airflow/.local/lib/python3.8/site-packages/airflow/example_dags/example_complex.py
[2025-07-03T17:54:49.904+0000] {logging_mixin.py:188} INFO - [2025-07-03T17:54:49.904+0000] {dag.py:3036} INFO - Sync 1 DAGs
[2025-07-03T17:54:49.928+0000] {logging_mixin.py:188} INFO - [2025-07-03T17:54:49.927+0000] {dag.py:3823} INFO - Setting next_dagrun for example_complex to None, run_after=None
[2025-07-03T17:54:49.962+0000] {processor.py:183} INFO - Processing /home/airflow/.local/lib/python3.8/site-packages/airflow/example_dags/example_complex.py took 0.238 seconds
[2025-07-03T17:55:20.589+0000] {processor.py:161} INFO - Started process (PID=2702) to work on /home/airflow/.local/lib/python3.8/site-packages/airflow/example_dags/example_complex.py
[2025-07-03T17:55:20.597+0000] {processor.py:830} INFO - Processing file /home/airflow/.local/lib/python3.8/site-packages/airflow/example_dags/example_complex.py for tasks to queue
[2025-07-03T17:55:20.606+0000] {logging_mixin.py:188} INFO - [2025-07-03T17:55:20.605+0000] {dagbag.py:538} INFO - Filling up the DagBag from /home/airflow/.local/lib/python3.8/site-packages/airflow/example_dags/example_complex.py
[2025-07-03T17:55:20.655+0000] {processor.py:840} INFO - DAG(s) 'example_complex' retrieved from /home/airflow/.local/lib/python3.8/site-packages/airflow/example_dags/example_complex.py
[2025-07-03T17:55:20.789+0000] {logging_mixin.py:188} INFO - [2025-07-03T17:55:20.788+0000] {dag.py:3036} INFO - Sync 1 DAGs
[2025-07-03T17:55:20.826+0000] {logging_mixin.py:188} INFO - [2025-07-03T17:55:20.825+0000] {dag.py:3823} INFO - Setting next_dagrun for example_complex to None, run_after=None
[2025-07-03T17:55:20.868+0000] {processor.py:183} INFO - Processing /home/airflow/.local/lib/python3.8/site-packages/airflow/example_dags/example_complex.py took 0.305 seconds
[2025-07-03T17:55:51.786+0000] {processor.py:161} INFO - Started process (PID=2767) to work on /home/airflow/.local/lib/python3.8/site-packages/airflow/example_dags/example_complex.py
[2025-07-03T17:55:51.787+0000] {processor.py:830} INFO - Processing file /home/airflow/.local/lib/python3.8/site-packages/airflow/example_dags/example_complex.py for tasks to queue
[2025-07-03T17:55:51.791+0000] {logging_mixin.py:188} INFO - [2025-07-03T17:55:51.790+0000] {dagbag.py:538} INFO - Filling up the DagBag from /home/airflow/.local/lib/python3.8/site-packages/airflow/example_dags/example_complex.py
[2025-07-03T17:55:51.815+0000] {processor.py:840} INFO - DAG(s) 'example_complex' retrieved from /home/airflow/.local/lib/python3.8/site-packages/airflow/example_dags/example_complex.py
[2025-07-03T17:55:51.878+0000] {logging_mixin.py:188} INFO - [2025-07-03T17:55:51.877+0000] {dag.py:3036} INFO - Sync 1 DAGs
[2025-07-03T17:55:51.901+0000] {logging_mixin.py:188} INFO - [2025-07-03T17:55:51.901+0000] {dag.py:3823} INFO - Setting next_dagrun for example_complex to None, run_after=None
[2025-07-03T17:55:51.934+0000] {processor.py:183} INFO - Processing /home/airflow/.local/lib/python3.8/site-packages/airflow/example_dags/example_complex.py took 0.155 seconds
[2025-07-03T17:56:22.126+0000] {processor.py:161} INFO - Started process (PID=2840) to work on /home/airflow/.local/lib/python3.8/site-packages/airflow/example_dags/example_complex.py
[2025-07-03T17:56:22.127+0000] {processor.py:830} INFO - Processing file /home/airflow/.local/lib/python3.8/site-packages/airflow/example_dags/example_complex.py for tasks to queue
[2025-07-03T17:56:22.132+0000] {logging_mixin.py:188} INFO - [2025-07-03T17:56:22.132+0000] {dagbag.py:538} INFO - Filling up the DagBag from /home/airflow/.local/lib/python3.8/site-packages/airflow/example_dags/example_complex.py
[2025-07-03T17:56:22.194+0000] {processor.py:840} INFO - DAG(s) 'example_complex' retrieved from /home/airflow/.local/lib/python3.8/site-packages/airflow/example_dags/example_complex.py
[2025-07-03T17:56:22.326+0000] {logging_mixin.py:188} INFO - [2025-07-03T17:56:22.326+0000] {dag.py:3036} INFO - Sync 1 DAGs
[2025-07-03T17:56:22.354+0000] {logging_mixin.py:188} INFO - [2025-07-03T17:56:22.354+0000] {dag.py:3823} INFO - Setting next_dagrun for example_complex to None, run_after=None
[2025-07-03T17:56:22.412+0000] {processor.py:183} INFO - Processing /home/airflow/.local/lib/python3.8/site-packages/airflow/example_dags/example_complex.py took 0.291 seconds
[2025-07-03T17:56:52.527+0000] {processor.py:161} INFO - Started process (PID=2898) to work on /home/airflow/.local/lib/python3.8/site-packages/airflow/example_dags/example_complex.py
[2025-07-03T17:56:52.533+0000] {processor.py:830} INFO - Processing file /home/airflow/.local/lib/python3.8/site-packages/airflow/example_dags/example_complex.py for tasks to queue
[2025-07-03T17:56:52.536+0000] {logging_mixin.py:188} INFO - [2025-07-03T17:56:52.535+0000] {dagbag.py:538} INFO - Filling up the DagBag from /home/airflow/.local/lib/python3.8/site-packages/airflow/example_dags/example_complex.py
[2025-07-03T17:56:52.646+0000] {processor.py:840} INFO - DAG(s) 'example_complex' retrieved from /home/airflow/.local/lib/python3.8/site-packages/airflow/example_dags/example_complex.py
[2025-07-03T17:56:52.914+0000] {logging_mixin.py:188} INFO - [2025-07-03T17:56:52.913+0000] {dag.py:3036} INFO - Sync 1 DAGs
[2025-07-03T17:56:53.008+0000] {logging_mixin.py:188} INFO - [2025-07-03T17:56:53.008+0000] {dag.py:3823} INFO - Setting next_dagrun for example_complex to None, run_after=None
[2025-07-03T17:56:53.118+0000] {processor.py:183} INFO - Processing /home/airflow/.local/lib/python3.8/site-packages/airflow/example_dags/example_complex.py took 0.613 seconds
[2025-07-03T17:57:23.900+0000] {processor.py:161} INFO - Started process (PID=2961) to work on /home/airflow/.local/lib/python3.8/site-packages/airflow/example_dags/example_complex.py
[2025-07-03T17:57:23.914+0000] {processor.py:830} INFO - Processing file /home/airflow/.local/lib/python3.8/site-packages/airflow/example_dags/example_complex.py for tasks to queue
[2025-07-03T17:57:23.917+0000] {logging_mixin.py:188} INFO - [2025-07-03T17:57:23.917+0000] {dagbag.py:538} INFO - Filling up the DagBag from /home/airflow/.local/lib/python3.8/site-packages/airflow/example_dags/example_complex.py
[2025-07-03T17:57:24.014+0000] {processor.py:840} INFO - DAG(s) 'example_complex' retrieved from /home/airflow/.local/lib/python3.8/site-packages/airflow/example_dags/example_complex.py
[2025-07-03T17:57:24.248+0000] {logging_mixin.py:188} INFO - [2025-07-03T17:57:24.248+0000] {dag.py:3036} INFO - Sync 1 DAGs
[2025-07-03T17:57:24.348+0000] {logging_mixin.py:188} INFO - [2025-07-03T17:57:24.348+0000] {dag.py:3823} INFO - Setting next_dagrun for example_complex to None, run_after=None
[2025-07-03T17:57:24.449+0000] {processor.py:183} INFO - Processing /home/airflow/.local/lib/python3.8/site-packages/airflow/example_dags/example_complex.py took 0.564 seconds
[2025-07-03T17:57:55.113+0000] {processor.py:161} INFO - Started process (PID=3018) to work on /home/airflow/.local/lib/python3.8/site-packages/airflow/example_dags/example_complex.py
[2025-07-03T17:57:55.114+0000] {processor.py:830} INFO - Processing file /home/airflow/.local/lib/python3.8/site-packages/airflow/example_dags/example_complex.py for tasks to queue
[2025-07-03T17:57:55.116+0000] {logging_mixin.py:188} INFO - [2025-07-03T17:57:55.116+0000] {dagbag.py:538} INFO - Filling up the DagBag from /home/airflow/.local/lib/python3.8/site-packages/airflow/example_dags/example_complex.py
[2025-07-03T17:57:55.171+0000] {processor.py:840} INFO - DAG(s) 'example_complex' retrieved from /home/airflow/.local/lib/python3.8/site-packages/airflow/example_dags/example_complex.py
[2025-07-03T17:57:55.310+0000] {logging_mixin.py:188} INFO - [2025-07-03T17:57:55.309+0000] {dag.py:3036} INFO - Sync 1 DAGs
[2025-07-03T17:57:55.346+0000] {logging_mixin.py:188} INFO - [2025-07-03T17:57:55.345+0000] {dag.py:3823} INFO - Setting next_dagrun for example_complex to None, run_after=None
[2025-07-03T17:57:55.395+0000] {processor.py:183} INFO - Processing /home/airflow/.local/lib/python3.8/site-packages/airflow/example_dags/example_complex.py took 0.299 seconds
[2025-07-03T17:58:27.121+0000] {processor.py:161} INFO - Started process (PID=3084) to work on /home/airflow/.local/lib/python3.8/site-packages/airflow/example_dags/example_complex.py
[2025-07-03T17:58:27.128+0000] {processor.py:830} INFO - Processing file /home/airflow/.local/lib/python3.8/site-packages/airflow/example_dags/example_complex.py for tasks to queue
[2025-07-03T17:58:27.131+0000] {logging_mixin.py:188} INFO - [2025-07-03T17:58:27.130+0000] {dagbag.py:538} INFO - Filling up the DagBag from /home/airflow/.local/lib/python3.8/site-packages/airflow/example_dags/example_complex.py
[2025-07-03T17:58:27.174+0000] {processor.py:840} INFO - DAG(s) 'example_complex' retrieved from /home/airflow/.local/lib/python3.8/site-packages/airflow/example_dags/example_complex.py
[2025-07-03T17:58:27.246+0000] {logging_mixin.py:188} INFO - [2025-07-03T17:58:27.246+0000] {dag.py:3036} INFO - Sync 1 DAGs
[2025-07-03T17:58:27.270+0000] {logging_mixin.py:188} INFO - [2025-07-03T17:58:27.269+0000] {dag.py:3823} INFO - Setting next_dagrun for example_complex to None, run_after=None
[2025-07-03T17:58:27.322+0000] {processor.py:183} INFO - Processing /home/airflow/.local/lib/python3.8/site-packages/airflow/example_dags/example_complex.py took 0.218 seconds
[2025-07-03T17:58:58.190+0000] {processor.py:161} INFO - Started process (PID=3149) to work on /home/airflow/.local/lib/python3.8/site-packages/airflow/example_dags/example_complex.py
[2025-07-03T17:58:58.201+0000] {processor.py:830} INFO - Processing file /home/airflow/.local/lib/python3.8/site-packages/airflow/example_dags/example_complex.py for tasks to queue
[2025-07-03T17:58:58.204+0000] {logging_mixin.py:188} INFO - [2025-07-03T17:58:58.203+0000] {dagbag.py:538} INFO - Filling up the DagBag from /home/airflow/.local/lib/python3.8/site-packages/airflow/example_dags/example_complex.py
[2025-07-03T17:58:58.274+0000] {processor.py:840} INFO - DAG(s) 'example_complex' retrieved from /home/airflow/.local/lib/python3.8/site-packages/airflow/example_dags/example_complex.py
[2025-07-03T17:58:58.492+0000] {logging_mixin.py:188} INFO - [2025-07-03T17:58:58.492+0000] {dag.py:3036} INFO - Sync 1 DAGs
[2025-07-03T17:58:58.573+0000] {logging_mixin.py:188} INFO - [2025-07-03T17:58:58.560+0000] {dag.py:3823} INFO - Setting next_dagrun for example_complex to None, run_after=None
[2025-07-03T17:58:58.702+0000] {processor.py:183} INFO - Processing /home/airflow/.local/lib/python3.8/site-packages/airflow/example_dags/example_complex.py took 0.518 seconds
[2025-07-03T17:59:29.426+0000] {processor.py:161} INFO - Started process (PID=3212) to work on /home/airflow/.local/lib/python3.8/site-packages/airflow/example_dags/example_complex.py
[2025-07-03T17:59:29.440+0000] {processor.py:830} INFO - Processing file /home/airflow/.local/lib/python3.8/site-packages/airflow/example_dags/example_complex.py for tasks to queue
[2025-07-03T17:59:29.470+0000] {logging_mixin.py:188} INFO - [2025-07-03T17:59:29.469+0000] {dagbag.py:538} INFO - Filling up the DagBag from /home/airflow/.local/lib/python3.8/site-packages/airflow/example_dags/example_complex.py
[2025-07-03T17:59:29.538+0000] {processor.py:840} INFO - DAG(s) 'example_complex' retrieved from /home/airflow/.local/lib/python3.8/site-packages/airflow/example_dags/example_complex.py
[2025-07-03T17:59:29.730+0000] {logging_mixin.py:188} INFO - [2025-07-03T17:59:29.729+0000] {dag.py:3036} INFO - Sync 1 DAGs
[2025-07-03T17:59:29.885+0000] {logging_mixin.py:188} INFO - [2025-07-03T17:59:29.868+0000] {dag.py:3823} INFO - Setting next_dagrun for example_complex to None, run_after=None
[2025-07-03T17:59:29.985+0000] {processor.py:183} INFO - Processing /home/airflow/.local/lib/python3.8/site-packages/airflow/example_dags/example_complex.py took 0.593 seconds
[2025-07-03T18:00:01.304+0000] {processor.py:161} INFO - Started process (PID=3279) to work on /home/airflow/.local/lib/python3.8/site-packages/airflow/example_dags/example_complex.py
[2025-07-03T18:00:01.318+0000] {processor.py:830} INFO - Processing file /home/airflow/.local/lib/python3.8/site-packages/airflow/example_dags/example_complex.py for tasks to queue
[2025-07-03T18:00:01.320+0000] {logging_mixin.py:188} INFO - [2025-07-03T18:00:01.320+0000] {dagbag.py:538} INFO - Filling up the DagBag from /home/airflow/.local/lib/python3.8/site-packages/airflow/example_dags/example_complex.py
[2025-07-03T18:00:01.379+0000] {processor.py:840} INFO - DAG(s) 'example_complex' retrieved from /home/airflow/.local/lib/python3.8/site-packages/airflow/example_dags/example_complex.py
[2025-07-03T18:00:01.538+0000] {logging_mixin.py:188} INFO - [2025-07-03T18:00:01.537+0000] {dag.py:3036} INFO - Sync 1 DAGs
[2025-07-03T18:00:01.581+0000] {logging_mixin.py:188} INFO - [2025-07-03T18:00:01.576+0000] {dag.py:3823} INFO - Setting next_dagrun for example_complex to None, run_after=None
[2025-07-03T18:00:01.662+0000] {processor.py:183} INFO - Processing /home/airflow/.local/lib/python3.8/site-packages/airflow/example_dags/example_complex.py took 0.362 seconds
[2025-07-03T18:00:31.894+0000] {processor.py:161} INFO - Started process (PID=3343) to work on /home/airflow/.local/lib/python3.8/site-packages/airflow/example_dags/example_complex.py
[2025-07-03T18:00:31.896+0000] {processor.py:830} INFO - Processing file /home/airflow/.local/lib/python3.8/site-packages/airflow/example_dags/example_complex.py for tasks to queue
[2025-07-03T18:00:31.898+0000] {logging_mixin.py:188} INFO - [2025-07-03T18:00:31.898+0000] {dagbag.py:538} INFO - Filling up the DagBag from /home/airflow/.local/lib/python3.8/site-packages/airflow/example_dags/example_complex.py
[2025-07-03T18:00:31.923+0000] {processor.py:840} INFO - DAG(s) 'example_complex' retrieved from /home/airflow/.local/lib/python3.8/site-packages/airflow/example_dags/example_complex.py
[2025-07-03T18:00:31.967+0000] {logging_mixin.py:188} INFO - [2025-07-03T18:00:31.967+0000] {dag.py:3036} INFO - Sync 1 DAGs
[2025-07-03T18:00:31.984+0000] {logging_mixin.py:188} INFO - [2025-07-03T18:00:31.984+0000] {dag.py:3823} INFO - Setting next_dagrun for example_complex to None, run_after=None
[2025-07-03T18:00:32.008+0000] {processor.py:183} INFO - Processing /home/airflow/.local/lib/python3.8/site-packages/airflow/example_dags/example_complex.py took 0.119 seconds
[2025-07-03T18:01:02.975+0000] {processor.py:161} INFO - Started process (PID=3408) to work on /home/airflow/.local/lib/python3.8/site-packages/airflow/example_dags/example_complex.py
[2025-07-03T18:01:02.976+0000] {processor.py:830} INFO - Processing file /home/airflow/.local/lib/python3.8/site-packages/airflow/example_dags/example_complex.py for tasks to queue
[2025-07-03T18:01:02.978+0000] {logging_mixin.py:188} INFO - [2025-07-03T18:01:02.978+0000] {dagbag.py:538} INFO - Filling up the DagBag from /home/airflow/.local/lib/python3.8/site-packages/airflow/example_dags/example_complex.py
[2025-07-03T18:01:03.065+0000] {processor.py:840} INFO - DAG(s) 'example_complex' retrieved from /home/airflow/.local/lib/python3.8/site-packages/airflow/example_dags/example_complex.py
[2025-07-03T18:01:03.286+0000] {logging_mixin.py:188} INFO - [2025-07-03T18:01:03.286+0000] {dag.py:3036} INFO - Sync 1 DAGs
[2025-07-03T18:01:03.351+0000] {logging_mixin.py:188} INFO - [2025-07-03T18:01:03.350+0000] {dag.py:3823} INFO - Setting next_dagrun for example_complex to None, run_after=None
[2025-07-03T18:01:03.430+0000] {processor.py:183} INFO - Processing /home/airflow/.local/lib/python3.8/site-packages/airflow/example_dags/example_complex.py took 0.477 seconds
[2025-07-03T18:01:33.641+0000] {processor.py:161} INFO - Started process (PID=3471) to work on /home/airflow/.local/lib/python3.8/site-packages/airflow/example_dags/example_complex.py
[2025-07-03T18:01:33.646+0000] {processor.py:830} INFO - Processing file /home/airflow/.local/lib/python3.8/site-packages/airflow/example_dags/example_complex.py for tasks to queue
[2025-07-03T18:01:33.649+0000] {logging_mixin.py:188} INFO - [2025-07-03T18:01:33.648+0000] {dagbag.py:538} INFO - Filling up the DagBag from /home/airflow/.local/lib/python3.8/site-packages/airflow/example_dags/example_complex.py
[2025-07-03T18:01:33.720+0000] {processor.py:840} INFO - DAG(s) 'example_complex' retrieved from /home/airflow/.local/lib/python3.8/site-packages/airflow/example_dags/example_complex.py
[2025-07-03T18:01:33.894+0000] {logging_mixin.py:188} INFO - [2025-07-03T18:01:33.893+0000] {dag.py:3036} INFO - Sync 1 DAGs
[2025-07-03T18:01:33.956+0000] {logging_mixin.py:188} INFO - [2025-07-03T18:01:33.956+0000] {dag.py:3823} INFO - Setting next_dagrun for example_complex to None, run_after=None
[2025-07-03T18:01:34.043+0000] {processor.py:183} INFO - Processing /home/airflow/.local/lib/python3.8/site-packages/airflow/example_dags/example_complex.py took 0.418 seconds
[2025-07-03T18:02:05.001+0000] {processor.py:161} INFO - Started process (PID=3529) to work on /home/airflow/.local/lib/python3.8/site-packages/airflow/example_dags/example_complex.py
[2025-07-03T18:02:05.002+0000] {processor.py:830} INFO - Processing file /home/airflow/.local/lib/python3.8/site-packages/airflow/example_dags/example_complex.py for tasks to queue
[2025-07-03T18:02:05.004+0000] {logging_mixin.py:188} INFO - [2025-07-03T18:02:05.004+0000] {dagbag.py:538} INFO - Filling up the DagBag from /home/airflow/.local/lib/python3.8/site-packages/airflow/example_dags/example_complex.py
[2025-07-03T18:02:05.097+0000] {processor.py:840} INFO - DAG(s) 'example_complex' retrieved from /home/airflow/.local/lib/python3.8/site-packages/airflow/example_dags/example_complex.py
[2025-07-03T18:02:05.192+0000] {logging_mixin.py:188} INFO - [2025-07-03T18:02:05.191+0000] {dag.py:3036} INFO - Sync 1 DAGs
[2025-07-03T18:02:05.525+0000] {logging_mixin.py:188} INFO - [2025-07-03T18:02:05.525+0000] {dag.py:3823} INFO - Setting next_dagrun for example_complex to None, run_after=None
[2025-07-03T18:02:05.575+0000] {processor.py:183} INFO - Processing /home/airflow/.local/lib/python3.8/site-packages/airflow/example_dags/example_complex.py took 0.586 seconds
[2025-07-03T18:02:36.270+0000] {processor.py:161} INFO - Started process (PID=3594) to work on /home/airflow/.local/lib/python3.8/site-packages/airflow/example_dags/example_complex.py
[2025-07-03T18:02:36.273+0000] {processor.py:830} INFO - Processing file /home/airflow/.local/lib/python3.8/site-packages/airflow/example_dags/example_complex.py for tasks to queue
[2025-07-03T18:02:36.279+0000] {logging_mixin.py:188} INFO - [2025-07-03T18:02:36.279+0000] {dagbag.py:538} INFO - Filling up the DagBag from /home/airflow/.local/lib/python3.8/site-packages/airflow/example_dags/example_complex.py
[2025-07-03T18:02:36.331+0000] {processor.py:840} INFO - DAG(s) 'example_complex' retrieved from /home/airflow/.local/lib/python3.8/site-packages/airflow/example_dags/example_complex.py
[2025-07-03T18:02:36.442+0000] {logging_mixin.py:188} INFO - [2025-07-03T18:02:36.441+0000] {dag.py:3036} INFO - Sync 1 DAGs
[2025-07-03T18:02:36.520+0000] {logging_mixin.py:188} INFO - [2025-07-03T18:02:36.520+0000] {dag.py:3823} INFO - Setting next_dagrun for example_complex to None, run_after=None
[2025-07-03T18:02:36.640+0000] {processor.py:183} INFO - Processing /home/airflow/.local/lib/python3.8/site-packages/airflow/example_dags/example_complex.py took 0.375 seconds
[2025-07-03T18:03:07.469+0000] {processor.py:161} INFO - Started process (PID=3658) to work on /home/airflow/.local/lib/python3.8/site-packages/airflow/example_dags/example_complex.py
[2025-07-03T18:03:07.481+0000] {processor.py:830} INFO - Processing file /home/airflow/.local/lib/python3.8/site-packages/airflow/example_dags/example_complex.py for tasks to queue
[2025-07-03T18:03:07.490+0000] {logging_mixin.py:188} INFO - [2025-07-03T18:03:07.489+0000] {dagbag.py:538} INFO - Filling up the DagBag from /home/airflow/.local/lib/python3.8/site-packages/airflow/example_dags/example_complex.py
[2025-07-03T18:03:07.654+0000] {processor.py:840} INFO - DAG(s) 'example_complex' retrieved from /home/airflow/.local/lib/python3.8/site-packages/airflow/example_dags/example_complex.py
[2025-07-03T18:03:08.010+0000] {logging_mixin.py:188} INFO - [2025-07-03T18:03:08.009+0000] {dag.py:3036} INFO - Sync 1 DAGs
[2025-07-03T18:03:08.100+0000] {logging_mixin.py:188} INFO - [2025-07-03T18:03:08.100+0000] {dag.py:3823} INFO - Setting next_dagrun for example_complex to None, run_after=None
[2025-07-03T18:03:08.231+0000] {processor.py:183} INFO - Processing /home/airflow/.local/lib/python3.8/site-packages/airflow/example_dags/example_complex.py took 0.789 seconds
[2025-07-03T18:04:29.855+0000] {processor.py:161} INFO - Started process (PID=3740) to work on /home/airflow/.local/lib/python3.8/site-packages/airflow/example_dags/example_complex.py
[2025-07-03T18:04:29.883+0000] {processor.py:830} INFO - Processing file /home/airflow/.local/lib/python3.8/site-packages/airflow/example_dags/example_complex.py for tasks to queue
[2025-07-03T18:04:29.961+0000] {logging_mixin.py:188} INFO - [2025-07-03T18:04:29.953+0000] {dagbag.py:538} INFO - Filling up the DagBag from /home/airflow/.local/lib/python3.8/site-packages/airflow/example_dags/example_complex.py
[2025-07-03T18:04:30.540+0000] {processor.py:840} INFO - DAG(s) 'example_complex' retrieved from /home/airflow/.local/lib/python3.8/site-packages/airflow/example_dags/example_complex.py
[2025-07-03T18:04:32.214+0000] {logging_mixin.py:188} INFO - [2025-07-03T18:04:32.213+0000] {dag.py:3036} INFO - Sync 1 DAGs
[2025-07-03T18:04:32.650+0000] {logging_mixin.py:188} INFO - [2025-07-03T18:04:32.650+0000] {dag.py:3823} INFO - Setting next_dagrun for example_complex to None, run_after=None
[2025-07-03T18:04:33.390+0000] {processor.py:183} INFO - Processing /home/airflow/.local/lib/python3.8/site-packages/airflow/example_dags/example_complex.py took 3.626 seconds
[2025-07-03T18:06:51.645+0000] {processor.py:161} INFO - Started process (PID=3851) to work on /home/airflow/.local/lib/python3.8/site-packages/airflow/example_dags/example_complex.py
[2025-07-03T18:06:51.681+0000] {processor.py:830} INFO - Processing file /home/airflow/.local/lib/python3.8/site-packages/airflow/example_dags/example_complex.py for tasks to queue
[2025-07-03T18:06:51.786+0000] {logging_mixin.py:188} INFO - [2025-07-03T18:06:51.732+0000] {dagbag.py:538} INFO - Filling up the DagBag from /home/airflow/.local/lib/python3.8/site-packages/airflow/example_dags/example_complex.py
[2025-07-03T18:06:52.751+0000] {processor.py:840} INFO - DAG(s) 'example_complex' retrieved from /home/airflow/.local/lib/python3.8/site-packages/airflow/example_dags/example_complex.py
[2025-07-03T18:06:55.459+0000] {logging_mixin.py:188} INFO - [2025-07-03T18:06:55.458+0000] {dag.py:3036} INFO - Sync 1 DAGs
[2025-07-03T18:06:56.269+0000] {logging_mixin.py:188} INFO - [2025-07-03T18:06:56.120+0000] {dag.py:3823} INFO - Setting next_dagrun for example_complex to None, run_after=None
[2025-07-03T18:06:57.483+0000] {processor.py:183} INFO - Processing /home/airflow/.local/lib/python3.8/site-packages/airflow/example_dags/example_complex.py took 6.070 seconds
[2025-07-03T18:21:14.126+0000] {processor.py:161} INFO - Started process (PID=122) to work on /home/airflow/.local/lib/python3.8/site-packages/airflow/example_dags/example_complex.py
[2025-07-03T18:21:14.128+0000] {processor.py:830} INFO - Processing file /home/airflow/.local/lib/python3.8/site-packages/airflow/example_dags/example_complex.py for tasks to queue
[2025-07-03T18:21:14.130+0000] {logging_mixin.py:188} INFO - [2025-07-03T18:21:14.130+0000] {dagbag.py:538} INFO - Filling up the DagBag from /home/airflow/.local/lib/python3.8/site-packages/airflow/example_dags/example_complex.py
[2025-07-03T18:21:14.153+0000] {processor.py:840} INFO - DAG(s) 'example_complex' retrieved from /home/airflow/.local/lib/python3.8/site-packages/airflow/example_dags/example_complex.py
[2025-07-03T18:21:14.214+0000] {logging_mixin.py:188} INFO - [2025-07-03T18:21:14.214+0000] {dag.py:3036} INFO - Sync 1 DAGs
[2025-07-03T18:21:14.236+0000] {logging_mixin.py:188} INFO - [2025-07-03T18:21:14.236+0000] {dag.py:3823} INFO - Setting next_dagrun for example_complex to None, run_after=None
[2025-07-03T18:21:14.266+0000] {processor.py:183} INFO - Processing /home/airflow/.local/lib/python3.8/site-packages/airflow/example_dags/example_complex.py took 0.145 seconds
[2025-07-03T18:21:45.059+0000] {processor.py:161} INFO - Started process (PID=187) to work on /home/airflow/.local/lib/python3.8/site-packages/airflow/example_dags/example_complex.py
[2025-07-03T18:21:45.060+0000] {processor.py:830} INFO - Processing file /home/airflow/.local/lib/python3.8/site-packages/airflow/example_dags/example_complex.py for tasks to queue
[2025-07-03T18:21:45.063+0000] {logging_mixin.py:188} INFO - [2025-07-03T18:21:45.062+0000] {dagbag.py:538} INFO - Filling up the DagBag from /home/airflow/.local/lib/python3.8/site-packages/airflow/example_dags/example_complex.py
[2025-07-03T18:21:45.086+0000] {processor.py:840} INFO - DAG(s) 'example_complex' retrieved from /home/airflow/.local/lib/python3.8/site-packages/airflow/example_dags/example_complex.py
[2025-07-03T18:21:45.153+0000] {logging_mixin.py:188} INFO - [2025-07-03T18:21:45.153+0000] {dag.py:3036} INFO - Sync 1 DAGs
[2025-07-03T18:21:45.170+0000] {logging_mixin.py:188} INFO - [2025-07-03T18:21:45.170+0000] {dag.py:3823} INFO - Setting next_dagrun for example_complex to None, run_after=None
[2025-07-03T18:21:45.194+0000] {processor.py:183} INFO - Processing /home/airflow/.local/lib/python3.8/site-packages/airflow/example_dags/example_complex.py took 0.140 seconds
[2025-07-03T18:22:15.391+0000] {processor.py:161} INFO - Started process (PID=252) to work on /home/airflow/.local/lib/python3.8/site-packages/airflow/example_dags/example_complex.py
[2025-07-03T18:22:15.393+0000] {processor.py:830} INFO - Processing file /home/airflow/.local/lib/python3.8/site-packages/airflow/example_dags/example_complex.py for tasks to queue
[2025-07-03T18:22:15.395+0000] {logging_mixin.py:188} INFO - [2025-07-03T18:22:15.395+0000] {dagbag.py:538} INFO - Filling up the DagBag from /home/airflow/.local/lib/python3.8/site-packages/airflow/example_dags/example_complex.py
[2025-07-03T18:22:15.419+0000] {processor.py:840} INFO - DAG(s) 'example_complex' retrieved from /home/airflow/.local/lib/python3.8/site-packages/airflow/example_dags/example_complex.py
[2025-07-03T18:22:15.479+0000] {logging_mixin.py:188} INFO - [2025-07-03T18:22:15.479+0000] {dag.py:3036} INFO - Sync 1 DAGs
[2025-07-03T18:22:15.502+0000] {logging_mixin.py:188} INFO - [2025-07-03T18:22:15.501+0000] {dag.py:3823} INFO - Setting next_dagrun for example_complex to None, run_after=None
[2025-07-03T18:22:15.532+0000] {processor.py:183} INFO - Processing /home/airflow/.local/lib/python3.8/site-packages/airflow/example_dags/example_complex.py took 0.146 seconds
[2025-07-03T18:22:46.783+0000] {processor.py:161} INFO - Started process (PID=319) to work on /home/airflow/.local/lib/python3.8/site-packages/airflow/example_dags/example_complex.py
[2025-07-03T18:22:46.784+0000] {processor.py:830} INFO - Processing file /home/airflow/.local/lib/python3.8/site-packages/airflow/example_dags/example_complex.py for tasks to queue
[2025-07-03T18:22:46.798+0000] {logging_mixin.py:188} INFO - [2025-07-03T18:22:46.798+0000] {dagbag.py:538} INFO - Filling up the DagBag from /home/airflow/.local/lib/python3.8/site-packages/airflow/example_dags/example_complex.py
[2025-07-03T18:22:46.893+0000] {processor.py:840} INFO - DAG(s) 'example_complex' retrieved from /home/airflow/.local/lib/python3.8/site-packages/airflow/example_dags/example_complex.py
[2025-07-03T18:22:46.964+0000] {logging_mixin.py:188} INFO - [2025-07-03T18:22:46.964+0000] {dag.py:3036} INFO - Sync 1 DAGs
[2025-07-03T18:22:46.997+0000] {logging_mixin.py:188} INFO - [2025-07-03T18:22:46.997+0000] {dag.py:3823} INFO - Setting next_dagrun for example_complex to None, run_after=None
[2025-07-03T18:22:47.070+0000] {processor.py:183} INFO - Processing /home/airflow/.local/lib/python3.8/site-packages/airflow/example_dags/example_complex.py took 0.304 seconds
[2025-07-03T18:23:17.349+0000] {processor.py:161} INFO - Started process (PID=385) to work on /home/airflow/.local/lib/python3.8/site-packages/airflow/example_dags/example_complex.py
[2025-07-03T18:23:17.358+0000] {processor.py:830} INFO - Processing file /home/airflow/.local/lib/python3.8/site-packages/airflow/example_dags/example_complex.py for tasks to queue
[2025-07-03T18:23:17.361+0000] {logging_mixin.py:188} INFO - [2025-07-03T18:23:17.360+0000] {dagbag.py:538} INFO - Filling up the DagBag from /home/airflow/.local/lib/python3.8/site-packages/airflow/example_dags/example_complex.py
[2025-07-03T18:23:17.400+0000] {processor.py:840} INFO - DAG(s) 'example_complex' retrieved from /home/airflow/.local/lib/python3.8/site-packages/airflow/example_dags/example_complex.py
[2025-07-03T18:23:17.538+0000] {logging_mixin.py:188} INFO - [2025-07-03T18:23:17.538+0000] {dag.py:3036} INFO - Sync 1 DAGs
[2025-07-03T18:23:17.581+0000] {logging_mixin.py:188} INFO - [2025-07-03T18:23:17.581+0000] {dag.py:3823} INFO - Setting next_dagrun for example_complex to None, run_after=None
[2025-07-03T18:23:17.670+0000] {processor.py:183} INFO - Processing /home/airflow/.local/lib/python3.8/site-packages/airflow/example_dags/example_complex.py took 0.330 seconds
[2025-07-03T18:23:48.622+0000] {processor.py:161} INFO - Started process (PID=457) to work on /home/airflow/.local/lib/python3.8/site-packages/airflow/example_dags/example_complex.py
[2025-07-03T18:23:48.629+0000] {processor.py:830} INFO - Processing file /home/airflow/.local/lib/python3.8/site-packages/airflow/example_dags/example_complex.py for tasks to queue
[2025-07-03T18:23:48.638+0000] {logging_mixin.py:188} INFO - [2025-07-03T18:23:48.638+0000] {dagbag.py:538} INFO - Filling up the DagBag from /home/airflow/.local/lib/python3.8/site-packages/airflow/example_dags/example_complex.py
[2025-07-03T18:23:48.758+0000] {processor.py:840} INFO - DAG(s) 'example_complex' retrieved from /home/airflow/.local/lib/python3.8/site-packages/airflow/example_dags/example_complex.py
[2025-07-03T18:23:48.902+0000] {logging_mixin.py:188} INFO - [2025-07-03T18:23:48.901+0000] {dag.py:3036} INFO - Sync 1 DAGs
[2025-07-03T18:23:48.940+0000] {logging_mixin.py:188} INFO - [2025-07-03T18:23:48.940+0000] {dag.py:3823} INFO - Setting next_dagrun for example_complex to None, run_after=None
[2025-07-03T18:23:48.998+0000] {processor.py:183} INFO - Processing /home/airflow/.local/lib/python3.8/site-packages/airflow/example_dags/example_complex.py took 0.400 seconds
[2025-07-03T18:24:19.191+0000] {processor.py:161} INFO - Started process (PID=523) to work on /home/airflow/.local/lib/python3.8/site-packages/airflow/example_dags/example_complex.py
[2025-07-03T18:24:19.201+0000] {processor.py:830} INFO - Processing file /home/airflow/.local/lib/python3.8/site-packages/airflow/example_dags/example_complex.py for tasks to queue
[2025-07-03T18:24:19.204+0000] {logging_mixin.py:188} INFO - [2025-07-03T18:24:19.203+0000] {dagbag.py:538} INFO - Filling up the DagBag from /home/airflow/.local/lib/python3.8/site-packages/airflow/example_dags/example_complex.py
[2025-07-03T18:24:19.248+0000] {processor.py:840} INFO - DAG(s) 'example_complex' retrieved from /home/airflow/.local/lib/python3.8/site-packages/airflow/example_dags/example_complex.py
[2025-07-03T18:24:19.346+0000] {logging_mixin.py:188} INFO - [2025-07-03T18:24:19.345+0000] {dag.py:3036} INFO - Sync 1 DAGs
[2025-07-03T18:24:19.387+0000] {logging_mixin.py:188} INFO - [2025-07-03T18:24:19.386+0000] {dag.py:3823} INFO - Setting next_dagrun for example_complex to None, run_after=None
[2025-07-03T18:24:19.429+0000] {processor.py:183} INFO - Processing /home/airflow/.local/lib/python3.8/site-packages/airflow/example_dags/example_complex.py took 0.247 seconds
