[2025-07-03T17:35:54.271+0000] {processor.py:161} INFO - Started process (PID=260) to work on /home/airflow/.local/lib/python3.8/site-packages/airflow/example_dags/example_skip_dag.py
[2025-07-03T17:35:54.272+0000] {processor.py:830} INFO - Processing file /home/airflow/.local/lib/python3.8/site-packages/airflow/example_dags/example_skip_dag.py for tasks to queue
[2025-07-03T17:35:54.307+0000] {logging_mixin.py:188} INFO - [2025-07-03T17:35:54.306+0000] {dagbag.py:538} INFO - Filling up the DagBag from /home/airflow/.local/lib/python3.8/site-packages/airflow/example_dags/example_skip_dag.py
[2025-07-03T17:35:54.365+0000] {processor.py:840} INFO - DAG(s) 'example_skip_dag' retrieved from /home/airflow/.local/lib/python3.8/site-packages/airflow/example_dags/example_skip_dag.py
[2025-07-03T17:35:55.470+0000] {logging_mixin.py:188} INFO - [2025-07-03T17:35:55.469+0000] {dag.py:3036} INFO - Sync 1 DAGs
[2025-07-03T17:35:55.603+0000] {logging_mixin.py:188} INFO - [2025-07-03T17:35:55.602+0000] {dag.py:3823} INFO - Setting next_dagrun for example_skip_dag to 2025-07-02 00:00:00+00:00, run_after=2025-07-03 00:00:00+00:00
[2025-07-03T17:35:55.689+0000] {processor.py:183} INFO - Processing /home/airflow/.local/lib/python3.8/site-packages/airflow/example_dags/example_skip_dag.py took 1.451 seconds
[2025-07-03T17:36:26.554+0000] {processor.py:161} INFO - Started process (PID=317) to work on /home/airflow/.local/lib/python3.8/site-packages/airflow/example_dags/example_skip_dag.py
[2025-07-03T17:36:26.568+0000] {processor.py:830} INFO - Processing file /home/airflow/.local/lib/python3.8/site-packages/airflow/example_dags/example_skip_dag.py for tasks to queue
[2025-07-03T17:36:26.580+0000] {logging_mixin.py:188} INFO - [2025-07-03T17:36:26.580+0000] {dagbag.py:538} INFO - Filling up the DagBag from /home/airflow/.local/lib/python3.8/site-packages/airflow/example_dags/example_skip_dag.py
[2025-07-03T17:36:26.635+0000] {processor.py:840} INFO - DAG(s) 'example_skip_dag' retrieved from /home/airflow/.local/lib/python3.8/site-packages/airflow/example_dags/example_skip_dag.py
[2025-07-03T17:36:26.810+0000] {logging_mixin.py:188} INFO - [2025-07-03T17:36:26.809+0000] {dag.py:3036} INFO - Sync 1 DAGs
[2025-07-03T17:36:27.048+0000] {logging_mixin.py:188} INFO - [2025-07-03T17:36:27.047+0000] {dag.py:3823} INFO - Setting next_dagrun for example_skip_dag to 2025-07-02 00:00:00+00:00, run_after=2025-07-03 00:00:00+00:00
[2025-07-03T17:36:27.241+0000] {processor.py:183} INFO - Processing /home/airflow/.local/lib/python3.8/site-packages/airflow/example_dags/example_skip_dag.py took 0.706 seconds
[2025-07-03T17:36:57.716+0000] {processor.py:161} INFO - Started process (PID=382) to work on /home/airflow/.local/lib/python3.8/site-packages/airflow/example_dags/example_skip_dag.py
[2025-07-03T17:36:57.730+0000] {processor.py:830} INFO - Processing file /home/airflow/.local/lib/python3.8/site-packages/airflow/example_dags/example_skip_dag.py for tasks to queue
[2025-07-03T17:36:57.732+0000] {logging_mixin.py:188} INFO - [2025-07-03T17:36:57.732+0000] {dagbag.py:538} INFO - Filling up the DagBag from /home/airflow/.local/lib/python3.8/site-packages/airflow/example_dags/example_skip_dag.py
[2025-07-03T17:36:57.749+0000] {processor.py:840} INFO - DAG(s) 'example_skip_dag' retrieved from /home/airflow/.local/lib/python3.8/site-packages/airflow/example_dags/example_skip_dag.py
[2025-07-03T17:36:57.830+0000] {logging_mixin.py:188} INFO - [2025-07-03T17:36:57.829+0000] {dag.py:3036} INFO - Sync 1 DAGs
[2025-07-03T17:36:57.903+0000] {logging_mixin.py:188} INFO - [2025-07-03T17:36:57.903+0000] {dag.py:3823} INFO - Setting next_dagrun for example_skip_dag to 2025-07-02 00:00:00+00:00, run_after=2025-07-03 00:00:00+00:00
[2025-07-03T17:36:58.006+0000] {processor.py:183} INFO - Processing /home/airflow/.local/lib/python3.8/site-packages/airflow/example_dags/example_skip_dag.py took 0.301 seconds
[2025-07-03T17:37:28.961+0000] {processor.py:161} INFO - Started process (PID=438) to work on /home/airflow/.local/lib/python3.8/site-packages/airflow/example_dags/example_skip_dag.py
[2025-07-03T17:37:28.965+0000] {processor.py:830} INFO - Processing file /home/airflow/.local/lib/python3.8/site-packages/airflow/example_dags/example_skip_dag.py for tasks to queue
[2025-07-03T17:37:28.970+0000] {logging_mixin.py:188} INFO - [2025-07-03T17:37:28.970+0000] {dagbag.py:538} INFO - Filling up the DagBag from /home/airflow/.local/lib/python3.8/site-packages/airflow/example_dags/example_skip_dag.py
[2025-07-03T17:37:28.991+0000] {processor.py:840} INFO - DAG(s) 'example_skip_dag' retrieved from /home/airflow/.local/lib/python3.8/site-packages/airflow/example_dags/example_skip_dag.py
[2025-07-03T17:37:29.246+0000] {logging_mixin.py:188} INFO - [2025-07-03T17:37:29.245+0000] {dag.py:3036} INFO - Sync 1 DAGs
[2025-07-03T17:37:29.402+0000] {logging_mixin.py:188} INFO - [2025-07-03T17:37:29.402+0000] {dag.py:3823} INFO - Setting next_dagrun for example_skip_dag to 2025-07-02 00:00:00+00:00, run_after=2025-07-03 00:00:00+00:00
[2025-07-03T17:37:29.554+0000] {processor.py:183} INFO - Processing /home/airflow/.local/lib/python3.8/site-packages/airflow/example_dags/example_skip_dag.py took 0.602 seconds
[2025-07-03T17:38:00.311+0000] {processor.py:161} INFO - Started process (PID=502) to work on /home/airflow/.local/lib/python3.8/site-packages/airflow/example_dags/example_skip_dag.py
[2025-07-03T17:38:00.321+0000] {processor.py:830} INFO - Processing file /home/airflow/.local/lib/python3.8/site-packages/airflow/example_dags/example_skip_dag.py for tasks to queue
[2025-07-03T17:38:00.324+0000] {logging_mixin.py:188} INFO - [2025-07-03T17:38:00.324+0000] {dagbag.py:538} INFO - Filling up the DagBag from /home/airflow/.local/lib/python3.8/site-packages/airflow/example_dags/example_skip_dag.py
[2025-07-03T17:38:00.352+0000] {processor.py:840} INFO - DAG(s) 'example_skip_dag' retrieved from /home/airflow/.local/lib/python3.8/site-packages/airflow/example_dags/example_skip_dag.py
[2025-07-03T17:38:00.440+0000] {logging_mixin.py:188} INFO - [2025-07-03T17:38:00.440+0000] {dag.py:3036} INFO - Sync 1 DAGs
[2025-07-03T17:38:00.520+0000] {logging_mixin.py:188} INFO - [2025-07-03T17:38:00.519+0000] {dag.py:3823} INFO - Setting next_dagrun for example_skip_dag to 2025-07-02 00:00:00+00:00, run_after=2025-07-03 00:00:00+00:00
[2025-07-03T17:38:00.578+0000] {processor.py:183} INFO - Processing /home/airflow/.local/lib/python3.8/site-packages/airflow/example_dags/example_skip_dag.py took 0.272 seconds
[2025-07-03T17:38:30.749+0000] {processor.py:161} INFO - Started process (PID=568) to work on /home/airflow/.local/lib/python3.8/site-packages/airflow/example_dags/example_skip_dag.py
[2025-07-03T17:38:30.769+0000] {processor.py:830} INFO - Processing file /home/airflow/.local/lib/python3.8/site-packages/airflow/example_dags/example_skip_dag.py for tasks to queue
[2025-07-03T17:38:30.772+0000] {logging_mixin.py:188} INFO - [2025-07-03T17:38:30.771+0000] {dagbag.py:538} INFO - Filling up the DagBag from /home/airflow/.local/lib/python3.8/site-packages/airflow/example_dags/example_skip_dag.py
[2025-07-03T17:38:30.797+0000] {processor.py:840} INFO - DAG(s) 'example_skip_dag' retrieved from /home/airflow/.local/lib/python3.8/site-packages/airflow/example_dags/example_skip_dag.py
[2025-07-03T17:38:30.934+0000] {logging_mixin.py:188} INFO - [2025-07-03T17:38:30.933+0000] {dag.py:3036} INFO - Sync 1 DAGs
[2025-07-03T17:38:31.078+0000] {logging_mixin.py:188} INFO - [2025-07-03T17:38:31.078+0000] {dag.py:3823} INFO - Setting next_dagrun for example_skip_dag to 2025-07-02 00:00:00+00:00, run_after=2025-07-03 00:00:00+00:00
[2025-07-03T17:38:31.183+0000] {processor.py:183} INFO - Processing /home/airflow/.local/lib/python3.8/site-packages/airflow/example_dags/example_skip_dag.py took 0.439 seconds
[2025-07-03T17:39:02.016+0000] {processor.py:161} INFO - Started process (PID=624) to work on /home/airflow/.local/lib/python3.8/site-packages/airflow/example_dags/example_skip_dag.py
[2025-07-03T17:39:02.018+0000] {processor.py:830} INFO - Processing file /home/airflow/.local/lib/python3.8/site-packages/airflow/example_dags/example_skip_dag.py for tasks to queue
[2025-07-03T17:39:02.021+0000] {logging_mixin.py:188} INFO - [2025-07-03T17:39:02.020+0000] {dagbag.py:538} INFO - Filling up the DagBag from /home/airflow/.local/lib/python3.8/site-packages/airflow/example_dags/example_skip_dag.py
[2025-07-03T17:39:02.032+0000] {processor.py:840} INFO - DAG(s) 'example_skip_dag' retrieved from /home/airflow/.local/lib/python3.8/site-packages/airflow/example_dags/example_skip_dag.py
[2025-07-03T17:39:02.069+0000] {logging_mixin.py:188} INFO - [2025-07-03T17:39:02.068+0000] {dag.py:3036} INFO - Sync 1 DAGs
[2025-07-03T17:39:02.111+0000] {logging_mixin.py:188} INFO - [2025-07-03T17:39:02.111+0000] {dag.py:3823} INFO - Setting next_dagrun for example_skip_dag to 2025-07-02 00:00:00+00:00, run_after=2025-07-03 00:00:00+00:00
[2025-07-03T17:39:02.151+0000] {processor.py:183} INFO - Processing /home/airflow/.local/lib/python3.8/site-packages/airflow/example_dags/example_skip_dag.py took 0.140 seconds
[2025-07-03T17:39:32.865+0000] {processor.py:161} INFO - Started process (PID=689) to work on /home/airflow/.local/lib/python3.8/site-packages/airflow/example_dags/example_skip_dag.py
[2025-07-03T17:39:32.866+0000] {processor.py:830} INFO - Processing file /home/airflow/.local/lib/python3.8/site-packages/airflow/example_dags/example_skip_dag.py for tasks to queue
[2025-07-03T17:39:32.869+0000] {logging_mixin.py:188} INFO - [2025-07-03T17:39:32.868+0000] {dagbag.py:538} INFO - Filling up the DagBag from /home/airflow/.local/lib/python3.8/site-packages/airflow/example_dags/example_skip_dag.py
[2025-07-03T17:39:32.880+0000] {processor.py:840} INFO - DAG(s) 'example_skip_dag' retrieved from /home/airflow/.local/lib/python3.8/site-packages/airflow/example_dags/example_skip_dag.py
[2025-07-03T17:39:32.918+0000] {logging_mixin.py:188} INFO - [2025-07-03T17:39:32.917+0000] {dag.py:3036} INFO - Sync 1 DAGs
[2025-07-03T17:39:32.962+0000] {logging_mixin.py:188} INFO - [2025-07-03T17:39:32.962+0000] {dag.py:3823} INFO - Setting next_dagrun for example_skip_dag to 2025-07-02 00:00:00+00:00, run_after=2025-07-03 00:00:00+00:00
[2025-07-03T17:39:33.000+0000] {processor.py:183} INFO - Processing /home/airflow/.local/lib/python3.8/site-packages/airflow/example_dags/example_skip_dag.py took 0.139 seconds
[2025-07-03T17:40:03.974+0000] {processor.py:161} INFO - Started process (PID=755) to work on /home/airflow/.local/lib/python3.8/site-packages/airflow/example_dags/example_skip_dag.py
[2025-07-03T17:40:03.975+0000] {processor.py:830} INFO - Processing file /home/airflow/.local/lib/python3.8/site-packages/airflow/example_dags/example_skip_dag.py for tasks to queue
[2025-07-03T17:40:03.978+0000] {logging_mixin.py:188} INFO - [2025-07-03T17:40:03.977+0000] {dagbag.py:538} INFO - Filling up the DagBag from /home/airflow/.local/lib/python3.8/site-packages/airflow/example_dags/example_skip_dag.py
[2025-07-03T17:40:03.988+0000] {processor.py:840} INFO - DAG(s) 'example_skip_dag' retrieved from /home/airflow/.local/lib/python3.8/site-packages/airflow/example_dags/example_skip_dag.py
[2025-07-03T17:40:04.027+0000] {logging_mixin.py:188} INFO - [2025-07-03T17:40:04.027+0000] {dag.py:3036} INFO - Sync 1 DAGs
[2025-07-03T17:40:04.068+0000] {logging_mixin.py:188} INFO - [2025-07-03T17:40:04.068+0000] {dag.py:3823} INFO - Setting next_dagrun for example_skip_dag to 2025-07-02 00:00:00+00:00, run_after=2025-07-03 00:00:00+00:00
[2025-07-03T17:40:04.098+0000] {processor.py:183} INFO - Processing /home/airflow/.local/lib/python3.8/site-packages/airflow/example_dags/example_skip_dag.py took 0.129 seconds
[2025-07-03T17:40:34.193+0000] {processor.py:161} INFO - Started process (PID=821) to work on /home/airflow/.local/lib/python3.8/site-packages/airflow/example_dags/example_skip_dag.py
[2025-07-03T17:40:34.195+0000] {processor.py:830} INFO - Processing file /home/airflow/.local/lib/python3.8/site-packages/airflow/example_dags/example_skip_dag.py for tasks to queue
[2025-07-03T17:40:34.198+0000] {logging_mixin.py:188} INFO - [2025-07-03T17:40:34.197+0000] {dagbag.py:538} INFO - Filling up the DagBag from /home/airflow/.local/lib/python3.8/site-packages/airflow/example_dags/example_skip_dag.py
[2025-07-03T17:40:34.234+0000] {processor.py:840} INFO - DAG(s) 'example_skip_dag' retrieved from /home/airflow/.local/lib/python3.8/site-packages/airflow/example_dags/example_skip_dag.py
[2025-07-03T17:40:34.329+0000] {logging_mixin.py:188} INFO - [2025-07-03T17:40:34.329+0000] {dag.py:3036} INFO - Sync 1 DAGs
[2025-07-03T17:40:34.427+0000] {logging_mixin.py:188} INFO - [2025-07-03T17:40:34.427+0000] {dag.py:3823} INFO - Setting next_dagrun for example_skip_dag to 2025-07-02 00:00:00+00:00, run_after=2025-07-03 00:00:00+00:00
[2025-07-03T17:40:34.500+0000] {processor.py:183} INFO - Processing /home/airflow/.local/lib/python3.8/site-packages/airflow/example_dags/example_skip_dag.py took 0.320 seconds
[2025-07-03T17:41:04.645+0000] {processor.py:161} INFO - Started process (PID=885) to work on /home/airflow/.local/lib/python3.8/site-packages/airflow/example_dags/example_skip_dag.py
[2025-07-03T17:41:04.647+0000] {processor.py:830} INFO - Processing file /home/airflow/.local/lib/python3.8/site-packages/airflow/example_dags/example_skip_dag.py for tasks to queue
[2025-07-03T17:41:04.648+0000] {logging_mixin.py:188} INFO - [2025-07-03T17:41:04.648+0000] {dagbag.py:538} INFO - Filling up the DagBag from /home/airflow/.local/lib/python3.8/site-packages/airflow/example_dags/example_skip_dag.py
[2025-07-03T17:41:04.668+0000] {processor.py:840} INFO - DAG(s) 'example_skip_dag' retrieved from /home/airflow/.local/lib/python3.8/site-packages/airflow/example_dags/example_skip_dag.py
[2025-07-03T17:41:04.738+0000] {logging_mixin.py:188} INFO - [2025-07-03T17:41:04.737+0000] {dag.py:3036} INFO - Sync 1 DAGs
[2025-07-03T17:41:04.795+0000] {logging_mixin.py:188} INFO - [2025-07-03T17:41:04.795+0000] {dag.py:3823} INFO - Setting next_dagrun for example_skip_dag to 2025-07-02 00:00:00+00:00, run_after=2025-07-03 00:00:00+00:00
[2025-07-03T17:41:04.848+0000] {processor.py:183} INFO - Processing /home/airflow/.local/lib/python3.8/site-packages/airflow/example_dags/example_skip_dag.py took 0.215 seconds
[2025-07-03T17:41:35.294+0000] {processor.py:161} INFO - Started process (PID=952) to work on /home/airflow/.local/lib/python3.8/site-packages/airflow/example_dags/example_skip_dag.py
[2025-07-03T17:41:35.295+0000] {processor.py:830} INFO - Processing file /home/airflow/.local/lib/python3.8/site-packages/airflow/example_dags/example_skip_dag.py for tasks to queue
[2025-07-03T17:41:35.297+0000] {logging_mixin.py:188} INFO - [2025-07-03T17:41:35.297+0000] {dagbag.py:538} INFO - Filling up the DagBag from /home/airflow/.local/lib/python3.8/site-packages/airflow/example_dags/example_skip_dag.py
[2025-07-03T17:41:35.307+0000] {processor.py:840} INFO - DAG(s) 'example_skip_dag' retrieved from /home/airflow/.local/lib/python3.8/site-packages/airflow/example_dags/example_skip_dag.py
[2025-07-03T17:41:35.342+0000] {logging_mixin.py:188} INFO - [2025-07-03T17:41:35.342+0000] {dag.py:3036} INFO - Sync 1 DAGs
[2025-07-03T17:41:35.382+0000] {logging_mixin.py:188} INFO - [2025-07-03T17:41:35.382+0000] {dag.py:3823} INFO - Setting next_dagrun for example_skip_dag to 2025-07-02 00:00:00+00:00, run_after=2025-07-03 00:00:00+00:00
[2025-07-03T17:41:35.413+0000] {processor.py:183} INFO - Processing /home/airflow/.local/lib/python3.8/site-packages/airflow/example_dags/example_skip_dag.py took 0.127 seconds
[2025-07-03T17:42:06.176+0000] {processor.py:161} INFO - Started process (PID=1018) to work on /home/airflow/.local/lib/python3.8/site-packages/airflow/example_dags/example_skip_dag.py
[2025-07-03T17:42:06.178+0000] {processor.py:830} INFO - Processing file /home/airflow/.local/lib/python3.8/site-packages/airflow/example_dags/example_skip_dag.py for tasks to queue
[2025-07-03T17:42:06.181+0000] {logging_mixin.py:188} INFO - [2025-07-03T17:42:06.181+0000] {dagbag.py:538} INFO - Filling up the DagBag from /home/airflow/.local/lib/python3.8/site-packages/airflow/example_dags/example_skip_dag.py
[2025-07-03T17:42:06.192+0000] {processor.py:840} INFO - DAG(s) 'example_skip_dag' retrieved from /home/airflow/.local/lib/python3.8/site-packages/airflow/example_dags/example_skip_dag.py
[2025-07-03T17:42:06.226+0000] {logging_mixin.py:188} INFO - [2025-07-03T17:42:06.226+0000] {dag.py:3036} INFO - Sync 1 DAGs
[2025-07-03T17:42:06.267+0000] {logging_mixin.py:188} INFO - [2025-07-03T17:42:06.267+0000] {dag.py:3823} INFO - Setting next_dagrun for example_skip_dag to 2025-07-02 00:00:00+00:00, run_after=2025-07-03 00:00:00+00:00
[2025-07-03T17:42:06.296+0000] {processor.py:183} INFO - Processing /home/airflow/.local/lib/python3.8/site-packages/airflow/example_dags/example_skip_dag.py took 0.125 seconds
[2025-07-03T17:42:37.156+0000] {processor.py:161} INFO - Started process (PID=1083) to work on /home/airflow/.local/lib/python3.8/site-packages/airflow/example_dags/example_skip_dag.py
[2025-07-03T17:42:37.161+0000] {processor.py:830} INFO - Processing file /home/airflow/.local/lib/python3.8/site-packages/airflow/example_dags/example_skip_dag.py for tasks to queue
[2025-07-03T17:42:37.164+0000] {logging_mixin.py:188} INFO - [2025-07-03T17:42:37.164+0000] {dagbag.py:538} INFO - Filling up the DagBag from /home/airflow/.local/lib/python3.8/site-packages/airflow/example_dags/example_skip_dag.py
[2025-07-03T17:42:37.187+0000] {processor.py:840} INFO - DAG(s) 'example_skip_dag' retrieved from /home/airflow/.local/lib/python3.8/site-packages/airflow/example_dags/example_skip_dag.py
[2025-07-03T17:42:37.261+0000] {logging_mixin.py:188} INFO - [2025-07-03T17:42:37.260+0000] {dag.py:3036} INFO - Sync 1 DAGs
[2025-07-03T17:42:37.327+0000] {logging_mixin.py:188} INFO - [2025-07-03T17:42:37.327+0000] {dag.py:3823} INFO - Setting next_dagrun for example_skip_dag to 2025-07-02 00:00:00+00:00, run_after=2025-07-03 00:00:00+00:00
[2025-07-03T17:42:37.405+0000] {processor.py:183} INFO - Processing /home/airflow/.local/lib/python3.8/site-packages/airflow/example_dags/example_skip_dag.py took 0.254 seconds
[2025-07-03T17:43:08.680+0000] {processor.py:161} INFO - Started process (PID=1148) to work on /home/airflow/.local/lib/python3.8/site-packages/airflow/example_dags/example_skip_dag.py
[2025-07-03T17:43:08.682+0000] {processor.py:830} INFO - Processing file /home/airflow/.local/lib/python3.8/site-packages/airflow/example_dags/example_skip_dag.py for tasks to queue
[2025-07-03T17:43:08.685+0000] {logging_mixin.py:188} INFO - [2025-07-03T17:43:08.685+0000] {dagbag.py:538} INFO - Filling up the DagBag from /home/airflow/.local/lib/python3.8/site-packages/airflow/example_dags/example_skip_dag.py
[2025-07-03T17:43:08.695+0000] {processor.py:840} INFO - DAG(s) 'example_skip_dag' retrieved from /home/airflow/.local/lib/python3.8/site-packages/airflow/example_dags/example_skip_dag.py
[2025-07-03T17:43:08.730+0000] {logging_mixin.py:188} INFO - [2025-07-03T17:43:08.729+0000] {dag.py:3036} INFO - Sync 1 DAGs
[2025-07-03T17:43:08.772+0000] {logging_mixin.py:188} INFO - [2025-07-03T17:43:08.772+0000] {dag.py:3823} INFO - Setting next_dagrun for example_skip_dag to 2025-07-02 00:00:00+00:00, run_after=2025-07-03 00:00:00+00:00
[2025-07-03T17:43:08.802+0000] {processor.py:183} INFO - Processing /home/airflow/.local/lib/python3.8/site-packages/airflow/example_dags/example_skip_dag.py took 0.126 seconds
[2025-07-03T17:43:39.252+0000] {processor.py:161} INFO - Started process (PID=1212) to work on /home/airflow/.local/lib/python3.8/site-packages/airflow/example_dags/example_skip_dag.py
[2025-07-03T17:43:39.253+0000] {processor.py:830} INFO - Processing file /home/airflow/.local/lib/python3.8/site-packages/airflow/example_dags/example_skip_dag.py for tasks to queue
[2025-07-03T17:43:39.256+0000] {logging_mixin.py:188} INFO - [2025-07-03T17:43:39.255+0000] {dagbag.py:538} INFO - Filling up the DagBag from /home/airflow/.local/lib/python3.8/site-packages/airflow/example_dags/example_skip_dag.py
[2025-07-03T17:43:39.267+0000] {processor.py:840} INFO - DAG(s) 'example_skip_dag' retrieved from /home/airflow/.local/lib/python3.8/site-packages/airflow/example_dags/example_skip_dag.py
[2025-07-03T17:43:39.304+0000] {logging_mixin.py:188} INFO - [2025-07-03T17:43:39.304+0000] {dag.py:3036} INFO - Sync 1 DAGs
[2025-07-03T17:43:39.351+0000] {logging_mixin.py:188} INFO - [2025-07-03T17:43:39.351+0000] {dag.py:3823} INFO - Setting next_dagrun for example_skip_dag to 2025-07-02 00:00:00+00:00, run_after=2025-07-03 00:00:00+00:00
[2025-07-03T17:43:39.385+0000] {processor.py:183} INFO - Processing /home/airflow/.local/lib/python3.8/site-packages/airflow/example_dags/example_skip_dag.py took 0.137 seconds
[2025-07-03T17:44:10.448+0000] {processor.py:161} INFO - Started process (PID=1285) to work on /home/airflow/.local/lib/python3.8/site-packages/airflow/example_dags/example_skip_dag.py
[2025-07-03T17:44:10.453+0000] {processor.py:830} INFO - Processing file /home/airflow/.local/lib/python3.8/site-packages/airflow/example_dags/example_skip_dag.py for tasks to queue
[2025-07-03T17:44:10.456+0000] {logging_mixin.py:188} INFO - [2025-07-03T17:44:10.455+0000] {dagbag.py:538} INFO - Filling up the DagBag from /home/airflow/.local/lib/python3.8/site-packages/airflow/example_dags/example_skip_dag.py
[2025-07-03T17:44:10.477+0000] {processor.py:840} INFO - DAG(s) 'example_skip_dag' retrieved from /home/airflow/.local/lib/python3.8/site-packages/airflow/example_dags/example_skip_dag.py
[2025-07-03T17:44:10.514+0000] {logging_mixin.py:188} INFO - [2025-07-03T17:44:10.514+0000] {dag.py:3036} INFO - Sync 1 DAGs
[2025-07-03T17:44:10.555+0000] {logging_mixin.py:188} INFO - [2025-07-03T17:44:10.555+0000] {dag.py:3823} INFO - Setting next_dagrun for example_skip_dag to 2025-07-02 00:00:00+00:00, run_after=2025-07-03 00:00:00+00:00
[2025-07-03T17:44:10.602+0000] {processor.py:183} INFO - Processing /home/airflow/.local/lib/python3.8/site-packages/airflow/example_dags/example_skip_dag.py took 0.162 seconds
[2025-07-03T17:44:40.879+0000] {processor.py:161} INFO - Started process (PID=1349) to work on /home/airflow/.local/lib/python3.8/site-packages/airflow/example_dags/example_skip_dag.py
[2025-07-03T17:44:40.883+0000] {processor.py:830} INFO - Processing file /home/airflow/.local/lib/python3.8/site-packages/airflow/example_dags/example_skip_dag.py for tasks to queue
[2025-07-03T17:44:40.891+0000] {logging_mixin.py:188} INFO - [2025-07-03T17:44:40.890+0000] {dagbag.py:538} INFO - Filling up the DagBag from /home/airflow/.local/lib/python3.8/site-packages/airflow/example_dags/example_skip_dag.py
[2025-07-03T17:44:40.911+0000] {processor.py:840} INFO - DAG(s) 'example_skip_dag' retrieved from /home/airflow/.local/lib/python3.8/site-packages/airflow/example_dags/example_skip_dag.py
[2025-07-03T17:44:40.948+0000] {logging_mixin.py:188} INFO - [2025-07-03T17:44:40.948+0000] {dag.py:3036} INFO - Sync 1 DAGs
[2025-07-03T17:44:40.989+0000] {logging_mixin.py:188} INFO - [2025-07-03T17:44:40.989+0000] {dag.py:3823} INFO - Setting next_dagrun for example_skip_dag to 2025-07-02 00:00:00+00:00, run_after=2025-07-03 00:00:00+00:00
[2025-07-03T17:44:41.019+0000] {processor.py:183} INFO - Processing /home/airflow/.local/lib/python3.8/site-packages/airflow/example_dags/example_skip_dag.py took 0.146 seconds
[2025-07-03T17:45:11.504+0000] {processor.py:161} INFO - Started process (PID=1407) to work on /home/airflow/.local/lib/python3.8/site-packages/airflow/example_dags/example_skip_dag.py
[2025-07-03T17:45:11.505+0000] {processor.py:830} INFO - Processing file /home/airflow/.local/lib/python3.8/site-packages/airflow/example_dags/example_skip_dag.py for tasks to queue
[2025-07-03T17:45:11.508+0000] {logging_mixin.py:188} INFO - [2025-07-03T17:45:11.508+0000] {dagbag.py:538} INFO - Filling up the DagBag from /home/airflow/.local/lib/python3.8/site-packages/airflow/example_dags/example_skip_dag.py
[2025-07-03T17:45:11.521+0000] {processor.py:840} INFO - DAG(s) 'example_skip_dag' retrieved from /home/airflow/.local/lib/python3.8/site-packages/airflow/example_dags/example_skip_dag.py
[2025-07-03T17:45:11.556+0000] {logging_mixin.py:188} INFO - [2025-07-03T17:45:11.556+0000] {dag.py:3036} INFO - Sync 1 DAGs
[2025-07-03T17:45:11.602+0000] {logging_mixin.py:188} INFO - [2025-07-03T17:45:11.602+0000] {dag.py:3823} INFO - Setting next_dagrun for example_skip_dag to 2025-07-02 00:00:00+00:00, run_after=2025-07-03 00:00:00+00:00
[2025-07-03T17:45:11.633+0000] {processor.py:183} INFO - Processing /home/airflow/.local/lib/python3.8/site-packages/airflow/example_dags/example_skip_dag.py took 0.134 seconds
[2025-07-03T17:45:41.960+0000] {processor.py:161} INFO - Started process (PID=1472) to work on /home/airflow/.local/lib/python3.8/site-packages/airflow/example_dags/example_skip_dag.py
[2025-07-03T17:45:41.961+0000] {processor.py:830} INFO - Processing file /home/airflow/.local/lib/python3.8/site-packages/airflow/example_dags/example_skip_dag.py for tasks to queue
[2025-07-03T17:45:41.963+0000] {logging_mixin.py:188} INFO - [2025-07-03T17:45:41.963+0000] {dagbag.py:538} INFO - Filling up the DagBag from /home/airflow/.local/lib/python3.8/site-packages/airflow/example_dags/example_skip_dag.py
[2025-07-03T17:45:41.974+0000] {processor.py:840} INFO - DAG(s) 'example_skip_dag' retrieved from /home/airflow/.local/lib/python3.8/site-packages/airflow/example_dags/example_skip_dag.py
[2025-07-03T17:45:42.007+0000] {logging_mixin.py:188} INFO - [2025-07-03T17:45:42.007+0000] {dag.py:3036} INFO - Sync 1 DAGs
[2025-07-03T17:45:42.050+0000] {logging_mixin.py:188} INFO - [2025-07-03T17:45:42.050+0000] {dag.py:3823} INFO - Setting next_dagrun for example_skip_dag to 2025-07-02 00:00:00+00:00, run_after=2025-07-03 00:00:00+00:00
[2025-07-03T17:45:42.083+0000] {processor.py:183} INFO - Processing /home/airflow/.local/lib/python3.8/site-packages/airflow/example_dags/example_skip_dag.py took 0.128 seconds
[2025-07-03T17:46:12.238+0000] {processor.py:161} INFO - Started process (PID=1537) to work on /home/airflow/.local/lib/python3.8/site-packages/airflow/example_dags/example_skip_dag.py
[2025-07-03T17:46:12.247+0000] {processor.py:830} INFO - Processing file /home/airflow/.local/lib/python3.8/site-packages/airflow/example_dags/example_skip_dag.py for tasks to queue
[2025-07-03T17:46:12.254+0000] {logging_mixin.py:188} INFO - [2025-07-03T17:46:12.254+0000] {dagbag.py:538} INFO - Filling up the DagBag from /home/airflow/.local/lib/python3.8/site-packages/airflow/example_dags/example_skip_dag.py
[2025-07-03T17:46:12.285+0000] {processor.py:840} INFO - DAG(s) 'example_skip_dag' retrieved from /home/airflow/.local/lib/python3.8/site-packages/airflow/example_dags/example_skip_dag.py
[2025-07-03T17:46:12.324+0000] {logging_mixin.py:188} INFO - [2025-07-03T17:46:12.323+0000] {dag.py:3036} INFO - Sync 1 DAGs
[2025-07-03T17:46:12.372+0000] {logging_mixin.py:188} INFO - [2025-07-03T17:46:12.371+0000] {dag.py:3823} INFO - Setting next_dagrun for example_skip_dag to 2025-07-02 00:00:00+00:00, run_after=2025-07-03 00:00:00+00:00
[2025-07-03T17:46:12.403+0000] {processor.py:183} INFO - Processing /home/airflow/.local/lib/python3.8/site-packages/airflow/example_dags/example_skip_dag.py took 0.175 seconds
[2025-07-03T17:46:43.302+0000] {processor.py:161} INFO - Started process (PID=1601) to work on /home/airflow/.local/lib/python3.8/site-packages/airflow/example_dags/example_skip_dag.py
[2025-07-03T17:46:43.304+0000] {processor.py:830} INFO - Processing file /home/airflow/.local/lib/python3.8/site-packages/airflow/example_dags/example_skip_dag.py for tasks to queue
[2025-07-03T17:46:43.307+0000] {logging_mixin.py:188} INFO - [2025-07-03T17:46:43.306+0000] {dagbag.py:538} INFO - Filling up the DagBag from /home/airflow/.local/lib/python3.8/site-packages/airflow/example_dags/example_skip_dag.py
[2025-07-03T17:46:43.323+0000] {processor.py:840} INFO - DAG(s) 'example_skip_dag' retrieved from /home/airflow/.local/lib/python3.8/site-packages/airflow/example_dags/example_skip_dag.py
[2025-07-03T17:46:43.365+0000] {logging_mixin.py:188} INFO - [2025-07-03T17:46:43.365+0000] {dag.py:3036} INFO - Sync 1 DAGs
[2025-07-03T17:46:43.416+0000] {logging_mixin.py:188} INFO - [2025-07-03T17:46:43.416+0000] {dag.py:3823} INFO - Setting next_dagrun for example_skip_dag to 2025-07-02 00:00:00+00:00, run_after=2025-07-03 00:00:00+00:00
[2025-07-03T17:46:43.458+0000] {processor.py:183} INFO - Processing /home/airflow/.local/lib/python3.8/site-packages/airflow/example_dags/example_skip_dag.py took 0.162 seconds
[2025-07-03T17:47:13.699+0000] {processor.py:161} INFO - Started process (PID=1666) to work on /home/airflow/.local/lib/python3.8/site-packages/airflow/example_dags/example_skip_dag.py
[2025-07-03T17:47:13.700+0000] {processor.py:830} INFO - Processing file /home/airflow/.local/lib/python3.8/site-packages/airflow/example_dags/example_skip_dag.py for tasks to queue
[2025-07-03T17:47:13.703+0000] {logging_mixin.py:188} INFO - [2025-07-03T17:47:13.702+0000] {dagbag.py:538} INFO - Filling up the DagBag from /home/airflow/.local/lib/python3.8/site-packages/airflow/example_dags/example_skip_dag.py
[2025-07-03T17:47:13.715+0000] {processor.py:840} INFO - DAG(s) 'example_skip_dag' retrieved from /home/airflow/.local/lib/python3.8/site-packages/airflow/example_dags/example_skip_dag.py
[2025-07-03T17:47:13.754+0000] {logging_mixin.py:188} INFO - [2025-07-03T17:47:13.754+0000] {dag.py:3036} INFO - Sync 1 DAGs
[2025-07-03T17:47:13.795+0000] {logging_mixin.py:188} INFO - [2025-07-03T17:47:13.795+0000] {dag.py:3823} INFO - Setting next_dagrun for example_skip_dag to 2025-07-02 00:00:00+00:00, run_after=2025-07-03 00:00:00+00:00
[2025-07-03T17:47:13.828+0000] {processor.py:183} INFO - Processing /home/airflow/.local/lib/python3.8/site-packages/airflow/example_dags/example_skip_dag.py took 0.134 seconds
[2025-07-03T17:47:43.892+0000] {processor.py:161} INFO - Started process (PID=1731) to work on /home/airflow/.local/lib/python3.8/site-packages/airflow/example_dags/example_skip_dag.py
[2025-07-03T17:47:43.897+0000] {processor.py:830} INFO - Processing file /home/airflow/.local/lib/python3.8/site-packages/airflow/example_dags/example_skip_dag.py for tasks to queue
[2025-07-03T17:47:43.901+0000] {logging_mixin.py:188} INFO - [2025-07-03T17:47:43.901+0000] {dagbag.py:538} INFO - Filling up the DagBag from /home/airflow/.local/lib/python3.8/site-packages/airflow/example_dags/example_skip_dag.py
[2025-07-03T17:47:43.920+0000] {processor.py:840} INFO - DAG(s) 'example_skip_dag' retrieved from /home/airflow/.local/lib/python3.8/site-packages/airflow/example_dags/example_skip_dag.py
[2025-07-03T17:47:43.975+0000] {logging_mixin.py:188} INFO - [2025-07-03T17:47:43.974+0000] {dag.py:3036} INFO - Sync 1 DAGs
[2025-07-03T17:47:44.106+0000] {logging_mixin.py:188} INFO - [2025-07-03T17:47:44.105+0000] {dag.py:3823} INFO - Setting next_dagrun for example_skip_dag to 2025-07-02 00:00:00+00:00, run_after=2025-07-03 00:00:00+00:00
[2025-07-03T17:47:44.201+0000] {processor.py:183} INFO - Processing /home/airflow/.local/lib/python3.8/site-packages/airflow/example_dags/example_skip_dag.py took 0.325 seconds
[2025-07-03T17:48:14.501+0000] {processor.py:161} INFO - Started process (PID=1796) to work on /home/airflow/.local/lib/python3.8/site-packages/airflow/example_dags/example_skip_dag.py
[2025-07-03T17:48:14.502+0000] {processor.py:830} INFO - Processing file /home/airflow/.local/lib/python3.8/site-packages/airflow/example_dags/example_skip_dag.py for tasks to queue
[2025-07-03T17:48:14.505+0000] {logging_mixin.py:188} INFO - [2025-07-03T17:48:14.504+0000] {dagbag.py:538} INFO - Filling up the DagBag from /home/airflow/.local/lib/python3.8/site-packages/airflow/example_dags/example_skip_dag.py
[2025-07-03T17:48:14.527+0000] {processor.py:840} INFO - DAG(s) 'example_skip_dag' retrieved from /home/airflow/.local/lib/python3.8/site-packages/airflow/example_dags/example_skip_dag.py
[2025-07-03T17:48:14.597+0000] {logging_mixin.py:188} INFO - [2025-07-03T17:48:14.597+0000] {dag.py:3036} INFO - Sync 1 DAGs
[2025-07-03T17:48:14.679+0000] {logging_mixin.py:188} INFO - [2025-07-03T17:48:14.678+0000] {dag.py:3823} INFO - Setting next_dagrun for example_skip_dag to 2025-07-02 00:00:00+00:00, run_after=2025-07-03 00:00:00+00:00
[2025-07-03T17:48:14.747+0000] {processor.py:183} INFO - Processing /home/airflow/.local/lib/python3.8/site-packages/airflow/example_dags/example_skip_dag.py took 0.258 seconds
[2025-07-03T17:48:45.395+0000] {processor.py:161} INFO - Started process (PID=1861) to work on /home/airflow/.local/lib/python3.8/site-packages/airflow/example_dags/example_skip_dag.py
[2025-07-03T17:48:45.397+0000] {processor.py:830} INFO - Processing file /home/airflow/.local/lib/python3.8/site-packages/airflow/example_dags/example_skip_dag.py for tasks to queue
[2025-07-03T17:48:45.405+0000] {logging_mixin.py:188} INFO - [2025-07-03T17:48:45.404+0000] {dagbag.py:538} INFO - Filling up the DagBag from /home/airflow/.local/lib/python3.8/site-packages/airflow/example_dags/example_skip_dag.py
[2025-07-03T17:48:45.439+0000] {processor.py:840} INFO - DAG(s) 'example_skip_dag' retrieved from /home/airflow/.local/lib/python3.8/site-packages/airflow/example_dags/example_skip_dag.py
[2025-07-03T17:48:45.521+0000] {logging_mixin.py:188} INFO - [2025-07-03T17:48:45.520+0000] {dag.py:3036} INFO - Sync 1 DAGs
[2025-07-03T17:48:45.617+0000] {logging_mixin.py:188} INFO - [2025-07-03T17:48:45.617+0000] {dag.py:3823} INFO - Setting next_dagrun for example_skip_dag to 2025-07-02 00:00:00+00:00, run_after=2025-07-03 00:00:00+00:00
[2025-07-03T17:48:45.686+0000] {processor.py:183} INFO - Processing /home/airflow/.local/lib/python3.8/site-packages/airflow/example_dags/example_skip_dag.py took 0.302 seconds
[2025-07-03T17:49:16.236+0000] {processor.py:161} INFO - Started process (PID=1927) to work on /home/airflow/.local/lib/python3.8/site-packages/airflow/example_dags/example_skip_dag.py
[2025-07-03T17:49:16.238+0000] {processor.py:830} INFO - Processing file /home/airflow/.local/lib/python3.8/site-packages/airflow/example_dags/example_skip_dag.py for tasks to queue
[2025-07-03T17:49:16.241+0000] {logging_mixin.py:188} INFO - [2025-07-03T17:49:16.241+0000] {dagbag.py:538} INFO - Filling up the DagBag from /home/airflow/.local/lib/python3.8/site-packages/airflow/example_dags/example_skip_dag.py
[2025-07-03T17:49:16.253+0000] {processor.py:840} INFO - DAG(s) 'example_skip_dag' retrieved from /home/airflow/.local/lib/python3.8/site-packages/airflow/example_dags/example_skip_dag.py
[2025-07-03T17:49:16.290+0000] {logging_mixin.py:188} INFO - [2025-07-03T17:49:16.290+0000] {dag.py:3036} INFO - Sync 1 DAGs
[2025-07-03T17:49:16.335+0000] {logging_mixin.py:188} INFO - [2025-07-03T17:49:16.335+0000] {dag.py:3823} INFO - Setting next_dagrun for example_skip_dag to 2025-07-02 00:00:00+00:00, run_after=2025-07-03 00:00:00+00:00
[2025-07-03T17:49:16.371+0000] {processor.py:183} INFO - Processing /home/airflow/.local/lib/python3.8/site-packages/airflow/example_dags/example_skip_dag.py took 0.139 seconds
[2025-07-03T17:49:46.981+0000] {processor.py:161} INFO - Started process (PID=1992) to work on /home/airflow/.local/lib/python3.8/site-packages/airflow/example_dags/example_skip_dag.py
[2025-07-03T17:49:46.983+0000] {processor.py:830} INFO - Processing file /home/airflow/.local/lib/python3.8/site-packages/airflow/example_dags/example_skip_dag.py for tasks to queue
[2025-07-03T17:49:46.986+0000] {logging_mixin.py:188} INFO - [2025-07-03T17:49:46.985+0000] {dagbag.py:538} INFO - Filling up the DagBag from /home/airflow/.local/lib/python3.8/site-packages/airflow/example_dags/example_skip_dag.py
[2025-07-03T17:49:46.999+0000] {processor.py:840} INFO - DAG(s) 'example_skip_dag' retrieved from /home/airflow/.local/lib/python3.8/site-packages/airflow/example_dags/example_skip_dag.py
[2025-07-03T17:49:47.038+0000] {logging_mixin.py:188} INFO - [2025-07-03T17:49:47.037+0000] {dag.py:3036} INFO - Sync 1 DAGs
[2025-07-03T17:49:47.080+0000] {logging_mixin.py:188} INFO - [2025-07-03T17:49:47.080+0000] {dag.py:3823} INFO - Setting next_dagrun for example_skip_dag to 2025-07-02 00:00:00+00:00, run_after=2025-07-03 00:00:00+00:00
[2025-07-03T17:49:47.111+0000] {processor.py:183} INFO - Processing /home/airflow/.local/lib/python3.8/site-packages/airflow/example_dags/example_skip_dag.py took 0.135 seconds
[2025-07-03T17:50:17.837+0000] {processor.py:161} INFO - Started process (PID=2067) to work on /home/airflow/.local/lib/python3.8/site-packages/airflow/example_dags/example_skip_dag.py
[2025-07-03T17:50:17.839+0000] {processor.py:830} INFO - Processing file /home/airflow/.local/lib/python3.8/site-packages/airflow/example_dags/example_skip_dag.py for tasks to queue
[2025-07-03T17:50:17.843+0000] {logging_mixin.py:188} INFO - [2025-07-03T17:50:17.843+0000] {dagbag.py:538} INFO - Filling up the DagBag from /home/airflow/.local/lib/python3.8/site-packages/airflow/example_dags/example_skip_dag.py
[2025-07-03T17:50:17.871+0000] {processor.py:840} INFO - DAG(s) 'example_skip_dag' retrieved from /home/airflow/.local/lib/python3.8/site-packages/airflow/example_dags/example_skip_dag.py
[2025-07-03T17:50:17.931+0000] {logging_mixin.py:188} INFO - [2025-07-03T17:50:17.931+0000] {dag.py:3036} INFO - Sync 1 DAGs
[2025-07-03T17:50:18.023+0000] {logging_mixin.py:188} INFO - [2025-07-03T17:50:18.023+0000] {dag.py:3823} INFO - Setting next_dagrun for example_skip_dag to 2025-07-02 00:00:00+00:00, run_after=2025-07-03 00:00:00+00:00
[2025-07-03T17:50:18.063+0000] {processor.py:183} INFO - Processing /home/airflow/.local/lib/python3.8/site-packages/airflow/example_dags/example_skip_dag.py took 0.247 seconds
[2025-07-03T17:50:48.140+0000] {processor.py:161} INFO - Started process (PID=2131) to work on /home/airflow/.local/lib/python3.8/site-packages/airflow/example_dags/example_skip_dag.py
[2025-07-03T17:50:48.141+0000] {processor.py:830} INFO - Processing file /home/airflow/.local/lib/python3.8/site-packages/airflow/example_dags/example_skip_dag.py for tasks to queue
[2025-07-03T17:50:48.144+0000] {logging_mixin.py:188} INFO - [2025-07-03T17:50:48.143+0000] {dagbag.py:538} INFO - Filling up the DagBag from /home/airflow/.local/lib/python3.8/site-packages/airflow/example_dags/example_skip_dag.py
[2025-07-03T17:50:48.154+0000] {processor.py:840} INFO - DAG(s) 'example_skip_dag' retrieved from /home/airflow/.local/lib/python3.8/site-packages/airflow/example_dags/example_skip_dag.py
[2025-07-03T17:50:48.189+0000] {logging_mixin.py:188} INFO - [2025-07-03T17:50:48.189+0000] {dag.py:3036} INFO - Sync 1 DAGs
[2025-07-03T17:50:48.230+0000] {logging_mixin.py:188} INFO - [2025-07-03T17:50:48.229+0000] {dag.py:3823} INFO - Setting next_dagrun for example_skip_dag to 2025-07-02 00:00:00+00:00, run_after=2025-07-03 00:00:00+00:00
[2025-07-03T17:50:48.260+0000] {processor.py:183} INFO - Processing /home/airflow/.local/lib/python3.8/site-packages/airflow/example_dags/example_skip_dag.py took 0.125 seconds
[2025-07-03T17:51:18.627+0000] {processor.py:161} INFO - Started process (PID=2196) to work on /home/airflow/.local/lib/python3.8/site-packages/airflow/example_dags/example_skip_dag.py
[2025-07-03T17:51:18.629+0000] {processor.py:830} INFO - Processing file /home/airflow/.local/lib/python3.8/site-packages/airflow/example_dags/example_skip_dag.py for tasks to queue
[2025-07-03T17:51:18.632+0000] {logging_mixin.py:188} INFO - [2025-07-03T17:51:18.631+0000] {dagbag.py:538} INFO - Filling up the DagBag from /home/airflow/.local/lib/python3.8/site-packages/airflow/example_dags/example_skip_dag.py
[2025-07-03T17:51:18.662+0000] {processor.py:840} INFO - DAG(s) 'example_skip_dag' retrieved from /home/airflow/.local/lib/python3.8/site-packages/airflow/example_dags/example_skip_dag.py
[2025-07-03T17:51:18.738+0000] {logging_mixin.py:188} INFO - [2025-07-03T17:51:18.737+0000] {dag.py:3036} INFO - Sync 1 DAGs
[2025-07-03T17:51:18.782+0000] {logging_mixin.py:188} INFO - [2025-07-03T17:51:18.782+0000] {dag.py:3823} INFO - Setting next_dagrun for example_skip_dag to 2025-07-02 00:00:00+00:00, run_after=2025-07-03 00:00:00+00:00
[2025-07-03T17:51:18.834+0000] {processor.py:183} INFO - Processing /home/airflow/.local/lib/python3.8/site-packages/airflow/example_dags/example_skip_dag.py took 0.220 seconds
[2025-07-03T17:51:49.307+0000] {processor.py:161} INFO - Started process (PID=2261) to work on /home/airflow/.local/lib/python3.8/site-packages/airflow/example_dags/example_skip_dag.py
[2025-07-03T17:51:49.322+0000] {processor.py:830} INFO - Processing file /home/airflow/.local/lib/python3.8/site-packages/airflow/example_dags/example_skip_dag.py for tasks to queue
[2025-07-03T17:51:49.333+0000] {logging_mixin.py:188} INFO - [2025-07-03T17:51:49.324+0000] {dagbag.py:538} INFO - Filling up the DagBag from /home/airflow/.local/lib/python3.8/site-packages/airflow/example_dags/example_skip_dag.py
[2025-07-03T17:51:49.350+0000] {processor.py:840} INFO - DAG(s) 'example_skip_dag' retrieved from /home/airflow/.local/lib/python3.8/site-packages/airflow/example_dags/example_skip_dag.py
[2025-07-03T17:51:49.430+0000] {logging_mixin.py:188} INFO - [2025-07-03T17:51:49.429+0000] {dag.py:3036} INFO - Sync 1 DAGs
[2025-07-03T17:51:49.513+0000] {logging_mixin.py:188} INFO - [2025-07-03T17:51:49.510+0000] {dag.py:3823} INFO - Setting next_dagrun for example_skip_dag to 2025-07-02 00:00:00+00:00, run_after=2025-07-03 00:00:00+00:00
[2025-07-03T17:51:49.573+0000] {processor.py:183} INFO - Processing /home/airflow/.local/lib/python3.8/site-packages/airflow/example_dags/example_skip_dag.py took 0.271 seconds
[2025-07-03T17:52:20.437+0000] {processor.py:161} INFO - Started process (PID=2327) to work on /home/airflow/.local/lib/python3.8/site-packages/airflow/example_dags/example_skip_dag.py
[2025-07-03T17:52:20.440+0000] {processor.py:830} INFO - Processing file /home/airflow/.local/lib/python3.8/site-packages/airflow/example_dags/example_skip_dag.py for tasks to queue
[2025-07-03T17:52:20.442+0000] {logging_mixin.py:188} INFO - [2025-07-03T17:52:20.442+0000] {dagbag.py:538} INFO - Filling up the DagBag from /home/airflow/.local/lib/python3.8/site-packages/airflow/example_dags/example_skip_dag.py
[2025-07-03T17:52:20.465+0000] {processor.py:840} INFO - DAG(s) 'example_skip_dag' retrieved from /home/airflow/.local/lib/python3.8/site-packages/airflow/example_dags/example_skip_dag.py
[2025-07-03T17:52:20.538+0000] {logging_mixin.py:188} INFO - [2025-07-03T17:52:20.537+0000] {dag.py:3036} INFO - Sync 1 DAGs
[2025-07-03T17:52:20.668+0000] {logging_mixin.py:188} INFO - [2025-07-03T17:52:20.668+0000] {dag.py:3823} INFO - Setting next_dagrun for example_skip_dag to 2025-07-02 00:00:00+00:00, run_after=2025-07-03 00:00:00+00:00
[2025-07-03T17:52:20.767+0000] {processor.py:183} INFO - Processing /home/airflow/.local/lib/python3.8/site-packages/airflow/example_dags/example_skip_dag.py took 0.351 seconds
[2025-07-03T17:52:51.099+0000] {processor.py:161} INFO - Started process (PID=2393) to work on /home/airflow/.local/lib/python3.8/site-packages/airflow/example_dags/example_skip_dag.py
[2025-07-03T17:52:51.105+0000] {processor.py:830} INFO - Processing file /home/airflow/.local/lib/python3.8/site-packages/airflow/example_dags/example_skip_dag.py for tasks to queue
[2025-07-03T17:52:51.108+0000] {logging_mixin.py:188} INFO - [2025-07-03T17:52:51.108+0000] {dagbag.py:538} INFO - Filling up the DagBag from /home/airflow/.local/lib/python3.8/site-packages/airflow/example_dags/example_skip_dag.py
[2025-07-03T17:52:51.149+0000] {processor.py:840} INFO - DAG(s) 'example_skip_dag' retrieved from /home/airflow/.local/lib/python3.8/site-packages/airflow/example_dags/example_skip_dag.py
[2025-07-03T17:52:51.229+0000] {logging_mixin.py:188} INFO - [2025-07-03T17:52:51.229+0000] {dag.py:3036} INFO - Sync 1 DAGs
[2025-07-03T17:52:51.327+0000] {logging_mixin.py:188} INFO - [2025-07-03T17:52:51.326+0000] {dag.py:3823} INFO - Setting next_dagrun for example_skip_dag to 2025-07-02 00:00:00+00:00, run_after=2025-07-03 00:00:00+00:00
[2025-07-03T17:52:51.430+0000] {processor.py:183} INFO - Processing /home/airflow/.local/lib/python3.8/site-packages/airflow/example_dags/example_skip_dag.py took 0.348 seconds
[2025-07-03T17:53:21.725+0000] {processor.py:161} INFO - Started process (PID=2450) to work on /home/airflow/.local/lib/python3.8/site-packages/airflow/example_dags/example_skip_dag.py
[2025-07-03T17:53:21.730+0000] {processor.py:830} INFO - Processing file /home/airflow/.local/lib/python3.8/site-packages/airflow/example_dags/example_skip_dag.py for tasks to queue
[2025-07-03T17:53:21.733+0000] {logging_mixin.py:188} INFO - [2025-07-03T17:53:21.732+0000] {dagbag.py:538} INFO - Filling up the DagBag from /home/airflow/.local/lib/python3.8/site-packages/airflow/example_dags/example_skip_dag.py
[2025-07-03T17:53:21.749+0000] {processor.py:840} INFO - DAG(s) 'example_skip_dag' retrieved from /home/airflow/.local/lib/python3.8/site-packages/airflow/example_dags/example_skip_dag.py
[2025-07-03T17:53:21.819+0000] {logging_mixin.py:188} INFO - [2025-07-03T17:53:21.819+0000] {dag.py:3036} INFO - Sync 1 DAGs
[2025-07-03T17:53:21.923+0000] {logging_mixin.py:188} INFO - [2025-07-03T17:53:21.922+0000] {dag.py:3823} INFO - Setting next_dagrun for example_skip_dag to 2025-07-02 00:00:00+00:00, run_after=2025-07-03 00:00:00+00:00
[2025-07-03T17:53:22.037+0000] {processor.py:183} INFO - Processing /home/airflow/.local/lib/python3.8/site-packages/airflow/example_dags/example_skip_dag.py took 0.324 seconds
[2025-07-03T17:53:52.194+0000] {processor.py:161} INFO - Started process (PID=2517) to work on /home/airflow/.local/lib/python3.8/site-packages/airflow/example_dags/example_skip_dag.py
[2025-07-03T17:53:52.196+0000] {processor.py:830} INFO - Processing file /home/airflow/.local/lib/python3.8/site-packages/airflow/example_dags/example_skip_dag.py for tasks to queue
[2025-07-03T17:53:52.199+0000] {logging_mixin.py:188} INFO - [2025-07-03T17:53:52.198+0000] {dagbag.py:538} INFO - Filling up the DagBag from /home/airflow/.local/lib/python3.8/site-packages/airflow/example_dags/example_skip_dag.py
[2025-07-03T17:53:52.211+0000] {processor.py:840} INFO - DAG(s) 'example_skip_dag' retrieved from /home/airflow/.local/lib/python3.8/site-packages/airflow/example_dags/example_skip_dag.py
[2025-07-03T17:53:52.249+0000] {logging_mixin.py:188} INFO - [2025-07-03T17:53:52.248+0000] {dag.py:3036} INFO - Sync 1 DAGs
[2025-07-03T17:53:52.291+0000] {logging_mixin.py:188} INFO - [2025-07-03T17:53:52.291+0000] {dag.py:3823} INFO - Setting next_dagrun for example_skip_dag to 2025-07-02 00:00:00+00:00, run_after=2025-07-03 00:00:00+00:00
[2025-07-03T17:53:52.324+0000] {processor.py:183} INFO - Processing /home/airflow/.local/lib/python3.8/site-packages/airflow/example_dags/example_skip_dag.py took 0.134 seconds
[2025-07-03T17:54:22.726+0000] {processor.py:161} INFO - Started process (PID=2581) to work on /home/airflow/.local/lib/python3.8/site-packages/airflow/example_dags/example_skip_dag.py
[2025-07-03T17:54:22.731+0000] {processor.py:830} INFO - Processing file /home/airflow/.local/lib/python3.8/site-packages/airflow/example_dags/example_skip_dag.py for tasks to queue
[2025-07-03T17:54:22.736+0000] {logging_mixin.py:188} INFO - [2025-07-03T17:54:22.735+0000] {dagbag.py:538} INFO - Filling up the DagBag from /home/airflow/.local/lib/python3.8/site-packages/airflow/example_dags/example_skip_dag.py
[2025-07-03T17:54:22.768+0000] {processor.py:840} INFO - DAG(s) 'example_skip_dag' retrieved from /home/airflow/.local/lib/python3.8/site-packages/airflow/example_dags/example_skip_dag.py
[2025-07-03T17:54:22.809+0000] {logging_mixin.py:188} INFO - [2025-07-03T17:54:22.808+0000] {dag.py:3036} INFO - Sync 1 DAGs
[2025-07-03T17:54:22.851+0000] {logging_mixin.py:188} INFO - [2025-07-03T17:54:22.851+0000] {dag.py:3823} INFO - Setting next_dagrun for example_skip_dag to 2025-07-02 00:00:00+00:00, run_after=2025-07-03 00:00:00+00:00
[2025-07-03T17:54:22.907+0000] {processor.py:183} INFO - Processing /home/airflow/.local/lib/python3.8/site-packages/airflow/example_dags/example_skip_dag.py took 0.190 seconds
[2025-07-03T17:54:52.958+0000] {processor.py:161} INFO - Started process (PID=2645) to work on /home/airflow/.local/lib/python3.8/site-packages/airflow/example_dags/example_skip_dag.py
[2025-07-03T17:54:52.959+0000] {processor.py:830} INFO - Processing file /home/airflow/.local/lib/python3.8/site-packages/airflow/example_dags/example_skip_dag.py for tasks to queue
[2025-07-03T17:54:52.962+0000] {logging_mixin.py:188} INFO - [2025-07-03T17:54:52.962+0000] {dagbag.py:538} INFO - Filling up the DagBag from /home/airflow/.local/lib/python3.8/site-packages/airflow/example_dags/example_skip_dag.py
[2025-07-03T17:54:52.973+0000] {processor.py:840} INFO - DAG(s) 'example_skip_dag' retrieved from /home/airflow/.local/lib/python3.8/site-packages/airflow/example_dags/example_skip_dag.py
[2025-07-03T17:54:53.028+0000] {logging_mixin.py:188} INFO - [2025-07-03T17:54:53.027+0000] {dag.py:3036} INFO - Sync 1 DAGs
[2025-07-03T17:54:53.059+0000] {logging_mixin.py:188} INFO - [2025-07-03T17:54:53.059+0000] {dag.py:3823} INFO - Setting next_dagrun for example_skip_dag to 2025-07-02 00:00:00+00:00, run_after=2025-07-03 00:00:00+00:00
[2025-07-03T17:54:53.084+0000] {processor.py:183} INFO - Processing /home/airflow/.local/lib/python3.8/site-packages/airflow/example_dags/example_skip_dag.py took 0.131 seconds
[2025-07-03T17:55:23.428+0000] {processor.py:161} INFO - Started process (PID=2710) to work on /home/airflow/.local/lib/python3.8/site-packages/airflow/example_dags/example_skip_dag.py
[2025-07-03T17:55:23.429+0000] {processor.py:830} INFO - Processing file /home/airflow/.local/lib/python3.8/site-packages/airflow/example_dags/example_skip_dag.py for tasks to queue
[2025-07-03T17:55:23.432+0000] {logging_mixin.py:188} INFO - [2025-07-03T17:55:23.431+0000] {dagbag.py:538} INFO - Filling up the DagBag from /home/airflow/.local/lib/python3.8/site-packages/airflow/example_dags/example_skip_dag.py
[2025-07-03T17:55:23.447+0000] {processor.py:840} INFO - DAG(s) 'example_skip_dag' retrieved from /home/airflow/.local/lib/python3.8/site-packages/airflow/example_dags/example_skip_dag.py
[2025-07-03T17:55:23.526+0000] {logging_mixin.py:188} INFO - [2025-07-03T17:55:23.525+0000] {dag.py:3036} INFO - Sync 1 DAGs
[2025-07-03T17:55:23.630+0000] {logging_mixin.py:188} INFO - [2025-07-03T17:55:23.630+0000] {dag.py:3823} INFO - Setting next_dagrun for example_skip_dag to 2025-07-02 00:00:00+00:00, run_after=2025-07-03 00:00:00+00:00
[2025-07-03T17:55:23.690+0000] {processor.py:183} INFO - Processing /home/airflow/.local/lib/python3.8/site-packages/airflow/example_dags/example_skip_dag.py took 0.268 seconds
[2025-07-03T17:55:53.965+0000] {processor.py:161} INFO - Started process (PID=2783) to work on /home/airflow/.local/lib/python3.8/site-packages/airflow/example_dags/example_skip_dag.py
[2025-07-03T17:55:53.973+0000] {processor.py:830} INFO - Processing file /home/airflow/.local/lib/python3.8/site-packages/airflow/example_dags/example_skip_dag.py for tasks to queue
[2025-07-03T17:55:53.976+0000] {logging_mixin.py:188} INFO - [2025-07-03T17:55:53.975+0000] {dagbag.py:538} INFO - Filling up the DagBag from /home/airflow/.local/lib/python3.8/site-packages/airflow/example_dags/example_skip_dag.py
[2025-07-03T17:55:53.999+0000] {processor.py:840} INFO - DAG(s) 'example_skip_dag' retrieved from /home/airflow/.local/lib/python3.8/site-packages/airflow/example_dags/example_skip_dag.py
[2025-07-03T17:55:54.062+0000] {logging_mixin.py:188} INFO - [2025-07-03T17:55:54.061+0000] {dag.py:3036} INFO - Sync 1 DAGs
[2025-07-03T17:55:54.132+0000] {logging_mixin.py:188} INFO - [2025-07-03T17:55:54.131+0000] {dag.py:3823} INFO - Setting next_dagrun for example_skip_dag to 2025-07-02 00:00:00+00:00, run_after=2025-07-03 00:00:00+00:00
[2025-07-03T17:55:54.206+0000] {processor.py:183} INFO - Processing /home/airflow/.local/lib/python3.8/site-packages/airflow/example_dags/example_skip_dag.py took 0.250 seconds
[2025-07-03T17:56:24.562+0000] {processor.py:161} INFO - Started process (PID=2848) to work on /home/airflow/.local/lib/python3.8/site-packages/airflow/example_dags/example_skip_dag.py
[2025-07-03T17:56:24.563+0000] {processor.py:830} INFO - Processing file /home/airflow/.local/lib/python3.8/site-packages/airflow/example_dags/example_skip_dag.py for tasks to queue
[2025-07-03T17:56:24.566+0000] {logging_mixin.py:188} INFO - [2025-07-03T17:56:24.566+0000] {dagbag.py:538} INFO - Filling up the DagBag from /home/airflow/.local/lib/python3.8/site-packages/airflow/example_dags/example_skip_dag.py
[2025-07-03T17:56:24.580+0000] {processor.py:840} INFO - DAG(s) 'example_skip_dag' retrieved from /home/airflow/.local/lib/python3.8/site-packages/airflow/example_dags/example_skip_dag.py
[2025-07-03T17:56:24.658+0000] {logging_mixin.py:188} INFO - [2025-07-03T17:56:24.657+0000] {dag.py:3036} INFO - Sync 1 DAGs
[2025-07-03T17:56:24.724+0000] {logging_mixin.py:188} INFO - [2025-07-03T17:56:24.724+0000] {dag.py:3823} INFO - Setting next_dagrun for example_skip_dag to 2025-07-02 00:00:00+00:00, run_after=2025-07-03 00:00:00+00:00
[2025-07-03T17:56:24.769+0000] {processor.py:183} INFO - Processing /home/airflow/.local/lib/python3.8/site-packages/airflow/example_dags/example_skip_dag.py took 0.225 seconds
[2025-07-03T17:56:56.363+0000] {processor.py:161} INFO - Started process (PID=2905) to work on /home/airflow/.local/lib/python3.8/site-packages/airflow/example_dags/example_skip_dag.py
[2025-07-03T17:56:56.377+0000] {processor.py:830} INFO - Processing file /home/airflow/.local/lib/python3.8/site-packages/airflow/example_dags/example_skip_dag.py for tasks to queue
[2025-07-03T17:56:56.380+0000] {logging_mixin.py:188} INFO - [2025-07-03T17:56:56.380+0000] {dagbag.py:538} INFO - Filling up the DagBag from /home/airflow/.local/lib/python3.8/site-packages/airflow/example_dags/example_skip_dag.py
[2025-07-03T17:56:56.430+0000] {processor.py:840} INFO - DAG(s) 'example_skip_dag' retrieved from /home/airflow/.local/lib/python3.8/site-packages/airflow/example_dags/example_skip_dag.py
[2025-07-03T17:56:56.587+0000] {logging_mixin.py:188} INFO - [2025-07-03T17:56:56.582+0000] {dag.py:3036} INFO - Sync 1 DAGs
[2025-07-03T17:56:56.724+0000] {logging_mixin.py:188} INFO - [2025-07-03T17:56:56.723+0000] {dag.py:3823} INFO - Setting next_dagrun for example_skip_dag to 2025-07-02 00:00:00+00:00, run_after=2025-07-03 00:00:00+00:00
[2025-07-03T17:56:56.843+0000] {processor.py:183} INFO - Processing /home/airflow/.local/lib/python3.8/site-packages/airflow/example_dags/example_skip_dag.py took 0.502 seconds
[2025-07-03T17:57:27.754+0000] {processor.py:161} INFO - Started process (PID=2968) to work on /home/airflow/.local/lib/python3.8/site-packages/airflow/example_dags/example_skip_dag.py
[2025-07-03T17:57:27.757+0000] {processor.py:830} INFO - Processing file /home/airflow/.local/lib/python3.8/site-packages/airflow/example_dags/example_skip_dag.py for tasks to queue
[2025-07-03T17:57:27.759+0000] {logging_mixin.py:188} INFO - [2025-07-03T17:57:27.759+0000] {dagbag.py:538} INFO - Filling up the DagBag from /home/airflow/.local/lib/python3.8/site-packages/airflow/example_dags/example_skip_dag.py
[2025-07-03T17:57:27.830+0000] {processor.py:840} INFO - DAG(s) 'example_skip_dag' retrieved from /home/airflow/.local/lib/python3.8/site-packages/airflow/example_dags/example_skip_dag.py
[2025-07-03T17:57:28.082+0000] {logging_mixin.py:188} INFO - [2025-07-03T17:57:28.081+0000] {dag.py:3036} INFO - Sync 1 DAGs
[2025-07-03T17:57:28.295+0000] {logging_mixin.py:188} INFO - [2025-07-03T17:57:28.294+0000] {dag.py:3823} INFO - Setting next_dagrun for example_skip_dag to 2025-07-02 00:00:00+00:00, run_after=2025-07-03 00:00:00+00:00
[2025-07-03T17:57:28.485+0000] {processor.py:183} INFO - Processing /home/airflow/.local/lib/python3.8/site-packages/airflow/example_dags/example_skip_dag.py took 0.770 seconds
[2025-07-03T17:57:58.611+0000] {processor.py:161} INFO - Started process (PID=3033) to work on /home/airflow/.local/lib/python3.8/site-packages/airflow/example_dags/example_skip_dag.py
[2025-07-03T17:57:58.617+0000] {processor.py:830} INFO - Processing file /home/airflow/.local/lib/python3.8/site-packages/airflow/example_dags/example_skip_dag.py for tasks to queue
[2025-07-03T17:57:58.619+0000] {logging_mixin.py:188} INFO - [2025-07-03T17:57:58.619+0000] {dagbag.py:538} INFO - Filling up the DagBag from /home/airflow/.local/lib/python3.8/site-packages/airflow/example_dags/example_skip_dag.py
[2025-07-03T17:57:58.653+0000] {processor.py:840} INFO - DAG(s) 'example_skip_dag' retrieved from /home/airflow/.local/lib/python3.8/site-packages/airflow/example_dags/example_skip_dag.py
[2025-07-03T17:57:58.701+0000] {logging_mixin.py:188} INFO - [2025-07-03T17:57:58.701+0000] {dag.py:3036} INFO - Sync 1 DAGs
[2025-07-03T17:57:58.753+0000] {logging_mixin.py:188} INFO - [2025-07-03T17:57:58.753+0000] {dag.py:3823} INFO - Setting next_dagrun for example_skip_dag to 2025-07-02 00:00:00+00:00, run_after=2025-07-03 00:00:00+00:00
[2025-07-03T17:57:58.811+0000] {processor.py:183} INFO - Processing /home/airflow/.local/lib/python3.8/site-packages/airflow/example_dags/example_skip_dag.py took 0.225 seconds
[2025-07-03T17:58:29.602+0000] {processor.py:161} INFO - Started process (PID=3091) to work on /home/airflow/.local/lib/python3.8/site-packages/airflow/example_dags/example_skip_dag.py
[2025-07-03T17:58:29.603+0000] {processor.py:830} INFO - Processing file /home/airflow/.local/lib/python3.8/site-packages/airflow/example_dags/example_skip_dag.py for tasks to queue
[2025-07-03T17:58:29.606+0000] {logging_mixin.py:188} INFO - [2025-07-03T17:58:29.605+0000] {dagbag.py:538} INFO - Filling up the DagBag from /home/airflow/.local/lib/python3.8/site-packages/airflow/example_dags/example_skip_dag.py
[2025-07-03T17:58:29.617+0000] {processor.py:840} INFO - DAG(s) 'example_skip_dag' retrieved from /home/airflow/.local/lib/python3.8/site-packages/airflow/example_dags/example_skip_dag.py
[2025-07-03T17:58:29.654+0000] {logging_mixin.py:188} INFO - [2025-07-03T17:58:29.654+0000] {dag.py:3036} INFO - Sync 1 DAGs
[2025-07-03T17:58:29.699+0000] {logging_mixin.py:188} INFO - [2025-07-03T17:58:29.699+0000] {dag.py:3823} INFO - Setting next_dagrun for example_skip_dag to 2025-07-02 00:00:00+00:00, run_after=2025-07-03 00:00:00+00:00
[2025-07-03T17:58:29.729+0000] {processor.py:183} INFO - Processing /home/airflow/.local/lib/python3.8/site-packages/airflow/example_dags/example_skip_dag.py took 0.133 seconds
[2025-07-03T17:59:00.689+0000] {processor.py:161} INFO - Started process (PID=3156) to work on /home/airflow/.local/lib/python3.8/site-packages/airflow/example_dags/example_skip_dag.py
[2025-07-03T17:59:00.690+0000] {processor.py:830} INFO - Processing file /home/airflow/.local/lib/python3.8/site-packages/airflow/example_dags/example_skip_dag.py for tasks to queue
[2025-07-03T17:59:00.695+0000] {logging_mixin.py:188} INFO - [2025-07-03T17:59:00.694+0000] {dagbag.py:538} INFO - Filling up the DagBag from /home/airflow/.local/lib/python3.8/site-packages/airflow/example_dags/example_skip_dag.py
[2025-07-03T17:59:00.721+0000] {processor.py:840} INFO - DAG(s) 'example_skip_dag' retrieved from /home/airflow/.local/lib/python3.8/site-packages/airflow/example_dags/example_skip_dag.py
[2025-07-03T17:59:00.769+0000] {logging_mixin.py:188} INFO - [2025-07-03T17:59:00.768+0000] {dag.py:3036} INFO - Sync 1 DAGs
[2025-07-03T17:59:00.856+0000] {logging_mixin.py:188} INFO - [2025-07-03T17:59:00.856+0000] {dag.py:3823} INFO - Setting next_dagrun for example_skip_dag to 2025-07-02 00:00:00+00:00, run_after=2025-07-03 00:00:00+00:00
[2025-07-03T17:59:00.905+0000] {processor.py:183} INFO - Processing /home/airflow/.local/lib/python3.8/site-packages/airflow/example_dags/example_skip_dag.py took 0.229 seconds
[2025-07-03T17:59:31.842+0000] {processor.py:161} INFO - Started process (PID=3228) to work on /home/airflow/.local/lib/python3.8/site-packages/airflow/example_dags/example_skip_dag.py
[2025-07-03T17:59:31.849+0000] {processor.py:830} INFO - Processing file /home/airflow/.local/lib/python3.8/site-packages/airflow/example_dags/example_skip_dag.py for tasks to queue
[2025-07-03T17:59:31.868+0000] {logging_mixin.py:188} INFO - [2025-07-03T17:59:31.867+0000] {dagbag.py:538} INFO - Filling up the DagBag from /home/airflow/.local/lib/python3.8/site-packages/airflow/example_dags/example_skip_dag.py
[2025-07-03T17:59:31.900+0000] {processor.py:840} INFO - DAG(s) 'example_skip_dag' retrieved from /home/airflow/.local/lib/python3.8/site-packages/airflow/example_dags/example_skip_dag.py
[2025-07-03T17:59:31.962+0000] {logging_mixin.py:188} INFO - [2025-07-03T17:59:31.961+0000] {dag.py:3036} INFO - Sync 1 DAGs
[2025-07-03T17:59:32.029+0000] {logging_mixin.py:188} INFO - [2025-07-03T17:59:32.028+0000] {dag.py:3823} INFO - Setting next_dagrun for example_skip_dag to 2025-07-02 00:00:00+00:00, run_after=2025-07-03 00:00:00+00:00
[2025-07-03T17:59:32.088+0000] {processor.py:183} INFO - Processing /home/airflow/.local/lib/python3.8/site-packages/airflow/example_dags/example_skip_dag.py took 0.263 seconds
[2025-07-03T18:00:02.217+0000] {processor.py:161} INFO - Started process (PID=3283) to work on /home/airflow/.local/lib/python3.8/site-packages/airflow/example_dags/example_skip_dag.py
[2025-07-03T18:00:02.218+0000] {processor.py:830} INFO - Processing file /home/airflow/.local/lib/python3.8/site-packages/airflow/example_dags/example_skip_dag.py for tasks to queue
[2025-07-03T18:00:02.220+0000] {logging_mixin.py:188} INFO - [2025-07-03T18:00:02.220+0000] {dagbag.py:538} INFO - Filling up the DagBag from /home/airflow/.local/lib/python3.8/site-packages/airflow/example_dags/example_skip_dag.py
[2025-07-03T18:00:02.259+0000] {processor.py:840} INFO - DAG(s) 'example_skip_dag' retrieved from /home/airflow/.local/lib/python3.8/site-packages/airflow/example_dags/example_skip_dag.py
[2025-07-03T18:00:02.383+0000] {logging_mixin.py:188} INFO - [2025-07-03T18:00:02.380+0000] {dag.py:3036} INFO - Sync 1 DAGs
[2025-07-03T18:00:02.484+0000] {logging_mixin.py:188} INFO - [2025-07-03T18:00:02.483+0000] {dag.py:3823} INFO - Setting next_dagrun for example_skip_dag to 2025-07-02 00:00:00+00:00, run_after=2025-07-03 00:00:00+00:00
[2025-07-03T18:00:03.077+0000] {processor.py:183} INFO - Processing /home/airflow/.local/lib/python3.8/site-packages/airflow/example_dags/example_skip_dag.py took 0.885 seconds
[2025-07-03T18:00:33.233+0000] {processor.py:161} INFO - Started process (PID=3347) to work on /home/airflow/.local/lib/python3.8/site-packages/airflow/example_dags/example_skip_dag.py
[2025-07-03T18:00:33.235+0000] {processor.py:830} INFO - Processing file /home/airflow/.local/lib/python3.8/site-packages/airflow/example_dags/example_skip_dag.py for tasks to queue
[2025-07-03T18:00:33.237+0000] {logging_mixin.py:188} INFO - [2025-07-03T18:00:33.236+0000] {dagbag.py:538} INFO - Filling up the DagBag from /home/airflow/.local/lib/python3.8/site-packages/airflow/example_dags/example_skip_dag.py
[2025-07-03T18:00:33.245+0000] {processor.py:840} INFO - DAG(s) 'example_skip_dag' retrieved from /home/airflow/.local/lib/python3.8/site-packages/airflow/example_dags/example_skip_dag.py
[2025-07-03T18:00:33.273+0000] {logging_mixin.py:188} INFO - [2025-07-03T18:00:33.272+0000] {dag.py:3036} INFO - Sync 1 DAGs
[2025-07-03T18:00:33.303+0000] {logging_mixin.py:188} INFO - [2025-07-03T18:00:33.303+0000] {dag.py:3823} INFO - Setting next_dagrun for example_skip_dag to 2025-07-02 00:00:00+00:00, run_after=2025-07-03 00:00:00+00:00
[2025-07-03T18:00:33.327+0000] {processor.py:183} INFO - Processing /home/airflow/.local/lib/python3.8/site-packages/airflow/example_dags/example_skip_dag.py took 0.097 seconds
[2025-07-03T18:01:04.058+0000] {processor.py:161} INFO - Started process (PID=3412) to work on /home/airflow/.local/lib/python3.8/site-packages/airflow/example_dags/example_skip_dag.py
[2025-07-03T18:01:04.059+0000] {processor.py:830} INFO - Processing file /home/airflow/.local/lib/python3.8/site-packages/airflow/example_dags/example_skip_dag.py for tasks to queue
[2025-07-03T18:01:04.074+0000] {logging_mixin.py:188} INFO - [2025-07-03T18:01:04.073+0000] {dagbag.py:538} INFO - Filling up the DagBag from /home/airflow/.local/lib/python3.8/site-packages/airflow/example_dags/example_skip_dag.py
[2025-07-03T18:01:04.092+0000] {processor.py:840} INFO - DAG(s) 'example_skip_dag' retrieved from /home/airflow/.local/lib/python3.8/site-packages/airflow/example_dags/example_skip_dag.py
[2025-07-03T18:01:04.172+0000] {logging_mixin.py:188} INFO - [2025-07-03T18:01:04.171+0000] {dag.py:3036} INFO - Sync 1 DAGs
[2025-07-03T18:01:04.219+0000] {logging_mixin.py:188} INFO - [2025-07-03T18:01:04.218+0000] {dag.py:3823} INFO - Setting next_dagrun for example_skip_dag to 2025-07-02 00:00:00+00:00, run_after=2025-07-03 00:00:00+00:00
[2025-07-03T18:01:04.250+0000] {processor.py:183} INFO - Processing /home/airflow/.local/lib/python3.8/site-packages/airflow/example_dags/example_skip_dag.py took 0.209 seconds
[2025-07-03T18:01:34.870+0000] {processor.py:161} INFO - Started process (PID=3475) to work on /home/airflow/.local/lib/python3.8/site-packages/airflow/example_dags/example_skip_dag.py
[2025-07-03T18:01:34.889+0000] {processor.py:830} INFO - Processing file /home/airflow/.local/lib/python3.8/site-packages/airflow/example_dags/example_skip_dag.py for tasks to queue
[2025-07-03T18:01:34.892+0000] {logging_mixin.py:188} INFO - [2025-07-03T18:01:34.891+0000] {dagbag.py:538} INFO - Filling up the DagBag from /home/airflow/.local/lib/python3.8/site-packages/airflow/example_dags/example_skip_dag.py
[2025-07-03T18:01:34.918+0000] {processor.py:840} INFO - DAG(s) 'example_skip_dag' retrieved from /home/airflow/.local/lib/python3.8/site-packages/airflow/example_dags/example_skip_dag.py
[2025-07-03T18:01:35.063+0000] {logging_mixin.py:188} INFO - [2025-07-03T18:01:35.062+0000] {dag.py:3036} INFO - Sync 1 DAGs
[2025-07-03T18:01:35.142+0000] {logging_mixin.py:188} INFO - [2025-07-03T18:01:35.142+0000] {dag.py:3823} INFO - Setting next_dagrun for example_skip_dag to 2025-07-02 00:00:00+00:00, run_after=2025-07-03 00:00:00+00:00
[2025-07-03T18:01:35.202+0000] {processor.py:183} INFO - Processing /home/airflow/.local/lib/python3.8/site-packages/airflow/example_dags/example_skip_dag.py took 0.337 seconds
[2025-07-03T18:02:06.548+0000] {processor.py:161} INFO - Started process (PID=3533) to work on /home/airflow/.local/lib/python3.8/site-packages/airflow/example_dags/example_skip_dag.py
[2025-07-03T18:02:06.554+0000] {processor.py:830} INFO - Processing file /home/airflow/.local/lib/python3.8/site-packages/airflow/example_dags/example_skip_dag.py for tasks to queue
[2025-07-03T18:02:06.562+0000] {logging_mixin.py:188} INFO - [2025-07-03T18:02:06.561+0000] {dagbag.py:538} INFO - Filling up the DagBag from /home/airflow/.local/lib/python3.8/site-packages/airflow/example_dags/example_skip_dag.py
[2025-07-03T18:02:06.619+0000] {processor.py:840} INFO - DAG(s) 'example_skip_dag' retrieved from /home/airflow/.local/lib/python3.8/site-packages/airflow/example_dags/example_skip_dag.py
[2025-07-03T18:02:06.714+0000] {logging_mixin.py:188} INFO - [2025-07-03T18:02:06.713+0000] {dag.py:3036} INFO - Sync 1 DAGs
[2025-07-03T18:02:07.646+0000] {logging_mixin.py:188} INFO - [2025-07-03T18:02:07.646+0000] {dag.py:3823} INFO - Setting next_dagrun for example_skip_dag to 2025-07-02 00:00:00+00:00, run_after=2025-07-03 00:00:00+00:00
[2025-07-03T18:02:07.707+0000] {processor.py:183} INFO - Processing /home/airflow/.local/lib/python3.8/site-packages/airflow/example_dags/example_skip_dag.py took 1.187 seconds
[2025-07-03T18:02:37.998+0000] {processor.py:161} INFO - Started process (PID=3598) to work on /home/airflow/.local/lib/python3.8/site-packages/airflow/example_dags/example_skip_dag.py
[2025-07-03T18:02:37.999+0000] {processor.py:830} INFO - Processing file /home/airflow/.local/lib/python3.8/site-packages/airflow/example_dags/example_skip_dag.py for tasks to queue
[2025-07-03T18:02:38.002+0000] {logging_mixin.py:188} INFO - [2025-07-03T18:02:38.001+0000] {dagbag.py:538} INFO - Filling up the DagBag from /home/airflow/.local/lib/python3.8/site-packages/airflow/example_dags/example_skip_dag.py
[2025-07-03T18:02:38.013+0000] {processor.py:840} INFO - DAG(s) 'example_skip_dag' retrieved from /home/airflow/.local/lib/python3.8/site-packages/airflow/example_dags/example_skip_dag.py
[2025-07-03T18:02:38.048+0000] {logging_mixin.py:188} INFO - [2025-07-03T18:02:38.047+0000] {dag.py:3036} INFO - Sync 1 DAGs
[2025-07-03T18:02:38.088+0000] {logging_mixin.py:188} INFO - [2025-07-03T18:02:38.088+0000] {dag.py:3823} INFO - Setting next_dagrun for example_skip_dag to 2025-07-02 00:00:00+00:00, run_after=2025-07-03 00:00:00+00:00
[2025-07-03T18:02:38.260+0000] {processor.py:183} INFO - Processing /home/airflow/.local/lib/python3.8/site-packages/airflow/example_dags/example_skip_dag.py took 0.266 seconds
[2025-07-03T18:03:09.119+0000] {processor.py:161} INFO - Started process (PID=3662) to work on /home/airflow/.local/lib/python3.8/site-packages/airflow/example_dags/example_skip_dag.py
[2025-07-03T18:03:09.140+0000] {processor.py:830} INFO - Processing file /home/airflow/.local/lib/python3.8/site-packages/airflow/example_dags/example_skip_dag.py for tasks to queue
[2025-07-03T18:03:09.156+0000] {logging_mixin.py:188} INFO - [2025-07-03T18:03:09.155+0000] {dagbag.py:538} INFO - Filling up the DagBag from /home/airflow/.local/lib/python3.8/site-packages/airflow/example_dags/example_skip_dag.py
[2025-07-03T18:03:09.211+0000] {processor.py:840} INFO - DAG(s) 'example_skip_dag' retrieved from /home/airflow/.local/lib/python3.8/site-packages/airflow/example_dags/example_skip_dag.py
[2025-07-03T18:03:09.374+0000] {logging_mixin.py:188} INFO - [2025-07-03T18:03:09.373+0000] {dag.py:3036} INFO - Sync 1 DAGs
[2025-07-03T18:03:09.483+0000] {logging_mixin.py:188} INFO - [2025-07-03T18:03:09.482+0000] {dag.py:3823} INFO - Setting next_dagrun for example_skip_dag to 2025-07-02 00:00:00+00:00, run_after=2025-07-03 00:00:00+00:00
[2025-07-03T18:03:09.571+0000] {processor.py:183} INFO - Processing /home/airflow/.local/lib/python3.8/site-packages/airflow/example_dags/example_skip_dag.py took 0.490 seconds
[2025-07-03T18:04:37.365+0000] {processor.py:161} INFO - Started process (PID=3744) to work on /home/airflow/.local/lib/python3.8/site-packages/airflow/example_dags/example_skip_dag.py
[2025-07-03T18:04:37.389+0000] {processor.py:830} INFO - Processing file /home/airflow/.local/lib/python3.8/site-packages/airflow/example_dags/example_skip_dag.py for tasks to queue
[2025-07-03T18:04:37.397+0000] {logging_mixin.py:188} INFO - [2025-07-03T18:04:37.397+0000] {dagbag.py:538} INFO - Filling up the DagBag from /home/airflow/.local/lib/python3.8/site-packages/airflow/example_dags/example_skip_dag.py
[2025-07-03T18:04:37.688+0000] {processor.py:840} INFO - DAG(s) 'example_skip_dag' retrieved from /home/airflow/.local/lib/python3.8/site-packages/airflow/example_dags/example_skip_dag.py
[2025-07-03T18:04:38.182+0000] {logging_mixin.py:188} INFO - [2025-07-03T18:04:38.182+0000] {dag.py:3036} INFO - Sync 1 DAGs
[2025-07-03T18:04:38.919+0000] {logging_mixin.py:188} INFO - [2025-07-03T18:04:38.919+0000] {dag.py:3823} INFO - Setting next_dagrun for example_skip_dag to 2025-07-02 00:00:00+00:00, run_after=2025-07-03 00:00:00+00:00
[2025-07-03T18:04:39.618+0000] {processor.py:183} INFO - Processing /home/airflow/.local/lib/python3.8/site-packages/airflow/example_dags/example_skip_dag.py took 2.409 seconds
[2025-07-03T18:07:03.461+0000] {processor.py:161} INFO - Started process (PID=3862) to work on /home/airflow/.local/lib/python3.8/site-packages/airflow/example_dags/example_skip_dag.py
[2025-07-03T18:07:03.497+0000] {processor.py:830} INFO - Processing file /home/airflow/.local/lib/python3.8/site-packages/airflow/example_dags/example_skip_dag.py for tasks to queue
[2025-07-03T18:07:03.514+0000] {logging_mixin.py:188} INFO - [2025-07-03T18:07:03.514+0000] {dagbag.py:538} INFO - Filling up the DagBag from /home/airflow/.local/lib/python3.8/site-packages/airflow/example_dags/example_skip_dag.py
[2025-07-03T18:07:03.760+0000] {processor.py:840} INFO - DAG(s) 'example_skip_dag' retrieved from /home/airflow/.local/lib/python3.8/site-packages/airflow/example_dags/example_skip_dag.py
[2025-07-03T18:07:04.782+0000] {logging_mixin.py:188} INFO - [2025-07-03T18:07:04.782+0000] {dag.py:3036} INFO - Sync 1 DAGs
[2025-07-03T18:07:06.411+0000] {logging_mixin.py:188} INFO - [2025-07-03T18:07:06.411+0000] {dag.py:3823} INFO - Setting next_dagrun for example_skip_dag to 2025-07-02 00:00:00+00:00, run_after=2025-07-03 00:00:00+00:00
[2025-07-03T18:07:07.642+0000] {processor.py:183} INFO - Processing /home/airflow/.local/lib/python3.8/site-packages/airflow/example_dags/example_skip_dag.py took 4.370 seconds
[2025-07-03T18:21:14.573+0000] {processor.py:161} INFO - Started process (PID=126) to work on /home/airflow/.local/lib/python3.8/site-packages/airflow/example_dags/example_skip_dag.py
[2025-07-03T18:21:14.576+0000] {processor.py:830} INFO - Processing file /home/airflow/.local/lib/python3.8/site-packages/airflow/example_dags/example_skip_dag.py for tasks to queue
[2025-07-03T18:21:14.578+0000] {logging_mixin.py:188} INFO - [2025-07-03T18:21:14.578+0000] {dagbag.py:538} INFO - Filling up the DagBag from /home/airflow/.local/lib/python3.8/site-packages/airflow/example_dags/example_skip_dag.py
[2025-07-03T18:21:14.589+0000] {processor.py:840} INFO - DAG(s) 'example_skip_dag' retrieved from /home/airflow/.local/lib/python3.8/site-packages/airflow/example_dags/example_skip_dag.py
[2025-07-03T18:21:14.624+0000] {logging_mixin.py:188} INFO - [2025-07-03T18:21:14.623+0000] {dag.py:3036} INFO - Sync 1 DAGs
[2025-07-03T18:21:14.665+0000] {logging_mixin.py:188} INFO - [2025-07-03T18:21:14.664+0000] {dag.py:3823} INFO - Setting next_dagrun for example_skip_dag to 2025-07-02 00:00:00+00:00, run_after=2025-07-03 00:00:00+00:00
[2025-07-03T18:21:14.694+0000] {processor.py:183} INFO - Processing /home/airflow/.local/lib/python3.8/site-packages/airflow/example_dags/example_skip_dag.py took 0.126 seconds
[2025-07-03T18:21:45.430+0000] {processor.py:161} INFO - Started process (PID=191) to work on /home/airflow/.local/lib/python3.8/site-packages/airflow/example_dags/example_skip_dag.py
[2025-07-03T18:21:45.431+0000] {processor.py:830} INFO - Processing file /home/airflow/.local/lib/python3.8/site-packages/airflow/example_dags/example_skip_dag.py for tasks to queue
[2025-07-03T18:21:45.434+0000] {logging_mixin.py:188} INFO - [2025-07-03T18:21:45.433+0000] {dagbag.py:538} INFO - Filling up the DagBag from /home/airflow/.local/lib/python3.8/site-packages/airflow/example_dags/example_skip_dag.py
[2025-07-03T18:21:45.445+0000] {processor.py:840} INFO - DAG(s) 'example_skip_dag' retrieved from /home/airflow/.local/lib/python3.8/site-packages/airflow/example_dags/example_skip_dag.py
[2025-07-03T18:21:45.481+0000] {logging_mixin.py:188} INFO - [2025-07-03T18:21:45.480+0000] {dag.py:3036} INFO - Sync 1 DAGs
[2025-07-03T18:21:45.523+0000] {logging_mixin.py:188} INFO - [2025-07-03T18:21:45.523+0000] {dag.py:3823} INFO - Setting next_dagrun for example_skip_dag to 2025-07-02 00:00:00+00:00, run_after=2025-07-03 00:00:00+00:00
[2025-07-03T18:21:45.555+0000] {processor.py:183} INFO - Processing /home/airflow/.local/lib/python3.8/site-packages/airflow/example_dags/example_skip_dag.py took 0.130 seconds
[2025-07-03T18:22:15.824+0000] {processor.py:161} INFO - Started process (PID=256) to work on /home/airflow/.local/lib/python3.8/site-packages/airflow/example_dags/example_skip_dag.py
[2025-07-03T18:22:15.825+0000] {processor.py:830} INFO - Processing file /home/airflow/.local/lib/python3.8/site-packages/airflow/example_dags/example_skip_dag.py for tasks to queue
[2025-07-03T18:22:15.828+0000] {logging_mixin.py:188} INFO - [2025-07-03T18:22:15.827+0000] {dagbag.py:538} INFO - Filling up the DagBag from /home/airflow/.local/lib/python3.8/site-packages/airflow/example_dags/example_skip_dag.py
[2025-07-03T18:22:15.839+0000] {processor.py:840} INFO - DAG(s) 'example_skip_dag' retrieved from /home/airflow/.local/lib/python3.8/site-packages/airflow/example_dags/example_skip_dag.py
[2025-07-03T18:22:15.874+0000] {logging_mixin.py:188} INFO - [2025-07-03T18:22:15.874+0000] {dag.py:3036} INFO - Sync 1 DAGs
[2025-07-03T18:22:15.915+0000] {logging_mixin.py:188} INFO - [2025-07-03T18:22:15.914+0000] {dag.py:3823} INFO - Setting next_dagrun for example_skip_dag to 2025-07-02 00:00:00+00:00, run_after=2025-07-03 00:00:00+00:00
[2025-07-03T18:22:15.944+0000] {processor.py:183} INFO - Processing /home/airflow/.local/lib/python3.8/site-packages/airflow/example_dags/example_skip_dag.py took 0.125 seconds
[2025-07-03T18:22:47.558+0000] {processor.py:161} INFO - Started process (PID=323) to work on /home/airflow/.local/lib/python3.8/site-packages/airflow/example_dags/example_skip_dag.py
[2025-07-03T18:22:47.562+0000] {processor.py:830} INFO - Processing file /home/airflow/.local/lib/python3.8/site-packages/airflow/example_dags/example_skip_dag.py for tasks to queue
[2025-07-03T18:22:47.566+0000] {logging_mixin.py:188} INFO - [2025-07-03T18:22:47.565+0000] {dagbag.py:538} INFO - Filling up the DagBag from /home/airflow/.local/lib/python3.8/site-packages/airflow/example_dags/example_skip_dag.py
[2025-07-03T18:22:47.598+0000] {processor.py:840} INFO - DAG(s) 'example_skip_dag' retrieved from /home/airflow/.local/lib/python3.8/site-packages/airflow/example_dags/example_skip_dag.py
[2025-07-03T18:22:47.685+0000] {logging_mixin.py:188} INFO - [2025-07-03T18:22:47.685+0000] {dag.py:3036} INFO - Sync 1 DAGs
[2025-07-03T18:22:47.785+0000] {logging_mixin.py:188} INFO - [2025-07-03T18:22:47.784+0000] {dag.py:3823} INFO - Setting next_dagrun for example_skip_dag to 2025-07-02 00:00:00+00:00, run_after=2025-07-03 00:00:00+00:00
[2025-07-03T18:22:47.856+0000] {processor.py:183} INFO - Processing /home/airflow/.local/lib/python3.8/site-packages/airflow/example_dags/example_skip_dag.py took 0.321 seconds
[2025-07-03T18:23:18.041+0000] {processor.py:161} INFO - Started process (PID=396) to work on /home/airflow/.local/lib/python3.8/site-packages/airflow/example_dags/example_skip_dag.py
[2025-07-03T18:23:18.044+0000] {processor.py:830} INFO - Processing file /home/airflow/.local/lib/python3.8/site-packages/airflow/example_dags/example_skip_dag.py for tasks to queue
[2025-07-03T18:23:18.047+0000] {logging_mixin.py:188} INFO - [2025-07-03T18:23:18.046+0000] {dagbag.py:538} INFO - Filling up the DagBag from /home/airflow/.local/lib/python3.8/site-packages/airflow/example_dags/example_skip_dag.py
[2025-07-03T18:23:18.083+0000] {processor.py:840} INFO - DAG(s) 'example_skip_dag' retrieved from /home/airflow/.local/lib/python3.8/site-packages/airflow/example_dags/example_skip_dag.py
[2025-07-03T18:23:18.149+0000] {logging_mixin.py:188} INFO - [2025-07-03T18:23:18.149+0000] {dag.py:3036} INFO - Sync 1 DAGs
[2025-07-03T18:23:18.235+0000] {logging_mixin.py:188} INFO - [2025-07-03T18:23:18.234+0000] {dag.py:3823} INFO - Setting next_dagrun for example_skip_dag to 2025-07-02 00:00:00+00:00, run_after=2025-07-03 00:00:00+00:00
[2025-07-03T18:23:18.297+0000] {processor.py:183} INFO - Processing /home/airflow/.local/lib/python3.8/site-packages/airflow/example_dags/example_skip_dag.py took 0.294 seconds
[2025-07-03T18:23:49.597+0000] {processor.py:161} INFO - Started process (PID=462) to work on /home/airflow/.local/lib/python3.8/site-packages/airflow/example_dags/example_skip_dag.py
[2025-07-03T18:23:49.604+0000] {processor.py:830} INFO - Processing file /home/airflow/.local/lib/python3.8/site-packages/airflow/example_dags/example_skip_dag.py for tasks to queue
[2025-07-03T18:23:49.607+0000] {logging_mixin.py:188} INFO - [2025-07-03T18:23:49.607+0000] {dagbag.py:538} INFO - Filling up the DagBag from /home/airflow/.local/lib/python3.8/site-packages/airflow/example_dags/example_skip_dag.py
[2025-07-03T18:23:49.627+0000] {processor.py:840} INFO - DAG(s) 'example_skip_dag' retrieved from /home/airflow/.local/lib/python3.8/site-packages/airflow/example_dags/example_skip_dag.py
[2025-07-03T18:23:49.764+0000] {logging_mixin.py:188} INFO - [2025-07-03T18:23:49.758+0000] {dag.py:3036} INFO - Sync 1 DAGs
[2025-07-03T18:23:49.871+0000] {logging_mixin.py:188} INFO - [2025-07-03T18:23:49.870+0000] {dag.py:3823} INFO - Setting next_dagrun for example_skip_dag to 2025-07-02 00:00:00+00:00, run_after=2025-07-03 00:00:00+00:00
[2025-07-03T18:23:49.937+0000] {processor.py:183} INFO - Processing /home/airflow/.local/lib/python3.8/site-packages/airflow/example_dags/example_skip_dag.py took 0.358 seconds
[2025-07-03T18:24:20.137+0000] {processor.py:161} INFO - Started process (PID=528) to work on /home/airflow/.local/lib/python3.8/site-packages/airflow/example_dags/example_skip_dag.py
[2025-07-03T18:24:20.138+0000] {processor.py:830} INFO - Processing file /home/airflow/.local/lib/python3.8/site-packages/airflow/example_dags/example_skip_dag.py for tasks to queue
[2025-07-03T18:24:20.141+0000] {logging_mixin.py:188} INFO - [2025-07-03T18:24:20.140+0000] {dagbag.py:538} INFO - Filling up the DagBag from /home/airflow/.local/lib/python3.8/site-packages/airflow/example_dags/example_skip_dag.py
[2025-07-03T18:24:20.151+0000] {processor.py:840} INFO - DAG(s) 'example_skip_dag' retrieved from /home/airflow/.local/lib/python3.8/site-packages/airflow/example_dags/example_skip_dag.py
[2025-07-03T18:24:20.224+0000] {logging_mixin.py:188} INFO - [2025-07-03T18:24:20.224+0000] {dag.py:3036} INFO - Sync 1 DAGs
[2025-07-03T18:24:20.278+0000] {logging_mixin.py:188} INFO - [2025-07-03T18:24:20.278+0000] {dag.py:3823} INFO - Setting next_dagrun for example_skip_dag to 2025-07-02 00:00:00+00:00, run_after=2025-07-03 00:00:00+00:00
[2025-07-03T18:24:20.330+0000] {processor.py:183} INFO - Processing /home/airflow/.local/lib/python3.8/site-packages/airflow/example_dags/example_skip_dag.py took 0.198 seconds
