[2025-07-03T17:35:24.144+0000] {processor.py:161} INFO - Started process (PID=208) to work on /home/airflow/.local/lib/python3.8/site-packages/airflow/example_dags/example_xcom.py
[2025-07-03T17:35:24.149+0000] {processor.py:830} INFO - Processing file /home/airflow/.local/lib/python3.8/site-packages/airflow/example_dags/example_xcom.py for tasks to queue
[2025-07-03T17:35:24.162+0000] {logging_mixin.py:188} INFO - [2025-07-03T17:35:24.161+0000] {dagbag.py:538} INFO - Filling up the DagBag from /home/airflow/.local/lib/python3.8/site-packages/airflow/example_dags/example_xcom.py
[2025-07-03T17:35:24.191+0000] {processor.py:840} INFO - DAG(s) 'example_xcom' retrieved from /home/airflow/.local/lib/python3.8/site-packages/airflow/example_dags/example_xcom.py
[2025-07-03T17:35:24.610+0000] {logging_mixin.py:188} INFO - [2025-07-03T17:35:24.609+0000] {dag.py:3036} INFO - Sync 1 DAGs
[2025-07-03T17:35:24.682+0000] {logging_mixin.py:188} INFO - [2025-07-03T17:35:24.681+0000] {dag.py:3823} INFO - Setting next_dagrun for example_xcom to 2021-01-01 00:00:00+00:00, run_after=2021-01-01 00:00:00+00:00
[2025-07-03T17:35:24.750+0000] {processor.py:183} INFO - Processing /home/airflow/.local/lib/python3.8/site-packages/airflow/example_dags/example_xcom.py took 0.616 seconds
[2025-07-03T17:35:59.237+0000] {processor.py:161} INFO - Started process (PID=272) to work on /home/airflow/.local/lib/python3.8/site-packages/airflow/example_dags/example_xcom.py
[2025-07-03T17:35:59.254+0000] {processor.py:830} INFO - Processing file /home/airflow/.local/lib/python3.8/site-packages/airflow/example_dags/example_xcom.py for tasks to queue
[2025-07-03T17:35:59.257+0000] {logging_mixin.py:188} INFO - [2025-07-03T17:35:59.257+0000] {dagbag.py:538} INFO - Filling up the DagBag from /home/airflow/.local/lib/python3.8/site-packages/airflow/example_dags/example_xcom.py
[2025-07-03T17:35:59.306+0000] {processor.py:840} INFO - DAG(s) 'example_xcom' retrieved from /home/airflow/.local/lib/python3.8/site-packages/airflow/example_dags/example_xcom.py
[2025-07-03T17:35:59.465+0000] {logging_mixin.py:188} INFO - [2025-07-03T17:35:59.447+0000] {dag.py:3036} INFO - Sync 1 DAGs
[2025-07-03T17:35:59.663+0000] {logging_mixin.py:188} INFO - [2025-07-03T17:35:59.662+0000] {dag.py:3823} INFO - Setting next_dagrun for example_xcom to 2021-01-01 00:00:00+00:00, run_after=2021-01-01 00:00:00+00:00
[2025-07-03T17:35:59.845+0000] {processor.py:183} INFO - Processing /home/airflow/.local/lib/python3.8/site-packages/airflow/example_dags/example_xcom.py took 0.630 seconds
[2025-07-03T17:36:30.266+0000] {processor.py:161} INFO - Started process (PID=334) to work on /home/airflow/.local/lib/python3.8/site-packages/airflow/example_dags/example_xcom.py
[2025-07-03T17:36:30.289+0000] {processor.py:830} INFO - Processing file /home/airflow/.local/lib/python3.8/site-packages/airflow/example_dags/example_xcom.py for tasks to queue
[2025-07-03T17:36:30.302+0000] {logging_mixin.py:188} INFO - [2025-07-03T17:36:30.301+0000] {dagbag.py:538} INFO - Filling up the DagBag from /home/airflow/.local/lib/python3.8/site-packages/airflow/example_dags/example_xcom.py
[2025-07-03T17:36:30.379+0000] {processor.py:840} INFO - DAG(s) 'example_xcom' retrieved from /home/airflow/.local/lib/python3.8/site-packages/airflow/example_dags/example_xcom.py
[2025-07-03T17:36:30.642+0000] {logging_mixin.py:188} INFO - [2025-07-03T17:36:30.641+0000] {dag.py:3036} INFO - Sync 1 DAGs
[2025-07-03T17:36:30.774+0000] {logging_mixin.py:188} INFO - [2025-07-03T17:36:30.773+0000] {dag.py:3823} INFO - Setting next_dagrun for example_xcom to 2021-01-01 00:00:00+00:00, run_after=2021-01-01 00:00:00+00:00
[2025-07-03T17:36:30.957+0000] {processor.py:183} INFO - Processing /home/airflow/.local/lib/python3.8/site-packages/airflow/example_dags/example_xcom.py took 0.733 seconds
[2025-07-03T17:37:01.515+0000] {processor.py:161} INFO - Started process (PID=392) to work on /home/airflow/.local/lib/python3.8/site-packages/airflow/example_dags/example_xcom.py
[2025-07-03T17:37:01.516+0000] {processor.py:830} INFO - Processing file /home/airflow/.local/lib/python3.8/site-packages/airflow/example_dags/example_xcom.py for tasks to queue
[2025-07-03T17:37:01.518+0000] {logging_mixin.py:188} INFO - [2025-07-03T17:37:01.518+0000] {dagbag.py:538} INFO - Filling up the DagBag from /home/airflow/.local/lib/python3.8/site-packages/airflow/example_dags/example_xcom.py
[2025-07-03T17:37:01.530+0000] {processor.py:840} INFO - DAG(s) 'example_xcom' retrieved from /home/airflow/.local/lib/python3.8/site-packages/airflow/example_dags/example_xcom.py
[2025-07-03T17:37:01.619+0000] {logging_mixin.py:188} INFO - [2025-07-03T17:37:01.619+0000] {dag.py:3036} INFO - Sync 1 DAGs
[2025-07-03T17:37:01.692+0000] {logging_mixin.py:188} INFO - [2025-07-03T17:37:01.691+0000] {dag.py:3823} INFO - Setting next_dagrun for example_xcom to 2021-01-01 00:00:00+00:00, run_after=2021-01-01 00:00:00+00:00
[2025-07-03T17:37:01.761+0000] {processor.py:183} INFO - Processing /home/airflow/.local/lib/python3.8/site-packages/airflow/example_dags/example_xcom.py took 0.250 seconds
[2025-07-03T17:37:32.118+0000] {processor.py:161} INFO - Started process (PID=454) to work on /home/airflow/.local/lib/python3.8/site-packages/airflow/example_dags/example_xcom.py
[2025-07-03T17:37:32.141+0000] {processor.py:830} INFO - Processing file /home/airflow/.local/lib/python3.8/site-packages/airflow/example_dags/example_xcom.py for tasks to queue
[2025-07-03T17:37:32.144+0000] {logging_mixin.py:188} INFO - [2025-07-03T17:37:32.143+0000] {dagbag.py:538} INFO - Filling up the DagBag from /home/airflow/.local/lib/python3.8/site-packages/airflow/example_dags/example_xcom.py
[2025-07-03T17:37:32.265+0000] {processor.py:840} INFO - DAG(s) 'example_xcom' retrieved from /home/airflow/.local/lib/python3.8/site-packages/airflow/example_dags/example_xcom.py
[2025-07-03T17:37:32.528+0000] {logging_mixin.py:188} INFO - [2025-07-03T17:37:32.528+0000] {dag.py:3036} INFO - Sync 1 DAGs
[2025-07-03T17:37:32.874+0000] {logging_mixin.py:188} INFO - [2025-07-03T17:37:32.873+0000] {dag.py:3823} INFO - Setting next_dagrun for example_xcom to 2021-01-01 00:00:00+00:00, run_after=2021-01-01 00:00:00+00:00
[2025-07-03T17:37:33.038+0000] {processor.py:183} INFO - Processing /home/airflow/.local/lib/python3.8/site-packages/airflow/example_dags/example_xcom.py took 0.945 seconds
[2025-07-03T17:38:03.389+0000] {processor.py:161} INFO - Started process (PID=512) to work on /home/airflow/.local/lib/python3.8/site-packages/airflow/example_dags/example_xcom.py
[2025-07-03T17:38:03.393+0000] {processor.py:830} INFO - Processing file /home/airflow/.local/lib/python3.8/site-packages/airflow/example_dags/example_xcom.py for tasks to queue
[2025-07-03T17:38:03.395+0000] {logging_mixin.py:188} INFO - [2025-07-03T17:38:03.395+0000] {dagbag.py:538} INFO - Filling up the DagBag from /home/airflow/.local/lib/python3.8/site-packages/airflow/example_dags/example_xcom.py
[2025-07-03T17:38:03.410+0000] {processor.py:840} INFO - DAG(s) 'example_xcom' retrieved from /home/airflow/.local/lib/python3.8/site-packages/airflow/example_dags/example_xcom.py
[2025-07-03T17:38:03.473+0000] {logging_mixin.py:188} INFO - [2025-07-03T17:38:03.472+0000] {dag.py:3036} INFO - Sync 1 DAGs
[2025-07-03T17:38:03.625+0000] {logging_mixin.py:188} INFO - [2025-07-03T17:38:03.625+0000] {dag.py:3823} INFO - Setting next_dagrun for example_xcom to 2021-01-01 00:00:00+00:00, run_after=2021-01-01 00:00:00+00:00
[2025-07-03T17:38:03.730+0000] {processor.py:183} INFO - Processing /home/airflow/.local/lib/python3.8/site-packages/airflow/example_dags/example_xcom.py took 0.366 seconds
[2025-07-03T17:38:34.353+0000] {processor.py:161} INFO - Started process (PID=577) to work on /home/airflow/.local/lib/python3.8/site-packages/airflow/example_dags/example_xcom.py
[2025-07-03T17:38:34.355+0000] {processor.py:830} INFO - Processing file /home/airflow/.local/lib/python3.8/site-packages/airflow/example_dags/example_xcom.py for tasks to queue
[2025-07-03T17:38:34.358+0000] {logging_mixin.py:188} INFO - [2025-07-03T17:38:34.358+0000] {dagbag.py:538} INFO - Filling up the DagBag from /home/airflow/.local/lib/python3.8/site-packages/airflow/example_dags/example_xcom.py
[2025-07-03T17:38:34.402+0000] {processor.py:840} INFO - DAG(s) 'example_xcom' retrieved from /home/airflow/.local/lib/python3.8/site-packages/airflow/example_dags/example_xcom.py
[2025-07-03T17:38:34.476+0000] {logging_mixin.py:188} INFO - [2025-07-03T17:38:34.475+0000] {dag.py:3036} INFO - Sync 1 DAGs
[2025-07-03T17:38:34.586+0000] {logging_mixin.py:188} INFO - [2025-07-03T17:38:34.585+0000] {dag.py:3823} INFO - Setting next_dagrun for example_xcom to 2021-01-01 00:00:00+00:00, run_after=2021-01-01 00:00:00+00:00
[2025-07-03T17:38:34.737+0000] {processor.py:183} INFO - Processing /home/airflow/.local/lib/python3.8/site-packages/airflow/example_dags/example_xcom.py took 0.400 seconds
[2025-07-03T17:39:05.582+0000] {processor.py:161} INFO - Started process (PID=641) to work on /home/airflow/.local/lib/python3.8/site-packages/airflow/example_dags/example_xcom.py
[2025-07-03T17:39:05.585+0000] {processor.py:830} INFO - Processing file /home/airflow/.local/lib/python3.8/site-packages/airflow/example_dags/example_xcom.py for tasks to queue
[2025-07-03T17:39:05.591+0000] {logging_mixin.py:188} INFO - [2025-07-03T17:39:05.590+0000] {dagbag.py:538} INFO - Filling up the DagBag from /home/airflow/.local/lib/python3.8/site-packages/airflow/example_dags/example_xcom.py
[2025-07-03T17:39:05.616+0000] {processor.py:840} INFO - DAG(s) 'example_xcom' retrieved from /home/airflow/.local/lib/python3.8/site-packages/airflow/example_dags/example_xcom.py
[2025-07-03T17:39:05.680+0000] {logging_mixin.py:188} INFO - [2025-07-03T17:39:05.680+0000] {dag.py:3036} INFO - Sync 1 DAGs
[2025-07-03T17:39:05.754+0000] {logging_mixin.py:188} INFO - [2025-07-03T17:39:05.753+0000] {dag.py:3823} INFO - Setting next_dagrun for example_xcom to 2021-01-01 00:00:00+00:00, run_after=2021-01-01 00:00:00+00:00
[2025-07-03T17:39:05.813+0000] {processor.py:183} INFO - Processing /home/airflow/.local/lib/python3.8/site-packages/airflow/example_dags/example_xcom.py took 0.236 seconds
[2025-07-03T17:39:36.355+0000] {processor.py:161} INFO - Started process (PID=707) to work on /home/airflow/.local/lib/python3.8/site-packages/airflow/example_dags/example_xcom.py
[2025-07-03T17:39:36.367+0000] {processor.py:830} INFO - Processing file /home/airflow/.local/lib/python3.8/site-packages/airflow/example_dags/example_xcom.py for tasks to queue
[2025-07-03T17:39:36.370+0000] {logging_mixin.py:188} INFO - [2025-07-03T17:39:36.369+0000] {dagbag.py:538} INFO - Filling up the DagBag from /home/airflow/.local/lib/python3.8/site-packages/airflow/example_dags/example_xcom.py
[2025-07-03T17:39:36.398+0000] {processor.py:840} INFO - DAG(s) 'example_xcom' retrieved from /home/airflow/.local/lib/python3.8/site-packages/airflow/example_dags/example_xcom.py
[2025-07-03T17:39:36.480+0000] {logging_mixin.py:188} INFO - [2025-07-03T17:39:36.479+0000] {dag.py:3036} INFO - Sync 1 DAGs
[2025-07-03T17:39:36.614+0000] {logging_mixin.py:188} INFO - [2025-07-03T17:39:36.614+0000] {dag.py:3823} INFO - Setting next_dagrun for example_xcom to 2021-01-01 00:00:00+00:00, run_after=2021-01-01 00:00:00+00:00
[2025-07-03T17:39:36.719+0000] {processor.py:183} INFO - Processing /home/airflow/.local/lib/python3.8/site-packages/airflow/example_dags/example_xcom.py took 0.373 seconds
[2025-07-03T17:40:07.589+0000] {processor.py:161} INFO - Started process (PID=764) to work on /home/airflow/.local/lib/python3.8/site-packages/airflow/example_dags/example_xcom.py
[2025-07-03T17:40:07.590+0000] {processor.py:830} INFO - Processing file /home/airflow/.local/lib/python3.8/site-packages/airflow/example_dags/example_xcom.py for tasks to queue
[2025-07-03T17:40:07.593+0000] {logging_mixin.py:188} INFO - [2025-07-03T17:40:07.593+0000] {dagbag.py:538} INFO - Filling up the DagBag from /home/airflow/.local/lib/python3.8/site-packages/airflow/example_dags/example_xcom.py
[2025-07-03T17:40:07.609+0000] {processor.py:840} INFO - DAG(s) 'example_xcom' retrieved from /home/airflow/.local/lib/python3.8/site-packages/airflow/example_dags/example_xcom.py
[2025-07-03T17:40:07.645+0000] {logging_mixin.py:188} INFO - [2025-07-03T17:40:07.644+0000] {dag.py:3036} INFO - Sync 1 DAGs
[2025-07-03T17:40:07.702+0000] {logging_mixin.py:188} INFO - [2025-07-03T17:40:07.702+0000] {dag.py:3823} INFO - Setting next_dagrun for example_xcom to 2021-01-01 00:00:00+00:00, run_after=2021-01-01 00:00:00+00:00
[2025-07-03T17:40:07.732+0000] {processor.py:183} INFO - Processing /home/airflow/.local/lib/python3.8/site-packages/airflow/example_dags/example_xcom.py took 0.148 seconds
[2025-07-03T17:40:38.026+0000] {processor.py:161} INFO - Started process (PID=830) to work on /home/airflow/.local/lib/python3.8/site-packages/airflow/example_dags/example_xcom.py
[2025-07-03T17:40:38.027+0000] {processor.py:830} INFO - Processing file /home/airflow/.local/lib/python3.8/site-packages/airflow/example_dags/example_xcom.py for tasks to queue
[2025-07-03T17:40:38.030+0000] {logging_mixin.py:188} INFO - [2025-07-03T17:40:38.029+0000] {dagbag.py:538} INFO - Filling up the DagBag from /home/airflow/.local/lib/python3.8/site-packages/airflow/example_dags/example_xcom.py
[2025-07-03T17:40:38.042+0000] {processor.py:840} INFO - DAG(s) 'example_xcom' retrieved from /home/airflow/.local/lib/python3.8/site-packages/airflow/example_dags/example_xcom.py
[2025-07-03T17:40:38.076+0000] {logging_mixin.py:188} INFO - [2025-07-03T17:40:38.076+0000] {dag.py:3036} INFO - Sync 1 DAGs
[2025-07-03T17:40:38.120+0000] {logging_mixin.py:188} INFO - [2025-07-03T17:40:38.120+0000] {dag.py:3823} INFO - Setting next_dagrun for example_xcom to 2021-01-01 00:00:00+00:00, run_after=2021-01-01 00:00:00+00:00
[2025-07-03T17:40:38.152+0000] {processor.py:183} INFO - Processing /home/airflow/.local/lib/python3.8/site-packages/airflow/example_dags/example_xcom.py took 0.131 seconds
[2025-07-03T17:41:08.597+0000] {processor.py:161} INFO - Started process (PID=894) to work on /home/airflow/.local/lib/python3.8/site-packages/airflow/example_dags/example_xcom.py
[2025-07-03T17:41:08.598+0000] {processor.py:830} INFO - Processing file /home/airflow/.local/lib/python3.8/site-packages/airflow/example_dags/example_xcom.py for tasks to queue
[2025-07-03T17:41:08.601+0000] {logging_mixin.py:188} INFO - [2025-07-03T17:41:08.600+0000] {dagbag.py:538} INFO - Filling up the DagBag from /home/airflow/.local/lib/python3.8/site-packages/airflow/example_dags/example_xcom.py
[2025-07-03T17:41:08.614+0000] {processor.py:840} INFO - DAG(s) 'example_xcom' retrieved from /home/airflow/.local/lib/python3.8/site-packages/airflow/example_dags/example_xcom.py
[2025-07-03T17:41:08.652+0000] {logging_mixin.py:188} INFO - [2025-07-03T17:41:08.652+0000] {dag.py:3036} INFO - Sync 1 DAGs
[2025-07-03T17:41:08.693+0000] {logging_mixin.py:188} INFO - [2025-07-03T17:41:08.693+0000] {dag.py:3823} INFO - Setting next_dagrun for example_xcom to 2021-01-01 00:00:00+00:00, run_after=2021-01-01 00:00:00+00:00
[2025-07-03T17:41:08.726+0000] {processor.py:183} INFO - Processing /home/airflow/.local/lib/python3.8/site-packages/airflow/example_dags/example_xcom.py took 0.136 seconds
[2025-07-03T17:41:38.857+0000] {processor.py:161} INFO - Started process (PID=960) to work on /home/airflow/.local/lib/python3.8/site-packages/airflow/example_dags/example_xcom.py
[2025-07-03T17:41:38.865+0000] {processor.py:830} INFO - Processing file /home/airflow/.local/lib/python3.8/site-packages/airflow/example_dags/example_xcom.py for tasks to queue
[2025-07-03T17:41:38.868+0000] {logging_mixin.py:188} INFO - [2025-07-03T17:41:38.867+0000] {dagbag.py:538} INFO - Filling up the DagBag from /home/airflow/.local/lib/python3.8/site-packages/airflow/example_dags/example_xcom.py
[2025-07-03T17:41:38.886+0000] {processor.py:840} INFO - DAG(s) 'example_xcom' retrieved from /home/airflow/.local/lib/python3.8/site-packages/airflow/example_dags/example_xcom.py
[2025-07-03T17:41:38.960+0000] {logging_mixin.py:188} INFO - [2025-07-03T17:41:38.959+0000] {dag.py:3036} INFO - Sync 1 DAGs
[2025-07-03T17:41:39.003+0000] {logging_mixin.py:188} INFO - [2025-07-03T17:41:39.003+0000] {dag.py:3823} INFO - Setting next_dagrun for example_xcom to 2021-01-01 00:00:00+00:00, run_after=2021-01-01 00:00:00+00:00
[2025-07-03T17:41:39.051+0000] {processor.py:183} INFO - Processing /home/airflow/.local/lib/python3.8/site-packages/airflow/example_dags/example_xcom.py took 0.219 seconds
[2025-07-03T17:42:09.578+0000] {processor.py:161} INFO - Started process (PID=1025) to work on /home/airflow/.local/lib/python3.8/site-packages/airflow/example_dags/example_xcom.py
[2025-07-03T17:42:09.589+0000] {processor.py:830} INFO - Processing file /home/airflow/.local/lib/python3.8/site-packages/airflow/example_dags/example_xcom.py for tasks to queue
[2025-07-03T17:42:09.592+0000] {logging_mixin.py:188} INFO - [2025-07-03T17:42:09.591+0000] {dagbag.py:538} INFO - Filling up the DagBag from /home/airflow/.local/lib/python3.8/site-packages/airflow/example_dags/example_xcom.py
[2025-07-03T17:42:09.618+0000] {processor.py:840} INFO - DAG(s) 'example_xcom' retrieved from /home/airflow/.local/lib/python3.8/site-packages/airflow/example_dags/example_xcom.py
[2025-07-03T17:42:09.699+0000] {logging_mixin.py:188} INFO - [2025-07-03T17:42:09.698+0000] {dag.py:3036} INFO - Sync 1 DAGs
[2025-07-03T17:42:09.792+0000] {logging_mixin.py:188} INFO - [2025-07-03T17:42:09.791+0000] {dag.py:3823} INFO - Setting next_dagrun for example_xcom to 2021-01-01 00:00:00+00:00, run_after=2021-01-01 00:00:00+00:00
[2025-07-03T17:42:09.854+0000] {processor.py:183} INFO - Processing /home/airflow/.local/lib/python3.8/site-packages/airflow/example_dags/example_xcom.py took 0.283 seconds
[2025-07-03T17:42:39.953+0000] {processor.py:161} INFO - Started process (PID=1090) to work on /home/airflow/.local/lib/python3.8/site-packages/airflow/example_dags/example_xcom.py
[2025-07-03T17:42:39.965+0000] {processor.py:830} INFO - Processing file /home/airflow/.local/lib/python3.8/site-packages/airflow/example_dags/example_xcom.py for tasks to queue
[2025-07-03T17:42:39.968+0000] {logging_mixin.py:188} INFO - [2025-07-03T17:42:39.967+0000] {dagbag.py:538} INFO - Filling up the DagBag from /home/airflow/.local/lib/python3.8/site-packages/airflow/example_dags/example_xcom.py
[2025-07-03T17:42:39.992+0000] {processor.py:840} INFO - DAG(s) 'example_xcom' retrieved from /home/airflow/.local/lib/python3.8/site-packages/airflow/example_dags/example_xcom.py
[2025-07-03T17:42:40.043+0000] {logging_mixin.py:188} INFO - [2025-07-03T17:42:40.042+0000] {dag.py:3036} INFO - Sync 1 DAGs
[2025-07-03T17:42:40.143+0000] {logging_mixin.py:188} INFO - [2025-07-03T17:42:40.143+0000] {dag.py:3823} INFO - Setting next_dagrun for example_xcom to 2021-01-01 00:00:00+00:00, run_after=2021-01-01 00:00:00+00:00
[2025-07-03T17:42:40.221+0000] {processor.py:183} INFO - Processing /home/airflow/.local/lib/python3.8/site-packages/airflow/example_dags/example_xcom.py took 0.273 seconds
[2025-07-03T17:43:11.120+0000] {processor.py:161} INFO - Started process (PID=1155) to work on /home/airflow/.local/lib/python3.8/site-packages/airflow/example_dags/example_xcom.py
[2025-07-03T17:43:11.122+0000] {processor.py:830} INFO - Processing file /home/airflow/.local/lib/python3.8/site-packages/airflow/example_dags/example_xcom.py for tasks to queue
[2025-07-03T17:43:11.124+0000] {logging_mixin.py:188} INFO - [2025-07-03T17:43:11.124+0000] {dagbag.py:538} INFO - Filling up the DagBag from /home/airflow/.local/lib/python3.8/site-packages/airflow/example_dags/example_xcom.py
[2025-07-03T17:43:11.137+0000] {processor.py:840} INFO - DAG(s) 'example_xcom' retrieved from /home/airflow/.local/lib/python3.8/site-packages/airflow/example_dags/example_xcom.py
[2025-07-03T17:43:11.172+0000] {logging_mixin.py:188} INFO - [2025-07-03T17:43:11.172+0000] {dag.py:3036} INFO - Sync 1 DAGs
[2025-07-03T17:43:11.214+0000] {logging_mixin.py:188} INFO - [2025-07-03T17:43:11.213+0000] {dag.py:3823} INFO - Setting next_dagrun for example_xcom to 2021-01-01 00:00:00+00:00, run_after=2021-01-01 00:00:00+00:00
[2025-07-03T17:43:11.249+0000] {processor.py:183} INFO - Processing /home/airflow/.local/lib/python3.8/site-packages/airflow/example_dags/example_xcom.py took 0.133 seconds
[2025-07-03T17:43:41.554+0000] {processor.py:161} INFO - Started process (PID=1228) to work on /home/airflow/.local/lib/python3.8/site-packages/airflow/example_dags/example_xcom.py
[2025-07-03T17:43:41.556+0000] {processor.py:830} INFO - Processing file /home/airflow/.local/lib/python3.8/site-packages/airflow/example_dags/example_xcom.py for tasks to queue
[2025-07-03T17:43:41.558+0000] {logging_mixin.py:188} INFO - [2025-07-03T17:43:41.558+0000] {dagbag.py:538} INFO - Filling up the DagBag from /home/airflow/.local/lib/python3.8/site-packages/airflow/example_dags/example_xcom.py
[2025-07-03T17:43:41.589+0000] {processor.py:840} INFO - DAG(s) 'example_xcom' retrieved from /home/airflow/.local/lib/python3.8/site-packages/airflow/example_dags/example_xcom.py
[2025-07-03T17:43:41.651+0000] {logging_mixin.py:188} INFO - [2025-07-03T17:43:41.650+0000] {dag.py:3036} INFO - Sync 1 DAGs
[2025-07-03T17:43:41.740+0000] {logging_mixin.py:188} INFO - [2025-07-03T17:43:41.740+0000] {dag.py:3823} INFO - Setting next_dagrun for example_xcom to 2021-01-01 00:00:00+00:00, run_after=2021-01-01 00:00:00+00:00
[2025-07-03T17:43:41.817+0000] {processor.py:183} INFO - Processing /home/airflow/.local/lib/python3.8/site-packages/airflow/example_dags/example_xcom.py took 0.277 seconds
[2025-07-03T17:44:12.199+0000] {processor.py:161} INFO - Started process (PID=1294) to work on /home/airflow/.local/lib/python3.8/site-packages/airflow/example_dags/example_xcom.py
[2025-07-03T17:44:12.201+0000] {processor.py:830} INFO - Processing file /home/airflow/.local/lib/python3.8/site-packages/airflow/example_dags/example_xcom.py for tasks to queue
[2025-07-03T17:44:12.204+0000] {logging_mixin.py:188} INFO - [2025-07-03T17:44:12.204+0000] {dagbag.py:538} INFO - Filling up the DagBag from /home/airflow/.local/lib/python3.8/site-packages/airflow/example_dags/example_xcom.py
[2025-07-03T17:44:12.229+0000] {processor.py:840} INFO - DAG(s) 'example_xcom' retrieved from /home/airflow/.local/lib/python3.8/site-packages/airflow/example_dags/example_xcom.py
[2025-07-03T17:44:12.278+0000] {logging_mixin.py:188} INFO - [2025-07-03T17:44:12.277+0000] {dag.py:3036} INFO - Sync 1 DAGs
[2025-07-03T17:44:12.335+0000] {logging_mixin.py:188} INFO - [2025-07-03T17:44:12.335+0000] {dag.py:3823} INFO - Setting next_dagrun for example_xcom to 2021-01-01 00:00:00+00:00, run_after=2021-01-01 00:00:00+00:00
[2025-07-03T17:44:12.397+0000] {processor.py:183} INFO - Processing /home/airflow/.local/lib/python3.8/site-packages/airflow/example_dags/example_xcom.py took 0.213 seconds
[2025-07-03T17:44:43.008+0000] {processor.py:161} INFO - Started process (PID=1357) to work on /home/airflow/.local/lib/python3.8/site-packages/airflow/example_dags/example_xcom.py
[2025-07-03T17:44:43.013+0000] {processor.py:830} INFO - Processing file /home/airflow/.local/lib/python3.8/site-packages/airflow/example_dags/example_xcom.py for tasks to queue
[2025-07-03T17:44:43.017+0000] {logging_mixin.py:188} INFO - [2025-07-03T17:44:43.017+0000] {dagbag.py:538} INFO - Filling up the DagBag from /home/airflow/.local/lib/python3.8/site-packages/airflow/example_dags/example_xcom.py
[2025-07-03T17:44:43.047+0000] {processor.py:840} INFO - DAG(s) 'example_xcom' retrieved from /home/airflow/.local/lib/python3.8/site-packages/airflow/example_dags/example_xcom.py
[2025-07-03T17:44:43.113+0000] {logging_mixin.py:188} INFO - [2025-07-03T17:44:43.113+0000] {dag.py:3036} INFO - Sync 1 DAGs
[2025-07-03T17:44:43.194+0000] {logging_mixin.py:188} INFO - [2025-07-03T17:44:43.193+0000] {dag.py:3823} INFO - Setting next_dagrun for example_xcom to 2021-01-01 00:00:00+00:00, run_after=2021-01-01 00:00:00+00:00
[2025-07-03T17:44:43.233+0000] {processor.py:183} INFO - Processing /home/airflow/.local/lib/python3.8/site-packages/airflow/example_dags/example_xcom.py took 0.230 seconds
[2025-07-03T17:45:13.931+0000] {processor.py:161} INFO - Started process (PID=1414) to work on /home/airflow/.local/lib/python3.8/site-packages/airflow/example_dags/example_xcom.py
[2025-07-03T17:45:13.933+0000] {processor.py:830} INFO - Processing file /home/airflow/.local/lib/python3.8/site-packages/airflow/example_dags/example_xcom.py for tasks to queue
[2025-07-03T17:45:13.936+0000] {logging_mixin.py:188} INFO - [2025-07-03T17:45:13.936+0000] {dagbag.py:538} INFO - Filling up the DagBag from /home/airflow/.local/lib/python3.8/site-packages/airflow/example_dags/example_xcom.py
[2025-07-03T17:45:13.953+0000] {processor.py:840} INFO - DAG(s) 'example_xcom' retrieved from /home/airflow/.local/lib/python3.8/site-packages/airflow/example_dags/example_xcom.py
[2025-07-03T17:45:13.997+0000] {logging_mixin.py:188} INFO - [2025-07-03T17:45:13.996+0000] {dag.py:3036} INFO - Sync 1 DAGs
[2025-07-03T17:45:14.037+0000] {logging_mixin.py:188} INFO - [2025-07-03T17:45:14.036+0000] {dag.py:3823} INFO - Setting next_dagrun for example_xcom to 2021-01-01 00:00:00+00:00, run_after=2021-01-01 00:00:00+00:00
[2025-07-03T17:45:14.068+0000] {processor.py:183} INFO - Processing /home/airflow/.local/lib/python3.8/site-packages/airflow/example_dags/example_xcom.py took 0.143 seconds
[2025-07-03T17:45:44.368+0000] {processor.py:161} INFO - Started process (PID=1479) to work on /home/airflow/.local/lib/python3.8/site-packages/airflow/example_dags/example_xcom.py
[2025-07-03T17:45:44.370+0000] {processor.py:830} INFO - Processing file /home/airflow/.local/lib/python3.8/site-packages/airflow/example_dags/example_xcom.py for tasks to queue
[2025-07-03T17:45:44.373+0000] {logging_mixin.py:188} INFO - [2025-07-03T17:45:44.372+0000] {dagbag.py:538} INFO - Filling up the DagBag from /home/airflow/.local/lib/python3.8/site-packages/airflow/example_dags/example_xcom.py
[2025-07-03T17:45:44.385+0000] {processor.py:840} INFO - DAG(s) 'example_xcom' retrieved from /home/airflow/.local/lib/python3.8/site-packages/airflow/example_dags/example_xcom.py
[2025-07-03T17:45:44.421+0000] {logging_mixin.py:188} INFO - [2025-07-03T17:45:44.420+0000] {dag.py:3036} INFO - Sync 1 DAGs
[2025-07-03T17:45:44.460+0000] {logging_mixin.py:188} INFO - [2025-07-03T17:45:44.459+0000] {dag.py:3823} INFO - Setting next_dagrun for example_xcom to 2021-01-01 00:00:00+00:00, run_after=2021-01-01 00:00:00+00:00
[2025-07-03T17:45:44.494+0000] {processor.py:183} INFO - Processing /home/airflow/.local/lib/python3.8/site-packages/airflow/example_dags/example_xcom.py took 0.130 seconds
[2025-07-03T17:46:14.615+0000] {processor.py:161} INFO - Started process (PID=1543) to work on /home/airflow/.local/lib/python3.8/site-packages/airflow/example_dags/example_xcom.py
[2025-07-03T17:46:14.617+0000] {processor.py:830} INFO - Processing file /home/airflow/.local/lib/python3.8/site-packages/airflow/example_dags/example_xcom.py for tasks to queue
[2025-07-03T17:46:14.619+0000] {logging_mixin.py:188} INFO - [2025-07-03T17:46:14.619+0000] {dagbag.py:538} INFO - Filling up the DagBag from /home/airflow/.local/lib/python3.8/site-packages/airflow/example_dags/example_xcom.py
[2025-07-03T17:46:14.632+0000] {processor.py:840} INFO - DAG(s) 'example_xcom' retrieved from /home/airflow/.local/lib/python3.8/site-packages/airflow/example_dags/example_xcom.py
[2025-07-03T17:46:14.667+0000] {logging_mixin.py:188} INFO - [2025-07-03T17:46:14.667+0000] {dag.py:3036} INFO - Sync 1 DAGs
[2025-07-03T17:46:14.708+0000] {logging_mixin.py:188} INFO - [2025-07-03T17:46:14.707+0000] {dag.py:3823} INFO - Setting next_dagrun for example_xcom to 2021-01-01 00:00:00+00:00, run_after=2021-01-01 00:00:00+00:00
[2025-07-03T17:46:14.739+0000] {processor.py:183} INFO - Processing /home/airflow/.local/lib/python3.8/site-packages/airflow/example_dags/example_xcom.py took 0.129 seconds
[2025-07-03T17:46:45.695+0000] {processor.py:161} INFO - Started process (PID=1607) to work on /home/airflow/.local/lib/python3.8/site-packages/airflow/example_dags/example_xcom.py
[2025-07-03T17:46:45.696+0000] {processor.py:830} INFO - Processing file /home/airflow/.local/lib/python3.8/site-packages/airflow/example_dags/example_xcom.py for tasks to queue
[2025-07-03T17:46:45.698+0000] {logging_mixin.py:188} INFO - [2025-07-03T17:46:45.698+0000] {dagbag.py:538} INFO - Filling up the DagBag from /home/airflow/.local/lib/python3.8/site-packages/airflow/example_dags/example_xcom.py
[2025-07-03T17:46:45.712+0000] {processor.py:840} INFO - DAG(s) 'example_xcom' retrieved from /home/airflow/.local/lib/python3.8/site-packages/airflow/example_dags/example_xcom.py
[2025-07-03T17:46:45.749+0000] {logging_mixin.py:188} INFO - [2025-07-03T17:46:45.748+0000] {dag.py:3036} INFO - Sync 1 DAGs
[2025-07-03T17:46:45.793+0000] {logging_mixin.py:188} INFO - [2025-07-03T17:46:45.793+0000] {dag.py:3823} INFO - Setting next_dagrun for example_xcom to 2021-01-01 00:00:00+00:00, run_after=2021-01-01 00:00:00+00:00
[2025-07-03T17:46:45.834+0000] {processor.py:183} INFO - Processing /home/airflow/.local/lib/python3.8/site-packages/airflow/example_dags/example_xcom.py took 0.144 seconds
[2025-07-03T17:47:16.021+0000] {processor.py:161} INFO - Started process (PID=1672) to work on /home/airflow/.local/lib/python3.8/site-packages/airflow/example_dags/example_xcom.py
[2025-07-03T17:47:16.036+0000] {processor.py:830} INFO - Processing file /home/airflow/.local/lib/python3.8/site-packages/airflow/example_dags/example_xcom.py for tasks to queue
[2025-07-03T17:47:16.045+0000] {logging_mixin.py:188} INFO - [2025-07-03T17:47:16.044+0000] {dagbag.py:538} INFO - Filling up the DagBag from /home/airflow/.local/lib/python3.8/site-packages/airflow/example_dags/example_xcom.py
[2025-07-03T17:47:16.070+0000] {processor.py:840} INFO - DAG(s) 'example_xcom' retrieved from /home/airflow/.local/lib/python3.8/site-packages/airflow/example_dags/example_xcom.py
[2025-07-03T17:47:16.133+0000] {logging_mixin.py:188} INFO - [2025-07-03T17:47:16.133+0000] {dag.py:3036} INFO - Sync 1 DAGs
[2025-07-03T17:47:16.212+0000] {logging_mixin.py:188} INFO - [2025-07-03T17:47:16.211+0000] {dag.py:3823} INFO - Setting next_dagrun for example_xcom to 2021-01-01 00:00:00+00:00, run_after=2021-01-01 00:00:00+00:00
[2025-07-03T17:47:16.270+0000] {processor.py:183} INFO - Processing /home/airflow/.local/lib/python3.8/site-packages/airflow/example_dags/example_xcom.py took 0.253 seconds
[2025-07-03T17:47:46.566+0000] {processor.py:161} INFO - Started process (PID=1737) to work on /home/airflow/.local/lib/python3.8/site-packages/airflow/example_dags/example_xcom.py
[2025-07-03T17:47:46.579+0000] {processor.py:830} INFO - Processing file /home/airflow/.local/lib/python3.8/site-packages/airflow/example_dags/example_xcom.py for tasks to queue
[2025-07-03T17:47:46.583+0000] {logging_mixin.py:188} INFO - [2025-07-03T17:47:46.583+0000] {dagbag.py:538} INFO - Filling up the DagBag from /home/airflow/.local/lib/python3.8/site-packages/airflow/example_dags/example_xcom.py
[2025-07-03T17:47:46.613+0000] {processor.py:840} INFO - DAG(s) 'example_xcom' retrieved from /home/airflow/.local/lib/python3.8/site-packages/airflow/example_dags/example_xcom.py
[2025-07-03T17:47:46.657+0000] {logging_mixin.py:188} INFO - [2025-07-03T17:47:46.657+0000] {dag.py:3036} INFO - Sync 1 DAGs
[2025-07-03T17:47:46.746+0000] {logging_mixin.py:188} INFO - [2025-07-03T17:47:46.745+0000] {dag.py:3823} INFO - Setting next_dagrun for example_xcom to 2021-01-01 00:00:00+00:00, run_after=2021-01-01 00:00:00+00:00
[2025-07-03T17:47:46.805+0000] {processor.py:183} INFO - Processing /home/airflow/.local/lib/python3.8/site-packages/airflow/example_dags/example_xcom.py took 0.249 seconds
[2025-07-03T17:48:17.214+0000] {processor.py:161} INFO - Started process (PID=1802) to work on /home/airflow/.local/lib/python3.8/site-packages/airflow/example_dags/example_xcom.py
[2025-07-03T17:48:17.221+0000] {processor.py:830} INFO - Processing file /home/airflow/.local/lib/python3.8/site-packages/airflow/example_dags/example_xcom.py for tasks to queue
[2025-07-03T17:48:17.224+0000] {logging_mixin.py:188} INFO - [2025-07-03T17:48:17.223+0000] {dagbag.py:538} INFO - Filling up the DagBag from /home/airflow/.local/lib/python3.8/site-packages/airflow/example_dags/example_xcom.py
[2025-07-03T17:48:17.251+0000] {processor.py:840} INFO - DAG(s) 'example_xcom' retrieved from /home/airflow/.local/lib/python3.8/site-packages/airflow/example_dags/example_xcom.py
[2025-07-03T17:48:17.337+0000] {logging_mixin.py:188} INFO - [2025-07-03T17:48:17.337+0000] {dag.py:3036} INFO - Sync 1 DAGs
[2025-07-03T17:48:17.471+0000] {logging_mixin.py:188} INFO - [2025-07-03T17:48:17.470+0000] {dag.py:3823} INFO - Setting next_dagrun for example_xcom to 2021-01-01 00:00:00+00:00, run_after=2021-01-01 00:00:00+00:00
[2025-07-03T17:48:17.532+0000] {processor.py:183} INFO - Processing /home/airflow/.local/lib/python3.8/site-packages/airflow/example_dags/example_xcom.py took 0.326 seconds
[2025-07-03T17:48:48.043+0000] {processor.py:161} INFO - Started process (PID=1867) to work on /home/airflow/.local/lib/python3.8/site-packages/airflow/example_dags/example_xcom.py
[2025-07-03T17:48:48.046+0000] {processor.py:830} INFO - Processing file /home/airflow/.local/lib/python3.8/site-packages/airflow/example_dags/example_xcom.py for tasks to queue
[2025-07-03T17:48:48.049+0000] {logging_mixin.py:188} INFO - [2025-07-03T17:48:48.048+0000] {dagbag.py:538} INFO - Filling up the DagBag from /home/airflow/.local/lib/python3.8/site-packages/airflow/example_dags/example_xcom.py
[2025-07-03T17:48:48.066+0000] {processor.py:840} INFO - DAG(s) 'example_xcom' retrieved from /home/airflow/.local/lib/python3.8/site-packages/airflow/example_dags/example_xcom.py
[2025-07-03T17:48:48.105+0000] {logging_mixin.py:188} INFO - [2025-07-03T17:48:48.105+0000] {dag.py:3036} INFO - Sync 1 DAGs
[2025-07-03T17:48:48.151+0000] {logging_mixin.py:188} INFO - [2025-07-03T17:48:48.150+0000] {dag.py:3823} INFO - Setting next_dagrun for example_xcom to 2021-01-01 00:00:00+00:00, run_after=2021-01-01 00:00:00+00:00
[2025-07-03T17:48:48.184+0000] {processor.py:183} INFO - Processing /home/airflow/.local/lib/python3.8/site-packages/airflow/example_dags/example_xcom.py took 0.147 seconds
[2025-07-03T17:49:18.594+0000] {processor.py:161} INFO - Started process (PID=1940) to work on /home/airflow/.local/lib/python3.8/site-packages/airflow/example_dags/example_xcom.py
[2025-07-03T17:49:18.601+0000] {processor.py:830} INFO - Processing file /home/airflow/.local/lib/python3.8/site-packages/airflow/example_dags/example_xcom.py for tasks to queue
[2025-07-03T17:49:18.612+0000] {logging_mixin.py:188} INFO - [2025-07-03T17:49:18.612+0000] {dagbag.py:538} INFO - Filling up the DagBag from /home/airflow/.local/lib/python3.8/site-packages/airflow/example_dags/example_xcom.py
[2025-07-03T17:49:18.638+0000] {processor.py:840} INFO - DAG(s) 'example_xcom' retrieved from /home/airflow/.local/lib/python3.8/site-packages/airflow/example_dags/example_xcom.py
[2025-07-03T17:49:18.715+0000] {logging_mixin.py:188} INFO - [2025-07-03T17:49:18.714+0000] {dag.py:3036} INFO - Sync 1 DAGs
[2025-07-03T17:49:18.794+0000] {logging_mixin.py:188} INFO - [2025-07-03T17:49:18.793+0000] {dag.py:3823} INFO - Setting next_dagrun for example_xcom to 2021-01-01 00:00:00+00:00, run_after=2021-01-01 00:00:00+00:00
[2025-07-03T17:49:18.863+0000] {processor.py:183} INFO - Processing /home/airflow/.local/lib/python3.8/site-packages/airflow/example_dags/example_xcom.py took 0.282 seconds
[2025-07-03T17:49:49.315+0000] {processor.py:161} INFO - Started process (PID=2007) to work on /home/airflow/.local/lib/python3.8/site-packages/airflow/example_dags/example_xcom.py
[2025-07-03T17:49:49.330+0000] {processor.py:830} INFO - Processing file /home/airflow/.local/lib/python3.8/site-packages/airflow/example_dags/example_xcom.py for tasks to queue
[2025-07-03T17:49:49.333+0000] {logging_mixin.py:188} INFO - [2025-07-03T17:49:49.332+0000] {dagbag.py:538} INFO - Filling up the DagBag from /home/airflow/.local/lib/python3.8/site-packages/airflow/example_dags/example_xcom.py
[2025-07-03T17:49:49.358+0000] {processor.py:840} INFO - DAG(s) 'example_xcom' retrieved from /home/airflow/.local/lib/python3.8/site-packages/airflow/example_dags/example_xcom.py
[2025-07-03T17:49:49.404+0000] {logging_mixin.py:188} INFO - [2025-07-03T17:49:49.403+0000] {dag.py:3036} INFO - Sync 1 DAGs
[2025-07-03T17:49:49.446+0000] {logging_mixin.py:188} INFO - [2025-07-03T17:49:49.446+0000] {dag.py:3823} INFO - Setting next_dagrun for example_xcom to 2021-01-01 00:00:00+00:00, run_after=2021-01-01 00:00:00+00:00
[2025-07-03T17:49:49.501+0000] {processor.py:183} INFO - Processing /home/airflow/.local/lib/python3.8/site-packages/airflow/example_dags/example_xcom.py took 0.196 seconds
[2025-07-03T17:50:20.394+0000] {processor.py:161} INFO - Started process (PID=2073) to work on /home/airflow/.local/lib/python3.8/site-packages/airflow/example_dags/example_xcom.py
[2025-07-03T17:50:20.404+0000] {processor.py:830} INFO - Processing file /home/airflow/.local/lib/python3.8/site-packages/airflow/example_dags/example_xcom.py for tasks to queue
[2025-07-03T17:50:20.412+0000] {logging_mixin.py:188} INFO - [2025-07-03T17:50:20.411+0000] {dagbag.py:538} INFO - Filling up the DagBag from /home/airflow/.local/lib/python3.8/site-packages/airflow/example_dags/example_xcom.py
[2025-07-03T17:50:20.440+0000] {processor.py:840} INFO - DAG(s) 'example_xcom' retrieved from /home/airflow/.local/lib/python3.8/site-packages/airflow/example_dags/example_xcom.py
[2025-07-03T17:50:20.560+0000] {logging_mixin.py:188} INFO - [2025-07-03T17:50:20.559+0000] {dag.py:3036} INFO - Sync 1 DAGs
[2025-07-03T17:50:20.632+0000] {logging_mixin.py:188} INFO - [2025-07-03T17:50:20.631+0000] {dag.py:3823} INFO - Setting next_dagrun for example_xcom to 2021-01-01 00:00:00+00:00, run_after=2021-01-01 00:00:00+00:00
[2025-07-03T17:50:20.695+0000] {processor.py:183} INFO - Processing /home/airflow/.local/lib/python3.8/site-packages/airflow/example_dags/example_xcom.py took 0.322 seconds
[2025-07-03T17:50:50.739+0000] {processor.py:161} INFO - Started process (PID=2137) to work on /home/airflow/.local/lib/python3.8/site-packages/airflow/example_dags/example_xcom.py
[2025-07-03T17:50:50.741+0000] {processor.py:830} INFO - Processing file /home/airflow/.local/lib/python3.8/site-packages/airflow/example_dags/example_xcom.py for tasks to queue
[2025-07-03T17:50:50.743+0000] {logging_mixin.py:188} INFO - [2025-07-03T17:50:50.743+0000] {dagbag.py:538} INFO - Filling up the DagBag from /home/airflow/.local/lib/python3.8/site-packages/airflow/example_dags/example_xcom.py
[2025-07-03T17:50:50.756+0000] {processor.py:840} INFO - DAG(s) 'example_xcom' retrieved from /home/airflow/.local/lib/python3.8/site-packages/airflow/example_dags/example_xcom.py
[2025-07-03T17:50:50.784+0000] {logging_mixin.py:188} INFO - [2025-07-03T17:50:50.784+0000] {dag.py:3036} INFO - Sync 1 DAGs
[2025-07-03T17:50:50.814+0000] {logging_mixin.py:188} INFO - [2025-07-03T17:50:50.814+0000] {dag.py:3823} INFO - Setting next_dagrun for example_xcom to 2021-01-01 00:00:00+00:00, run_after=2021-01-01 00:00:00+00:00
[2025-07-03T17:50:50.838+0000] {processor.py:183} INFO - Processing /home/airflow/.local/lib/python3.8/site-packages/airflow/example_dags/example_xcom.py took 0.104 seconds
[2025-07-03T17:51:21.080+0000] {processor.py:161} INFO - Started process (PID=2202) to work on /home/airflow/.local/lib/python3.8/site-packages/airflow/example_dags/example_xcom.py
[2025-07-03T17:51:21.081+0000] {processor.py:830} INFO - Processing file /home/airflow/.local/lib/python3.8/site-packages/airflow/example_dags/example_xcom.py for tasks to queue
[2025-07-03T17:51:21.084+0000] {logging_mixin.py:188} INFO - [2025-07-03T17:51:21.084+0000] {dagbag.py:538} INFO - Filling up the DagBag from /home/airflow/.local/lib/python3.8/site-packages/airflow/example_dags/example_xcom.py
[2025-07-03T17:51:21.099+0000] {processor.py:840} INFO - DAG(s) 'example_xcom' retrieved from /home/airflow/.local/lib/python3.8/site-packages/airflow/example_dags/example_xcom.py
[2025-07-03T17:51:21.142+0000] {logging_mixin.py:188} INFO - [2025-07-03T17:51:21.141+0000] {dag.py:3036} INFO - Sync 1 DAGs
[2025-07-03T17:51:21.185+0000] {logging_mixin.py:188} INFO - [2025-07-03T17:51:21.185+0000] {dag.py:3823} INFO - Setting next_dagrun for example_xcom to 2021-01-01 00:00:00+00:00, run_after=2021-01-01 00:00:00+00:00
[2025-07-03T17:51:21.218+0000] {processor.py:183} INFO - Processing /home/airflow/.local/lib/python3.8/site-packages/airflow/example_dags/example_xcom.py took 0.144 seconds
[2025-07-03T17:51:51.886+0000] {processor.py:161} INFO - Started process (PID=2267) to work on /home/airflow/.local/lib/python3.8/site-packages/airflow/example_dags/example_xcom.py
[2025-07-03T17:51:51.894+0000] {processor.py:830} INFO - Processing file /home/airflow/.local/lib/python3.8/site-packages/airflow/example_dags/example_xcom.py for tasks to queue
[2025-07-03T17:51:51.898+0000] {logging_mixin.py:188} INFO - [2025-07-03T17:51:51.898+0000] {dagbag.py:538} INFO - Filling up the DagBag from /home/airflow/.local/lib/python3.8/site-packages/airflow/example_dags/example_xcom.py
[2025-07-03T17:51:51.921+0000] {processor.py:840} INFO - DAG(s) 'example_xcom' retrieved from /home/airflow/.local/lib/python3.8/site-packages/airflow/example_dags/example_xcom.py
[2025-07-03T17:51:51.970+0000] {logging_mixin.py:188} INFO - [2025-07-03T17:51:51.970+0000] {dag.py:3036} INFO - Sync 1 DAGs
[2025-07-03T17:51:52.022+0000] {logging_mixin.py:188} INFO - [2025-07-03T17:51:52.020+0000] {dag.py:3823} INFO - Setting next_dagrun for example_xcom to 2021-01-01 00:00:00+00:00, run_after=2021-01-01 00:00:00+00:00
[2025-07-03T17:51:52.128+0000] {processor.py:183} INFO - Processing /home/airflow/.local/lib/python3.8/site-packages/airflow/example_dags/example_xcom.py took 0.256 seconds
[2025-07-03T17:52:22.335+0000] {processor.py:161} INFO - Started process (PID=2333) to work on /home/airflow/.local/lib/python3.8/site-packages/airflow/example_dags/example_xcom.py
[2025-07-03T17:52:22.337+0000] {processor.py:830} INFO - Processing file /home/airflow/.local/lib/python3.8/site-packages/airflow/example_dags/example_xcom.py for tasks to queue
[2025-07-03T17:52:22.342+0000] {logging_mixin.py:188} INFO - [2025-07-03T17:52:22.341+0000] {dagbag.py:538} INFO - Filling up the DagBag from /home/airflow/.local/lib/python3.8/site-packages/airflow/example_dags/example_xcom.py
[2025-07-03T17:52:22.384+0000] {processor.py:840} INFO - DAG(s) 'example_xcom' retrieved from /home/airflow/.local/lib/python3.8/site-packages/airflow/example_dags/example_xcom.py
[2025-07-03T17:52:22.446+0000] {logging_mixin.py:188} INFO - [2025-07-03T17:52:22.445+0000] {dag.py:3036} INFO - Sync 1 DAGs
[2025-07-03T17:52:22.543+0000] {logging_mixin.py:188} INFO - [2025-07-03T17:52:22.543+0000] {dag.py:3823} INFO - Setting next_dagrun for example_xcom to 2021-01-01 00:00:00+00:00, run_after=2021-01-01 00:00:00+00:00
[2025-07-03T17:52:22.615+0000] {processor.py:183} INFO - Processing /home/airflow/.local/lib/python3.8/site-packages/airflow/example_dags/example_xcom.py took 0.294 seconds
[2025-07-03T17:52:52.965+0000] {processor.py:161} INFO - Started process (PID=2399) to work on /home/airflow/.local/lib/python3.8/site-packages/airflow/example_dags/example_xcom.py
[2025-07-03T17:52:52.967+0000] {processor.py:830} INFO - Processing file /home/airflow/.local/lib/python3.8/site-packages/airflow/example_dags/example_xcom.py for tasks to queue
[2025-07-03T17:52:52.970+0000] {logging_mixin.py:188} INFO - [2025-07-03T17:52:52.969+0000] {dagbag.py:538} INFO - Filling up the DagBag from /home/airflow/.local/lib/python3.8/site-packages/airflow/example_dags/example_xcom.py
[2025-07-03T17:52:53.002+0000] {processor.py:840} INFO - DAG(s) 'example_xcom' retrieved from /home/airflow/.local/lib/python3.8/site-packages/airflow/example_dags/example_xcom.py
[2025-07-03T17:52:53.106+0000] {logging_mixin.py:188} INFO - [2025-07-03T17:52:53.106+0000] {dag.py:3036} INFO - Sync 1 DAGs
[2025-07-03T17:52:53.226+0000] {logging_mixin.py:188} INFO - [2025-07-03T17:52:53.225+0000] {dag.py:3823} INFO - Setting next_dagrun for example_xcom to 2021-01-01 00:00:00+00:00, run_after=2021-01-01 00:00:00+00:00
[2025-07-03T17:52:53.325+0000] {processor.py:183} INFO - Processing /home/airflow/.local/lib/python3.8/site-packages/airflow/example_dags/example_xcom.py took 0.377 seconds
[2025-07-03T17:53:23.692+0000] {processor.py:161} INFO - Started process (PID=2465) to work on /home/airflow/.local/lib/python3.8/site-packages/airflow/example_dags/example_xcom.py
[2025-07-03T17:53:23.713+0000] {processor.py:830} INFO - Processing file /home/airflow/.local/lib/python3.8/site-packages/airflow/example_dags/example_xcom.py for tasks to queue
[2025-07-03T17:53:23.716+0000] {logging_mixin.py:188} INFO - [2025-07-03T17:53:23.715+0000] {dagbag.py:538} INFO - Filling up the DagBag from /home/airflow/.local/lib/python3.8/site-packages/airflow/example_dags/example_xcom.py
[2025-07-03T17:53:23.735+0000] {processor.py:840} INFO - DAG(s) 'example_xcom' retrieved from /home/airflow/.local/lib/python3.8/site-packages/airflow/example_dags/example_xcom.py
[2025-07-03T17:53:23.858+0000] {logging_mixin.py:188} INFO - [2025-07-03T17:53:23.857+0000] {dag.py:3036} INFO - Sync 1 DAGs
[2025-07-03T17:53:24.010+0000] {logging_mixin.py:188} INFO - [2025-07-03T17:53:24.009+0000] {dag.py:3823} INFO - Setting next_dagrun for example_xcom to 2021-01-01 00:00:00+00:00, run_after=2021-01-01 00:00:00+00:00
[2025-07-03T17:53:24.093+0000] {processor.py:183} INFO - Processing /home/airflow/.local/lib/python3.8/site-packages/airflow/example_dags/example_xcom.py took 0.418 seconds
[2025-07-03T17:53:54.944+0000] {processor.py:161} INFO - Started process (PID=2530) to work on /home/airflow/.local/lib/python3.8/site-packages/airflow/example_dags/example_xcom.py
[2025-07-03T17:53:55.058+0000] {processor.py:830} INFO - Processing file /home/airflow/.local/lib/python3.8/site-packages/airflow/example_dags/example_xcom.py for tasks to queue
[2025-07-03T17:53:55.064+0000] {logging_mixin.py:188} INFO - [2025-07-03T17:53:55.064+0000] {dagbag.py:538} INFO - Filling up the DagBag from /home/airflow/.local/lib/python3.8/site-packages/airflow/example_dags/example_xcom.py
[2025-07-03T17:53:55.102+0000] {processor.py:840} INFO - DAG(s) 'example_xcom' retrieved from /home/airflow/.local/lib/python3.8/site-packages/airflow/example_dags/example_xcom.py
[2025-07-03T17:53:55.276+0000] {logging_mixin.py:188} INFO - [2025-07-03T17:53:55.275+0000] {dag.py:3036} INFO - Sync 1 DAGs
[2025-07-03T17:53:55.404+0000] {logging_mixin.py:188} INFO - [2025-07-03T17:53:55.401+0000] {dag.py:3823} INFO - Setting next_dagrun for example_xcom to 2021-01-01 00:00:00+00:00, run_after=2021-01-01 00:00:00+00:00
[2025-07-03T17:53:55.538+0000] {processor.py:183} INFO - Processing /home/airflow/.local/lib/python3.8/site-packages/airflow/example_dags/example_xcom.py took 0.607 seconds
[2025-07-03T17:54:26.336+0000] {processor.py:161} INFO - Started process (PID=2595) to work on /home/airflow/.local/lib/python3.8/site-packages/airflow/example_dags/example_xcom.py
[2025-07-03T17:54:26.341+0000] {processor.py:830} INFO - Processing file /home/airflow/.local/lib/python3.8/site-packages/airflow/example_dags/example_xcom.py for tasks to queue
[2025-07-03T17:54:26.343+0000] {logging_mixin.py:188} INFO - [2025-07-03T17:54:26.343+0000] {dagbag.py:538} INFO - Filling up the DagBag from /home/airflow/.local/lib/python3.8/site-packages/airflow/example_dags/example_xcom.py
[2025-07-03T17:54:26.369+0000] {processor.py:840} INFO - DAG(s) 'example_xcom' retrieved from /home/airflow/.local/lib/python3.8/site-packages/airflow/example_dags/example_xcom.py
[2025-07-03T17:54:26.430+0000] {logging_mixin.py:188} INFO - [2025-07-03T17:54:26.430+0000] {dag.py:3036} INFO - Sync 1 DAGs
[2025-07-03T17:54:26.506+0000] {logging_mixin.py:188} INFO - [2025-07-03T17:54:26.505+0000] {dag.py:3823} INFO - Setting next_dagrun for example_xcom to 2021-01-01 00:00:00+00:00, run_after=2021-01-01 00:00:00+00:00
[2025-07-03T17:54:26.551+0000] {processor.py:183} INFO - Processing /home/airflow/.local/lib/python3.8/site-packages/airflow/example_dags/example_xcom.py took 0.230 seconds
[2025-07-03T17:54:57.401+0000] {processor.py:161} INFO - Started process (PID=2659) to work on /home/airflow/.local/lib/python3.8/site-packages/airflow/example_dags/example_xcom.py
[2025-07-03T17:54:57.404+0000] {processor.py:830} INFO - Processing file /home/airflow/.local/lib/python3.8/site-packages/airflow/example_dags/example_xcom.py for tasks to queue
[2025-07-03T17:54:57.408+0000] {logging_mixin.py:188} INFO - [2025-07-03T17:54:57.407+0000] {dagbag.py:538} INFO - Filling up the DagBag from /home/airflow/.local/lib/python3.8/site-packages/airflow/example_dags/example_xcom.py
[2025-07-03T17:54:57.438+0000] {processor.py:840} INFO - DAG(s) 'example_xcom' retrieved from /home/airflow/.local/lib/python3.8/site-packages/airflow/example_dags/example_xcom.py
[2025-07-03T17:54:57.493+0000] {logging_mixin.py:188} INFO - [2025-07-03T17:54:57.492+0000] {dag.py:3036} INFO - Sync 1 DAGs
[2025-07-03T17:54:57.534+0000] {logging_mixin.py:188} INFO - [2025-07-03T17:54:57.533+0000] {dag.py:3823} INFO - Setting next_dagrun for example_xcom to 2021-01-01 00:00:00+00:00, run_after=2021-01-01 00:00:00+00:00
[2025-07-03T17:54:57.571+0000] {processor.py:183} INFO - Processing /home/airflow/.local/lib/python3.8/site-packages/airflow/example_dags/example_xcom.py took 0.183 seconds
[2025-07-03T17:55:27.984+0000] {processor.py:161} INFO - Started process (PID=2724) to work on /home/airflow/.local/lib/python3.8/site-packages/airflow/example_dags/example_xcom.py
[2025-07-03T17:55:27.986+0000] {processor.py:830} INFO - Processing file /home/airflow/.local/lib/python3.8/site-packages/airflow/example_dags/example_xcom.py for tasks to queue
[2025-07-03T17:55:27.988+0000] {logging_mixin.py:188} INFO - [2025-07-03T17:55:27.988+0000] {dagbag.py:538} INFO - Filling up the DagBag from /home/airflow/.local/lib/python3.8/site-packages/airflow/example_dags/example_xcom.py
[2025-07-03T17:55:28.002+0000] {processor.py:840} INFO - DAG(s) 'example_xcom' retrieved from /home/airflow/.local/lib/python3.8/site-packages/airflow/example_dags/example_xcom.py
[2025-07-03T17:55:28.037+0000] {logging_mixin.py:188} INFO - [2025-07-03T17:55:28.037+0000] {dag.py:3036} INFO - Sync 1 DAGs
[2025-07-03T17:55:28.077+0000] {logging_mixin.py:188} INFO - [2025-07-03T17:55:28.076+0000] {dag.py:3823} INFO - Setting next_dagrun for example_xcom to 2021-01-01 00:00:00+00:00, run_after=2021-01-01 00:00:00+00:00
[2025-07-03T17:55:28.111+0000] {processor.py:183} INFO - Processing /home/airflow/.local/lib/python3.8/site-packages/airflow/example_dags/example_xcom.py took 0.132 seconds
[2025-07-03T17:55:58.514+0000] {processor.py:161} INFO - Started process (PID=2789) to work on /home/airflow/.local/lib/python3.8/site-packages/airflow/example_dags/example_xcom.py
[2025-07-03T17:55:58.515+0000] {processor.py:830} INFO - Processing file /home/airflow/.local/lib/python3.8/site-packages/airflow/example_dags/example_xcom.py for tasks to queue
[2025-07-03T17:55:58.518+0000] {logging_mixin.py:188} INFO - [2025-07-03T17:55:58.518+0000] {dagbag.py:538} INFO - Filling up the DagBag from /home/airflow/.local/lib/python3.8/site-packages/airflow/example_dags/example_xcom.py
[2025-07-03T17:55:58.531+0000] {processor.py:840} INFO - DAG(s) 'example_xcom' retrieved from /home/airflow/.local/lib/python3.8/site-packages/airflow/example_dags/example_xcom.py
[2025-07-03T17:55:58.571+0000] {logging_mixin.py:188} INFO - [2025-07-03T17:55:58.570+0000] {dag.py:3036} INFO - Sync 1 DAGs
[2025-07-03T17:55:58.613+0000] {logging_mixin.py:188} INFO - [2025-07-03T17:55:58.612+0000] {dag.py:3823} INFO - Setting next_dagrun for example_xcom to 2021-01-01 00:00:00+00:00, run_after=2021-01-01 00:00:00+00:00
[2025-07-03T17:55:58.648+0000] {processor.py:183} INFO - Processing /home/airflow/.local/lib/python3.8/site-packages/airflow/example_dags/example_xcom.py took 0.139 seconds
[2025-07-03T17:56:29.230+0000] {processor.py:161} INFO - Started process (PID=2855) to work on /home/airflow/.local/lib/python3.8/site-packages/airflow/example_dags/example_xcom.py
[2025-07-03T17:56:29.233+0000] {processor.py:830} INFO - Processing file /home/airflow/.local/lib/python3.8/site-packages/airflow/example_dags/example_xcom.py for tasks to queue
[2025-07-03T17:56:29.240+0000] {logging_mixin.py:188} INFO - [2025-07-03T17:56:29.239+0000] {dagbag.py:538} INFO - Filling up the DagBag from /home/airflow/.local/lib/python3.8/site-packages/airflow/example_dags/example_xcom.py
[2025-07-03T17:56:29.273+0000] {processor.py:840} INFO - DAG(s) 'example_xcom' retrieved from /home/airflow/.local/lib/python3.8/site-packages/airflow/example_dags/example_xcom.py
[2025-07-03T17:56:29.322+0000] {logging_mixin.py:188} INFO - [2025-07-03T17:56:29.321+0000] {dag.py:3036} INFO - Sync 1 DAGs
[2025-07-03T17:56:29.383+0000] {logging_mixin.py:188} INFO - [2025-07-03T17:56:29.383+0000] {dag.py:3823} INFO - Setting next_dagrun for example_xcom to 2021-01-01 00:00:00+00:00, run_after=2021-01-01 00:00:00+00:00
[2025-07-03T17:56:29.477+0000] {processor.py:183} INFO - Processing /home/airflow/.local/lib/python3.8/site-packages/airflow/example_dags/example_xcom.py took 0.261 seconds
[2025-07-03T17:56:59.553+0000] {processor.py:161} INFO - Started process (PID=2919) to work on /home/airflow/.local/lib/python3.8/site-packages/airflow/example_dags/example_xcom.py
[2025-07-03T17:56:59.561+0000] {processor.py:830} INFO - Processing file /home/airflow/.local/lib/python3.8/site-packages/airflow/example_dags/example_xcom.py for tasks to queue
[2025-07-03T17:56:59.564+0000] {logging_mixin.py:188} INFO - [2025-07-03T17:56:59.564+0000] {dagbag.py:538} INFO - Filling up the DagBag from /home/airflow/.local/lib/python3.8/site-packages/airflow/example_dags/example_xcom.py
[2025-07-03T17:56:59.585+0000] {processor.py:840} INFO - DAG(s) 'example_xcom' retrieved from /home/airflow/.local/lib/python3.8/site-packages/airflow/example_dags/example_xcom.py
[2025-07-03T17:56:59.654+0000] {logging_mixin.py:188} INFO - [2025-07-03T17:56:59.653+0000] {dag.py:3036} INFO - Sync 1 DAGs
[2025-07-03T17:56:59.767+0000] {logging_mixin.py:188} INFO - [2025-07-03T17:56:59.766+0000] {dag.py:3823} INFO - Setting next_dagrun for example_xcom to 2021-01-01 00:00:00+00:00, run_after=2021-01-01 00:00:00+00:00
[2025-07-03T17:56:59.847+0000] {processor.py:183} INFO - Processing /home/airflow/.local/lib/python3.8/site-packages/airflow/example_dags/example_xcom.py took 0.306 seconds
[2025-07-03T17:57:30.127+0000] {processor.py:161} INFO - Started process (PID=2975) to work on /home/airflow/.local/lib/python3.8/site-packages/airflow/example_dags/example_xcom.py
[2025-07-03T17:57:30.128+0000] {processor.py:830} INFO - Processing file /home/airflow/.local/lib/python3.8/site-packages/airflow/example_dags/example_xcom.py for tasks to queue
[2025-07-03T17:57:30.150+0000] {logging_mixin.py:188} INFO - [2025-07-03T17:57:30.150+0000] {dagbag.py:538} INFO - Filling up the DagBag from /home/airflow/.local/lib/python3.8/site-packages/airflow/example_dags/example_xcom.py
[2025-07-03T17:57:30.226+0000] {processor.py:840} INFO - DAG(s) 'example_xcom' retrieved from /home/airflow/.local/lib/python3.8/site-packages/airflow/example_dags/example_xcom.py
[2025-07-03T17:57:30.359+0000] {logging_mixin.py:188} INFO - [2025-07-03T17:57:30.353+0000] {dag.py:3036} INFO - Sync 1 DAGs
[2025-07-03T17:57:30.539+0000] {logging_mixin.py:188} INFO - [2025-07-03T17:57:30.539+0000] {dag.py:3823} INFO - Setting next_dagrun for example_xcom to 2021-01-01 00:00:00+00:00, run_after=2021-01-01 00:00:00+00:00
[2025-07-03T17:57:30.704+0000] {processor.py:183} INFO - Processing /home/airflow/.local/lib/python3.8/site-packages/airflow/example_dags/example_xcom.py took 0.604 seconds
[2025-07-03T17:58:00.831+0000] {processor.py:161} INFO - Started process (PID=3041) to work on /home/airflow/.local/lib/python3.8/site-packages/airflow/example_dags/example_xcom.py
[2025-07-03T17:58:00.849+0000] {processor.py:830} INFO - Processing file /home/airflow/.local/lib/python3.8/site-packages/airflow/example_dags/example_xcom.py for tasks to queue
[2025-07-03T17:58:00.852+0000] {logging_mixin.py:188} INFO - [2025-07-03T17:58:00.851+0000] {dagbag.py:538} INFO - Filling up the DagBag from /home/airflow/.local/lib/python3.8/site-packages/airflow/example_dags/example_xcom.py
[2025-07-03T17:58:00.873+0000] {processor.py:840} INFO - DAG(s) 'example_xcom' retrieved from /home/airflow/.local/lib/python3.8/site-packages/airflow/example_dags/example_xcom.py
[2025-07-03T17:58:00.990+0000] {logging_mixin.py:188} INFO - [2025-07-03T17:58:00.989+0000] {dag.py:3036} INFO - Sync 1 DAGs
[2025-07-03T17:58:01.126+0000] {logging_mixin.py:188} INFO - [2025-07-03T17:58:01.125+0000] {dag.py:3823} INFO - Setting next_dagrun for example_xcom to 2021-01-01 00:00:00+00:00, run_after=2021-01-01 00:00:00+00:00
[2025-07-03T17:58:01.306+0000] {processor.py:183} INFO - Processing /home/airflow/.local/lib/python3.8/site-packages/airflow/example_dags/example_xcom.py took 0.503 seconds
[2025-07-03T17:58:31.840+0000] {processor.py:161} INFO - Started process (PID=3097) to work on /home/airflow/.local/lib/python3.8/site-packages/airflow/example_dags/example_xcom.py
[2025-07-03T17:58:31.841+0000] {processor.py:830} INFO - Processing file /home/airflow/.local/lib/python3.8/site-packages/airflow/example_dags/example_xcom.py for tasks to queue
[2025-07-03T17:58:31.844+0000] {logging_mixin.py:188} INFO - [2025-07-03T17:58:31.843+0000] {dagbag.py:538} INFO - Filling up the DagBag from /home/airflow/.local/lib/python3.8/site-packages/airflow/example_dags/example_xcom.py
[2025-07-03T17:58:31.857+0000] {processor.py:840} INFO - DAG(s) 'example_xcom' retrieved from /home/airflow/.local/lib/python3.8/site-packages/airflow/example_dags/example_xcom.py
[2025-07-03T17:58:31.896+0000] {logging_mixin.py:188} INFO - [2025-07-03T17:58:31.896+0000] {dag.py:3036} INFO - Sync 1 DAGs
[2025-07-03T17:58:31.930+0000] {logging_mixin.py:188} INFO - [2025-07-03T17:58:31.929+0000] {dag.py:3823} INFO - Setting next_dagrun for example_xcom to 2021-01-01 00:00:00+00:00, run_after=2021-01-01 00:00:00+00:00
[2025-07-03T17:58:31.957+0000] {processor.py:183} INFO - Processing /home/airflow/.local/lib/python3.8/site-packages/airflow/example_dags/example_xcom.py took 0.122 seconds
[2025-07-03T17:59:02.802+0000] {processor.py:161} INFO - Started process (PID=3170) to work on /home/airflow/.local/lib/python3.8/site-packages/airflow/example_dags/example_xcom.py
[2025-07-03T17:59:02.813+0000] {processor.py:830} INFO - Processing file /home/airflow/.local/lib/python3.8/site-packages/airflow/example_dags/example_xcom.py for tasks to queue
[2025-07-03T17:59:02.817+0000] {logging_mixin.py:188} INFO - [2025-07-03T17:59:02.816+0000] {dagbag.py:538} INFO - Filling up the DagBag from /home/airflow/.local/lib/python3.8/site-packages/airflow/example_dags/example_xcom.py
[2025-07-03T17:59:02.866+0000] {processor.py:840} INFO - DAG(s) 'example_xcom' retrieved from /home/airflow/.local/lib/python3.8/site-packages/airflow/example_dags/example_xcom.py
[2025-07-03T17:59:02.967+0000] {logging_mixin.py:188} INFO - [2025-07-03T17:59:02.967+0000] {dag.py:3036} INFO - Sync 1 DAGs
[2025-07-03T17:59:03.025+0000] {logging_mixin.py:188} INFO - [2025-07-03T17:59:03.024+0000] {dag.py:3823} INFO - Setting next_dagrun for example_xcom to 2021-01-01 00:00:00+00:00, run_after=2021-01-01 00:00:00+00:00
[2025-07-03T17:59:03.057+0000] {processor.py:183} INFO - Processing /home/airflow/.local/lib/python3.8/site-packages/airflow/example_dags/example_xcom.py took 0.271 seconds
[2025-07-03T17:59:33.955+0000] {processor.py:161} INFO - Started process (PID=3235) to work on /home/airflow/.local/lib/python3.8/site-packages/airflow/example_dags/example_xcom.py
[2025-07-03T17:59:33.961+0000] {processor.py:830} INFO - Processing file /home/airflow/.local/lib/python3.8/site-packages/airflow/example_dags/example_xcom.py for tasks to queue
[2025-07-03T17:59:33.963+0000] {logging_mixin.py:188} INFO - [2025-07-03T17:59:33.963+0000] {dagbag.py:538} INFO - Filling up the DagBag from /home/airflow/.local/lib/python3.8/site-packages/airflow/example_dags/example_xcom.py
[2025-07-03T17:59:34.046+0000] {processor.py:840} INFO - DAG(s) 'example_xcom' retrieved from /home/airflow/.local/lib/python3.8/site-packages/airflow/example_dags/example_xcom.py
[2025-07-03T17:59:34.194+0000] {logging_mixin.py:188} INFO - [2025-07-03T17:59:34.193+0000] {dag.py:3036} INFO - Sync 1 DAGs
[2025-07-03T17:59:34.258+0000] {logging_mixin.py:188} INFO - [2025-07-03T17:59:34.257+0000] {dag.py:3823} INFO - Setting next_dagrun for example_xcom to 2021-01-01 00:00:00+00:00, run_after=2021-01-01 00:00:00+00:00
[2025-07-03T17:59:34.290+0000] {processor.py:183} INFO - Processing /home/airflow/.local/lib/python3.8/site-packages/airflow/example_dags/example_xcom.py took 0.356 seconds
[2025-07-03T18:00:04.467+0000] {processor.py:161} INFO - Started process (PID=3298) to work on /home/airflow/.local/lib/python3.8/site-packages/airflow/example_dags/example_xcom.py
[2025-07-03T18:00:04.478+0000] {processor.py:830} INFO - Processing file /home/airflow/.local/lib/python3.8/site-packages/airflow/example_dags/example_xcom.py for tasks to queue
[2025-07-03T18:00:04.481+0000] {logging_mixin.py:188} INFO - [2025-07-03T18:00:04.480+0000] {dagbag.py:538} INFO - Filling up the DagBag from /home/airflow/.local/lib/python3.8/site-packages/airflow/example_dags/example_xcom.py
[2025-07-03T18:00:04.505+0000] {processor.py:840} INFO - DAG(s) 'example_xcom' retrieved from /home/airflow/.local/lib/python3.8/site-packages/airflow/example_dags/example_xcom.py
[2025-07-03T18:00:04.573+0000] {logging_mixin.py:188} INFO - [2025-07-03T18:00:04.572+0000] {dag.py:3036} INFO - Sync 1 DAGs
[2025-07-03T18:00:04.810+0000] {logging_mixin.py:188} INFO - [2025-07-03T18:00:04.810+0000] {dag.py:3823} INFO - Setting next_dagrun for example_xcom to 2021-01-01 00:00:00+00:00, run_after=2021-01-01 00:00:00+00:00
[2025-07-03T18:00:04.874+0000] {processor.py:183} INFO - Processing /home/airflow/.local/lib/python3.8/site-packages/airflow/example_dags/example_xcom.py took 0.412 seconds
[2025-07-03T18:00:35.345+0000] {processor.py:161} INFO - Started process (PID=3363) to work on /home/airflow/.local/lib/python3.8/site-packages/airflow/example_dags/example_xcom.py
[2025-07-03T18:00:35.353+0000] {processor.py:830} INFO - Processing file /home/airflow/.local/lib/python3.8/site-packages/airflow/example_dags/example_xcom.py for tasks to queue
[2025-07-03T18:00:35.355+0000] {logging_mixin.py:188} INFO - [2025-07-03T18:00:35.355+0000] {dagbag.py:538} INFO - Filling up the DagBag from /home/airflow/.local/lib/python3.8/site-packages/airflow/example_dags/example_xcom.py
[2025-07-03T18:00:35.374+0000] {processor.py:840} INFO - DAG(s) 'example_xcom' retrieved from /home/airflow/.local/lib/python3.8/site-packages/airflow/example_dags/example_xcom.py
[2025-07-03T18:00:35.417+0000] {logging_mixin.py:188} INFO - [2025-07-03T18:00:35.416+0000] {dag.py:3036} INFO - Sync 1 DAGs
[2025-07-03T18:00:35.457+0000] {logging_mixin.py:188} INFO - [2025-07-03T18:00:35.456+0000] {dag.py:3823} INFO - Setting next_dagrun for example_xcom to 2021-01-01 00:00:00+00:00, run_after=2021-01-01 00:00:00+00:00
[2025-07-03T18:00:35.785+0000] {processor.py:183} INFO - Processing /home/airflow/.local/lib/python3.8/site-packages/airflow/example_dags/example_xcom.py took 0.453 seconds
[2025-07-03T18:01:06.511+0000] {processor.py:161} INFO - Started process (PID=3419) to work on /home/airflow/.local/lib/python3.8/site-packages/airflow/example_dags/example_xcom.py
[2025-07-03T18:01:06.513+0000] {processor.py:830} INFO - Processing file /home/airflow/.local/lib/python3.8/site-packages/airflow/example_dags/example_xcom.py for tasks to queue
[2025-07-03T18:01:06.515+0000] {logging_mixin.py:188} INFO - [2025-07-03T18:01:06.514+0000] {dagbag.py:538} INFO - Filling up the DagBag from /home/airflow/.local/lib/python3.8/site-packages/airflow/example_dags/example_xcom.py
[2025-07-03T18:01:06.528+0000] {processor.py:840} INFO - DAG(s) 'example_xcom' retrieved from /home/airflow/.local/lib/python3.8/site-packages/airflow/example_dags/example_xcom.py
[2025-07-03T18:01:06.563+0000] {logging_mixin.py:188} INFO - [2025-07-03T18:01:06.563+0000] {dag.py:3036} INFO - Sync 1 DAGs
[2025-07-03T18:01:06.607+0000] {logging_mixin.py:188} INFO - [2025-07-03T18:01:06.606+0000] {dag.py:3823} INFO - Setting next_dagrun for example_xcom to 2021-01-01 00:00:00+00:00, run_after=2021-01-01 00:00:00+00:00
[2025-07-03T18:01:06.638+0000] {processor.py:183} INFO - Processing /home/airflow/.local/lib/python3.8/site-packages/airflow/example_dags/example_xcom.py took 0.131 seconds
[2025-07-03T18:01:37.027+0000] {processor.py:161} INFO - Started process (PID=3483) to work on /home/airflow/.local/lib/python3.8/site-packages/airflow/example_dags/example_xcom.py
[2025-07-03T18:01:37.041+0000] {processor.py:830} INFO - Processing file /home/airflow/.local/lib/python3.8/site-packages/airflow/example_dags/example_xcom.py for tasks to queue
[2025-07-03T18:01:37.044+0000] {logging_mixin.py:188} INFO - [2025-07-03T18:01:37.043+0000] {dagbag.py:538} INFO - Filling up the DagBag from /home/airflow/.local/lib/python3.8/site-packages/airflow/example_dags/example_xcom.py
[2025-07-03T18:01:37.088+0000] {processor.py:840} INFO - DAG(s) 'example_xcom' retrieved from /home/airflow/.local/lib/python3.8/site-packages/airflow/example_dags/example_xcom.py
[2025-07-03T18:01:37.202+0000] {logging_mixin.py:188} INFO - [2025-07-03T18:01:37.202+0000] {dag.py:3036} INFO - Sync 1 DAGs
[2025-07-03T18:01:37.317+0000] {logging_mixin.py:188} INFO - [2025-07-03T18:01:37.316+0000] {dag.py:3823} INFO - Setting next_dagrun for example_xcom to 2021-01-01 00:00:00+00:00, run_after=2021-01-01 00:00:00+00:00
[2025-07-03T18:01:37.473+0000] {processor.py:183} INFO - Processing /home/airflow/.local/lib/python3.8/site-packages/airflow/example_dags/example_xcom.py took 0.468 seconds
[2025-07-03T18:02:09.578+0000] {processor.py:161} INFO - Started process (PID=3549) to work on /home/airflow/.local/lib/python3.8/site-packages/airflow/example_dags/example_xcom.py
[2025-07-03T18:02:09.579+0000] {processor.py:830} INFO - Processing file /home/airflow/.local/lib/python3.8/site-packages/airflow/example_dags/example_xcom.py for tasks to queue
[2025-07-03T18:02:09.582+0000] {logging_mixin.py:188} INFO - [2025-07-03T18:02:09.581+0000] {dagbag.py:538} INFO - Filling up the DagBag from /home/airflow/.local/lib/python3.8/site-packages/airflow/example_dags/example_xcom.py
[2025-07-03T18:02:09.594+0000] {processor.py:840} INFO - DAG(s) 'example_xcom' retrieved from /home/airflow/.local/lib/python3.8/site-packages/airflow/example_dags/example_xcom.py
[2025-07-03T18:02:09.627+0000] {logging_mixin.py:188} INFO - [2025-07-03T18:02:09.627+0000] {dag.py:3036} INFO - Sync 1 DAGs
[2025-07-03T18:02:09.828+0000] {logging_mixin.py:188} INFO - [2025-07-03T18:02:09.828+0000] {dag.py:3823} INFO - Setting next_dagrun for example_xcom to 2021-01-01 00:00:00+00:00, run_after=2021-01-01 00:00:00+00:00
[2025-07-03T18:02:09.856+0000] {processor.py:183} INFO - Processing /home/airflow/.local/lib/python3.8/site-packages/airflow/example_dags/example_xcom.py took 0.283 seconds
[2025-07-03T18:02:40.237+0000] {processor.py:161} INFO - Started process (PID=3606) to work on /home/airflow/.local/lib/python3.8/site-packages/airflow/example_dags/example_xcom.py
[2025-07-03T18:02:40.239+0000] {processor.py:830} INFO - Processing file /home/airflow/.local/lib/python3.8/site-packages/airflow/example_dags/example_xcom.py for tasks to queue
[2025-07-03T18:02:40.241+0000] {logging_mixin.py:188} INFO - [2025-07-03T18:02:40.241+0000] {dagbag.py:538} INFO - Filling up the DagBag from /home/airflow/.local/lib/python3.8/site-packages/airflow/example_dags/example_xcom.py
[2025-07-03T18:02:40.254+0000] {processor.py:840} INFO - DAG(s) 'example_xcom' retrieved from /home/airflow/.local/lib/python3.8/site-packages/airflow/example_dags/example_xcom.py
[2025-07-03T18:02:40.279+0000] {logging_mixin.py:188} INFO - [2025-07-03T18:02:40.279+0000] {dag.py:3036} INFO - Sync 1 DAGs
[2025-07-03T18:02:40.309+0000] {logging_mixin.py:188} INFO - [2025-07-03T18:02:40.309+0000] {dag.py:3823} INFO - Setting next_dagrun for example_xcom to 2021-01-01 00:00:00+00:00, run_after=2021-01-01 00:00:00+00:00
[2025-07-03T18:02:40.476+0000] {processor.py:183} INFO - Processing /home/airflow/.local/lib/python3.8/site-packages/airflow/example_dags/example_xcom.py took 0.243 seconds
[2025-07-03T18:03:13.090+0000] {processor.py:161} INFO - Started process (PID=3671) to work on /home/airflow/.local/lib/python3.8/site-packages/airflow/example_dags/example_xcom.py
[2025-07-03T18:03:13.121+0000] {processor.py:830} INFO - Processing file /home/airflow/.local/lib/python3.8/site-packages/airflow/example_dags/example_xcom.py for tasks to queue
[2025-07-03T18:03:13.123+0000] {logging_mixin.py:188} INFO - [2025-07-03T18:03:13.123+0000] {dagbag.py:538} INFO - Filling up the DagBag from /home/airflow/.local/lib/python3.8/site-packages/airflow/example_dags/example_xcom.py
[2025-07-03T18:03:13.220+0000] {processor.py:840} INFO - DAG(s) 'example_xcom' retrieved from /home/airflow/.local/lib/python3.8/site-packages/airflow/example_dags/example_xcom.py
[2025-07-03T18:03:13.554+0000] {logging_mixin.py:188} INFO - [2025-07-03T18:03:13.554+0000] {dag.py:3036} INFO - Sync 1 DAGs
[2025-07-03T18:03:13.812+0000] {logging_mixin.py:188} INFO - [2025-07-03T18:03:13.812+0000] {dag.py:3823} INFO - Setting next_dagrun for example_xcom to 2021-01-01 00:00:00+00:00, run_after=2021-01-01 00:00:00+00:00
[2025-07-03T18:03:14.000+0000] {processor.py:183} INFO - Processing /home/airflow/.local/lib/python3.8/site-packages/airflow/example_dags/example_xcom.py took 0.975 seconds
[2025-07-03T18:04:48.972+0000] {processor.py:161} INFO - Started process (PID=3762) to work on /home/airflow/.local/lib/python3.8/site-packages/airflow/example_dags/example_xcom.py
[2025-07-03T18:04:49.057+0000] {processor.py:830} INFO - Processing file /home/airflow/.local/lib/python3.8/site-packages/airflow/example_dags/example_xcom.py for tasks to queue
[2025-07-03T18:04:49.090+0000] {logging_mixin.py:188} INFO - [2025-07-03T18:04:49.090+0000] {dagbag.py:538} INFO - Filling up the DagBag from /home/airflow/.local/lib/python3.8/site-packages/airflow/example_dags/example_xcom.py
[2025-07-03T18:04:49.367+0000] {processor.py:840} INFO - DAG(s) 'example_xcom' retrieved from /home/airflow/.local/lib/python3.8/site-packages/airflow/example_dags/example_xcom.py
[2025-07-03T18:04:50.101+0000] {logging_mixin.py:188} INFO - [2025-07-03T18:04:50.100+0000] {dag.py:3036} INFO - Sync 1 DAGs
[2025-07-03T18:04:51.310+0000] {logging_mixin.py:188} INFO - [2025-07-03T18:04:51.310+0000] {dag.py:3823} INFO - Setting next_dagrun for example_xcom to 2021-01-01 00:00:00+00:00, run_after=2021-01-01 00:00:00+00:00
[2025-07-03T18:04:52.089+0000] {processor.py:183} INFO - Processing /home/airflow/.local/lib/python3.8/site-packages/airflow/example_dags/example_xcom.py took 3.187 seconds
[2025-07-03T18:05:57.540+0000] {processor.py:161} INFO - Started process (PID=3817) to work on /home/airflow/.local/lib/python3.8/site-packages/airflow/example_dags/example_xcom.py
[2025-07-03T18:05:57.623+0000] {processor.py:830} INFO - Processing file /home/airflow/.local/lib/python3.8/site-packages/airflow/example_dags/example_xcom.py for tasks to queue
[2025-07-03T18:05:57.666+0000] {logging_mixin.py:188} INFO - [2025-07-03T18:05:57.665+0000] {dagbag.py:538} INFO - Filling up the DagBag from /home/airflow/.local/lib/python3.8/site-packages/airflow/example_dags/example_xcom.py
[2025-07-03T18:05:57.965+0000] {processor.py:840} INFO - DAG(s) 'example_xcom' retrieved from /home/airflow/.local/lib/python3.8/site-packages/airflow/example_dags/example_xcom.py
[2025-07-03T18:05:58.686+0000] {logging_mixin.py:188} INFO - [2025-07-03T18:05:58.685+0000] {dag.py:3036} INFO - Sync 1 DAGs
[2025-07-03T18:05:59.771+0000] {logging_mixin.py:188} INFO - [2025-07-03T18:05:59.771+0000] {dag.py:3823} INFO - Setting next_dagrun for example_xcom to 2021-01-01 00:00:00+00:00, run_after=2021-01-01 00:00:00+00:00
[2025-07-03T18:06:00.758+0000] {processor.py:183} INFO - Processing /home/airflow/.local/lib/python3.8/site-packages/airflow/example_dags/example_xcom.py took 3.317 seconds
[2025-07-03T18:07:23.775+0000] {processor.py:161} INFO - Started process (PID=3880) to work on /home/airflow/.local/lib/python3.8/site-packages/airflow/example_dags/example_xcom.py
[2025-07-03T18:07:23.915+0000] {processor.py:830} INFO - Processing file /home/airflow/.local/lib/python3.8/site-packages/airflow/example_dags/example_xcom.py for tasks to queue
[2025-07-03T18:07:24.110+0000] {logging_mixin.py:188} INFO - [2025-07-03T18:07:24.109+0000] {dagbag.py:538} INFO - Filling up the DagBag from /home/airflow/.local/lib/python3.8/site-packages/airflow/example_dags/example_xcom.py
[2025-07-03T18:07:24.494+0000] {processor.py:840} INFO - DAG(s) 'example_xcom' retrieved from /home/airflow/.local/lib/python3.8/site-packages/airflow/example_dags/example_xcom.py
[2025-07-03T18:07:25.399+0000] {logging_mixin.py:188} INFO - [2025-07-03T18:07:25.399+0000] {dag.py:3036} INFO - Sync 1 DAGs
[2025-07-03T18:07:26.933+0000] {logging_mixin.py:188} INFO - [2025-07-03T18:07:26.933+0000] {dag.py:3823} INFO - Setting next_dagrun for example_xcom to 2021-01-01 00:00:00+00:00, run_after=2021-01-01 00:00:00+00:00
[2025-07-03T18:07:27.866+0000] {processor.py:183} INFO - Processing /home/airflow/.local/lib/python3.8/site-packages/airflow/example_dags/example_xcom.py took 4.212 seconds
[2025-07-03T18:21:07.421+0000] {processor.py:161} INFO - Started process (PID=89) to work on /home/airflow/.local/lib/python3.8/site-packages/airflow/example_dags/example_xcom.py
[2025-07-03T18:21:07.430+0000] {processor.py:830} INFO - Processing file /home/airflow/.local/lib/python3.8/site-packages/airflow/example_dags/example_xcom.py for tasks to queue
[2025-07-03T18:21:07.433+0000] {logging_mixin.py:188} INFO - [2025-07-03T18:21:07.432+0000] {dagbag.py:538} INFO - Filling up the DagBag from /home/airflow/.local/lib/python3.8/site-packages/airflow/example_dags/example_xcom.py
[2025-07-03T18:21:07.475+0000] {processor.py:840} INFO - DAG(s) 'example_xcom' retrieved from /home/airflow/.local/lib/python3.8/site-packages/airflow/example_dags/example_xcom.py
[2025-07-03T18:21:07.554+0000] {logging_mixin.py:188} INFO - [2025-07-03T18:21:07.553+0000] {dag.py:3036} INFO - Sync 1 DAGs
[2025-07-03T18:21:07.651+0000] {logging_mixin.py:188} INFO - [2025-07-03T18:21:07.651+0000] {dag.py:3823} INFO - Setting next_dagrun for example_xcom to 2021-01-01 00:00:00+00:00, run_after=2021-01-01 00:00:00+00:00
[2025-07-03T18:21:07.703+0000] {processor.py:183} INFO - Processing /home/airflow/.local/lib/python3.8/site-packages/airflow/example_dags/example_xcom.py took 0.295 seconds
[2025-07-03T18:21:38.446+0000] {processor.py:161} INFO - Started process (PID=154) to work on /home/airflow/.local/lib/python3.8/site-packages/airflow/example_dags/example_xcom.py
[2025-07-03T18:21:38.447+0000] {processor.py:830} INFO - Processing file /home/airflow/.local/lib/python3.8/site-packages/airflow/example_dags/example_xcom.py for tasks to queue
[2025-07-03T18:21:38.451+0000] {logging_mixin.py:188} INFO - [2025-07-03T18:21:38.450+0000] {dagbag.py:538} INFO - Filling up the DagBag from /home/airflow/.local/lib/python3.8/site-packages/airflow/example_dags/example_xcom.py
[2025-07-03T18:21:38.469+0000] {processor.py:840} INFO - DAG(s) 'example_xcom' retrieved from /home/airflow/.local/lib/python3.8/site-packages/airflow/example_dags/example_xcom.py
[2025-07-03T18:21:38.502+0000] {logging_mixin.py:188} INFO - [2025-07-03T18:21:38.502+0000] {dag.py:3036} INFO - Sync 1 DAGs
[2025-07-03T18:21:38.543+0000] {logging_mixin.py:188} INFO - [2025-07-03T18:21:38.543+0000] {dag.py:3823} INFO - Setting next_dagrun for example_xcom to 2021-01-01 00:00:00+00:00, run_after=2021-01-01 00:00:00+00:00
[2025-07-03T18:21:38.590+0000] {processor.py:183} INFO - Processing /home/airflow/.local/lib/python3.8/site-packages/airflow/example_dags/example_xcom.py took 0.149 seconds
[2025-07-03T18:22:08.880+0000] {processor.py:161} INFO - Started process (PID=219) to work on /home/airflow/.local/lib/python3.8/site-packages/airflow/example_dags/example_xcom.py
[2025-07-03T18:22:08.882+0000] {processor.py:830} INFO - Processing file /home/airflow/.local/lib/python3.8/site-packages/airflow/example_dags/example_xcom.py for tasks to queue
[2025-07-03T18:22:08.898+0000] {logging_mixin.py:188} INFO - [2025-07-03T18:22:08.898+0000] {dagbag.py:538} INFO - Filling up the DagBag from /home/airflow/.local/lib/python3.8/site-packages/airflow/example_dags/example_xcom.py
[2025-07-03T18:22:08.911+0000] {processor.py:840} INFO - DAG(s) 'example_xcom' retrieved from /home/airflow/.local/lib/python3.8/site-packages/airflow/example_dags/example_xcom.py
[2025-07-03T18:22:08.984+0000] {logging_mixin.py:188} INFO - [2025-07-03T18:22:08.984+0000] {dag.py:3036} INFO - Sync 1 DAGs
[2025-07-03T18:22:09.066+0000] {logging_mixin.py:188} INFO - [2025-07-03T18:22:09.065+0000] {dag.py:3823} INFO - Setting next_dagrun for example_xcom to 2021-01-01 00:00:00+00:00, run_after=2021-01-01 00:00:00+00:00
[2025-07-03T18:22:09.112+0000] {processor.py:183} INFO - Processing /home/airflow/.local/lib/python3.8/site-packages/airflow/example_dags/example_xcom.py took 0.237 seconds
[2025-07-03T18:22:39.482+0000] {processor.py:161} INFO - Started process (PID=286) to work on /home/airflow/.local/lib/python3.8/site-packages/airflow/example_dags/example_xcom.py
[2025-07-03T18:22:39.483+0000] {processor.py:830} INFO - Processing file /home/airflow/.local/lib/python3.8/site-packages/airflow/example_dags/example_xcom.py for tasks to queue
[2025-07-03T18:22:39.485+0000] {logging_mixin.py:188} INFO - [2025-07-03T18:22:39.485+0000] {dagbag.py:538} INFO - Filling up the DagBag from /home/airflow/.local/lib/python3.8/site-packages/airflow/example_dags/example_xcom.py
[2025-07-03T18:22:39.494+0000] {processor.py:840} INFO - DAG(s) 'example_xcom' retrieved from /home/airflow/.local/lib/python3.8/site-packages/airflow/example_dags/example_xcom.py
[2025-07-03T18:22:39.521+0000] {logging_mixin.py:188} INFO - [2025-07-03T18:22:39.521+0000] {dag.py:3036} INFO - Sync 1 DAGs
[2025-07-03T18:22:39.552+0000] {logging_mixin.py:188} INFO - [2025-07-03T18:22:39.551+0000] {dag.py:3823} INFO - Setting next_dagrun for example_xcom to 2021-01-01 00:00:00+00:00, run_after=2021-01-01 00:00:00+00:00
[2025-07-03T18:22:39.577+0000] {processor.py:183} INFO - Processing /home/airflow/.local/lib/python3.8/site-packages/airflow/example_dags/example_xcom.py took 0.099 seconds
[2025-07-03T18:23:09.932+0000] {processor.py:161} INFO - Started process (PID=352) to work on /home/airflow/.local/lib/python3.8/site-packages/airflow/example_dags/example_xcom.py
[2025-07-03T18:23:09.933+0000] {processor.py:830} INFO - Processing file /home/airflow/.local/lib/python3.8/site-packages/airflow/example_dags/example_xcom.py for tasks to queue
[2025-07-03T18:23:09.935+0000] {logging_mixin.py:188} INFO - [2025-07-03T18:23:09.935+0000] {dagbag.py:538} INFO - Filling up the DagBag from /home/airflow/.local/lib/python3.8/site-packages/airflow/example_dags/example_xcom.py
[2025-07-03T18:23:09.944+0000] {processor.py:840} INFO - DAG(s) 'example_xcom' retrieved from /home/airflow/.local/lib/python3.8/site-packages/airflow/example_dags/example_xcom.py
[2025-07-03T18:23:09.971+0000] {logging_mixin.py:188} INFO - [2025-07-03T18:23:09.970+0000] {dag.py:3036} INFO - Sync 1 DAGs
[2025-07-03T18:23:10.001+0000] {logging_mixin.py:188} INFO - [2025-07-03T18:23:10.001+0000] {dag.py:3823} INFO - Setting next_dagrun for example_xcom to 2021-01-01 00:00:00+00:00, run_after=2021-01-01 00:00:00+00:00
[2025-07-03T18:23:10.025+0000] {processor.py:183} INFO - Processing /home/airflow/.local/lib/python3.8/site-packages/airflow/example_dags/example_xcom.py took 0.097 seconds
[2025-07-03T18:23:40.325+0000] {processor.py:161} INFO - Started process (PID=417) to work on /home/airflow/.local/lib/python3.8/site-packages/airflow/example_dags/example_xcom.py
[2025-07-03T18:23:40.326+0000] {processor.py:830} INFO - Processing file /home/airflow/.local/lib/python3.8/site-packages/airflow/example_dags/example_xcom.py for tasks to queue
[2025-07-03T18:23:40.328+0000] {logging_mixin.py:188} INFO - [2025-07-03T18:23:40.328+0000] {dagbag.py:538} INFO - Filling up the DagBag from /home/airflow/.local/lib/python3.8/site-packages/airflow/example_dags/example_xcom.py
[2025-07-03T18:23:40.337+0000] {processor.py:840} INFO - DAG(s) 'example_xcom' retrieved from /home/airflow/.local/lib/python3.8/site-packages/airflow/example_dags/example_xcom.py
[2025-07-03T18:23:40.364+0000] {logging_mixin.py:188} INFO - [2025-07-03T18:23:40.364+0000] {dag.py:3036} INFO - Sync 1 DAGs
[2025-07-03T18:23:40.394+0000] {logging_mixin.py:188} INFO - [2025-07-03T18:23:40.393+0000] {dag.py:3823} INFO - Setting next_dagrun for example_xcom to 2021-01-01 00:00:00+00:00, run_after=2021-01-01 00:00:00+00:00
[2025-07-03T18:23:40.418+0000] {processor.py:183} INFO - Processing /home/airflow/.local/lib/python3.8/site-packages/airflow/example_dags/example_xcom.py took 0.096 seconds
[2025-07-03T18:24:10.650+0000] {processor.py:161} INFO - Started process (PID=483) to work on /home/airflow/.local/lib/python3.8/site-packages/airflow/example_dags/example_xcom.py
[2025-07-03T18:24:10.654+0000] {processor.py:830} INFO - Processing file /home/airflow/.local/lib/python3.8/site-packages/airflow/example_dags/example_xcom.py for tasks to queue
[2025-07-03T18:24:10.656+0000] {logging_mixin.py:188} INFO - [2025-07-03T18:24:10.656+0000] {dagbag.py:538} INFO - Filling up the DagBag from /home/airflow/.local/lib/python3.8/site-packages/airflow/example_dags/example_xcom.py
[2025-07-03T18:24:10.667+0000] {processor.py:840} INFO - DAG(s) 'example_xcom' retrieved from /home/airflow/.local/lib/python3.8/site-packages/airflow/example_dags/example_xcom.py
[2025-07-03T18:24:10.702+0000] {logging_mixin.py:188} INFO - [2025-07-03T18:24:10.701+0000] {dag.py:3036} INFO - Sync 1 DAGs
[2025-07-03T18:24:10.741+0000] {logging_mixin.py:188} INFO - [2025-07-03T18:24:10.740+0000] {dag.py:3823} INFO - Setting next_dagrun for example_xcom to 2021-01-01 00:00:00+00:00, run_after=2021-01-01 00:00:00+00:00
[2025-07-03T18:24:10.772+0000] {processor.py:183} INFO - Processing /home/airflow/.local/lib/python3.8/site-packages/airflow/example_dags/example_xcom.py took 0.129 seconds
