[2025-07-03T17:35:33.923+0000] {processor.py:161} INFO - Started process (PID=226) to work on /home/airflow/.local/lib/python3.8/site-packages/airflow/example_dags/example_params_trigger_ui.py
[2025-07-03T17:35:33.924+0000] {processor.py:830} INFO - Processing file /home/airflow/.local/lib/python3.8/site-packages/airflow/example_dags/example_params_trigger_ui.py for tasks to queue
[2025-07-03T17:35:33.946+0000] {logging_mixin.py:188} INFO - [2025-07-03T17:35:33.946+0000] {dagbag.py:538} INFO - Filling up the DagBag from /home/airflow/.local/lib/python3.8/site-packages/airflow/example_dags/example_params_trigger_ui.py
[2025-07-03T17:35:34.134+0000] {processor.py:840} INFO - DAG(s) 'example_params_trigger_ui' retrieved from /home/airflow/.local/lib/python3.8/site-packages/airflow/example_dags/example_params_trigger_ui.py
[2025-07-03T17:35:35.622+0000] {logging_mixin.py:188} INFO - [2025-07-03T17:35:35.621+0000] {dag.py:3036} INFO - Sync 1 DAGs
[2025-07-03T17:35:35.661+0000] {logging_mixin.py:188} INFO - [2025-07-03T17:35:35.661+0000] {dag.py:3823} INFO - Setting next_dagrun for example_params_trigger_ui to None, run_after=None
[2025-07-03T17:35:35.740+0000] {processor.py:183} INFO - Processing /home/airflow/.local/lib/python3.8/site-packages/airflow/example_dags/example_params_trigger_ui.py took 1.830 seconds
[2025-07-03T17:36:06.765+0000] {processor.py:161} INFO - Started process (PID=290) to work on /home/airflow/.local/lib/python3.8/site-packages/airflow/example_dags/example_params_trigger_ui.py
[2025-07-03T17:36:06.766+0000] {processor.py:830} INFO - Processing file /home/airflow/.local/lib/python3.8/site-packages/airflow/example_dags/example_params_trigger_ui.py for tasks to queue
[2025-07-03T17:36:06.788+0000] {logging_mixin.py:188} INFO - [2025-07-03T17:36:06.768+0000] {dagbag.py:538} INFO - Filling up the DagBag from /home/airflow/.local/lib/python3.8/site-packages/airflow/example_dags/example_params_trigger_ui.py
[2025-07-03T17:36:06.991+0000] {processor.py:840} INFO - DAG(s) 'example_params_trigger_ui' retrieved from /home/airflow/.local/lib/python3.8/site-packages/airflow/example_dags/example_params_trigger_ui.py
[2025-07-03T17:36:08.042+0000] {logging_mixin.py:188} INFO - [2025-07-03T17:36:08.041+0000] {dag.py:3036} INFO - Sync 1 DAGs
[2025-07-03T17:36:08.164+0000] {logging_mixin.py:188} INFO - [2025-07-03T17:36:08.164+0000] {dag.py:3823} INFO - Setting next_dagrun for example_params_trigger_ui to None, run_after=None
[2025-07-03T17:36:08.375+0000] {processor.py:183} INFO - Processing /home/airflow/.local/lib/python3.8/site-packages/airflow/example_dags/example_params_trigger_ui.py took 1.669 seconds
[2025-07-03T17:36:38.859+0000] {processor.py:161} INFO - Started process (PID=348) to work on /home/airflow/.local/lib/python3.8/site-packages/airflow/example_dags/example_params_trigger_ui.py
[2025-07-03T17:36:38.861+0000] {processor.py:830} INFO - Processing file /home/airflow/.local/lib/python3.8/site-packages/airflow/example_dags/example_params_trigger_ui.py for tasks to queue
[2025-07-03T17:36:38.863+0000] {logging_mixin.py:188} INFO - [2025-07-03T17:36:38.863+0000] {dagbag.py:538} INFO - Filling up the DagBag from /home/airflow/.local/lib/python3.8/site-packages/airflow/example_dags/example_params_trigger_ui.py
[2025-07-03T17:36:38.921+0000] {processor.py:840} INFO - DAG(s) 'example_params_trigger_ui' retrieved from /home/airflow/.local/lib/python3.8/site-packages/airflow/example_dags/example_params_trigger_ui.py
[2025-07-03T17:36:39.214+0000] {logging_mixin.py:188} INFO - [2025-07-03T17:36:39.214+0000] {dag.py:3036} INFO - Sync 1 DAGs
[2025-07-03T17:36:39.275+0000] {logging_mixin.py:188} INFO - [2025-07-03T17:36:39.275+0000] {dag.py:3823} INFO - Setting next_dagrun for example_params_trigger_ui to None, run_after=None
[2025-07-03T17:36:39.365+0000] {processor.py:183} INFO - Processing /home/airflow/.local/lib/python3.8/site-packages/airflow/example_dags/example_params_trigger_ui.py took 0.523 seconds
[2025-07-03T17:37:09.696+0000] {processor.py:161} INFO - Started process (PID=410) to work on /home/airflow/.local/lib/python3.8/site-packages/airflow/example_dags/example_params_trigger_ui.py
[2025-07-03T17:37:09.699+0000] {processor.py:830} INFO - Processing file /home/airflow/.local/lib/python3.8/site-packages/airflow/example_dags/example_params_trigger_ui.py for tasks to queue
[2025-07-03T17:37:09.703+0000] {logging_mixin.py:188} INFO - [2025-07-03T17:37:09.702+0000] {dagbag.py:538} INFO - Filling up the DagBag from /home/airflow/.local/lib/python3.8/site-packages/airflow/example_dags/example_params_trigger_ui.py
[2025-07-03T17:37:09.772+0000] {processor.py:840} INFO - DAG(s) 'example_params_trigger_ui' retrieved from /home/airflow/.local/lib/python3.8/site-packages/airflow/example_dags/example_params_trigger_ui.py
[2025-07-03T17:37:10.422+0000] {logging_mixin.py:188} INFO - [2025-07-03T17:37:10.421+0000] {dag.py:3036} INFO - Sync 1 DAGs
[2025-07-03T17:37:10.575+0000] {logging_mixin.py:188} INFO - [2025-07-03T17:37:10.575+0000] {dag.py:3823} INFO - Setting next_dagrun for example_params_trigger_ui to None, run_after=None
[2025-07-03T17:37:10.821+0000] {processor.py:183} INFO - Processing /home/airflow/.local/lib/python3.8/site-packages/airflow/example_dags/example_params_trigger_ui.py took 1.138 seconds
[2025-07-03T17:37:41.124+0000] {processor.py:161} INFO - Started process (PID=466) to work on /home/airflow/.local/lib/python3.8/site-packages/airflow/example_dags/example_params_trigger_ui.py
[2025-07-03T17:37:41.132+0000] {processor.py:830} INFO - Processing file /home/airflow/.local/lib/python3.8/site-packages/airflow/example_dags/example_params_trigger_ui.py for tasks to queue
[2025-07-03T17:37:41.138+0000] {logging_mixin.py:188} INFO - [2025-07-03T17:37:41.136+0000] {dagbag.py:538} INFO - Filling up the DagBag from /home/airflow/.local/lib/python3.8/site-packages/airflow/example_dags/example_params_trigger_ui.py
[2025-07-03T17:37:41.251+0000] {processor.py:840} INFO - DAG(s) 'example_params_trigger_ui' retrieved from /home/airflow/.local/lib/python3.8/site-packages/airflow/example_dags/example_params_trigger_ui.py
[2025-07-03T17:37:41.654+0000] {logging_mixin.py:188} INFO - [2025-07-03T17:37:41.654+0000] {dag.py:3036} INFO - Sync 1 DAGs
[2025-07-03T17:37:41.692+0000] {logging_mixin.py:188} INFO - [2025-07-03T17:37:41.692+0000] {dag.py:3823} INFO - Setting next_dagrun for example_params_trigger_ui to None, run_after=None
[2025-07-03T17:37:41.818+0000] {processor.py:183} INFO - Processing /home/airflow/.local/lib/python3.8/site-packages/airflow/example_dags/example_params_trigger_ui.py took 0.731 seconds
[2025-07-03T17:38:12.093+0000] {processor.py:161} INFO - Started process (PID=531) to work on /home/airflow/.local/lib/python3.8/site-packages/airflow/example_dags/example_params_trigger_ui.py
[2025-07-03T17:38:12.105+0000] {processor.py:830} INFO - Processing file /home/airflow/.local/lib/python3.8/site-packages/airflow/example_dags/example_params_trigger_ui.py for tasks to queue
[2025-07-03T17:38:12.109+0000] {logging_mixin.py:188} INFO - [2025-07-03T17:38:12.109+0000] {dagbag.py:538} INFO - Filling up the DagBag from /home/airflow/.local/lib/python3.8/site-packages/airflow/example_dags/example_params_trigger_ui.py
[2025-07-03T17:38:12.166+0000] {processor.py:840} INFO - DAG(s) 'example_params_trigger_ui' retrieved from /home/airflow/.local/lib/python3.8/site-packages/airflow/example_dags/example_params_trigger_ui.py
[2025-07-03T17:38:12.439+0000] {logging_mixin.py:188} INFO - [2025-07-03T17:38:12.438+0000] {dag.py:3036} INFO - Sync 1 DAGs
[2025-07-03T17:38:12.480+0000] {logging_mixin.py:188} INFO - [2025-07-03T17:38:12.480+0000] {dag.py:3823} INFO - Setting next_dagrun for example_params_trigger_ui to None, run_after=None
[2025-07-03T17:38:12.666+0000] {processor.py:183} INFO - Processing /home/airflow/.local/lib/python3.8/site-packages/airflow/example_dags/example_params_trigger_ui.py took 0.589 seconds
[2025-07-03T17:38:43.075+0000] {processor.py:161} INFO - Started process (PID=588) to work on /home/airflow/.local/lib/python3.8/site-packages/airflow/example_dags/example_params_trigger_ui.py
[2025-07-03T17:38:43.087+0000] {processor.py:830} INFO - Processing file /home/airflow/.local/lib/python3.8/site-packages/airflow/example_dags/example_params_trigger_ui.py for tasks to queue
[2025-07-03T17:38:43.102+0000] {logging_mixin.py:188} INFO - [2025-07-03T17:38:43.102+0000] {dagbag.py:538} INFO - Filling up the DagBag from /home/airflow/.local/lib/python3.8/site-packages/airflow/example_dags/example_params_trigger_ui.py
[2025-07-03T17:38:43.158+0000] {processor.py:840} INFO - DAG(s) 'example_params_trigger_ui' retrieved from /home/airflow/.local/lib/python3.8/site-packages/airflow/example_dags/example_params_trigger_ui.py
[2025-07-03T17:38:43.328+0000] {logging_mixin.py:188} INFO - [2025-07-03T17:38:43.327+0000] {dag.py:3036} INFO - Sync 1 DAGs
[2025-07-03T17:38:43.367+0000] {logging_mixin.py:188} INFO - [2025-07-03T17:38:43.367+0000] {dag.py:3823} INFO - Setting next_dagrun for example_params_trigger_ui to None, run_after=None
[2025-07-03T17:38:43.438+0000] {processor.py:183} INFO - Processing /home/airflow/.local/lib/python3.8/site-packages/airflow/example_dags/example_params_trigger_ui.py took 0.381 seconds
[2025-07-03T17:39:14.098+0000] {processor.py:161} INFO - Started process (PID=652) to work on /home/airflow/.local/lib/python3.8/site-packages/airflow/example_dags/example_params_trigger_ui.py
[2025-07-03T17:39:14.100+0000] {processor.py:830} INFO - Processing file /home/airflow/.local/lib/python3.8/site-packages/airflow/example_dags/example_params_trigger_ui.py for tasks to queue
[2025-07-03T17:39:14.103+0000] {logging_mixin.py:188} INFO - [2025-07-03T17:39:14.103+0000] {dagbag.py:538} INFO - Filling up the DagBag from /home/airflow/.local/lib/python3.8/site-packages/airflow/example_dags/example_params_trigger_ui.py
[2025-07-03T17:39:14.128+0000] {processor.py:840} INFO - DAG(s) 'example_params_trigger_ui' retrieved from /home/airflow/.local/lib/python3.8/site-packages/airflow/example_dags/example_params_trigger_ui.py
[2025-07-03T17:39:14.252+0000] {logging_mixin.py:188} INFO - [2025-07-03T17:39:14.252+0000] {dag.py:3036} INFO - Sync 1 DAGs
[2025-07-03T17:39:14.287+0000] {logging_mixin.py:188} INFO - [2025-07-03T17:39:14.287+0000] {dag.py:3823} INFO - Setting next_dagrun for example_params_trigger_ui to None, run_after=None
[2025-07-03T17:39:14.335+0000] {processor.py:183} INFO - Processing /home/airflow/.local/lib/python3.8/site-packages/airflow/example_dags/example_params_trigger_ui.py took 0.242 seconds
[2025-07-03T17:39:44.634+0000] {processor.py:161} INFO - Started process (PID=718) to work on /home/airflow/.local/lib/python3.8/site-packages/airflow/example_dags/example_params_trigger_ui.py
[2025-07-03T17:39:44.635+0000] {processor.py:830} INFO - Processing file /home/airflow/.local/lib/python3.8/site-packages/airflow/example_dags/example_params_trigger_ui.py for tasks to queue
[2025-07-03T17:39:44.638+0000] {logging_mixin.py:188} INFO - [2025-07-03T17:39:44.638+0000] {dagbag.py:538} INFO - Filling up the DagBag from /home/airflow/.local/lib/python3.8/site-packages/airflow/example_dags/example_params_trigger_ui.py
[2025-07-03T17:39:44.661+0000] {processor.py:840} INFO - DAG(s) 'example_params_trigger_ui' retrieved from /home/airflow/.local/lib/python3.8/site-packages/airflow/example_dags/example_params_trigger_ui.py
[2025-07-03T17:39:44.777+0000] {logging_mixin.py:188} INFO - [2025-07-03T17:39:44.776+0000] {dag.py:3036} INFO - Sync 1 DAGs
[2025-07-03T17:39:44.800+0000] {logging_mixin.py:188} INFO - [2025-07-03T17:39:44.799+0000] {dag.py:3823} INFO - Setting next_dagrun for example_params_trigger_ui to None, run_after=None
[2025-07-03T17:39:44.831+0000] {processor.py:183} INFO - Processing /home/airflow/.local/lib/python3.8/site-packages/airflow/example_dags/example_params_trigger_ui.py took 0.202 seconds
[2025-07-03T17:40:15.068+0000] {processor.py:161} INFO - Started process (PID=784) to work on /home/airflow/.local/lib/python3.8/site-packages/airflow/example_dags/example_params_trigger_ui.py
[2025-07-03T17:40:15.070+0000] {processor.py:830} INFO - Processing file /home/airflow/.local/lib/python3.8/site-packages/airflow/example_dags/example_params_trigger_ui.py for tasks to queue
[2025-07-03T17:40:15.073+0000] {logging_mixin.py:188} INFO - [2025-07-03T17:40:15.073+0000] {dagbag.py:538} INFO - Filling up the DagBag from /home/airflow/.local/lib/python3.8/site-packages/airflow/example_dags/example_params_trigger_ui.py
[2025-07-03T17:40:15.143+0000] {processor.py:840} INFO - DAG(s) 'example_params_trigger_ui' retrieved from /home/airflow/.local/lib/python3.8/site-packages/airflow/example_dags/example_params_trigger_ui.py
[2025-07-03T17:40:15.719+0000] {logging_mixin.py:188} INFO - [2025-07-03T17:40:15.718+0000] {dag.py:3036} INFO - Sync 1 DAGs
[2025-07-03T17:40:15.767+0000] {logging_mixin.py:188} INFO - [2025-07-03T17:40:15.767+0000] {dag.py:3823} INFO - Setting next_dagrun for example_params_trigger_ui to None, run_after=None
[2025-07-03T17:40:15.850+0000] {processor.py:183} INFO - Processing /home/airflow/.local/lib/python3.8/site-packages/airflow/example_dags/example_params_trigger_ui.py took 0.795 seconds
[2025-07-03T17:40:46.196+0000] {processor.py:161} INFO - Started process (PID=849) to work on /home/airflow/.local/lib/python3.8/site-packages/airflow/example_dags/example_params_trigger_ui.py
[2025-07-03T17:40:46.197+0000] {processor.py:830} INFO - Processing file /home/airflow/.local/lib/python3.8/site-packages/airflow/example_dags/example_params_trigger_ui.py for tasks to queue
[2025-07-03T17:40:46.200+0000] {logging_mixin.py:188} INFO - [2025-07-03T17:40:46.200+0000] {dagbag.py:538} INFO - Filling up the DagBag from /home/airflow/.local/lib/python3.8/site-packages/airflow/example_dags/example_params_trigger_ui.py
[2025-07-03T17:40:46.246+0000] {processor.py:840} INFO - DAG(s) 'example_params_trigger_ui' retrieved from /home/airflow/.local/lib/python3.8/site-packages/airflow/example_dags/example_params_trigger_ui.py
[2025-07-03T17:40:46.490+0000] {logging_mixin.py:188} INFO - [2025-07-03T17:40:46.490+0000] {dag.py:3036} INFO - Sync 1 DAGs
[2025-07-03T17:40:46.541+0000] {logging_mixin.py:188} INFO - [2025-07-03T17:40:46.530+0000] {dag.py:3823} INFO - Setting next_dagrun for example_params_trigger_ui to None, run_after=None
[2025-07-03T17:40:46.603+0000] {processor.py:183} INFO - Processing /home/airflow/.local/lib/python3.8/site-packages/airflow/example_dags/example_params_trigger_ui.py took 0.422 seconds
[2025-07-03T17:41:16.846+0000] {processor.py:161} INFO - Started process (PID=913) to work on /home/airflow/.local/lib/python3.8/site-packages/airflow/example_dags/example_params_trigger_ui.py
[2025-07-03T17:41:16.848+0000] {processor.py:830} INFO - Processing file /home/airflow/.local/lib/python3.8/site-packages/airflow/example_dags/example_params_trigger_ui.py for tasks to queue
[2025-07-03T17:41:16.851+0000] {logging_mixin.py:188} INFO - [2025-07-03T17:41:16.850+0000] {dagbag.py:538} INFO - Filling up the DagBag from /home/airflow/.local/lib/python3.8/site-packages/airflow/example_dags/example_params_trigger_ui.py
[2025-07-03T17:41:16.876+0000] {processor.py:840} INFO - DAG(s) 'example_params_trigger_ui' retrieved from /home/airflow/.local/lib/python3.8/site-packages/airflow/example_dags/example_params_trigger_ui.py
[2025-07-03T17:41:17.061+0000] {logging_mixin.py:188} INFO - [2025-07-03T17:41:17.060+0000] {dag.py:3036} INFO - Sync 1 DAGs
[2025-07-03T17:41:17.083+0000] {logging_mixin.py:188} INFO - [2025-07-03T17:41:17.082+0000] {dag.py:3823} INFO - Setting next_dagrun for example_params_trigger_ui to None, run_after=None
[2025-07-03T17:41:17.150+0000] {processor.py:183} INFO - Processing /home/airflow/.local/lib/python3.8/site-packages/airflow/example_dags/example_params_trigger_ui.py took 0.309 seconds
[2025-07-03T17:41:47.538+0000] {processor.py:161} INFO - Started process (PID=979) to work on /home/airflow/.local/lib/python3.8/site-packages/airflow/example_dags/example_params_trigger_ui.py
[2025-07-03T17:41:47.541+0000] {processor.py:830} INFO - Processing file /home/airflow/.local/lib/python3.8/site-packages/airflow/example_dags/example_params_trigger_ui.py for tasks to queue
[2025-07-03T17:41:47.544+0000] {logging_mixin.py:188} INFO - [2025-07-03T17:41:47.543+0000] {dagbag.py:538} INFO - Filling up the DagBag from /home/airflow/.local/lib/python3.8/site-packages/airflow/example_dags/example_params_trigger_ui.py
[2025-07-03T17:41:47.599+0000] {processor.py:840} INFO - DAG(s) 'example_params_trigger_ui' retrieved from /home/airflow/.local/lib/python3.8/site-packages/airflow/example_dags/example_params_trigger_ui.py
[2025-07-03T17:41:47.726+0000] {logging_mixin.py:188} INFO - [2025-07-03T17:41:47.725+0000] {dag.py:3036} INFO - Sync 1 DAGs
[2025-07-03T17:41:47.759+0000] {logging_mixin.py:188} INFO - [2025-07-03T17:41:47.759+0000] {dag.py:3823} INFO - Setting next_dagrun for example_params_trigger_ui to None, run_after=None
[2025-07-03T17:41:47.848+0000] {processor.py:183} INFO - Processing /home/airflow/.local/lib/python3.8/site-packages/airflow/example_dags/example_params_trigger_ui.py took 0.319 seconds
[2025-07-03T17:42:18.705+0000] {processor.py:161} INFO - Started process (PID=1044) to work on /home/airflow/.local/lib/python3.8/site-packages/airflow/example_dags/example_params_trigger_ui.py
[2025-07-03T17:42:18.706+0000] {processor.py:830} INFO - Processing file /home/airflow/.local/lib/python3.8/site-packages/airflow/example_dags/example_params_trigger_ui.py for tasks to queue
[2025-07-03T17:42:18.709+0000] {logging_mixin.py:188} INFO - [2025-07-03T17:42:18.708+0000] {dagbag.py:538} INFO - Filling up the DagBag from /home/airflow/.local/lib/python3.8/site-packages/airflow/example_dags/example_params_trigger_ui.py
[2025-07-03T17:42:18.731+0000] {processor.py:840} INFO - DAG(s) 'example_params_trigger_ui' retrieved from /home/airflow/.local/lib/python3.8/site-packages/airflow/example_dags/example_params_trigger_ui.py
[2025-07-03T17:42:18.848+0000] {logging_mixin.py:188} INFO - [2025-07-03T17:42:18.847+0000] {dag.py:3036} INFO - Sync 1 DAGs
[2025-07-03T17:42:18.872+0000] {logging_mixin.py:188} INFO - [2025-07-03T17:42:18.871+0000] {dag.py:3823} INFO - Setting next_dagrun for example_params_trigger_ui to None, run_after=None
[2025-07-03T17:42:18.906+0000] {processor.py:183} INFO - Processing /home/airflow/.local/lib/python3.8/site-packages/airflow/example_dags/example_params_trigger_ui.py took 0.205 seconds
[2025-07-03T17:42:49.044+0000] {processor.py:161} INFO - Started process (PID=1109) to work on /home/airflow/.local/lib/python3.8/site-packages/airflow/example_dags/example_params_trigger_ui.py
[2025-07-03T17:42:49.046+0000] {processor.py:830} INFO - Processing file /home/airflow/.local/lib/python3.8/site-packages/airflow/example_dags/example_params_trigger_ui.py for tasks to queue
[2025-07-03T17:42:49.048+0000] {logging_mixin.py:188} INFO - [2025-07-03T17:42:49.048+0000] {dagbag.py:538} INFO - Filling up the DagBag from /home/airflow/.local/lib/python3.8/site-packages/airflow/example_dags/example_params_trigger_ui.py
[2025-07-03T17:42:49.072+0000] {processor.py:840} INFO - DAG(s) 'example_params_trigger_ui' retrieved from /home/airflow/.local/lib/python3.8/site-packages/airflow/example_dags/example_params_trigger_ui.py
[2025-07-03T17:42:49.193+0000] {logging_mixin.py:188} INFO - [2025-07-03T17:42:49.193+0000] {dag.py:3036} INFO - Sync 1 DAGs
[2025-07-03T17:42:49.216+0000] {logging_mixin.py:188} INFO - [2025-07-03T17:42:49.215+0000] {dag.py:3823} INFO - Setting next_dagrun for example_params_trigger_ui to None, run_after=None
[2025-07-03T17:42:49.248+0000] {processor.py:183} INFO - Processing /home/airflow/.local/lib/python3.8/site-packages/airflow/example_dags/example_params_trigger_ui.py took 0.209 seconds
[2025-07-03T17:43:19.409+0000] {processor.py:161} INFO - Started process (PID=1175) to work on /home/airflow/.local/lib/python3.8/site-packages/airflow/example_dags/example_params_trigger_ui.py
[2025-07-03T17:43:19.410+0000] {processor.py:830} INFO - Processing file /home/airflow/.local/lib/python3.8/site-packages/airflow/example_dags/example_params_trigger_ui.py for tasks to queue
[2025-07-03T17:43:19.421+0000] {logging_mixin.py:188} INFO - [2025-07-03T17:43:19.420+0000] {dagbag.py:538} INFO - Filling up the DagBag from /home/airflow/.local/lib/python3.8/site-packages/airflow/example_dags/example_params_trigger_ui.py
[2025-07-03T17:43:19.522+0000] {processor.py:840} INFO - DAG(s) 'example_params_trigger_ui' retrieved from /home/airflow/.local/lib/python3.8/site-packages/airflow/example_dags/example_params_trigger_ui.py
[2025-07-03T17:43:19.888+0000] {logging_mixin.py:188} INFO - [2025-07-03T17:43:19.888+0000] {dag.py:3036} INFO - Sync 1 DAGs
[2025-07-03T17:43:19.971+0000] {logging_mixin.py:188} INFO - [2025-07-03T17:43:19.970+0000] {dag.py:3823} INFO - Setting next_dagrun for example_params_trigger_ui to None, run_after=None
[2025-07-03T17:43:20.055+0000] {processor.py:183} INFO - Processing /home/airflow/.local/lib/python3.8/site-packages/airflow/example_dags/example_params_trigger_ui.py took 0.667 seconds
[2025-07-03T17:43:50.742+0000] {processor.py:161} INFO - Started process (PID=1241) to work on /home/airflow/.local/lib/python3.8/site-packages/airflow/example_dags/example_params_trigger_ui.py
[2025-07-03T17:43:50.744+0000] {processor.py:830} INFO - Processing file /home/airflow/.local/lib/python3.8/site-packages/airflow/example_dags/example_params_trigger_ui.py for tasks to queue
[2025-07-03T17:43:50.747+0000] {logging_mixin.py:188} INFO - [2025-07-03T17:43:50.746+0000] {dagbag.py:538} INFO - Filling up the DagBag from /home/airflow/.local/lib/python3.8/site-packages/airflow/example_dags/example_params_trigger_ui.py
[2025-07-03T17:43:50.791+0000] {processor.py:840} INFO - DAG(s) 'example_params_trigger_ui' retrieved from /home/airflow/.local/lib/python3.8/site-packages/airflow/example_dags/example_params_trigger_ui.py
[2025-07-03T17:43:51.074+0000] {logging_mixin.py:188} INFO - [2025-07-03T17:43:51.073+0000] {dag.py:3036} INFO - Sync 1 DAGs
[2025-07-03T17:43:51.123+0000] {logging_mixin.py:188} INFO - [2025-07-03T17:43:51.122+0000] {dag.py:3823} INFO - Setting next_dagrun for example_params_trigger_ui to None, run_after=None
[2025-07-03T17:43:51.180+0000] {processor.py:183} INFO - Processing /home/airflow/.local/lib/python3.8/site-packages/airflow/example_dags/example_params_trigger_ui.py took 0.455 seconds
[2025-07-03T17:44:21.587+0000] {processor.py:161} INFO - Started process (PID=1306) to work on /home/airflow/.local/lib/python3.8/site-packages/airflow/example_dags/example_params_trigger_ui.py
[2025-07-03T17:44:21.588+0000] {processor.py:830} INFO - Processing file /home/airflow/.local/lib/python3.8/site-packages/airflow/example_dags/example_params_trigger_ui.py for tasks to queue
[2025-07-03T17:44:21.591+0000] {logging_mixin.py:188} INFO - [2025-07-03T17:44:21.591+0000] {dagbag.py:538} INFO - Filling up the DagBag from /home/airflow/.local/lib/python3.8/site-packages/airflow/example_dags/example_params_trigger_ui.py
[2025-07-03T17:44:21.615+0000] {processor.py:840} INFO - DAG(s) 'example_params_trigger_ui' retrieved from /home/airflow/.local/lib/python3.8/site-packages/airflow/example_dags/example_params_trigger_ui.py
[2025-07-03T17:44:21.730+0000] {logging_mixin.py:188} INFO - [2025-07-03T17:44:21.729+0000] {dag.py:3036} INFO - Sync 1 DAGs
[2025-07-03T17:44:21.748+0000] {logging_mixin.py:188} INFO - [2025-07-03T17:44:21.748+0000] {dag.py:3823} INFO - Setting next_dagrun for example_params_trigger_ui to None, run_after=None
[2025-07-03T17:44:21.772+0000] {processor.py:183} INFO - Processing /home/airflow/.local/lib/python3.8/site-packages/airflow/example_dags/example_params_trigger_ui.py took 0.190 seconds
[2025-07-03T17:44:52.236+0000] {processor.py:161} INFO - Started process (PID=1371) to work on /home/airflow/.local/lib/python3.8/site-packages/airflow/example_dags/example_params_trigger_ui.py
[2025-07-03T17:44:52.239+0000] {processor.py:830} INFO - Processing file /home/airflow/.local/lib/python3.8/site-packages/airflow/example_dags/example_params_trigger_ui.py for tasks to queue
[2025-07-03T17:44:52.242+0000] {logging_mixin.py:188} INFO - [2025-07-03T17:44:52.241+0000] {dagbag.py:538} INFO - Filling up the DagBag from /home/airflow/.local/lib/python3.8/site-packages/airflow/example_dags/example_params_trigger_ui.py
[2025-07-03T17:44:52.271+0000] {processor.py:840} INFO - DAG(s) 'example_params_trigger_ui' retrieved from /home/airflow/.local/lib/python3.8/site-packages/airflow/example_dags/example_params_trigger_ui.py
[2025-07-03T17:44:52.385+0000] {logging_mixin.py:188} INFO - [2025-07-03T17:44:52.385+0000] {dag.py:3036} INFO - Sync 1 DAGs
[2025-07-03T17:44:52.402+0000] {logging_mixin.py:188} INFO - [2025-07-03T17:44:52.401+0000] {dag.py:3823} INFO - Setting next_dagrun for example_params_trigger_ui to None, run_after=None
[2025-07-03T17:44:52.427+0000] {processor.py:183} INFO - Processing /home/airflow/.local/lib/python3.8/site-packages/airflow/example_dags/example_params_trigger_ui.py took 0.195 seconds
[2025-07-03T17:45:22.647+0000] {processor.py:161} INFO - Started process (PID=1436) to work on /home/airflow/.local/lib/python3.8/site-packages/airflow/example_dags/example_params_trigger_ui.py
[2025-07-03T17:45:22.650+0000] {processor.py:830} INFO - Processing file /home/airflow/.local/lib/python3.8/site-packages/airflow/example_dags/example_params_trigger_ui.py for tasks to queue
[2025-07-03T17:45:22.664+0000] {logging_mixin.py:188} INFO - [2025-07-03T17:45:22.652+0000] {dagbag.py:538} INFO - Filling up the DagBag from /home/airflow/.local/lib/python3.8/site-packages/airflow/example_dags/example_params_trigger_ui.py
[2025-07-03T17:45:22.694+0000] {processor.py:840} INFO - DAG(s) 'example_params_trigger_ui' retrieved from /home/airflow/.local/lib/python3.8/site-packages/airflow/example_dags/example_params_trigger_ui.py
[2025-07-03T17:45:22.858+0000] {logging_mixin.py:188} INFO - [2025-07-03T17:45:22.858+0000] {dag.py:3036} INFO - Sync 1 DAGs
[2025-07-03T17:45:22.880+0000] {logging_mixin.py:188} INFO - [2025-07-03T17:45:22.880+0000] {dag.py:3823} INFO - Setting next_dagrun for example_params_trigger_ui to None, run_after=None
[2025-07-03T17:45:22.906+0000] {processor.py:183} INFO - Processing /home/airflow/.local/lib/python3.8/site-packages/airflow/example_dags/example_params_trigger_ui.py took 0.264 seconds
[2025-07-03T17:45:53.786+0000] {processor.py:161} INFO - Started process (PID=1501) to work on /home/airflow/.local/lib/python3.8/site-packages/airflow/example_dags/example_params_trigger_ui.py
[2025-07-03T17:45:53.788+0000] {processor.py:830} INFO - Processing file /home/airflow/.local/lib/python3.8/site-packages/airflow/example_dags/example_params_trigger_ui.py for tasks to queue
[2025-07-03T17:45:53.791+0000] {logging_mixin.py:188} INFO - [2025-07-03T17:45:53.790+0000] {dagbag.py:538} INFO - Filling up the DagBag from /home/airflow/.local/lib/python3.8/site-packages/airflow/example_dags/example_params_trigger_ui.py
[2025-07-03T17:45:53.813+0000] {processor.py:840} INFO - DAG(s) 'example_params_trigger_ui' retrieved from /home/airflow/.local/lib/python3.8/site-packages/airflow/example_dags/example_params_trigger_ui.py
[2025-07-03T17:45:53.953+0000] {logging_mixin.py:188} INFO - [2025-07-03T17:45:53.953+0000] {dag.py:3036} INFO - Sync 1 DAGs
[2025-07-03T17:45:53.970+0000] {logging_mixin.py:188} INFO - [2025-07-03T17:45:53.969+0000] {dag.py:3823} INFO - Setting next_dagrun for example_params_trigger_ui to None, run_after=None
[2025-07-03T17:45:53.993+0000] {processor.py:183} INFO - Processing /home/airflow/.local/lib/python3.8/site-packages/airflow/example_dags/example_params_trigger_ui.py took 0.213 seconds
[2025-07-03T17:46:24.230+0000] {processor.py:161} INFO - Started process (PID=1567) to work on /home/airflow/.local/lib/python3.8/site-packages/airflow/example_dags/example_params_trigger_ui.py
[2025-07-03T17:46:24.235+0000] {processor.py:830} INFO - Processing file /home/airflow/.local/lib/python3.8/site-packages/airflow/example_dags/example_params_trigger_ui.py for tasks to queue
[2025-07-03T17:46:24.239+0000] {logging_mixin.py:188} INFO - [2025-07-03T17:46:24.238+0000] {dagbag.py:538} INFO - Filling up the DagBag from /home/airflow/.local/lib/python3.8/site-packages/airflow/example_dags/example_params_trigger_ui.py
[2025-07-03T17:46:24.266+0000] {processor.py:840} INFO - DAG(s) 'example_params_trigger_ui' retrieved from /home/airflow/.local/lib/python3.8/site-packages/airflow/example_dags/example_params_trigger_ui.py
[2025-07-03T17:46:24.384+0000] {logging_mixin.py:188} INFO - [2025-07-03T17:46:24.384+0000] {dag.py:3036} INFO - Sync 1 DAGs
[2025-07-03T17:46:24.407+0000] {logging_mixin.py:188} INFO - [2025-07-03T17:46:24.406+0000] {dag.py:3823} INFO - Setting next_dagrun for example_params_trigger_ui to None, run_after=None
[2025-07-03T17:46:24.458+0000] {processor.py:183} INFO - Processing /home/airflow/.local/lib/python3.8/site-packages/airflow/example_dags/example_params_trigger_ui.py took 0.233 seconds
[2025-07-03T17:46:54.511+0000] {processor.py:161} INFO - Started process (PID=1630) to work on /home/airflow/.local/lib/python3.8/site-packages/airflow/example_dags/example_params_trigger_ui.py
[2025-07-03T17:46:54.526+0000] {processor.py:830} INFO - Processing file /home/airflow/.local/lib/python3.8/site-packages/airflow/example_dags/example_params_trigger_ui.py for tasks to queue
[2025-07-03T17:46:54.528+0000] {logging_mixin.py:188} INFO - [2025-07-03T17:46:54.528+0000] {dagbag.py:538} INFO - Filling up the DagBag from /home/airflow/.local/lib/python3.8/site-packages/airflow/example_dags/example_params_trigger_ui.py
[2025-07-03T17:46:54.573+0000] {processor.py:840} INFO - DAG(s) 'example_params_trigger_ui' retrieved from /home/airflow/.local/lib/python3.8/site-packages/airflow/example_dags/example_params_trigger_ui.py
[2025-07-03T17:46:54.729+0000] {logging_mixin.py:188} INFO - [2025-07-03T17:46:54.728+0000] {dag.py:3036} INFO - Sync 1 DAGs
[2025-07-03T17:46:54.766+0000] {logging_mixin.py:188} INFO - [2025-07-03T17:46:54.765+0000] {dag.py:3823} INFO - Setting next_dagrun for example_params_trigger_ui to None, run_after=None
[2025-07-03T17:46:54.832+0000] {processor.py:183} INFO - Processing /home/airflow/.local/lib/python3.8/site-packages/airflow/example_dags/example_params_trigger_ui.py took 0.326 seconds
[2025-07-03T17:47:24.938+0000] {processor.py:161} INFO - Started process (PID=1695) to work on /home/airflow/.local/lib/python3.8/site-packages/airflow/example_dags/example_params_trigger_ui.py
[2025-07-03T17:47:24.940+0000] {processor.py:830} INFO - Processing file /home/airflow/.local/lib/python3.8/site-packages/airflow/example_dags/example_params_trigger_ui.py for tasks to queue
[2025-07-03T17:47:24.942+0000] {logging_mixin.py:188} INFO - [2025-07-03T17:47:24.941+0000] {dagbag.py:538} INFO - Filling up the DagBag from /home/airflow/.local/lib/python3.8/site-packages/airflow/example_dags/example_params_trigger_ui.py
[2025-07-03T17:47:24.963+0000] {processor.py:840} INFO - DAG(s) 'example_params_trigger_ui' retrieved from /home/airflow/.local/lib/python3.8/site-packages/airflow/example_dags/example_params_trigger_ui.py
[2025-07-03T17:47:25.081+0000] {logging_mixin.py:188} INFO - [2025-07-03T17:47:25.080+0000] {dag.py:3036} INFO - Sync 1 DAGs
[2025-07-03T17:47:25.099+0000] {logging_mixin.py:188} INFO - [2025-07-03T17:47:25.099+0000] {dag.py:3823} INFO - Setting next_dagrun for example_params_trigger_ui to None, run_after=None
[2025-07-03T17:47:25.124+0000] {processor.py:183} INFO - Processing /home/airflow/.local/lib/python3.8/site-packages/airflow/example_dags/example_params_trigger_ui.py took 0.190 seconds
[2025-07-03T17:47:55.190+0000] {processor.py:161} INFO - Started process (PID=1760) to work on /home/airflow/.local/lib/python3.8/site-packages/airflow/example_dags/example_params_trigger_ui.py
[2025-07-03T17:47:55.192+0000] {processor.py:830} INFO - Processing file /home/airflow/.local/lib/python3.8/site-packages/airflow/example_dags/example_params_trigger_ui.py for tasks to queue
[2025-07-03T17:47:55.195+0000] {logging_mixin.py:188} INFO - [2025-07-03T17:47:55.194+0000] {dagbag.py:538} INFO - Filling up the DagBag from /home/airflow/.local/lib/python3.8/site-packages/airflow/example_dags/example_params_trigger_ui.py
[2025-07-03T17:47:55.227+0000] {processor.py:840} INFO - DAG(s) 'example_params_trigger_ui' retrieved from /home/airflow/.local/lib/python3.8/site-packages/airflow/example_dags/example_params_trigger_ui.py
[2025-07-03T17:47:55.343+0000] {logging_mixin.py:188} INFO - [2025-07-03T17:47:55.343+0000] {dag.py:3036} INFO - Sync 1 DAGs
[2025-07-03T17:47:55.362+0000] {logging_mixin.py:188} INFO - [2025-07-03T17:47:55.361+0000] {dag.py:3823} INFO - Setting next_dagrun for example_params_trigger_ui to None, run_after=None
[2025-07-03T17:47:55.389+0000] {processor.py:183} INFO - Processing /home/airflow/.local/lib/python3.8/site-packages/airflow/example_dags/example_params_trigger_ui.py took 0.204 seconds
[2025-07-03T17:48:25.667+0000] {processor.py:161} INFO - Started process (PID=1825) to work on /home/airflow/.local/lib/python3.8/site-packages/airflow/example_dags/example_params_trigger_ui.py
[2025-07-03T17:48:25.669+0000] {processor.py:830} INFO - Processing file /home/airflow/.local/lib/python3.8/site-packages/airflow/example_dags/example_params_trigger_ui.py for tasks to queue
[2025-07-03T17:48:25.675+0000] {logging_mixin.py:188} INFO - [2025-07-03T17:48:25.674+0000] {dagbag.py:538} INFO - Filling up the DagBag from /home/airflow/.local/lib/python3.8/site-packages/airflow/example_dags/example_params_trigger_ui.py
[2025-07-03T17:48:25.756+0000] {processor.py:840} INFO - DAG(s) 'example_params_trigger_ui' retrieved from /home/airflow/.local/lib/python3.8/site-packages/airflow/example_dags/example_params_trigger_ui.py
[2025-07-03T17:48:25.891+0000] {logging_mixin.py:188} INFO - [2025-07-03T17:48:25.891+0000] {dag.py:3036} INFO - Sync 1 DAGs
[2025-07-03T17:48:25.912+0000] {logging_mixin.py:188} INFO - [2025-07-03T17:48:25.912+0000] {dag.py:3823} INFO - Setting next_dagrun for example_params_trigger_ui to None, run_after=None
[2025-07-03T17:48:25.936+0000] {processor.py:183} INFO - Processing /home/airflow/.local/lib/python3.8/site-packages/airflow/example_dags/example_params_trigger_ui.py took 0.287 seconds
[2025-07-03T17:48:56.064+0000] {processor.py:161} INFO - Started process (PID=1891) to work on /home/airflow/.local/lib/python3.8/site-packages/airflow/example_dags/example_params_trigger_ui.py
[2025-07-03T17:48:56.066+0000] {processor.py:830} INFO - Processing file /home/airflow/.local/lib/python3.8/site-packages/airflow/example_dags/example_params_trigger_ui.py for tasks to queue
[2025-07-03T17:48:56.068+0000] {logging_mixin.py:188} INFO - [2025-07-03T17:48:56.068+0000] {dagbag.py:538} INFO - Filling up the DagBag from /home/airflow/.local/lib/python3.8/site-packages/airflow/example_dags/example_params_trigger_ui.py
[2025-07-03T17:48:56.091+0000] {processor.py:840} INFO - DAG(s) 'example_params_trigger_ui' retrieved from /home/airflow/.local/lib/python3.8/site-packages/airflow/example_dags/example_params_trigger_ui.py
[2025-07-03T17:48:56.208+0000] {logging_mixin.py:188} INFO - [2025-07-03T17:48:56.207+0000] {dag.py:3036} INFO - Sync 1 DAGs
[2025-07-03T17:48:56.226+0000] {logging_mixin.py:188} INFO - [2025-07-03T17:48:56.226+0000] {dag.py:3823} INFO - Setting next_dagrun for example_params_trigger_ui to None, run_after=None
[2025-07-03T17:48:56.251+0000] {processor.py:183} INFO - Processing /home/airflow/.local/lib/python3.8/site-packages/airflow/example_dags/example_params_trigger_ui.py took 0.192 seconds
[2025-07-03T17:49:26.366+0000] {processor.py:161} INFO - Started process (PID=1956) to work on /home/airflow/.local/lib/python3.8/site-packages/airflow/example_dags/example_params_trigger_ui.py
[2025-07-03T17:49:26.367+0000] {processor.py:830} INFO - Processing file /home/airflow/.local/lib/python3.8/site-packages/airflow/example_dags/example_params_trigger_ui.py for tasks to queue
[2025-07-03T17:49:26.374+0000] {logging_mixin.py:188} INFO - [2025-07-03T17:49:26.373+0000] {dagbag.py:538} INFO - Filling up the DagBag from /home/airflow/.local/lib/python3.8/site-packages/airflow/example_dags/example_params_trigger_ui.py
[2025-07-03T17:49:26.450+0000] {processor.py:840} INFO - DAG(s) 'example_params_trigger_ui' retrieved from /home/airflow/.local/lib/python3.8/site-packages/airflow/example_dags/example_params_trigger_ui.py
[2025-07-03T17:49:26.689+0000] {logging_mixin.py:188} INFO - [2025-07-03T17:49:26.689+0000] {dag.py:3036} INFO - Sync 1 DAGs
[2025-07-03T17:49:26.723+0000] {logging_mixin.py:188} INFO - [2025-07-03T17:49:26.723+0000] {dag.py:3823} INFO - Setting next_dagrun for example_params_trigger_ui to None, run_after=None
[2025-07-03T17:49:26.770+0000] {processor.py:183} INFO - Processing /home/airflow/.local/lib/python3.8/site-packages/airflow/example_dags/example_params_trigger_ui.py took 0.432 seconds
[2025-07-03T17:49:57.586+0000] {processor.py:161} INFO - Started process (PID=2020) to work on /home/airflow/.local/lib/python3.8/site-packages/airflow/example_dags/example_params_trigger_ui.py
[2025-07-03T17:49:57.592+0000] {processor.py:830} INFO - Processing file /home/airflow/.local/lib/python3.8/site-packages/airflow/example_dags/example_params_trigger_ui.py for tasks to queue
[2025-07-03T17:49:57.598+0000] {logging_mixin.py:188} INFO - [2025-07-03T17:49:57.597+0000] {dagbag.py:538} INFO - Filling up the DagBag from /home/airflow/.local/lib/python3.8/site-packages/airflow/example_dags/example_params_trigger_ui.py
[2025-07-03T17:49:57.630+0000] {processor.py:840} INFO - DAG(s) 'example_params_trigger_ui' retrieved from /home/airflow/.local/lib/python3.8/site-packages/airflow/example_dags/example_params_trigger_ui.py
[2025-07-03T17:49:57.760+0000] {logging_mixin.py:188} INFO - [2025-07-03T17:49:57.760+0000] {dag.py:3036} INFO - Sync 1 DAGs
[2025-07-03T17:49:57.783+0000] {logging_mixin.py:188} INFO - [2025-07-03T17:49:57.783+0000] {dag.py:3823} INFO - Setting next_dagrun for example_params_trigger_ui to None, run_after=None
[2025-07-03T17:49:57.843+0000] {processor.py:183} INFO - Processing /home/airflow/.local/lib/python3.8/site-packages/airflow/example_dags/example_params_trigger_ui.py took 0.274 seconds
[2025-07-03T17:50:28.329+0000] {processor.py:161} INFO - Started process (PID=2086) to work on /home/airflow/.local/lib/python3.8/site-packages/airflow/example_dags/example_params_trigger_ui.py
[2025-07-03T17:50:28.331+0000] {processor.py:830} INFO - Processing file /home/airflow/.local/lib/python3.8/site-packages/airflow/example_dags/example_params_trigger_ui.py for tasks to queue
[2025-07-03T17:50:28.337+0000] {logging_mixin.py:188} INFO - [2025-07-03T17:50:28.336+0000] {dagbag.py:538} INFO - Filling up the DagBag from /home/airflow/.local/lib/python3.8/site-packages/airflow/example_dags/example_params_trigger_ui.py
[2025-07-03T17:50:28.383+0000] {processor.py:840} INFO - DAG(s) 'example_params_trigger_ui' retrieved from /home/airflow/.local/lib/python3.8/site-packages/airflow/example_dags/example_params_trigger_ui.py
[2025-07-03T17:50:28.522+0000] {logging_mixin.py:188} INFO - [2025-07-03T17:50:28.522+0000] {dag.py:3036} INFO - Sync 1 DAGs
[2025-07-03T17:50:28.542+0000] {logging_mixin.py:188} INFO - [2025-07-03T17:50:28.542+0000] {dag.py:3823} INFO - Setting next_dagrun for example_params_trigger_ui to None, run_after=None
[2025-07-03T17:50:28.567+0000] {processor.py:183} INFO - Processing /home/airflow/.local/lib/python3.8/site-packages/airflow/example_dags/example_params_trigger_ui.py took 0.251 seconds
[2025-07-03T17:50:58.718+0000] {processor.py:161} INFO - Started process (PID=2150) to work on /home/airflow/.local/lib/python3.8/site-packages/airflow/example_dags/example_params_trigger_ui.py
[2025-07-03T17:50:58.720+0000] {processor.py:830} INFO - Processing file /home/airflow/.local/lib/python3.8/site-packages/airflow/example_dags/example_params_trigger_ui.py for tasks to queue
[2025-07-03T17:50:58.722+0000] {logging_mixin.py:188} INFO - [2025-07-03T17:50:58.722+0000] {dagbag.py:538} INFO - Filling up the DagBag from /home/airflow/.local/lib/python3.8/site-packages/airflow/example_dags/example_params_trigger_ui.py
[2025-07-03T17:50:58.745+0000] {processor.py:840} INFO - DAG(s) 'example_params_trigger_ui' retrieved from /home/airflow/.local/lib/python3.8/site-packages/airflow/example_dags/example_params_trigger_ui.py
[2025-07-03T17:50:58.861+0000] {logging_mixin.py:188} INFO - [2025-07-03T17:50:58.861+0000] {dag.py:3036} INFO - Sync 1 DAGs
[2025-07-03T17:50:58.877+0000] {logging_mixin.py:188} INFO - [2025-07-03T17:50:58.877+0000] {dag.py:3823} INFO - Setting next_dagrun for example_params_trigger_ui to None, run_after=None
[2025-07-03T17:50:58.902+0000] {processor.py:183} INFO - Processing /home/airflow/.local/lib/python3.8/site-packages/airflow/example_dags/example_params_trigger_ui.py took 0.189 seconds
[2025-07-03T17:51:29.204+0000] {processor.py:161} INFO - Started process (PID=2215) to work on /home/airflow/.local/lib/python3.8/site-packages/airflow/example_dags/example_params_trigger_ui.py
[2025-07-03T17:51:29.206+0000] {processor.py:830} INFO - Processing file /home/airflow/.local/lib/python3.8/site-packages/airflow/example_dags/example_params_trigger_ui.py for tasks to queue
[2025-07-03T17:51:29.209+0000] {logging_mixin.py:188} INFO - [2025-07-03T17:51:29.208+0000] {dagbag.py:538} INFO - Filling up the DagBag from /home/airflow/.local/lib/python3.8/site-packages/airflow/example_dags/example_params_trigger_ui.py
[2025-07-03T17:51:29.232+0000] {processor.py:840} INFO - DAG(s) 'example_params_trigger_ui' retrieved from /home/airflow/.local/lib/python3.8/site-packages/airflow/example_dags/example_params_trigger_ui.py
[2025-07-03T17:51:29.347+0000] {logging_mixin.py:188} INFO - [2025-07-03T17:51:29.346+0000] {dag.py:3036} INFO - Sync 1 DAGs
[2025-07-03T17:51:29.366+0000] {logging_mixin.py:188} INFO - [2025-07-03T17:51:29.365+0000] {dag.py:3823} INFO - Setting next_dagrun for example_params_trigger_ui to None, run_after=None
[2025-07-03T17:51:29.392+0000] {processor.py:183} INFO - Processing /home/airflow/.local/lib/python3.8/site-packages/airflow/example_dags/example_params_trigger_ui.py took 0.192 seconds
[2025-07-03T17:51:59.706+0000] {processor.py:161} INFO - Started process (PID=2280) to work on /home/airflow/.local/lib/python3.8/site-packages/airflow/example_dags/example_params_trigger_ui.py
[2025-07-03T17:51:59.708+0000] {processor.py:830} INFO - Processing file /home/airflow/.local/lib/python3.8/site-packages/airflow/example_dags/example_params_trigger_ui.py for tasks to queue
[2025-07-03T17:51:59.711+0000] {logging_mixin.py:188} INFO - [2025-07-03T17:51:59.710+0000] {dagbag.py:538} INFO - Filling up the DagBag from /home/airflow/.local/lib/python3.8/site-packages/airflow/example_dags/example_params_trigger_ui.py
[2025-07-03T17:51:59.734+0000] {processor.py:840} INFO - DAG(s) 'example_params_trigger_ui' retrieved from /home/airflow/.local/lib/python3.8/site-packages/airflow/example_dags/example_params_trigger_ui.py
[2025-07-03T17:51:59.849+0000] {logging_mixin.py:188} INFO - [2025-07-03T17:51:59.848+0000] {dag.py:3036} INFO - Sync 1 DAGs
[2025-07-03T17:51:59.868+0000] {logging_mixin.py:188} INFO - [2025-07-03T17:51:59.868+0000] {dag.py:3823} INFO - Setting next_dagrun for example_params_trigger_ui to None, run_after=None
[2025-07-03T17:51:59.894+0000] {processor.py:183} INFO - Processing /home/airflow/.local/lib/python3.8/site-packages/airflow/example_dags/example_params_trigger_ui.py took 0.192 seconds
[2025-07-03T17:52:30.110+0000] {processor.py:161} INFO - Started process (PID=2346) to work on /home/airflow/.local/lib/python3.8/site-packages/airflow/example_dags/example_params_trigger_ui.py
[2025-07-03T17:52:30.111+0000] {processor.py:830} INFO - Processing file /home/airflow/.local/lib/python3.8/site-packages/airflow/example_dags/example_params_trigger_ui.py for tasks to queue
[2025-07-03T17:52:30.114+0000] {logging_mixin.py:188} INFO - [2025-07-03T17:52:30.114+0000] {dagbag.py:538} INFO - Filling up the DagBag from /home/airflow/.local/lib/python3.8/site-packages/airflow/example_dags/example_params_trigger_ui.py
[2025-07-03T17:52:30.138+0000] {processor.py:840} INFO - DAG(s) 'example_params_trigger_ui' retrieved from /home/airflow/.local/lib/python3.8/site-packages/airflow/example_dags/example_params_trigger_ui.py
[2025-07-03T17:52:30.260+0000] {logging_mixin.py:188} INFO - [2025-07-03T17:52:30.260+0000] {dag.py:3036} INFO - Sync 1 DAGs
[2025-07-03T17:52:30.278+0000] {logging_mixin.py:188} INFO - [2025-07-03T17:52:30.277+0000] {dag.py:3823} INFO - Setting next_dagrun for example_params_trigger_ui to None, run_after=None
[2025-07-03T17:52:30.305+0000] {processor.py:183} INFO - Processing /home/airflow/.local/lib/python3.8/site-packages/airflow/example_dags/example_params_trigger_ui.py took 0.200 seconds
[2025-07-03T17:53:00.796+0000] {processor.py:161} INFO - Started process (PID=2412) to work on /home/airflow/.local/lib/python3.8/site-packages/airflow/example_dags/example_params_trigger_ui.py
[2025-07-03T17:53:00.797+0000] {processor.py:830} INFO - Processing file /home/airflow/.local/lib/python3.8/site-packages/airflow/example_dags/example_params_trigger_ui.py for tasks to queue
[2025-07-03T17:53:00.800+0000] {logging_mixin.py:188} INFO - [2025-07-03T17:53:00.799+0000] {dagbag.py:538} INFO - Filling up the DagBag from /home/airflow/.local/lib/python3.8/site-packages/airflow/example_dags/example_params_trigger_ui.py
[2025-07-03T17:53:00.824+0000] {processor.py:840} INFO - DAG(s) 'example_params_trigger_ui' retrieved from /home/airflow/.local/lib/python3.8/site-packages/airflow/example_dags/example_params_trigger_ui.py
[2025-07-03T17:53:00.944+0000] {logging_mixin.py:188} INFO - [2025-07-03T17:53:00.943+0000] {dag.py:3036} INFO - Sync 1 DAGs
[2025-07-03T17:53:00.963+0000] {logging_mixin.py:188} INFO - [2025-07-03T17:53:00.963+0000] {dag.py:3823} INFO - Setting next_dagrun for example_params_trigger_ui to None, run_after=None
[2025-07-03T17:53:00.992+0000] {processor.py:183} INFO - Processing /home/airflow/.local/lib/python3.8/site-packages/airflow/example_dags/example_params_trigger_ui.py took 0.201 seconds
[2025-07-03T17:53:31.289+0000] {processor.py:161} INFO - Started process (PID=2478) to work on /home/airflow/.local/lib/python3.8/site-packages/airflow/example_dags/example_params_trigger_ui.py
[2025-07-03T17:53:31.291+0000] {processor.py:830} INFO - Processing file /home/airflow/.local/lib/python3.8/site-packages/airflow/example_dags/example_params_trigger_ui.py for tasks to queue
[2025-07-03T17:53:31.293+0000] {logging_mixin.py:188} INFO - [2025-07-03T17:53:31.293+0000] {dagbag.py:538} INFO - Filling up the DagBag from /home/airflow/.local/lib/python3.8/site-packages/airflow/example_dags/example_params_trigger_ui.py
[2025-07-03T17:53:31.317+0000] {processor.py:840} INFO - DAG(s) 'example_params_trigger_ui' retrieved from /home/airflow/.local/lib/python3.8/site-packages/airflow/example_dags/example_params_trigger_ui.py
[2025-07-03T17:53:31.431+0000] {logging_mixin.py:188} INFO - [2025-07-03T17:53:31.430+0000] {dag.py:3036} INFO - Sync 1 DAGs
[2025-07-03T17:53:31.449+0000] {logging_mixin.py:188} INFO - [2025-07-03T17:53:31.448+0000] {dag.py:3823} INFO - Setting next_dagrun for example_params_trigger_ui to None, run_after=None
[2025-07-03T17:53:31.474+0000] {processor.py:183} INFO - Processing /home/airflow/.local/lib/python3.8/site-packages/airflow/example_dags/example_params_trigger_ui.py took 0.189 seconds
[2025-07-03T17:54:01.941+0000] {processor.py:161} INFO - Started process (PID=2544) to work on /home/airflow/.local/lib/python3.8/site-packages/airflow/example_dags/example_params_trigger_ui.py
[2025-07-03T17:54:01.943+0000] {processor.py:830} INFO - Processing file /home/airflow/.local/lib/python3.8/site-packages/airflow/example_dags/example_params_trigger_ui.py for tasks to queue
[2025-07-03T17:54:01.946+0000] {logging_mixin.py:188} INFO - [2025-07-03T17:54:01.945+0000] {dagbag.py:538} INFO - Filling up the DagBag from /home/airflow/.local/lib/python3.8/site-packages/airflow/example_dags/example_params_trigger_ui.py
[2025-07-03T17:54:01.970+0000] {processor.py:840} INFO - DAG(s) 'example_params_trigger_ui' retrieved from /home/airflow/.local/lib/python3.8/site-packages/airflow/example_dags/example_params_trigger_ui.py
[2025-07-03T17:54:02.085+0000] {logging_mixin.py:188} INFO - [2025-07-03T17:54:02.085+0000] {dag.py:3036} INFO - Sync 1 DAGs
[2025-07-03T17:54:02.104+0000] {logging_mixin.py:188} INFO - [2025-07-03T17:54:02.104+0000] {dag.py:3823} INFO - Setting next_dagrun for example_params_trigger_ui to None, run_after=None
[2025-07-03T17:54:02.132+0000] {processor.py:183} INFO - Processing /home/airflow/.local/lib/python3.8/site-packages/airflow/example_dags/example_params_trigger_ui.py took 0.195 seconds
[2025-07-03T17:54:32.550+0000] {processor.py:161} INFO - Started process (PID=2607) to work on /home/airflow/.local/lib/python3.8/site-packages/airflow/example_dags/example_params_trigger_ui.py
[2025-07-03T17:54:32.551+0000] {processor.py:830} INFO - Processing file /home/airflow/.local/lib/python3.8/site-packages/airflow/example_dags/example_params_trigger_ui.py for tasks to queue
[2025-07-03T17:54:32.554+0000] {logging_mixin.py:188} INFO - [2025-07-03T17:54:32.554+0000] {dagbag.py:538} INFO - Filling up the DagBag from /home/airflow/.local/lib/python3.8/site-packages/airflow/example_dags/example_params_trigger_ui.py
[2025-07-03T17:54:32.577+0000] {processor.py:840} INFO - DAG(s) 'example_params_trigger_ui' retrieved from /home/airflow/.local/lib/python3.8/site-packages/airflow/example_dags/example_params_trigger_ui.py
[2025-07-03T17:54:32.695+0000] {logging_mixin.py:188} INFO - [2025-07-03T17:54:32.694+0000] {dag.py:3036} INFO - Sync 1 DAGs
[2025-07-03T17:54:32.717+0000] {logging_mixin.py:188} INFO - [2025-07-03T17:54:32.717+0000] {dag.py:3823} INFO - Setting next_dagrun for example_params_trigger_ui to None, run_after=None
[2025-07-03T17:54:32.747+0000] {processor.py:183} INFO - Processing /home/airflow/.local/lib/python3.8/site-packages/airflow/example_dags/example_params_trigger_ui.py took 0.202 seconds
[2025-07-03T17:55:02.878+0000] {processor.py:161} INFO - Started process (PID=2672) to work on /home/airflow/.local/lib/python3.8/site-packages/airflow/example_dags/example_params_trigger_ui.py
[2025-07-03T17:55:02.879+0000] {processor.py:830} INFO - Processing file /home/airflow/.local/lib/python3.8/site-packages/airflow/example_dags/example_params_trigger_ui.py for tasks to queue
[2025-07-03T17:55:02.881+0000] {logging_mixin.py:188} INFO - [2025-07-03T17:55:02.881+0000] {dagbag.py:538} INFO - Filling up the DagBag from /home/airflow/.local/lib/python3.8/site-packages/airflow/example_dags/example_params_trigger_ui.py
[2025-07-03T17:55:02.899+0000] {processor.py:840} INFO - DAG(s) 'example_params_trigger_ui' retrieved from /home/airflow/.local/lib/python3.8/site-packages/airflow/example_dags/example_params_trigger_ui.py
[2025-07-03T17:55:02.978+0000] {logging_mixin.py:188} INFO - [2025-07-03T17:55:02.978+0000] {dag.py:3036} INFO - Sync 1 DAGs
[2025-07-03T17:55:02.995+0000] {logging_mixin.py:188} INFO - [2025-07-03T17:55:02.995+0000] {dag.py:3823} INFO - Setting next_dagrun for example_params_trigger_ui to None, run_after=None
[2025-07-03T17:55:03.019+0000] {processor.py:183} INFO - Processing /home/airflow/.local/lib/python3.8/site-packages/airflow/example_dags/example_params_trigger_ui.py took 0.145 seconds
[2025-07-03T17:55:33.239+0000] {processor.py:161} INFO - Started process (PID=2737) to work on /home/airflow/.local/lib/python3.8/site-packages/airflow/example_dags/example_params_trigger_ui.py
[2025-07-03T17:55:33.248+0000] {processor.py:830} INFO - Processing file /home/airflow/.local/lib/python3.8/site-packages/airflow/example_dags/example_params_trigger_ui.py for tasks to queue
[2025-07-03T17:55:33.252+0000] {logging_mixin.py:188} INFO - [2025-07-03T17:55:33.252+0000] {dagbag.py:538} INFO - Filling up the DagBag from /home/airflow/.local/lib/python3.8/site-packages/airflow/example_dags/example_params_trigger_ui.py
[2025-07-03T17:55:33.311+0000] {processor.py:840} INFO - DAG(s) 'example_params_trigger_ui' retrieved from /home/airflow/.local/lib/python3.8/site-packages/airflow/example_dags/example_params_trigger_ui.py
[2025-07-03T17:55:33.426+0000] {logging_mixin.py:188} INFO - [2025-07-03T17:55:33.426+0000] {dag.py:3036} INFO - Sync 1 DAGs
[2025-07-03T17:55:33.453+0000] {logging_mixin.py:188} INFO - [2025-07-03T17:55:33.452+0000] {dag.py:3823} INFO - Setting next_dagrun for example_params_trigger_ui to None, run_after=None
[2025-07-03T17:55:33.488+0000] {processor.py:183} INFO - Processing /home/airflow/.local/lib/python3.8/site-packages/airflow/example_dags/example_params_trigger_ui.py took 0.254 seconds
[2025-07-03T17:56:03.798+0000] {processor.py:161} INFO - Started process (PID=2802) to work on /home/airflow/.local/lib/python3.8/site-packages/airflow/example_dags/example_params_trigger_ui.py
[2025-07-03T17:56:03.805+0000] {processor.py:830} INFO - Processing file /home/airflow/.local/lib/python3.8/site-packages/airflow/example_dags/example_params_trigger_ui.py for tasks to queue
[2025-07-03T17:56:03.807+0000] {logging_mixin.py:188} INFO - [2025-07-03T17:56:03.807+0000] {dagbag.py:538} INFO - Filling up the DagBag from /home/airflow/.local/lib/python3.8/site-packages/airflow/example_dags/example_params_trigger_ui.py
[2025-07-03T17:56:03.855+0000] {processor.py:840} INFO - DAG(s) 'example_params_trigger_ui' retrieved from /home/airflow/.local/lib/python3.8/site-packages/airflow/example_dags/example_params_trigger_ui.py
[2025-07-03T17:56:03.996+0000] {logging_mixin.py:188} INFO - [2025-07-03T17:56:03.995+0000] {dag.py:3036} INFO - Sync 1 DAGs
[2025-07-03T17:56:04.019+0000] {logging_mixin.py:188} INFO - [2025-07-03T17:56:04.019+0000] {dag.py:3823} INFO - Setting next_dagrun for example_params_trigger_ui to None, run_after=None
[2025-07-03T17:56:04.054+0000] {processor.py:183} INFO - Processing /home/airflow/.local/lib/python3.8/site-packages/airflow/example_dags/example_params_trigger_ui.py took 0.263 seconds
[2025-07-03T17:56:34.313+0000] {processor.py:161} INFO - Started process (PID=2866) to work on /home/airflow/.local/lib/python3.8/site-packages/airflow/example_dags/example_params_trigger_ui.py
[2025-07-03T17:56:34.397+0000] {processor.py:830} INFO - Processing file /home/airflow/.local/lib/python3.8/site-packages/airflow/example_dags/example_params_trigger_ui.py for tasks to queue
[2025-07-03T17:56:34.401+0000] {logging_mixin.py:188} INFO - [2025-07-03T17:56:34.401+0000] {dagbag.py:538} INFO - Filling up the DagBag from /home/airflow/.local/lib/python3.8/site-packages/airflow/example_dags/example_params_trigger_ui.py
[2025-07-03T17:56:34.475+0000] {processor.py:840} INFO - DAG(s) 'example_params_trigger_ui' retrieved from /home/airflow/.local/lib/python3.8/site-packages/airflow/example_dags/example_params_trigger_ui.py
[2025-07-03T17:56:34.910+0000] {logging_mixin.py:188} INFO - [2025-07-03T17:56:34.909+0000] {dag.py:3036} INFO - Sync 1 DAGs
[2025-07-03T17:56:34.960+0000] {logging_mixin.py:188} INFO - [2025-07-03T17:56:34.960+0000] {dag.py:3823} INFO - Setting next_dagrun for example_params_trigger_ui to None, run_after=None
[2025-07-03T17:56:35.101+0000] {processor.py:183} INFO - Processing /home/airflow/.local/lib/python3.8/site-packages/airflow/example_dags/example_params_trigger_ui.py took 0.833 seconds
[2025-07-03T17:57:05.289+0000] {processor.py:161} INFO - Started process (PID=2930) to work on /home/airflow/.local/lib/python3.8/site-packages/airflow/example_dags/example_params_trigger_ui.py
[2025-07-03T17:57:05.318+0000] {processor.py:830} INFO - Processing file /home/airflow/.local/lib/python3.8/site-packages/airflow/example_dags/example_params_trigger_ui.py for tasks to queue
[2025-07-03T17:57:05.322+0000] {logging_mixin.py:188} INFO - [2025-07-03T17:57:05.321+0000] {dagbag.py:538} INFO - Filling up the DagBag from /home/airflow/.local/lib/python3.8/site-packages/airflow/example_dags/example_params_trigger_ui.py
[2025-07-03T17:57:05.468+0000] {processor.py:840} INFO - DAG(s) 'example_params_trigger_ui' retrieved from /home/airflow/.local/lib/python3.8/site-packages/airflow/example_dags/example_params_trigger_ui.py
[2025-07-03T17:57:05.891+0000] {logging_mixin.py:188} INFO - [2025-07-03T17:57:05.890+0000] {dag.py:3036} INFO - Sync 1 DAGs
[2025-07-03T17:57:05.952+0000] {logging_mixin.py:188} INFO - [2025-07-03T17:57:05.951+0000] {dag.py:3823} INFO - Setting next_dagrun for example_params_trigger_ui to None, run_after=None
[2025-07-03T17:57:06.066+0000] {processor.py:183} INFO - Processing /home/airflow/.local/lib/python3.8/site-packages/airflow/example_dags/example_params_trigger_ui.py took 0.819 seconds
[2025-07-03T17:57:36.474+0000] {processor.py:161} INFO - Started process (PID=2987) to work on /home/airflow/.local/lib/python3.8/site-packages/airflow/example_dags/example_params_trigger_ui.py
[2025-07-03T17:57:36.476+0000] {processor.py:830} INFO - Processing file /home/airflow/.local/lib/python3.8/site-packages/airflow/example_dags/example_params_trigger_ui.py for tasks to queue
[2025-07-03T17:57:36.479+0000] {logging_mixin.py:188} INFO - [2025-07-03T17:57:36.479+0000] {dagbag.py:538} INFO - Filling up the DagBag from /home/airflow/.local/lib/python3.8/site-packages/airflow/example_dags/example_params_trigger_ui.py
[2025-07-03T17:57:36.512+0000] {processor.py:840} INFO - DAG(s) 'example_params_trigger_ui' retrieved from /home/airflow/.local/lib/python3.8/site-packages/airflow/example_dags/example_params_trigger_ui.py
[2025-07-03T17:57:36.706+0000] {logging_mixin.py:188} INFO - [2025-07-03T17:57:36.705+0000] {dag.py:3036} INFO - Sync 1 DAGs
[2025-07-03T17:57:36.733+0000] {logging_mixin.py:188} INFO - [2025-07-03T17:57:36.733+0000] {dag.py:3823} INFO - Setting next_dagrun for example_params_trigger_ui to None, run_after=None
[2025-07-03T17:57:36.790+0000] {processor.py:183} INFO - Processing /home/airflow/.local/lib/python3.8/site-packages/airflow/example_dags/example_params_trigger_ui.py took 0.324 seconds
[2025-07-03T17:58:07.683+0000] {processor.py:161} INFO - Started process (PID=3053) to work on /home/airflow/.local/lib/python3.8/site-packages/airflow/example_dags/example_params_trigger_ui.py
[2025-07-03T17:58:07.706+0000] {processor.py:830} INFO - Processing file /home/airflow/.local/lib/python3.8/site-packages/airflow/example_dags/example_params_trigger_ui.py for tasks to queue
[2025-07-03T17:58:07.738+0000] {logging_mixin.py:188} INFO - [2025-07-03T17:58:07.733+0000] {dagbag.py:538} INFO - Filling up the DagBag from /home/airflow/.local/lib/python3.8/site-packages/airflow/example_dags/example_params_trigger_ui.py
[2025-07-03T17:58:07.941+0000] {processor.py:840} INFO - DAG(s) 'example_params_trigger_ui' retrieved from /home/airflow/.local/lib/python3.8/site-packages/airflow/example_dags/example_params_trigger_ui.py
[2025-07-03T17:58:08.453+0000] {logging_mixin.py:188} INFO - [2025-07-03T17:58:08.453+0000] {dag.py:3036} INFO - Sync 1 DAGs
[2025-07-03T17:58:08.511+0000] {logging_mixin.py:188} INFO - [2025-07-03T17:58:08.511+0000] {dag.py:3823} INFO - Setting next_dagrun for example_params_trigger_ui to None, run_after=None
[2025-07-03T17:58:08.634+0000] {processor.py:183} INFO - Processing /home/airflow/.local/lib/python3.8/site-packages/airflow/example_dags/example_params_trigger_ui.py took 0.992 seconds
[2025-07-03T17:58:38.920+0000] {processor.py:161} INFO - Started process (PID=3117) to work on /home/airflow/.local/lib/python3.8/site-packages/airflow/example_dags/example_params_trigger_ui.py
[2025-07-03T17:58:38.934+0000] {processor.py:830} INFO - Processing file /home/airflow/.local/lib/python3.8/site-packages/airflow/example_dags/example_params_trigger_ui.py for tasks to queue
[2025-07-03T17:58:38.936+0000] {logging_mixin.py:188} INFO - [2025-07-03T17:58:38.936+0000] {dagbag.py:538} INFO - Filling up the DagBag from /home/airflow/.local/lib/python3.8/site-packages/airflow/example_dags/example_params_trigger_ui.py
[2025-07-03T17:58:38.978+0000] {processor.py:840} INFO - DAG(s) 'example_params_trigger_ui' retrieved from /home/airflow/.local/lib/python3.8/site-packages/airflow/example_dags/example_params_trigger_ui.py
[2025-07-03T17:58:39.318+0000] {logging_mixin.py:188} INFO - [2025-07-03T17:58:39.318+0000] {dag.py:3036} INFO - Sync 1 DAGs
[2025-07-03T17:58:39.384+0000] {logging_mixin.py:188} INFO - [2025-07-03T17:58:39.384+0000] {dag.py:3823} INFO - Setting next_dagrun for example_params_trigger_ui to None, run_after=None
[2025-07-03T17:58:39.447+0000] {processor.py:183} INFO - Processing /home/airflow/.local/lib/python3.8/site-packages/airflow/example_dags/example_params_trigger_ui.py took 0.531 seconds
[2025-07-03T17:59:09.906+0000] {processor.py:161} INFO - Started process (PID=3182) to work on /home/airflow/.local/lib/python3.8/site-packages/airflow/example_dags/example_params_trigger_ui.py
[2025-07-03T17:59:09.908+0000] {processor.py:830} INFO - Processing file /home/airflow/.local/lib/python3.8/site-packages/airflow/example_dags/example_params_trigger_ui.py for tasks to queue
[2025-07-03T17:59:09.910+0000] {logging_mixin.py:188} INFO - [2025-07-03T17:59:09.910+0000] {dagbag.py:538} INFO - Filling up the DagBag from /home/airflow/.local/lib/python3.8/site-packages/airflow/example_dags/example_params_trigger_ui.py
[2025-07-03T17:59:09.933+0000] {processor.py:840} INFO - DAG(s) 'example_params_trigger_ui' retrieved from /home/airflow/.local/lib/python3.8/site-packages/airflow/example_dags/example_params_trigger_ui.py
[2025-07-03T17:59:10.052+0000] {logging_mixin.py:188} INFO - [2025-07-03T17:59:10.051+0000] {dag.py:3036} INFO - Sync 1 DAGs
[2025-07-03T17:59:10.075+0000] {logging_mixin.py:188} INFO - [2025-07-03T17:59:10.074+0000] {dag.py:3823} INFO - Setting next_dagrun for example_params_trigger_ui to None, run_after=None
[2025-07-03T17:59:10.106+0000] {processor.py:183} INFO - Processing /home/airflow/.local/lib/python3.8/site-packages/airflow/example_dags/example_params_trigger_ui.py took 0.205 seconds
[2025-07-03T17:59:40.419+0000] {processor.py:161} INFO - Started process (PID=3247) to work on /home/airflow/.local/lib/python3.8/site-packages/airflow/example_dags/example_params_trigger_ui.py
[2025-07-03T17:59:40.420+0000] {processor.py:830} INFO - Processing file /home/airflow/.local/lib/python3.8/site-packages/airflow/example_dags/example_params_trigger_ui.py for tasks to queue
[2025-07-03T17:59:40.426+0000] {logging_mixin.py:188} INFO - [2025-07-03T17:59:40.425+0000] {dagbag.py:538} INFO - Filling up the DagBag from /home/airflow/.local/lib/python3.8/site-packages/airflow/example_dags/example_params_trigger_ui.py
[2025-07-03T17:59:40.494+0000] {processor.py:840} INFO - DAG(s) 'example_params_trigger_ui' retrieved from /home/airflow/.local/lib/python3.8/site-packages/airflow/example_dags/example_params_trigger_ui.py
[2025-07-03T17:59:40.731+0000] {logging_mixin.py:188} INFO - [2025-07-03T17:59:40.728+0000] {dag.py:3036} INFO - Sync 1 DAGs
[2025-07-03T17:59:40.784+0000] {logging_mixin.py:188} INFO - [2025-07-03T17:59:40.784+0000] {dag.py:3823} INFO - Setting next_dagrun for example_params_trigger_ui to None, run_after=None
[2025-07-03T17:59:40.844+0000] {processor.py:183} INFO - Processing /home/airflow/.local/lib/python3.8/site-packages/airflow/example_dags/example_params_trigger_ui.py took 0.446 seconds
[2025-07-03T18:00:11.160+0000] {processor.py:161} INFO - Started process (PID=3310) to work on /home/airflow/.local/lib/python3.8/site-packages/airflow/example_dags/example_params_trigger_ui.py
[2025-07-03T18:00:11.170+0000] {processor.py:830} INFO - Processing file /home/airflow/.local/lib/python3.8/site-packages/airflow/example_dags/example_params_trigger_ui.py for tasks to queue
[2025-07-03T18:00:11.173+0000] {logging_mixin.py:188} INFO - [2025-07-03T18:00:11.173+0000] {dagbag.py:538} INFO - Filling up the DagBag from /home/airflow/.local/lib/python3.8/site-packages/airflow/example_dags/example_params_trigger_ui.py
[2025-07-03T18:00:11.216+0000] {processor.py:840} INFO - DAG(s) 'example_params_trigger_ui' retrieved from /home/airflow/.local/lib/python3.8/site-packages/airflow/example_dags/example_params_trigger_ui.py
[2025-07-03T18:00:11.480+0000] {logging_mixin.py:188} INFO - [2025-07-03T18:00:11.480+0000] {dag.py:3036} INFO - Sync 1 DAGs
[2025-07-03T18:00:11.514+0000] {logging_mixin.py:188} INFO - [2025-07-03T18:00:11.514+0000] {dag.py:3823} INFO - Setting next_dagrun for example_params_trigger_ui to None, run_after=None
[2025-07-03T18:00:11.572+0000] {processor.py:183} INFO - Processing /home/airflow/.local/lib/python3.8/site-packages/airflow/example_dags/example_params_trigger_ui.py took 0.416 seconds
[2025-07-03T18:00:41.872+0000] {processor.py:161} INFO - Started process (PID=3375) to work on /home/airflow/.local/lib/python3.8/site-packages/airflow/example_dags/example_params_trigger_ui.py
[2025-07-03T18:00:41.885+0000] {processor.py:830} INFO - Processing file /home/airflow/.local/lib/python3.8/site-packages/airflow/example_dags/example_params_trigger_ui.py for tasks to queue
[2025-07-03T18:00:41.910+0000] {logging_mixin.py:188} INFO - [2025-07-03T18:00:41.909+0000] {dagbag.py:538} INFO - Filling up the DagBag from /home/airflow/.local/lib/python3.8/site-packages/airflow/example_dags/example_params_trigger_ui.py
[2025-07-03T18:00:42.080+0000] {processor.py:840} INFO - DAG(s) 'example_params_trigger_ui' retrieved from /home/airflow/.local/lib/python3.8/site-packages/airflow/example_dags/example_params_trigger_ui.py
[2025-07-03T18:00:42.715+0000] {logging_mixin.py:188} INFO - [2025-07-03T18:00:42.715+0000] {dag.py:3036} INFO - Sync 1 DAGs
[2025-07-03T18:00:43.775+0000] {logging_mixin.py:188} INFO - [2025-07-03T18:00:43.774+0000] {dag.py:3823} INFO - Setting next_dagrun for example_params_trigger_ui to None, run_after=None
[2025-07-03T18:00:43.949+0000] {processor.py:183} INFO - Processing /home/airflow/.local/lib/python3.8/site-packages/airflow/example_dags/example_params_trigger_ui.py took 2.125 seconds
[2025-07-03T18:01:14.617+0000] {processor.py:161} INFO - Started process (PID=3440) to work on /home/airflow/.local/lib/python3.8/site-packages/airflow/example_dags/example_params_trigger_ui.py
[2025-07-03T18:01:14.621+0000] {processor.py:830} INFO - Processing file /home/airflow/.local/lib/python3.8/site-packages/airflow/example_dags/example_params_trigger_ui.py for tasks to queue
[2025-07-03T18:01:14.628+0000] {logging_mixin.py:188} INFO - [2025-07-03T18:01:14.627+0000] {dagbag.py:538} INFO - Filling up the DagBag from /home/airflow/.local/lib/python3.8/site-packages/airflow/example_dags/example_params_trigger_ui.py
[2025-07-03T18:01:14.778+0000] {processor.py:840} INFO - DAG(s) 'example_params_trigger_ui' retrieved from /home/airflow/.local/lib/python3.8/site-packages/airflow/example_dags/example_params_trigger_ui.py
[2025-07-03T18:01:15.402+0000] {logging_mixin.py:188} INFO - [2025-07-03T18:01:15.401+0000] {dag.py:3036} INFO - Sync 1 DAGs
[2025-07-03T18:01:15.465+0000] {logging_mixin.py:188} INFO - [2025-07-03T18:01:15.464+0000] {dag.py:3823} INFO - Setting next_dagrun for example_params_trigger_ui to None, run_after=None
[2025-07-03T18:01:16.550+0000] {processor.py:183} INFO - Processing /home/airflow/.local/lib/python3.8/site-packages/airflow/example_dags/example_params_trigger_ui.py took 1.974 seconds
[2025-07-03T18:01:47.448+0000] {processor.py:161} INFO - Started process (PID=3496) to work on /home/airflow/.local/lib/python3.8/site-packages/airflow/example_dags/example_params_trigger_ui.py
[2025-07-03T18:01:47.450+0000] {processor.py:830} INFO - Processing file /home/airflow/.local/lib/python3.8/site-packages/airflow/example_dags/example_params_trigger_ui.py for tasks to queue
[2025-07-03T18:01:47.453+0000] {logging_mixin.py:188} INFO - [2025-07-03T18:01:47.452+0000] {dagbag.py:538} INFO - Filling up the DagBag from /home/airflow/.local/lib/python3.8/site-packages/airflow/example_dags/example_params_trigger_ui.py
[2025-07-03T18:01:47.471+0000] {processor.py:840} INFO - DAG(s) 'example_params_trigger_ui' retrieved from /home/airflow/.local/lib/python3.8/site-packages/airflow/example_dags/example_params_trigger_ui.py
[2025-07-03T18:01:47.584+0000] {logging_mixin.py:188} INFO - [2025-07-03T18:01:47.583+0000] {dag.py:3036} INFO - Sync 1 DAGs
[2025-07-03T18:01:47.606+0000] {logging_mixin.py:188} INFO - [2025-07-03T18:01:47.605+0000] {dag.py:3823} INFO - Setting next_dagrun for example_params_trigger_ui to None, run_after=None
[2025-07-03T18:01:47.637+0000] {processor.py:183} INFO - Processing /home/airflow/.local/lib/python3.8/site-packages/airflow/example_dags/example_params_trigger_ui.py took 0.193 seconds
[2025-07-03T18:02:17.725+0000] {processor.py:161} INFO - Started process (PID=3561) to work on /home/airflow/.local/lib/python3.8/site-packages/airflow/example_dags/example_params_trigger_ui.py
[2025-07-03T18:02:17.726+0000] {processor.py:830} INFO - Processing file /home/airflow/.local/lib/python3.8/site-packages/airflow/example_dags/example_params_trigger_ui.py for tasks to queue
[2025-07-03T18:02:17.728+0000] {logging_mixin.py:188} INFO - [2025-07-03T18:02:17.728+0000] {dagbag.py:538} INFO - Filling up the DagBag from /home/airflow/.local/lib/python3.8/site-packages/airflow/example_dags/example_params_trigger_ui.py
[2025-07-03T18:02:17.746+0000] {processor.py:840} INFO - DAG(s) 'example_params_trigger_ui' retrieved from /home/airflow/.local/lib/python3.8/site-packages/airflow/example_dags/example_params_trigger_ui.py
[2025-07-03T18:02:17.826+0000] {logging_mixin.py:188} INFO - [2025-07-03T18:02:17.825+0000] {dag.py:3036} INFO - Sync 1 DAGs
[2025-07-03T18:02:17.843+0000] {logging_mixin.py:188} INFO - [2025-07-03T18:02:17.843+0000] {dag.py:3823} INFO - Setting next_dagrun for example_params_trigger_ui to None, run_after=None
[2025-07-03T18:02:17.866+0000] {processor.py:183} INFO - Processing /home/airflow/.local/lib/python3.8/site-packages/airflow/example_dags/example_params_trigger_ui.py took 0.145 seconds
[2025-07-03T18:02:48.442+0000] {processor.py:161} INFO - Started process (PID=3626) to work on /home/airflow/.local/lib/python3.8/site-packages/airflow/example_dags/example_params_trigger_ui.py
[2025-07-03T18:02:48.457+0000] {processor.py:830} INFO - Processing file /home/airflow/.local/lib/python3.8/site-packages/airflow/example_dags/example_params_trigger_ui.py for tasks to queue
[2025-07-03T18:02:48.470+0000] {logging_mixin.py:188} INFO - [2025-07-03T18:02:48.469+0000] {dagbag.py:538} INFO - Filling up the DagBag from /home/airflow/.local/lib/python3.8/site-packages/airflow/example_dags/example_params_trigger_ui.py
[2025-07-03T18:02:48.571+0000] {processor.py:840} INFO - DAG(s) 'example_params_trigger_ui' retrieved from /home/airflow/.local/lib/python3.8/site-packages/airflow/example_dags/example_params_trigger_ui.py
[2025-07-03T18:02:48.910+0000] {logging_mixin.py:188} INFO - [2025-07-03T18:02:48.903+0000] {dag.py:3036} INFO - Sync 1 DAGs
[2025-07-03T18:02:49.499+0000] {logging_mixin.py:188} INFO - [2025-07-03T18:02:49.493+0000] {dag.py:3823} INFO - Setting next_dagrun for example_params_trigger_ui to None, run_after=None
[2025-07-03T18:02:49.633+0000] {processor.py:183} INFO - Processing /home/airflow/.local/lib/python3.8/site-packages/airflow/example_dags/example_params_trigger_ui.py took 1.207 seconds
[2025-07-03T18:03:20.795+0000] {processor.py:161} INFO - Started process (PID=3682) to work on /home/airflow/.local/lib/python3.8/site-packages/airflow/example_dags/example_params_trigger_ui.py
[2025-07-03T18:03:20.814+0000] {processor.py:830} INFO - Processing file /home/airflow/.local/lib/python3.8/site-packages/airflow/example_dags/example_params_trigger_ui.py for tasks to queue
[2025-07-03T18:03:20.850+0000] {logging_mixin.py:188} INFO - [2025-07-03T18:03:20.849+0000] {dagbag.py:538} INFO - Filling up the DagBag from /home/airflow/.local/lib/python3.8/site-packages/airflow/example_dags/example_params_trigger_ui.py
[2025-07-03T18:03:21.056+0000] {processor.py:840} INFO - DAG(s) 'example_params_trigger_ui' retrieved from /home/airflow/.local/lib/python3.8/site-packages/airflow/example_dags/example_params_trigger_ui.py
[2025-07-03T18:03:21.874+0000] {logging_mixin.py:188} INFO - [2025-07-03T18:03:21.873+0000] {dag.py:3036} INFO - Sync 1 DAGs
[2025-07-03T18:03:21.992+0000] {logging_mixin.py:188} INFO - [2025-07-03T18:03:21.992+0000] {dag.py:3823} INFO - Setting next_dagrun for example_params_trigger_ui to None, run_after=None
[2025-07-03T18:03:23.344+0000] {processor.py:183} INFO - Processing /home/airflow/.local/lib/python3.8/site-packages/airflow/example_dags/example_params_trigger_ui.py took 2.593 seconds
[2025-07-03T18:05:09.084+0000] {processor.py:161} INFO - Started process (PID=3780) to work on /home/airflow/.local/lib/python3.8/site-packages/airflow/example_dags/example_params_trigger_ui.py
[2025-07-03T18:05:09.206+0000] {processor.py:830} INFO - Processing file /home/airflow/.local/lib/python3.8/site-packages/airflow/example_dags/example_params_trigger_ui.py for tasks to queue
[2025-07-03T18:05:09.262+0000] {logging_mixin.py:188} INFO - [2025-07-03T18:05:09.261+0000] {dagbag.py:538} INFO - Filling up the DagBag from /home/airflow/.local/lib/python3.8/site-packages/airflow/example_dags/example_params_trigger_ui.py
[2025-07-03T18:05:09.953+0000] {processor.py:840} INFO - DAG(s) 'example_params_trigger_ui' retrieved from /home/airflow/.local/lib/python3.8/site-packages/airflow/example_dags/example_params_trigger_ui.py
[2025-07-03T18:05:13.013+0000] {logging_mixin.py:188} INFO - [2025-07-03T18:05:13.012+0000] {dag.py:3036} INFO - Sync 1 DAGs
[2025-07-03T18:05:13.496+0000] {logging_mixin.py:188} INFO - [2025-07-03T18:05:13.495+0000] {dag.py:3823} INFO - Setting next_dagrun for example_params_trigger_ui to None, run_after=None
[2025-07-03T18:05:14.142+0000] {processor.py:183} INFO - Processing /home/airflow/.local/lib/python3.8/site-packages/airflow/example_dags/example_params_trigger_ui.py took 5.155 seconds
[2025-07-03T18:06:24.824+0000] {processor.py:161} INFO - Started process (PID=3836) to work on /home/airflow/.local/lib/python3.8/site-packages/airflow/example_dags/example_params_trigger_ui.py
[2025-07-03T18:06:24.934+0000] {processor.py:830} INFO - Processing file /home/airflow/.local/lib/python3.8/site-packages/airflow/example_dags/example_params_trigger_ui.py for tasks to queue
[2025-07-03T18:06:24.970+0000] {logging_mixin.py:188} INFO - [2025-07-03T18:06:24.936+0000] {dagbag.py:538} INFO - Filling up the DagBag from /home/airflow/.local/lib/python3.8/site-packages/airflow/example_dags/example_params_trigger_ui.py
[2025-07-03T18:06:25.658+0000] {processor.py:840} INFO - DAG(s) 'example_params_trigger_ui' retrieved from /home/airflow/.local/lib/python3.8/site-packages/airflow/example_dags/example_params_trigger_ui.py
[2025-07-03T18:06:29.134+0000] {logging_mixin.py:188} INFO - [2025-07-03T18:06:29.133+0000] {dag.py:3036} INFO - Sync 1 DAGs
[2025-07-03T18:06:29.764+0000] {logging_mixin.py:188} INFO - [2025-07-03T18:06:29.764+0000] {dag.py:3823} INFO - Setting next_dagrun for example_params_trigger_ui to None, run_after=None
[2025-07-03T18:06:30.663+0000] {processor.py:183} INFO - Processing /home/airflow/.local/lib/python3.8/site-packages/airflow/example_dags/example_params_trigger_ui.py took 5.951 seconds
[2025-07-03T18:07:53.872+0000] {processor.py:161} INFO - Started process (PID=3898) to work on /home/airflow/.local/lib/python3.8/site-packages/airflow/example_dags/example_params_trigger_ui.py
[2025-07-03T18:07:53.993+0000] {processor.py:830} INFO - Processing file /home/airflow/.local/lib/python3.8/site-packages/airflow/example_dags/example_params_trigger_ui.py for tasks to queue
[2025-07-03T18:07:54.050+0000] {logging_mixin.py:188} INFO - [2025-07-03T18:07:54.049+0000] {dagbag.py:538} INFO - Filling up the DagBag from /home/airflow/.local/lib/python3.8/site-packages/airflow/example_dags/example_params_trigger_ui.py
[2025-07-03T18:07:54.978+0000] {processor.py:840} INFO - DAG(s) 'example_params_trigger_ui' retrieved from /home/airflow/.local/lib/python3.8/site-packages/airflow/example_dags/example_params_trigger_ui.py
[2025-07-03T18:08:00.462+0000] {logging_mixin.py:188} INFO - [2025-07-03T18:08:00.461+0000] {dag.py:3036} INFO - Sync 1 DAGs
[2025-07-03T18:08:01.620+0000] {logging_mixin.py:188} INFO - [2025-07-03T18:08:01.619+0000] {dag.py:3823} INFO - Setting next_dagrun for example_params_trigger_ui to None, run_after=None
[2025-07-03T18:08:03.230+0000] {processor.py:183} INFO - Processing /home/airflow/.local/lib/python3.8/site-packages/airflow/example_dags/example_params_trigger_ui.py took 9.499 seconds
[2025-07-03T18:21:10.959+0000] {processor.py:161} INFO - Started process (PID=100) to work on /home/airflow/.local/lib/python3.8/site-packages/airflow/example_dags/example_params_trigger_ui.py
[2025-07-03T18:21:10.974+0000] {processor.py:830} INFO - Processing file /home/airflow/.local/lib/python3.8/site-packages/airflow/example_dags/example_params_trigger_ui.py for tasks to queue
[2025-07-03T18:21:10.977+0000] {logging_mixin.py:188} INFO - [2025-07-03T18:21:10.977+0000] {dagbag.py:538} INFO - Filling up the DagBag from /home/airflow/.local/lib/python3.8/site-packages/airflow/example_dags/example_params_trigger_ui.py
[2025-07-03T18:21:11.098+0000] {processor.py:840} INFO - DAG(s) 'example_params_trigger_ui' retrieved from /home/airflow/.local/lib/python3.8/site-packages/airflow/example_dags/example_params_trigger_ui.py
[2025-07-03T18:21:11.305+0000] {logging_mixin.py:188} INFO - [2025-07-03T18:21:11.305+0000] {dag.py:3036} INFO - Sync 1 DAGs
[2025-07-03T18:21:11.331+0000] {logging_mixin.py:188} INFO - [2025-07-03T18:21:11.330+0000] {dag.py:3823} INFO - Setting next_dagrun for example_params_trigger_ui to None, run_after=None
[2025-07-03T18:21:11.418+0000] {processor.py:183} INFO - Processing /home/airflow/.local/lib/python3.8/site-packages/airflow/example_dags/example_params_trigger_ui.py took 0.464 seconds
[2025-07-03T18:21:41.658+0000] {processor.py:161} INFO - Started process (PID=165) to work on /home/airflow/.local/lib/python3.8/site-packages/airflow/example_dags/example_params_trigger_ui.py
[2025-07-03T18:21:41.659+0000] {processor.py:830} INFO - Processing file /home/airflow/.local/lib/python3.8/site-packages/airflow/example_dags/example_params_trigger_ui.py for tasks to queue
[2025-07-03T18:21:41.662+0000] {logging_mixin.py:188} INFO - [2025-07-03T18:21:41.662+0000] {dagbag.py:538} INFO - Filling up the DagBag from /home/airflow/.local/lib/python3.8/site-packages/airflow/example_dags/example_params_trigger_ui.py
[2025-07-03T18:21:41.686+0000] {processor.py:840} INFO - DAG(s) 'example_params_trigger_ui' retrieved from /home/airflow/.local/lib/python3.8/site-packages/airflow/example_dags/example_params_trigger_ui.py
[2025-07-03T18:21:41.802+0000] {logging_mixin.py:188} INFO - [2025-07-03T18:21:41.802+0000] {dag.py:3036} INFO - Sync 1 DAGs
[2025-07-03T18:21:41.830+0000] {logging_mixin.py:188} INFO - [2025-07-03T18:21:41.830+0000] {dag.py:3823} INFO - Setting next_dagrun for example_params_trigger_ui to None, run_after=None
[2025-07-03T18:21:41.882+0000] {processor.py:183} INFO - Processing /home/airflow/.local/lib/python3.8/site-packages/airflow/example_dags/example_params_trigger_ui.py took 0.229 seconds
[2025-07-03T18:22:12.005+0000] {processor.py:161} INFO - Started process (PID=230) to work on /home/airflow/.local/lib/python3.8/site-packages/airflow/example_dags/example_params_trigger_ui.py
[2025-07-03T18:22:12.007+0000] {processor.py:830} INFO - Processing file /home/airflow/.local/lib/python3.8/site-packages/airflow/example_dags/example_params_trigger_ui.py for tasks to queue
[2025-07-03T18:22:12.009+0000] {logging_mixin.py:188} INFO - [2025-07-03T18:22:12.008+0000] {dagbag.py:538} INFO - Filling up the DagBag from /home/airflow/.local/lib/python3.8/site-packages/airflow/example_dags/example_params_trigger_ui.py
[2025-07-03T18:22:12.031+0000] {processor.py:840} INFO - DAG(s) 'example_params_trigger_ui' retrieved from /home/airflow/.local/lib/python3.8/site-packages/airflow/example_dags/example_params_trigger_ui.py
[2025-07-03T18:22:12.148+0000] {logging_mixin.py:188} INFO - [2025-07-03T18:22:12.148+0000] {dag.py:3036} INFO - Sync 1 DAGs
[2025-07-03T18:22:12.172+0000] {logging_mixin.py:188} INFO - [2025-07-03T18:22:12.171+0000] {dag.py:3823} INFO - Setting next_dagrun for example_params_trigger_ui to None, run_after=None
[2025-07-03T18:22:12.210+0000] {processor.py:183} INFO - Processing /home/airflow/.local/lib/python3.8/site-packages/airflow/example_dags/example_params_trigger_ui.py took 0.210 seconds
[2025-07-03T18:22:42.726+0000] {processor.py:161} INFO - Started process (PID=298) to work on /home/airflow/.local/lib/python3.8/site-packages/airflow/example_dags/example_params_trigger_ui.py
[2025-07-03T18:22:42.727+0000] {processor.py:830} INFO - Processing file /home/airflow/.local/lib/python3.8/site-packages/airflow/example_dags/example_params_trigger_ui.py for tasks to queue
[2025-07-03T18:22:42.729+0000] {logging_mixin.py:188} INFO - [2025-07-03T18:22:42.729+0000] {dagbag.py:538} INFO - Filling up the DagBag from /home/airflow/.local/lib/python3.8/site-packages/airflow/example_dags/example_params_trigger_ui.py
[2025-07-03T18:22:42.751+0000] {processor.py:840} INFO - DAG(s) 'example_params_trigger_ui' retrieved from /home/airflow/.local/lib/python3.8/site-packages/airflow/example_dags/example_params_trigger_ui.py
[2025-07-03T18:22:42.872+0000] {logging_mixin.py:188} INFO - [2025-07-03T18:22:42.871+0000] {dag.py:3036} INFO - Sync 1 DAGs
[2025-07-03T18:22:42.896+0000] {logging_mixin.py:188} INFO - [2025-07-03T18:22:42.895+0000] {dag.py:3823} INFO - Setting next_dagrun for example_params_trigger_ui to None, run_after=None
[2025-07-03T18:22:42.927+0000] {processor.py:183} INFO - Processing /home/airflow/.local/lib/python3.8/site-packages/airflow/example_dags/example_params_trigger_ui.py took 0.206 seconds
[2025-07-03T18:23:13.095+0000] {processor.py:161} INFO - Started process (PID=365) to work on /home/airflow/.local/lib/python3.8/site-packages/airflow/example_dags/example_params_trigger_ui.py
[2025-07-03T18:23:13.098+0000] {processor.py:830} INFO - Processing file /home/airflow/.local/lib/python3.8/site-packages/airflow/example_dags/example_params_trigger_ui.py for tasks to queue
[2025-07-03T18:23:13.101+0000] {logging_mixin.py:188} INFO - [2025-07-03T18:23:13.101+0000] {dagbag.py:538} INFO - Filling up the DagBag from /home/airflow/.local/lib/python3.8/site-packages/airflow/example_dags/example_params_trigger_ui.py
[2025-07-03T18:23:13.123+0000] {processor.py:840} INFO - DAG(s) 'example_params_trigger_ui' retrieved from /home/airflow/.local/lib/python3.8/site-packages/airflow/example_dags/example_params_trigger_ui.py
[2025-07-03T18:23:13.265+0000] {logging_mixin.py:188} INFO - [2025-07-03T18:23:13.265+0000] {dag.py:3036} INFO - Sync 1 DAGs
[2025-07-03T18:23:13.318+0000] {logging_mixin.py:188} INFO - [2025-07-03T18:23:13.317+0000] {dag.py:3823} INFO - Setting next_dagrun for example_params_trigger_ui to None, run_after=None
[2025-07-03T18:23:13.390+0000] {processor.py:183} INFO - Processing /home/airflow/.local/lib/python3.8/site-packages/airflow/example_dags/example_params_trigger_ui.py took 0.300 seconds
[2025-07-03T18:23:43.466+0000] {processor.py:161} INFO - Started process (PID=430) to work on /home/airflow/.local/lib/python3.8/site-packages/airflow/example_dags/example_params_trigger_ui.py
[2025-07-03T18:23:43.477+0000] {processor.py:830} INFO - Processing file /home/airflow/.local/lib/python3.8/site-packages/airflow/example_dags/example_params_trigger_ui.py for tasks to queue
[2025-07-03T18:23:43.481+0000] {logging_mixin.py:188} INFO - [2025-07-03T18:23:43.480+0000] {dagbag.py:538} INFO - Filling up the DagBag from /home/airflow/.local/lib/python3.8/site-packages/airflow/example_dags/example_params_trigger_ui.py
[2025-07-03T18:23:43.502+0000] {processor.py:840} INFO - DAG(s) 'example_params_trigger_ui' retrieved from /home/airflow/.local/lib/python3.8/site-packages/airflow/example_dags/example_params_trigger_ui.py
[2025-07-03T18:23:43.615+0000] {logging_mixin.py:188} INFO - [2025-07-03T18:23:43.614+0000] {dag.py:3036} INFO - Sync 1 DAGs
[2025-07-03T18:23:43.638+0000] {logging_mixin.py:188} INFO - [2025-07-03T18:23:43.637+0000] {dag.py:3823} INFO - Setting next_dagrun for example_params_trigger_ui to None, run_after=None
[2025-07-03T18:23:43.669+0000] {processor.py:183} INFO - Processing /home/airflow/.local/lib/python3.8/site-packages/airflow/example_dags/example_params_trigger_ui.py took 0.208 seconds
[2025-07-03T18:24:13.969+0000] {processor.py:161} INFO - Started process (PID=496) to work on /home/airflow/.local/lib/python3.8/site-packages/airflow/example_dags/example_params_trigger_ui.py
[2025-07-03T18:24:13.973+0000] {processor.py:830} INFO - Processing file /home/airflow/.local/lib/python3.8/site-packages/airflow/example_dags/example_params_trigger_ui.py for tasks to queue
[2025-07-03T18:24:13.978+0000] {logging_mixin.py:188} INFO - [2025-07-03T18:24:13.977+0000] {dagbag.py:538} INFO - Filling up the DagBag from /home/airflow/.local/lib/python3.8/site-packages/airflow/example_dags/example_params_trigger_ui.py
[2025-07-03T18:24:14.023+0000] {processor.py:840} INFO - DAG(s) 'example_params_trigger_ui' retrieved from /home/airflow/.local/lib/python3.8/site-packages/airflow/example_dags/example_params_trigger_ui.py
[2025-07-03T18:24:14.238+0000] {logging_mixin.py:188} INFO - [2025-07-03T18:24:14.238+0000] {dag.py:3036} INFO - Sync 1 DAGs
[2025-07-03T18:24:14.288+0000] {logging_mixin.py:188} INFO - [2025-07-03T18:24:14.288+0000] {dag.py:3823} INFO - Setting next_dagrun for example_params_trigger_ui to None, run_after=None
[2025-07-03T18:24:14.353+0000] {processor.py:183} INFO - Processing /home/airflow/.local/lib/python3.8/site-packages/airflow/example_dags/example_params_trigger_ui.py took 0.388 seconds
