[2025-07-03T17:35:37.836+0000] {processor.py:161} INFO - Started process (PID=232) to work on /home/airflow/.local/lib/python3.8/site-packages/airflow/example_dags/example_local_kubernetes_executor.py
[2025-07-03T17:35:37.860+0000] {processor.py:830} INFO - Processing file /home/airflow/.local/lib/python3.8/site-packages/airflow/example_dags/example_local_kubernetes_executor.py for tasks to queue
[2025-07-03T17:35:37.867+0000] {logging_mixin.py:188} INFO - [2025-07-03T17:35:37.866+0000] {dagbag.py:538} INFO - Filling up the DagBag from /home/airflow/.local/lib/python3.8/site-packages/airflow/example_dags/example_local_kubernetes_executor.py
[2025-07-03T17:35:37.888+0000] {processor.py:840} INFO - DAG(s) 'example_local_kubernetes_executor' retrieved from /home/airflow/.local/lib/python3.8/site-packages/airflow/example_dags/example_local_kubernetes_executor.py
[2025-07-03T17:35:38.504+0000] {logging_mixin.py:188} INFO - [2025-07-03T17:35:38.504+0000] {dag.py:3036} INFO - Sync 1 DAGs
[2025-07-03T17:35:38.545+0000] {logging_mixin.py:188} INFO - [2025-07-03T17:35:38.545+0000] {dag.py:3823} INFO - Setting next_dagrun for example_local_kubernetes_executor to None, run_after=None
[2025-07-03T17:35:38.635+0000] {processor.py:183} INFO - Processing /home/airflow/.local/lib/python3.8/site-packages/airflow/example_dags/example_local_kubernetes_executor.py took 0.803 seconds
[2025-07-03T17:36:11.428+0000] {processor.py:161} INFO - Started process (PID=296) to work on /home/airflow/.local/lib/python3.8/site-packages/airflow/example_dags/example_local_kubernetes_executor.py
[2025-07-03T17:36:11.451+0000] {processor.py:830} INFO - Processing file /home/airflow/.local/lib/python3.8/site-packages/airflow/example_dags/example_local_kubernetes_executor.py for tasks to queue
[2025-07-03T17:36:11.494+0000] {logging_mixin.py:188} INFO - [2025-07-03T17:36:11.493+0000] {dagbag.py:538} INFO - Filling up the DagBag from /home/airflow/.local/lib/python3.8/site-packages/airflow/example_dags/example_local_kubernetes_executor.py
[2025-07-03T17:36:11.549+0000] {processor.py:840} INFO - DAG(s) 'example_local_kubernetes_executor' retrieved from /home/airflow/.local/lib/python3.8/site-packages/airflow/example_dags/example_local_kubernetes_executor.py
[2025-07-03T17:36:11.892+0000] {logging_mixin.py:188} INFO - [2025-07-03T17:36:11.891+0000] {dag.py:3036} INFO - Sync 1 DAGs
[2025-07-03T17:36:12.031+0000] {logging_mixin.py:188} INFO - [2025-07-03T17:36:12.031+0000] {dag.py:3823} INFO - Setting next_dagrun for example_local_kubernetes_executor to None, run_after=None
[2025-07-03T17:36:12.317+0000] {processor.py:183} INFO - Processing /home/airflow/.local/lib/python3.8/site-packages/airflow/example_dags/example_local_kubernetes_executor.py took 0.939 seconds
[2025-07-03T17:36:42.741+0000] {processor.py:161} INFO - Started process (PID=354) to work on /home/airflow/.local/lib/python3.8/site-packages/airflow/example_dags/example_local_kubernetes_executor.py
[2025-07-03T17:36:42.742+0000] {processor.py:830} INFO - Processing file /home/airflow/.local/lib/python3.8/site-packages/airflow/example_dags/example_local_kubernetes_executor.py for tasks to queue
[2025-07-03T17:36:42.745+0000] {logging_mixin.py:188} INFO - [2025-07-03T17:36:42.744+0000] {dagbag.py:538} INFO - Filling up the DagBag from /home/airflow/.local/lib/python3.8/site-packages/airflow/example_dags/example_local_kubernetes_executor.py
[2025-07-03T17:36:42.763+0000] {processor.py:840} INFO - DAG(s) 'example_local_kubernetes_executor' retrieved from /home/airflow/.local/lib/python3.8/site-packages/airflow/example_dags/example_local_kubernetes_executor.py
[2025-07-03T17:36:42.884+0000] {logging_mixin.py:188} INFO - [2025-07-03T17:36:42.884+0000] {dag.py:3036} INFO - Sync 1 DAGs
[2025-07-03T17:36:42.924+0000] {logging_mixin.py:188} INFO - [2025-07-03T17:36:42.923+0000] {dag.py:3823} INFO - Setting next_dagrun for example_local_kubernetes_executor to None, run_after=None
[2025-07-03T17:36:42.976+0000] {processor.py:183} INFO - Processing /home/airflow/.local/lib/python3.8/site-packages/airflow/example_dags/example_local_kubernetes_executor.py took 0.248 seconds
[2025-07-03T17:37:14.646+0000] {processor.py:161} INFO - Started process (PID=418) to work on /home/airflow/.local/lib/python3.8/site-packages/airflow/example_dags/example_local_kubernetes_executor.py
[2025-07-03T17:37:14.649+0000] {processor.py:830} INFO - Processing file /home/airflow/.local/lib/python3.8/site-packages/airflow/example_dags/example_local_kubernetes_executor.py for tasks to queue
[2025-07-03T17:37:14.651+0000] {logging_mixin.py:188} INFO - [2025-07-03T17:37:14.651+0000] {dagbag.py:538} INFO - Filling up the DagBag from /home/airflow/.local/lib/python3.8/site-packages/airflow/example_dags/example_local_kubernetes_executor.py
[2025-07-03T17:37:14.683+0000] {processor.py:840} INFO - DAG(s) 'example_local_kubernetes_executor' retrieved from /home/airflow/.local/lib/python3.8/site-packages/airflow/example_dags/example_local_kubernetes_executor.py
[2025-07-03T17:37:14.874+0000] {logging_mixin.py:188} INFO - [2025-07-03T17:37:14.873+0000] {dag.py:3036} INFO - Sync 1 DAGs
[2025-07-03T17:37:14.947+0000] {logging_mixin.py:188} INFO - [2025-07-03T17:37:14.946+0000] {dag.py:3823} INFO - Setting next_dagrun for example_local_kubernetes_executor to None, run_after=None
[2025-07-03T17:37:15.038+0000] {processor.py:183} INFO - Processing /home/airflow/.local/lib/python3.8/site-packages/airflow/example_dags/example_local_kubernetes_executor.py took 0.409 seconds
[2025-07-03T17:37:46.592+0000] {processor.py:161} INFO - Started process (PID=474) to work on /home/airflow/.local/lib/python3.8/site-packages/airflow/example_dags/example_local_kubernetes_executor.py
[2025-07-03T17:37:46.617+0000] {processor.py:830} INFO - Processing file /home/airflow/.local/lib/python3.8/site-packages/airflow/example_dags/example_local_kubernetes_executor.py for tasks to queue
[2025-07-03T17:37:46.620+0000] {logging_mixin.py:188} INFO - [2025-07-03T17:37:46.619+0000] {dagbag.py:538} INFO - Filling up the DagBag from /home/airflow/.local/lib/python3.8/site-packages/airflow/example_dags/example_local_kubernetes_executor.py
[2025-07-03T17:37:46.677+0000] {processor.py:840} INFO - DAG(s) 'example_local_kubernetes_executor' retrieved from /home/airflow/.local/lib/python3.8/site-packages/airflow/example_dags/example_local_kubernetes_executor.py
[2025-07-03T17:37:46.834+0000] {logging_mixin.py:188} INFO - [2025-07-03T17:37:46.833+0000] {dag.py:3036} INFO - Sync 1 DAGs
[2025-07-03T17:37:46.899+0000] {logging_mixin.py:188} INFO - [2025-07-03T17:37:46.898+0000] {dag.py:3823} INFO - Setting next_dagrun for example_local_kubernetes_executor to None, run_after=None
[2025-07-03T17:37:47.001+0000] {processor.py:183} INFO - Processing /home/airflow/.local/lib/python3.8/site-packages/airflow/example_dags/example_local_kubernetes_executor.py took 0.444 seconds
[2025-07-03T17:38:17.127+0000] {processor.py:161} INFO - Started process (PID=537) to work on /home/airflow/.local/lib/python3.8/site-packages/airflow/example_dags/example_local_kubernetes_executor.py
[2025-07-03T17:38:17.129+0000] {processor.py:830} INFO - Processing file /home/airflow/.local/lib/python3.8/site-packages/airflow/example_dags/example_local_kubernetes_executor.py for tasks to queue
[2025-07-03T17:38:17.132+0000] {logging_mixin.py:188} INFO - [2025-07-03T17:38:17.131+0000] {dagbag.py:538} INFO - Filling up the DagBag from /home/airflow/.local/lib/python3.8/site-packages/airflow/example_dags/example_local_kubernetes_executor.py
[2025-07-03T17:38:17.143+0000] {processor.py:840} INFO - DAG(s) 'example_local_kubernetes_executor' retrieved from /home/airflow/.local/lib/python3.8/site-packages/airflow/example_dags/example_local_kubernetes_executor.py
[2025-07-03T17:38:17.200+0000] {logging_mixin.py:188} INFO - [2025-07-03T17:38:17.200+0000] {dag.py:3036} INFO - Sync 1 DAGs
[2025-07-03T17:38:17.222+0000] {logging_mixin.py:188} INFO - [2025-07-03T17:38:17.222+0000] {dag.py:3823} INFO - Setting next_dagrun for example_local_kubernetes_executor to None, run_after=None
[2025-07-03T17:38:17.254+0000] {processor.py:183} INFO - Processing /home/airflow/.local/lib/python3.8/site-packages/airflow/example_dags/example_local_kubernetes_executor.py took 0.131 seconds
[2025-07-03T17:38:47.469+0000] {processor.py:161} INFO - Started process (PID=601) to work on /home/airflow/.local/lib/python3.8/site-packages/airflow/example_dags/example_local_kubernetes_executor.py
[2025-07-03T17:38:47.471+0000] {processor.py:830} INFO - Processing file /home/airflow/.local/lib/python3.8/site-packages/airflow/example_dags/example_local_kubernetes_executor.py for tasks to queue
[2025-07-03T17:38:47.477+0000] {logging_mixin.py:188} INFO - [2025-07-03T17:38:47.472+0000] {dagbag.py:538} INFO - Filling up the DagBag from /home/airflow/.local/lib/python3.8/site-packages/airflow/example_dags/example_local_kubernetes_executor.py
[2025-07-03T17:38:47.504+0000] {processor.py:840} INFO - DAG(s) 'example_local_kubernetes_executor' retrieved from /home/airflow/.local/lib/python3.8/site-packages/airflow/example_dags/example_local_kubernetes_executor.py
[2025-07-03T17:38:47.586+0000] {logging_mixin.py:188} INFO - [2025-07-03T17:38:47.585+0000] {dag.py:3036} INFO - Sync 1 DAGs
[2025-07-03T17:38:47.635+0000] {logging_mixin.py:188} INFO - [2025-07-03T17:38:47.634+0000] {dag.py:3823} INFO - Setting next_dagrun for example_local_kubernetes_executor to None, run_after=None
[2025-07-03T17:38:47.753+0000] {processor.py:183} INFO - Processing /home/airflow/.local/lib/python3.8/site-packages/airflow/example_dags/example_local_kubernetes_executor.py took 0.300 seconds
[2025-07-03T17:39:18.673+0000] {processor.py:161} INFO - Started process (PID=658) to work on /home/airflow/.local/lib/python3.8/site-packages/airflow/example_dags/example_local_kubernetes_executor.py
[2025-07-03T17:39:18.674+0000] {processor.py:830} INFO - Processing file /home/airflow/.local/lib/python3.8/site-packages/airflow/example_dags/example_local_kubernetes_executor.py for tasks to queue
[2025-07-03T17:39:18.677+0000] {logging_mixin.py:188} INFO - [2025-07-03T17:39:18.676+0000] {dagbag.py:538} INFO - Filling up the DagBag from /home/airflow/.local/lib/python3.8/site-packages/airflow/example_dags/example_local_kubernetes_executor.py
[2025-07-03T17:39:18.688+0000] {processor.py:840} INFO - DAG(s) 'example_local_kubernetes_executor' retrieved from /home/airflow/.local/lib/python3.8/site-packages/airflow/example_dags/example_local_kubernetes_executor.py
[2025-07-03T17:39:18.747+0000] {logging_mixin.py:188} INFO - [2025-07-03T17:39:18.747+0000] {dag.py:3036} INFO - Sync 1 DAGs
[2025-07-03T17:39:18.771+0000] {logging_mixin.py:188} INFO - [2025-07-03T17:39:18.770+0000] {dag.py:3823} INFO - Setting next_dagrun for example_local_kubernetes_executor to None, run_after=None
[2025-07-03T17:39:18.803+0000] {processor.py:183} INFO - Processing /home/airflow/.local/lib/python3.8/site-packages/airflow/example_dags/example_local_kubernetes_executor.py took 0.135 seconds
[2025-07-03T17:39:48.903+0000] {processor.py:161} INFO - Started process (PID=724) to work on /home/airflow/.local/lib/python3.8/site-packages/airflow/example_dags/example_local_kubernetes_executor.py
[2025-07-03T17:39:48.904+0000] {processor.py:830} INFO - Processing file /home/airflow/.local/lib/python3.8/site-packages/airflow/example_dags/example_local_kubernetes_executor.py for tasks to queue
[2025-07-03T17:39:48.906+0000] {logging_mixin.py:188} INFO - [2025-07-03T17:39:48.906+0000] {dagbag.py:538} INFO - Filling up the DagBag from /home/airflow/.local/lib/python3.8/site-packages/airflow/example_dags/example_local_kubernetes_executor.py
[2025-07-03T17:39:48.917+0000] {processor.py:840} INFO - DAG(s) 'example_local_kubernetes_executor' retrieved from /home/airflow/.local/lib/python3.8/site-packages/airflow/example_dags/example_local_kubernetes_executor.py
[2025-07-03T17:39:48.975+0000] {logging_mixin.py:188} INFO - [2025-07-03T17:39:48.975+0000] {dag.py:3036} INFO - Sync 1 DAGs
[2025-07-03T17:39:48.999+0000] {logging_mixin.py:188} INFO - [2025-07-03T17:39:48.998+0000] {dag.py:3823} INFO - Setting next_dagrun for example_local_kubernetes_executor to None, run_after=None
[2025-07-03T17:39:49.029+0000] {processor.py:183} INFO - Processing /home/airflow/.local/lib/python3.8/site-packages/airflow/example_dags/example_local_kubernetes_executor.py took 0.135 seconds
[2025-07-03T17:40:19.295+0000] {processor.py:161} INFO - Started process (PID=790) to work on /home/airflow/.local/lib/python3.8/site-packages/airflow/example_dags/example_local_kubernetes_executor.py
[2025-07-03T17:40:19.298+0000] {processor.py:830} INFO - Processing file /home/airflow/.local/lib/python3.8/site-packages/airflow/example_dags/example_local_kubernetes_executor.py for tasks to queue
[2025-07-03T17:40:19.301+0000] {logging_mixin.py:188} INFO - [2025-07-03T17:40:19.301+0000] {dagbag.py:538} INFO - Filling up the DagBag from /home/airflow/.local/lib/python3.8/site-packages/airflow/example_dags/example_local_kubernetes_executor.py
[2025-07-03T17:40:19.311+0000] {processor.py:840} INFO - DAG(s) 'example_local_kubernetes_executor' retrieved from /home/airflow/.local/lib/python3.8/site-packages/airflow/example_dags/example_local_kubernetes_executor.py
[2025-07-03T17:40:19.371+0000] {logging_mixin.py:188} INFO - [2025-07-03T17:40:19.370+0000] {dag.py:3036} INFO - Sync 1 DAGs
[2025-07-03T17:40:19.396+0000] {logging_mixin.py:188} INFO - [2025-07-03T17:40:19.395+0000] {dag.py:3823} INFO - Setting next_dagrun for example_local_kubernetes_executor to None, run_after=None
[2025-07-03T17:40:19.431+0000] {processor.py:183} INFO - Processing /home/airflow/.local/lib/python3.8/site-packages/airflow/example_dags/example_local_kubernetes_executor.py took 0.142 seconds
[2025-07-03T17:40:49.868+0000] {processor.py:161} INFO - Started process (PID=855) to work on /home/airflow/.local/lib/python3.8/site-packages/airflow/example_dags/example_local_kubernetes_executor.py
[2025-07-03T17:40:49.871+0000] {processor.py:830} INFO - Processing file /home/airflow/.local/lib/python3.8/site-packages/airflow/example_dags/example_local_kubernetes_executor.py for tasks to queue
[2025-07-03T17:40:49.874+0000] {logging_mixin.py:188} INFO - [2025-07-03T17:40:49.874+0000] {dagbag.py:538} INFO - Filling up the DagBag from /home/airflow/.local/lib/python3.8/site-packages/airflow/example_dags/example_local_kubernetes_executor.py
[2025-07-03T17:40:49.885+0000] {processor.py:840} INFO - DAG(s) 'example_local_kubernetes_executor' retrieved from /home/airflow/.local/lib/python3.8/site-packages/airflow/example_dags/example_local_kubernetes_executor.py
[2025-07-03T17:40:49.944+0000] {logging_mixin.py:188} INFO - [2025-07-03T17:40:49.944+0000] {dag.py:3036} INFO - Sync 1 DAGs
[2025-07-03T17:40:49.967+0000] {logging_mixin.py:188} INFO - [2025-07-03T17:40:49.967+0000] {dag.py:3823} INFO - Setting next_dagrun for example_local_kubernetes_executor to None, run_after=None
[2025-07-03T17:40:49.998+0000] {processor.py:183} INFO - Processing /home/airflow/.local/lib/python3.8/site-packages/airflow/example_dags/example_local_kubernetes_executor.py took 0.135 seconds
[2025-07-03T17:41:20.434+0000] {processor.py:161} INFO - Started process (PID=919) to work on /home/airflow/.local/lib/python3.8/site-packages/airflow/example_dags/example_local_kubernetes_executor.py
[2025-07-03T17:41:20.435+0000] {processor.py:830} INFO - Processing file /home/airflow/.local/lib/python3.8/site-packages/airflow/example_dags/example_local_kubernetes_executor.py for tasks to queue
[2025-07-03T17:41:20.438+0000] {logging_mixin.py:188} INFO - [2025-07-03T17:41:20.437+0000] {dagbag.py:538} INFO - Filling up the DagBag from /home/airflow/.local/lib/python3.8/site-packages/airflow/example_dags/example_local_kubernetes_executor.py
[2025-07-03T17:41:20.449+0000] {processor.py:840} INFO - DAG(s) 'example_local_kubernetes_executor' retrieved from /home/airflow/.local/lib/python3.8/site-packages/airflow/example_dags/example_local_kubernetes_executor.py
[2025-07-03T17:41:20.512+0000] {logging_mixin.py:188} INFO - [2025-07-03T17:41:20.511+0000] {dag.py:3036} INFO - Sync 1 DAGs
[2025-07-03T17:41:20.534+0000] {logging_mixin.py:188} INFO - [2025-07-03T17:41:20.533+0000] {dag.py:3823} INFO - Setting next_dagrun for example_local_kubernetes_executor to None, run_after=None
[2025-07-03T17:41:20.564+0000] {processor.py:183} INFO - Processing /home/airflow/.local/lib/python3.8/site-packages/airflow/example_dags/example_local_kubernetes_executor.py took 0.134 seconds
[2025-07-03T17:41:51.134+0000] {processor.py:161} INFO - Started process (PID=985) to work on /home/airflow/.local/lib/python3.8/site-packages/airflow/example_dags/example_local_kubernetes_executor.py
[2025-07-03T17:41:51.136+0000] {processor.py:830} INFO - Processing file /home/airflow/.local/lib/python3.8/site-packages/airflow/example_dags/example_local_kubernetes_executor.py for tasks to queue
[2025-07-03T17:41:51.139+0000] {logging_mixin.py:188} INFO - [2025-07-03T17:41:51.139+0000] {dagbag.py:538} INFO - Filling up the DagBag from /home/airflow/.local/lib/python3.8/site-packages/airflow/example_dags/example_local_kubernetes_executor.py
[2025-07-03T17:41:51.150+0000] {processor.py:840} INFO - DAG(s) 'example_local_kubernetes_executor' retrieved from /home/airflow/.local/lib/python3.8/site-packages/airflow/example_dags/example_local_kubernetes_executor.py
[2025-07-03T17:41:51.210+0000] {logging_mixin.py:188} INFO - [2025-07-03T17:41:51.209+0000] {dag.py:3036} INFO - Sync 1 DAGs
[2025-07-03T17:41:51.232+0000] {logging_mixin.py:188} INFO - [2025-07-03T17:41:51.232+0000] {dag.py:3823} INFO - Setting next_dagrun for example_local_kubernetes_executor to None, run_after=None
[2025-07-03T17:41:51.264+0000] {processor.py:183} INFO - Processing /home/airflow/.local/lib/python3.8/site-packages/airflow/example_dags/example_local_kubernetes_executor.py took 0.134 seconds
[2025-07-03T17:42:22.146+0000] {processor.py:161} INFO - Started process (PID=1050) to work on /home/airflow/.local/lib/python3.8/site-packages/airflow/example_dags/example_local_kubernetes_executor.py
[2025-07-03T17:42:22.157+0000] {processor.py:830} INFO - Processing file /home/airflow/.local/lib/python3.8/site-packages/airflow/example_dags/example_local_kubernetes_executor.py for tasks to queue
[2025-07-03T17:42:22.159+0000] {logging_mixin.py:188} INFO - [2025-07-03T17:42:22.159+0000] {dagbag.py:538} INFO - Filling up the DagBag from /home/airflow/.local/lib/python3.8/site-packages/airflow/example_dags/example_local_kubernetes_executor.py
[2025-07-03T17:42:22.173+0000] {processor.py:840} INFO - DAG(s) 'example_local_kubernetes_executor' retrieved from /home/airflow/.local/lib/python3.8/site-packages/airflow/example_dags/example_local_kubernetes_executor.py
[2025-07-03T17:42:22.295+0000] {logging_mixin.py:188} INFO - [2025-07-03T17:42:22.294+0000] {dag.py:3036} INFO - Sync 1 DAGs
[2025-07-03T17:42:22.331+0000] {logging_mixin.py:188} INFO - [2025-07-03T17:42:22.330+0000] {dag.py:3823} INFO - Setting next_dagrun for example_local_kubernetes_executor to None, run_after=None
[2025-07-03T17:42:22.386+0000] {processor.py:183} INFO - Processing /home/airflow/.local/lib/python3.8/site-packages/airflow/example_dags/example_local_kubernetes_executor.py took 0.252 seconds
[2025-07-03T17:42:52.486+0000] {processor.py:161} INFO - Started process (PID=1114) to work on /home/airflow/.local/lib/python3.8/site-packages/airflow/example_dags/example_local_kubernetes_executor.py
[2025-07-03T17:42:52.488+0000] {processor.py:830} INFO - Processing file /home/airflow/.local/lib/python3.8/site-packages/airflow/example_dags/example_local_kubernetes_executor.py for tasks to queue
[2025-07-03T17:42:52.492+0000] {logging_mixin.py:188} INFO - [2025-07-03T17:42:52.491+0000] {dagbag.py:538} INFO - Filling up the DagBag from /home/airflow/.local/lib/python3.8/site-packages/airflow/example_dags/example_local_kubernetes_executor.py
[2025-07-03T17:42:52.506+0000] {processor.py:840} INFO - DAG(s) 'example_local_kubernetes_executor' retrieved from /home/airflow/.local/lib/python3.8/site-packages/airflow/example_dags/example_local_kubernetes_executor.py
[2025-07-03T17:42:52.610+0000] {logging_mixin.py:188} INFO - [2025-07-03T17:42:52.609+0000] {dag.py:3036} INFO - Sync 1 DAGs
[2025-07-03T17:42:52.641+0000] {logging_mixin.py:188} INFO - [2025-07-03T17:42:52.640+0000] {dag.py:3823} INFO - Setting next_dagrun for example_local_kubernetes_executor to None, run_after=None
[2025-07-03T17:42:52.693+0000] {processor.py:183} INFO - Processing /home/airflow/.local/lib/python3.8/site-packages/airflow/example_dags/example_local_kubernetes_executor.py took 0.222 seconds
[2025-07-03T17:43:23.420+0000] {processor.py:161} INFO - Started process (PID=1180) to work on /home/airflow/.local/lib/python3.8/site-packages/airflow/example_dags/example_local_kubernetes_executor.py
[2025-07-03T17:43:23.421+0000] {processor.py:830} INFO - Processing file /home/airflow/.local/lib/python3.8/site-packages/airflow/example_dags/example_local_kubernetes_executor.py for tasks to queue
[2025-07-03T17:43:23.424+0000] {logging_mixin.py:188} INFO - [2025-07-03T17:43:23.423+0000] {dagbag.py:538} INFO - Filling up the DagBag from /home/airflow/.local/lib/python3.8/site-packages/airflow/example_dags/example_local_kubernetes_executor.py
[2025-07-03T17:43:23.441+0000] {processor.py:840} INFO - DAG(s) 'example_local_kubernetes_executor' retrieved from /home/airflow/.local/lib/python3.8/site-packages/airflow/example_dags/example_local_kubernetes_executor.py
[2025-07-03T17:43:23.505+0000] {logging_mixin.py:188} INFO - [2025-07-03T17:43:23.505+0000] {dag.py:3036} INFO - Sync 1 DAGs
[2025-07-03T17:43:23.528+0000] {logging_mixin.py:188} INFO - [2025-07-03T17:43:23.528+0000] {dag.py:3823} INFO - Setting next_dagrun for example_local_kubernetes_executor to None, run_after=None
[2025-07-03T17:43:23.561+0000] {processor.py:183} INFO - Processing /home/airflow/.local/lib/python3.8/site-packages/airflow/example_dags/example_local_kubernetes_executor.py took 0.146 seconds
[2025-07-03T17:43:54.308+0000] {processor.py:161} INFO - Started process (PID=1246) to work on /home/airflow/.local/lib/python3.8/site-packages/airflow/example_dags/example_local_kubernetes_executor.py
[2025-07-03T17:43:54.310+0000] {processor.py:830} INFO - Processing file /home/airflow/.local/lib/python3.8/site-packages/airflow/example_dags/example_local_kubernetes_executor.py for tasks to queue
[2025-07-03T17:43:54.313+0000] {logging_mixin.py:188} INFO - [2025-07-03T17:43:54.312+0000] {dagbag.py:538} INFO - Filling up the DagBag from /home/airflow/.local/lib/python3.8/site-packages/airflow/example_dags/example_local_kubernetes_executor.py
[2025-07-03T17:43:54.323+0000] {processor.py:840} INFO - DAG(s) 'example_local_kubernetes_executor' retrieved from /home/airflow/.local/lib/python3.8/site-packages/airflow/example_dags/example_local_kubernetes_executor.py
[2025-07-03T17:43:54.382+0000] {logging_mixin.py:188} INFO - [2025-07-03T17:43:54.381+0000] {dag.py:3036} INFO - Sync 1 DAGs
[2025-07-03T17:43:54.405+0000] {logging_mixin.py:188} INFO - [2025-07-03T17:43:54.404+0000] {dag.py:3823} INFO - Setting next_dagrun for example_local_kubernetes_executor to None, run_after=None
[2025-07-03T17:43:54.438+0000] {processor.py:183} INFO - Processing /home/airflow/.local/lib/python3.8/site-packages/airflow/example_dags/example_local_kubernetes_executor.py took 0.134 seconds
[2025-07-03T17:44:24.932+0000] {processor.py:161} INFO - Started process (PID=1311) to work on /home/airflow/.local/lib/python3.8/site-packages/airflow/example_dags/example_local_kubernetes_executor.py
[2025-07-03T17:44:24.935+0000] {processor.py:830} INFO - Processing file /home/airflow/.local/lib/python3.8/site-packages/airflow/example_dags/example_local_kubernetes_executor.py for tasks to queue
[2025-07-03T17:44:24.938+0000] {logging_mixin.py:188} INFO - [2025-07-03T17:44:24.938+0000] {dagbag.py:538} INFO - Filling up the DagBag from /home/airflow/.local/lib/python3.8/site-packages/airflow/example_dags/example_local_kubernetes_executor.py
[2025-07-03T17:44:24.949+0000] {processor.py:840} INFO - DAG(s) 'example_local_kubernetes_executor' retrieved from /home/airflow/.local/lib/python3.8/site-packages/airflow/example_dags/example_local_kubernetes_executor.py
[2025-07-03T17:44:25.108+0000] {logging_mixin.py:188} INFO - [2025-07-03T17:44:25.108+0000] {dag.py:3036} INFO - Sync 1 DAGs
[2025-07-03T17:44:25.157+0000] {logging_mixin.py:188} INFO - [2025-07-03T17:44:25.155+0000] {dag.py:3823} INFO - Setting next_dagrun for example_local_kubernetes_executor to None, run_after=None
[2025-07-03T17:44:25.228+0000] {processor.py:183} INFO - Processing /home/airflow/.local/lib/python3.8/site-packages/airflow/example_dags/example_local_kubernetes_executor.py took 0.301 seconds
[2025-07-03T17:44:55.567+0000] {processor.py:161} INFO - Started process (PID=1375) to work on /home/airflow/.local/lib/python3.8/site-packages/airflow/example_dags/example_local_kubernetes_executor.py
[2025-07-03T17:44:55.569+0000] {processor.py:830} INFO - Processing file /home/airflow/.local/lib/python3.8/site-packages/airflow/example_dags/example_local_kubernetes_executor.py for tasks to queue
[2025-07-03T17:44:55.572+0000] {logging_mixin.py:188} INFO - [2025-07-03T17:44:55.571+0000] {dagbag.py:538} INFO - Filling up the DagBag from /home/airflow/.local/lib/python3.8/site-packages/airflow/example_dags/example_local_kubernetes_executor.py
[2025-07-03T17:44:55.580+0000] {processor.py:840} INFO - DAG(s) 'example_local_kubernetes_executor' retrieved from /home/airflow/.local/lib/python3.8/site-packages/airflow/example_dags/example_local_kubernetes_executor.py
[2025-07-03T17:44:55.623+0000] {logging_mixin.py:188} INFO - [2025-07-03T17:44:55.623+0000] {dag.py:3036} INFO - Sync 1 DAGs
[2025-07-03T17:44:55.640+0000] {logging_mixin.py:188} INFO - [2025-07-03T17:44:55.640+0000] {dag.py:3823} INFO - Setting next_dagrun for example_local_kubernetes_executor to None, run_after=None
[2025-07-03T17:44:55.665+0000] {processor.py:183} INFO - Processing /home/airflow/.local/lib/python3.8/site-packages/airflow/example_dags/example_local_kubernetes_executor.py took 0.102 seconds
[2025-07-03T17:45:26.112+0000] {processor.py:161} INFO - Started process (PID=1441) to work on /home/airflow/.local/lib/python3.8/site-packages/airflow/example_dags/example_local_kubernetes_executor.py
[2025-07-03T17:45:26.113+0000] {processor.py:830} INFO - Processing file /home/airflow/.local/lib/python3.8/site-packages/airflow/example_dags/example_local_kubernetes_executor.py for tasks to queue
[2025-07-03T17:45:26.115+0000] {logging_mixin.py:188} INFO - [2025-07-03T17:45:26.115+0000] {dagbag.py:538} INFO - Filling up the DagBag from /home/airflow/.local/lib/python3.8/site-packages/airflow/example_dags/example_local_kubernetes_executor.py
[2025-07-03T17:45:26.126+0000] {processor.py:840} INFO - DAG(s) 'example_local_kubernetes_executor' retrieved from /home/airflow/.local/lib/python3.8/site-packages/airflow/example_dags/example_local_kubernetes_executor.py
[2025-07-03T17:45:26.183+0000] {logging_mixin.py:188} INFO - [2025-07-03T17:45:26.183+0000] {dag.py:3036} INFO - Sync 1 DAGs
[2025-07-03T17:45:26.206+0000] {logging_mixin.py:188} INFO - [2025-07-03T17:45:26.205+0000] {dag.py:3823} INFO - Setting next_dagrun for example_local_kubernetes_executor to None, run_after=None
[2025-07-03T17:45:26.236+0000] {processor.py:183} INFO - Processing /home/airflow/.local/lib/python3.8/site-packages/airflow/example_dags/example_local_kubernetes_executor.py took 0.129 seconds
[2025-07-03T17:45:57.142+0000] {processor.py:161} INFO - Started process (PID=1506) to work on /home/airflow/.local/lib/python3.8/site-packages/airflow/example_dags/example_local_kubernetes_executor.py
[2025-07-03T17:45:57.146+0000] {processor.py:830} INFO - Processing file /home/airflow/.local/lib/python3.8/site-packages/airflow/example_dags/example_local_kubernetes_executor.py for tasks to queue
[2025-07-03T17:45:57.149+0000] {logging_mixin.py:188} INFO - [2025-07-03T17:45:57.148+0000] {dagbag.py:538} INFO - Filling up the DagBag from /home/airflow/.local/lib/python3.8/site-packages/airflow/example_dags/example_local_kubernetes_executor.py
[2025-07-03T17:45:57.160+0000] {processor.py:840} INFO - DAG(s) 'example_local_kubernetes_executor' retrieved from /home/airflow/.local/lib/python3.8/site-packages/airflow/example_dags/example_local_kubernetes_executor.py
[2025-07-03T17:45:57.252+0000] {logging_mixin.py:188} INFO - [2025-07-03T17:45:57.252+0000] {dag.py:3036} INFO - Sync 1 DAGs
[2025-07-03T17:45:57.275+0000] {logging_mixin.py:188} INFO - [2025-07-03T17:45:57.274+0000] {dag.py:3823} INFO - Setting next_dagrun for example_local_kubernetes_executor to None, run_after=None
[2025-07-03T17:45:57.305+0000] {processor.py:183} INFO - Processing /home/airflow/.local/lib/python3.8/site-packages/airflow/example_dags/example_local_kubernetes_executor.py took 0.171 seconds
[2025-07-03T17:46:27.456+0000] {processor.py:161} INFO - Started process (PID=1571) to work on /home/airflow/.local/lib/python3.8/site-packages/airflow/example_dags/example_local_kubernetes_executor.py
[2025-07-03T17:46:27.458+0000] {processor.py:830} INFO - Processing file /home/airflow/.local/lib/python3.8/site-packages/airflow/example_dags/example_local_kubernetes_executor.py for tasks to queue
[2025-07-03T17:46:27.460+0000] {logging_mixin.py:188} INFO - [2025-07-03T17:46:27.460+0000] {dagbag.py:538} INFO - Filling up the DagBag from /home/airflow/.local/lib/python3.8/site-packages/airflow/example_dags/example_local_kubernetes_executor.py
[2025-07-03T17:46:27.471+0000] {processor.py:840} INFO - DAG(s) 'example_local_kubernetes_executor' retrieved from /home/airflow/.local/lib/python3.8/site-packages/airflow/example_dags/example_local_kubernetes_executor.py
[2025-07-03T17:46:27.529+0000] {logging_mixin.py:188} INFO - [2025-07-03T17:46:27.529+0000] {dag.py:3036} INFO - Sync 1 DAGs
[2025-07-03T17:46:27.551+0000] {logging_mixin.py:188} INFO - [2025-07-03T17:46:27.551+0000] {dag.py:3823} INFO - Setting next_dagrun for example_local_kubernetes_executor to None, run_after=None
[2025-07-03T17:46:27.581+0000] {processor.py:183} INFO - Processing /home/airflow/.local/lib/python3.8/site-packages/airflow/example_dags/example_local_kubernetes_executor.py took 0.129 seconds
[2025-07-03T17:46:57.870+0000] {processor.py:161} INFO - Started process (PID=1635) to work on /home/airflow/.local/lib/python3.8/site-packages/airflow/example_dags/example_local_kubernetes_executor.py
[2025-07-03T17:46:57.873+0000] {processor.py:830} INFO - Processing file /home/airflow/.local/lib/python3.8/site-packages/airflow/example_dags/example_local_kubernetes_executor.py for tasks to queue
[2025-07-03T17:46:57.876+0000] {logging_mixin.py:188} INFO - [2025-07-03T17:46:57.875+0000] {dagbag.py:538} INFO - Filling up the DagBag from /home/airflow/.local/lib/python3.8/site-packages/airflow/example_dags/example_local_kubernetes_executor.py
[2025-07-03T17:46:57.886+0000] {processor.py:840} INFO - DAG(s) 'example_local_kubernetes_executor' retrieved from /home/airflow/.local/lib/python3.8/site-packages/airflow/example_dags/example_local_kubernetes_executor.py
[2025-07-03T17:46:57.946+0000] {logging_mixin.py:188} INFO - [2025-07-03T17:46:57.946+0000] {dag.py:3036} INFO - Sync 1 DAGs
[2025-07-03T17:46:57.971+0000] {logging_mixin.py:188} INFO - [2025-07-03T17:46:57.971+0000] {dag.py:3823} INFO - Setting next_dagrun for example_local_kubernetes_executor to None, run_after=None
[2025-07-03T17:46:58.004+0000] {processor.py:183} INFO - Processing /home/airflow/.local/lib/python3.8/site-packages/airflow/example_dags/example_local_kubernetes_executor.py took 0.139 seconds
[2025-07-03T17:47:28.294+0000] {processor.py:161} INFO - Started process (PID=1700) to work on /home/airflow/.local/lib/python3.8/site-packages/airflow/example_dags/example_local_kubernetes_executor.py
[2025-07-03T17:47:28.297+0000] {processor.py:830} INFO - Processing file /home/airflow/.local/lib/python3.8/site-packages/airflow/example_dags/example_local_kubernetes_executor.py for tasks to queue
[2025-07-03T17:47:28.299+0000] {logging_mixin.py:188} INFO - [2025-07-03T17:47:28.299+0000] {dagbag.py:538} INFO - Filling up the DagBag from /home/airflow/.local/lib/python3.8/site-packages/airflow/example_dags/example_local_kubernetes_executor.py
[2025-07-03T17:47:28.310+0000] {processor.py:840} INFO - DAG(s) 'example_local_kubernetes_executor' retrieved from /home/airflow/.local/lib/python3.8/site-packages/airflow/example_dags/example_local_kubernetes_executor.py
[2025-07-03T17:47:28.368+0000] {logging_mixin.py:188} INFO - [2025-07-03T17:47:28.367+0000] {dag.py:3036} INFO - Sync 1 DAGs
[2025-07-03T17:47:28.391+0000] {logging_mixin.py:188} INFO - [2025-07-03T17:47:28.391+0000] {dag.py:3823} INFO - Setting next_dagrun for example_local_kubernetes_executor to None, run_after=None
[2025-07-03T17:47:28.425+0000] {processor.py:183} INFO - Processing /home/airflow/.local/lib/python3.8/site-packages/airflow/example_dags/example_local_kubernetes_executor.py took 0.137 seconds
[2025-07-03T17:47:58.610+0000] {processor.py:161} INFO - Started process (PID=1765) to work on /home/airflow/.local/lib/python3.8/site-packages/airflow/example_dags/example_local_kubernetes_executor.py
[2025-07-03T17:47:58.613+0000] {processor.py:830} INFO - Processing file /home/airflow/.local/lib/python3.8/site-packages/airflow/example_dags/example_local_kubernetes_executor.py for tasks to queue
[2025-07-03T17:47:58.626+0000] {logging_mixin.py:188} INFO - [2025-07-03T17:47:58.625+0000] {dagbag.py:538} INFO - Filling up the DagBag from /home/airflow/.local/lib/python3.8/site-packages/airflow/example_dags/example_local_kubernetes_executor.py
[2025-07-03T17:47:58.642+0000] {processor.py:840} INFO - DAG(s) 'example_local_kubernetes_executor' retrieved from /home/airflow/.local/lib/python3.8/site-packages/airflow/example_dags/example_local_kubernetes_executor.py
[2025-07-03T17:47:58.794+0000] {logging_mixin.py:188} INFO - [2025-07-03T17:47:58.793+0000] {dag.py:3036} INFO - Sync 1 DAGs
[2025-07-03T17:47:58.846+0000] {logging_mixin.py:188} INFO - [2025-07-03T17:47:58.846+0000] {dag.py:3823} INFO - Setting next_dagrun for example_local_kubernetes_executor to None, run_after=None
[2025-07-03T17:47:58.909+0000] {processor.py:183} INFO - Processing /home/airflow/.local/lib/python3.8/site-packages/airflow/example_dags/example_local_kubernetes_executor.py took 0.313 seconds
[2025-07-03T17:48:29.013+0000] {processor.py:161} INFO - Started process (PID=1830) to work on /home/airflow/.local/lib/python3.8/site-packages/airflow/example_dags/example_local_kubernetes_executor.py
[2025-07-03T17:48:29.015+0000] {processor.py:830} INFO - Processing file /home/airflow/.local/lib/python3.8/site-packages/airflow/example_dags/example_local_kubernetes_executor.py for tasks to queue
[2025-07-03T17:48:29.022+0000] {logging_mixin.py:188} INFO - [2025-07-03T17:48:29.021+0000] {dagbag.py:538} INFO - Filling up the DagBag from /home/airflow/.local/lib/python3.8/site-packages/airflow/example_dags/example_local_kubernetes_executor.py
[2025-07-03T17:48:29.041+0000] {processor.py:840} INFO - DAG(s) 'example_local_kubernetes_executor' retrieved from /home/airflow/.local/lib/python3.8/site-packages/airflow/example_dags/example_local_kubernetes_executor.py
[2025-07-03T17:48:29.168+0000] {logging_mixin.py:188} INFO - [2025-07-03T17:48:29.168+0000] {dag.py:3036} INFO - Sync 1 DAGs
[2025-07-03T17:48:29.215+0000] {logging_mixin.py:188} INFO - [2025-07-03T17:48:29.215+0000] {dag.py:3823} INFO - Setting next_dagrun for example_local_kubernetes_executor to None, run_after=None
[2025-07-03T17:48:29.276+0000] {processor.py:183} INFO - Processing /home/airflow/.local/lib/python3.8/site-packages/airflow/example_dags/example_local_kubernetes_executor.py took 0.275 seconds
[2025-07-03T17:48:59.546+0000] {processor.py:161} INFO - Started process (PID=1896) to work on /home/airflow/.local/lib/python3.8/site-packages/airflow/example_dags/example_local_kubernetes_executor.py
[2025-07-03T17:48:59.548+0000] {processor.py:830} INFO - Processing file /home/airflow/.local/lib/python3.8/site-packages/airflow/example_dags/example_local_kubernetes_executor.py for tasks to queue
[2025-07-03T17:48:59.551+0000] {logging_mixin.py:188} INFO - [2025-07-03T17:48:59.551+0000] {dagbag.py:538} INFO - Filling up the DagBag from /home/airflow/.local/lib/python3.8/site-packages/airflow/example_dags/example_local_kubernetes_executor.py
[2025-07-03T17:48:59.572+0000] {processor.py:840} INFO - DAG(s) 'example_local_kubernetes_executor' retrieved from /home/airflow/.local/lib/python3.8/site-packages/airflow/example_dags/example_local_kubernetes_executor.py
[2025-07-03T17:48:59.646+0000] {logging_mixin.py:188} INFO - [2025-07-03T17:48:59.646+0000] {dag.py:3036} INFO - Sync 1 DAGs
[2025-07-03T17:48:59.673+0000] {logging_mixin.py:188} INFO - [2025-07-03T17:48:59.671+0000] {dag.py:3823} INFO - Setting next_dagrun for example_local_kubernetes_executor to None, run_after=None
[2025-07-03T17:48:59.707+0000] {processor.py:183} INFO - Processing /home/airflow/.local/lib/python3.8/site-packages/airflow/example_dags/example_local_kubernetes_executor.py took 0.175 seconds
[2025-07-03T17:49:30.646+0000] {processor.py:161} INFO - Started process (PID=1961) to work on /home/airflow/.local/lib/python3.8/site-packages/airflow/example_dags/example_local_kubernetes_executor.py
[2025-07-03T17:49:30.647+0000] {processor.py:830} INFO - Processing file /home/airflow/.local/lib/python3.8/site-packages/airflow/example_dags/example_local_kubernetes_executor.py for tasks to queue
[2025-07-03T17:49:30.650+0000] {logging_mixin.py:188} INFO - [2025-07-03T17:49:30.650+0000] {dagbag.py:538} INFO - Filling up the DagBag from /home/airflow/.local/lib/python3.8/site-packages/airflow/example_dags/example_local_kubernetes_executor.py
[2025-07-03T17:49:30.661+0000] {processor.py:840} INFO - DAG(s) 'example_local_kubernetes_executor' retrieved from /home/airflow/.local/lib/python3.8/site-packages/airflow/example_dags/example_local_kubernetes_executor.py
[2025-07-03T17:49:30.722+0000] {logging_mixin.py:188} INFO - [2025-07-03T17:49:30.722+0000] {dag.py:3036} INFO - Sync 1 DAGs
[2025-07-03T17:49:30.748+0000] {logging_mixin.py:188} INFO - [2025-07-03T17:49:30.747+0000] {dag.py:3823} INFO - Setting next_dagrun for example_local_kubernetes_executor to None, run_after=None
[2025-07-03T17:49:30.780+0000] {processor.py:183} INFO - Processing /home/airflow/.local/lib/python3.8/site-packages/airflow/example_dags/example_local_kubernetes_executor.py took 0.138 seconds
[2025-07-03T17:50:00.945+0000] {processor.py:161} INFO - Started process (PID=2027) to work on /home/airflow/.local/lib/python3.8/site-packages/airflow/example_dags/example_local_kubernetes_executor.py
[2025-07-03T17:50:00.947+0000] {processor.py:830} INFO - Processing file /home/airflow/.local/lib/python3.8/site-packages/airflow/example_dags/example_local_kubernetes_executor.py for tasks to queue
[2025-07-03T17:50:00.949+0000] {logging_mixin.py:188} INFO - [2025-07-03T17:50:00.949+0000] {dagbag.py:538} INFO - Filling up the DagBag from /home/airflow/.local/lib/python3.8/site-packages/airflow/example_dags/example_local_kubernetes_executor.py
[2025-07-03T17:50:00.960+0000] {processor.py:840} INFO - DAG(s) 'example_local_kubernetes_executor' retrieved from /home/airflow/.local/lib/python3.8/site-packages/airflow/example_dags/example_local_kubernetes_executor.py
[2025-07-03T17:50:01.022+0000] {logging_mixin.py:188} INFO - [2025-07-03T17:50:01.022+0000] {dag.py:3036} INFO - Sync 1 DAGs
[2025-07-03T17:50:01.046+0000] {logging_mixin.py:188} INFO - [2025-07-03T17:50:01.045+0000] {dag.py:3823} INFO - Setting next_dagrun for example_local_kubernetes_executor to None, run_after=None
[2025-07-03T17:50:01.078+0000] {processor.py:183} INFO - Processing /home/airflow/.local/lib/python3.8/site-packages/airflow/example_dags/example_local_kubernetes_executor.py took 0.138 seconds
[2025-07-03T17:50:31.375+0000] {processor.py:161} INFO - Started process (PID=2100) to work on /home/airflow/.local/lib/python3.8/site-packages/airflow/example_dags/example_local_kubernetes_executor.py
[2025-07-03T17:50:31.381+0000] {processor.py:830} INFO - Processing file /home/airflow/.local/lib/python3.8/site-packages/airflow/example_dags/example_local_kubernetes_executor.py for tasks to queue
[2025-07-03T17:50:31.384+0000] {logging_mixin.py:188} INFO - [2025-07-03T17:50:31.383+0000] {dagbag.py:538} INFO - Filling up the DagBag from /home/airflow/.local/lib/python3.8/site-packages/airflow/example_dags/example_local_kubernetes_executor.py
[2025-07-03T17:50:31.395+0000] {processor.py:840} INFO - DAG(s) 'example_local_kubernetes_executor' retrieved from /home/airflow/.local/lib/python3.8/site-packages/airflow/example_dags/example_local_kubernetes_executor.py
[2025-07-03T17:50:31.454+0000] {logging_mixin.py:188} INFO - [2025-07-03T17:50:31.453+0000] {dag.py:3036} INFO - Sync 1 DAGs
[2025-07-03T17:50:31.478+0000] {logging_mixin.py:188} INFO - [2025-07-03T17:50:31.478+0000] {dag.py:3823} INFO - Setting next_dagrun for example_local_kubernetes_executor to None, run_after=None
[2025-07-03T17:50:31.530+0000] {processor.py:183} INFO - Processing /home/airflow/.local/lib/python3.8/site-packages/airflow/example_dags/example_local_kubernetes_executor.py took 0.171 seconds
[2025-07-03T17:51:01.901+0000] {processor.py:161} INFO - Started process (PID=2165) to work on /home/airflow/.local/lib/python3.8/site-packages/airflow/example_dags/example_local_kubernetes_executor.py
[2025-07-03T17:51:01.963+0000] {processor.py:830} INFO - Processing file /home/airflow/.local/lib/python3.8/site-packages/airflow/example_dags/example_local_kubernetes_executor.py for tasks to queue
[2025-07-03T17:51:01.966+0000] {logging_mixin.py:188} INFO - [2025-07-03T17:51:01.966+0000] {dagbag.py:538} INFO - Filling up the DagBag from /home/airflow/.local/lib/python3.8/site-packages/airflow/example_dags/example_local_kubernetes_executor.py
[2025-07-03T17:51:01.997+0000] {processor.py:840} INFO - DAG(s) 'example_local_kubernetes_executor' retrieved from /home/airflow/.local/lib/python3.8/site-packages/airflow/example_dags/example_local_kubernetes_executor.py
[2025-07-03T17:51:02.088+0000] {logging_mixin.py:188} INFO - [2025-07-03T17:51:02.087+0000] {dag.py:3036} INFO - Sync 1 DAGs
[2025-07-03T17:51:02.111+0000] {logging_mixin.py:188} INFO - [2025-07-03T17:51:02.110+0000] {dag.py:3823} INFO - Setting next_dagrun for example_local_kubernetes_executor to None, run_after=None
[2025-07-03T17:51:02.158+0000] {processor.py:183} INFO - Processing /home/airflow/.local/lib/python3.8/site-packages/airflow/example_dags/example_local_kubernetes_executor.py took 0.281 seconds
[2025-07-03T17:51:32.620+0000] {processor.py:161} INFO - Started process (PID=2228) to work on /home/airflow/.local/lib/python3.8/site-packages/airflow/example_dags/example_local_kubernetes_executor.py
[2025-07-03T17:51:32.629+0000] {processor.py:830} INFO - Processing file /home/airflow/.local/lib/python3.8/site-packages/airflow/example_dags/example_local_kubernetes_executor.py for tasks to queue
[2025-07-03T17:51:32.632+0000] {logging_mixin.py:188} INFO - [2025-07-03T17:51:32.631+0000] {dagbag.py:538} INFO - Filling up the DagBag from /home/airflow/.local/lib/python3.8/site-packages/airflow/example_dags/example_local_kubernetes_executor.py
[2025-07-03T17:51:32.656+0000] {processor.py:840} INFO - DAG(s) 'example_local_kubernetes_executor' retrieved from /home/airflow/.local/lib/python3.8/site-packages/airflow/example_dags/example_local_kubernetes_executor.py
[2025-07-03T17:51:32.724+0000] {logging_mixin.py:188} INFO - [2025-07-03T17:51:32.723+0000] {dag.py:3036} INFO - Sync 1 DAGs
[2025-07-03T17:51:32.754+0000] {logging_mixin.py:188} INFO - [2025-07-03T17:51:32.754+0000] {dag.py:3823} INFO - Setting next_dagrun for example_local_kubernetes_executor to None, run_after=None
[2025-07-03T17:51:32.806+0000] {processor.py:183} INFO - Processing /home/airflow/.local/lib/python3.8/site-packages/airflow/example_dags/example_local_kubernetes_executor.py took 0.197 seconds
[2025-07-03T17:52:03.163+0000] {processor.py:161} INFO - Started process (PID=2293) to work on /home/airflow/.local/lib/python3.8/site-packages/airflow/example_dags/example_local_kubernetes_executor.py
[2025-07-03T17:52:03.164+0000] {processor.py:830} INFO - Processing file /home/airflow/.local/lib/python3.8/site-packages/airflow/example_dags/example_local_kubernetes_executor.py for tasks to queue
[2025-07-03T17:52:03.166+0000] {logging_mixin.py:188} INFO - [2025-07-03T17:52:03.166+0000] {dagbag.py:538} INFO - Filling up the DagBag from /home/airflow/.local/lib/python3.8/site-packages/airflow/example_dags/example_local_kubernetes_executor.py
[2025-07-03T17:52:03.185+0000] {processor.py:840} INFO - DAG(s) 'example_local_kubernetes_executor' retrieved from /home/airflow/.local/lib/python3.8/site-packages/airflow/example_dags/example_local_kubernetes_executor.py
[2025-07-03T17:52:03.255+0000] {logging_mixin.py:188} INFO - [2025-07-03T17:52:03.255+0000] {dag.py:3036} INFO - Sync 1 DAGs
[2025-07-03T17:52:03.288+0000] {logging_mixin.py:188} INFO - [2025-07-03T17:52:03.287+0000] {dag.py:3823} INFO - Setting next_dagrun for example_local_kubernetes_executor to None, run_after=None
[2025-07-03T17:52:03.352+0000] {processor.py:183} INFO - Processing /home/airflow/.local/lib/python3.8/site-packages/airflow/example_dags/example_local_kubernetes_executor.py took 0.206 seconds
[2025-07-03T17:52:33.495+0000] {processor.py:161} INFO - Started process (PID=2359) to work on /home/airflow/.local/lib/python3.8/site-packages/airflow/example_dags/example_local_kubernetes_executor.py
[2025-07-03T17:52:33.496+0000] {processor.py:830} INFO - Processing file /home/airflow/.local/lib/python3.8/site-packages/airflow/example_dags/example_local_kubernetes_executor.py for tasks to queue
[2025-07-03T17:52:33.505+0000] {logging_mixin.py:188} INFO - [2025-07-03T17:52:33.505+0000] {dagbag.py:538} INFO - Filling up the DagBag from /home/airflow/.local/lib/python3.8/site-packages/airflow/example_dags/example_local_kubernetes_executor.py
[2025-07-03T17:52:33.533+0000] {processor.py:840} INFO - DAG(s) 'example_local_kubernetes_executor' retrieved from /home/airflow/.local/lib/python3.8/site-packages/airflow/example_dags/example_local_kubernetes_executor.py
[2025-07-03T17:52:33.638+0000] {logging_mixin.py:188} INFO - [2025-07-03T17:52:33.637+0000] {dag.py:3036} INFO - Sync 1 DAGs
[2025-07-03T17:52:33.680+0000] {logging_mixin.py:188} INFO - [2025-07-03T17:52:33.680+0000] {dag.py:3823} INFO - Setting next_dagrun for example_local_kubernetes_executor to None, run_after=None
[2025-07-03T17:52:33.751+0000] {processor.py:183} INFO - Processing /home/airflow/.local/lib/python3.8/site-packages/airflow/example_dags/example_local_kubernetes_executor.py took 0.272 seconds
[2025-07-03T17:53:04.164+0000] {processor.py:161} INFO - Started process (PID=2417) to work on /home/airflow/.local/lib/python3.8/site-packages/airflow/example_dags/example_local_kubernetes_executor.py
[2025-07-03T17:53:04.166+0000] {processor.py:830} INFO - Processing file /home/airflow/.local/lib/python3.8/site-packages/airflow/example_dags/example_local_kubernetes_executor.py for tasks to queue
[2025-07-03T17:53:04.168+0000] {logging_mixin.py:188} INFO - [2025-07-03T17:53:04.168+0000] {dagbag.py:538} INFO - Filling up the DagBag from /home/airflow/.local/lib/python3.8/site-packages/airflow/example_dags/example_local_kubernetes_executor.py
[2025-07-03T17:53:04.180+0000] {processor.py:840} INFO - DAG(s) 'example_local_kubernetes_executor' retrieved from /home/airflow/.local/lib/python3.8/site-packages/airflow/example_dags/example_local_kubernetes_executor.py
[2025-07-03T17:53:04.242+0000] {logging_mixin.py:188} INFO - [2025-07-03T17:53:04.241+0000] {dag.py:3036} INFO - Sync 1 DAGs
[2025-07-03T17:53:04.268+0000] {logging_mixin.py:188} INFO - [2025-07-03T17:53:04.267+0000] {dag.py:3823} INFO - Setting next_dagrun for example_local_kubernetes_executor to None, run_after=None
[2025-07-03T17:53:04.302+0000] {processor.py:183} INFO - Processing /home/airflow/.local/lib/python3.8/site-packages/airflow/example_dags/example_local_kubernetes_executor.py took 0.143 seconds
[2025-07-03T17:53:34.744+0000] {processor.py:161} INFO - Started process (PID=2483) to work on /home/airflow/.local/lib/python3.8/site-packages/airflow/example_dags/example_local_kubernetes_executor.py
[2025-07-03T17:53:34.745+0000] {processor.py:830} INFO - Processing file /home/airflow/.local/lib/python3.8/site-packages/airflow/example_dags/example_local_kubernetes_executor.py for tasks to queue
[2025-07-03T17:53:34.748+0000] {logging_mixin.py:188} INFO - [2025-07-03T17:53:34.748+0000] {dagbag.py:538} INFO - Filling up the DagBag from /home/airflow/.local/lib/python3.8/site-packages/airflow/example_dags/example_local_kubernetes_executor.py
[2025-07-03T17:53:34.760+0000] {processor.py:840} INFO - DAG(s) 'example_local_kubernetes_executor' retrieved from /home/airflow/.local/lib/python3.8/site-packages/airflow/example_dags/example_local_kubernetes_executor.py
[2025-07-03T17:53:34.820+0000] {logging_mixin.py:188} INFO - [2025-07-03T17:53:34.820+0000] {dag.py:3036} INFO - Sync 1 DAGs
[2025-07-03T17:53:34.843+0000] {logging_mixin.py:188} INFO - [2025-07-03T17:53:34.843+0000] {dag.py:3823} INFO - Setting next_dagrun for example_local_kubernetes_executor to None, run_after=None
[2025-07-03T17:53:34.874+0000] {processor.py:183} INFO - Processing /home/airflow/.local/lib/python3.8/site-packages/airflow/example_dags/example_local_kubernetes_executor.py took 0.135 seconds
[2025-07-03T17:54:05.341+0000] {processor.py:161} INFO - Started process (PID=2549) to work on /home/airflow/.local/lib/python3.8/site-packages/airflow/example_dags/example_local_kubernetes_executor.py
[2025-07-03T17:54:05.343+0000] {processor.py:830} INFO - Processing file /home/airflow/.local/lib/python3.8/site-packages/airflow/example_dags/example_local_kubernetes_executor.py for tasks to queue
[2025-07-03T17:54:05.346+0000] {logging_mixin.py:188} INFO - [2025-07-03T17:54:05.345+0000] {dagbag.py:538} INFO - Filling up the DagBag from /home/airflow/.local/lib/python3.8/site-packages/airflow/example_dags/example_local_kubernetes_executor.py
[2025-07-03T17:54:05.360+0000] {processor.py:840} INFO - DAG(s) 'example_local_kubernetes_executor' retrieved from /home/airflow/.local/lib/python3.8/site-packages/airflow/example_dags/example_local_kubernetes_executor.py
[2025-07-03T17:54:05.438+0000] {logging_mixin.py:188} INFO - [2025-07-03T17:54:05.438+0000] {dag.py:3036} INFO - Sync 1 DAGs
[2025-07-03T17:54:05.482+0000] {logging_mixin.py:188} INFO - [2025-07-03T17:54:05.481+0000] {dag.py:3823} INFO - Setting next_dagrun for example_local_kubernetes_executor to None, run_after=None
[2025-07-03T17:54:05.572+0000] {processor.py:183} INFO - Processing /home/airflow/.local/lib/python3.8/site-packages/airflow/example_dags/example_local_kubernetes_executor.py took 0.241 seconds
[2025-07-03T17:54:36.016+0000] {processor.py:161} INFO - Started process (PID=2613) to work on /home/airflow/.local/lib/python3.8/site-packages/airflow/example_dags/example_local_kubernetes_executor.py
[2025-07-03T17:54:36.025+0000] {processor.py:830} INFO - Processing file /home/airflow/.local/lib/python3.8/site-packages/airflow/example_dags/example_local_kubernetes_executor.py for tasks to queue
[2025-07-03T17:54:36.028+0000] {logging_mixin.py:188} INFO - [2025-07-03T17:54:36.027+0000] {dagbag.py:538} INFO - Filling up the DagBag from /home/airflow/.local/lib/python3.8/site-packages/airflow/example_dags/example_local_kubernetes_executor.py
[2025-07-03T17:54:36.052+0000] {processor.py:840} INFO - DAG(s) 'example_local_kubernetes_executor' retrieved from /home/airflow/.local/lib/python3.8/site-packages/airflow/example_dags/example_local_kubernetes_executor.py
[2025-07-03T17:54:36.255+0000] {logging_mixin.py:188} INFO - [2025-07-03T17:54:36.254+0000] {dag.py:3036} INFO - Sync 1 DAGs
[2025-07-03T17:54:36.294+0000] {logging_mixin.py:188} INFO - [2025-07-03T17:54:36.294+0000] {dag.py:3823} INFO - Setting next_dagrun for example_local_kubernetes_executor to None, run_after=None
[2025-07-03T17:54:36.354+0000] {processor.py:183} INFO - Processing /home/airflow/.local/lib/python3.8/site-packages/airflow/example_dags/example_local_kubernetes_executor.py took 0.346 seconds
[2025-07-03T17:55:06.944+0000] {processor.py:161} INFO - Started process (PID=2677) to work on /home/airflow/.local/lib/python3.8/site-packages/airflow/example_dags/example_local_kubernetes_executor.py
[2025-07-03T17:55:06.950+0000] {processor.py:830} INFO - Processing file /home/airflow/.local/lib/python3.8/site-packages/airflow/example_dags/example_local_kubernetes_executor.py for tasks to queue
[2025-07-03T17:55:06.952+0000] {logging_mixin.py:188} INFO - [2025-07-03T17:55:06.952+0000] {dagbag.py:538} INFO - Filling up the DagBag from /home/airflow/.local/lib/python3.8/site-packages/airflow/example_dags/example_local_kubernetes_executor.py
[2025-07-03T17:55:06.978+0000] {processor.py:840} INFO - DAG(s) 'example_local_kubernetes_executor' retrieved from /home/airflow/.local/lib/python3.8/site-packages/airflow/example_dags/example_local_kubernetes_executor.py
[2025-07-03T17:55:07.144+0000] {logging_mixin.py:188} INFO - [2025-07-03T17:55:07.144+0000] {dag.py:3036} INFO - Sync 1 DAGs
[2025-07-03T17:55:07.192+0000] {logging_mixin.py:188} INFO - [2025-07-03T17:55:07.192+0000] {dag.py:3823} INFO - Setting next_dagrun for example_local_kubernetes_executor to None, run_after=None
[2025-07-03T17:55:07.254+0000] {processor.py:183} INFO - Processing /home/airflow/.local/lib/python3.8/site-packages/airflow/example_dags/example_local_kubernetes_executor.py took 0.328 seconds
[2025-07-03T17:55:37.472+0000] {processor.py:161} INFO - Started process (PID=2741) to work on /home/airflow/.local/lib/python3.8/site-packages/airflow/example_dags/example_local_kubernetes_executor.py
[2025-07-03T17:55:37.474+0000] {processor.py:830} INFO - Processing file /home/airflow/.local/lib/python3.8/site-packages/airflow/example_dags/example_local_kubernetes_executor.py for tasks to queue
[2025-07-03T17:55:37.478+0000] {logging_mixin.py:188} INFO - [2025-07-03T17:55:37.477+0000] {dagbag.py:538} INFO - Filling up the DagBag from /home/airflow/.local/lib/python3.8/site-packages/airflow/example_dags/example_local_kubernetes_executor.py
[2025-07-03T17:55:37.488+0000] {processor.py:840} INFO - DAG(s) 'example_local_kubernetes_executor' retrieved from /home/airflow/.local/lib/python3.8/site-packages/airflow/example_dags/example_local_kubernetes_executor.py
[2025-07-03T17:55:37.559+0000] {logging_mixin.py:188} INFO - [2025-07-03T17:55:37.558+0000] {dag.py:3036} INFO - Sync 1 DAGs
[2025-07-03T17:55:37.577+0000] {logging_mixin.py:188} INFO - [2025-07-03T17:55:37.576+0000] {dag.py:3823} INFO - Setting next_dagrun for example_local_kubernetes_executor to None, run_after=None
[2025-07-03T17:55:37.603+0000] {processor.py:183} INFO - Processing /home/airflow/.local/lib/python3.8/site-packages/airflow/example_dags/example_local_kubernetes_executor.py took 0.147 seconds
[2025-07-03T17:56:07.706+0000] {processor.py:161} INFO - Started process (PID=2814) to work on /home/airflow/.local/lib/python3.8/site-packages/airflow/example_dags/example_local_kubernetes_executor.py
[2025-07-03T17:56:07.708+0000] {processor.py:830} INFO - Processing file /home/airflow/.local/lib/python3.8/site-packages/airflow/example_dags/example_local_kubernetes_executor.py for tasks to queue
[2025-07-03T17:56:07.711+0000] {logging_mixin.py:188} INFO - [2025-07-03T17:56:07.711+0000] {dagbag.py:538} INFO - Filling up the DagBag from /home/airflow/.local/lib/python3.8/site-packages/airflow/example_dags/example_local_kubernetes_executor.py
[2025-07-03T17:56:07.724+0000] {processor.py:840} INFO - DAG(s) 'example_local_kubernetes_executor' retrieved from /home/airflow/.local/lib/python3.8/site-packages/airflow/example_dags/example_local_kubernetes_executor.py
[2025-07-03T17:56:07.784+0000] {logging_mixin.py:188} INFO - [2025-07-03T17:56:07.783+0000] {dag.py:3036} INFO - Sync 1 DAGs
[2025-07-03T17:56:07.806+0000] {logging_mixin.py:188} INFO - [2025-07-03T17:56:07.806+0000] {dag.py:3823} INFO - Setting next_dagrun for example_local_kubernetes_executor to None, run_after=None
[2025-07-03T17:56:07.843+0000] {processor.py:183} INFO - Processing /home/airflow/.local/lib/python3.8/site-packages/airflow/example_dags/example_local_kubernetes_executor.py took 0.141 seconds
[2025-07-03T17:56:39.435+0000] {processor.py:161} INFO - Started process (PID=2881) to work on /home/airflow/.local/lib/python3.8/site-packages/airflow/example_dags/example_local_kubernetes_executor.py
[2025-07-03T17:56:39.450+0000] {processor.py:830} INFO - Processing file /home/airflow/.local/lib/python3.8/site-packages/airflow/example_dags/example_local_kubernetes_executor.py for tasks to queue
[2025-07-03T17:56:39.452+0000] {logging_mixin.py:188} INFO - [2025-07-03T17:56:39.452+0000] {dagbag.py:538} INFO - Filling up the DagBag from /home/airflow/.local/lib/python3.8/site-packages/airflow/example_dags/example_local_kubernetes_executor.py
[2025-07-03T17:56:39.483+0000] {processor.py:840} INFO - DAG(s) 'example_local_kubernetes_executor' retrieved from /home/airflow/.local/lib/python3.8/site-packages/airflow/example_dags/example_local_kubernetes_executor.py
[2025-07-03T17:56:39.966+0000] {logging_mixin.py:188} INFO - [2025-07-03T17:56:39.965+0000] {dag.py:3036} INFO - Sync 1 DAGs
[2025-07-03T17:56:40.091+0000] {logging_mixin.py:188} INFO - [2025-07-03T17:56:40.090+0000] {dag.py:3823} INFO - Setting next_dagrun for example_local_kubernetes_executor to None, run_after=None
[2025-07-03T17:56:40.158+0000] {processor.py:183} INFO - Processing /home/airflow/.local/lib/python3.8/site-packages/airflow/example_dags/example_local_kubernetes_executor.py took 0.732 seconds
[2025-07-03T17:57:10.653+0000] {processor.py:161} INFO - Started process (PID=2937) to work on /home/airflow/.local/lib/python3.8/site-packages/airflow/example_dags/example_local_kubernetes_executor.py
[2025-07-03T17:57:10.665+0000] {processor.py:830} INFO - Processing file /home/airflow/.local/lib/python3.8/site-packages/airflow/example_dags/example_local_kubernetes_executor.py for tasks to queue
[2025-07-03T17:57:10.668+0000] {logging_mixin.py:188} INFO - [2025-07-03T17:57:10.667+0000] {dagbag.py:538} INFO - Filling up the DagBag from /home/airflow/.local/lib/python3.8/site-packages/airflow/example_dags/example_local_kubernetes_executor.py
[2025-07-03T17:57:10.696+0000] {processor.py:840} INFO - DAG(s) 'example_local_kubernetes_executor' retrieved from /home/airflow/.local/lib/python3.8/site-packages/airflow/example_dags/example_local_kubernetes_executor.py
[2025-07-03T17:57:10.880+0000] {logging_mixin.py:188} INFO - [2025-07-03T17:57:10.880+0000] {dag.py:3036} INFO - Sync 1 DAGs
[2025-07-03T17:57:10.942+0000] {logging_mixin.py:188} INFO - [2025-07-03T17:57:10.942+0000] {dag.py:3823} INFO - Setting next_dagrun for example_local_kubernetes_executor to None, run_after=None
[2025-07-03T17:57:11.041+0000] {processor.py:183} INFO - Processing /home/airflow/.local/lib/python3.8/site-packages/airflow/example_dags/example_local_kubernetes_executor.py took 0.402 seconds
[2025-07-03T17:57:41.598+0000] {processor.py:161} INFO - Started process (PID=3000) to work on /home/airflow/.local/lib/python3.8/site-packages/airflow/example_dags/example_local_kubernetes_executor.py
[2025-07-03T17:57:41.599+0000] {processor.py:830} INFO - Processing file /home/airflow/.local/lib/python3.8/site-packages/airflow/example_dags/example_local_kubernetes_executor.py for tasks to queue
[2025-07-03T17:57:41.618+0000] {logging_mixin.py:188} INFO - [2025-07-03T17:57:41.617+0000] {dagbag.py:538} INFO - Filling up the DagBag from /home/airflow/.local/lib/python3.8/site-packages/airflow/example_dags/example_local_kubernetes_executor.py
[2025-07-03T17:57:41.668+0000] {processor.py:840} INFO - DAG(s) 'example_local_kubernetes_executor' retrieved from /home/airflow/.local/lib/python3.8/site-packages/airflow/example_dags/example_local_kubernetes_executor.py
[2025-07-03T17:57:41.739+0000] {logging_mixin.py:188} INFO - [2025-07-03T17:57:41.739+0000] {dag.py:3036} INFO - Sync 1 DAGs
[2025-07-03T17:57:41.768+0000] {logging_mixin.py:188} INFO - [2025-07-03T17:57:41.768+0000] {dag.py:3823} INFO - Setting next_dagrun for example_local_kubernetes_executor to None, run_after=None
[2025-07-03T17:57:41.818+0000] {processor.py:183} INFO - Processing /home/airflow/.local/lib/python3.8/site-packages/airflow/example_dags/example_local_kubernetes_executor.py took 0.225 seconds
[2025-07-03T17:58:12.198+0000] {processor.py:161} INFO - Started process (PID=3058) to work on /home/airflow/.local/lib/python3.8/site-packages/airflow/example_dags/example_local_kubernetes_executor.py
[2025-07-03T17:58:12.205+0000] {processor.py:830} INFO - Processing file /home/airflow/.local/lib/python3.8/site-packages/airflow/example_dags/example_local_kubernetes_executor.py for tasks to queue
[2025-07-03T17:58:12.207+0000] {logging_mixin.py:188} INFO - [2025-07-03T17:58:12.207+0000] {dagbag.py:538} INFO - Filling up the DagBag from /home/airflow/.local/lib/python3.8/site-packages/airflow/example_dags/example_local_kubernetes_executor.py
[2025-07-03T17:58:12.230+0000] {processor.py:840} INFO - DAG(s) 'example_local_kubernetes_executor' retrieved from /home/airflow/.local/lib/python3.8/site-packages/airflow/example_dags/example_local_kubernetes_executor.py
[2025-07-03T17:58:12.354+0000] {logging_mixin.py:188} INFO - [2025-07-03T17:58:12.354+0000] {dag.py:3036} INFO - Sync 1 DAGs
[2025-07-03T17:58:12.398+0000] {logging_mixin.py:188} INFO - [2025-07-03T17:58:12.398+0000] {dag.py:3823} INFO - Setting next_dagrun for example_local_kubernetes_executor to None, run_after=None
[2025-07-03T17:58:12.492+0000] {processor.py:183} INFO - Processing /home/airflow/.local/lib/python3.8/site-packages/airflow/example_dags/example_local_kubernetes_executor.py took 0.303 seconds
[2025-07-03T17:58:43.047+0000] {processor.py:161} INFO - Started process (PID=3123) to work on /home/airflow/.local/lib/python3.8/site-packages/airflow/example_dags/example_local_kubernetes_executor.py
[2025-07-03T17:58:43.048+0000] {processor.py:830} INFO - Processing file /home/airflow/.local/lib/python3.8/site-packages/airflow/example_dags/example_local_kubernetes_executor.py for tasks to queue
[2025-07-03T17:58:43.051+0000] {logging_mixin.py:188} INFO - [2025-07-03T17:58:43.050+0000] {dagbag.py:538} INFO - Filling up the DagBag from /home/airflow/.local/lib/python3.8/site-packages/airflow/example_dags/example_local_kubernetes_executor.py
[2025-07-03T17:58:43.087+0000] {processor.py:840} INFO - DAG(s) 'example_local_kubernetes_executor' retrieved from /home/airflow/.local/lib/python3.8/site-packages/airflow/example_dags/example_local_kubernetes_executor.py
[2025-07-03T17:58:43.295+0000] {logging_mixin.py:188} INFO - [2025-07-03T17:58:43.294+0000] {dag.py:3036} INFO - Sync 1 DAGs
[2025-07-03T17:58:43.319+0000] {logging_mixin.py:188} INFO - [2025-07-03T17:58:43.319+0000] {dag.py:3823} INFO - Setting next_dagrun for example_local_kubernetes_executor to None, run_after=None
[2025-07-03T17:58:43.387+0000] {processor.py:183} INFO - Processing /home/airflow/.local/lib/python3.8/site-packages/airflow/example_dags/example_local_kubernetes_executor.py took 0.353 seconds
[2025-07-03T17:59:13.637+0000] {processor.py:161} INFO - Started process (PID=3188) to work on /home/airflow/.local/lib/python3.8/site-packages/airflow/example_dags/example_local_kubernetes_executor.py
[2025-07-03T17:59:13.653+0000] {processor.py:830} INFO - Processing file /home/airflow/.local/lib/python3.8/site-packages/airflow/example_dags/example_local_kubernetes_executor.py for tasks to queue
[2025-07-03T17:59:13.656+0000] {logging_mixin.py:188} INFO - [2025-07-03T17:59:13.655+0000] {dagbag.py:538} INFO - Filling up the DagBag from /home/airflow/.local/lib/python3.8/site-packages/airflow/example_dags/example_local_kubernetes_executor.py
[2025-07-03T17:59:13.695+0000] {processor.py:840} INFO - DAG(s) 'example_local_kubernetes_executor' retrieved from /home/airflow/.local/lib/python3.8/site-packages/airflow/example_dags/example_local_kubernetes_executor.py
[2025-07-03T17:59:13.934+0000] {logging_mixin.py:188} INFO - [2025-07-03T17:59:13.933+0000] {dag.py:3036} INFO - Sync 1 DAGs
[2025-07-03T17:59:13.992+0000] {logging_mixin.py:188} INFO - [2025-07-03T17:59:13.992+0000] {dag.py:3823} INFO - Setting next_dagrun for example_local_kubernetes_executor to None, run_after=None
[2025-07-03T17:59:14.119+0000] {processor.py:183} INFO - Processing /home/airflow/.local/lib/python3.8/site-packages/airflow/example_dags/example_local_kubernetes_executor.py took 0.519 seconds
[2025-07-03T17:59:44.279+0000] {processor.py:161} INFO - Started process (PID=3252) to work on /home/airflow/.local/lib/python3.8/site-packages/airflow/example_dags/example_local_kubernetes_executor.py
[2025-07-03T17:59:44.280+0000] {processor.py:830} INFO - Processing file /home/airflow/.local/lib/python3.8/site-packages/airflow/example_dags/example_local_kubernetes_executor.py for tasks to queue
[2025-07-03T17:59:44.282+0000] {logging_mixin.py:188} INFO - [2025-07-03T17:59:44.282+0000] {dagbag.py:538} INFO - Filling up the DagBag from /home/airflow/.local/lib/python3.8/site-packages/airflow/example_dags/example_local_kubernetes_executor.py
[2025-07-03T17:59:44.295+0000] {processor.py:840} INFO - DAG(s) 'example_local_kubernetes_executor' retrieved from /home/airflow/.local/lib/python3.8/site-packages/airflow/example_dags/example_local_kubernetes_executor.py
[2025-07-03T17:59:44.354+0000] {logging_mixin.py:188} INFO - [2025-07-03T17:59:44.354+0000] {dag.py:3036} INFO - Sync 1 DAGs
[2025-07-03T17:59:44.378+0000] {logging_mixin.py:188} INFO - [2025-07-03T17:59:44.378+0000] {dag.py:3823} INFO - Setting next_dagrun for example_local_kubernetes_executor to None, run_after=None
[2025-07-03T17:59:44.408+0000] {processor.py:183} INFO - Processing /home/airflow/.local/lib/python3.8/site-packages/airflow/example_dags/example_local_kubernetes_executor.py took 0.135 seconds
[2025-07-03T18:00:14.983+0000] {processor.py:161} INFO - Started process (PID=3316) to work on /home/airflow/.local/lib/python3.8/site-packages/airflow/example_dags/example_local_kubernetes_executor.py
[2025-07-03T18:00:14.989+0000] {processor.py:830} INFO - Processing file /home/airflow/.local/lib/python3.8/site-packages/airflow/example_dags/example_local_kubernetes_executor.py for tasks to queue
[2025-07-03T18:00:14.992+0000] {logging_mixin.py:188} INFO - [2025-07-03T18:00:14.991+0000] {dagbag.py:538} INFO - Filling up the DagBag from /home/airflow/.local/lib/python3.8/site-packages/airflow/example_dags/example_local_kubernetes_executor.py
[2025-07-03T18:00:15.020+0000] {processor.py:840} INFO - DAG(s) 'example_local_kubernetes_executor' retrieved from /home/airflow/.local/lib/python3.8/site-packages/airflow/example_dags/example_local_kubernetes_executor.py
[2025-07-03T18:00:15.130+0000] {logging_mixin.py:188} INFO - [2025-07-03T18:00:15.129+0000] {dag.py:3036} INFO - Sync 1 DAGs
[2025-07-03T18:00:15.161+0000] {logging_mixin.py:188} INFO - [2025-07-03T18:00:15.160+0000] {dag.py:3823} INFO - Setting next_dagrun for example_local_kubernetes_executor to None, run_after=None
[2025-07-03T18:00:15.218+0000] {processor.py:183} INFO - Processing /home/airflow/.local/lib/python3.8/site-packages/airflow/example_dags/example_local_kubernetes_executor.py took 0.256 seconds
[2025-07-03T18:00:46.023+0000] {processor.py:161} INFO - Started process (PID=3381) to work on /home/airflow/.local/lib/python3.8/site-packages/airflow/example_dags/example_local_kubernetes_executor.py
[2025-07-03T18:00:46.027+0000] {processor.py:830} INFO - Processing file /home/airflow/.local/lib/python3.8/site-packages/airflow/example_dags/example_local_kubernetes_executor.py for tasks to queue
[2025-07-03T18:00:46.037+0000] {logging_mixin.py:188} INFO - [2025-07-03T18:00:46.037+0000] {dagbag.py:538} INFO - Filling up the DagBag from /home/airflow/.local/lib/python3.8/site-packages/airflow/example_dags/example_local_kubernetes_executor.py
[2025-07-03T18:00:46.063+0000] {processor.py:840} INFO - DAG(s) 'example_local_kubernetes_executor' retrieved from /home/airflow/.local/lib/python3.8/site-packages/airflow/example_dags/example_local_kubernetes_executor.py
[2025-07-03T18:00:46.290+0000] {logging_mixin.py:188} INFO - [2025-07-03T18:00:46.289+0000] {dag.py:3036} INFO - Sync 1 DAGs
[2025-07-03T18:00:46.328+0000] {logging_mixin.py:188} INFO - [2025-07-03T18:00:46.327+0000] {dag.py:3823} INFO - Setting next_dagrun for example_local_kubernetes_executor to None, run_after=None
[2025-07-03T18:00:46.392+0000] {processor.py:183} INFO - Processing /home/airflow/.local/lib/python3.8/site-packages/airflow/example_dags/example_local_kubernetes_executor.py took 0.386 seconds
[2025-07-03T18:01:18.222+0000] {processor.py:161} INFO - Started process (PID=3446) to work on /home/airflow/.local/lib/python3.8/site-packages/airflow/example_dags/example_local_kubernetes_executor.py
[2025-07-03T18:01:18.233+0000] {processor.py:830} INFO - Processing file /home/airflow/.local/lib/python3.8/site-packages/airflow/example_dags/example_local_kubernetes_executor.py for tasks to queue
[2025-07-03T18:01:18.245+0000] {logging_mixin.py:188} INFO - [2025-07-03T18:01:18.244+0000] {dagbag.py:538} INFO - Filling up the DagBag from /home/airflow/.local/lib/python3.8/site-packages/airflow/example_dags/example_local_kubernetes_executor.py
[2025-07-03T18:01:18.272+0000] {processor.py:840} INFO - DAG(s) 'example_local_kubernetes_executor' retrieved from /home/airflow/.local/lib/python3.8/site-packages/airflow/example_dags/example_local_kubernetes_executor.py
[2025-07-03T18:01:18.438+0000] {logging_mixin.py:188} INFO - [2025-07-03T18:01:18.437+0000] {dag.py:3036} INFO - Sync 1 DAGs
[2025-07-03T18:01:18.492+0000] {logging_mixin.py:188} INFO - [2025-07-03T18:01:18.491+0000] {dag.py:3823} INFO - Setting next_dagrun for example_local_kubernetes_executor to None, run_after=None
[2025-07-03T18:01:19.203+0000] {processor.py:183} INFO - Processing /home/airflow/.local/lib/python3.8/site-packages/airflow/example_dags/example_local_kubernetes_executor.py took 0.990 seconds
[2025-07-03T18:01:50.086+0000] {processor.py:161} INFO - Started process (PID=3502) to work on /home/airflow/.local/lib/python3.8/site-packages/airflow/example_dags/example_local_kubernetes_executor.py
[2025-07-03T18:01:50.097+0000] {processor.py:830} INFO - Processing file /home/airflow/.local/lib/python3.8/site-packages/airflow/example_dags/example_local_kubernetes_executor.py for tasks to queue
[2025-07-03T18:01:50.100+0000] {logging_mixin.py:188} INFO - [2025-07-03T18:01:50.099+0000] {dagbag.py:538} INFO - Filling up the DagBag from /home/airflow/.local/lib/python3.8/site-packages/airflow/example_dags/example_local_kubernetes_executor.py
[2025-07-03T18:01:50.146+0000] {processor.py:840} INFO - DAG(s) 'example_local_kubernetes_executor' retrieved from /home/airflow/.local/lib/python3.8/site-packages/airflow/example_dags/example_local_kubernetes_executor.py
[2025-07-03T18:01:50.319+0000] {logging_mixin.py:188} INFO - [2025-07-03T18:01:50.319+0000] {dag.py:3036} INFO - Sync 1 DAGs
[2025-07-03T18:01:50.409+0000] {logging_mixin.py:188} INFO - [2025-07-03T18:01:50.402+0000] {dag.py:3823} INFO - Setting next_dagrun for example_local_kubernetes_executor to None, run_after=None
[2025-07-03T18:01:50.485+0000] {processor.py:183} INFO - Processing /home/airflow/.local/lib/python3.8/site-packages/airflow/example_dags/example_local_kubernetes_executor.py took 0.410 seconds
[2025-07-03T18:02:20.649+0000] {processor.py:161} INFO - Started process (PID=3568) to work on /home/airflow/.local/lib/python3.8/site-packages/airflow/example_dags/example_local_kubernetes_executor.py
[2025-07-03T18:02:20.651+0000] {processor.py:830} INFO - Processing file /home/airflow/.local/lib/python3.8/site-packages/airflow/example_dags/example_local_kubernetes_executor.py for tasks to queue
[2025-07-03T18:02:20.654+0000] {logging_mixin.py:188} INFO - [2025-07-03T18:02:20.654+0000] {dagbag.py:538} INFO - Filling up the DagBag from /home/airflow/.local/lib/python3.8/site-packages/airflow/example_dags/example_local_kubernetes_executor.py
[2025-07-03T18:02:20.671+0000] {processor.py:840} INFO - DAG(s) 'example_local_kubernetes_executor' retrieved from /home/airflow/.local/lib/python3.8/site-packages/airflow/example_dags/example_local_kubernetes_executor.py
[2025-07-03T18:02:20.758+0000] {logging_mixin.py:188} INFO - [2025-07-03T18:02:20.757+0000] {dag.py:3036} INFO - Sync 1 DAGs
[2025-07-03T18:02:20.793+0000] {logging_mixin.py:188} INFO - [2025-07-03T18:02:20.792+0000] {dag.py:3823} INFO - Setting next_dagrun for example_local_kubernetes_executor to None, run_after=None
[2025-07-03T18:02:20.858+0000] {processor.py:183} INFO - Processing /home/airflow/.local/lib/python3.8/site-packages/airflow/example_dags/example_local_kubernetes_executor.py took 0.213 seconds
[2025-07-03T18:02:52.627+0000] {processor.py:161} INFO - Started process (PID=3633) to work on /home/airflow/.local/lib/python3.8/site-packages/airflow/example_dags/example_local_kubernetes_executor.py
[2025-07-03T18:02:52.648+0000] {processor.py:830} INFO - Processing file /home/airflow/.local/lib/python3.8/site-packages/airflow/example_dags/example_local_kubernetes_executor.py for tasks to queue
[2025-07-03T18:02:52.650+0000] {logging_mixin.py:188} INFO - [2025-07-03T18:02:52.650+0000] {dagbag.py:538} INFO - Filling up the DagBag from /home/airflow/.local/lib/python3.8/site-packages/airflow/example_dags/example_local_kubernetes_executor.py
[2025-07-03T18:02:52.672+0000] {processor.py:840} INFO - DAG(s) 'example_local_kubernetes_executor' retrieved from /home/airflow/.local/lib/python3.8/site-packages/airflow/example_dags/example_local_kubernetes_executor.py
[2025-07-03T18:02:52.802+0000] {logging_mixin.py:188} INFO - [2025-07-03T18:02:52.802+0000] {dag.py:3036} INFO - Sync 1 DAGs
[2025-07-03T18:02:53.893+0000] {logging_mixin.py:188} INFO - [2025-07-03T18:02:53.893+0000] {dag.py:3823} INFO - Setting next_dagrun for example_local_kubernetes_executor to None, run_after=None
[2025-07-03T18:02:54.054+0000] {processor.py:183} INFO - Processing /home/airflow/.local/lib/python3.8/site-packages/airflow/example_dags/example_local_kubernetes_executor.py took 1.431 seconds
[2025-07-03T18:03:33.286+0000] {processor.py:161} INFO - Started process (PID=3696) to work on /home/airflow/.local/lib/python3.8/site-packages/airflow/example_dags/example_local_kubernetes_executor.py
[2025-07-03T18:03:33.289+0000] {processor.py:830} INFO - Processing file /home/airflow/.local/lib/python3.8/site-packages/airflow/example_dags/example_local_kubernetes_executor.py for tasks to queue
[2025-07-03T18:03:33.351+0000] {logging_mixin.py:188} INFO - [2025-07-03T18:03:33.350+0000] {dagbag.py:538} INFO - Filling up the DagBag from /home/airflow/.local/lib/python3.8/site-packages/airflow/example_dags/example_local_kubernetes_executor.py
[2025-07-03T18:03:33.625+0000] {processor.py:840} INFO - DAG(s) 'example_local_kubernetes_executor' retrieved from /home/airflow/.local/lib/python3.8/site-packages/airflow/example_dags/example_local_kubernetes_executor.py
[2025-07-03T18:03:34.367+0000] {logging_mixin.py:188} INFO - [2025-07-03T18:03:34.367+0000] {dag.py:3036} INFO - Sync 1 DAGs
[2025-07-03T18:03:36.637+0000] {logging_mixin.py:188} INFO - [2025-07-03T18:03:36.584+0000] {dag.py:3823} INFO - Setting next_dagrun for example_local_kubernetes_executor to None, run_after=None
[2025-07-03T18:03:36.974+0000] {processor.py:183} INFO - Processing /home/airflow/.local/lib/python3.8/site-packages/airflow/example_dags/example_local_kubernetes_executor.py took 3.829 seconds
[2025-07-03T18:05:21.551+0000] {processor.py:161} INFO - Started process (PID=3787) to work on /home/airflow/.local/lib/python3.8/site-packages/airflow/example_dags/example_local_kubernetes_executor.py
[2025-07-03T18:05:21.669+0000] {processor.py:830} INFO - Processing file /home/airflow/.local/lib/python3.8/site-packages/airflow/example_dags/example_local_kubernetes_executor.py for tasks to queue
[2025-07-03T18:05:21.710+0000] {logging_mixin.py:188} INFO - [2025-07-03T18:05:21.709+0000] {dagbag.py:538} INFO - Filling up the DagBag from /home/airflow/.local/lib/python3.8/site-packages/airflow/example_dags/example_local_kubernetes_executor.py
[2025-07-03T18:05:22.030+0000] {processor.py:840} INFO - DAG(s) 'example_local_kubernetes_executor' retrieved from /home/airflow/.local/lib/python3.8/site-packages/airflow/example_dags/example_local_kubernetes_executor.py
[2025-07-03T18:05:23.427+0000] {logging_mixin.py:188} INFO - [2025-07-03T18:05:23.426+0000] {dag.py:3036} INFO - Sync 1 DAGs
[2025-07-03T18:05:23.984+0000] {logging_mixin.py:188} INFO - [2025-07-03T18:05:23.984+0000] {dag.py:3823} INFO - Setting next_dagrun for example_local_kubernetes_executor to None, run_after=None
[2025-07-03T18:05:24.622+0000] {processor.py:183} INFO - Processing /home/airflow/.local/lib/python3.8/site-packages/airflow/example_dags/example_local_kubernetes_executor.py took 3.202 seconds
[2025-07-03T18:08:23.995+0000] {processor.py:161} INFO - Started process (PID=3919) to work on /home/airflow/.local/lib/python3.8/site-packages/airflow/example_dags/example_local_kubernetes_executor.py
[2025-07-03T18:08:24.173+0000] {processor.py:830} INFO - Processing file /home/airflow/.local/lib/python3.8/site-packages/airflow/example_dags/example_local_kubernetes_executor.py for tasks to queue
[2025-07-03T18:08:24.302+0000] {logging_mixin.py:188} INFO - [2025-07-03T18:08:24.302+0000] {dagbag.py:538} INFO - Filling up the DagBag from /home/airflow/.local/lib/python3.8/site-packages/airflow/example_dags/example_local_kubernetes_executor.py
[2025-07-03T18:08:25.201+0000] {processor.py:840} INFO - DAG(s) 'example_local_kubernetes_executor' retrieved from /home/airflow/.local/lib/python3.8/site-packages/airflow/example_dags/example_local_kubernetes_executor.py
[2025-07-03T18:08:27.284+0000] {logging_mixin.py:188} INFO - [2025-07-03T18:08:27.283+0000] {dag.py:3036} INFO - Sync 1 DAGs
[2025-07-03T18:08:28.339+0000] {logging_mixin.py:188} INFO - [2025-07-03T18:08:28.338+0000] {dag.py:3823} INFO - Setting next_dagrun for example_local_kubernetes_executor to None, run_after=None
[2025-07-03T18:08:30.762+0000] {processor.py:183} INFO - Processing /home/airflow/.local/lib/python3.8/site-packages/airflow/example_dags/example_local_kubernetes_executor.py took 7.241 seconds
[2025-07-03T18:21:12.009+0000] {processor.py:161} INFO - Started process (PID=106) to work on /home/airflow/.local/lib/python3.8/site-packages/airflow/example_dags/example_local_kubernetes_executor.py
[2025-07-03T18:21:12.012+0000] {processor.py:830} INFO - Processing file /home/airflow/.local/lib/python3.8/site-packages/airflow/example_dags/example_local_kubernetes_executor.py for tasks to queue
[2025-07-03T18:21:12.015+0000] {logging_mixin.py:188} INFO - [2025-07-03T18:21:12.014+0000] {dagbag.py:538} INFO - Filling up the DagBag from /home/airflow/.local/lib/python3.8/site-packages/airflow/example_dags/example_local_kubernetes_executor.py
[2025-07-03T18:21:12.027+0000] {processor.py:840} INFO - DAG(s) 'example_local_kubernetes_executor' retrieved from /home/airflow/.local/lib/python3.8/site-packages/airflow/example_dags/example_local_kubernetes_executor.py
[2025-07-03T18:21:12.107+0000] {logging_mixin.py:188} INFO - [2025-07-03T18:21:12.107+0000] {dag.py:3036} INFO - Sync 1 DAGs
[2025-07-03T18:21:12.130+0000] {logging_mixin.py:188} INFO - [2025-07-03T18:21:12.129+0000] {dag.py:3823} INFO - Setting next_dagrun for example_local_kubernetes_executor to None, run_after=None
[2025-07-03T18:21:12.172+0000] {processor.py:183} INFO - Processing /home/airflow/.local/lib/python3.8/site-packages/airflow/example_dags/example_local_kubernetes_executor.py took 0.168 seconds
[2025-07-03T18:21:42.214+0000] {processor.py:161} INFO - Started process (PID=170) to work on /home/airflow/.local/lib/python3.8/site-packages/airflow/example_dags/example_local_kubernetes_executor.py
[2025-07-03T18:21:42.215+0000] {processor.py:830} INFO - Processing file /home/airflow/.local/lib/python3.8/site-packages/airflow/example_dags/example_local_kubernetes_executor.py for tasks to queue
[2025-07-03T18:21:42.217+0000] {logging_mixin.py:188} INFO - [2025-07-03T18:21:42.217+0000] {dagbag.py:538} INFO - Filling up the DagBag from /home/airflow/.local/lib/python3.8/site-packages/airflow/example_dags/example_local_kubernetes_executor.py
[2025-07-03T18:21:42.226+0000] {processor.py:840} INFO - DAG(s) 'example_local_kubernetes_executor' retrieved from /home/airflow/.local/lib/python3.8/site-packages/airflow/example_dags/example_local_kubernetes_executor.py
[2025-07-03T18:21:42.269+0000] {logging_mixin.py:188} INFO - [2025-07-03T18:21:42.269+0000] {dag.py:3036} INFO - Sync 1 DAGs
[2025-07-03T18:21:42.286+0000] {logging_mixin.py:188} INFO - [2025-07-03T18:21:42.285+0000] {dag.py:3823} INFO - Setting next_dagrun for example_local_kubernetes_executor to None, run_after=None
[2025-07-03T18:21:42.309+0000] {processor.py:183} INFO - Processing /home/airflow/.local/lib/python3.8/site-packages/airflow/example_dags/example_local_kubernetes_executor.py took 0.099 seconds
[2025-07-03T18:22:12.417+0000] {processor.py:161} INFO - Started process (PID=235) to work on /home/airflow/.local/lib/python3.8/site-packages/airflow/example_dags/example_local_kubernetes_executor.py
[2025-07-03T18:22:12.421+0000] {processor.py:830} INFO - Processing file /home/airflow/.local/lib/python3.8/site-packages/airflow/example_dags/example_local_kubernetes_executor.py for tasks to queue
[2025-07-03T18:22:12.428+0000] {logging_mixin.py:188} INFO - [2025-07-03T18:22:12.427+0000] {dagbag.py:538} INFO - Filling up the DagBag from /home/airflow/.local/lib/python3.8/site-packages/airflow/example_dags/example_local_kubernetes_executor.py
[2025-07-03T18:22:12.449+0000] {processor.py:840} INFO - DAG(s) 'example_local_kubernetes_executor' retrieved from /home/airflow/.local/lib/python3.8/site-packages/airflow/example_dags/example_local_kubernetes_executor.py
[2025-07-03T18:22:12.510+0000] {logging_mixin.py:188} INFO - [2025-07-03T18:22:12.510+0000] {dag.py:3036} INFO - Sync 1 DAGs
[2025-07-03T18:22:12.534+0000] {logging_mixin.py:188} INFO - [2025-07-03T18:22:12.534+0000] {dag.py:3823} INFO - Setting next_dagrun for example_local_kubernetes_executor to None, run_after=None
[2025-07-03T18:22:12.587+0000] {processor.py:183} INFO - Processing /home/airflow/.local/lib/python3.8/site-packages/airflow/example_dags/example_local_kubernetes_executor.py took 0.178 seconds
[2025-07-03T18:22:43.084+0000] {processor.py:161} INFO - Started process (PID=302) to work on /home/airflow/.local/lib/python3.8/site-packages/airflow/example_dags/example_local_kubernetes_executor.py
[2025-07-03T18:22:43.085+0000] {processor.py:830} INFO - Processing file /home/airflow/.local/lib/python3.8/site-packages/airflow/example_dags/example_local_kubernetes_executor.py for tasks to queue
[2025-07-03T18:22:43.087+0000] {logging_mixin.py:188} INFO - [2025-07-03T18:22:43.087+0000] {dagbag.py:538} INFO - Filling up the DagBag from /home/airflow/.local/lib/python3.8/site-packages/airflow/example_dags/example_local_kubernetes_executor.py
[2025-07-03T18:22:43.098+0000] {processor.py:840} INFO - DAG(s) 'example_local_kubernetes_executor' retrieved from /home/airflow/.local/lib/python3.8/site-packages/airflow/example_dags/example_local_kubernetes_executor.py
[2025-07-03T18:22:43.145+0000] {logging_mixin.py:188} INFO - [2025-07-03T18:22:43.145+0000] {dag.py:3036} INFO - Sync 1 DAGs
[2025-07-03T18:22:43.162+0000] {logging_mixin.py:188} INFO - [2025-07-03T18:22:43.162+0000] {dag.py:3823} INFO - Setting next_dagrun for example_local_kubernetes_executor to None, run_after=None
[2025-07-03T18:22:43.187+0000] {processor.py:183} INFO - Processing /home/airflow/.local/lib/python3.8/site-packages/airflow/example_dags/example_local_kubernetes_executor.py took 0.108 seconds
[2025-07-03T18:23:13.431+0000] {processor.py:161} INFO - Started process (PID=368) to work on /home/airflow/.local/lib/python3.8/site-packages/airflow/example_dags/example_local_kubernetes_executor.py
[2025-07-03T18:23:13.434+0000] {processor.py:830} INFO - Processing file /home/airflow/.local/lib/python3.8/site-packages/airflow/example_dags/example_local_kubernetes_executor.py for tasks to queue
[2025-07-03T18:23:13.437+0000] {logging_mixin.py:188} INFO - [2025-07-03T18:23:13.436+0000] {dagbag.py:538} INFO - Filling up the DagBag from /home/airflow/.local/lib/python3.8/site-packages/airflow/example_dags/example_local_kubernetes_executor.py
[2025-07-03T18:23:13.448+0000] {processor.py:840} INFO - DAG(s) 'example_local_kubernetes_executor' retrieved from /home/airflow/.local/lib/python3.8/site-packages/airflow/example_dags/example_local_kubernetes_executor.py
[2025-07-03T18:23:13.506+0000] {logging_mixin.py:188} INFO - [2025-07-03T18:23:13.505+0000] {dag.py:3036} INFO - Sync 1 DAGs
[2025-07-03T18:23:13.529+0000] {logging_mixin.py:188} INFO - [2025-07-03T18:23:13.529+0000] {dag.py:3823} INFO - Setting next_dagrun for example_local_kubernetes_executor to None, run_after=None
[2025-07-03T18:23:13.558+0000] {processor.py:183} INFO - Processing /home/airflow/.local/lib/python3.8/site-packages/airflow/example_dags/example_local_kubernetes_executor.py took 0.132 seconds
[2025-07-03T18:23:43.740+0000] {processor.py:161} INFO - Started process (PID=433) to work on /home/airflow/.local/lib/python3.8/site-packages/airflow/example_dags/example_local_kubernetes_executor.py
[2025-07-03T18:23:43.745+0000] {processor.py:830} INFO - Processing file /home/airflow/.local/lib/python3.8/site-packages/airflow/example_dags/example_local_kubernetes_executor.py for tasks to queue
[2025-07-03T18:23:43.752+0000] {logging_mixin.py:188} INFO - [2025-07-03T18:23:43.751+0000] {dagbag.py:538} INFO - Filling up the DagBag from /home/airflow/.local/lib/python3.8/site-packages/airflow/example_dags/example_local_kubernetes_executor.py
[2025-07-03T18:23:43.778+0000] {processor.py:840} INFO - DAG(s) 'example_local_kubernetes_executor' retrieved from /home/airflow/.local/lib/python3.8/site-packages/airflow/example_dags/example_local_kubernetes_executor.py
[2025-07-03T18:23:43.892+0000] {logging_mixin.py:188} INFO - [2025-07-03T18:23:43.892+0000] {dag.py:3036} INFO - Sync 1 DAGs
[2025-07-03T18:23:43.919+0000] {logging_mixin.py:188} INFO - [2025-07-03T18:23:43.918+0000] {dag.py:3823} INFO - Setting next_dagrun for example_local_kubernetes_executor to None, run_after=None
[2025-07-03T18:23:43.973+0000] {processor.py:183} INFO - Processing /home/airflow/.local/lib/python3.8/site-packages/airflow/example_dags/example_local_kubernetes_executor.py took 0.237 seconds
[2025-07-03T18:24:14.487+0000] {processor.py:161} INFO - Started process (PID=499) to work on /home/airflow/.local/lib/python3.8/site-packages/airflow/example_dags/example_local_kubernetes_executor.py
[2025-07-03T18:24:14.497+0000] {processor.py:830} INFO - Processing file /home/airflow/.local/lib/python3.8/site-packages/airflow/example_dags/example_local_kubernetes_executor.py for tasks to queue
[2025-07-03T18:24:14.499+0000] {logging_mixin.py:188} INFO - [2025-07-03T18:24:14.499+0000] {dagbag.py:538} INFO - Filling up the DagBag from /home/airflow/.local/lib/python3.8/site-packages/airflow/example_dags/example_local_kubernetes_executor.py
[2025-07-03T18:24:14.518+0000] {processor.py:840} INFO - DAG(s) 'example_local_kubernetes_executor' retrieved from /home/airflow/.local/lib/python3.8/site-packages/airflow/example_dags/example_local_kubernetes_executor.py
[2025-07-03T18:24:14.617+0000] {logging_mixin.py:188} INFO - [2025-07-03T18:24:14.617+0000] {dag.py:3036} INFO - Sync 1 DAGs
[2025-07-03T18:24:14.662+0000] {logging_mixin.py:188} INFO - [2025-07-03T18:24:14.661+0000] {dag.py:3823} INFO - Setting next_dagrun for example_local_kubernetes_executor to None, run_after=None
[2025-07-03T18:24:14.696+0000] {processor.py:183} INFO - Processing /home/airflow/.local/lib/python3.8/site-packages/airflow/example_dags/example_local_kubernetes_executor.py took 0.214 seconds
