[2025-07-03T17:35:27.921+0000] {processor.py:161} INFO - Started process (PID=219) to work on /home/airflow/.local/lib/python3.8/site-packages/airflow/example_dags/example_latest_only.py
[2025-07-03T17:35:27.929+0000] {processor.py:830} INFO - Processing file /home/airflow/.local/lib/python3.8/site-packages/airflow/example_dags/example_latest_only.py for tasks to queue
[2025-07-03T17:35:27.942+0000] {logging_mixin.py:188} INFO - [2025-07-03T17:35:27.942+0000] {dagbag.py:538} INFO - Filling up the DagBag from /home/airflow/.local/lib/python3.8/site-packages/airflow/example_dags/example_latest_only.py
[2025-07-03T17:35:28.032+0000] {processor.py:840} INFO - DAG(s) 'latest_only' retrieved from /home/airflow/.local/lib/python3.8/site-packages/airflow/example_dags/example_latest_only.py
[2025-07-03T17:35:29.194+0000] {logging_mixin.py:188} INFO - [2025-07-03T17:35:29.193+0000] {dag.py:3036} INFO - Sync 1 DAGs
[2025-07-03T17:35:29.378+0000] {logging_mixin.py:188} INFO - [2025-07-03T17:35:29.378+0000] {dag.py:3823} INFO - Setting next_dagrun for latest_only to 2025-07-03 12:00:00+00:00, run_after=2025-07-03 16:00:00+00:00
[2025-07-03T17:35:29.474+0000] {processor.py:183} INFO - Processing /home/airflow/.local/lib/python3.8/site-packages/airflow/example_dags/example_latest_only.py took 1.605 seconds
[2025-07-03T17:36:03.080+0000] {processor.py:161} INFO - Started process (PID=277) to work on /home/airflow/.local/lib/python3.8/site-packages/airflow/example_dags/example_latest_only.py
[2025-07-03T17:36:03.098+0000] {processor.py:830} INFO - Processing file /home/airflow/.local/lib/python3.8/site-packages/airflow/example_dags/example_latest_only.py for tasks to queue
[2025-07-03T17:36:03.121+0000] {logging_mixin.py:188} INFO - [2025-07-03T17:36:03.120+0000] {dagbag.py:538} INFO - Filling up the DagBag from /home/airflow/.local/lib/python3.8/site-packages/airflow/example_dags/example_latest_only.py
[2025-07-03T17:36:03.173+0000] {processor.py:840} INFO - DAG(s) 'latest_only' retrieved from /home/airflow/.local/lib/python3.8/site-packages/airflow/example_dags/example_latest_only.py
[2025-07-03T17:36:03.315+0000] {logging_mixin.py:188} INFO - [2025-07-03T17:36:03.313+0000] {dag.py:3036} INFO - Sync 1 DAGs
[2025-07-03T17:36:03.470+0000] {logging_mixin.py:188} INFO - [2025-07-03T17:36:03.469+0000] {dag.py:3823} INFO - Setting next_dagrun for latest_only to 2025-07-03 12:00:00+00:00, run_after=2025-07-03 16:00:00+00:00
[2025-07-03T17:36:03.601+0000] {processor.py:183} INFO - Processing /home/airflow/.local/lib/python3.8/site-packages/airflow/example_dags/example_latest_only.py took 0.545 seconds
[2025-07-03T17:36:34.098+0000] {processor.py:161} INFO - Started process (PID=340) to work on /home/airflow/.local/lib/python3.8/site-packages/airflow/example_dags/example_latest_only.py
[2025-07-03T17:36:34.113+0000] {processor.py:830} INFO - Processing file /home/airflow/.local/lib/python3.8/site-packages/airflow/example_dags/example_latest_only.py for tasks to queue
[2025-07-03T17:36:34.116+0000] {logging_mixin.py:188} INFO - [2025-07-03T17:36:34.116+0000] {dagbag.py:538} INFO - Filling up the DagBag from /home/airflow/.local/lib/python3.8/site-packages/airflow/example_dags/example_latest_only.py
[2025-07-03T17:36:34.149+0000] {processor.py:840} INFO - DAG(s) 'latest_only' retrieved from /home/airflow/.local/lib/python3.8/site-packages/airflow/example_dags/example_latest_only.py
[2025-07-03T17:36:34.234+0000] {logging_mixin.py:188} INFO - [2025-07-03T17:36:34.233+0000] {dag.py:3036} INFO - Sync 1 DAGs
[2025-07-03T17:36:34.431+0000] {logging_mixin.py:188} INFO - [2025-07-03T17:36:34.430+0000] {dag.py:3823} INFO - Setting next_dagrun for latest_only to 2025-07-03 12:00:00+00:00, run_after=2025-07-03 16:00:00+00:00
[2025-07-03T17:36:34.645+0000] {processor.py:183} INFO - Processing /home/airflow/.local/lib/python3.8/site-packages/airflow/example_dags/example_latest_only.py took 0.567 seconds
[2025-07-03T17:37:05.185+0000] {processor.py:161} INFO - Started process (PID=397) to work on /home/airflow/.local/lib/python3.8/site-packages/airflow/example_dags/example_latest_only.py
[2025-07-03T17:37:05.204+0000] {processor.py:830} INFO - Processing file /home/airflow/.local/lib/python3.8/site-packages/airflow/example_dags/example_latest_only.py for tasks to queue
[2025-07-03T17:37:05.207+0000] {logging_mixin.py:188} INFO - [2025-07-03T17:37:05.207+0000] {dagbag.py:538} INFO - Filling up the DagBag from /home/airflow/.local/lib/python3.8/site-packages/airflow/example_dags/example_latest_only.py
[2025-07-03T17:37:05.224+0000] {processor.py:840} INFO - DAG(s) 'latest_only' retrieved from /home/airflow/.local/lib/python3.8/site-packages/airflow/example_dags/example_latest_only.py
[2025-07-03T17:37:05.327+0000] {logging_mixin.py:188} INFO - [2025-07-03T17:37:05.326+0000] {dag.py:3036} INFO - Sync 1 DAGs
[2025-07-03T17:37:05.470+0000] {logging_mixin.py:188} INFO - [2025-07-03T17:37:05.469+0000] {dag.py:3823} INFO - Setting next_dagrun for latest_only to 2025-07-03 12:00:00+00:00, run_after=2025-07-03 16:00:00+00:00
[2025-07-03T17:37:05.575+0000] {processor.py:183} INFO - Processing /home/airflow/.local/lib/python3.8/site-packages/airflow/example_dags/example_latest_only.py took 0.419 seconds
[2025-07-03T17:37:35.690+0000] {processor.py:161} INFO - Started process (PID=460) to work on /home/airflow/.local/lib/python3.8/site-packages/airflow/example_dags/example_latest_only.py
[2025-07-03T17:37:35.691+0000] {processor.py:830} INFO - Processing file /home/airflow/.local/lib/python3.8/site-packages/airflow/example_dags/example_latest_only.py for tasks to queue
[2025-07-03T17:37:35.694+0000] {logging_mixin.py:188} INFO - [2025-07-03T17:37:35.694+0000] {dagbag.py:538} INFO - Filling up the DagBag from /home/airflow/.local/lib/python3.8/site-packages/airflow/example_dags/example_latest_only.py
[2025-07-03T17:37:35.709+0000] {processor.py:840} INFO - DAG(s) 'latest_only' retrieved from /home/airflow/.local/lib/python3.8/site-packages/airflow/example_dags/example_latest_only.py
[2025-07-03T17:37:35.748+0000] {logging_mixin.py:188} INFO - [2025-07-03T17:37:35.747+0000] {dag.py:3036} INFO - Sync 1 DAGs
[2025-07-03T17:37:35.798+0000] {logging_mixin.py:188} INFO - [2025-07-03T17:37:35.798+0000] {dag.py:3823} INFO - Setting next_dagrun for latest_only to 2025-07-03 12:00:00+00:00, run_after=2025-07-03 16:00:00+00:00
[2025-07-03T17:37:35.850+0000] {processor.py:183} INFO - Processing /home/airflow/.local/lib/python3.8/site-packages/airflow/example_dags/example_latest_only.py took 0.178 seconds
[2025-07-03T17:38:06.014+0000] {processor.py:161} INFO - Started process (PID=517) to work on /home/airflow/.local/lib/python3.8/site-packages/airflow/example_dags/example_latest_only.py
[2025-07-03T17:38:06.015+0000] {processor.py:830} INFO - Processing file /home/airflow/.local/lib/python3.8/site-packages/airflow/example_dags/example_latest_only.py for tasks to queue
[2025-07-03T17:38:06.040+0000] {logging_mixin.py:188} INFO - [2025-07-03T17:38:06.039+0000] {dagbag.py:538} INFO - Filling up the DagBag from /home/airflow/.local/lib/python3.8/site-packages/airflow/example_dags/example_latest_only.py
[2025-07-03T17:38:06.047+0000] {processor.py:840} INFO - DAG(s) 'latest_only' retrieved from /home/airflow/.local/lib/python3.8/site-packages/airflow/example_dags/example_latest_only.py
[2025-07-03T17:38:06.182+0000] {logging_mixin.py:188} INFO - [2025-07-03T17:38:06.181+0000] {dag.py:3036} INFO - Sync 1 DAGs
[2025-07-03T17:38:06.315+0000] {logging_mixin.py:188} INFO - [2025-07-03T17:38:06.314+0000] {dag.py:3823} INFO - Setting next_dagrun for latest_only to 2025-07-03 12:00:00+00:00, run_after=2025-07-03 16:00:00+00:00
[2025-07-03T17:38:06.508+0000] {processor.py:183} INFO - Processing /home/airflow/.local/lib/python3.8/site-packages/airflow/example_dags/example_latest_only.py took 0.518 seconds
[2025-07-03T17:38:37.229+0000] {processor.py:161} INFO - Started process (PID=582) to work on /home/airflow/.local/lib/python3.8/site-packages/airflow/example_dags/example_latest_only.py
[2025-07-03T17:38:37.241+0000] {processor.py:830} INFO - Processing file /home/airflow/.local/lib/python3.8/site-packages/airflow/example_dags/example_latest_only.py for tasks to queue
[2025-07-03T17:38:37.243+0000] {logging_mixin.py:188} INFO - [2025-07-03T17:38:37.243+0000] {dagbag.py:538} INFO - Filling up the DagBag from /home/airflow/.local/lib/python3.8/site-packages/airflow/example_dags/example_latest_only.py
[2025-07-03T17:38:37.263+0000] {processor.py:840} INFO - DAG(s) 'latest_only' retrieved from /home/airflow/.local/lib/python3.8/site-packages/airflow/example_dags/example_latest_only.py
[2025-07-03T17:38:37.338+0000] {logging_mixin.py:188} INFO - [2025-07-03T17:38:37.338+0000] {dag.py:3036} INFO - Sync 1 DAGs
[2025-07-03T17:38:37.397+0000] {logging_mixin.py:188} INFO - [2025-07-03T17:38:37.396+0000] {dag.py:3823} INFO - Setting next_dagrun for latest_only to 2025-07-03 12:00:00+00:00, run_after=2025-07-03 16:00:00+00:00
[2025-07-03T17:38:37.463+0000] {processor.py:183} INFO - Processing /home/airflow/.local/lib/python3.8/site-packages/airflow/example_dags/example_latest_only.py took 0.238 seconds
[2025-07-03T17:39:08.126+0000] {processor.py:161} INFO - Started process (PID=646) to work on /home/airflow/.local/lib/python3.8/site-packages/airflow/example_dags/example_latest_only.py
[2025-07-03T17:39:08.137+0000] {processor.py:830} INFO - Processing file /home/airflow/.local/lib/python3.8/site-packages/airflow/example_dags/example_latest_only.py for tasks to queue
[2025-07-03T17:39:08.140+0000] {logging_mixin.py:188} INFO - [2025-07-03T17:39:08.139+0000] {dagbag.py:538} INFO - Filling up the DagBag from /home/airflow/.local/lib/python3.8/site-packages/airflow/example_dags/example_latest_only.py
[2025-07-03T17:39:08.173+0000] {processor.py:840} INFO - DAG(s) 'latest_only' retrieved from /home/airflow/.local/lib/python3.8/site-packages/airflow/example_dags/example_latest_only.py
[2025-07-03T17:39:08.229+0000] {logging_mixin.py:188} INFO - [2025-07-03T17:39:08.229+0000] {dag.py:3036} INFO - Sync 1 DAGs
[2025-07-03T17:39:08.275+0000] {logging_mixin.py:188} INFO - [2025-07-03T17:39:08.275+0000] {dag.py:3823} INFO - Setting next_dagrun for latest_only to 2025-07-03 12:00:00+00:00, run_after=2025-07-03 16:00:00+00:00
[2025-07-03T17:39:08.316+0000] {processor.py:183} INFO - Processing /home/airflow/.local/lib/python3.8/site-packages/airflow/example_dags/example_latest_only.py took 0.197 seconds
[2025-07-03T17:39:39.030+0000] {processor.py:161} INFO - Started process (PID=712) to work on /home/airflow/.local/lib/python3.8/site-packages/airflow/example_dags/example_latest_only.py
[2025-07-03T17:39:39.037+0000] {processor.py:830} INFO - Processing file /home/airflow/.local/lib/python3.8/site-packages/airflow/example_dags/example_latest_only.py for tasks to queue
[2025-07-03T17:39:39.040+0000] {logging_mixin.py:188} INFO - [2025-07-03T17:39:39.039+0000] {dagbag.py:538} INFO - Filling up the DagBag from /home/airflow/.local/lib/python3.8/site-packages/airflow/example_dags/example_latest_only.py
[2025-07-03T17:39:39.051+0000] {processor.py:840} INFO - DAG(s) 'latest_only' retrieved from /home/airflow/.local/lib/python3.8/site-packages/airflow/example_dags/example_latest_only.py
[2025-07-03T17:39:39.173+0000] {logging_mixin.py:188} INFO - [2025-07-03T17:39:39.173+0000] {dag.py:3036} INFO - Sync 1 DAGs
[2025-07-03T17:39:39.297+0000] {logging_mixin.py:188} INFO - [2025-07-03T17:39:39.296+0000] {dag.py:3823} INFO - Setting next_dagrun for latest_only to 2025-07-03 12:00:00+00:00, run_after=2025-07-03 16:00:00+00:00
[2025-07-03T17:39:39.446+0000] {processor.py:183} INFO - Processing /home/airflow/.local/lib/python3.8/site-packages/airflow/example_dags/example_latest_only.py took 0.433 seconds
[2025-07-03T17:40:09.903+0000] {processor.py:161} INFO - Started process (PID=769) to work on /home/airflow/.local/lib/python3.8/site-packages/airflow/example_dags/example_latest_only.py
[2025-07-03T17:40:09.912+0000] {processor.py:830} INFO - Processing file /home/airflow/.local/lib/python3.8/site-packages/airflow/example_dags/example_latest_only.py for tasks to queue
[2025-07-03T17:40:09.915+0000] {logging_mixin.py:188} INFO - [2025-07-03T17:40:09.914+0000] {dagbag.py:538} INFO - Filling up the DagBag from /home/airflow/.local/lib/python3.8/site-packages/airflow/example_dags/example_latest_only.py
[2025-07-03T17:40:09.922+0000] {processor.py:840} INFO - DAG(s) 'latest_only' retrieved from /home/airflow/.local/lib/python3.8/site-packages/airflow/example_dags/example_latest_only.py
[2025-07-03T17:40:09.959+0000] {logging_mixin.py:188} INFO - [2025-07-03T17:40:09.959+0000] {dag.py:3036} INFO - Sync 1 DAGs
[2025-07-03T17:40:10.000+0000] {logging_mixin.py:188} INFO - [2025-07-03T17:40:09.999+0000] {dag.py:3823} INFO - Setting next_dagrun for latest_only to 2025-07-03 12:00:00+00:00, run_after=2025-07-03 16:00:00+00:00
[2025-07-03T17:40:10.031+0000] {processor.py:183} INFO - Processing /home/airflow/.local/lib/python3.8/site-packages/airflow/example_dags/example_latest_only.py took 0.132 seconds
[2025-07-03T17:40:40.325+0000] {processor.py:161} INFO - Started process (PID=835) to work on /home/airflow/.local/lib/python3.8/site-packages/airflow/example_dags/example_latest_only.py
[2025-07-03T17:40:40.327+0000] {processor.py:830} INFO - Processing file /home/airflow/.local/lib/python3.8/site-packages/airflow/example_dags/example_latest_only.py for tasks to queue
[2025-07-03T17:40:40.329+0000] {logging_mixin.py:188} INFO - [2025-07-03T17:40:40.329+0000] {dagbag.py:538} INFO - Filling up the DagBag from /home/airflow/.local/lib/python3.8/site-packages/airflow/example_dags/example_latest_only.py
[2025-07-03T17:40:40.336+0000] {processor.py:840} INFO - DAG(s) 'latest_only' retrieved from /home/airflow/.local/lib/python3.8/site-packages/airflow/example_dags/example_latest_only.py
[2025-07-03T17:40:40.366+0000] {logging_mixin.py:188} INFO - [2025-07-03T17:40:40.365+0000] {dag.py:3036} INFO - Sync 1 DAGs
[2025-07-03T17:40:40.407+0000] {logging_mixin.py:188} INFO - [2025-07-03T17:40:40.406+0000] {dag.py:3823} INFO - Setting next_dagrun for latest_only to 2025-07-03 12:00:00+00:00, run_after=2025-07-03 16:00:00+00:00
[2025-07-03T17:40:40.437+0000] {processor.py:183} INFO - Processing /home/airflow/.local/lib/python3.8/site-packages/airflow/example_dags/example_latest_only.py took 0.117 seconds
[2025-07-03T17:41:10.903+0000] {processor.py:161} INFO - Started process (PID=899) to work on /home/airflow/.local/lib/python3.8/site-packages/airflow/example_dags/example_latest_only.py
[2025-07-03T17:41:10.921+0000] {processor.py:830} INFO - Processing file /home/airflow/.local/lib/python3.8/site-packages/airflow/example_dags/example_latest_only.py for tasks to queue
[2025-07-03T17:41:10.924+0000] {logging_mixin.py:188} INFO - [2025-07-03T17:41:10.923+0000] {dagbag.py:538} INFO - Filling up the DagBag from /home/airflow/.local/lib/python3.8/site-packages/airflow/example_dags/example_latest_only.py
[2025-07-03T17:41:10.932+0000] {processor.py:840} INFO - DAG(s) 'latest_only' retrieved from /home/airflow/.local/lib/python3.8/site-packages/airflow/example_dags/example_latest_only.py
[2025-07-03T17:41:11.014+0000] {logging_mixin.py:188} INFO - [2025-07-03T17:41:11.013+0000] {dag.py:3036} INFO - Sync 1 DAGs
[2025-07-03T17:41:11.085+0000] {logging_mixin.py:188} INFO - [2025-07-03T17:41:11.084+0000] {dag.py:3823} INFO - Setting next_dagrun for latest_only to 2025-07-03 12:00:00+00:00, run_after=2025-07-03 16:00:00+00:00
[2025-07-03T17:41:11.149+0000] {processor.py:183} INFO - Processing /home/airflow/.local/lib/python3.8/site-packages/airflow/example_dags/example_latest_only.py took 0.251 seconds
[2025-07-03T17:41:41.273+0000] {processor.py:161} INFO - Started process (PID=964) to work on /home/airflow/.local/lib/python3.8/site-packages/airflow/example_dags/example_latest_only.py
[2025-07-03T17:41:41.275+0000] {processor.py:830} INFO - Processing file /home/airflow/.local/lib/python3.8/site-packages/airflow/example_dags/example_latest_only.py for tasks to queue
[2025-07-03T17:41:41.278+0000] {logging_mixin.py:188} INFO - [2025-07-03T17:41:41.278+0000] {dagbag.py:538} INFO - Filling up the DagBag from /home/airflow/.local/lib/python3.8/site-packages/airflow/example_dags/example_latest_only.py
[2025-07-03T17:41:41.290+0000] {processor.py:840} INFO - DAG(s) 'latest_only' retrieved from /home/airflow/.local/lib/python3.8/site-packages/airflow/example_dags/example_latest_only.py
[2025-07-03T17:41:41.384+0000] {logging_mixin.py:188} INFO - [2025-07-03T17:41:41.383+0000] {dag.py:3036} INFO - Sync 1 DAGs
[2025-07-03T17:41:41.523+0000] {logging_mixin.py:188} INFO - [2025-07-03T17:41:41.523+0000] {dag.py:3823} INFO - Setting next_dagrun for latest_only to 2025-07-03 12:00:00+00:00, run_after=2025-07-03 16:00:00+00:00
[2025-07-03T17:41:41.606+0000] {processor.py:183} INFO - Processing /home/airflow/.local/lib/python3.8/site-packages/airflow/example_dags/example_latest_only.py took 0.339 seconds
[2025-07-03T17:42:12.092+0000] {processor.py:161} INFO - Started process (PID=1030) to work on /home/airflow/.local/lib/python3.8/site-packages/airflow/example_dags/example_latest_only.py
[2025-07-03T17:42:12.093+0000] {processor.py:830} INFO - Processing file /home/airflow/.local/lib/python3.8/site-packages/airflow/example_dags/example_latest_only.py for tasks to queue
[2025-07-03T17:42:12.095+0000] {logging_mixin.py:188} INFO - [2025-07-03T17:42:12.095+0000] {dagbag.py:538} INFO - Filling up the DagBag from /home/airflow/.local/lib/python3.8/site-packages/airflow/example_dags/example_latest_only.py
[2025-07-03T17:42:12.102+0000] {processor.py:840} INFO - DAG(s) 'latest_only' retrieved from /home/airflow/.local/lib/python3.8/site-packages/airflow/example_dags/example_latest_only.py
[2025-07-03T17:42:12.132+0000] {logging_mixin.py:188} INFO - [2025-07-03T17:42:12.132+0000] {dag.py:3036} INFO - Sync 1 DAGs
[2025-07-03T17:42:12.173+0000] {logging_mixin.py:188} INFO - [2025-07-03T17:42:12.173+0000] {dag.py:3823} INFO - Setting next_dagrun for latest_only to 2025-07-03 12:00:00+00:00, run_after=2025-07-03 16:00:00+00:00
[2025-07-03T17:42:12.204+0000] {processor.py:183} INFO - Processing /home/airflow/.local/lib/python3.8/site-packages/airflow/example_dags/example_latest_only.py took 0.119 seconds
[2025-07-03T17:42:42.331+0000] {processor.py:161} INFO - Started process (PID=1095) to work on /home/airflow/.local/lib/python3.8/site-packages/airflow/example_dags/example_latest_only.py
[2025-07-03T17:42:42.332+0000] {processor.py:830} INFO - Processing file /home/airflow/.local/lib/python3.8/site-packages/airflow/example_dags/example_latest_only.py for tasks to queue
[2025-07-03T17:42:42.335+0000] {logging_mixin.py:188} INFO - [2025-07-03T17:42:42.334+0000] {dagbag.py:538} INFO - Filling up the DagBag from /home/airflow/.local/lib/python3.8/site-packages/airflow/example_dags/example_latest_only.py
[2025-07-03T17:42:42.342+0000] {processor.py:840} INFO - DAG(s) 'latest_only' retrieved from /home/airflow/.local/lib/python3.8/site-packages/airflow/example_dags/example_latest_only.py
[2025-07-03T17:42:42.374+0000] {logging_mixin.py:188} INFO - [2025-07-03T17:42:42.374+0000] {dag.py:3036} INFO - Sync 1 DAGs
[2025-07-03T17:42:42.416+0000] {logging_mixin.py:188} INFO - [2025-07-03T17:42:42.415+0000] {dag.py:3823} INFO - Setting next_dagrun for latest_only to 2025-07-03 12:00:00+00:00, run_after=2025-07-03 16:00:00+00:00
[2025-07-03T17:42:42.446+0000] {processor.py:183} INFO - Processing /home/airflow/.local/lib/python3.8/site-packages/airflow/example_dags/example_latest_only.py took 0.120 seconds
[2025-07-03T17:43:13.441+0000] {processor.py:161} INFO - Started process (PID=1168) to work on /home/airflow/.local/lib/python3.8/site-packages/airflow/example_dags/example_latest_only.py
[2025-07-03T17:43:13.443+0000] {processor.py:830} INFO - Processing file /home/airflow/.local/lib/python3.8/site-packages/airflow/example_dags/example_latest_only.py for tasks to queue
[2025-07-03T17:43:13.445+0000] {logging_mixin.py:188} INFO - [2025-07-03T17:43:13.445+0000] {dagbag.py:538} INFO - Filling up the DagBag from /home/airflow/.local/lib/python3.8/site-packages/airflow/example_dags/example_latest_only.py
[2025-07-03T17:43:13.465+0000] {processor.py:840} INFO - DAG(s) 'latest_only' retrieved from /home/airflow/.local/lib/python3.8/site-packages/airflow/example_dags/example_latest_only.py
[2025-07-03T17:43:13.522+0000] {logging_mixin.py:188} INFO - [2025-07-03T17:43:13.521+0000] {dag.py:3036} INFO - Sync 1 DAGs
[2025-07-03T17:43:13.562+0000] {logging_mixin.py:188} INFO - [2025-07-03T17:43:13.561+0000] {dag.py:3823} INFO - Setting next_dagrun for latest_only to 2025-07-03 12:00:00+00:00, run_after=2025-07-03 16:00:00+00:00
[2025-07-03T17:43:13.610+0000] {processor.py:183} INFO - Processing /home/airflow/.local/lib/python3.8/site-packages/airflow/example_dags/example_latest_only.py took 0.181 seconds
[2025-07-03T17:43:44.001+0000] {processor.py:161} INFO - Started process (PID=1234) to work on /home/airflow/.local/lib/python3.8/site-packages/airflow/example_dags/example_latest_only.py
[2025-07-03T17:43:44.009+0000] {processor.py:830} INFO - Processing file /home/airflow/.local/lib/python3.8/site-packages/airflow/example_dags/example_latest_only.py for tasks to queue
[2025-07-03T17:43:44.013+0000] {logging_mixin.py:188} INFO - [2025-07-03T17:43:44.012+0000] {dagbag.py:538} INFO - Filling up the DagBag from /home/airflow/.local/lib/python3.8/site-packages/airflow/example_dags/example_latest_only.py
[2025-07-03T17:43:44.027+0000] {processor.py:840} INFO - DAG(s) 'latest_only' retrieved from /home/airflow/.local/lib/python3.8/site-packages/airflow/example_dags/example_latest_only.py
[2025-07-03T17:43:44.096+0000] {logging_mixin.py:188} INFO - [2025-07-03T17:43:44.095+0000] {dag.py:3036} INFO - Sync 1 DAGs
[2025-07-03T17:43:44.183+0000] {logging_mixin.py:188} INFO - [2025-07-03T17:43:44.182+0000] {dag.py:3823} INFO - Setting next_dagrun for latest_only to 2025-07-03 12:00:00+00:00, run_after=2025-07-03 16:00:00+00:00
[2025-07-03T17:43:44.245+0000] {processor.py:183} INFO - Processing /home/airflow/.local/lib/python3.8/site-packages/airflow/example_dags/example_latest_only.py took 0.257 seconds
[2025-07-03T17:44:14.637+0000] {processor.py:161} INFO - Started process (PID=1299) to work on /home/airflow/.local/lib/python3.8/site-packages/airflow/example_dags/example_latest_only.py
[2025-07-03T17:44:14.638+0000] {processor.py:830} INFO - Processing file /home/airflow/.local/lib/python3.8/site-packages/airflow/example_dags/example_latest_only.py for tasks to queue
[2025-07-03T17:44:14.640+0000] {logging_mixin.py:188} INFO - [2025-07-03T17:44:14.639+0000] {dagbag.py:538} INFO - Filling up the DagBag from /home/airflow/.local/lib/python3.8/site-packages/airflow/example_dags/example_latest_only.py
[2025-07-03T17:44:14.654+0000] {processor.py:840} INFO - DAG(s) 'latest_only' retrieved from /home/airflow/.local/lib/python3.8/site-packages/airflow/example_dags/example_latest_only.py
[2025-07-03T17:44:14.726+0000] {logging_mixin.py:188} INFO - [2025-07-03T17:44:14.725+0000] {dag.py:3036} INFO - Sync 1 DAGs
[2025-07-03T17:44:14.783+0000] {logging_mixin.py:188} INFO - [2025-07-03T17:44:14.780+0000] {dag.py:3823} INFO - Setting next_dagrun for latest_only to 2025-07-03 12:00:00+00:00, run_after=2025-07-03 16:00:00+00:00
[2025-07-03T17:44:14.841+0000] {processor.py:183} INFO - Processing /home/airflow/.local/lib/python3.8/site-packages/airflow/example_dags/example_latest_only.py took 0.219 seconds
[2025-07-03T17:44:45.160+0000] {processor.py:161} INFO - Started process (PID=1364) to work on /home/airflow/.local/lib/python3.8/site-packages/airflow/example_dags/example_latest_only.py
[2025-07-03T17:44:45.165+0000] {processor.py:830} INFO - Processing file /home/airflow/.local/lib/python3.8/site-packages/airflow/example_dags/example_latest_only.py for tasks to queue
[2025-07-03T17:44:45.168+0000] {logging_mixin.py:188} INFO - [2025-07-03T17:44:45.167+0000] {dagbag.py:538} INFO - Filling up the DagBag from /home/airflow/.local/lib/python3.8/site-packages/airflow/example_dags/example_latest_only.py
[2025-07-03T17:44:45.183+0000] {processor.py:840} INFO - DAG(s) 'latest_only' retrieved from /home/airflow/.local/lib/python3.8/site-packages/airflow/example_dags/example_latest_only.py
[2025-07-03T17:44:45.274+0000] {logging_mixin.py:188} INFO - [2025-07-03T17:44:45.273+0000] {dag.py:3036} INFO - Sync 1 DAGs
[2025-07-03T17:44:45.381+0000] {logging_mixin.py:188} INFO - [2025-07-03T17:44:45.381+0000] {dag.py:3823} INFO - Setting next_dagrun for latest_only to 2025-07-03 12:00:00+00:00, run_after=2025-07-03 16:00:00+00:00
[2025-07-03T17:44:45.475+0000] {processor.py:183} INFO - Processing /home/airflow/.local/lib/python3.8/site-packages/airflow/example_dags/example_latest_only.py took 0.336 seconds
[2025-07-03T17:45:15.915+0000] {processor.py:161} INFO - Started process (PID=1429) to work on /home/airflow/.local/lib/python3.8/site-packages/airflow/example_dags/example_latest_only.py
[2025-07-03T17:45:15.921+0000] {processor.py:830} INFO - Processing file /home/airflow/.local/lib/python3.8/site-packages/airflow/example_dags/example_latest_only.py for tasks to queue
[2025-07-03T17:45:15.923+0000] {logging_mixin.py:188} INFO - [2025-07-03T17:45:15.922+0000] {dagbag.py:538} INFO - Filling up the DagBag from /home/airflow/.local/lib/python3.8/site-packages/airflow/example_dags/example_latest_only.py
[2025-07-03T17:45:15.938+0000] {processor.py:840} INFO - DAG(s) 'latest_only' retrieved from /home/airflow/.local/lib/python3.8/site-packages/airflow/example_dags/example_latest_only.py
[2025-07-03T17:45:15.998+0000] {logging_mixin.py:188} INFO - [2025-07-03T17:45:15.997+0000] {dag.py:3036} INFO - Sync 1 DAGs
[2025-07-03T17:45:16.068+0000] {logging_mixin.py:188} INFO - [2025-07-03T17:45:16.067+0000] {dag.py:3823} INFO - Setting next_dagrun for latest_only to 2025-07-03 12:00:00+00:00, run_after=2025-07-03 16:00:00+00:00
[2025-07-03T17:45:16.142+0000] {processor.py:183} INFO - Processing /home/airflow/.local/lib/python3.8/site-packages/airflow/example_dags/example_latest_only.py took 0.233 seconds
[2025-07-03T17:45:46.719+0000] {processor.py:161} INFO - Started process (PID=1486) to work on /home/airflow/.local/lib/python3.8/site-packages/airflow/example_dags/example_latest_only.py
[2025-07-03T17:45:46.720+0000] {processor.py:830} INFO - Processing file /home/airflow/.local/lib/python3.8/site-packages/airflow/example_dags/example_latest_only.py for tasks to queue
[2025-07-03T17:45:46.723+0000] {logging_mixin.py:188} INFO - [2025-07-03T17:45:46.723+0000] {dagbag.py:538} INFO - Filling up the DagBag from /home/airflow/.local/lib/python3.8/site-packages/airflow/example_dags/example_latest_only.py
[2025-07-03T17:45:46.730+0000] {processor.py:840} INFO - DAG(s) 'latest_only' retrieved from /home/airflow/.local/lib/python3.8/site-packages/airflow/example_dags/example_latest_only.py
[2025-07-03T17:45:46.760+0000] {logging_mixin.py:188} INFO - [2025-07-03T17:45:46.760+0000] {dag.py:3036} INFO - Sync 1 DAGs
[2025-07-03T17:45:46.800+0000] {logging_mixin.py:188} INFO - [2025-07-03T17:45:46.799+0000] {dag.py:3823} INFO - Setting next_dagrun for latest_only to 2025-07-03 12:00:00+00:00, run_after=2025-07-03 16:00:00+00:00
[2025-07-03T17:45:46.829+0000] {processor.py:183} INFO - Processing /home/airflow/.local/lib/python3.8/site-packages/airflow/example_dags/example_latest_only.py took 0.115 seconds
[2025-07-03T17:46:16.960+0000] {processor.py:161} INFO - Started process (PID=1549) to work on /home/airflow/.local/lib/python3.8/site-packages/airflow/example_dags/example_latest_only.py
[2025-07-03T17:46:16.961+0000] {processor.py:830} INFO - Processing file /home/airflow/.local/lib/python3.8/site-packages/airflow/example_dags/example_latest_only.py for tasks to queue
[2025-07-03T17:46:16.963+0000] {logging_mixin.py:188} INFO - [2025-07-03T17:46:16.963+0000] {dagbag.py:538} INFO - Filling up the DagBag from /home/airflow/.local/lib/python3.8/site-packages/airflow/example_dags/example_latest_only.py
[2025-07-03T17:46:16.970+0000] {processor.py:840} INFO - DAG(s) 'latest_only' retrieved from /home/airflow/.local/lib/python3.8/site-packages/airflow/example_dags/example_latest_only.py
[2025-07-03T17:46:17.002+0000] {logging_mixin.py:188} INFO - [2025-07-03T17:46:17.002+0000] {dag.py:3036} INFO - Sync 1 DAGs
[2025-07-03T17:46:17.042+0000] {logging_mixin.py:188} INFO - [2025-07-03T17:46:17.042+0000] {dag.py:3823} INFO - Setting next_dagrun for latest_only to 2025-07-03 12:00:00+00:00, run_after=2025-07-03 16:00:00+00:00
[2025-07-03T17:46:17.073+0000] {processor.py:183} INFO - Processing /home/airflow/.local/lib/python3.8/site-packages/airflow/example_dags/example_latest_only.py took 0.117 seconds
[2025-07-03T17:46:47.595+0000] {processor.py:161} INFO - Started process (PID=1613) to work on /home/airflow/.local/lib/python3.8/site-packages/airflow/example_dags/example_latest_only.py
[2025-07-03T17:46:47.597+0000] {processor.py:830} INFO - Processing file /home/airflow/.local/lib/python3.8/site-packages/airflow/example_dags/example_latest_only.py for tasks to queue
[2025-07-03T17:46:47.599+0000] {logging_mixin.py:188} INFO - [2025-07-03T17:46:47.599+0000] {dagbag.py:538} INFO - Filling up the DagBag from /home/airflow/.local/lib/python3.8/site-packages/airflow/example_dags/example_latest_only.py
[2025-07-03T17:46:47.615+0000] {processor.py:840} INFO - DAG(s) 'latest_only' retrieved from /home/airflow/.local/lib/python3.8/site-packages/airflow/example_dags/example_latest_only.py
[2025-07-03T17:46:47.674+0000] {logging_mixin.py:188} INFO - [2025-07-03T17:46:47.673+0000] {dag.py:3036} INFO - Sync 1 DAGs
[2025-07-03T17:46:47.788+0000] {logging_mixin.py:188} INFO - [2025-07-03T17:46:47.788+0000] {dag.py:3823} INFO - Setting next_dagrun for latest_only to 2025-07-03 12:00:00+00:00, run_after=2025-07-03 16:00:00+00:00
[2025-07-03T17:46:47.850+0000] {processor.py:183} INFO - Processing /home/airflow/.local/lib/python3.8/site-packages/airflow/example_dags/example_latest_only.py took 0.271 seconds
[2025-07-03T17:47:17.946+0000] {processor.py:161} INFO - Started process (PID=1677) to work on /home/airflow/.local/lib/python3.8/site-packages/airflow/example_dags/example_latest_only.py
[2025-07-03T17:47:17.947+0000] {processor.py:830} INFO - Processing file /home/airflow/.local/lib/python3.8/site-packages/airflow/example_dags/example_latest_only.py for tasks to queue
[2025-07-03T17:47:17.950+0000] {logging_mixin.py:188} INFO - [2025-07-03T17:47:17.949+0000] {dagbag.py:538} INFO - Filling up the DagBag from /home/airflow/.local/lib/python3.8/site-packages/airflow/example_dags/example_latest_only.py
[2025-07-03T17:47:17.957+0000] {processor.py:840} INFO - DAG(s) 'latest_only' retrieved from /home/airflow/.local/lib/python3.8/site-packages/airflow/example_dags/example_latest_only.py
[2025-07-03T17:47:17.988+0000] {logging_mixin.py:188} INFO - [2025-07-03T17:47:17.988+0000] {dag.py:3036} INFO - Sync 1 DAGs
[2025-07-03T17:47:18.029+0000] {logging_mixin.py:188} INFO - [2025-07-03T17:47:18.028+0000] {dag.py:3823} INFO - Setting next_dagrun for latest_only to 2025-07-03 12:00:00+00:00, run_after=2025-07-03 16:00:00+00:00
[2025-07-03T17:47:18.077+0000] {processor.py:183} INFO - Processing /home/airflow/.local/lib/python3.8/site-packages/airflow/example_dags/example_latest_only.py took 0.136 seconds
[2025-07-03T17:47:48.304+0000] {processor.py:161} INFO - Started process (PID=1742) to work on /home/airflow/.local/lib/python3.8/site-packages/airflow/example_dags/example_latest_only.py
[2025-07-03T17:47:48.305+0000] {processor.py:830} INFO - Processing file /home/airflow/.local/lib/python3.8/site-packages/airflow/example_dags/example_latest_only.py for tasks to queue
[2025-07-03T17:47:48.307+0000] {logging_mixin.py:188} INFO - [2025-07-03T17:47:48.307+0000] {dagbag.py:538} INFO - Filling up the DagBag from /home/airflow/.local/lib/python3.8/site-packages/airflow/example_dags/example_latest_only.py
[2025-07-03T17:47:48.313+0000] {processor.py:840} INFO - DAG(s) 'latest_only' retrieved from /home/airflow/.local/lib/python3.8/site-packages/airflow/example_dags/example_latest_only.py
[2025-07-03T17:47:48.338+0000] {logging_mixin.py:188} INFO - [2025-07-03T17:47:48.338+0000] {dag.py:3036} INFO - Sync 1 DAGs
[2025-07-03T17:47:48.368+0000] {logging_mixin.py:188} INFO - [2025-07-03T17:47:48.368+0000] {dag.py:3823} INFO - Setting next_dagrun for latest_only to 2025-07-03 12:00:00+00:00, run_after=2025-07-03 16:00:00+00:00
[2025-07-03T17:47:48.392+0000] {processor.py:183} INFO - Processing /home/airflow/.local/lib/python3.8/site-packages/airflow/example_dags/example_latest_only.py took 0.092 seconds
[2025-07-03T17:48:18.591+0000] {processor.py:161} INFO - Started process (PID=1806) to work on /home/airflow/.local/lib/python3.8/site-packages/airflow/example_dags/example_latest_only.py
[2025-07-03T17:48:18.592+0000] {processor.py:830} INFO - Processing file /home/airflow/.local/lib/python3.8/site-packages/airflow/example_dags/example_latest_only.py for tasks to queue
[2025-07-03T17:48:18.595+0000] {logging_mixin.py:188} INFO - [2025-07-03T17:48:18.594+0000] {dagbag.py:538} INFO - Filling up the DagBag from /home/airflow/.local/lib/python3.8/site-packages/airflow/example_dags/example_latest_only.py
[2025-07-03T17:48:18.603+0000] {processor.py:840} INFO - DAG(s) 'latest_only' retrieved from /home/airflow/.local/lib/python3.8/site-packages/airflow/example_dags/example_latest_only.py
[2025-07-03T17:48:18.636+0000] {logging_mixin.py:188} INFO - [2025-07-03T17:48:18.635+0000] {dag.py:3036} INFO - Sync 1 DAGs
[2025-07-03T17:48:18.675+0000] {logging_mixin.py:188} INFO - [2025-07-03T17:48:18.675+0000] {dag.py:3823} INFO - Setting next_dagrun for latest_only to 2025-07-03 12:00:00+00:00, run_after=2025-07-03 16:00:00+00:00
[2025-07-03T17:48:18.706+0000] {processor.py:183} INFO - Processing /home/airflow/.local/lib/python3.8/site-packages/airflow/example_dags/example_latest_only.py took 0.120 seconds
[2025-07-03T17:48:49.256+0000] {processor.py:161} INFO - Started process (PID=1879) to work on /home/airflow/.local/lib/python3.8/site-packages/airflow/example_dags/example_latest_only.py
[2025-07-03T17:48:49.265+0000] {processor.py:830} INFO - Processing file /home/airflow/.local/lib/python3.8/site-packages/airflow/example_dags/example_latest_only.py for tasks to queue
[2025-07-03T17:48:49.269+0000] {logging_mixin.py:188} INFO - [2025-07-03T17:48:49.268+0000] {dagbag.py:538} INFO - Filling up the DagBag from /home/airflow/.local/lib/python3.8/site-packages/airflow/example_dags/example_latest_only.py
[2025-07-03T17:48:49.277+0000] {processor.py:840} INFO - DAG(s) 'latest_only' retrieved from /home/airflow/.local/lib/python3.8/site-packages/airflow/example_dags/example_latest_only.py
[2025-07-03T17:48:49.327+0000] {logging_mixin.py:188} INFO - [2025-07-03T17:48:49.327+0000] {dag.py:3036} INFO - Sync 1 DAGs
[2025-07-03T17:48:49.416+0000] {logging_mixin.py:188} INFO - [2025-07-03T17:48:49.415+0000] {dag.py:3823} INFO - Setting next_dagrun for latest_only to 2025-07-03 12:00:00+00:00, run_after=2025-07-03 16:00:00+00:00
[2025-07-03T17:48:49.473+0000] {processor.py:183} INFO - Processing /home/airflow/.local/lib/python3.8/site-packages/airflow/example_dags/example_latest_only.py took 0.228 seconds
[2025-07-03T17:49:19.928+0000] {processor.py:161} INFO - Started process (PID=1945) to work on /home/airflow/.local/lib/python3.8/site-packages/airflow/example_dags/example_latest_only.py
[2025-07-03T17:49:19.940+0000] {processor.py:830} INFO - Processing file /home/airflow/.local/lib/python3.8/site-packages/airflow/example_dags/example_latest_only.py for tasks to queue
[2025-07-03T17:49:19.943+0000] {logging_mixin.py:188} INFO - [2025-07-03T17:49:19.942+0000] {dagbag.py:538} INFO - Filling up the DagBag from /home/airflow/.local/lib/python3.8/site-packages/airflow/example_dags/example_latest_only.py
[2025-07-03T17:49:19.956+0000] {processor.py:840} INFO - DAG(s) 'latest_only' retrieved from /home/airflow/.local/lib/python3.8/site-packages/airflow/example_dags/example_latest_only.py
[2025-07-03T17:49:20.015+0000] {logging_mixin.py:188} INFO - [2025-07-03T17:49:20.014+0000] {dag.py:3036} INFO - Sync 1 DAGs
[2025-07-03T17:49:20.064+0000] {logging_mixin.py:188} INFO - [2025-07-03T17:49:20.064+0000] {dag.py:3823} INFO - Setting next_dagrun for latest_only to 2025-07-03 12:00:00+00:00, run_after=2025-07-03 16:00:00+00:00
[2025-07-03T17:49:20.114+0000] {processor.py:183} INFO - Processing /home/airflow/.local/lib/python3.8/site-packages/airflow/example_dags/example_latest_only.py took 0.191 seconds
[2025-07-03T17:49:50.602+0000] {processor.py:161} INFO - Started process (PID=2011) to work on /home/airflow/.local/lib/python3.8/site-packages/airflow/example_dags/example_latest_only.py
[2025-07-03T17:49:50.609+0000] {processor.py:830} INFO - Processing file /home/airflow/.local/lib/python3.8/site-packages/airflow/example_dags/example_latest_only.py for tasks to queue
[2025-07-03T17:49:50.611+0000] {logging_mixin.py:188} INFO - [2025-07-03T17:49:50.611+0000] {dagbag.py:538} INFO - Filling up the DagBag from /home/airflow/.local/lib/python3.8/site-packages/airflow/example_dags/example_latest_only.py
[2025-07-03T17:49:50.631+0000] {processor.py:840} INFO - DAG(s) 'latest_only' retrieved from /home/airflow/.local/lib/python3.8/site-packages/airflow/example_dags/example_latest_only.py
[2025-07-03T17:49:50.694+0000] {logging_mixin.py:188} INFO - [2025-07-03T17:49:50.693+0000] {dag.py:3036} INFO - Sync 1 DAGs
[2025-07-03T17:49:50.780+0000] {logging_mixin.py:188} INFO - [2025-07-03T17:49:50.779+0000] {dag.py:3823} INFO - Setting next_dagrun for latest_only to 2025-07-03 12:00:00+00:00, run_after=2025-07-03 16:00:00+00:00
[2025-07-03T17:49:50.838+0000] {processor.py:183} INFO - Processing /home/airflow/.local/lib/python3.8/site-packages/airflow/example_dags/example_latest_only.py took 0.250 seconds
[2025-07-03T17:50:20.955+0000] {processor.py:161} INFO - Started process (PID=2077) to work on /home/airflow/.local/lib/python3.8/site-packages/airflow/example_dags/example_latest_only.py
[2025-07-03T17:50:20.957+0000] {processor.py:830} INFO - Processing file /home/airflow/.local/lib/python3.8/site-packages/airflow/example_dags/example_latest_only.py for tasks to queue
[2025-07-03T17:50:20.960+0000] {logging_mixin.py:188} INFO - [2025-07-03T17:50:20.959+0000] {dagbag.py:538} INFO - Filling up the DagBag from /home/airflow/.local/lib/python3.8/site-packages/airflow/example_dags/example_latest_only.py
[2025-07-03T17:50:20.968+0000] {processor.py:840} INFO - DAG(s) 'latest_only' retrieved from /home/airflow/.local/lib/python3.8/site-packages/airflow/example_dags/example_latest_only.py
[2025-07-03T17:50:21.002+0000] {logging_mixin.py:188} INFO - [2025-07-03T17:50:21.001+0000] {dag.py:3036} INFO - Sync 1 DAGs
[2025-07-03T17:50:21.050+0000] {logging_mixin.py:188} INFO - [2025-07-03T17:50:21.050+0000] {dag.py:3823} INFO - Setting next_dagrun for latest_only to 2025-07-03 12:00:00+00:00, run_after=2025-07-03 16:00:00+00:00
[2025-07-03T17:50:21.077+0000] {processor.py:183} INFO - Processing /home/airflow/.local/lib/python3.8/site-packages/airflow/example_dags/example_latest_only.py took 0.130 seconds
[2025-07-03T17:50:51.208+0000] {processor.py:161} INFO - Started process (PID=2141) to work on /home/airflow/.local/lib/python3.8/site-packages/airflow/example_dags/example_latest_only.py
[2025-07-03T17:50:51.210+0000] {processor.py:830} INFO - Processing file /home/airflow/.local/lib/python3.8/site-packages/airflow/example_dags/example_latest_only.py for tasks to queue
[2025-07-03T17:50:51.212+0000] {logging_mixin.py:188} INFO - [2025-07-03T17:50:51.211+0000] {dagbag.py:538} INFO - Filling up the DagBag from /home/airflow/.local/lib/python3.8/site-packages/airflow/example_dags/example_latest_only.py
[2025-07-03T17:50:51.217+0000] {processor.py:840} INFO - DAG(s) 'latest_only' retrieved from /home/airflow/.local/lib/python3.8/site-packages/airflow/example_dags/example_latest_only.py
[2025-07-03T17:50:51.242+0000] {logging_mixin.py:188} INFO - [2025-07-03T17:50:51.242+0000] {dag.py:3036} INFO - Sync 1 DAGs
[2025-07-03T17:50:51.273+0000] {logging_mixin.py:188} INFO - [2025-07-03T17:50:51.272+0000] {dag.py:3823} INFO - Setting next_dagrun for latest_only to 2025-07-03 12:00:00+00:00, run_after=2025-07-03 16:00:00+00:00
[2025-07-03T17:50:51.297+0000] {processor.py:183} INFO - Processing /home/airflow/.local/lib/python3.8/site-packages/airflow/example_dags/example_latest_only.py took 0.093 seconds
[2025-07-03T17:51:21.540+0000] {processor.py:161} INFO - Started process (PID=2206) to work on /home/airflow/.local/lib/python3.8/site-packages/airflow/example_dags/example_latest_only.py
[2025-07-03T17:51:21.544+0000] {processor.py:830} INFO - Processing file /home/airflow/.local/lib/python3.8/site-packages/airflow/example_dags/example_latest_only.py for tasks to queue
[2025-07-03T17:51:21.550+0000] {logging_mixin.py:188} INFO - [2025-07-03T17:51:21.549+0000] {dagbag.py:538} INFO - Filling up the DagBag from /home/airflow/.local/lib/python3.8/site-packages/airflow/example_dags/example_latest_only.py
[2025-07-03T17:51:21.560+0000] {processor.py:840} INFO - DAG(s) 'latest_only' retrieved from /home/airflow/.local/lib/python3.8/site-packages/airflow/example_dags/example_latest_only.py
[2025-07-03T17:51:21.628+0000] {logging_mixin.py:188} INFO - [2025-07-03T17:51:21.628+0000] {dag.py:3036} INFO - Sync 1 DAGs
[2025-07-03T17:51:21.672+0000] {logging_mixin.py:188} INFO - [2025-07-03T17:51:21.671+0000] {dag.py:3823} INFO - Setting next_dagrun for latest_only to 2025-07-03 12:00:00+00:00, run_after=2025-07-03 16:00:00+00:00
[2025-07-03T17:51:21.706+0000] {processor.py:183} INFO - Processing /home/airflow/.local/lib/python3.8/site-packages/airflow/example_dags/example_latest_only.py took 0.177 seconds
[2025-07-03T17:51:52.405+0000] {processor.py:161} INFO - Started process (PID=2271) to work on /home/airflow/.local/lib/python3.8/site-packages/airflow/example_dags/example_latest_only.py
[2025-07-03T17:51:52.461+0000] {processor.py:830} INFO - Processing file /home/airflow/.local/lib/python3.8/site-packages/airflow/example_dags/example_latest_only.py for tasks to queue
[2025-07-03T17:51:52.464+0000] {logging_mixin.py:188} INFO - [2025-07-03T17:51:52.463+0000] {dagbag.py:538} INFO - Filling up the DagBag from /home/airflow/.local/lib/python3.8/site-packages/airflow/example_dags/example_latest_only.py
[2025-07-03T17:51:52.484+0000] {processor.py:840} INFO - DAG(s) 'latest_only' retrieved from /home/airflow/.local/lib/python3.8/site-packages/airflow/example_dags/example_latest_only.py
[2025-07-03T17:51:52.541+0000] {logging_mixin.py:188} INFO - [2025-07-03T17:51:52.540+0000] {dag.py:3036} INFO - Sync 1 DAGs
[2025-07-03T17:51:52.589+0000] {logging_mixin.py:188} INFO - [2025-07-03T17:51:52.589+0000] {dag.py:3823} INFO - Setting next_dagrun for latest_only to 2025-07-03 12:00:00+00:00, run_after=2025-07-03 16:00:00+00:00
[2025-07-03T17:51:52.634+0000] {processor.py:183} INFO - Processing /home/airflow/.local/lib/python3.8/site-packages/airflow/example_dags/example_latest_only.py took 0.256 seconds
[2025-07-03T17:52:23.002+0000] {processor.py:161} INFO - Started process (PID=2337) to work on /home/airflow/.local/lib/python3.8/site-packages/airflow/example_dags/example_latest_only.py
[2025-07-03T17:52:23.005+0000] {processor.py:830} INFO - Processing file /home/airflow/.local/lib/python3.8/site-packages/airflow/example_dags/example_latest_only.py for tasks to queue
[2025-07-03T17:52:23.008+0000] {logging_mixin.py:188} INFO - [2025-07-03T17:52:23.007+0000] {dagbag.py:538} INFO - Filling up the DagBag from /home/airflow/.local/lib/python3.8/site-packages/airflow/example_dags/example_latest_only.py
[2025-07-03T17:52:23.022+0000] {processor.py:840} INFO - DAG(s) 'latest_only' retrieved from /home/airflow/.local/lib/python3.8/site-packages/airflow/example_dags/example_latest_only.py
[2025-07-03T17:52:23.056+0000] {logging_mixin.py:188} INFO - [2025-07-03T17:52:23.056+0000] {dag.py:3036} INFO - Sync 1 DAGs
[2025-07-03T17:52:23.103+0000] {logging_mixin.py:188} INFO - [2025-07-03T17:52:23.103+0000] {dag.py:3823} INFO - Setting next_dagrun for latest_only to 2025-07-03 12:00:00+00:00, run_after=2025-07-03 16:00:00+00:00
[2025-07-03T17:52:23.157+0000] {processor.py:183} INFO - Processing /home/airflow/.local/lib/python3.8/site-packages/airflow/example_dags/example_latest_only.py took 0.181 seconds
[2025-07-03T17:52:53.928+0000] {processor.py:161} INFO - Started process (PID=2403) to work on /home/airflow/.local/lib/python3.8/site-packages/airflow/example_dags/example_latest_only.py
[2025-07-03T17:52:53.954+0000] {processor.py:830} INFO - Processing file /home/airflow/.local/lib/python3.8/site-packages/airflow/example_dags/example_latest_only.py for tasks to queue
[2025-07-03T17:52:53.957+0000] {logging_mixin.py:188} INFO - [2025-07-03T17:52:53.956+0000] {dagbag.py:538} INFO - Filling up the DagBag from /home/airflow/.local/lib/python3.8/site-packages/airflow/example_dags/example_latest_only.py
[2025-07-03T17:52:53.965+0000] {processor.py:840} INFO - DAG(s) 'latest_only' retrieved from /home/airflow/.local/lib/python3.8/site-packages/airflow/example_dags/example_latest_only.py
[2025-07-03T17:52:53.999+0000] {logging_mixin.py:188} INFO - [2025-07-03T17:52:53.998+0000] {dag.py:3036} INFO - Sync 1 DAGs
[2025-07-03T17:52:54.048+0000] {logging_mixin.py:188} INFO - [2025-07-03T17:52:54.048+0000] {dag.py:3823} INFO - Setting next_dagrun for latest_only to 2025-07-03 12:00:00+00:00, run_after=2025-07-03 16:00:00+00:00
[2025-07-03T17:52:54.098+0000] {processor.py:183} INFO - Processing /home/airflow/.local/lib/python3.8/site-packages/airflow/example_dags/example_latest_only.py took 0.175 seconds
[2025-07-03T17:53:24.521+0000] {processor.py:161} INFO - Started process (PID=2469) to work on /home/airflow/.local/lib/python3.8/site-packages/airflow/example_dags/example_latest_only.py
[2025-07-03T17:53:24.523+0000] {processor.py:830} INFO - Processing file /home/airflow/.local/lib/python3.8/site-packages/airflow/example_dags/example_latest_only.py for tasks to queue
[2025-07-03T17:53:24.526+0000] {logging_mixin.py:188} INFO - [2025-07-03T17:53:24.525+0000] {dagbag.py:538} INFO - Filling up the DagBag from /home/airflow/.local/lib/python3.8/site-packages/airflow/example_dags/example_latest_only.py
[2025-07-03T17:53:24.545+0000] {processor.py:840} INFO - DAG(s) 'latest_only' retrieved from /home/airflow/.local/lib/python3.8/site-packages/airflow/example_dags/example_latest_only.py
[2025-07-03T17:53:24.611+0000] {logging_mixin.py:188} INFO - [2025-07-03T17:53:24.611+0000] {dag.py:3036} INFO - Sync 1 DAGs
[2025-07-03T17:53:24.695+0000] {logging_mixin.py:188} INFO - [2025-07-03T17:53:24.694+0000] {dag.py:3823} INFO - Setting next_dagrun for latest_only to 2025-07-03 12:00:00+00:00, run_after=2025-07-03 16:00:00+00:00
[2025-07-03T17:53:24.768+0000] {processor.py:183} INFO - Processing /home/airflow/.local/lib/python3.8/site-packages/airflow/example_dags/example_latest_only.py took 0.270 seconds
[2025-07-03T17:53:55.922+0000] {processor.py:161} INFO - Started process (PID=2534) to work on /home/airflow/.local/lib/python3.8/site-packages/airflow/example_dags/example_latest_only.py
[2025-07-03T17:53:55.942+0000] {processor.py:830} INFO - Processing file /home/airflow/.local/lib/python3.8/site-packages/airflow/example_dags/example_latest_only.py for tasks to queue
[2025-07-03T17:53:55.951+0000] {logging_mixin.py:188} INFO - [2025-07-03T17:53:55.950+0000] {dagbag.py:538} INFO - Filling up the DagBag from /home/airflow/.local/lib/python3.8/site-packages/airflow/example_dags/example_latest_only.py
[2025-07-03T17:53:55.980+0000] {processor.py:840} INFO - DAG(s) 'latest_only' retrieved from /home/airflow/.local/lib/python3.8/site-packages/airflow/example_dags/example_latest_only.py
[2025-07-03T17:53:56.094+0000] {logging_mixin.py:188} INFO - [2025-07-03T17:53:56.093+0000] {dag.py:3036} INFO - Sync 1 DAGs
[2025-07-03T17:53:56.245+0000] {logging_mixin.py:188} INFO - [2025-07-03T17:53:56.245+0000] {dag.py:3823} INFO - Setting next_dagrun for latest_only to 2025-07-03 12:00:00+00:00, run_after=2025-07-03 16:00:00+00:00
[2025-07-03T17:53:56.339+0000] {processor.py:183} INFO - Processing /home/airflow/.local/lib/python3.8/site-packages/airflow/example_dags/example_latest_only.py took 0.426 seconds
[2025-07-03T17:54:26.771+0000] {processor.py:161} INFO - Started process (PID=2599) to work on /home/airflow/.local/lib/python3.8/site-packages/airflow/example_dags/example_latest_only.py
[2025-07-03T17:54:26.772+0000] {processor.py:830} INFO - Processing file /home/airflow/.local/lib/python3.8/site-packages/airflow/example_dags/example_latest_only.py for tasks to queue
[2025-07-03T17:54:26.774+0000] {logging_mixin.py:188} INFO - [2025-07-03T17:54:26.774+0000] {dagbag.py:538} INFO - Filling up the DagBag from /home/airflow/.local/lib/python3.8/site-packages/airflow/example_dags/example_latest_only.py
[2025-07-03T17:54:26.786+0000] {processor.py:840} INFO - DAG(s) 'latest_only' retrieved from /home/airflow/.local/lib/python3.8/site-packages/airflow/example_dags/example_latest_only.py
[2025-07-03T17:54:26.832+0000] {logging_mixin.py:188} INFO - [2025-07-03T17:54:26.831+0000] {dag.py:3036} INFO - Sync 1 DAGs
[2025-07-03T17:54:26.870+0000] {logging_mixin.py:188} INFO - [2025-07-03T17:54:26.870+0000] {dag.py:3823} INFO - Setting next_dagrun for latest_only to 2025-07-03 12:00:00+00:00, run_after=2025-07-03 16:00:00+00:00
[2025-07-03T17:54:26.907+0000] {processor.py:183} INFO - Processing /home/airflow/.local/lib/python3.8/site-packages/airflow/example_dags/example_latest_only.py took 0.146 seconds
[2025-07-03T17:54:57.810+0000] {processor.py:161} INFO - Started process (PID=2663) to work on /home/airflow/.local/lib/python3.8/site-packages/airflow/example_dags/example_latest_only.py
[2025-07-03T17:54:57.820+0000] {processor.py:830} INFO - Processing file /home/airflow/.local/lib/python3.8/site-packages/airflow/example_dags/example_latest_only.py for tasks to queue
[2025-07-03T17:54:57.822+0000] {logging_mixin.py:188} INFO - [2025-07-03T17:54:57.822+0000] {dagbag.py:538} INFO - Filling up the DagBag from /home/airflow/.local/lib/python3.8/site-packages/airflow/example_dags/example_latest_only.py
[2025-07-03T17:54:57.838+0000] {processor.py:840} INFO - DAG(s) 'latest_only' retrieved from /home/airflow/.local/lib/python3.8/site-packages/airflow/example_dags/example_latest_only.py
[2025-07-03T17:54:57.891+0000] {logging_mixin.py:188} INFO - [2025-07-03T17:54:57.890+0000] {dag.py:3036} INFO - Sync 1 DAGs
[2025-07-03T17:54:57.932+0000] {logging_mixin.py:188} INFO - [2025-07-03T17:54:57.931+0000] {dag.py:3823} INFO - Setting next_dagrun for latest_only to 2025-07-03 12:00:00+00:00, run_after=2025-07-03 16:00:00+00:00
[2025-07-03T17:54:57.963+0000] {processor.py:183} INFO - Processing /home/airflow/.local/lib/python3.8/site-packages/airflow/example_dags/example_latest_only.py took 0.157 seconds
[2025-07-03T17:55:28.279+0000] {processor.py:161} INFO - Started process (PID=2728) to work on /home/airflow/.local/lib/python3.8/site-packages/airflow/example_dags/example_latest_only.py
[2025-07-03T17:55:28.280+0000] {processor.py:830} INFO - Processing file /home/airflow/.local/lib/python3.8/site-packages/airflow/example_dags/example_latest_only.py for tasks to queue
[2025-07-03T17:55:28.283+0000] {logging_mixin.py:188} INFO - [2025-07-03T17:55:28.282+0000] {dagbag.py:538} INFO - Filling up the DagBag from /home/airflow/.local/lib/python3.8/site-packages/airflow/example_dags/example_latest_only.py
[2025-07-03T17:55:28.290+0000] {processor.py:840} INFO - DAG(s) 'latest_only' retrieved from /home/airflow/.local/lib/python3.8/site-packages/airflow/example_dags/example_latest_only.py
[2025-07-03T17:55:28.317+0000] {logging_mixin.py:188} INFO - [2025-07-03T17:55:28.317+0000] {dag.py:3036} INFO - Sync 1 DAGs
[2025-07-03T17:55:28.349+0000] {logging_mixin.py:188} INFO - [2025-07-03T17:55:28.348+0000] {dag.py:3823} INFO - Setting next_dagrun for latest_only to 2025-07-03 12:00:00+00:00, run_after=2025-07-03 16:00:00+00:00
[2025-07-03T17:55:28.374+0000] {processor.py:183} INFO - Processing /home/airflow/.local/lib/python3.8/site-packages/airflow/example_dags/example_latest_only.py took 0.100 seconds
[2025-07-03T17:55:58.799+0000] {processor.py:161} INFO - Started process (PID=2793) to work on /home/airflow/.local/lib/python3.8/site-packages/airflow/example_dags/example_latest_only.py
[2025-07-03T17:55:58.800+0000] {processor.py:830} INFO - Processing file /home/airflow/.local/lib/python3.8/site-packages/airflow/example_dags/example_latest_only.py for tasks to queue
[2025-07-03T17:55:58.803+0000] {logging_mixin.py:188} INFO - [2025-07-03T17:55:58.803+0000] {dagbag.py:538} INFO - Filling up the DagBag from /home/airflow/.local/lib/python3.8/site-packages/airflow/example_dags/example_latest_only.py
[2025-07-03T17:55:58.812+0000] {processor.py:840} INFO - DAG(s) 'latest_only' retrieved from /home/airflow/.local/lib/python3.8/site-packages/airflow/example_dags/example_latest_only.py
[2025-07-03T17:55:58.845+0000] {logging_mixin.py:188} INFO - [2025-07-03T17:55:58.844+0000] {dag.py:3036} INFO - Sync 1 DAGs
[2025-07-03T17:55:58.887+0000] {logging_mixin.py:188} INFO - [2025-07-03T17:55:58.886+0000] {dag.py:3823} INFO - Setting next_dagrun for latest_only to 2025-07-03 12:00:00+00:00, run_after=2025-07-03 16:00:00+00:00
[2025-07-03T17:55:58.920+0000] {processor.py:183} INFO - Processing /home/airflow/.local/lib/python3.8/site-packages/airflow/example_dags/example_latest_only.py took 0.126 seconds
[2025-07-03T17:56:30.362+0000] {processor.py:161} INFO - Started process (PID=2859) to work on /home/airflow/.local/lib/python3.8/site-packages/airflow/example_dags/example_latest_only.py
[2025-07-03T17:56:30.376+0000] {processor.py:830} INFO - Processing file /home/airflow/.local/lib/python3.8/site-packages/airflow/example_dags/example_latest_only.py for tasks to queue
[2025-07-03T17:56:30.382+0000] {logging_mixin.py:188} INFO - [2025-07-03T17:56:30.381+0000] {dagbag.py:538} INFO - Filling up the DagBag from /home/airflow/.local/lib/python3.8/site-packages/airflow/example_dags/example_latest_only.py
[2025-07-03T17:56:30.443+0000] {processor.py:840} INFO - DAG(s) 'latest_only' retrieved from /home/airflow/.local/lib/python3.8/site-packages/airflow/example_dags/example_latest_only.py
[2025-07-03T17:56:30.528+0000] {logging_mixin.py:188} INFO - [2025-07-03T17:56:30.527+0000] {dag.py:3036} INFO - Sync 1 DAGs
[2025-07-03T17:56:30.641+0000] {logging_mixin.py:188} INFO - [2025-07-03T17:56:30.636+0000] {dag.py:3823} INFO - Setting next_dagrun for latest_only to 2025-07-03 12:00:00+00:00, run_after=2025-07-03 16:00:00+00:00
[2025-07-03T17:56:30.776+0000] {processor.py:183} INFO - Processing /home/airflow/.local/lib/python3.8/site-packages/airflow/example_dags/example_latest_only.py took 0.461 seconds
[2025-07-03T17:57:01.158+0000] {processor.py:161} INFO - Started process (PID=2923) to work on /home/airflow/.local/lib/python3.8/site-packages/airflow/example_dags/example_latest_only.py
[2025-07-03T17:57:01.166+0000] {processor.py:830} INFO - Processing file /home/airflow/.local/lib/python3.8/site-packages/airflow/example_dags/example_latest_only.py for tasks to queue
[2025-07-03T17:57:01.168+0000] {logging_mixin.py:188} INFO - [2025-07-03T17:57:01.168+0000] {dagbag.py:538} INFO - Filling up the DagBag from /home/airflow/.local/lib/python3.8/site-packages/airflow/example_dags/example_latest_only.py
[2025-07-03T17:57:01.184+0000] {processor.py:840} INFO - DAG(s) 'latest_only' retrieved from /home/airflow/.local/lib/python3.8/site-packages/airflow/example_dags/example_latest_only.py
[2025-07-03T17:57:01.249+0000] {logging_mixin.py:188} INFO - [2025-07-03T17:57:01.249+0000] {dag.py:3036} INFO - Sync 1 DAGs
[2025-07-03T17:57:01.566+0000] {logging_mixin.py:188} INFO - [2025-07-03T17:57:01.566+0000] {dag.py:3823} INFO - Setting next_dagrun for latest_only to 2025-07-03 12:00:00+00:00, run_after=2025-07-03 16:00:00+00:00
[2025-07-03T17:57:01.809+0000] {processor.py:183} INFO - Processing /home/airflow/.local/lib/python3.8/site-packages/airflow/example_dags/example_latest_only.py took 0.665 seconds
[2025-07-03T17:57:31.942+0000] {processor.py:161} INFO - Started process (PID=2979) to work on /home/airflow/.local/lib/python3.8/site-packages/airflow/example_dags/example_latest_only.py
[2025-07-03T17:57:31.945+0000] {processor.py:830} INFO - Processing file /home/airflow/.local/lib/python3.8/site-packages/airflow/example_dags/example_latest_only.py for tasks to queue
[2025-07-03T17:57:31.947+0000] {logging_mixin.py:188} INFO - [2025-07-03T17:57:31.947+0000] {dagbag.py:538} INFO - Filling up the DagBag from /home/airflow/.local/lib/python3.8/site-packages/airflow/example_dags/example_latest_only.py
[2025-07-03T17:57:31.959+0000] {processor.py:840} INFO - DAG(s) 'latest_only' retrieved from /home/airflow/.local/lib/python3.8/site-packages/airflow/example_dags/example_latest_only.py
[2025-07-03T17:57:31.999+0000] {logging_mixin.py:188} INFO - [2025-07-03T17:57:31.999+0000] {dag.py:3036} INFO - Sync 1 DAGs
[2025-07-03T17:57:32.063+0000] {logging_mixin.py:188} INFO - [2025-07-03T17:57:32.062+0000] {dag.py:3823} INFO - Setting next_dagrun for latest_only to 2025-07-03 12:00:00+00:00, run_after=2025-07-03 16:00:00+00:00
[2025-07-03T17:57:32.131+0000] {processor.py:183} INFO - Processing /home/airflow/.local/lib/python3.8/site-packages/airflow/example_dags/example_latest_only.py took 0.198 seconds
[2025-07-03T17:58:03.006+0000] {processor.py:161} INFO - Started process (PID=3045) to work on /home/airflow/.local/lib/python3.8/site-packages/airflow/example_dags/example_latest_only.py
[2025-07-03T17:58:03.015+0000] {processor.py:830} INFO - Processing file /home/airflow/.local/lib/python3.8/site-packages/airflow/example_dags/example_latest_only.py for tasks to queue
[2025-07-03T17:58:03.034+0000] {logging_mixin.py:188} INFO - [2025-07-03T17:58:03.034+0000] {dagbag.py:538} INFO - Filling up the DagBag from /home/airflow/.local/lib/python3.8/site-packages/airflow/example_dags/example_latest_only.py
[2025-07-03T17:58:03.084+0000] {processor.py:840} INFO - DAG(s) 'latest_only' retrieved from /home/airflow/.local/lib/python3.8/site-packages/airflow/example_dags/example_latest_only.py
[2025-07-03T17:58:03.318+0000] {logging_mixin.py:188} INFO - [2025-07-03T17:58:03.317+0000] {dag.py:3036} INFO - Sync 1 DAGs
[2025-07-03T17:58:03.508+0000] {logging_mixin.py:188} INFO - [2025-07-03T17:58:03.508+0000] {dag.py:3823} INFO - Setting next_dagrun for latest_only to 2025-07-03 12:00:00+00:00, run_after=2025-07-03 16:00:00+00:00
[2025-07-03T17:58:03.638+0000] {processor.py:183} INFO - Processing /home/airflow/.local/lib/python3.8/site-packages/airflow/example_dags/example_latest_only.py took 0.657 seconds
[2025-07-03T17:58:34.022+0000] {processor.py:161} INFO - Started process (PID=3110) to work on /home/airflow/.local/lib/python3.8/site-packages/airflow/example_dags/example_latest_only.py
[2025-07-03T17:58:34.033+0000] {processor.py:830} INFO - Processing file /home/airflow/.local/lib/python3.8/site-packages/airflow/example_dags/example_latest_only.py for tasks to queue
[2025-07-03T17:58:34.036+0000] {logging_mixin.py:188} INFO - [2025-07-03T17:58:34.035+0000] {dagbag.py:538} INFO - Filling up the DagBag from /home/airflow/.local/lib/python3.8/site-packages/airflow/example_dags/example_latest_only.py
[2025-07-03T17:58:34.048+0000] {processor.py:840} INFO - DAG(s) 'latest_only' retrieved from /home/airflow/.local/lib/python3.8/site-packages/airflow/example_dags/example_latest_only.py
[2025-07-03T17:58:34.113+0000] {logging_mixin.py:188} INFO - [2025-07-03T17:58:34.113+0000] {dag.py:3036} INFO - Sync 1 DAGs
[2025-07-03T17:58:34.194+0000] {logging_mixin.py:188} INFO - [2025-07-03T17:58:34.194+0000] {dag.py:3823} INFO - Setting next_dagrun for latest_only to 2025-07-03 12:00:00+00:00, run_after=2025-07-03 16:00:00+00:00
[2025-07-03T17:58:34.242+0000] {processor.py:183} INFO - Processing /home/airflow/.local/lib/python3.8/site-packages/airflow/example_dags/example_latest_only.py took 0.228 seconds
[2025-07-03T17:59:04.358+0000] {processor.py:161} INFO - Started process (PID=3175) to work on /home/airflow/.local/lib/python3.8/site-packages/airflow/example_dags/example_latest_only.py
[2025-07-03T17:59:04.359+0000] {processor.py:830} INFO - Processing file /home/airflow/.local/lib/python3.8/site-packages/airflow/example_dags/example_latest_only.py for tasks to queue
[2025-07-03T17:59:04.361+0000] {logging_mixin.py:188} INFO - [2025-07-03T17:59:04.361+0000] {dagbag.py:538} INFO - Filling up the DagBag from /home/airflow/.local/lib/python3.8/site-packages/airflow/example_dags/example_latest_only.py
[2025-07-03T17:59:04.380+0000] {processor.py:840} INFO - DAG(s) 'latest_only' retrieved from /home/airflow/.local/lib/python3.8/site-packages/airflow/example_dags/example_latest_only.py
[2025-07-03T17:59:04.415+0000] {logging_mixin.py:188} INFO - [2025-07-03T17:59:04.414+0000] {dag.py:3036} INFO - Sync 1 DAGs
[2025-07-03T17:59:04.461+0000] {logging_mixin.py:188} INFO - [2025-07-03T17:59:04.460+0000] {dag.py:3823} INFO - Setting next_dagrun for latest_only to 2025-07-03 12:00:00+00:00, run_after=2025-07-03 16:00:00+00:00
[2025-07-03T17:59:04.498+0000] {processor.py:183} INFO - Processing /home/airflow/.local/lib/python3.8/site-packages/airflow/example_dags/example_latest_only.py took 0.153 seconds
[2025-07-03T17:59:34.635+0000] {processor.py:161} INFO - Started process (PID=3240) to work on /home/airflow/.local/lib/python3.8/site-packages/airflow/example_dags/example_latest_only.py
[2025-07-03T17:59:34.641+0000] {processor.py:830} INFO - Processing file /home/airflow/.local/lib/python3.8/site-packages/airflow/example_dags/example_latest_only.py for tasks to queue
[2025-07-03T17:59:34.644+0000] {logging_mixin.py:188} INFO - [2025-07-03T17:59:34.643+0000] {dagbag.py:538} INFO - Filling up the DagBag from /home/airflow/.local/lib/python3.8/site-packages/airflow/example_dags/example_latest_only.py
[2025-07-03T17:59:34.659+0000] {processor.py:840} INFO - DAG(s) 'latest_only' retrieved from /home/airflow/.local/lib/python3.8/site-packages/airflow/example_dags/example_latest_only.py
[2025-07-03T17:59:34.724+0000] {logging_mixin.py:188} INFO - [2025-07-03T17:59:34.724+0000] {dag.py:3036} INFO - Sync 1 DAGs
[2025-07-03T17:59:34.804+0000] {logging_mixin.py:188} INFO - [2025-07-03T17:59:34.804+0000] {dag.py:3823} INFO - Setting next_dagrun for latest_only to 2025-07-03 12:00:00+00:00, run_after=2025-07-03 16:00:00+00:00
[2025-07-03T17:59:34.843+0000] {processor.py:183} INFO - Processing /home/airflow/.local/lib/python3.8/site-packages/airflow/example_dags/example_latest_only.py took 0.212 seconds
[2025-07-03T18:00:05.418+0000] {processor.py:161} INFO - Started process (PID=3303) to work on /home/airflow/.local/lib/python3.8/site-packages/airflow/example_dags/example_latest_only.py
[2025-07-03T18:00:05.420+0000] {processor.py:830} INFO - Processing file /home/airflow/.local/lib/python3.8/site-packages/airflow/example_dags/example_latest_only.py for tasks to queue
[2025-07-03T18:00:05.423+0000] {logging_mixin.py:188} INFO - [2025-07-03T18:00:05.422+0000] {dagbag.py:538} INFO - Filling up the DagBag from /home/airflow/.local/lib/python3.8/site-packages/airflow/example_dags/example_latest_only.py
[2025-07-03T18:00:05.434+0000] {processor.py:840} INFO - DAG(s) 'latest_only' retrieved from /home/airflow/.local/lib/python3.8/site-packages/airflow/example_dags/example_latest_only.py
[2025-07-03T18:00:05.534+0000] {logging_mixin.py:188} INFO - [2025-07-03T18:00:05.533+0000] {dag.py:3036} INFO - Sync 1 DAGs
[2025-07-03T18:00:05.972+0000] {logging_mixin.py:188} INFO - [2025-07-03T18:00:05.972+0000] {dag.py:3823} INFO - Setting next_dagrun for latest_only to 2025-07-03 12:00:00+00:00, run_after=2025-07-03 16:00:00+00:00
[2025-07-03T18:00:06.015+0000] {processor.py:183} INFO - Processing /home/airflow/.local/lib/python3.8/site-packages/airflow/example_dags/example_latest_only.py took 0.601 seconds
[2025-07-03T18:00:36.197+0000] {processor.py:161} INFO - Started process (PID=3368) to work on /home/airflow/.local/lib/python3.8/site-packages/airflow/example_dags/example_latest_only.py
[2025-07-03T18:00:36.205+0000] {processor.py:830} INFO - Processing file /home/airflow/.local/lib/python3.8/site-packages/airflow/example_dags/example_latest_only.py for tasks to queue
[2025-07-03T18:00:36.209+0000] {logging_mixin.py:188} INFO - [2025-07-03T18:00:36.208+0000] {dagbag.py:538} INFO - Filling up the DagBag from /home/airflow/.local/lib/python3.8/site-packages/airflow/example_dags/example_latest_only.py
[2025-07-03T18:00:36.216+0000] {processor.py:840} INFO - DAG(s) 'latest_only' retrieved from /home/airflow/.local/lib/python3.8/site-packages/airflow/example_dags/example_latest_only.py
[2025-07-03T18:00:36.248+0000] {logging_mixin.py:188} INFO - [2025-07-03T18:00:36.247+0000] {dag.py:3036} INFO - Sync 1 DAGs
[2025-07-03T18:00:36.292+0000] {logging_mixin.py:188} INFO - [2025-07-03T18:00:36.291+0000] {dag.py:3823} INFO - Setting next_dagrun for latest_only to 2025-07-03 12:00:00+00:00, run_after=2025-07-03 16:00:00+00:00
[2025-07-03T18:00:36.817+0000] {processor.py:183} INFO - Processing /home/airflow/.local/lib/python3.8/site-packages/airflow/example_dags/example_latest_only.py took 0.635 seconds
[2025-07-03T18:01:06.984+0000] {processor.py:161} INFO - Started process (PID=3425) to work on /home/airflow/.local/lib/python3.8/site-packages/airflow/example_dags/example_latest_only.py
[2025-07-03T18:01:06.986+0000] {processor.py:830} INFO - Processing file /home/airflow/.local/lib/python3.8/site-packages/airflow/example_dags/example_latest_only.py for tasks to queue
[2025-07-03T18:01:06.989+0000] {logging_mixin.py:188} INFO - [2025-07-03T18:01:06.988+0000] {dagbag.py:538} INFO - Filling up the DagBag from /home/airflow/.local/lib/python3.8/site-packages/airflow/example_dags/example_latest_only.py
[2025-07-03T18:01:06.997+0000] {processor.py:840} INFO - DAG(s) 'latest_only' retrieved from /home/airflow/.local/lib/python3.8/site-packages/airflow/example_dags/example_latest_only.py
[2025-07-03T18:01:07.061+0000] {logging_mixin.py:188} INFO - [2025-07-03T18:01:07.061+0000] {dag.py:3036} INFO - Sync 1 DAGs
[2025-07-03T18:01:07.112+0000] {logging_mixin.py:188} INFO - [2025-07-03T18:01:07.111+0000] {dag.py:3823} INFO - Setting next_dagrun for latest_only to 2025-07-03 12:00:00+00:00, run_after=2025-07-03 16:00:00+00:00
[2025-07-03T18:01:07.147+0000] {processor.py:183} INFO - Processing /home/airflow/.local/lib/python3.8/site-packages/airflow/example_dags/example_latest_only.py took 0.168 seconds
[2025-07-03T18:01:37.929+0000] {processor.py:161} INFO - Started process (PID=3488) to work on /home/airflow/.local/lib/python3.8/site-packages/airflow/example_dags/example_latest_only.py
[2025-07-03T18:01:37.945+0000] {processor.py:830} INFO - Processing file /home/airflow/.local/lib/python3.8/site-packages/airflow/example_dags/example_latest_only.py for tasks to queue
[2025-07-03T18:01:37.947+0000] {logging_mixin.py:188} INFO - [2025-07-03T18:01:37.947+0000] {dagbag.py:538} INFO - Filling up the DagBag from /home/airflow/.local/lib/python3.8/site-packages/airflow/example_dags/example_latest_only.py
[2025-07-03T18:01:37.966+0000] {processor.py:840} INFO - DAG(s) 'latest_only' retrieved from /home/airflow/.local/lib/python3.8/site-packages/airflow/example_dags/example_latest_only.py
[2025-07-03T18:01:37.999+0000] {logging_mixin.py:188} INFO - [2025-07-03T18:01:37.998+0000] {dag.py:3036} INFO - Sync 1 DAGs
[2025-07-03T18:01:38.039+0000] {logging_mixin.py:188} INFO - [2025-07-03T18:01:38.039+0000] {dag.py:3823} INFO - Setting next_dagrun for latest_only to 2025-07-03 12:00:00+00:00, run_after=2025-07-03 16:00:00+00:00
[2025-07-03T18:01:38.076+0000] {processor.py:183} INFO - Processing /home/airflow/.local/lib/python3.8/site-packages/airflow/example_dags/example_latest_only.py took 0.160 seconds
[2025-07-03T18:02:10.556+0000] {processor.py:161} INFO - Started process (PID=3552) to work on /home/airflow/.local/lib/python3.8/site-packages/airflow/example_dags/example_latest_only.py
[2025-07-03T18:02:10.558+0000] {processor.py:830} INFO - Processing file /home/airflow/.local/lib/python3.8/site-packages/airflow/example_dags/example_latest_only.py for tasks to queue
[2025-07-03T18:02:10.570+0000] {logging_mixin.py:188} INFO - [2025-07-03T18:02:10.569+0000] {dagbag.py:538} INFO - Filling up the DagBag from /home/airflow/.local/lib/python3.8/site-packages/airflow/example_dags/example_latest_only.py
[2025-07-03T18:02:10.580+0000] {processor.py:840} INFO - DAG(s) 'latest_only' retrieved from /home/airflow/.local/lib/python3.8/site-packages/airflow/example_dags/example_latest_only.py
[2025-07-03T18:02:10.645+0000] {logging_mixin.py:188} INFO - [2025-07-03T18:02:10.644+0000] {dag.py:3036} INFO - Sync 1 DAGs
[2025-07-03T18:02:11.020+0000] {logging_mixin.py:188} INFO - [2025-07-03T18:02:11.019+0000] {dag.py:3823} INFO - Setting next_dagrun for latest_only to 2025-07-03 12:00:00+00:00, run_after=2025-07-03 16:00:00+00:00
[2025-07-03T18:02:11.154+0000] {processor.py:183} INFO - Processing /home/airflow/.local/lib/python3.8/site-packages/airflow/example_dags/example_latest_only.py took 0.603 seconds
[2025-07-03T18:02:41.416+0000] {processor.py:161} INFO - Started process (PID=3609) to work on /home/airflow/.local/lib/python3.8/site-packages/airflow/example_dags/example_latest_only.py
[2025-07-03T18:02:41.418+0000] {processor.py:830} INFO - Processing file /home/airflow/.local/lib/python3.8/site-packages/airflow/example_dags/example_latest_only.py for tasks to queue
[2025-07-03T18:02:41.420+0000] {logging_mixin.py:188} INFO - [2025-07-03T18:02:41.420+0000] {dagbag.py:538} INFO - Filling up the DagBag from /home/airflow/.local/lib/python3.8/site-packages/airflow/example_dags/example_latest_only.py
[2025-07-03T18:02:41.429+0000] {processor.py:840} INFO - DAG(s) 'latest_only' retrieved from /home/airflow/.local/lib/python3.8/site-packages/airflow/example_dags/example_latest_only.py
[2025-07-03T18:02:41.462+0000] {logging_mixin.py:188} INFO - [2025-07-03T18:02:41.462+0000] {dag.py:3036} INFO - Sync 1 DAGs
[2025-07-03T18:02:41.525+0000] {logging_mixin.py:188} INFO - [2025-07-03T18:02:41.524+0000] {dag.py:3823} INFO - Setting next_dagrun for latest_only to 2025-07-03 12:00:00+00:00, run_after=2025-07-03 16:00:00+00:00
[2025-07-03T18:02:41.716+0000] {processor.py:183} INFO - Processing /home/airflow/.local/lib/python3.8/site-packages/airflow/example_dags/example_latest_only.py took 0.305 seconds
[2025-07-03T18:03:14.590+0000] {processor.py:161} INFO - Started process (PID=3674) to work on /home/airflow/.local/lib/python3.8/site-packages/airflow/example_dags/example_latest_only.py
[2025-07-03T18:03:14.620+0000] {processor.py:830} INFO - Processing file /home/airflow/.local/lib/python3.8/site-packages/airflow/example_dags/example_latest_only.py for tasks to queue
[2025-07-03T18:03:14.638+0000] {logging_mixin.py:188} INFO - [2025-07-03T18:03:14.637+0000] {dagbag.py:538} INFO - Filling up the DagBag from /home/airflow/.local/lib/python3.8/site-packages/airflow/example_dags/example_latest_only.py
[2025-07-03T18:03:14.681+0000] {processor.py:840} INFO - DAG(s) 'latest_only' retrieved from /home/airflow/.local/lib/python3.8/site-packages/airflow/example_dags/example_latest_only.py
[2025-07-03T18:03:14.851+0000] {logging_mixin.py:188} INFO - [2025-07-03T18:03:14.850+0000] {dag.py:3036} INFO - Sync 1 DAGs
[2025-07-03T18:03:15.137+0000] {logging_mixin.py:188} INFO - [2025-07-03T18:03:15.137+0000] {dag.py:3823} INFO - Setting next_dagrun for latest_only to 2025-07-03 12:00:00+00:00, run_after=2025-07-03 16:00:00+00:00
[2025-07-03T18:03:15.331+0000] {processor.py:183} INFO - Processing /home/airflow/.local/lib/python3.8/site-packages/airflow/example_dags/example_latest_only.py took 0.756 seconds
[2025-07-03T18:04:57.449+0000] {processor.py:161} INFO - Started process (PID=3767) to work on /home/airflow/.local/lib/python3.8/site-packages/airflow/example_dags/example_latest_only.py
[2025-07-03T18:04:57.489+0000] {processor.py:830} INFO - Processing file /home/airflow/.local/lib/python3.8/site-packages/airflow/example_dags/example_latest_only.py for tasks to queue
[2025-07-03T18:04:57.524+0000] {logging_mixin.py:188} INFO - [2025-07-03T18:04:57.523+0000] {dagbag.py:538} INFO - Filling up the DagBag from /home/airflow/.local/lib/python3.8/site-packages/airflow/example_dags/example_latest_only.py
[2025-07-03T18:04:57.681+0000] {processor.py:840} INFO - DAG(s) 'latest_only' retrieved from /home/airflow/.local/lib/python3.8/site-packages/airflow/example_dags/example_latest_only.py
[2025-07-03T18:04:58.142+0000] {logging_mixin.py:188} INFO - [2025-07-03T18:04:58.141+0000] {dag.py:3036} INFO - Sync 1 DAGs
[2025-07-03T18:04:59.187+0000] {logging_mixin.py:188} INFO - [2025-07-03T18:04:59.186+0000] {dag.py:3823} INFO - Setting next_dagrun for latest_only to 2025-07-03 12:00:00+00:00, run_after=2025-07-03 16:00:00+00:00
[2025-07-03T18:05:00.029+0000] {processor.py:183} INFO - Processing /home/airflow/.local/lib/python3.8/site-packages/airflow/example_dags/example_latest_only.py took 2.696 seconds
[2025-07-03T18:06:10.107+0000] {processor.py:161} INFO - Started process (PID=3822) to work on /home/airflow/.local/lib/python3.8/site-packages/airflow/example_dags/example_latest_only.py
[2025-07-03T18:06:10.174+0000] {processor.py:830} INFO - Processing file /home/airflow/.local/lib/python3.8/site-packages/airflow/example_dags/example_latest_only.py for tasks to queue
[2025-07-03T18:06:10.224+0000] {logging_mixin.py:188} INFO - [2025-07-03T18:06:10.223+0000] {dagbag.py:538} INFO - Filling up the DagBag from /home/airflow/.local/lib/python3.8/site-packages/airflow/example_dags/example_latest_only.py
[2025-07-03T18:06:10.517+0000] {processor.py:840} INFO - DAG(s) 'latest_only' retrieved from /home/airflow/.local/lib/python3.8/site-packages/airflow/example_dags/example_latest_only.py
[2025-07-03T18:06:11.402+0000] {logging_mixin.py:188} INFO - [2025-07-03T18:06:11.401+0000] {dag.py:3036} INFO - Sync 1 DAGs
[2025-07-03T18:06:12.635+0000] {logging_mixin.py:188} INFO - [2025-07-03T18:06:12.635+0000] {dag.py:3823} INFO - Setting next_dagrun for latest_only to 2025-07-03 12:00:00+00:00, run_after=2025-07-03 16:00:00+00:00
[2025-07-03T18:06:13.585+0000] {processor.py:183} INFO - Processing /home/airflow/.local/lib/python3.8/site-packages/airflow/example_dags/example_latest_only.py took 3.699 seconds
[2025-07-03T18:07:34.890+0000] {processor.py:161} INFO - Started process (PID=3886) to work on /home/airflow/.local/lib/python3.8/site-packages/airflow/example_dags/example_latest_only.py
[2025-07-03T18:07:34.953+0000] {processor.py:830} INFO - Processing file /home/airflow/.local/lib/python3.8/site-packages/airflow/example_dags/example_latest_only.py for tasks to queue
[2025-07-03T18:07:34.996+0000] {logging_mixin.py:188} INFO - [2025-07-03T18:07:34.996+0000] {dagbag.py:538} INFO - Filling up the DagBag from /home/airflow/.local/lib/python3.8/site-packages/airflow/example_dags/example_latest_only.py
[2025-07-03T18:07:35.152+0000] {processor.py:840} INFO - DAG(s) 'latest_only' retrieved from /home/airflow/.local/lib/python3.8/site-packages/airflow/example_dags/example_latest_only.py
[2025-07-03T18:07:35.964+0000] {logging_mixin.py:188} INFO - [2025-07-03T18:07:35.963+0000] {dag.py:3036} INFO - Sync 1 DAGs
[2025-07-03T18:07:37.542+0000] {logging_mixin.py:188} INFO - [2025-07-03T18:07:37.542+0000] {dag.py:3823} INFO - Setting next_dagrun for latest_only to 2025-07-03 12:00:00+00:00, run_after=2025-07-03 16:00:00+00:00
[2025-07-03T18:07:38.603+0000] {processor.py:183} INFO - Processing /home/airflow/.local/lib/python3.8/site-packages/airflow/example_dags/example_latest_only.py took 4.156 seconds
[2025-07-03T18:21:08.764+0000] {processor.py:161} INFO - Started process (PID=94) to work on /home/airflow/.local/lib/python3.8/site-packages/airflow/example_dags/example_latest_only.py
[2025-07-03T18:21:08.781+0000] {processor.py:830} INFO - Processing file /home/airflow/.local/lib/python3.8/site-packages/airflow/example_dags/example_latest_only.py for tasks to queue
[2025-07-03T18:21:08.784+0000] {logging_mixin.py:188} INFO - [2025-07-03T18:21:08.784+0000] {dagbag.py:538} INFO - Filling up the DagBag from /home/airflow/.local/lib/python3.8/site-packages/airflow/example_dags/example_latest_only.py
[2025-07-03T18:21:08.810+0000] {processor.py:840} INFO - DAG(s) 'latest_only' retrieved from /home/airflow/.local/lib/python3.8/site-packages/airflow/example_dags/example_latest_only.py
[2025-07-03T18:21:08.881+0000] {logging_mixin.py:188} INFO - [2025-07-03T18:21:08.880+0000] {dag.py:3036} INFO - Sync 1 DAGs
[2025-07-03T18:21:08.952+0000] {logging_mixin.py:188} INFO - [2025-07-03T18:21:08.951+0000] {dag.py:3823} INFO - Setting next_dagrun for latest_only to 2025-07-03 12:00:00+00:00, run_after=2025-07-03 16:00:00+00:00
[2025-07-03T18:21:09.049+0000] {processor.py:183} INFO - Processing /home/airflow/.local/lib/python3.8/site-packages/airflow/example_dags/example_latest_only.py took 0.291 seconds
[2025-07-03T18:21:39.957+0000] {processor.py:161} INFO - Started process (PID=159) to work on /home/airflow/.local/lib/python3.8/site-packages/airflow/example_dags/example_latest_only.py
[2025-07-03T18:21:39.958+0000] {processor.py:830} INFO - Processing file /home/airflow/.local/lib/python3.8/site-packages/airflow/example_dags/example_latest_only.py for tasks to queue
[2025-07-03T18:21:39.960+0000] {logging_mixin.py:188} INFO - [2025-07-03T18:21:39.960+0000] {dagbag.py:538} INFO - Filling up the DagBag from /home/airflow/.local/lib/python3.8/site-packages/airflow/example_dags/example_latest_only.py
[2025-07-03T18:21:39.967+0000] {processor.py:840} INFO - DAG(s) 'latest_only' retrieved from /home/airflow/.local/lib/python3.8/site-packages/airflow/example_dags/example_latest_only.py
[2025-07-03T18:21:39.997+0000] {logging_mixin.py:188} INFO - [2025-07-03T18:21:39.996+0000] {dag.py:3036} INFO - Sync 1 DAGs
[2025-07-03T18:21:40.037+0000] {logging_mixin.py:188} INFO - [2025-07-03T18:21:40.037+0000] {dag.py:3823} INFO - Setting next_dagrun for latest_only to 2025-07-03 12:00:00+00:00, run_after=2025-07-03 16:00:00+00:00
[2025-07-03T18:21:40.090+0000] {processor.py:183} INFO - Processing /home/airflow/.local/lib/python3.8/site-packages/airflow/example_dags/example_latest_only.py took 0.144 seconds
[2025-07-03T18:22:10.334+0000] {processor.py:161} INFO - Started process (PID=224) to work on /home/airflow/.local/lib/python3.8/site-packages/airflow/example_dags/example_latest_only.py
[2025-07-03T18:22:10.336+0000] {processor.py:830} INFO - Processing file /home/airflow/.local/lib/python3.8/site-packages/airflow/example_dags/example_latest_only.py for tasks to queue
[2025-07-03T18:22:10.338+0000] {logging_mixin.py:188} INFO - [2025-07-03T18:22:10.338+0000] {dagbag.py:538} INFO - Filling up the DagBag from /home/airflow/.local/lib/python3.8/site-packages/airflow/example_dags/example_latest_only.py
[2025-07-03T18:22:10.345+0000] {processor.py:840} INFO - DAG(s) 'latest_only' retrieved from /home/airflow/.local/lib/python3.8/site-packages/airflow/example_dags/example_latest_only.py
[2025-07-03T18:22:10.381+0000] {logging_mixin.py:188} INFO - [2025-07-03T18:22:10.381+0000] {dag.py:3036} INFO - Sync 1 DAGs
[2025-07-03T18:22:10.422+0000] {logging_mixin.py:188} INFO - [2025-07-03T18:22:10.422+0000] {dag.py:3823} INFO - Setting next_dagrun for latest_only to 2025-07-03 12:00:00+00:00, run_after=2025-07-03 16:00:00+00:00
[2025-07-03T18:22:10.451+0000] {processor.py:183} INFO - Processing /home/airflow/.local/lib/python3.8/site-packages/airflow/example_dags/example_latest_only.py took 0.122 seconds
[2025-07-03T18:22:40.799+0000] {processor.py:161} INFO - Started process (PID=291) to work on /home/airflow/.local/lib/python3.8/site-packages/airflow/example_dags/example_latest_only.py
[2025-07-03T18:22:40.801+0000] {processor.py:830} INFO - Processing file /home/airflow/.local/lib/python3.8/site-packages/airflow/example_dags/example_latest_only.py for tasks to queue
[2025-07-03T18:22:40.804+0000] {logging_mixin.py:188} INFO - [2025-07-03T18:22:40.803+0000] {dagbag.py:538} INFO - Filling up the DagBag from /home/airflow/.local/lib/python3.8/site-packages/airflow/example_dags/example_latest_only.py
[2025-07-03T18:22:40.812+0000] {processor.py:840} INFO - DAG(s) 'latest_only' retrieved from /home/airflow/.local/lib/python3.8/site-packages/airflow/example_dags/example_latest_only.py
[2025-07-03T18:22:40.848+0000] {logging_mixin.py:188} INFO - [2025-07-03T18:22:40.847+0000] {dag.py:3036} INFO - Sync 1 DAGs
[2025-07-03T18:22:40.920+0000] {logging_mixin.py:188} INFO - [2025-07-03T18:22:40.920+0000] {dag.py:3823} INFO - Setting next_dagrun for latest_only to 2025-07-03 12:00:00+00:00, run_after=2025-07-03 16:00:00+00:00
[2025-07-03T18:22:40.979+0000] {processor.py:183} INFO - Processing /home/airflow/.local/lib/python3.8/site-packages/airflow/example_dags/example_latest_only.py took 0.185 seconds
[2025-07-03T18:23:11.240+0000] {processor.py:161} INFO - Started process (PID=357) to work on /home/airflow/.local/lib/python3.8/site-packages/airflow/example_dags/example_latest_only.py
[2025-07-03T18:23:11.248+0000] {processor.py:830} INFO - Processing file /home/airflow/.local/lib/python3.8/site-packages/airflow/example_dags/example_latest_only.py for tasks to queue
[2025-07-03T18:23:11.253+0000] {logging_mixin.py:188} INFO - [2025-07-03T18:23:11.250+0000] {dagbag.py:538} INFO - Filling up the DagBag from /home/airflow/.local/lib/python3.8/site-packages/airflow/example_dags/example_latest_only.py
[2025-07-03T18:23:11.268+0000] {processor.py:840} INFO - DAG(s) 'latest_only' retrieved from /home/airflow/.local/lib/python3.8/site-packages/airflow/example_dags/example_latest_only.py
[2025-07-03T18:23:11.308+0000] {logging_mixin.py:188} INFO - [2025-07-03T18:23:11.308+0000] {dag.py:3036} INFO - Sync 1 DAGs
[2025-07-03T18:23:11.350+0000] {logging_mixin.py:188} INFO - [2025-07-03T18:23:11.349+0000] {dag.py:3823} INFO - Setting next_dagrun for latest_only to 2025-07-03 12:00:00+00:00, run_after=2025-07-03 16:00:00+00:00
[2025-07-03T18:23:11.380+0000] {processor.py:183} INFO - Processing /home/airflow/.local/lib/python3.8/site-packages/airflow/example_dags/example_latest_only.py took 0.145 seconds
[2025-07-03T18:23:41.638+0000] {processor.py:161} INFO - Started process (PID=422) to work on /home/airflow/.local/lib/python3.8/site-packages/airflow/example_dags/example_latest_only.py
[2025-07-03T18:23:41.639+0000] {processor.py:830} INFO - Processing file /home/airflow/.local/lib/python3.8/site-packages/airflow/example_dags/example_latest_only.py for tasks to queue
[2025-07-03T18:23:41.642+0000] {logging_mixin.py:188} INFO - [2025-07-03T18:23:41.641+0000] {dagbag.py:538} INFO - Filling up the DagBag from /home/airflow/.local/lib/python3.8/site-packages/airflow/example_dags/example_latest_only.py
[2025-07-03T18:23:41.651+0000] {processor.py:840} INFO - DAG(s) 'latest_only' retrieved from /home/airflow/.local/lib/python3.8/site-packages/airflow/example_dags/example_latest_only.py
[2025-07-03T18:23:41.681+0000] {logging_mixin.py:188} INFO - [2025-07-03T18:23:41.681+0000] {dag.py:3036} INFO - Sync 1 DAGs
[2025-07-03T18:23:41.724+0000] {logging_mixin.py:188} INFO - [2025-07-03T18:23:41.724+0000] {dag.py:3823} INFO - Setting next_dagrun for latest_only to 2025-07-03 12:00:00+00:00, run_after=2025-07-03 16:00:00+00:00
[2025-07-03T18:23:41.755+0000] {processor.py:183} INFO - Processing /home/airflow/.local/lib/python3.8/site-packages/airflow/example_dags/example_latest_only.py took 0.122 seconds
[2025-07-03T18:24:11.958+0000] {processor.py:161} INFO - Started process (PID=488) to work on /home/airflow/.local/lib/python3.8/site-packages/airflow/example_dags/example_latest_only.py
[2025-07-03T18:24:11.960+0000] {processor.py:830} INFO - Processing file /home/airflow/.local/lib/python3.8/site-packages/airflow/example_dags/example_latest_only.py for tasks to queue
[2025-07-03T18:24:11.963+0000] {logging_mixin.py:188} INFO - [2025-07-03T18:24:11.962+0000] {dagbag.py:538} INFO - Filling up the DagBag from /home/airflow/.local/lib/python3.8/site-packages/airflow/example_dags/example_latest_only.py
[2025-07-03T18:24:11.970+0000] {processor.py:840} INFO - DAG(s) 'latest_only' retrieved from /home/airflow/.local/lib/python3.8/site-packages/airflow/example_dags/example_latest_only.py
[2025-07-03T18:24:12.006+0000] {logging_mixin.py:188} INFO - [2025-07-03T18:24:12.005+0000] {dag.py:3036} INFO - Sync 1 DAGs
[2025-07-03T18:24:12.045+0000] {logging_mixin.py:188} INFO - [2025-07-03T18:24:12.045+0000] {dag.py:3823} INFO - Setting next_dagrun for latest_only to 2025-07-03 12:00:00+00:00, run_after=2025-07-03 16:00:00+00:00
[2025-07-03T18:24:12.074+0000] {processor.py:183} INFO - Processing /home/airflow/.local/lib/python3.8/site-packages/airflow/example_dags/example_latest_only.py took 0.121 seconds
