[2025-07-03T17:35:56.023+0000] {processor.py:161} INFO - Started process (PID=263) to work on /home/airflow/.local/lib/python3.8/site-packages/airflow/example_dags/example_sensor_decorator.py
[2025-07-03T17:35:56.024+0000] {processor.py:830} INFO - Processing file /home/airflow/.local/lib/python3.8/site-packages/airflow/example_dags/example_sensor_decorator.py for tasks to queue
[2025-07-03T17:35:56.032+0000] {logging_mixin.py:188} INFO - [2025-07-03T17:35:56.031+0000] {dagbag.py:538} INFO - Filling up the DagBag from /home/airflow/.local/lib/python3.8/site-packages/airflow/example_dags/example_sensor_decorator.py
[2025-07-03T17:35:56.049+0000] {processor.py:840} INFO - DAG(s) 'example_sensor_decorator' retrieved from /home/airflow/.local/lib/python3.8/site-packages/airflow/example_dags/example_sensor_decorator.py
[2025-07-03T17:35:56.685+0000] {logging_mixin.py:188} INFO - [2025-07-03T17:35:56.685+0000] {dag.py:3036} INFO - Sync 1 DAGs
[2025-07-03T17:35:56.728+0000] {logging_mixin.py:188} INFO - [2025-07-03T17:35:56.727+0000] {dag.py:3823} INFO - Setting next_dagrun for example_sensor_decorator to None, run_after=None
[2025-07-03T17:35:56.802+0000] {processor.py:183} INFO - Processing /home/airflow/.local/lib/python3.8/site-packages/airflow/example_dags/example_sensor_decorator.py took 0.783 seconds
[2025-07-03T17:36:27.532+0000] {processor.py:161} INFO - Started process (PID=327) to work on /home/airflow/.local/lib/python3.8/site-packages/airflow/example_dags/example_sensor_decorator.py
[2025-07-03T17:36:27.543+0000] {processor.py:830} INFO - Processing file /home/airflow/.local/lib/python3.8/site-packages/airflow/example_dags/example_sensor_decorator.py for tasks to queue
[2025-07-03T17:36:27.557+0000] {logging_mixin.py:188} INFO - [2025-07-03T17:36:27.546+0000] {dagbag.py:538} INFO - Filling up the DagBag from /home/airflow/.local/lib/python3.8/site-packages/airflow/example_dags/example_sensor_decorator.py
[2025-07-03T17:36:27.625+0000] {processor.py:840} INFO - DAG(s) 'example_sensor_decorator' retrieved from /home/airflow/.local/lib/python3.8/site-packages/airflow/example_dags/example_sensor_decorator.py
[2025-07-03T17:36:27.832+0000] {logging_mixin.py:188} INFO - [2025-07-03T17:36:27.832+0000] {dag.py:3036} INFO - Sync 1 DAGs
[2025-07-03T17:36:27.953+0000] {logging_mixin.py:188} INFO - [2025-07-03T17:36:27.953+0000] {dag.py:3823} INFO - Setting next_dagrun for example_sensor_decorator to None, run_after=None
[2025-07-03T17:36:28.097+0000] {processor.py:183} INFO - Processing /home/airflow/.local/lib/python3.8/site-packages/airflow/example_dags/example_sensor_decorator.py took 0.584 seconds
[2025-07-03T17:36:58.227+0000] {processor.py:161} INFO - Started process (PID=384) to work on /home/airflow/.local/lib/python3.8/site-packages/airflow/example_dags/example_sensor_decorator.py
[2025-07-03T17:36:58.237+0000] {processor.py:830} INFO - Processing file /home/airflow/.local/lib/python3.8/site-packages/airflow/example_dags/example_sensor_decorator.py for tasks to queue
[2025-07-03T17:36:58.239+0000] {logging_mixin.py:188} INFO - [2025-07-03T17:36:58.239+0000] {dagbag.py:538} INFO - Filling up the DagBag from /home/airflow/.local/lib/python3.8/site-packages/airflow/example_dags/example_sensor_decorator.py
[2025-07-03T17:36:58.255+0000] {processor.py:840} INFO - DAG(s) 'example_sensor_decorator' retrieved from /home/airflow/.local/lib/python3.8/site-packages/airflow/example_dags/example_sensor_decorator.py
[2025-07-03T17:36:58.323+0000] {logging_mixin.py:188} INFO - [2025-07-03T17:36:58.322+0000] {dag.py:3036} INFO - Sync 1 DAGs
[2025-07-03T17:36:58.346+0000] {logging_mixin.py:188} INFO - [2025-07-03T17:36:58.346+0000] {dag.py:3823} INFO - Setting next_dagrun for example_sensor_decorator to None, run_after=None
[2025-07-03T17:36:58.392+0000] {processor.py:183} INFO - Processing /home/airflow/.local/lib/python3.8/site-packages/airflow/example_dags/example_sensor_decorator.py took 0.170 seconds
[2025-07-03T17:37:29.848+0000] {processor.py:161} INFO - Started process (PID=447) to work on /home/airflow/.local/lib/python3.8/site-packages/airflow/example_dags/example_sensor_decorator.py
[2025-07-03T17:37:29.881+0000] {processor.py:830} INFO - Processing file /home/airflow/.local/lib/python3.8/site-packages/airflow/example_dags/example_sensor_decorator.py for tasks to queue
[2025-07-03T17:37:29.888+0000] {logging_mixin.py:188} INFO - [2025-07-03T17:37:29.888+0000] {dagbag.py:538} INFO - Filling up the DagBag from /home/airflow/.local/lib/python3.8/site-packages/airflow/example_dags/example_sensor_decorator.py
[2025-07-03T17:37:29.956+0000] {processor.py:840} INFO - DAG(s) 'example_sensor_decorator' retrieved from /home/airflow/.local/lib/python3.8/site-packages/airflow/example_dags/example_sensor_decorator.py
[2025-07-03T17:37:30.170+0000] {logging_mixin.py:188} INFO - [2025-07-03T17:37:30.169+0000] {dag.py:3036} INFO - Sync 1 DAGs
[2025-07-03T17:37:30.283+0000] {logging_mixin.py:188} INFO - [2025-07-03T17:37:30.283+0000] {dag.py:3823} INFO - Setting next_dagrun for example_sensor_decorator to None, run_after=None
[2025-07-03T17:37:30.502+0000] {processor.py:183} INFO - Processing /home/airflow/.local/lib/python3.8/site-packages/airflow/example_dags/example_sensor_decorator.py took 0.671 seconds
[2025-07-03T17:38:00.611+0000] {processor.py:161} INFO - Started process (PID=504) to work on /home/airflow/.local/lib/python3.8/site-packages/airflow/example_dags/example_sensor_decorator.py
[2025-07-03T17:38:00.613+0000] {processor.py:830} INFO - Processing file /home/airflow/.local/lib/python3.8/site-packages/airflow/example_dags/example_sensor_decorator.py for tasks to queue
[2025-07-03T17:38:00.616+0000] {logging_mixin.py:188} INFO - [2025-07-03T17:38:00.615+0000] {dagbag.py:538} INFO - Filling up the DagBag from /home/airflow/.local/lib/python3.8/site-packages/airflow/example_dags/example_sensor_decorator.py
[2025-07-03T17:38:00.625+0000] {processor.py:840} INFO - DAG(s) 'example_sensor_decorator' retrieved from /home/airflow/.local/lib/python3.8/site-packages/airflow/example_dags/example_sensor_decorator.py
[2025-07-03T17:38:00.656+0000] {logging_mixin.py:188} INFO - [2025-07-03T17:38:00.656+0000] {dag.py:3036} INFO - Sync 1 DAGs
[2025-07-03T17:38:00.680+0000] {logging_mixin.py:188} INFO - [2025-07-03T17:38:00.680+0000] {dag.py:3823} INFO - Setting next_dagrun for example_sensor_decorator to None, run_after=None
[2025-07-03T17:38:00.711+0000] {processor.py:183} INFO - Processing /home/airflow/.local/lib/python3.8/site-packages/airflow/example_dags/example_sensor_decorator.py took 0.104 seconds
[2025-07-03T17:38:31.254+0000] {processor.py:161} INFO - Started process (PID=570) to work on /home/airflow/.local/lib/python3.8/site-packages/airflow/example_dags/example_sensor_decorator.py
[2025-07-03T17:38:31.261+0000] {processor.py:830} INFO - Processing file /home/airflow/.local/lib/python3.8/site-packages/airflow/example_dags/example_sensor_decorator.py for tasks to queue
[2025-07-03T17:38:31.264+0000] {logging_mixin.py:188} INFO - [2025-07-03T17:38:31.263+0000] {dagbag.py:538} INFO - Filling up the DagBag from /home/airflow/.local/lib/python3.8/site-packages/airflow/example_dags/example_sensor_decorator.py
[2025-07-03T17:38:31.286+0000] {processor.py:840} INFO - DAG(s) 'example_sensor_decorator' retrieved from /home/airflow/.local/lib/python3.8/site-packages/airflow/example_dags/example_sensor_decorator.py
[2025-07-03T17:38:31.355+0000] {logging_mixin.py:188} INFO - [2025-07-03T17:38:31.355+0000] {dag.py:3036} INFO - Sync 1 DAGs
[2025-07-03T17:38:31.418+0000] {logging_mixin.py:188} INFO - [2025-07-03T17:38:31.418+0000] {dag.py:3823} INFO - Setting next_dagrun for example_sensor_decorator to None, run_after=None
[2025-07-03T17:38:31.477+0000] {processor.py:183} INFO - Processing /home/airflow/.local/lib/python3.8/site-packages/airflow/example_dags/example_sensor_decorator.py took 0.228 seconds
[2025-07-03T17:39:02.183+0000] {processor.py:161} INFO - Started process (PID=626) to work on /home/airflow/.local/lib/python3.8/site-packages/airflow/example_dags/example_sensor_decorator.py
[2025-07-03T17:39:02.184+0000] {processor.py:830} INFO - Processing file /home/airflow/.local/lib/python3.8/site-packages/airflow/example_dags/example_sensor_decorator.py for tasks to queue
[2025-07-03T17:39:02.187+0000] {logging_mixin.py:188} INFO - [2025-07-03T17:39:02.186+0000] {dagbag.py:538} INFO - Filling up the DagBag from /home/airflow/.local/lib/python3.8/site-packages/airflow/example_dags/example_sensor_decorator.py
[2025-07-03T17:39:02.194+0000] {processor.py:840} INFO - DAG(s) 'example_sensor_decorator' retrieved from /home/airflow/.local/lib/python3.8/site-packages/airflow/example_dags/example_sensor_decorator.py
[2025-07-03T17:39:02.219+0000] {logging_mixin.py:188} INFO - [2025-07-03T17:39:02.219+0000] {dag.py:3036} INFO - Sync 1 DAGs
[2025-07-03T17:39:02.238+0000] {logging_mixin.py:188} INFO - [2025-07-03T17:39:02.237+0000] {dag.py:3823} INFO - Setting next_dagrun for example_sensor_decorator to None, run_after=None
[2025-07-03T17:39:02.267+0000] {processor.py:183} INFO - Processing /home/airflow/.local/lib/python3.8/site-packages/airflow/example_dags/example_sensor_decorator.py took 0.088 seconds
[2025-07-03T17:39:33.033+0000] {processor.py:161} INFO - Started process (PID=691) to work on /home/airflow/.local/lib/python3.8/site-packages/airflow/example_dags/example_sensor_decorator.py
[2025-07-03T17:39:33.035+0000] {processor.py:830} INFO - Processing file /home/airflow/.local/lib/python3.8/site-packages/airflow/example_dags/example_sensor_decorator.py for tasks to queue
[2025-07-03T17:39:33.038+0000] {logging_mixin.py:188} INFO - [2025-07-03T17:39:33.037+0000] {dagbag.py:538} INFO - Filling up the DagBag from /home/airflow/.local/lib/python3.8/site-packages/airflow/example_dags/example_sensor_decorator.py
[2025-07-03T17:39:33.045+0000] {processor.py:840} INFO - DAG(s) 'example_sensor_decorator' retrieved from /home/airflow/.local/lib/python3.8/site-packages/airflow/example_dags/example_sensor_decorator.py
[2025-07-03T17:39:33.070+0000] {logging_mixin.py:188} INFO - [2025-07-03T17:39:33.070+0000] {dag.py:3036} INFO - Sync 1 DAGs
[2025-07-03T17:39:33.088+0000] {logging_mixin.py:188} INFO - [2025-07-03T17:39:33.087+0000] {dag.py:3823} INFO - Setting next_dagrun for example_sensor_decorator to None, run_after=None
[2025-07-03T17:39:33.115+0000] {processor.py:183} INFO - Processing /home/airflow/.local/lib/python3.8/site-packages/airflow/example_dags/example_sensor_decorator.py took 0.086 seconds
[2025-07-03T17:40:04.132+0000] {processor.py:161} INFO - Started process (PID=757) to work on /home/airflow/.local/lib/python3.8/site-packages/airflow/example_dags/example_sensor_decorator.py
[2025-07-03T17:40:04.134+0000] {processor.py:830} INFO - Processing file /home/airflow/.local/lib/python3.8/site-packages/airflow/example_dags/example_sensor_decorator.py for tasks to queue
[2025-07-03T17:40:04.137+0000] {logging_mixin.py:188} INFO - [2025-07-03T17:40:04.136+0000] {dagbag.py:538} INFO - Filling up the DagBag from /home/airflow/.local/lib/python3.8/site-packages/airflow/example_dags/example_sensor_decorator.py
[2025-07-03T17:40:04.144+0000] {processor.py:840} INFO - DAG(s) 'example_sensor_decorator' retrieved from /home/airflow/.local/lib/python3.8/site-packages/airflow/example_dags/example_sensor_decorator.py
[2025-07-03T17:40:04.168+0000] {logging_mixin.py:188} INFO - [2025-07-03T17:40:04.168+0000] {dag.py:3036} INFO - Sync 1 DAGs
[2025-07-03T17:40:04.185+0000] {logging_mixin.py:188} INFO - [2025-07-03T17:40:04.185+0000] {dag.py:3823} INFO - Setting next_dagrun for example_sensor_decorator to None, run_after=None
[2025-07-03T17:40:04.210+0000] {processor.py:183} INFO - Processing /home/airflow/.local/lib/python3.8/site-packages/airflow/example_dags/example_sensor_decorator.py took 0.083 seconds
[2025-07-03T17:40:34.549+0000] {processor.py:161} INFO - Started process (PID=823) to work on /home/airflow/.local/lib/python3.8/site-packages/airflow/example_dags/example_sensor_decorator.py
[2025-07-03T17:40:34.551+0000] {processor.py:830} INFO - Processing file /home/airflow/.local/lib/python3.8/site-packages/airflow/example_dags/example_sensor_decorator.py for tasks to queue
[2025-07-03T17:40:34.563+0000] {logging_mixin.py:188} INFO - [2025-07-03T17:40:34.562+0000] {dagbag.py:538} INFO - Filling up the DagBag from /home/airflow/.local/lib/python3.8/site-packages/airflow/example_dags/example_sensor_decorator.py
[2025-07-03T17:40:34.584+0000] {processor.py:840} INFO - DAG(s) 'example_sensor_decorator' retrieved from /home/airflow/.local/lib/python3.8/site-packages/airflow/example_dags/example_sensor_decorator.py
[2025-07-03T17:40:34.662+0000] {logging_mixin.py:188} INFO - [2025-07-03T17:40:34.662+0000] {dag.py:3036} INFO - Sync 1 DAGs
[2025-07-03T17:40:34.701+0000] {logging_mixin.py:188} INFO - [2025-07-03T17:40:34.700+0000] {dag.py:3823} INFO - Setting next_dagrun for example_sensor_decorator to None, run_after=None
[2025-07-03T17:40:34.750+0000] {processor.py:183} INFO - Processing /home/airflow/.local/lib/python3.8/site-packages/airflow/example_dags/example_sensor_decorator.py took 0.216 seconds
[2025-07-03T17:41:04.894+0000] {processor.py:161} INFO - Started process (PID=887) to work on /home/airflow/.local/lib/python3.8/site-packages/airflow/example_dags/example_sensor_decorator.py
[2025-07-03T17:41:04.895+0000] {processor.py:830} INFO - Processing file /home/airflow/.local/lib/python3.8/site-packages/airflow/example_dags/example_sensor_decorator.py for tasks to queue
[2025-07-03T17:41:04.898+0000] {logging_mixin.py:188} INFO - [2025-07-03T17:41:04.897+0000] {dagbag.py:538} INFO - Filling up the DagBag from /home/airflow/.local/lib/python3.8/site-packages/airflow/example_dags/example_sensor_decorator.py
[2025-07-03T17:41:04.919+0000] {processor.py:840} INFO - DAG(s) 'example_sensor_decorator' retrieved from /home/airflow/.local/lib/python3.8/site-packages/airflow/example_dags/example_sensor_decorator.py
[2025-07-03T17:41:04.960+0000] {logging_mixin.py:188} INFO - [2025-07-03T17:41:04.959+0000] {dag.py:3036} INFO - Sync 1 DAGs
[2025-07-03T17:41:04.995+0000] {logging_mixin.py:188} INFO - [2025-07-03T17:41:04.995+0000] {dag.py:3823} INFO - Setting next_dagrun for example_sensor_decorator to None, run_after=None
[2025-07-03T17:41:05.049+0000] {processor.py:183} INFO - Processing /home/airflow/.local/lib/python3.8/site-packages/airflow/example_dags/example_sensor_decorator.py took 0.171 seconds
[2025-07-03T17:41:35.450+0000] {processor.py:161} INFO - Started process (PID=954) to work on /home/airflow/.local/lib/python3.8/site-packages/airflow/example_dags/example_sensor_decorator.py
[2025-07-03T17:41:35.451+0000] {processor.py:830} INFO - Processing file /home/airflow/.local/lib/python3.8/site-packages/airflow/example_dags/example_sensor_decorator.py for tasks to queue
[2025-07-03T17:41:35.454+0000] {logging_mixin.py:188} INFO - [2025-07-03T17:41:35.453+0000] {dagbag.py:538} INFO - Filling up the DagBag from /home/airflow/.local/lib/python3.8/site-packages/airflow/example_dags/example_sensor_decorator.py
[2025-07-03T17:41:35.463+0000] {processor.py:840} INFO - DAG(s) 'example_sensor_decorator' retrieved from /home/airflow/.local/lib/python3.8/site-packages/airflow/example_dags/example_sensor_decorator.py
[2025-07-03T17:41:35.494+0000] {logging_mixin.py:188} INFO - [2025-07-03T17:41:35.493+0000] {dag.py:3036} INFO - Sync 1 DAGs
[2025-07-03T17:41:35.516+0000] {logging_mixin.py:188} INFO - [2025-07-03T17:41:35.515+0000] {dag.py:3823} INFO - Setting next_dagrun for example_sensor_decorator to None, run_after=None
[2025-07-03T17:41:35.547+0000] {processor.py:183} INFO - Processing /home/airflow/.local/lib/python3.8/site-packages/airflow/example_dags/example_sensor_decorator.py took 0.102 seconds
[2025-07-03T17:42:06.331+0000] {processor.py:161} INFO - Started process (PID=1020) to work on /home/airflow/.local/lib/python3.8/site-packages/airflow/example_dags/example_sensor_decorator.py
[2025-07-03T17:42:06.332+0000] {processor.py:830} INFO - Processing file /home/airflow/.local/lib/python3.8/site-packages/airflow/example_dags/example_sensor_decorator.py for tasks to queue
[2025-07-03T17:42:06.335+0000] {logging_mixin.py:188} INFO - [2025-07-03T17:42:06.334+0000] {dagbag.py:538} INFO - Filling up the DagBag from /home/airflow/.local/lib/python3.8/site-packages/airflow/example_dags/example_sensor_decorator.py
[2025-07-03T17:42:06.343+0000] {processor.py:840} INFO - DAG(s) 'example_sensor_decorator' retrieved from /home/airflow/.local/lib/python3.8/site-packages/airflow/example_dags/example_sensor_decorator.py
[2025-07-03T17:42:06.377+0000] {logging_mixin.py:188} INFO - [2025-07-03T17:42:06.376+0000] {dag.py:3036} INFO - Sync 1 DAGs
[2025-07-03T17:42:06.399+0000] {logging_mixin.py:188} INFO - [2025-07-03T17:42:06.399+0000] {dag.py:3823} INFO - Setting next_dagrun for example_sensor_decorator to None, run_after=None
[2025-07-03T17:42:06.463+0000] {processor.py:183} INFO - Processing /home/airflow/.local/lib/python3.8/site-packages/airflow/example_dags/example_sensor_decorator.py took 0.137 seconds
[2025-07-03T17:42:37.459+0000] {processor.py:161} INFO - Started process (PID=1085) to work on /home/airflow/.local/lib/python3.8/site-packages/airflow/example_dags/example_sensor_decorator.py
[2025-07-03T17:42:37.460+0000] {processor.py:830} INFO - Processing file /home/airflow/.local/lib/python3.8/site-packages/airflow/example_dags/example_sensor_decorator.py for tasks to queue
[2025-07-03T17:42:37.475+0000] {logging_mixin.py:188} INFO - [2025-07-03T17:42:37.474+0000] {dagbag.py:538} INFO - Filling up the DagBag from /home/airflow/.local/lib/python3.8/site-packages/airflow/example_dags/example_sensor_decorator.py
[2025-07-03T17:42:37.496+0000] {processor.py:840} INFO - DAG(s) 'example_sensor_decorator' retrieved from /home/airflow/.local/lib/python3.8/site-packages/airflow/example_dags/example_sensor_decorator.py
[2025-07-03T17:42:37.606+0000] {logging_mixin.py:188} INFO - [2025-07-03T17:42:37.605+0000] {dag.py:3036} INFO - Sync 1 DAGs
[2025-07-03T17:42:37.667+0000] {logging_mixin.py:188} INFO - [2025-07-03T17:42:37.666+0000] {dag.py:3823} INFO - Setting next_dagrun for example_sensor_decorator to None, run_after=None
[2025-07-03T17:42:37.792+0000] {processor.py:183} INFO - Processing /home/airflow/.local/lib/python3.8/site-packages/airflow/example_dags/example_sensor_decorator.py took 0.350 seconds
[2025-07-03T17:43:08.854+0000] {processor.py:161} INFO - Started process (PID=1150) to work on /home/airflow/.local/lib/python3.8/site-packages/airflow/example_dags/example_sensor_decorator.py
[2025-07-03T17:43:08.855+0000] {processor.py:830} INFO - Processing file /home/airflow/.local/lib/python3.8/site-packages/airflow/example_dags/example_sensor_decorator.py for tasks to queue
[2025-07-03T17:43:08.858+0000] {logging_mixin.py:188} INFO - [2025-07-03T17:43:08.858+0000] {dagbag.py:538} INFO - Filling up the DagBag from /home/airflow/.local/lib/python3.8/site-packages/airflow/example_dags/example_sensor_decorator.py
[2025-07-03T17:43:08.867+0000] {processor.py:840} INFO - DAG(s) 'example_sensor_decorator' retrieved from /home/airflow/.local/lib/python3.8/site-packages/airflow/example_dags/example_sensor_decorator.py
[2025-07-03T17:43:08.898+0000] {logging_mixin.py:188} INFO - [2025-07-03T17:43:08.898+0000] {dag.py:3036} INFO - Sync 1 DAGs
[2025-07-03T17:43:08.920+0000] {logging_mixin.py:188} INFO - [2025-07-03T17:43:08.920+0000] {dag.py:3823} INFO - Setting next_dagrun for example_sensor_decorator to None, run_after=None
[2025-07-03T17:43:08.951+0000] {processor.py:183} INFO - Processing /home/airflow/.local/lib/python3.8/site-packages/airflow/example_dags/example_sensor_decorator.py took 0.102 seconds
[2025-07-03T17:43:39.589+0000] {processor.py:161} INFO - Started process (PID=1214) to work on /home/airflow/.local/lib/python3.8/site-packages/airflow/example_dags/example_sensor_decorator.py
[2025-07-03T17:43:39.590+0000] {processor.py:830} INFO - Processing file /home/airflow/.local/lib/python3.8/site-packages/airflow/example_dags/example_sensor_decorator.py for tasks to queue
[2025-07-03T17:43:39.592+0000] {logging_mixin.py:188} INFO - [2025-07-03T17:43:39.592+0000] {dagbag.py:538} INFO - Filling up the DagBag from /home/airflow/.local/lib/python3.8/site-packages/airflow/example_dags/example_sensor_decorator.py
[2025-07-03T17:43:39.599+0000] {processor.py:840} INFO - DAG(s) 'example_sensor_decorator' retrieved from /home/airflow/.local/lib/python3.8/site-packages/airflow/example_dags/example_sensor_decorator.py
[2025-07-03T17:43:39.625+0000] {logging_mixin.py:188} INFO - [2025-07-03T17:43:39.625+0000] {dag.py:3036} INFO - Sync 1 DAGs
[2025-07-03T17:43:39.643+0000] {logging_mixin.py:188} INFO - [2025-07-03T17:43:39.642+0000] {dag.py:3823} INFO - Setting next_dagrun for example_sensor_decorator to None, run_after=None
[2025-07-03T17:43:39.670+0000] {processor.py:183} INFO - Processing /home/airflow/.local/lib/python3.8/site-packages/airflow/example_dags/example_sensor_decorator.py took 0.085 seconds
[2025-07-03T17:44:11.026+0000] {processor.py:161} INFO - Started process (PID=1288) to work on /home/airflow/.local/lib/python3.8/site-packages/airflow/example_dags/example_sensor_decorator.py
[2025-07-03T17:44:11.028+0000] {processor.py:830} INFO - Processing file /home/airflow/.local/lib/python3.8/site-packages/airflow/example_dags/example_sensor_decorator.py for tasks to queue
[2025-07-03T17:44:11.030+0000] {logging_mixin.py:188} INFO - [2025-07-03T17:44:11.030+0000] {dagbag.py:538} INFO - Filling up the DagBag from /home/airflow/.local/lib/python3.8/site-packages/airflow/example_dags/example_sensor_decorator.py
[2025-07-03T17:44:11.048+0000] {processor.py:840} INFO - DAG(s) 'example_sensor_decorator' retrieved from /home/airflow/.local/lib/python3.8/site-packages/airflow/example_dags/example_sensor_decorator.py
[2025-07-03T17:44:11.084+0000] {logging_mixin.py:188} INFO - [2025-07-03T17:44:11.084+0000] {dag.py:3036} INFO - Sync 1 DAGs
[2025-07-03T17:44:11.110+0000] {logging_mixin.py:188} INFO - [2025-07-03T17:44:11.109+0000] {dag.py:3823} INFO - Setting next_dagrun for example_sensor_decorator to None, run_after=None
[2025-07-03T17:44:11.160+0000] {processor.py:183} INFO - Processing /home/airflow/.local/lib/python3.8/site-packages/airflow/example_dags/example_sensor_decorator.py took 0.159 seconds
[2025-07-03T17:44:41.359+0000] {processor.py:161} INFO - Started process (PID=1352) to work on /home/airflow/.local/lib/python3.8/site-packages/airflow/example_dags/example_sensor_decorator.py
[2025-07-03T17:44:41.369+0000] {processor.py:830} INFO - Processing file /home/airflow/.local/lib/python3.8/site-packages/airflow/example_dags/example_sensor_decorator.py for tasks to queue
[2025-07-03T17:44:41.372+0000] {logging_mixin.py:188} INFO - [2025-07-03T17:44:41.371+0000] {dagbag.py:538} INFO - Filling up the DagBag from /home/airflow/.local/lib/python3.8/site-packages/airflow/example_dags/example_sensor_decorator.py
[2025-07-03T17:44:41.388+0000] {processor.py:840} INFO - DAG(s) 'example_sensor_decorator' retrieved from /home/airflow/.local/lib/python3.8/site-packages/airflow/example_dags/example_sensor_decorator.py
[2025-07-03T17:44:41.445+0000] {logging_mixin.py:188} INFO - [2025-07-03T17:44:41.444+0000] {dag.py:3036} INFO - Sync 1 DAGs
[2025-07-03T17:44:41.488+0000] {logging_mixin.py:188} INFO - [2025-07-03T17:44:41.487+0000] {dag.py:3823} INFO - Setting next_dagrun for example_sensor_decorator to None, run_after=None
[2025-07-03T17:44:41.546+0000] {processor.py:183} INFO - Processing /home/airflow/.local/lib/python3.8/site-packages/airflow/example_dags/example_sensor_decorator.py took 0.204 seconds
[2025-07-03T17:45:11.670+0000] {processor.py:161} INFO - Started process (PID=1409) to work on /home/airflow/.local/lib/python3.8/site-packages/airflow/example_dags/example_sensor_decorator.py
[2025-07-03T17:45:11.672+0000] {processor.py:830} INFO - Processing file /home/airflow/.local/lib/python3.8/site-packages/airflow/example_dags/example_sensor_decorator.py for tasks to queue
[2025-07-03T17:45:11.675+0000] {logging_mixin.py:188} INFO - [2025-07-03T17:45:11.674+0000] {dagbag.py:538} INFO - Filling up the DagBag from /home/airflow/.local/lib/python3.8/site-packages/airflow/example_dags/example_sensor_decorator.py
[2025-07-03T17:45:11.682+0000] {processor.py:840} INFO - DAG(s) 'example_sensor_decorator' retrieved from /home/airflow/.local/lib/python3.8/site-packages/airflow/example_dags/example_sensor_decorator.py
[2025-07-03T17:45:11.706+0000] {logging_mixin.py:188} INFO - [2025-07-03T17:45:11.706+0000] {dag.py:3036} INFO - Sync 1 DAGs
[2025-07-03T17:45:11.723+0000] {logging_mixin.py:188} INFO - [2025-07-03T17:45:11.723+0000] {dag.py:3823} INFO - Setting next_dagrun for example_sensor_decorator to None, run_after=None
[2025-07-03T17:45:11.747+0000] {processor.py:183} INFO - Processing /home/airflow/.local/lib/python3.8/site-packages/airflow/example_dags/example_sensor_decorator.py took 0.082 seconds
[2025-07-03T17:45:42.133+0000] {processor.py:161} INFO - Started process (PID=1474) to work on /home/airflow/.local/lib/python3.8/site-packages/airflow/example_dags/example_sensor_decorator.py
[2025-07-03T17:45:42.134+0000] {processor.py:830} INFO - Processing file /home/airflow/.local/lib/python3.8/site-packages/airflow/example_dags/example_sensor_decorator.py for tasks to queue
[2025-07-03T17:45:42.137+0000] {logging_mixin.py:188} INFO - [2025-07-03T17:45:42.136+0000] {dagbag.py:538} INFO - Filling up the DagBag from /home/airflow/.local/lib/python3.8/site-packages/airflow/example_dags/example_sensor_decorator.py
[2025-07-03T17:45:42.145+0000] {processor.py:840} INFO - DAG(s) 'example_sensor_decorator' retrieved from /home/airflow/.local/lib/python3.8/site-packages/airflow/example_dags/example_sensor_decorator.py
[2025-07-03T17:45:42.189+0000] {logging_mixin.py:188} INFO - [2025-07-03T17:45:42.188+0000] {dag.py:3036} INFO - Sync 1 DAGs
[2025-07-03T17:45:42.213+0000] {logging_mixin.py:188} INFO - [2025-07-03T17:45:42.212+0000] {dag.py:3823} INFO - Setting next_dagrun for example_sensor_decorator to None, run_after=None
[2025-07-03T17:45:42.239+0000] {processor.py:183} INFO - Processing /home/airflow/.local/lib/python3.8/site-packages/airflow/example_dags/example_sensor_decorator.py took 0.115 seconds
[2025-07-03T17:46:12.439+0000] {processor.py:161} INFO - Started process (PID=1539) to work on /home/airflow/.local/lib/python3.8/site-packages/airflow/example_dags/example_sensor_decorator.py
[2025-07-03T17:46:12.440+0000] {processor.py:830} INFO - Processing file /home/airflow/.local/lib/python3.8/site-packages/airflow/example_dags/example_sensor_decorator.py for tasks to queue
[2025-07-03T17:46:12.443+0000] {logging_mixin.py:188} INFO - [2025-07-03T17:46:12.442+0000] {dagbag.py:538} INFO - Filling up the DagBag from /home/airflow/.local/lib/python3.8/site-packages/airflow/example_dags/example_sensor_decorator.py
[2025-07-03T17:46:12.452+0000] {processor.py:840} INFO - DAG(s) 'example_sensor_decorator' retrieved from /home/airflow/.local/lib/python3.8/site-packages/airflow/example_dags/example_sensor_decorator.py
[2025-07-03T17:46:12.482+0000] {logging_mixin.py:188} INFO - [2025-07-03T17:46:12.482+0000] {dag.py:3036} INFO - Sync 1 DAGs
[2025-07-03T17:46:12.507+0000] {logging_mixin.py:188} INFO - [2025-07-03T17:46:12.507+0000] {dag.py:3823} INFO - Setting next_dagrun for example_sensor_decorator to None, run_after=None
[2025-07-03T17:46:12.536+0000] {processor.py:183} INFO - Processing /home/airflow/.local/lib/python3.8/site-packages/airflow/example_dags/example_sensor_decorator.py took 0.102 seconds
[2025-07-03T17:46:43.498+0000] {processor.py:161} INFO - Started process (PID=1603) to work on /home/airflow/.local/lib/python3.8/site-packages/airflow/example_dags/example_sensor_decorator.py
[2025-07-03T17:46:43.500+0000] {processor.py:830} INFO - Processing file /home/airflow/.local/lib/python3.8/site-packages/airflow/example_dags/example_sensor_decorator.py for tasks to queue
[2025-07-03T17:46:43.506+0000] {logging_mixin.py:188} INFO - [2025-07-03T17:46:43.505+0000] {dagbag.py:538} INFO - Filling up the DagBag from /home/airflow/.local/lib/python3.8/site-packages/airflow/example_dags/example_sensor_decorator.py
[2025-07-03T17:46:43.516+0000] {processor.py:840} INFO - DAG(s) 'example_sensor_decorator' retrieved from /home/airflow/.local/lib/python3.8/site-packages/airflow/example_dags/example_sensor_decorator.py
[2025-07-03T17:46:43.547+0000] {logging_mixin.py:188} INFO - [2025-07-03T17:46:43.546+0000] {dag.py:3036} INFO - Sync 1 DAGs
[2025-07-03T17:46:43.570+0000] {logging_mixin.py:188} INFO - [2025-07-03T17:46:43.570+0000] {dag.py:3823} INFO - Setting next_dagrun for example_sensor_decorator to None, run_after=None
[2025-07-03T17:46:43.597+0000] {processor.py:183} INFO - Processing /home/airflow/.local/lib/python3.8/site-packages/airflow/example_dags/example_sensor_decorator.py took 0.105 seconds
[2025-07-03T17:47:13.861+0000] {processor.py:161} INFO - Started process (PID=1668) to work on /home/airflow/.local/lib/python3.8/site-packages/airflow/example_dags/example_sensor_decorator.py
[2025-07-03T17:47:13.862+0000] {processor.py:830} INFO - Processing file /home/airflow/.local/lib/python3.8/site-packages/airflow/example_dags/example_sensor_decorator.py for tasks to queue
[2025-07-03T17:47:13.864+0000] {logging_mixin.py:188} INFO - [2025-07-03T17:47:13.864+0000] {dagbag.py:538} INFO - Filling up the DagBag from /home/airflow/.local/lib/python3.8/site-packages/airflow/example_dags/example_sensor_decorator.py
[2025-07-03T17:47:13.872+0000] {processor.py:840} INFO - DAG(s) 'example_sensor_decorator' retrieved from /home/airflow/.local/lib/python3.8/site-packages/airflow/example_dags/example_sensor_decorator.py
[2025-07-03T17:47:13.902+0000] {logging_mixin.py:188} INFO - [2025-07-03T17:47:13.901+0000] {dag.py:3036} INFO - Sync 1 DAGs
[2025-07-03T17:47:13.924+0000] {logging_mixin.py:188} INFO - [2025-07-03T17:47:13.924+0000] {dag.py:3823} INFO - Setting next_dagrun for example_sensor_decorator to None, run_after=None
[2025-07-03T17:47:13.956+0000] {processor.py:183} INFO - Processing /home/airflow/.local/lib/python3.8/site-packages/airflow/example_dags/example_sensor_decorator.py took 0.099 seconds
[2025-07-03T17:47:44.281+0000] {processor.py:161} INFO - Started process (PID=1733) to work on /home/airflow/.local/lib/python3.8/site-packages/airflow/example_dags/example_sensor_decorator.py
[2025-07-03T17:47:44.283+0000] {processor.py:830} INFO - Processing file /home/airflow/.local/lib/python3.8/site-packages/airflow/example_dags/example_sensor_decorator.py for tasks to queue
[2025-07-03T17:47:44.285+0000] {logging_mixin.py:188} INFO - [2025-07-03T17:47:44.285+0000] {dagbag.py:538} INFO - Filling up the DagBag from /home/airflow/.local/lib/python3.8/site-packages/airflow/example_dags/example_sensor_decorator.py
[2025-07-03T17:47:44.295+0000] {processor.py:840} INFO - DAG(s) 'example_sensor_decorator' retrieved from /home/airflow/.local/lib/python3.8/site-packages/airflow/example_dags/example_sensor_decorator.py
[2025-07-03T17:47:44.327+0000] {logging_mixin.py:188} INFO - [2025-07-03T17:47:44.326+0000] {dag.py:3036} INFO - Sync 1 DAGs
[2025-07-03T17:47:44.350+0000] {logging_mixin.py:188} INFO - [2025-07-03T17:47:44.349+0000] {dag.py:3823} INFO - Setting next_dagrun for example_sensor_decorator to None, run_after=None
[2025-07-03T17:47:44.381+0000] {processor.py:183} INFO - Processing /home/airflow/.local/lib/python3.8/site-packages/airflow/example_dags/example_sensor_decorator.py took 0.105 seconds
[2025-07-03T17:48:14.829+0000] {processor.py:161} INFO - Started process (PID=1798) to work on /home/airflow/.local/lib/python3.8/site-packages/airflow/example_dags/example_sensor_decorator.py
[2025-07-03T17:48:14.833+0000] {processor.py:830} INFO - Processing file /home/airflow/.local/lib/python3.8/site-packages/airflow/example_dags/example_sensor_decorator.py for tasks to queue
[2025-07-03T17:48:14.840+0000] {logging_mixin.py:188} INFO - [2025-07-03T17:48:14.839+0000] {dagbag.py:538} INFO - Filling up the DagBag from /home/airflow/.local/lib/python3.8/site-packages/airflow/example_dags/example_sensor_decorator.py
[2025-07-03T17:48:14.862+0000] {processor.py:840} INFO - DAG(s) 'example_sensor_decorator' retrieved from /home/airflow/.local/lib/python3.8/site-packages/airflow/example_dags/example_sensor_decorator.py
[2025-07-03T17:48:14.921+0000] {logging_mixin.py:188} INFO - [2025-07-03T17:48:14.921+0000] {dag.py:3036} INFO - Sync 1 DAGs
[2025-07-03T17:48:15.012+0000] {logging_mixin.py:188} INFO - [2025-07-03T17:48:15.011+0000] {dag.py:3823} INFO - Setting next_dagrun for example_sensor_decorator to None, run_after=None
[2025-07-03T17:48:15.090+0000] {processor.py:183} INFO - Processing /home/airflow/.local/lib/python3.8/site-packages/airflow/example_dags/example_sensor_decorator.py took 0.286 seconds
[2025-07-03T17:48:45.701+0000] {processor.py:161} INFO - Started process (PID=1863) to work on /home/airflow/.local/lib/python3.8/site-packages/airflow/example_dags/example_sensor_decorator.py
[2025-07-03T17:48:45.703+0000] {processor.py:830} INFO - Processing file /home/airflow/.local/lib/python3.8/site-packages/airflow/example_dags/example_sensor_decorator.py for tasks to queue
[2025-07-03T17:48:45.706+0000] {logging_mixin.py:188} INFO - [2025-07-03T17:48:45.706+0000] {dagbag.py:538} INFO - Filling up the DagBag from /home/airflow/.local/lib/python3.8/site-packages/airflow/example_dags/example_sensor_decorator.py
[2025-07-03T17:48:45.715+0000] {processor.py:840} INFO - DAG(s) 'example_sensor_decorator' retrieved from /home/airflow/.local/lib/python3.8/site-packages/airflow/example_dags/example_sensor_decorator.py
[2025-07-03T17:48:45.759+0000] {logging_mixin.py:188} INFO - [2025-07-03T17:48:45.759+0000] {dag.py:3036} INFO - Sync 1 DAGs
[2025-07-03T17:48:45.796+0000] {logging_mixin.py:188} INFO - [2025-07-03T17:48:45.796+0000] {dag.py:3823} INFO - Setting next_dagrun for example_sensor_decorator to None, run_after=None
[2025-07-03T17:48:45.880+0000] {processor.py:183} INFO - Processing /home/airflow/.local/lib/python3.8/site-packages/airflow/example_dags/example_sensor_decorator.py took 0.206 seconds
[2025-07-03T17:49:16.410+0000] {processor.py:161} INFO - Started process (PID=1929) to work on /home/airflow/.local/lib/python3.8/site-packages/airflow/example_dags/example_sensor_decorator.py
[2025-07-03T17:49:16.411+0000] {processor.py:830} INFO - Processing file /home/airflow/.local/lib/python3.8/site-packages/airflow/example_dags/example_sensor_decorator.py for tasks to queue
[2025-07-03T17:49:16.414+0000] {logging_mixin.py:188} INFO - [2025-07-03T17:49:16.413+0000] {dagbag.py:538} INFO - Filling up the DagBag from /home/airflow/.local/lib/python3.8/site-packages/airflow/example_dags/example_sensor_decorator.py
[2025-07-03T17:49:16.422+0000] {processor.py:840} INFO - DAG(s) 'example_sensor_decorator' retrieved from /home/airflow/.local/lib/python3.8/site-packages/airflow/example_dags/example_sensor_decorator.py
[2025-07-03T17:49:16.459+0000] {logging_mixin.py:188} INFO - [2025-07-03T17:49:16.459+0000] {dag.py:3036} INFO - Sync 1 DAGs
[2025-07-03T17:49:16.484+0000] {logging_mixin.py:188} INFO - [2025-07-03T17:49:16.484+0000] {dag.py:3823} INFO - Setting next_dagrun for example_sensor_decorator to None, run_after=None
[2025-07-03T17:49:16.518+0000] {processor.py:183} INFO - Processing /home/airflow/.local/lib/python3.8/site-packages/airflow/example_dags/example_sensor_decorator.py took 0.114 seconds
[2025-07-03T17:49:47.144+0000] {processor.py:161} INFO - Started process (PID=1994) to work on /home/airflow/.local/lib/python3.8/site-packages/airflow/example_dags/example_sensor_decorator.py
[2025-07-03T17:49:47.145+0000] {processor.py:830} INFO - Processing file /home/airflow/.local/lib/python3.8/site-packages/airflow/example_dags/example_sensor_decorator.py for tasks to queue
[2025-07-03T17:49:47.148+0000] {logging_mixin.py:188} INFO - [2025-07-03T17:49:47.147+0000] {dagbag.py:538} INFO - Filling up the DagBag from /home/airflow/.local/lib/python3.8/site-packages/airflow/example_dags/example_sensor_decorator.py
[2025-07-03T17:49:47.156+0000] {processor.py:840} INFO - DAG(s) 'example_sensor_decorator' retrieved from /home/airflow/.local/lib/python3.8/site-packages/airflow/example_dags/example_sensor_decorator.py
[2025-07-03T17:49:47.185+0000] {logging_mixin.py:188} INFO - [2025-07-03T17:49:47.185+0000] {dag.py:3036} INFO - Sync 1 DAGs
[2025-07-03T17:49:47.210+0000] {logging_mixin.py:188} INFO - [2025-07-03T17:49:47.210+0000] {dag.py:3823} INFO - Setting next_dagrun for example_sensor_decorator to None, run_after=None
[2025-07-03T17:49:47.243+0000] {processor.py:183} INFO - Processing /home/airflow/.local/lib/python3.8/site-packages/airflow/example_dags/example_sensor_decorator.py took 0.104 seconds
[2025-07-03T17:50:18.104+0000] {processor.py:161} INFO - Started process (PID=2069) to work on /home/airflow/.local/lib/python3.8/site-packages/airflow/example_dags/example_sensor_decorator.py
[2025-07-03T17:50:18.117+0000] {processor.py:830} INFO - Processing file /home/airflow/.local/lib/python3.8/site-packages/airflow/example_dags/example_sensor_decorator.py for tasks to queue
[2025-07-03T17:50:18.122+0000] {logging_mixin.py:188} INFO - [2025-07-03T17:50:18.121+0000] {dagbag.py:538} INFO - Filling up the DagBag from /home/airflow/.local/lib/python3.8/site-packages/airflow/example_dags/example_sensor_decorator.py
[2025-07-03T17:50:18.145+0000] {processor.py:840} INFO - DAG(s) 'example_sensor_decorator' retrieved from /home/airflow/.local/lib/python3.8/site-packages/airflow/example_dags/example_sensor_decorator.py
[2025-07-03T17:50:18.178+0000] {logging_mixin.py:188} INFO - [2025-07-03T17:50:18.178+0000] {dag.py:3036} INFO - Sync 1 DAGs
[2025-07-03T17:50:18.203+0000] {logging_mixin.py:188} INFO - [2025-07-03T17:50:18.203+0000] {dag.py:3823} INFO - Setting next_dagrun for example_sensor_decorator to None, run_after=None
[2025-07-03T17:50:18.253+0000] {processor.py:183} INFO - Processing /home/airflow/.local/lib/python3.8/site-packages/airflow/example_dags/example_sensor_decorator.py took 0.153 seconds
[2025-07-03T17:50:48.322+0000] {processor.py:161} INFO - Started process (PID=2133) to work on /home/airflow/.local/lib/python3.8/site-packages/airflow/example_dags/example_sensor_decorator.py
[2025-07-03T17:50:48.323+0000] {processor.py:830} INFO - Processing file /home/airflow/.local/lib/python3.8/site-packages/airflow/example_dags/example_sensor_decorator.py for tasks to queue
[2025-07-03T17:50:48.326+0000] {logging_mixin.py:188} INFO - [2025-07-03T17:50:48.326+0000] {dagbag.py:538} INFO - Filling up the DagBag from /home/airflow/.local/lib/python3.8/site-packages/airflow/example_dags/example_sensor_decorator.py
[2025-07-03T17:50:48.343+0000] {processor.py:840} INFO - DAG(s) 'example_sensor_decorator' retrieved from /home/airflow/.local/lib/python3.8/site-packages/airflow/example_dags/example_sensor_decorator.py
[2025-07-03T17:50:48.377+0000] {logging_mixin.py:188} INFO - [2025-07-03T17:50:48.377+0000] {dag.py:3036} INFO - Sync 1 DAGs
[2025-07-03T17:50:48.400+0000] {logging_mixin.py:188} INFO - [2025-07-03T17:50:48.400+0000] {dag.py:3823} INFO - Setting next_dagrun for example_sensor_decorator to None, run_after=None
[2025-07-03T17:50:48.466+0000] {processor.py:183} INFO - Processing /home/airflow/.local/lib/python3.8/site-packages/airflow/example_dags/example_sensor_decorator.py took 0.157 seconds
[2025-07-03T17:51:18.833+0000] {processor.py:161} INFO - Started process (PID=2198) to work on /home/airflow/.local/lib/python3.8/site-packages/airflow/example_dags/example_sensor_decorator.py
[2025-07-03T17:51:18.834+0000] {processor.py:830} INFO - Processing file /home/airflow/.local/lib/python3.8/site-packages/airflow/example_dags/example_sensor_decorator.py for tasks to queue
[2025-07-03T17:51:18.838+0000] {logging_mixin.py:188} INFO - [2025-07-03T17:51:18.837+0000] {dagbag.py:538} INFO - Filling up the DagBag from /home/airflow/.local/lib/python3.8/site-packages/airflow/example_dags/example_sensor_decorator.py
[2025-07-03T17:51:18.848+0000] {processor.py:840} INFO - DAG(s) 'example_sensor_decorator' retrieved from /home/airflow/.local/lib/python3.8/site-packages/airflow/example_dags/example_sensor_decorator.py
[2025-07-03T17:51:18.898+0000] {logging_mixin.py:188} INFO - [2025-07-03T17:51:18.897+0000] {dag.py:3036} INFO - Sync 1 DAGs
[2025-07-03T17:51:18.948+0000] {logging_mixin.py:188} INFO - [2025-07-03T17:51:18.947+0000] {dag.py:3823} INFO - Setting next_dagrun for example_sensor_decorator to None, run_after=None
[2025-07-03T17:51:19.013+0000] {processor.py:183} INFO - Processing /home/airflow/.local/lib/python3.8/site-packages/airflow/example_dags/example_sensor_decorator.py took 0.185 seconds
[2025-07-03T17:51:49.579+0000] {processor.py:161} INFO - Started process (PID=2263) to work on /home/airflow/.local/lib/python3.8/site-packages/airflow/example_dags/example_sensor_decorator.py
[2025-07-03T17:51:49.583+0000] {processor.py:830} INFO - Processing file /home/airflow/.local/lib/python3.8/site-packages/airflow/example_dags/example_sensor_decorator.py for tasks to queue
[2025-07-03T17:51:49.595+0000] {logging_mixin.py:188} INFO - [2025-07-03T17:51:49.595+0000] {dagbag.py:538} INFO - Filling up the DagBag from /home/airflow/.local/lib/python3.8/site-packages/airflow/example_dags/example_sensor_decorator.py
[2025-07-03T17:51:49.615+0000] {processor.py:840} INFO - DAG(s) 'example_sensor_decorator' retrieved from /home/airflow/.local/lib/python3.8/site-packages/airflow/example_dags/example_sensor_decorator.py
[2025-07-03T17:51:49.653+0000] {logging_mixin.py:188} INFO - [2025-07-03T17:51:49.653+0000] {dag.py:3036} INFO - Sync 1 DAGs
[2025-07-03T17:51:49.679+0000] {logging_mixin.py:188} INFO - [2025-07-03T17:51:49.678+0000] {dag.py:3823} INFO - Setting next_dagrun for example_sensor_decorator to None, run_after=None
[2025-07-03T17:51:49.750+0000] {processor.py:183} INFO - Processing /home/airflow/.local/lib/python3.8/site-packages/airflow/example_dags/example_sensor_decorator.py took 0.176 seconds
[2025-07-03T17:52:20.907+0000] {processor.py:161} INFO - Started process (PID=2329) to work on /home/airflow/.local/lib/python3.8/site-packages/airflow/example_dags/example_sensor_decorator.py
[2025-07-03T17:52:20.913+0000] {processor.py:830} INFO - Processing file /home/airflow/.local/lib/python3.8/site-packages/airflow/example_dags/example_sensor_decorator.py for tasks to queue
[2025-07-03T17:52:20.922+0000] {logging_mixin.py:188} INFO - [2025-07-03T17:52:20.921+0000] {dagbag.py:538} INFO - Filling up the DagBag from /home/airflow/.local/lib/python3.8/site-packages/airflow/example_dags/example_sensor_decorator.py
[2025-07-03T17:52:20.955+0000] {processor.py:840} INFO - DAG(s) 'example_sensor_decorator' retrieved from /home/airflow/.local/lib/python3.8/site-packages/airflow/example_dags/example_sensor_decorator.py
[2025-07-03T17:52:21.090+0000] {logging_mixin.py:188} INFO - [2025-07-03T17:52:21.089+0000] {dag.py:3036} INFO - Sync 1 DAGs
[2025-07-03T17:52:21.160+0000] {logging_mixin.py:188} INFO - [2025-07-03T17:52:21.160+0000] {dag.py:3823} INFO - Setting next_dagrun for example_sensor_decorator to None, run_after=None
[2025-07-03T17:52:21.246+0000] {processor.py:183} INFO - Processing /home/airflow/.local/lib/python3.8/site-packages/airflow/example_dags/example_sensor_decorator.py took 0.356 seconds
[2025-07-03T17:52:51.588+0000] {processor.py:161} INFO - Started process (PID=2396) to work on /home/airflow/.local/lib/python3.8/site-packages/airflow/example_dags/example_sensor_decorator.py
[2025-07-03T17:52:51.610+0000] {processor.py:830} INFO - Processing file /home/airflow/.local/lib/python3.8/site-packages/airflow/example_dags/example_sensor_decorator.py for tasks to queue
[2025-07-03T17:52:51.617+0000] {logging_mixin.py:188} INFO - [2025-07-03T17:52:51.612+0000] {dagbag.py:538} INFO - Filling up the DagBag from /home/airflow/.local/lib/python3.8/site-packages/airflow/example_dags/example_sensor_decorator.py
[2025-07-03T17:52:51.635+0000] {processor.py:840} INFO - DAG(s) 'example_sensor_decorator' retrieved from /home/airflow/.local/lib/python3.8/site-packages/airflow/example_dags/example_sensor_decorator.py
[2025-07-03T17:52:51.668+0000] {logging_mixin.py:188} INFO - [2025-07-03T17:52:51.668+0000] {dag.py:3036} INFO - Sync 1 DAGs
[2025-07-03T17:52:51.716+0000] {logging_mixin.py:188} INFO - [2025-07-03T17:52:51.716+0000] {dag.py:3823} INFO - Setting next_dagrun for example_sensor_decorator to None, run_after=None
[2025-07-03T17:52:51.866+0000] {processor.py:183} INFO - Processing /home/airflow/.local/lib/python3.8/site-packages/airflow/example_dags/example_sensor_decorator.py took 0.288 seconds
[2025-07-03T17:53:22.351+0000] {processor.py:161} INFO - Started process (PID=2461) to work on /home/airflow/.local/lib/python3.8/site-packages/airflow/example_dags/example_sensor_decorator.py
[2025-07-03T17:53:22.355+0000] {processor.py:830} INFO - Processing file /home/airflow/.local/lib/python3.8/site-packages/airflow/example_dags/example_sensor_decorator.py for tasks to queue
[2025-07-03T17:53:22.358+0000] {logging_mixin.py:188} INFO - [2025-07-03T17:53:22.357+0000] {dagbag.py:538} INFO - Filling up the DagBag from /home/airflow/.local/lib/python3.8/site-packages/airflow/example_dags/example_sensor_decorator.py
[2025-07-03T17:53:22.368+0000] {processor.py:840} INFO - DAG(s) 'example_sensor_decorator' retrieved from /home/airflow/.local/lib/python3.8/site-packages/airflow/example_dags/example_sensor_decorator.py
[2025-07-03T17:53:22.406+0000] {logging_mixin.py:188} INFO - [2025-07-03T17:53:22.406+0000] {dag.py:3036} INFO - Sync 1 DAGs
[2025-07-03T17:53:22.430+0000] {logging_mixin.py:188} INFO - [2025-07-03T17:53:22.430+0000] {dag.py:3823} INFO - Setting next_dagrun for example_sensor_decorator to None, run_after=None
[2025-07-03T17:53:22.479+0000] {processor.py:183} INFO - Processing /home/airflow/.local/lib/python3.8/site-packages/airflow/example_dags/example_sensor_decorator.py took 0.134 seconds
[2025-07-03T17:53:52.643+0000] {processor.py:161} INFO - Started process (PID=2520) to work on /home/airflow/.local/lib/python3.8/site-packages/airflow/example_dags/example_sensor_decorator.py
[2025-07-03T17:53:52.644+0000] {processor.py:830} INFO - Processing file /home/airflow/.local/lib/python3.8/site-packages/airflow/example_dags/example_sensor_decorator.py for tasks to queue
[2025-07-03T17:53:52.647+0000] {logging_mixin.py:188} INFO - [2025-07-03T17:53:52.646+0000] {dagbag.py:538} INFO - Filling up the DagBag from /home/airflow/.local/lib/python3.8/site-packages/airflow/example_dags/example_sensor_decorator.py
[2025-07-03T17:53:52.656+0000] {processor.py:840} INFO - DAG(s) 'example_sensor_decorator' retrieved from /home/airflow/.local/lib/python3.8/site-packages/airflow/example_dags/example_sensor_decorator.py
[2025-07-03T17:53:52.686+0000] {logging_mixin.py:188} INFO - [2025-07-03T17:53:52.686+0000] {dag.py:3036} INFO - Sync 1 DAGs
[2025-07-03T17:53:52.709+0000] {logging_mixin.py:188} INFO - [2025-07-03T17:53:52.709+0000] {dag.py:3823} INFO - Setting next_dagrun for example_sensor_decorator to None, run_after=None
[2025-07-03T17:53:52.743+0000] {processor.py:183} INFO - Processing /home/airflow/.local/lib/python3.8/site-packages/airflow/example_dags/example_sensor_decorator.py took 0.105 seconds
[2025-07-03T17:54:23.052+0000] {processor.py:161} INFO - Started process (PID=2584) to work on /home/airflow/.local/lib/python3.8/site-packages/airflow/example_dags/example_sensor_decorator.py
[2025-07-03T17:54:23.053+0000] {processor.py:830} INFO - Processing file /home/airflow/.local/lib/python3.8/site-packages/airflow/example_dags/example_sensor_decorator.py for tasks to queue
[2025-07-03T17:54:23.056+0000] {logging_mixin.py:188} INFO - [2025-07-03T17:54:23.055+0000] {dagbag.py:538} INFO - Filling up the DagBag from /home/airflow/.local/lib/python3.8/site-packages/airflow/example_dags/example_sensor_decorator.py
[2025-07-03T17:54:23.065+0000] {processor.py:840} INFO - DAG(s) 'example_sensor_decorator' retrieved from /home/airflow/.local/lib/python3.8/site-packages/airflow/example_dags/example_sensor_decorator.py
[2025-07-03T17:54:23.095+0000] {logging_mixin.py:188} INFO - [2025-07-03T17:54:23.094+0000] {dag.py:3036} INFO - Sync 1 DAGs
[2025-07-03T17:54:23.119+0000] {logging_mixin.py:188} INFO - [2025-07-03T17:54:23.118+0000] {dag.py:3823} INFO - Setting next_dagrun for example_sensor_decorator to None, run_after=None
[2025-07-03T17:54:23.151+0000] {processor.py:183} INFO - Processing /home/airflow/.local/lib/python3.8/site-packages/airflow/example_dags/example_sensor_decorator.py took 0.103 seconds
[2025-07-03T17:54:53.190+0000] {processor.py:161} INFO - Started process (PID=2648) to work on /home/airflow/.local/lib/python3.8/site-packages/airflow/example_dags/example_sensor_decorator.py
[2025-07-03T17:54:53.193+0000] {processor.py:830} INFO - Processing file /home/airflow/.local/lib/python3.8/site-packages/airflow/example_dags/example_sensor_decorator.py for tasks to queue
[2025-07-03T17:54:53.195+0000] {logging_mixin.py:188} INFO - [2025-07-03T17:54:53.195+0000] {dagbag.py:538} INFO - Filling up the DagBag from /home/airflow/.local/lib/python3.8/site-packages/airflow/example_dags/example_sensor_decorator.py
[2025-07-03T17:54:53.204+0000] {processor.py:840} INFO - DAG(s) 'example_sensor_decorator' retrieved from /home/airflow/.local/lib/python3.8/site-packages/airflow/example_dags/example_sensor_decorator.py
[2025-07-03T17:54:53.236+0000] {logging_mixin.py:188} INFO - [2025-07-03T17:54:53.235+0000] {dag.py:3036} INFO - Sync 1 DAGs
[2025-07-03T17:54:53.260+0000] {logging_mixin.py:188} INFO - [2025-07-03T17:54:53.259+0000] {dag.py:3823} INFO - Setting next_dagrun for example_sensor_decorator to None, run_after=None
[2025-07-03T17:54:53.290+0000] {processor.py:183} INFO - Processing /home/airflow/.local/lib/python3.8/site-packages/airflow/example_dags/example_sensor_decorator.py took 0.105 seconds
[2025-07-03T17:55:23.731+0000] {processor.py:161} INFO - Started process (PID=2719) to work on /home/airflow/.local/lib/python3.8/site-packages/airflow/example_dags/example_sensor_decorator.py
[2025-07-03T17:55:23.733+0000] {processor.py:830} INFO - Processing file /home/airflow/.local/lib/python3.8/site-packages/airflow/example_dags/example_sensor_decorator.py for tasks to queue
[2025-07-03T17:55:23.736+0000] {logging_mixin.py:188} INFO - [2025-07-03T17:55:23.735+0000] {dagbag.py:538} INFO - Filling up the DagBag from /home/airflow/.local/lib/python3.8/site-packages/airflow/example_dags/example_sensor_decorator.py
[2025-07-03T17:55:23.752+0000] {processor.py:840} INFO - DAG(s) 'example_sensor_decorator' retrieved from /home/airflow/.local/lib/python3.8/site-packages/airflow/example_dags/example_sensor_decorator.py
[2025-07-03T17:55:23.804+0000] {logging_mixin.py:188} INFO - [2025-07-03T17:55:23.803+0000] {dag.py:3036} INFO - Sync 1 DAGs
[2025-07-03T17:55:23.842+0000] {logging_mixin.py:188} INFO - [2025-07-03T17:55:23.842+0000] {dag.py:3823} INFO - Setting next_dagrun for example_sensor_decorator to None, run_after=None
[2025-07-03T17:55:23.915+0000] {processor.py:183} INFO - Processing /home/airflow/.local/lib/python3.8/site-packages/airflow/example_dags/example_sensor_decorator.py took 0.189 seconds
[2025-07-03T17:55:54.244+0000] {processor.py:161} INFO - Started process (PID=2785) to work on /home/airflow/.local/lib/python3.8/site-packages/airflow/example_dags/example_sensor_decorator.py
[2025-07-03T17:55:54.257+0000] {processor.py:830} INFO - Processing file /home/airflow/.local/lib/python3.8/site-packages/airflow/example_dags/example_sensor_decorator.py for tasks to queue
[2025-07-03T17:55:54.259+0000] {logging_mixin.py:188} INFO - [2025-07-03T17:55:54.259+0000] {dagbag.py:538} INFO - Filling up the DagBag from /home/airflow/.local/lib/python3.8/site-packages/airflow/example_dags/example_sensor_decorator.py
[2025-07-03T17:55:54.275+0000] {processor.py:840} INFO - DAG(s) 'example_sensor_decorator' retrieved from /home/airflow/.local/lib/python3.8/site-packages/airflow/example_dags/example_sensor_decorator.py
[2025-07-03T17:55:54.323+0000] {logging_mixin.py:188} INFO - [2025-07-03T17:55:54.323+0000] {dag.py:3036} INFO - Sync 1 DAGs
[2025-07-03T17:55:54.372+0000] {logging_mixin.py:188} INFO - [2025-07-03T17:55:54.371+0000] {dag.py:3823} INFO - Setting next_dagrun for example_sensor_decorator to None, run_after=None
[2025-07-03T17:55:54.442+0000] {processor.py:183} INFO - Processing /home/airflow/.local/lib/python3.8/site-packages/airflow/example_dags/example_sensor_decorator.py took 0.202 seconds
[2025-07-03T17:56:24.903+0000] {processor.py:161} INFO - Started process (PID=2851) to work on /home/airflow/.local/lib/python3.8/site-packages/airflow/example_dags/example_sensor_decorator.py
[2025-07-03T17:56:24.913+0000] {processor.py:830} INFO - Processing file /home/airflow/.local/lib/python3.8/site-packages/airflow/example_dags/example_sensor_decorator.py for tasks to queue
[2025-07-03T17:56:24.916+0000] {logging_mixin.py:188} INFO - [2025-07-03T17:56:24.916+0000] {dagbag.py:538} INFO - Filling up the DagBag from /home/airflow/.local/lib/python3.8/site-packages/airflow/example_dags/example_sensor_decorator.py
[2025-07-03T17:56:24.933+0000] {processor.py:840} INFO - DAG(s) 'example_sensor_decorator' retrieved from /home/airflow/.local/lib/python3.8/site-packages/airflow/example_dags/example_sensor_decorator.py
[2025-07-03T17:56:24.986+0000] {logging_mixin.py:188} INFO - [2025-07-03T17:56:24.986+0000] {dag.py:3036} INFO - Sync 1 DAGs
[2025-07-03T17:56:25.011+0000] {logging_mixin.py:188} INFO - [2025-07-03T17:56:25.011+0000] {dag.py:3823} INFO - Setting next_dagrun for example_sensor_decorator to None, run_after=None
[2025-07-03T17:56:25.047+0000] {processor.py:183} INFO - Processing /home/airflow/.local/lib/python3.8/site-packages/airflow/example_dags/example_sensor_decorator.py took 0.149 seconds
[2025-07-03T17:56:57.308+0000] {processor.py:161} INFO - Started process (PID=2913) to work on /home/airflow/.local/lib/python3.8/site-packages/airflow/example_dags/example_sensor_decorator.py
[2025-07-03T17:56:57.321+0000] {processor.py:830} INFO - Processing file /home/airflow/.local/lib/python3.8/site-packages/airflow/example_dags/example_sensor_decorator.py for tasks to queue
[2025-07-03T17:56:57.324+0000] {logging_mixin.py:188} INFO - [2025-07-03T17:56:57.324+0000] {dagbag.py:538} INFO - Filling up the DagBag from /home/airflow/.local/lib/python3.8/site-packages/airflow/example_dags/example_sensor_decorator.py
[2025-07-03T17:56:57.458+0000] {processor.py:840} INFO - DAG(s) 'example_sensor_decorator' retrieved from /home/airflow/.local/lib/python3.8/site-packages/airflow/example_dags/example_sensor_decorator.py
[2025-07-03T17:56:57.712+0000] {logging_mixin.py:188} INFO - [2025-07-03T17:56:57.709+0000] {dag.py:3036} INFO - Sync 1 DAGs
[2025-07-03T17:56:57.872+0000] {logging_mixin.py:188} INFO - [2025-07-03T17:56:57.872+0000] {dag.py:3823} INFO - Setting next_dagrun for example_sensor_decorator to None, run_after=None
[2025-07-03T17:56:58.066+0000] {processor.py:183} INFO - Processing /home/airflow/.local/lib/python3.8/site-packages/airflow/example_dags/example_sensor_decorator.py took 0.835 seconds
[2025-07-03T17:57:28.929+0000] {processor.py:161} INFO - Started process (PID=2971) to work on /home/airflow/.local/lib/python3.8/site-packages/airflow/example_dags/example_sensor_decorator.py
[2025-07-03T17:57:28.941+0000] {processor.py:830} INFO - Processing file /home/airflow/.local/lib/python3.8/site-packages/airflow/example_dags/example_sensor_decorator.py for tasks to queue
[2025-07-03T17:57:28.954+0000] {logging_mixin.py:188} INFO - [2025-07-03T17:57:28.953+0000] {dagbag.py:538} INFO - Filling up the DagBag from /home/airflow/.local/lib/python3.8/site-packages/airflow/example_dags/example_sensor_decorator.py
[2025-07-03T17:57:28.983+0000] {processor.py:840} INFO - DAG(s) 'example_sensor_decorator' retrieved from /home/airflow/.local/lib/python3.8/site-packages/airflow/example_dags/example_sensor_decorator.py
[2025-07-03T17:57:29.111+0000] {logging_mixin.py:188} INFO - [2025-07-03T17:57:29.111+0000] {dag.py:3036} INFO - Sync 1 DAGs
[2025-07-03T17:57:29.236+0000] {logging_mixin.py:188} INFO - [2025-07-03T17:57:29.236+0000] {dag.py:3823} INFO - Setting next_dagrun for example_sensor_decorator to None, run_after=None
[2025-07-03T17:57:29.401+0000] {processor.py:183} INFO - Processing /home/airflow/.local/lib/python3.8/site-packages/airflow/example_dags/example_sensor_decorator.py took 0.508 seconds
[2025-07-03T17:57:59.988+0000] {processor.py:161} INFO - Started process (PID=3036) to work on /home/airflow/.local/lib/python3.8/site-packages/airflow/example_dags/example_sensor_decorator.py
[2025-07-03T17:58:00.021+0000] {processor.py:830} INFO - Processing file /home/airflow/.local/lib/python3.8/site-packages/airflow/example_dags/example_sensor_decorator.py for tasks to queue
[2025-07-03T17:58:00.024+0000] {logging_mixin.py:188} INFO - [2025-07-03T17:58:00.023+0000] {dagbag.py:538} INFO - Filling up the DagBag from /home/airflow/.local/lib/python3.8/site-packages/airflow/example_dags/example_sensor_decorator.py
[2025-07-03T17:58:00.088+0000] {processor.py:840} INFO - DAG(s) 'example_sensor_decorator' retrieved from /home/airflow/.local/lib/python3.8/site-packages/airflow/example_dags/example_sensor_decorator.py
[2025-07-03T17:58:00.232+0000] {logging_mixin.py:188} INFO - [2025-07-03T17:58:00.232+0000] {dag.py:3036} INFO - Sync 1 DAGs
[2025-07-03T17:58:00.328+0000] {logging_mixin.py:188} INFO - [2025-07-03T17:58:00.328+0000] {dag.py:3823} INFO - Setting next_dagrun for example_sensor_decorator to None, run_after=None
[2025-07-03T17:58:00.474+0000] {processor.py:183} INFO - Processing /home/airflow/.local/lib/python3.8/site-packages/airflow/example_dags/example_sensor_decorator.py took 0.512 seconds
[2025-07-03T17:58:30.638+0000] {processor.py:161} INFO - Started process (PID=3094) to work on /home/airflow/.local/lib/python3.8/site-packages/airflow/example_dags/example_sensor_decorator.py
[2025-07-03T17:58:30.640+0000] {processor.py:830} INFO - Processing file /home/airflow/.local/lib/python3.8/site-packages/airflow/example_dags/example_sensor_decorator.py for tasks to queue
[2025-07-03T17:58:30.643+0000] {logging_mixin.py:188} INFO - [2025-07-03T17:58:30.642+0000] {dagbag.py:538} INFO - Filling up the DagBag from /home/airflow/.local/lib/python3.8/site-packages/airflow/example_dags/example_sensor_decorator.py
[2025-07-03T17:58:30.652+0000] {processor.py:840} INFO - DAG(s) 'example_sensor_decorator' retrieved from /home/airflow/.local/lib/python3.8/site-packages/airflow/example_dags/example_sensor_decorator.py
[2025-07-03T17:58:30.683+0000] {logging_mixin.py:188} INFO - [2025-07-03T17:58:30.683+0000] {dag.py:3036} INFO - Sync 1 DAGs
[2025-07-03T17:58:30.706+0000] {logging_mixin.py:188} INFO - [2025-07-03T17:58:30.706+0000] {dag.py:3823} INFO - Setting next_dagrun for example_sensor_decorator to None, run_after=None
[2025-07-03T17:58:30.736+0000] {processor.py:183} INFO - Processing /home/airflow/.local/lib/python3.8/site-packages/airflow/example_dags/example_sensor_decorator.py took 0.103 seconds
[2025-07-03T17:59:01.257+0000] {processor.py:161} INFO - Started process (PID=3166) to work on /home/airflow/.local/lib/python3.8/site-packages/airflow/example_dags/example_sensor_decorator.py
[2025-07-03T17:59:01.258+0000] {processor.py:830} INFO - Processing file /home/airflow/.local/lib/python3.8/site-packages/airflow/example_dags/example_sensor_decorator.py for tasks to queue
[2025-07-03T17:59:01.277+0000] {logging_mixin.py:188} INFO - [2025-07-03T17:59:01.260+0000] {dagbag.py:538} INFO - Filling up the DagBag from /home/airflow/.local/lib/python3.8/site-packages/airflow/example_dags/example_sensor_decorator.py
[2025-07-03T17:59:01.326+0000] {processor.py:840} INFO - DAG(s) 'example_sensor_decorator' retrieved from /home/airflow/.local/lib/python3.8/site-packages/airflow/example_dags/example_sensor_decorator.py
[2025-07-03T17:59:01.461+0000] {logging_mixin.py:188} INFO - [2025-07-03T17:59:01.460+0000] {dag.py:3036} INFO - Sync 1 DAGs
[2025-07-03T17:59:01.564+0000] {logging_mixin.py:188} INFO - [2025-07-03T17:59:01.564+0000] {dag.py:3823} INFO - Setting next_dagrun for example_sensor_decorator to None, run_after=None
[2025-07-03T17:59:01.682+0000] {processor.py:183} INFO - Processing /home/airflow/.local/lib/python3.8/site-packages/airflow/example_dags/example_sensor_decorator.py took 0.444 seconds
[2025-07-03T17:59:32.534+0000] {processor.py:161} INFO - Started process (PID=3231) to work on /home/airflow/.local/lib/python3.8/site-packages/airflow/example_dags/example_sensor_decorator.py
[2025-07-03T17:59:32.541+0000] {processor.py:830} INFO - Processing file /home/airflow/.local/lib/python3.8/site-packages/airflow/example_dags/example_sensor_decorator.py for tasks to queue
[2025-07-03T17:59:32.543+0000] {logging_mixin.py:188} INFO - [2025-07-03T17:59:32.543+0000] {dagbag.py:538} INFO - Filling up the DagBag from /home/airflow/.local/lib/python3.8/site-packages/airflow/example_dags/example_sensor_decorator.py
[2025-07-03T17:59:32.560+0000] {processor.py:840} INFO - DAG(s) 'example_sensor_decorator' retrieved from /home/airflow/.local/lib/python3.8/site-packages/airflow/example_dags/example_sensor_decorator.py
[2025-07-03T17:59:32.622+0000] {logging_mixin.py:188} INFO - [2025-07-03T17:59:32.621+0000] {dag.py:3036} INFO - Sync 1 DAGs
[2025-07-03T17:59:32.659+0000] {logging_mixin.py:188} INFO - [2025-07-03T17:59:32.659+0000] {dag.py:3823} INFO - Setting next_dagrun for example_sensor_decorator to None, run_after=None
[2025-07-03T17:59:32.718+0000] {processor.py:183} INFO - Processing /home/airflow/.local/lib/python3.8/site-packages/airflow/example_dags/example_sensor_decorator.py took 0.188 seconds
[2025-07-03T18:00:04.137+0000] {processor.py:161} INFO - Started process (PID=3294) to work on /home/airflow/.local/lib/python3.8/site-packages/airflow/example_dags/example_sensor_decorator.py
[2025-07-03T18:00:04.141+0000] {processor.py:830} INFO - Processing file /home/airflow/.local/lib/python3.8/site-packages/airflow/example_dags/example_sensor_decorator.py for tasks to queue
[2025-07-03T18:00:04.144+0000] {logging_mixin.py:188} INFO - [2025-07-03T18:00:04.143+0000] {dagbag.py:538} INFO - Filling up the DagBag from /home/airflow/.local/lib/python3.8/site-packages/airflow/example_dags/example_sensor_decorator.py
[2025-07-03T18:00:04.160+0000] {processor.py:840} INFO - DAG(s) 'example_sensor_decorator' retrieved from /home/airflow/.local/lib/python3.8/site-packages/airflow/example_dags/example_sensor_decorator.py
[2025-07-03T18:00:04.242+0000] {logging_mixin.py:188} INFO - [2025-07-03T18:00:04.241+0000] {dag.py:3036} INFO - Sync 1 DAGs
[2025-07-03T18:00:04.281+0000] {logging_mixin.py:188} INFO - [2025-07-03T18:00:04.280+0000] {dag.py:3823} INFO - Setting next_dagrun for example_sensor_decorator to None, run_after=None
[2025-07-03T18:00:04.344+0000] {processor.py:183} INFO - Processing /home/airflow/.local/lib/python3.8/site-packages/airflow/example_dags/example_sensor_decorator.py took 0.212 seconds
[2025-07-03T18:00:34.805+0000] {processor.py:161} INFO - Started process (PID=3358) to work on /home/airflow/.local/lib/python3.8/site-packages/airflow/example_dags/example_sensor_decorator.py
[2025-07-03T18:00:34.813+0000] {processor.py:830} INFO - Processing file /home/airflow/.local/lib/python3.8/site-packages/airflow/example_dags/example_sensor_decorator.py for tasks to queue
[2025-07-03T18:00:34.816+0000] {logging_mixin.py:188} INFO - [2025-07-03T18:00:34.816+0000] {dagbag.py:538} INFO - Filling up the DagBag from /home/airflow/.local/lib/python3.8/site-packages/airflow/example_dags/example_sensor_decorator.py
[2025-07-03T18:00:34.833+0000] {processor.py:840} INFO - DAG(s) 'example_sensor_decorator' retrieved from /home/airflow/.local/lib/python3.8/site-packages/airflow/example_dags/example_sensor_decorator.py
[2025-07-03T18:00:34.891+0000] {logging_mixin.py:188} INFO - [2025-07-03T18:00:34.891+0000] {dag.py:3036} INFO - Sync 1 DAGs
[2025-07-03T18:00:34.927+0000] {logging_mixin.py:188} INFO - [2025-07-03T18:00:34.926+0000] {dag.py:3823} INFO - Setting next_dagrun for example_sensor_decorator to None, run_after=None
[2025-07-03T18:00:34.974+0000] {processor.py:183} INFO - Processing /home/airflow/.local/lib/python3.8/site-packages/airflow/example_dags/example_sensor_decorator.py took 0.184 seconds
[2025-07-03T18:01:05.369+0000] {processor.py:161} INFO - Started process (PID=3415) to work on /home/airflow/.local/lib/python3.8/site-packages/airflow/example_dags/example_sensor_decorator.py
[2025-07-03T18:01:05.370+0000] {processor.py:830} INFO - Processing file /home/airflow/.local/lib/python3.8/site-packages/airflow/example_dags/example_sensor_decorator.py for tasks to queue
[2025-07-03T18:01:05.373+0000] {logging_mixin.py:188} INFO - [2025-07-03T18:01:05.372+0000] {dagbag.py:538} INFO - Filling up the DagBag from /home/airflow/.local/lib/python3.8/site-packages/airflow/example_dags/example_sensor_decorator.py
[2025-07-03T18:01:05.381+0000] {processor.py:840} INFO - DAG(s) 'example_sensor_decorator' retrieved from /home/airflow/.local/lib/python3.8/site-packages/airflow/example_dags/example_sensor_decorator.py
[2025-07-03T18:01:05.411+0000] {logging_mixin.py:188} INFO - [2025-07-03T18:01:05.411+0000] {dag.py:3036} INFO - Sync 1 DAGs
[2025-07-03T18:01:05.435+0000] {logging_mixin.py:188} INFO - [2025-07-03T18:01:05.434+0000] {dag.py:3823} INFO - Setting next_dagrun for example_sensor_decorator to None, run_after=None
[2025-07-03T18:01:05.465+0000] {processor.py:183} INFO - Processing /home/airflow/.local/lib/python3.8/site-packages/airflow/example_dags/example_sensor_decorator.py took 0.101 seconds
[2025-07-03T18:01:36.469+0000] {processor.py:161} INFO - Started process (PID=3479) to work on /home/airflow/.local/lib/python3.8/site-packages/airflow/example_dags/example_sensor_decorator.py
[2025-07-03T18:01:36.484+0000] {processor.py:830} INFO - Processing file /home/airflow/.local/lib/python3.8/site-packages/airflow/example_dags/example_sensor_decorator.py for tasks to queue
[2025-07-03T18:01:36.494+0000] {logging_mixin.py:188} INFO - [2025-07-03T18:01:36.493+0000] {dagbag.py:538} INFO - Filling up the DagBag from /home/airflow/.local/lib/python3.8/site-packages/airflow/example_dags/example_sensor_decorator.py
[2025-07-03T18:01:36.515+0000] {processor.py:840} INFO - DAG(s) 'example_sensor_decorator' retrieved from /home/airflow/.local/lib/python3.8/site-packages/airflow/example_dags/example_sensor_decorator.py
[2025-07-03T18:01:36.615+0000] {logging_mixin.py:188} INFO - [2025-07-03T18:01:36.614+0000] {dag.py:3036} INFO - Sync 1 DAGs
[2025-07-03T18:01:36.719+0000] {logging_mixin.py:188} INFO - [2025-07-03T18:01:36.719+0000] {dag.py:3823} INFO - Setting next_dagrun for example_sensor_decorator to None, run_after=None
[2025-07-03T18:01:36.805+0000] {processor.py:183} INFO - Processing /home/airflow/.local/lib/python3.8/site-packages/airflow/example_dags/example_sensor_decorator.py took 0.345 seconds
[2025-07-03T18:02:08.718+0000] {processor.py:161} INFO - Started process (PID=3544) to work on /home/airflow/.local/lib/python3.8/site-packages/airflow/example_dags/example_sensor_decorator.py
[2025-07-03T18:02:08.733+0000] {processor.py:830} INFO - Processing file /home/airflow/.local/lib/python3.8/site-packages/airflow/example_dags/example_sensor_decorator.py for tasks to queue
[2025-07-03T18:02:08.736+0000] {logging_mixin.py:188} INFO - [2025-07-03T18:02:08.735+0000] {dagbag.py:538} INFO - Filling up the DagBag from /home/airflow/.local/lib/python3.8/site-packages/airflow/example_dags/example_sensor_decorator.py
[2025-07-03T18:02:08.753+0000] {processor.py:840} INFO - DAG(s) 'example_sensor_decorator' retrieved from /home/airflow/.local/lib/python3.8/site-packages/airflow/example_dags/example_sensor_decorator.py
[2025-07-03T18:02:08.807+0000] {logging_mixin.py:188} INFO - [2025-07-03T18:02:08.806+0000] {dag.py:3036} INFO - Sync 1 DAGs
[2025-07-03T18:02:08.876+0000] {logging_mixin.py:188} INFO - [2025-07-03T18:02:08.875+0000] {dag.py:3823} INFO - Setting next_dagrun for example_sensor_decorator to None, run_after=None
[2025-07-03T18:02:09.370+0000] {processor.py:183} INFO - Processing /home/airflow/.local/lib/python3.8/site-packages/airflow/example_dags/example_sensor_decorator.py took 0.660 seconds
[2025-07-03T18:02:39.840+0000] {processor.py:161} INFO - Started process (PID=3602) to work on /home/airflow/.local/lib/python3.8/site-packages/airflow/example_dags/example_sensor_decorator.py
[2025-07-03T18:02:39.841+0000] {processor.py:830} INFO - Processing file /home/airflow/.local/lib/python3.8/site-packages/airflow/example_dags/example_sensor_decorator.py for tasks to queue
[2025-07-03T18:02:39.844+0000] {logging_mixin.py:188} INFO - [2025-07-03T18:02:39.843+0000] {dagbag.py:538} INFO - Filling up the DagBag from /home/airflow/.local/lib/python3.8/site-packages/airflow/example_dags/example_sensor_decorator.py
[2025-07-03T18:02:39.878+0000] {processor.py:840} INFO - DAG(s) 'example_sensor_decorator' retrieved from /home/airflow/.local/lib/python3.8/site-packages/airflow/example_dags/example_sensor_decorator.py
[2025-07-03T18:02:39.933+0000] {logging_mixin.py:188} INFO - [2025-07-03T18:02:39.932+0000] {dag.py:3036} INFO - Sync 1 DAGs
[2025-07-03T18:02:39.961+0000] {logging_mixin.py:188} INFO - [2025-07-03T18:02:39.959+0000] {dag.py:3823} INFO - Setting next_dagrun for example_sensor_decorator to None, run_after=None
[2025-07-03T18:02:40.006+0000] {processor.py:183} INFO - Processing /home/airflow/.local/lib/python3.8/site-packages/airflow/example_dags/example_sensor_decorator.py took 0.171 seconds
[2025-07-03T18:03:11.420+0000] {processor.py:161} INFO - Started process (PID=3667) to work on /home/airflow/.local/lib/python3.8/site-packages/airflow/example_dags/example_sensor_decorator.py
[2025-07-03T18:03:11.437+0000] {processor.py:830} INFO - Processing file /home/airflow/.local/lib/python3.8/site-packages/airflow/example_dags/example_sensor_decorator.py for tasks to queue
[2025-07-03T18:03:11.441+0000] {logging_mixin.py:188} INFO - [2025-07-03T18:03:11.440+0000] {dagbag.py:538} INFO - Filling up the DagBag from /home/airflow/.local/lib/python3.8/site-packages/airflow/example_dags/example_sensor_decorator.py
[2025-07-03T18:03:11.476+0000] {processor.py:840} INFO - DAG(s) 'example_sensor_decorator' retrieved from /home/airflow/.local/lib/python3.8/site-packages/airflow/example_dags/example_sensor_decorator.py
[2025-07-03T18:03:11.679+0000] {logging_mixin.py:188} INFO - [2025-07-03T18:03:11.679+0000] {dag.py:3036} INFO - Sync 1 DAGs
[2025-07-03T18:03:11.808+0000] {logging_mixin.py:188} INFO - [2025-07-03T18:03:11.807+0000] {dag.py:3823} INFO - Setting next_dagrun for example_sensor_decorator to None, run_after=None
[2025-07-03T18:03:12.169+0000] {processor.py:183} INFO - Processing /home/airflow/.local/lib/python3.8/site-packages/airflow/example_dags/example_sensor_decorator.py took 0.779 seconds
[2025-07-03T18:04:40.750+0000] {processor.py:161} INFO - Started process (PID=3747) to work on /home/airflow/.local/lib/python3.8/site-packages/airflow/example_dags/example_sensor_decorator.py
[2025-07-03T18:04:40.833+0000] {processor.py:830} INFO - Processing file /home/airflow/.local/lib/python3.8/site-packages/airflow/example_dags/example_sensor_decorator.py for tasks to queue
[2025-07-03T18:04:40.851+0000] {logging_mixin.py:188} INFO - [2025-07-03T18:04:40.851+0000] {dagbag.py:538} INFO - Filling up the DagBag from /home/airflow/.local/lib/python3.8/site-packages/airflow/example_dags/example_sensor_decorator.py
[2025-07-03T18:04:41.105+0000] {processor.py:840} INFO - DAG(s) 'example_sensor_decorator' retrieved from /home/airflow/.local/lib/python3.8/site-packages/airflow/example_dags/example_sensor_decorator.py
[2025-07-03T18:04:41.638+0000] {logging_mixin.py:188} INFO - [2025-07-03T18:04:41.638+0000] {dag.py:3036} INFO - Sync 1 DAGs
[2025-07-03T18:04:42.072+0000] {logging_mixin.py:188} INFO - [2025-07-03T18:04:42.072+0000] {dag.py:3823} INFO - Setting next_dagrun for example_sensor_decorator to None, run_after=None
[2025-07-03T18:04:42.838+0000] {processor.py:183} INFO - Processing /home/airflow/.local/lib/python3.8/site-packages/airflow/example_dags/example_sensor_decorator.py took 2.204 seconds
[2025-07-03T18:07:09.491+0000] {processor.py:161} INFO - Started process (PID=3866) to work on /home/airflow/.local/lib/python3.8/site-packages/airflow/example_dags/example_sensor_decorator.py
[2025-07-03T18:07:09.534+0000] {processor.py:830} INFO - Processing file /home/airflow/.local/lib/python3.8/site-packages/airflow/example_dags/example_sensor_decorator.py for tasks to queue
[2025-07-03T18:07:09.598+0000] {logging_mixin.py:188} INFO - [2025-07-03T18:07:09.597+0000] {dagbag.py:538} INFO - Filling up the DagBag from /home/airflow/.local/lib/python3.8/site-packages/airflow/example_dags/example_sensor_decorator.py
[2025-07-03T18:07:09.855+0000] {processor.py:840} INFO - DAG(s) 'example_sensor_decorator' retrieved from /home/airflow/.local/lib/python3.8/site-packages/airflow/example_dags/example_sensor_decorator.py
[2025-07-03T18:07:10.811+0000] {logging_mixin.py:188} INFO - [2025-07-03T18:07:10.811+0000] {dag.py:3036} INFO - Sync 1 DAGs
[2025-07-03T18:07:11.472+0000] {logging_mixin.py:188} INFO - [2025-07-03T18:07:11.472+0000] {dag.py:3823} INFO - Setting next_dagrun for example_sensor_decorator to None, run_after=None
[2025-07-03T18:07:12.885+0000] {processor.py:183} INFO - Processing /home/airflow/.local/lib/python3.8/site-packages/airflow/example_dags/example_sensor_decorator.py took 3.524 seconds
[2025-07-03T18:21:14.763+0000] {processor.py:161} INFO - Started process (PID=129) to work on /home/airflow/.local/lib/python3.8/site-packages/airflow/example_dags/example_sensor_decorator.py
[2025-07-03T18:21:14.765+0000] {processor.py:830} INFO - Processing file /home/airflow/.local/lib/python3.8/site-packages/airflow/example_dags/example_sensor_decorator.py for tasks to queue
[2025-07-03T18:21:14.767+0000] {logging_mixin.py:188} INFO - [2025-07-03T18:21:14.767+0000] {dagbag.py:538} INFO - Filling up the DagBag from /home/airflow/.local/lib/python3.8/site-packages/airflow/example_dags/example_sensor_decorator.py
[2025-07-03T18:21:14.781+0000] {processor.py:840} INFO - DAG(s) 'example_sensor_decorator' retrieved from /home/airflow/.local/lib/python3.8/site-packages/airflow/example_dags/example_sensor_decorator.py
[2025-07-03T18:21:14.813+0000] {logging_mixin.py:188} INFO - [2025-07-03T18:21:14.812+0000] {dag.py:3036} INFO - Sync 1 DAGs
[2025-07-03T18:21:14.836+0000] {logging_mixin.py:188} INFO - [2025-07-03T18:21:14.835+0000] {dag.py:3823} INFO - Setting next_dagrun for example_sensor_decorator to None, run_after=None
[2025-07-03T18:21:14.867+0000] {processor.py:183} INFO - Processing /home/airflow/.local/lib/python3.8/site-packages/airflow/example_dags/example_sensor_decorator.py took 0.109 seconds
[2025-07-03T18:21:45.680+0000] {processor.py:161} INFO - Started process (PID=194) to work on /home/airflow/.local/lib/python3.8/site-packages/airflow/example_dags/example_sensor_decorator.py
[2025-07-03T18:21:45.681+0000] {processor.py:830} INFO - Processing file /home/airflow/.local/lib/python3.8/site-packages/airflow/example_dags/example_sensor_decorator.py for tasks to queue
[2025-07-03T18:21:45.683+0000] {logging_mixin.py:188} INFO - [2025-07-03T18:21:45.683+0000] {dagbag.py:538} INFO - Filling up the DagBag from /home/airflow/.local/lib/python3.8/site-packages/airflow/example_dags/example_sensor_decorator.py
[2025-07-03T18:21:45.692+0000] {processor.py:840} INFO - DAG(s) 'example_sensor_decorator' retrieved from /home/airflow/.local/lib/python3.8/site-packages/airflow/example_dags/example_sensor_decorator.py
[2025-07-03T18:21:45.722+0000] {logging_mixin.py:188} INFO - [2025-07-03T18:21:45.722+0000] {dag.py:3036} INFO - Sync 1 DAGs
[2025-07-03T18:21:45.746+0000] {logging_mixin.py:188} INFO - [2025-07-03T18:21:45.745+0000] {dag.py:3823} INFO - Setting next_dagrun for example_sensor_decorator to None, run_after=None
[2025-07-03T18:21:45.777+0000] {processor.py:183} INFO - Processing /home/airflow/.local/lib/python3.8/site-packages/airflow/example_dags/example_sensor_decorator.py took 0.101 seconds
[2025-07-03T18:22:15.997+0000] {processor.py:161} INFO - Started process (PID=259) to work on /home/airflow/.local/lib/python3.8/site-packages/airflow/example_dags/example_sensor_decorator.py
[2025-07-03T18:22:15.998+0000] {processor.py:830} INFO - Processing file /home/airflow/.local/lib/python3.8/site-packages/airflow/example_dags/example_sensor_decorator.py for tasks to queue
[2025-07-03T18:22:16.000+0000] {logging_mixin.py:188} INFO - [2025-07-03T18:22:16.000+0000] {dagbag.py:538} INFO - Filling up the DagBag from /home/airflow/.local/lib/python3.8/site-packages/airflow/example_dags/example_sensor_decorator.py
[2025-07-03T18:22:16.009+0000] {processor.py:840} INFO - DAG(s) 'example_sensor_decorator' retrieved from /home/airflow/.local/lib/python3.8/site-packages/airflow/example_dags/example_sensor_decorator.py
[2025-07-03T18:22:16.047+0000] {logging_mixin.py:188} INFO - [2025-07-03T18:22:16.046+0000] {dag.py:3036} INFO - Sync 1 DAGs
[2025-07-03T18:22:16.072+0000] {logging_mixin.py:188} INFO - [2025-07-03T18:22:16.071+0000] {dag.py:3823} INFO - Setting next_dagrun for example_sensor_decorator to None, run_after=None
[2025-07-03T18:22:16.100+0000] {processor.py:183} INFO - Processing /home/airflow/.local/lib/python3.8/site-packages/airflow/example_dags/example_sensor_decorator.py took 0.108 seconds
[2025-07-03T18:22:47.953+0000] {processor.py:161} INFO - Started process (PID=326) to work on /home/airflow/.local/lib/python3.8/site-packages/airflow/example_dags/example_sensor_decorator.py
[2025-07-03T18:22:47.957+0000] {processor.py:830} INFO - Processing file /home/airflow/.local/lib/python3.8/site-packages/airflow/example_dags/example_sensor_decorator.py for tasks to queue
[2025-07-03T18:22:47.960+0000] {logging_mixin.py:188} INFO - [2025-07-03T18:22:47.959+0000] {dagbag.py:538} INFO - Filling up the DagBag from /home/airflow/.local/lib/python3.8/site-packages/airflow/example_dags/example_sensor_decorator.py
[2025-07-03T18:22:47.976+0000] {processor.py:840} INFO - DAG(s) 'example_sensor_decorator' retrieved from /home/airflow/.local/lib/python3.8/site-packages/airflow/example_dags/example_sensor_decorator.py
[2025-07-03T18:22:48.080+0000] {logging_mixin.py:188} INFO - [2025-07-03T18:22:48.079+0000] {dag.py:3036} INFO - Sync 1 DAGs
[2025-07-03T18:22:48.142+0000] {logging_mixin.py:188} INFO - [2025-07-03T18:22:48.141+0000] {dag.py:3823} INFO - Setting next_dagrun for example_sensor_decorator to None, run_after=None
[2025-07-03T18:22:48.251+0000] {processor.py:183} INFO - Processing /home/airflow/.local/lib/python3.8/site-packages/airflow/example_dags/example_sensor_decorator.py took 0.310 seconds
[2025-07-03T18:23:18.708+0000] {processor.py:161} INFO - Started process (PID=399) to work on /home/airflow/.local/lib/python3.8/site-packages/airflow/example_dags/example_sensor_decorator.py
[2025-07-03T18:23:18.709+0000] {processor.py:830} INFO - Processing file /home/airflow/.local/lib/python3.8/site-packages/airflow/example_dags/example_sensor_decorator.py for tasks to queue
[2025-07-03T18:23:18.718+0000] {logging_mixin.py:188} INFO - [2025-07-03T18:23:18.718+0000] {dagbag.py:538} INFO - Filling up the DagBag from /home/airflow/.local/lib/python3.8/site-packages/airflow/example_dags/example_sensor_decorator.py
[2025-07-03T18:23:18.765+0000] {processor.py:840} INFO - DAG(s) 'example_sensor_decorator' retrieved from /home/airflow/.local/lib/python3.8/site-packages/airflow/example_dags/example_sensor_decorator.py
[2025-07-03T18:23:18.846+0000] {logging_mixin.py:188} INFO - [2025-07-03T18:23:18.845+0000] {dag.py:3036} INFO - Sync 1 DAGs
[2025-07-03T18:23:18.923+0000] {logging_mixin.py:188} INFO - [2025-07-03T18:23:18.922+0000] {dag.py:3823} INFO - Setting next_dagrun for example_sensor_decorator to None, run_after=None
[2025-07-03T18:23:19.006+0000] {processor.py:183} INFO - Processing /home/airflow/.local/lib/python3.8/site-packages/airflow/example_dags/example_sensor_decorator.py took 0.303 seconds
[2025-07-03T18:23:49.988+0000] {processor.py:161} INFO - Started process (PID=465) to work on /home/airflow/.local/lib/python3.8/site-packages/airflow/example_dags/example_sensor_decorator.py
[2025-07-03T18:23:49.993+0000] {processor.py:830} INFO - Processing file /home/airflow/.local/lib/python3.8/site-packages/airflow/example_dags/example_sensor_decorator.py for tasks to queue
[2025-07-03T18:23:49.996+0000] {logging_mixin.py:188} INFO - [2025-07-03T18:23:49.995+0000] {dagbag.py:538} INFO - Filling up the DagBag from /home/airflow/.local/lib/python3.8/site-packages/airflow/example_dags/example_sensor_decorator.py
[2025-07-03T18:23:50.013+0000] {processor.py:840} INFO - DAG(s) 'example_sensor_decorator' retrieved from /home/airflow/.local/lib/python3.8/site-packages/airflow/example_dags/example_sensor_decorator.py
[2025-07-03T18:23:50.071+0000] {logging_mixin.py:188} INFO - [2025-07-03T18:23:50.071+0000] {dag.py:3036} INFO - Sync 1 DAGs
[2025-07-03T18:23:50.118+0000] {logging_mixin.py:188} INFO - [2025-07-03T18:23:50.117+0000] {dag.py:3823} INFO - Setting next_dagrun for example_sensor_decorator to None, run_after=None
[2025-07-03T18:23:50.165+0000] {processor.py:183} INFO - Processing /home/airflow/.local/lib/python3.8/site-packages/airflow/example_dags/example_sensor_decorator.py took 0.192 seconds
[2025-07-03T18:24:20.631+0000] {processor.py:161} INFO - Started process (PID=531) to work on /home/airflow/.local/lib/python3.8/site-packages/airflow/example_dags/example_sensor_decorator.py
[2025-07-03T18:24:20.632+0000] {processor.py:830} INFO - Processing file /home/airflow/.local/lib/python3.8/site-packages/airflow/example_dags/example_sensor_decorator.py for tasks to queue
[2025-07-03T18:24:20.635+0000] {logging_mixin.py:188} INFO - [2025-07-03T18:24:20.634+0000] {dagbag.py:538} INFO - Filling up the DagBag from /home/airflow/.local/lib/python3.8/site-packages/airflow/example_dags/example_sensor_decorator.py
[2025-07-03T18:24:20.648+0000] {processor.py:840} INFO - DAG(s) 'example_sensor_decorator' retrieved from /home/airflow/.local/lib/python3.8/site-packages/airflow/example_dags/example_sensor_decorator.py
[2025-07-03T18:24:20.696+0000] {logging_mixin.py:188} INFO - [2025-07-03T18:24:20.696+0000] {dag.py:3036} INFO - Sync 1 DAGs
[2025-07-03T18:24:20.735+0000] {logging_mixin.py:188} INFO - [2025-07-03T18:24:20.734+0000] {dag.py:3823} INFO - Setting next_dagrun for example_sensor_decorator to None, run_after=None
[2025-07-03T18:24:20.863+0000] {processor.py:183} INFO - Processing /home/airflow/.local/lib/python3.8/site-packages/airflow/example_dags/example_sensor_decorator.py took 0.237 seconds
