[2025-07-03T17:35:55.759+0000] {processor.py:161} INFO - Started process (PID=262) to work on /home/airflow/.local/lib/python3.8/site-packages/airflow/example_dags/example_sla_dag.py
[2025-07-03T17:35:55.773+0000] {processor.py:830} INFO - Processing file /home/airflow/.local/lib/python3.8/site-packages/airflow/example_dags/example_sla_dag.py for tasks to queue
[2025-07-03T17:35:55.782+0000] {logging_mixin.py:188} INFO - [2025-07-03T17:35:55.781+0000] {dagbag.py:538} INFO - Filling up the DagBag from /home/airflow/.local/lib/python3.8/site-packages/airflow/example_dags/example_sla_dag.py
[2025-07-03T17:35:55.820+0000] {processor.py:840} INFO - DAG(s) 'example_sla_dag' retrieved from /home/airflow/.local/lib/python3.8/site-packages/airflow/example_dags/example_sla_dag.py
[2025-07-03T17:35:56.424+0000] {logging_mixin.py:188} INFO - [2025-07-03T17:35:56.423+0000] {dag.py:3036} INFO - Sync 1 DAGs
[2025-07-03T17:35:56.522+0000] {logging_mixin.py:188} INFO - [2025-07-03T17:35:56.521+0000] {dag.py:3823} INFO - Setting next_dagrun for example_sla_dag to 2025-07-03 17:32:00+00:00, run_after=2025-07-03 17:34:00+00:00
[2025-07-03T17:35:56.591+0000] {processor.py:183} INFO - Processing /home/airflow/.local/lib/python3.8/site-packages/airflow/example_dags/example_sla_dag.py took 0.837 seconds
[2025-07-03T17:36:27.386+0000] {processor.py:161} INFO - Started process (PID=326) to work on /home/airflow/.local/lib/python3.8/site-packages/airflow/example_dags/example_sla_dag.py
[2025-07-03T17:36:27.387+0000] {processor.py:830} INFO - Processing file /home/airflow/.local/lib/python3.8/site-packages/airflow/example_dags/example_sla_dag.py for tasks to queue
[2025-07-03T17:36:27.402+0000] {logging_mixin.py:188} INFO - [2025-07-03T17:36:27.402+0000] {dagbag.py:538} INFO - Filling up the DagBag from /home/airflow/.local/lib/python3.8/site-packages/airflow/example_dags/example_sla_dag.py
[2025-07-03T17:36:27.476+0000] {processor.py:840} INFO - DAG(s) 'example_sla_dag' retrieved from /home/airflow/.local/lib/python3.8/site-packages/airflow/example_dags/example_sla_dag.py
[2025-07-03T17:36:27.658+0000] {logging_mixin.py:188} INFO - [2025-07-03T17:36:27.657+0000] {dag.py:3036} INFO - Sync 1 DAGs
[2025-07-03T17:36:28.010+0000] {logging_mixin.py:188} INFO - [2025-07-03T17:36:28.010+0000] {dag.py:3823} INFO - Setting next_dagrun for example_sla_dag to 2025-07-03 17:34:00+00:00, run_after=2025-07-03 17:36:00+00:00
[2025-07-03T17:36:28.150+0000] {processor.py:183} INFO - Processing /home/airflow/.local/lib/python3.8/site-packages/airflow/example_dags/example_sla_dag.py took 0.777 seconds
[2025-07-03T17:36:58.435+0000] {processor.py:161} INFO - Started process (PID=385) to work on /home/airflow/.local/lib/python3.8/site-packages/airflow/example_dags/example_sla_dag.py
[2025-07-03T17:36:58.437+0000] {processor.py:830} INFO - Processing file /home/airflow/.local/lib/python3.8/site-packages/airflow/example_dags/example_sla_dag.py for tasks to queue
[2025-07-03T17:36:58.440+0000] {logging_mixin.py:188} INFO - [2025-07-03T17:36:58.440+0000] {dagbag.py:538} INFO - Filling up the DagBag from /home/airflow/.local/lib/python3.8/site-packages/airflow/example_dags/example_sla_dag.py
[2025-07-03T17:36:58.455+0000] {processor.py:840} INFO - DAG(s) 'example_sla_dag' retrieved from /home/airflow/.local/lib/python3.8/site-packages/airflow/example_dags/example_sla_dag.py
[2025-07-03T17:36:58.485+0000] {logging_mixin.py:188} INFO - [2025-07-03T17:36:58.485+0000] {dag.py:3036} INFO - Sync 1 DAGs
[2025-07-03T17:36:58.563+0000] {logging_mixin.py:188} INFO - [2025-07-03T17:36:58.562+0000] {dag.py:3823} INFO - Setting next_dagrun for example_sla_dag to 2025-07-03 17:34:00+00:00, run_after=2025-07-03 17:36:00+00:00
[2025-07-03T17:36:58.686+0000] {processor.py:183} INFO - Processing /home/airflow/.local/lib/python3.8/site-packages/airflow/example_dags/example_sla_dag.py took 0.260 seconds
[2025-07-03T17:37:29.747+0000] {processor.py:161} INFO - Started process (PID=446) to work on /home/airflow/.local/lib/python3.8/site-packages/airflow/example_dags/example_sla_dag.py
[2025-07-03T17:37:29.753+0000] {processor.py:830} INFO - Processing file /home/airflow/.local/lib/python3.8/site-packages/airflow/example_dags/example_sla_dag.py for tasks to queue
[2025-07-03T17:37:29.766+0000] {logging_mixin.py:188} INFO - [2025-07-03T17:37:29.765+0000] {dagbag.py:538} INFO - Filling up the DagBag from /home/airflow/.local/lib/python3.8/site-packages/airflow/example_dags/example_sla_dag.py
[2025-07-03T17:37:29.867+0000] {processor.py:840} INFO - DAG(s) 'example_sla_dag' retrieved from /home/airflow/.local/lib/python3.8/site-packages/airflow/example_dags/example_sla_dag.py
[2025-07-03T17:37:30.129+0000] {logging_mixin.py:188} INFO - [2025-07-03T17:37:30.112+0000] {dag.py:3036} INFO - Sync 1 DAGs
[2025-07-03T17:37:30.426+0000] {logging_mixin.py:188} INFO - [2025-07-03T17:37:30.426+0000] {dag.py:3823} INFO - Setting next_dagrun for example_sla_dag to 2025-07-03 17:34:00+00:00, run_after=2025-07-03 17:36:00+00:00
[2025-07-03T17:37:30.602+0000] {processor.py:183} INFO - Processing /home/airflow/.local/lib/python3.8/site-packages/airflow/example_dags/example_sla_dag.py took 0.883 seconds
[2025-07-03T17:38:00.746+0000] {processor.py:161} INFO - Started process (PID=505) to work on /home/airflow/.local/lib/python3.8/site-packages/airflow/example_dags/example_sla_dag.py
[2025-07-03T17:38:00.748+0000] {processor.py:830} INFO - Processing file /home/airflow/.local/lib/python3.8/site-packages/airflow/example_dags/example_sla_dag.py for tasks to queue
[2025-07-03T17:38:00.751+0000] {logging_mixin.py:188} INFO - [2025-07-03T17:38:00.750+0000] {dagbag.py:538} INFO - Filling up the DagBag from /home/airflow/.local/lib/python3.8/site-packages/airflow/example_dags/example_sla_dag.py
[2025-07-03T17:38:00.764+0000] {processor.py:840} INFO - DAG(s) 'example_sla_dag' retrieved from /home/airflow/.local/lib/python3.8/site-packages/airflow/example_dags/example_sla_dag.py
[2025-07-03T17:38:00.796+0000] {logging_mixin.py:188} INFO - [2025-07-03T17:38:00.795+0000] {dag.py:3036} INFO - Sync 1 DAGs
[2025-07-03T17:38:00.846+0000] {logging_mixin.py:188} INFO - [2025-07-03T17:38:00.845+0000] {dag.py:3823} INFO - Setting next_dagrun for example_sla_dag to 2025-07-03 17:36:00+00:00, run_after=2025-07-03 17:38:00+00:00
[2025-07-03T17:38:00.875+0000] {processor.py:183} INFO - Processing /home/airflow/.local/lib/python3.8/site-packages/airflow/example_dags/example_sla_dag.py took 0.134 seconds
[2025-07-03T17:38:31.074+0000] {processor.py:161} INFO - Started process (PID=569) to work on /home/airflow/.local/lib/python3.8/site-packages/airflow/example_dags/example_sla_dag.py
[2025-07-03T17:38:31.079+0000] {processor.py:830} INFO - Processing file /home/airflow/.local/lib/python3.8/site-packages/airflow/example_dags/example_sla_dag.py for tasks to queue
[2025-07-03T17:38:31.097+0000] {logging_mixin.py:188} INFO - [2025-07-03T17:38:31.096+0000] {dagbag.py:538} INFO - Filling up the DagBag from /home/airflow/.local/lib/python3.8/site-packages/airflow/example_dags/example_sla_dag.py
[2025-07-03T17:38:31.123+0000] {processor.py:840} INFO - DAG(s) 'example_sla_dag' retrieved from /home/airflow/.local/lib/python3.8/site-packages/airflow/example_dags/example_sla_dag.py
[2025-07-03T17:38:31.236+0000] {logging_mixin.py:188} INFO - [2025-07-03T17:38:31.236+0000] {dag.py:3036} INFO - Sync 1 DAGs
[2025-07-03T17:38:31.357+0000] {logging_mixin.py:188} INFO - [2025-07-03T17:38:31.356+0000] {dag.py:3823} INFO - Setting next_dagrun for example_sla_dag to 2025-07-03 17:36:00+00:00, run_after=2025-07-03 17:38:00+00:00
[2025-07-03T17:38:31.428+0000] {processor.py:183} INFO - Processing /home/airflow/.local/lib/python3.8/site-packages/airflow/example_dags/example_sla_dag.py took 0.370 seconds
[2025-07-03T17:39:02.026+0000] {processor.py:161} INFO - Started process (PID=625) to work on /home/airflow/.local/lib/python3.8/site-packages/airflow/example_dags/example_sla_dag.py
[2025-07-03T17:39:02.028+0000] {processor.py:830} INFO - Processing file /home/airflow/.local/lib/python3.8/site-packages/airflow/example_dags/example_sla_dag.py for tasks to queue
[2025-07-03T17:39:02.030+0000] {logging_mixin.py:188} INFO - [2025-07-03T17:39:02.030+0000] {dagbag.py:538} INFO - Filling up the DagBag from /home/airflow/.local/lib/python3.8/site-packages/airflow/example_dags/example_sla_dag.py
[2025-07-03T17:39:02.044+0000] {processor.py:840} INFO - DAG(s) 'example_sla_dag' retrieved from /home/airflow/.local/lib/python3.8/site-packages/airflow/example_dags/example_sla_dag.py
[2025-07-03T17:39:02.075+0000] {logging_mixin.py:188} INFO - [2025-07-03T17:39:02.075+0000] {dag.py:3036} INFO - Sync 1 DAGs
[2025-07-03T17:39:02.127+0000] {logging_mixin.py:188} INFO - [2025-07-03T17:39:02.127+0000] {dag.py:3823} INFO - Setting next_dagrun for example_sla_dag to 2025-07-03 17:36:00+00:00, run_after=2025-07-03 17:38:00+00:00
[2025-07-03T17:39:02.159+0000] {processor.py:183} INFO - Processing /home/airflow/.local/lib/python3.8/site-packages/airflow/example_dags/example_sla_dag.py took 0.137 seconds
[2025-07-03T17:39:32.877+0000] {processor.py:161} INFO - Started process (PID=690) to work on /home/airflow/.local/lib/python3.8/site-packages/airflow/example_dags/example_sla_dag.py
[2025-07-03T17:39:32.879+0000] {processor.py:830} INFO - Processing file /home/airflow/.local/lib/python3.8/site-packages/airflow/example_dags/example_sla_dag.py for tasks to queue
[2025-07-03T17:39:32.881+0000] {logging_mixin.py:188} INFO - [2025-07-03T17:39:32.880+0000] {dagbag.py:538} INFO - Filling up the DagBag from /home/airflow/.local/lib/python3.8/site-packages/airflow/example_dags/example_sla_dag.py
[2025-07-03T17:39:32.896+0000] {processor.py:840} INFO - DAG(s) 'example_sla_dag' retrieved from /home/airflow/.local/lib/python3.8/site-packages/airflow/example_dags/example_sla_dag.py
[2025-07-03T17:39:32.930+0000] {logging_mixin.py:188} INFO - [2025-07-03T17:39:32.929+0000] {dag.py:3036} INFO - Sync 1 DAGs
[2025-07-03T17:39:32.981+0000] {logging_mixin.py:188} INFO - [2025-07-03T17:39:32.980+0000] {dag.py:3823} INFO - Setting next_dagrun for example_sla_dag to 2025-07-03 17:36:00+00:00, run_after=2025-07-03 17:38:00+00:00
[2025-07-03T17:39:33.017+0000] {processor.py:183} INFO - Processing /home/airflow/.local/lib/python3.8/site-packages/airflow/example_dags/example_sla_dag.py took 0.145 seconds
[2025-07-03T17:40:03.985+0000] {processor.py:161} INFO - Started process (PID=756) to work on /home/airflow/.local/lib/python3.8/site-packages/airflow/example_dags/example_sla_dag.py
[2025-07-03T17:40:03.987+0000] {processor.py:830} INFO - Processing file /home/airflow/.local/lib/python3.8/site-packages/airflow/example_dags/example_sla_dag.py for tasks to queue
[2025-07-03T17:40:03.989+0000] {logging_mixin.py:188} INFO - [2025-07-03T17:40:03.989+0000] {dagbag.py:538} INFO - Filling up the DagBag from /home/airflow/.local/lib/python3.8/site-packages/airflow/example_dags/example_sla_dag.py
[2025-07-03T17:40:04.004+0000] {processor.py:840} INFO - DAG(s) 'example_sla_dag' retrieved from /home/airflow/.local/lib/python3.8/site-packages/airflow/example_dags/example_sla_dag.py
[2025-07-03T17:40:04.038+0000] {logging_mixin.py:188} INFO - [2025-07-03T17:40:04.037+0000] {dag.py:3036} INFO - Sync 1 DAGs
[2025-07-03T17:40:04.087+0000] {logging_mixin.py:188} INFO - [2025-07-03T17:40:04.086+0000] {dag.py:3823} INFO - Setting next_dagrun for example_sla_dag to 2025-07-03 17:38:00+00:00, run_after=2025-07-03 17:40:00+00:00
[2025-07-03T17:40:04.121+0000] {processor.py:183} INFO - Processing /home/airflow/.local/lib/python3.8/site-packages/airflow/example_dags/example_sla_dag.py took 0.140 seconds
[2025-07-03T17:40:34.213+0000] {processor.py:161} INFO - Started process (PID=822) to work on /home/airflow/.local/lib/python3.8/site-packages/airflow/example_dags/example_sla_dag.py
[2025-07-03T17:40:34.215+0000] {processor.py:830} INFO - Processing file /home/airflow/.local/lib/python3.8/site-packages/airflow/example_dags/example_sla_dag.py for tasks to queue
[2025-07-03T17:40:34.220+0000] {logging_mixin.py:188} INFO - [2025-07-03T17:40:34.220+0000] {dagbag.py:538} INFO - Filling up the DagBag from /home/airflow/.local/lib/python3.8/site-packages/airflow/example_dags/example_sla_dag.py
[2025-07-03T17:40:34.259+0000] {processor.py:840} INFO - DAG(s) 'example_sla_dag' retrieved from /home/airflow/.local/lib/python3.8/site-packages/airflow/example_dags/example_sla_dag.py
[2025-07-03T17:40:34.339+0000] {logging_mixin.py:188} INFO - [2025-07-03T17:40:34.338+0000] {dag.py:3036} INFO - Sync 1 DAGs
[2025-07-03T17:40:34.427+0000] {logging_mixin.py:188} INFO - [2025-07-03T17:40:34.427+0000] {dag.py:3823} INFO - Setting next_dagrun for example_sla_dag to 2025-07-03 17:38:00+00:00, run_after=2025-07-03 17:40:00+00:00
[2025-07-03T17:40:34.485+0000] {processor.py:183} INFO - Processing /home/airflow/.local/lib/python3.8/site-packages/airflow/example_dags/example_sla_dag.py took 0.295 seconds
[2025-07-03T17:41:04.646+0000] {processor.py:161} INFO - Started process (PID=886) to work on /home/airflow/.local/lib/python3.8/site-packages/airflow/example_dags/example_sla_dag.py
[2025-07-03T17:41:04.657+0000] {processor.py:830} INFO - Processing file /home/airflow/.local/lib/python3.8/site-packages/airflow/example_dags/example_sla_dag.py for tasks to queue
[2025-07-03T17:41:04.660+0000] {logging_mixin.py:188} INFO - [2025-07-03T17:41:04.659+0000] {dagbag.py:538} INFO - Filling up the DagBag from /home/airflow/.local/lib/python3.8/site-packages/airflow/example_dags/example_sla_dag.py
[2025-07-03T17:41:04.690+0000] {processor.py:840} INFO - DAG(s) 'example_sla_dag' retrieved from /home/airflow/.local/lib/python3.8/site-packages/airflow/example_dags/example_sla_dag.py
[2025-07-03T17:41:04.728+0000] {logging_mixin.py:188} INFO - [2025-07-03T17:41:04.728+0000] {dag.py:3036} INFO - Sync 1 DAGs
[2025-07-03T17:41:04.812+0000] {logging_mixin.py:188} INFO - [2025-07-03T17:41:04.812+0000] {dag.py:3823} INFO - Setting next_dagrun for example_sla_dag to 2025-07-03 17:38:00+00:00, run_after=2025-07-03 17:40:00+00:00
[2025-07-03T17:41:04.855+0000] {processor.py:183} INFO - Processing /home/airflow/.local/lib/python3.8/site-packages/airflow/example_dags/example_sla_dag.py took 0.214 seconds
[2025-07-03T17:41:35.426+0000] {processor.py:161} INFO - Started process (PID=953) to work on /home/airflow/.local/lib/python3.8/site-packages/airflow/example_dags/example_sla_dag.py
[2025-07-03T17:41:35.427+0000] {processor.py:830} INFO - Processing file /home/airflow/.local/lib/python3.8/site-packages/airflow/example_dags/example_sla_dag.py for tasks to queue
[2025-07-03T17:41:35.430+0000] {logging_mixin.py:188} INFO - [2025-07-03T17:41:35.430+0000] {dagbag.py:538} INFO - Filling up the DagBag from /home/airflow/.local/lib/python3.8/site-packages/airflow/example_dags/example_sla_dag.py
[2025-07-03T17:41:35.444+0000] {processor.py:840} INFO - DAG(s) 'example_sla_dag' retrieved from /home/airflow/.local/lib/python3.8/site-packages/airflow/example_dags/example_sla_dag.py
[2025-07-03T17:41:35.475+0000] {logging_mixin.py:188} INFO - [2025-07-03T17:41:35.475+0000] {dag.py:3036} INFO - Sync 1 DAGs
[2025-07-03T17:41:35.523+0000] {logging_mixin.py:188} INFO - [2025-07-03T17:41:35.523+0000] {dag.py:3823} INFO - Setting next_dagrun for example_sla_dag to 2025-07-03 17:38:00+00:00, run_after=2025-07-03 17:40:00+00:00
[2025-07-03T17:41:35.551+0000] {processor.py:183} INFO - Processing /home/airflow/.local/lib/python3.8/site-packages/airflow/example_dags/example_sla_dag.py took 0.130 seconds
[2025-07-03T17:42:06.212+0000] {processor.py:161} INFO - Started process (PID=1019) to work on /home/airflow/.local/lib/python3.8/site-packages/airflow/example_dags/example_sla_dag.py
[2025-07-03T17:42:06.214+0000] {processor.py:830} INFO - Processing file /home/airflow/.local/lib/python3.8/site-packages/airflow/example_dags/example_sla_dag.py for tasks to queue
[2025-07-03T17:42:06.216+0000] {logging_mixin.py:188} INFO - [2025-07-03T17:42:06.216+0000] {dagbag.py:538} INFO - Filling up the DagBag from /home/airflow/.local/lib/python3.8/site-packages/airflow/example_dags/example_sla_dag.py
[2025-07-03T17:42:06.230+0000] {processor.py:840} INFO - DAG(s) 'example_sla_dag' retrieved from /home/airflow/.local/lib/python3.8/site-packages/airflow/example_dags/example_sla_dag.py
[2025-07-03T17:42:06.260+0000] {logging_mixin.py:188} INFO - [2025-07-03T17:42:06.260+0000] {dag.py:3036} INFO - Sync 1 DAGs
[2025-07-03T17:42:06.312+0000] {logging_mixin.py:188} INFO - [2025-07-03T17:42:06.311+0000] {dag.py:3823} INFO - Setting next_dagrun for example_sla_dag to 2025-07-03 17:40:00+00:00, run_after=2025-07-03 17:42:00+00:00
[2025-07-03T17:42:06.343+0000] {processor.py:183} INFO - Processing /home/airflow/.local/lib/python3.8/site-packages/airflow/example_dags/example_sla_dag.py took 0.135 seconds
[2025-07-03T17:42:37.270+0000] {processor.py:161} INFO - Started process (PID=1084) to work on /home/airflow/.local/lib/python3.8/site-packages/airflow/example_dags/example_sla_dag.py
[2025-07-03T17:42:37.272+0000] {processor.py:830} INFO - Processing file /home/airflow/.local/lib/python3.8/site-packages/airflow/example_dags/example_sla_dag.py for tasks to queue
[2025-07-03T17:42:37.274+0000] {logging_mixin.py:188} INFO - [2025-07-03T17:42:37.274+0000] {dagbag.py:538} INFO - Filling up the DagBag from /home/airflow/.local/lib/python3.8/site-packages/airflow/example_dags/example_sla_dag.py
[2025-07-03T17:42:37.306+0000] {processor.py:840} INFO - DAG(s) 'example_sla_dag' retrieved from /home/airflow/.local/lib/python3.8/site-packages/airflow/example_dags/example_sla_dag.py
[2025-07-03T17:42:37.369+0000] {logging_mixin.py:188} INFO - [2025-07-03T17:42:37.368+0000] {dag.py:3036} INFO - Sync 1 DAGs
[2025-07-03T17:42:37.441+0000] {logging_mixin.py:188} INFO - [2025-07-03T17:42:37.441+0000] {dag.py:3823} INFO - Setting next_dagrun for example_sla_dag to 2025-07-03 17:40:00+00:00, run_after=2025-07-03 17:42:00+00:00
[2025-07-03T17:42:37.473+0000] {processor.py:183} INFO - Processing /home/airflow/.local/lib/python3.8/site-packages/airflow/example_dags/example_sla_dag.py took 0.219 seconds
[2025-07-03T17:43:08.836+0000] {processor.py:161} INFO - Started process (PID=1149) to work on /home/airflow/.local/lib/python3.8/site-packages/airflow/example_dags/example_sla_dag.py
[2025-07-03T17:43:08.838+0000] {processor.py:830} INFO - Processing file /home/airflow/.local/lib/python3.8/site-packages/airflow/example_dags/example_sla_dag.py for tasks to queue
[2025-07-03T17:43:08.840+0000] {logging_mixin.py:188} INFO - [2025-07-03T17:43:08.839+0000] {dagbag.py:538} INFO - Filling up the DagBag from /home/airflow/.local/lib/python3.8/site-packages/airflow/example_dags/example_sla_dag.py
[2025-07-03T17:43:08.853+0000] {processor.py:840} INFO - DAG(s) 'example_sla_dag' retrieved from /home/airflow/.local/lib/python3.8/site-packages/airflow/example_dags/example_sla_dag.py
[2025-07-03T17:43:08.883+0000] {logging_mixin.py:188} INFO - [2025-07-03T17:43:08.883+0000] {dag.py:3036} INFO - Sync 1 DAGs
[2025-07-03T17:43:08.930+0000] {logging_mixin.py:188} INFO - [2025-07-03T17:43:08.930+0000] {dag.py:3823} INFO - Setting next_dagrun for example_sla_dag to 2025-07-03 17:40:00+00:00, run_after=2025-07-03 17:42:00+00:00
[2025-07-03T17:43:08.960+0000] {processor.py:183} INFO - Processing /home/airflow/.local/lib/python3.8/site-packages/airflow/example_dags/example_sla_dag.py took 0.129 seconds
[2025-07-03T17:43:39.419+0000] {processor.py:161} INFO - Started process (PID=1213) to work on /home/airflow/.local/lib/python3.8/site-packages/airflow/example_dags/example_sla_dag.py
[2025-07-03T17:43:39.423+0000] {processor.py:830} INFO - Processing file /home/airflow/.local/lib/python3.8/site-packages/airflow/example_dags/example_sla_dag.py for tasks to queue
[2025-07-03T17:43:39.426+0000] {logging_mixin.py:188} INFO - [2025-07-03T17:43:39.425+0000] {dagbag.py:538} INFO - Filling up the DagBag from /home/airflow/.local/lib/python3.8/site-packages/airflow/example_dags/example_sla_dag.py
[2025-07-03T17:43:39.440+0000] {processor.py:840} INFO - DAG(s) 'example_sla_dag' retrieved from /home/airflow/.local/lib/python3.8/site-packages/airflow/example_dags/example_sla_dag.py
[2025-07-03T17:43:39.473+0000] {logging_mixin.py:188} INFO - [2025-07-03T17:43:39.472+0000] {dag.py:3036} INFO - Sync 1 DAGs
[2025-07-03T17:43:39.524+0000] {logging_mixin.py:188} INFO - [2025-07-03T17:43:39.523+0000] {dag.py:3823} INFO - Setting next_dagrun for example_sla_dag to 2025-07-03 17:40:00+00:00, run_after=2025-07-03 17:42:00+00:00
[2025-07-03T17:43:39.556+0000] {processor.py:183} INFO - Processing /home/airflow/.local/lib/python3.8/site-packages/airflow/example_dags/example_sla_dag.py took 0.142 seconds
[2025-07-03T17:44:10.657+0000] {processor.py:161} INFO - Started process (PID=1286) to work on /home/airflow/.local/lib/python3.8/site-packages/airflow/example_dags/example_sla_dag.py
[2025-07-03T17:44:10.663+0000] {processor.py:830} INFO - Processing file /home/airflow/.local/lib/python3.8/site-packages/airflow/example_dags/example_sla_dag.py for tasks to queue
[2025-07-03T17:44:10.665+0000] {logging_mixin.py:188} INFO - [2025-07-03T17:44:10.665+0000] {dagbag.py:538} INFO - Filling up the DagBag from /home/airflow/.local/lib/python3.8/site-packages/airflow/example_dags/example_sla_dag.py
[2025-07-03T17:44:10.698+0000] {processor.py:840} INFO - DAG(s) 'example_sla_dag' retrieved from /home/airflow/.local/lib/python3.8/site-packages/airflow/example_dags/example_sla_dag.py
[2025-07-03T17:44:10.743+0000] {logging_mixin.py:188} INFO - [2025-07-03T17:44:10.743+0000] {dag.py:3036} INFO - Sync 1 DAGs
[2025-07-03T17:44:10.835+0000] {logging_mixin.py:188} INFO - [2025-07-03T17:44:10.834+0000] {dag.py:3823} INFO - Setting next_dagrun for example_sla_dag to 2025-07-03 17:42:00+00:00, run_after=2025-07-03 17:44:00+00:00
[2025-07-03T17:44:10.945+0000] {processor.py:183} INFO - Processing /home/airflow/.local/lib/python3.8/site-packages/airflow/example_dags/example_sla_dag.py took 0.293 seconds
[2025-07-03T17:44:41.095+0000] {processor.py:161} INFO - Started process (PID=1350) to work on /home/airflow/.local/lib/python3.8/site-packages/airflow/example_dags/example_sla_dag.py
[2025-07-03T17:44:41.097+0000] {processor.py:830} INFO - Processing file /home/airflow/.local/lib/python3.8/site-packages/airflow/example_dags/example_sla_dag.py for tasks to queue
[2025-07-03T17:44:41.099+0000] {logging_mixin.py:188} INFO - [2025-07-03T17:44:41.099+0000] {dagbag.py:538} INFO - Filling up the DagBag from /home/airflow/.local/lib/python3.8/site-packages/airflow/example_dags/example_sla_dag.py
[2025-07-03T17:44:41.134+0000] {processor.py:840} INFO - DAG(s) 'example_sla_dag' retrieved from /home/airflow/.local/lib/python3.8/site-packages/airflow/example_dags/example_sla_dag.py
[2025-07-03T17:44:41.200+0000] {logging_mixin.py:188} INFO - [2025-07-03T17:44:41.199+0000] {dag.py:3036} INFO - Sync 1 DAGs
[2025-07-03T17:44:41.254+0000] {logging_mixin.py:188} INFO - [2025-07-03T17:44:41.253+0000] {dag.py:3823} INFO - Setting next_dagrun for example_sla_dag to 2025-07-03 17:42:00+00:00, run_after=2025-07-03 17:44:00+00:00
[2025-07-03T17:44:41.283+0000] {processor.py:183} INFO - Processing /home/airflow/.local/lib/python3.8/site-packages/airflow/example_dags/example_sla_dag.py took 0.194 seconds
[2025-07-03T17:45:11.526+0000] {processor.py:161} INFO - Started process (PID=1408) to work on /home/airflow/.local/lib/python3.8/site-packages/airflow/example_dags/example_sla_dag.py
[2025-07-03T17:45:11.528+0000] {processor.py:830} INFO - Processing file /home/airflow/.local/lib/python3.8/site-packages/airflow/example_dags/example_sla_dag.py for tasks to queue
[2025-07-03T17:45:11.530+0000] {logging_mixin.py:188} INFO - [2025-07-03T17:45:11.530+0000] {dagbag.py:538} INFO - Filling up the DagBag from /home/airflow/.local/lib/python3.8/site-packages/airflow/example_dags/example_sla_dag.py
[2025-07-03T17:45:11.544+0000] {processor.py:840} INFO - DAG(s) 'example_sla_dag' retrieved from /home/airflow/.local/lib/python3.8/site-packages/airflow/example_dags/example_sla_dag.py
[2025-07-03T17:45:11.574+0000] {logging_mixin.py:188} INFO - [2025-07-03T17:45:11.574+0000] {dag.py:3036} INFO - Sync 1 DAGs
[2025-07-03T17:45:11.624+0000] {logging_mixin.py:188} INFO - [2025-07-03T17:45:11.624+0000] {dag.py:3823} INFO - Setting next_dagrun for example_sla_dag to 2025-07-03 17:42:00+00:00, run_after=2025-07-03 17:44:00+00:00
[2025-07-03T17:45:11.654+0000] {processor.py:183} INFO - Processing /home/airflow/.local/lib/python3.8/site-packages/airflow/example_dags/example_sla_dag.py took 0.133 seconds
[2025-07-03T17:45:41.986+0000] {processor.py:161} INFO - Started process (PID=1473) to work on /home/airflow/.local/lib/python3.8/site-packages/airflow/example_dags/example_sla_dag.py
[2025-07-03T17:45:41.987+0000] {processor.py:830} INFO - Processing file /home/airflow/.local/lib/python3.8/site-packages/airflow/example_dags/example_sla_dag.py for tasks to queue
[2025-07-03T17:45:41.990+0000] {logging_mixin.py:188} INFO - [2025-07-03T17:45:41.989+0000] {dagbag.py:538} INFO - Filling up the DagBag from /home/airflow/.local/lib/python3.8/site-packages/airflow/example_dags/example_sla_dag.py
[2025-07-03T17:45:42.004+0000] {processor.py:840} INFO - DAG(s) 'example_sla_dag' retrieved from /home/airflow/.local/lib/python3.8/site-packages/airflow/example_dags/example_sla_dag.py
[2025-07-03T17:45:42.035+0000] {logging_mixin.py:188} INFO - [2025-07-03T17:45:42.034+0000] {dag.py:3036} INFO - Sync 1 DAGs
[2025-07-03T17:45:42.085+0000] {logging_mixin.py:188} INFO - [2025-07-03T17:45:42.085+0000] {dag.py:3823} INFO - Setting next_dagrun for example_sla_dag to 2025-07-03 17:42:00+00:00, run_after=2025-07-03 17:44:00+00:00
[2025-07-03T17:45:42.116+0000] {processor.py:183} INFO - Processing /home/airflow/.local/lib/python3.8/site-packages/airflow/example_dags/example_sla_dag.py took 0.135 seconds
[2025-07-03T17:46:12.254+0000] {processor.py:161} INFO - Started process (PID=1538) to work on /home/airflow/.local/lib/python3.8/site-packages/airflow/example_dags/example_sla_dag.py
[2025-07-03T17:46:12.265+0000] {processor.py:830} INFO - Processing file /home/airflow/.local/lib/python3.8/site-packages/airflow/example_dags/example_sla_dag.py for tasks to queue
[2025-07-03T17:46:12.281+0000] {logging_mixin.py:188} INFO - [2025-07-03T17:46:12.275+0000] {dagbag.py:538} INFO - Filling up the DagBag from /home/airflow/.local/lib/python3.8/site-packages/airflow/example_dags/example_sla_dag.py
[2025-07-03T17:46:12.315+0000] {processor.py:840} INFO - DAG(s) 'example_sla_dag' retrieved from /home/airflow/.local/lib/python3.8/site-packages/airflow/example_dags/example_sla_dag.py
[2025-07-03T17:46:12.365+0000] {logging_mixin.py:188} INFO - [2025-07-03T17:46:12.365+0000] {dag.py:3036} INFO - Sync 1 DAGs
[2025-07-03T17:46:12.414+0000] {logging_mixin.py:188} INFO - [2025-07-03T17:46:12.413+0000] {dag.py:3823} INFO - Setting next_dagrun for example_sla_dag to 2025-07-03 17:44:00+00:00, run_after=2025-07-03 17:46:00+00:00
[2025-07-03T17:46:12.446+0000] {processor.py:183} INFO - Processing /home/airflow/.local/lib/python3.8/site-packages/airflow/example_dags/example_sla_dag.py took 0.201 seconds
[2025-07-03T17:46:43.316+0000] {processor.py:161} INFO - Started process (PID=1602) to work on /home/airflow/.local/lib/python3.8/site-packages/airflow/example_dags/example_sla_dag.py
[2025-07-03T17:46:43.317+0000] {processor.py:830} INFO - Processing file /home/airflow/.local/lib/python3.8/site-packages/airflow/example_dags/example_sla_dag.py for tasks to queue
[2025-07-03T17:46:43.319+0000] {logging_mixin.py:188} INFO - [2025-07-03T17:46:43.319+0000] {dagbag.py:538} INFO - Filling up the DagBag from /home/airflow/.local/lib/python3.8/site-packages/airflow/example_dags/example_sla_dag.py
[2025-07-03T17:46:43.336+0000] {processor.py:840} INFO - DAG(s) 'example_sla_dag' retrieved from /home/airflow/.local/lib/python3.8/site-packages/airflow/example_dags/example_sla_dag.py
[2025-07-03T17:46:43.372+0000] {logging_mixin.py:188} INFO - [2025-07-03T17:46:43.372+0000] {dag.py:3036} INFO - Sync 1 DAGs
[2025-07-03T17:46:43.437+0000] {logging_mixin.py:188} INFO - [2025-07-03T17:46:43.437+0000] {dag.py:3823} INFO - Setting next_dagrun for example_sla_dag to 2025-07-03 17:44:00+00:00, run_after=2025-07-03 17:46:00+00:00
[2025-07-03T17:46:43.502+0000] {processor.py:183} INFO - Processing /home/airflow/.local/lib/python3.8/site-packages/airflow/example_dags/example_sla_dag.py took 0.193 seconds
[2025-07-03T17:47:13.709+0000] {processor.py:161} INFO - Started process (PID=1667) to work on /home/airflow/.local/lib/python3.8/site-packages/airflow/example_dags/example_sla_dag.py
[2025-07-03T17:47:13.715+0000] {processor.py:830} INFO - Processing file /home/airflow/.local/lib/python3.8/site-packages/airflow/example_dags/example_sla_dag.py for tasks to queue
[2025-07-03T17:47:13.719+0000] {logging_mixin.py:188} INFO - [2025-07-03T17:47:13.719+0000] {dagbag.py:538} INFO - Filling up the DagBag from /home/airflow/.local/lib/python3.8/site-packages/airflow/example_dags/example_sla_dag.py
[2025-07-03T17:47:13.734+0000] {processor.py:840} INFO - DAG(s) 'example_sla_dag' retrieved from /home/airflow/.local/lib/python3.8/site-packages/airflow/example_dags/example_sla_dag.py
[2025-07-03T17:47:13.764+0000] {logging_mixin.py:188} INFO - [2025-07-03T17:47:13.763+0000] {dag.py:3036} INFO - Sync 1 DAGs
[2025-07-03T17:47:13.812+0000] {logging_mixin.py:188} INFO - [2025-07-03T17:47:13.811+0000] {dag.py:3823} INFO - Setting next_dagrun for example_sla_dag to 2025-07-03 17:44:00+00:00, run_after=2025-07-03 17:46:00+00:00
[2025-07-03T17:47:13.843+0000] {processor.py:183} INFO - Processing /home/airflow/.local/lib/python3.8/site-packages/airflow/example_dags/example_sla_dag.py took 0.138 seconds
[2025-07-03T17:47:43.911+0000] {processor.py:161} INFO - Started process (PID=1732) to work on /home/airflow/.local/lib/python3.8/site-packages/airflow/example_dags/example_sla_dag.py
[2025-07-03T17:47:43.912+0000] {processor.py:830} INFO - Processing file /home/airflow/.local/lib/python3.8/site-packages/airflow/example_dags/example_sla_dag.py for tasks to queue
[2025-07-03T17:47:43.914+0000] {logging_mixin.py:188} INFO - [2025-07-03T17:47:43.914+0000] {dagbag.py:538} INFO - Filling up the DagBag from /home/airflow/.local/lib/python3.8/site-packages/airflow/example_dags/example_sla_dag.py
[2025-07-03T17:47:43.942+0000] {processor.py:840} INFO - DAG(s) 'example_sla_dag' retrieved from /home/airflow/.local/lib/python3.8/site-packages/airflow/example_dags/example_sla_dag.py
[2025-07-03T17:47:44.012+0000] {logging_mixin.py:188} INFO - [2025-07-03T17:47:44.011+0000] {dag.py:3036} INFO - Sync 1 DAGs
[2025-07-03T17:47:44.132+0000] {logging_mixin.py:188} INFO - [2025-07-03T17:47:44.131+0000] {dag.py:3823} INFO - Setting next_dagrun for example_sla_dag to 2025-07-03 17:44:00+00:00, run_after=2025-07-03 17:46:00+00:00
[2025-07-03T17:47:44.226+0000] {processor.py:183} INFO - Processing /home/airflow/.local/lib/python3.8/site-packages/airflow/example_dags/example_sla_dag.py took 0.327 seconds
[2025-07-03T17:48:14.516+0000] {processor.py:161} INFO - Started process (PID=1797) to work on /home/airflow/.local/lib/python3.8/site-packages/airflow/example_dags/example_sla_dag.py
[2025-07-03T17:48:14.537+0000] {processor.py:830} INFO - Processing file /home/airflow/.local/lib/python3.8/site-packages/airflow/example_dags/example_sla_dag.py for tasks to queue
[2025-07-03T17:48:14.540+0000] {logging_mixin.py:188} INFO - [2025-07-03T17:48:14.539+0000] {dagbag.py:538} INFO - Filling up the DagBag from /home/airflow/.local/lib/python3.8/site-packages/airflow/example_dags/example_sla_dag.py
[2025-07-03T17:48:14.573+0000] {processor.py:840} INFO - DAG(s) 'example_sla_dag' retrieved from /home/airflow/.local/lib/python3.8/site-packages/airflow/example_dags/example_sla_dag.py
[2025-07-03T17:48:14.629+0000] {logging_mixin.py:188} INFO - [2025-07-03T17:48:14.629+0000] {dag.py:3036} INFO - Sync 1 DAGs
[2025-07-03T17:48:14.719+0000] {logging_mixin.py:188} INFO - [2025-07-03T17:48:14.719+0000] {dag.py:3823} INFO - Setting next_dagrun for example_sla_dag to 2025-07-03 17:46:00+00:00, run_after=2025-07-03 17:48:00+00:00
[2025-07-03T17:48:14.784+0000] {processor.py:183} INFO - Processing /home/airflow/.local/lib/python3.8/site-packages/airflow/example_dags/example_sla_dag.py took 0.275 seconds
[2025-07-03T17:48:45.402+0000] {processor.py:161} INFO - Started process (PID=1862) to work on /home/airflow/.local/lib/python3.8/site-packages/airflow/example_dags/example_sla_dag.py
[2025-07-03T17:48:45.418+0000] {processor.py:830} INFO - Processing file /home/airflow/.local/lib/python3.8/site-packages/airflow/example_dags/example_sla_dag.py for tasks to queue
[2025-07-03T17:48:45.422+0000] {logging_mixin.py:188} INFO - [2025-07-03T17:48:45.422+0000] {dagbag.py:538} INFO - Filling up the DagBag from /home/airflow/.local/lib/python3.8/site-packages/airflow/example_dags/example_sla_dag.py
[2025-07-03T17:48:45.469+0000] {processor.py:840} INFO - DAG(s) 'example_sla_dag' retrieved from /home/airflow/.local/lib/python3.8/site-packages/airflow/example_dags/example_sla_dag.py
[2025-07-03T17:48:45.530+0000] {logging_mixin.py:188} INFO - [2025-07-03T17:48:45.529+0000] {dag.py:3036} INFO - Sync 1 DAGs
[2025-07-03T17:48:45.584+0000] {logging_mixin.py:188} INFO - [2025-07-03T17:48:45.583+0000] {dag.py:3823} INFO - Setting next_dagrun for example_sla_dag to 2025-07-03 17:46:00+00:00, run_after=2025-07-03 17:48:00+00:00
[2025-07-03T17:48:45.635+0000] {processor.py:183} INFO - Processing /home/airflow/.local/lib/python3.8/site-packages/airflow/example_dags/example_sla_dag.py took 0.242 seconds
[2025-07-03T17:49:16.247+0000] {processor.py:161} INFO - Started process (PID=1928) to work on /home/airflow/.local/lib/python3.8/site-packages/airflow/example_dags/example_sla_dag.py
[2025-07-03T17:49:16.249+0000] {processor.py:830} INFO - Processing file /home/airflow/.local/lib/python3.8/site-packages/airflow/example_dags/example_sla_dag.py for tasks to queue
[2025-07-03T17:49:16.251+0000] {logging_mixin.py:188} INFO - [2025-07-03T17:49:16.251+0000] {dagbag.py:538} INFO - Filling up the DagBag from /home/airflow/.local/lib/python3.8/site-packages/airflow/example_dags/example_sla_dag.py
[2025-07-03T17:49:16.266+0000] {processor.py:840} INFO - DAG(s) 'example_sla_dag' retrieved from /home/airflow/.local/lib/python3.8/site-packages/airflow/example_dags/example_sla_dag.py
[2025-07-03T17:49:16.299+0000] {logging_mixin.py:188} INFO - [2025-07-03T17:49:16.299+0000] {dag.py:3036} INFO - Sync 1 DAGs
[2025-07-03T17:49:16.354+0000] {logging_mixin.py:188} INFO - [2025-07-03T17:49:16.353+0000] {dag.py:3823} INFO - Setting next_dagrun for example_sla_dag to 2025-07-03 17:46:00+00:00, run_after=2025-07-03 17:48:00+00:00
[2025-07-03T17:49:16.391+0000] {processor.py:183} INFO - Processing /home/airflow/.local/lib/python3.8/site-packages/airflow/example_dags/example_sla_dag.py took 0.149 seconds
[2025-07-03T17:49:46.999+0000] {processor.py:161} INFO - Started process (PID=1993) to work on /home/airflow/.local/lib/python3.8/site-packages/airflow/example_dags/example_sla_dag.py
[2025-07-03T17:49:47.000+0000] {processor.py:830} INFO - Processing file /home/airflow/.local/lib/python3.8/site-packages/airflow/example_dags/example_sla_dag.py for tasks to queue
[2025-07-03T17:49:47.002+0000] {logging_mixin.py:188} INFO - [2025-07-03T17:49:47.002+0000] {dagbag.py:538} INFO - Filling up the DagBag from /home/airflow/.local/lib/python3.8/site-packages/airflow/example_dags/example_sla_dag.py
[2025-07-03T17:49:47.016+0000] {processor.py:840} INFO - DAG(s) 'example_sla_dag' retrieved from /home/airflow/.local/lib/python3.8/site-packages/airflow/example_dags/example_sla_dag.py
[2025-07-03T17:49:47.048+0000] {logging_mixin.py:188} INFO - [2025-07-03T17:49:47.048+0000] {dag.py:3036} INFO - Sync 1 DAGs
[2025-07-03T17:49:47.098+0000] {logging_mixin.py:188} INFO - [2025-07-03T17:49:47.098+0000] {dag.py:3823} INFO - Setting next_dagrun for example_sla_dag to 2025-07-03 17:46:00+00:00, run_after=2025-07-03 17:48:00+00:00
[2025-07-03T17:49:47.129+0000] {processor.py:183} INFO - Processing /home/airflow/.local/lib/python3.8/site-packages/airflow/example_dags/example_sla_dag.py took 0.138 seconds
[2025-07-03T17:50:17.853+0000] {processor.py:161} INFO - Started process (PID=2068) to work on /home/airflow/.local/lib/python3.8/site-packages/airflow/example_dags/example_sla_dag.py
[2025-07-03T17:50:17.855+0000] {processor.py:830} INFO - Processing file /home/airflow/.local/lib/python3.8/site-packages/airflow/example_dags/example_sla_dag.py for tasks to queue
[2025-07-03T17:50:17.858+0000] {logging_mixin.py:188} INFO - [2025-07-03T17:50:17.858+0000] {dagbag.py:538} INFO - Filling up the DagBag from /home/airflow/.local/lib/python3.8/site-packages/airflow/example_dags/example_sla_dag.py
[2025-07-03T17:50:17.882+0000] {processor.py:840} INFO - DAG(s) 'example_sla_dag' retrieved from /home/airflow/.local/lib/python3.8/site-packages/airflow/example_dags/example_sla_dag.py
[2025-07-03T17:50:17.942+0000] {logging_mixin.py:188} INFO - [2025-07-03T17:50:17.941+0000] {dag.py:3036} INFO - Sync 1 DAGs
[2025-07-03T17:50:18.041+0000] {logging_mixin.py:188} INFO - [2025-07-03T17:50:18.040+0000] {dag.py:3823} INFO - Setting next_dagrun for example_sla_dag to 2025-07-03 17:48:00+00:00, run_after=2025-07-03 17:50:00+00:00
[2025-07-03T17:50:18.106+0000] {processor.py:183} INFO - Processing /home/airflow/.local/lib/python3.8/site-packages/airflow/example_dags/example_sla_dag.py took 0.273 seconds
[2025-07-03T17:50:48.303+0000] {processor.py:161} INFO - Started process (PID=2132) to work on /home/airflow/.local/lib/python3.8/site-packages/airflow/example_dags/example_sla_dag.py
[2025-07-03T17:50:48.304+0000] {processor.py:830} INFO - Processing file /home/airflow/.local/lib/python3.8/site-packages/airflow/example_dags/example_sla_dag.py for tasks to queue
[2025-07-03T17:50:48.315+0000] {logging_mixin.py:188} INFO - [2025-07-03T17:50:48.314+0000] {dagbag.py:538} INFO - Filling up the DagBag from /home/airflow/.local/lib/python3.8/site-packages/airflow/example_dags/example_sla_dag.py
[2025-07-03T17:50:48.340+0000] {processor.py:840} INFO - DAG(s) 'example_sla_dag' retrieved from /home/airflow/.local/lib/python3.8/site-packages/airflow/example_dags/example_sla_dag.py
[2025-07-03T17:50:48.402+0000] {logging_mixin.py:188} INFO - [2025-07-03T17:50:48.401+0000] {dag.py:3036} INFO - Sync 1 DAGs
[2025-07-03T17:50:48.506+0000] {logging_mixin.py:188} INFO - [2025-07-03T17:50:48.506+0000] {dag.py:3823} INFO - Setting next_dagrun for example_sla_dag to 2025-07-03 17:48:00+00:00, run_after=2025-07-03 17:50:00+00:00
[2025-07-03T17:50:48.561+0000] {processor.py:183} INFO - Processing /home/airflow/.local/lib/python3.8/site-packages/airflow/example_dags/example_sla_dag.py took 0.262 seconds
[2025-07-03T17:51:18.634+0000] {processor.py:161} INFO - Started process (PID=2197) to work on /home/airflow/.local/lib/python3.8/site-packages/airflow/example_dags/example_sla_dag.py
[2025-07-03T17:51:18.637+0000] {processor.py:830} INFO - Processing file /home/airflow/.local/lib/python3.8/site-packages/airflow/example_dags/example_sla_dag.py for tasks to queue
[2025-07-03T17:51:18.646+0000] {logging_mixin.py:188} INFO - [2025-07-03T17:51:18.645+0000] {dagbag.py:538} INFO - Filling up the DagBag from /home/airflow/.local/lib/python3.8/site-packages/airflow/example_dags/example_sla_dag.py
[2025-07-03T17:51:18.661+0000] {processor.py:840} INFO - DAG(s) 'example_sla_dag' retrieved from /home/airflow/.local/lib/python3.8/site-packages/airflow/example_dags/example_sla_dag.py
[2025-07-03T17:51:18.693+0000] {logging_mixin.py:188} INFO - [2025-07-03T17:51:18.693+0000] {dag.py:3036} INFO - Sync 1 DAGs
[2025-07-03T17:51:18.745+0000] {logging_mixin.py:188} INFO - [2025-07-03T17:51:18.744+0000] {dag.py:3823} INFO - Setting next_dagrun for example_sla_dag to 2025-07-03 17:48:00+00:00, run_after=2025-07-03 17:50:00+00:00
[2025-07-03T17:51:18.798+0000] {processor.py:183} INFO - Processing /home/airflow/.local/lib/python3.8/site-packages/airflow/example_dags/example_sla_dag.py took 0.178 seconds
[2025-07-03T17:51:49.328+0000] {processor.py:161} INFO - Started process (PID=2262) to work on /home/airflow/.local/lib/python3.8/site-packages/airflow/example_dags/example_sla_dag.py
[2025-07-03T17:51:49.329+0000] {processor.py:830} INFO - Processing file /home/airflow/.local/lib/python3.8/site-packages/airflow/example_dags/example_sla_dag.py for tasks to queue
[2025-07-03T17:51:49.332+0000] {logging_mixin.py:188} INFO - [2025-07-03T17:51:49.331+0000] {dagbag.py:538} INFO - Filling up the DagBag from /home/airflow/.local/lib/python3.8/site-packages/airflow/example_dags/example_sla_dag.py
[2025-07-03T17:51:49.354+0000] {processor.py:840} INFO - DAG(s) 'example_sla_dag' retrieved from /home/airflow/.local/lib/python3.8/site-packages/airflow/example_dags/example_sla_dag.py
[2025-07-03T17:51:49.387+0000] {logging_mixin.py:188} INFO - [2025-07-03T17:51:49.386+0000] {dag.py:3036} INFO - Sync 1 DAGs
[2025-07-03T17:51:49.482+0000] {logging_mixin.py:188} INFO - [2025-07-03T17:51:49.482+0000] {dag.py:3823} INFO - Setting next_dagrun for example_sla_dag to 2025-07-03 17:48:00+00:00, run_after=2025-07-03 17:50:00+00:00
[2025-07-03T17:51:49.544+0000] {processor.py:183} INFO - Processing /home/airflow/.local/lib/python3.8/site-packages/airflow/example_dags/example_sla_dag.py took 0.227 seconds
[2025-07-03T17:52:20.483+0000] {processor.py:161} INFO - Started process (PID=2328) to work on /home/airflow/.local/lib/python3.8/site-packages/airflow/example_dags/example_sla_dag.py
[2025-07-03T17:52:20.509+0000] {processor.py:830} INFO - Processing file /home/airflow/.local/lib/python3.8/site-packages/airflow/example_dags/example_sla_dag.py for tasks to queue
[2025-07-03T17:52:20.511+0000] {logging_mixin.py:188} INFO - [2025-07-03T17:52:20.511+0000] {dagbag.py:538} INFO - Filling up the DagBag from /home/airflow/.local/lib/python3.8/site-packages/airflow/example_dags/example_sla_dag.py
[2025-07-03T17:52:20.561+0000] {processor.py:840} INFO - DAG(s) 'example_sla_dag' retrieved from /home/airflow/.local/lib/python3.8/site-packages/airflow/example_dags/example_sla_dag.py
[2025-07-03T17:52:20.657+0000] {logging_mixin.py:188} INFO - [2025-07-03T17:52:20.651+0000] {dag.py:3036} INFO - Sync 1 DAGs
[2025-07-03T17:52:20.799+0000] {logging_mixin.py:188} INFO - [2025-07-03T17:52:20.799+0000] {dag.py:3823} INFO - Setting next_dagrun for example_sla_dag to 2025-07-03 17:50:00+00:00, run_after=2025-07-03 17:52:00+00:00
[2025-07-03T17:52:20.873+0000] {processor.py:183} INFO - Processing /home/airflow/.local/lib/python3.8/site-packages/airflow/example_dags/example_sla_dag.py took 0.399 seconds
[2025-07-03T17:52:51.134+0000] {processor.py:161} INFO - Started process (PID=2394) to work on /home/airflow/.local/lib/python3.8/site-packages/airflow/example_dags/example_sla_dag.py
[2025-07-03T17:52:51.135+0000] {processor.py:830} INFO - Processing file /home/airflow/.local/lib/python3.8/site-packages/airflow/example_dags/example_sla_dag.py for tasks to queue
[2025-07-03T17:52:51.138+0000] {logging_mixin.py:188} INFO - [2025-07-03T17:52:51.137+0000] {dagbag.py:538} INFO - Filling up the DagBag from /home/airflow/.local/lib/python3.8/site-packages/airflow/example_dags/example_sla_dag.py
[2025-07-03T17:52:51.183+0000] {processor.py:840} INFO - DAG(s) 'example_sla_dag' retrieved from /home/airflow/.local/lib/python3.8/site-packages/airflow/example_dags/example_sla_dag.py
[2025-07-03T17:52:51.251+0000] {logging_mixin.py:188} INFO - [2025-07-03T17:52:51.251+0000] {dag.py:3036} INFO - Sync 1 DAGs
[2025-07-03T17:52:51.390+0000] {logging_mixin.py:188} INFO - [2025-07-03T17:52:51.390+0000] {dag.py:3823} INFO - Setting next_dagrun for example_sla_dag to 2025-07-03 17:50:00+00:00, run_after=2025-07-03 17:52:00+00:00
[2025-07-03T17:52:51.495+0000] {processor.py:183} INFO - Processing /home/airflow/.local/lib/python3.8/site-packages/airflow/example_dags/example_sla_dag.py took 0.378 seconds
[2025-07-03T17:53:21.767+0000] {processor.py:161} INFO - Started process (PID=2453) to work on /home/airflow/.local/lib/python3.8/site-packages/airflow/example_dags/example_sla_dag.py
[2025-07-03T17:53:21.777+0000] {processor.py:830} INFO - Processing file /home/airflow/.local/lib/python3.8/site-packages/airflow/example_dags/example_sla_dag.py for tasks to queue
[2025-07-03T17:53:21.783+0000] {logging_mixin.py:188} INFO - [2025-07-03T17:53:21.783+0000] {dagbag.py:538} INFO - Filling up the DagBag from /home/airflow/.local/lib/python3.8/site-packages/airflow/example_dags/example_sla_dag.py
[2025-07-03T17:53:21.809+0000] {processor.py:840} INFO - DAG(s) 'example_sla_dag' retrieved from /home/airflow/.local/lib/python3.8/site-packages/airflow/example_dags/example_sla_dag.py
[2025-07-03T17:53:21.885+0000] {logging_mixin.py:188} INFO - [2025-07-03T17:53:21.884+0000] {dag.py:3036} INFO - Sync 1 DAGs
[2025-07-03T17:53:22.046+0000] {logging_mixin.py:188} INFO - [2025-07-03T17:53:22.045+0000] {dag.py:3823} INFO - Setting next_dagrun for example_sla_dag to 2025-07-03 17:50:00+00:00, run_after=2025-07-03 17:52:00+00:00
[2025-07-03T17:53:22.275+0000] {processor.py:183} INFO - Processing /home/airflow/.local/lib/python3.8/site-packages/airflow/example_dags/example_sla_dag.py took 0.547 seconds
[2025-07-03T17:53:52.370+0000] {processor.py:161} INFO - Started process (PID=2518) to work on /home/airflow/.local/lib/python3.8/site-packages/airflow/example_dags/example_sla_dag.py
[2025-07-03T17:53:52.377+0000] {processor.py:830} INFO - Processing file /home/airflow/.local/lib/python3.8/site-packages/airflow/example_dags/example_sla_dag.py for tasks to queue
[2025-07-03T17:53:52.380+0000] {logging_mixin.py:188} INFO - [2025-07-03T17:53:52.379+0000] {dagbag.py:538} INFO - Filling up the DagBag from /home/airflow/.local/lib/python3.8/site-packages/airflow/example_dags/example_sla_dag.py
[2025-07-03T17:53:52.414+0000] {processor.py:840} INFO - DAG(s) 'example_sla_dag' retrieved from /home/airflow/.local/lib/python3.8/site-packages/airflow/example_dags/example_sla_dag.py
[2025-07-03T17:53:52.486+0000] {logging_mixin.py:188} INFO - [2025-07-03T17:53:52.486+0000] {dag.py:3036} INFO - Sync 1 DAGs
[2025-07-03T17:53:52.572+0000] {logging_mixin.py:188} INFO - [2025-07-03T17:53:52.572+0000] {dag.py:3823} INFO - Setting next_dagrun for example_sla_dag to 2025-07-03 17:50:00+00:00, run_after=2025-07-03 17:52:00+00:00
[2025-07-03T17:53:52.607+0000] {processor.py:183} INFO - Processing /home/airflow/.local/lib/python3.8/site-packages/airflow/example_dags/example_sla_dag.py took 0.246 seconds
[2025-07-03T17:54:22.746+0000] {processor.py:161} INFO - Started process (PID=2582) to work on /home/airflow/.local/lib/python3.8/site-packages/airflow/example_dags/example_sla_dag.py
[2025-07-03T17:54:22.753+0000] {processor.py:830} INFO - Processing file /home/airflow/.local/lib/python3.8/site-packages/airflow/example_dags/example_sla_dag.py for tasks to queue
[2025-07-03T17:54:22.755+0000] {logging_mixin.py:188} INFO - [2025-07-03T17:54:22.755+0000] {dagbag.py:538} INFO - Filling up the DagBag from /home/airflow/.local/lib/python3.8/site-packages/airflow/example_dags/example_sla_dag.py
[2025-07-03T17:54:22.809+0000] {processor.py:840} INFO - DAG(s) 'example_sla_dag' retrieved from /home/airflow/.local/lib/python3.8/site-packages/airflow/example_dags/example_sla_dag.py
[2025-07-03T17:54:22.871+0000] {logging_mixin.py:188} INFO - [2025-07-03T17:54:22.871+0000] {dag.py:3036} INFO - Sync 1 DAGs
[2025-07-03T17:54:22.968+0000] {logging_mixin.py:188} INFO - [2025-07-03T17:54:22.968+0000] {dag.py:3823} INFO - Setting next_dagrun for example_sla_dag to 2025-07-03 17:52:00+00:00, run_after=2025-07-03 17:54:00+00:00
[2025-07-03T17:54:23.028+0000] {processor.py:183} INFO - Processing /home/airflow/.local/lib/python3.8/site-packages/airflow/example_dags/example_sla_dag.py took 0.299 seconds
[2025-07-03T17:54:53.112+0000] {processor.py:161} INFO - Started process (PID=2646) to work on /home/airflow/.local/lib/python3.8/site-packages/airflow/example_dags/example_sla_dag.py
[2025-07-03T17:54:53.113+0000] {processor.py:830} INFO - Processing file /home/airflow/.local/lib/python3.8/site-packages/airflow/example_dags/example_sla_dag.py for tasks to queue
[2025-07-03T17:54:53.115+0000] {logging_mixin.py:188} INFO - [2025-07-03T17:54:53.115+0000] {dagbag.py:538} INFO - Filling up the DagBag from /home/airflow/.local/lib/python3.8/site-packages/airflow/example_dags/example_sla_dag.py
[2025-07-03T17:54:53.130+0000] {processor.py:840} INFO - DAG(s) 'example_sla_dag' retrieved from /home/airflow/.local/lib/python3.8/site-packages/airflow/example_dags/example_sla_dag.py
[2025-07-03T17:54:53.163+0000] {logging_mixin.py:188} INFO - [2025-07-03T17:54:53.163+0000] {dag.py:3036} INFO - Sync 1 DAGs
[2025-07-03T17:54:53.214+0000] {logging_mixin.py:188} INFO - [2025-07-03T17:54:53.214+0000] {dag.py:3823} INFO - Setting next_dagrun for example_sla_dag to 2025-07-03 17:52:00+00:00, run_after=2025-07-03 17:54:00+00:00
[2025-07-03T17:54:53.246+0000] {processor.py:183} INFO - Processing /home/airflow/.local/lib/python3.8/site-packages/airflow/example_dags/example_sla_dag.py took 0.139 seconds
[2025-07-03T17:55:23.444+0000] {processor.py:161} INFO - Started process (PID=2711) to work on /home/airflow/.local/lib/python3.8/site-packages/airflow/example_dags/example_sla_dag.py
[2025-07-03T17:55:23.449+0000] {processor.py:830} INFO - Processing file /home/airflow/.local/lib/python3.8/site-packages/airflow/example_dags/example_sla_dag.py for tasks to queue
[2025-07-03T17:55:23.451+0000] {logging_mixin.py:188} INFO - [2025-07-03T17:55:23.451+0000] {dagbag.py:538} INFO - Filling up the DagBag from /home/airflow/.local/lib/python3.8/site-packages/airflow/example_dags/example_sla_dag.py
[2025-07-03T17:55:23.487+0000] {processor.py:840} INFO - DAG(s) 'example_sla_dag' retrieved from /home/airflow/.local/lib/python3.8/site-packages/airflow/example_dags/example_sla_dag.py
[2025-07-03T17:55:23.566+0000] {logging_mixin.py:188} INFO - [2025-07-03T17:55:23.565+0000] {dag.py:3036} INFO - Sync 1 DAGs
[2025-07-03T17:55:23.665+0000] {logging_mixin.py:188} INFO - [2025-07-03T17:55:23.665+0000] {dag.py:3823} INFO - Setting next_dagrun for example_sla_dag to 2025-07-03 17:52:00+00:00, run_after=2025-07-03 17:54:00+00:00
[2025-07-03T17:55:23.742+0000] {processor.py:183} INFO - Processing /home/airflow/.local/lib/python3.8/site-packages/airflow/example_dags/example_sla_dag.py took 0.307 seconds
[2025-07-03T17:55:53.985+0000] {processor.py:161} INFO - Started process (PID=2784) to work on /home/airflow/.local/lib/python3.8/site-packages/airflow/example_dags/example_sla_dag.py
[2025-07-03T17:55:53.987+0000] {processor.py:830} INFO - Processing file /home/airflow/.local/lib/python3.8/site-packages/airflow/example_dags/example_sla_dag.py for tasks to queue
[2025-07-03T17:55:53.989+0000] {logging_mixin.py:188} INFO - [2025-07-03T17:55:53.989+0000] {dagbag.py:538} INFO - Filling up the DagBag from /home/airflow/.local/lib/python3.8/site-packages/airflow/example_dags/example_sla_dag.py
[2025-07-03T17:55:54.010+0000] {processor.py:840} INFO - DAG(s) 'example_sla_dag' retrieved from /home/airflow/.local/lib/python3.8/site-packages/airflow/example_dags/example_sla_dag.py
[2025-07-03T17:55:54.082+0000] {logging_mixin.py:188} INFO - [2025-07-03T17:55:54.081+0000] {dag.py:3036} INFO - Sync 1 DAGs
[2025-07-03T17:55:54.171+0000] {logging_mixin.py:188} INFO - [2025-07-03T17:55:54.171+0000] {dag.py:3823} INFO - Setting next_dagrun for example_sla_dag to 2025-07-03 17:52:00+00:00, run_after=2025-07-03 17:54:00+00:00
[2025-07-03T17:55:54.222+0000] {processor.py:183} INFO - Processing /home/airflow/.local/lib/python3.8/site-packages/airflow/example_dags/example_sla_dag.py took 0.254 seconds
[2025-07-03T17:56:24.829+0000] {processor.py:161} INFO - Started process (PID=2850) to work on /home/airflow/.local/lib/python3.8/site-packages/airflow/example_dags/example_sla_dag.py
[2025-07-03T17:56:24.833+0000] {processor.py:830} INFO - Processing file /home/airflow/.local/lib/python3.8/site-packages/airflow/example_dags/example_sla_dag.py for tasks to queue
[2025-07-03T17:56:24.835+0000] {logging_mixin.py:188} INFO - [2025-07-03T17:56:24.835+0000] {dagbag.py:538} INFO - Filling up the DagBag from /home/airflow/.local/lib/python3.8/site-packages/airflow/example_dags/example_sla_dag.py
[2025-07-03T17:56:24.876+0000] {processor.py:840} INFO - DAG(s) 'example_sla_dag' retrieved from /home/airflow/.local/lib/python3.8/site-packages/airflow/example_dags/example_sla_dag.py
[2025-07-03T17:56:24.913+0000] {logging_mixin.py:188} INFO - [2025-07-03T17:56:24.913+0000] {dag.py:3036} INFO - Sync 1 DAGs
[2025-07-03T17:56:24.965+0000] {logging_mixin.py:188} INFO - [2025-07-03T17:56:24.964+0000] {dag.py:3823} INFO - Setting next_dagrun for example_sla_dag to 2025-07-03 17:54:00+00:00, run_after=2025-07-03 17:56:00+00:00
[2025-07-03T17:56:25.018+0000] {processor.py:183} INFO - Processing /home/airflow/.local/lib/python3.8/site-packages/airflow/example_dags/example_sla_dag.py took 0.201 seconds
[2025-07-03T17:56:56.983+0000] {processor.py:161} INFO - Started process (PID=2907) to work on /home/airflow/.local/lib/python3.8/site-packages/airflow/example_dags/example_sla_dag.py
[2025-07-03T17:56:56.987+0000] {processor.py:830} INFO - Processing file /home/airflow/.local/lib/python3.8/site-packages/airflow/example_dags/example_sla_dag.py for tasks to queue
[2025-07-03T17:56:57.021+0000] {logging_mixin.py:188} INFO - [2025-07-03T17:56:57.021+0000] {dagbag.py:538} INFO - Filling up the DagBag from /home/airflow/.local/lib/python3.8/site-packages/airflow/example_dags/example_sla_dag.py
[2025-07-03T17:56:57.160+0000] {processor.py:840} INFO - DAG(s) 'example_sla_dag' retrieved from /home/airflow/.local/lib/python3.8/site-packages/airflow/example_dags/example_sla_dag.py
[2025-07-03T17:56:57.489+0000] {logging_mixin.py:188} INFO - [2025-07-03T17:56:57.488+0000] {dag.py:3036} INFO - Sync 1 DAGs
[2025-07-03T17:56:57.889+0000] {logging_mixin.py:188} INFO - [2025-07-03T17:56:57.863+0000] {dag.py:3823} INFO - Setting next_dagrun for example_sla_dag to 2025-07-03 17:54:00+00:00, run_after=2025-07-03 17:56:00+00:00
[2025-07-03T17:56:58.109+0000] {processor.py:183} INFO - Processing /home/airflow/.local/lib/python3.8/site-packages/airflow/example_dags/example_sla_dag.py took 1.148 seconds
[2025-07-03T17:57:28.621+0000] {processor.py:161} INFO - Started process (PID=2970) to work on /home/airflow/.local/lib/python3.8/site-packages/airflow/example_dags/example_sla_dag.py
[2025-07-03T17:57:28.623+0000] {processor.py:830} INFO - Processing file /home/airflow/.local/lib/python3.8/site-packages/airflow/example_dags/example_sla_dag.py for tasks to queue
[2025-07-03T17:57:28.626+0000] {logging_mixin.py:188} INFO - [2025-07-03T17:57:28.625+0000] {dagbag.py:538} INFO - Filling up the DagBag from /home/airflow/.local/lib/python3.8/site-packages/airflow/example_dags/example_sla_dag.py
[2025-07-03T17:57:28.682+0000] {processor.py:840} INFO - DAG(s) 'example_sla_dag' retrieved from /home/airflow/.local/lib/python3.8/site-packages/airflow/example_dags/example_sla_dag.py
[2025-07-03T17:57:28.823+0000] {logging_mixin.py:188} INFO - [2025-07-03T17:57:28.823+0000] {dag.py:3036} INFO - Sync 1 DAGs
[2025-07-03T17:57:29.039+0000] {logging_mixin.py:188} INFO - [2025-07-03T17:57:29.038+0000] {dag.py:3823} INFO - Setting next_dagrun for example_sla_dag to 2025-07-03 17:54:00+00:00, run_after=2025-07-03 17:56:00+00:00
[2025-07-03T17:57:29.211+0000] {processor.py:183} INFO - Processing /home/airflow/.local/lib/python3.8/site-packages/airflow/example_dags/example_sla_dag.py took 0.616 seconds
[2025-07-03T17:57:59.949+0000] {processor.py:161} INFO - Started process (PID=3035) to work on /home/airflow/.local/lib/python3.8/site-packages/airflow/example_dags/example_sla_dag.py
[2025-07-03T17:57:59.957+0000] {processor.py:830} INFO - Processing file /home/airflow/.local/lib/python3.8/site-packages/airflow/example_dags/example_sla_dag.py for tasks to queue
[2025-07-03T17:57:59.974+0000] {logging_mixin.py:188} INFO - [2025-07-03T17:57:59.973+0000] {dagbag.py:538} INFO - Filling up the DagBag from /home/airflow/.local/lib/python3.8/site-packages/airflow/example_dags/example_sla_dag.py
[2025-07-03T17:58:00.055+0000] {processor.py:840} INFO - DAG(s) 'example_sla_dag' retrieved from /home/airflow/.local/lib/python3.8/site-packages/airflow/example_dags/example_sla_dag.py
[2025-07-03T17:58:00.210+0000] {logging_mixin.py:188} INFO - [2025-07-03T17:58:00.210+0000] {dag.py:3036} INFO - Sync 1 DAGs
[2025-07-03T17:58:00.423+0000] {logging_mixin.py:188} INFO - [2025-07-03T17:58:00.423+0000] {dag.py:3823} INFO - Setting next_dagrun for example_sla_dag to 2025-07-03 17:56:00+00:00, run_after=2025-07-03 17:58:00+00:00
[2025-07-03T17:58:00.500+0000] {processor.py:183} INFO - Processing /home/airflow/.local/lib/python3.8/site-packages/airflow/example_dags/example_sla_dag.py took 0.588 seconds
[2025-07-03T17:58:30.624+0000] {processor.py:161} INFO - Started process (PID=3093) to work on /home/airflow/.local/lib/python3.8/site-packages/airflow/example_dags/example_sla_dag.py
[2025-07-03T17:58:30.626+0000] {processor.py:830} INFO - Processing file /home/airflow/.local/lib/python3.8/site-packages/airflow/example_dags/example_sla_dag.py for tasks to queue
[2025-07-03T17:58:30.628+0000] {logging_mixin.py:188} INFO - [2025-07-03T17:58:30.627+0000] {dagbag.py:538} INFO - Filling up the DagBag from /home/airflow/.local/lib/python3.8/site-packages/airflow/example_dags/example_sla_dag.py
[2025-07-03T17:58:30.641+0000] {processor.py:840} INFO - DAG(s) 'example_sla_dag' retrieved from /home/airflow/.local/lib/python3.8/site-packages/airflow/example_dags/example_sla_dag.py
[2025-07-03T17:58:30.671+0000] {logging_mixin.py:188} INFO - [2025-07-03T17:58:30.671+0000] {dag.py:3036} INFO - Sync 1 DAGs
[2025-07-03T17:58:30.723+0000] {logging_mixin.py:188} INFO - [2025-07-03T17:58:30.723+0000] {dag.py:3823} INFO - Setting next_dagrun for example_sla_dag to 2025-07-03 17:56:00+00:00, run_after=2025-07-03 17:58:00+00:00
[2025-07-03T17:58:30.754+0000] {processor.py:183} INFO - Processing /home/airflow/.local/lib/python3.8/site-packages/airflow/example_dags/example_sla_dag.py took 0.134 seconds
[2025-07-03T17:59:00.971+0000] {processor.py:161} INFO - Started process (PID=3158) to work on /home/airflow/.local/lib/python3.8/site-packages/airflow/example_dags/example_sla_dag.py
[2025-07-03T17:59:00.975+0000] {processor.py:830} INFO - Processing file /home/airflow/.local/lib/python3.8/site-packages/airflow/example_dags/example_sla_dag.py for tasks to queue
[2025-07-03T17:59:00.983+0000] {logging_mixin.py:188} INFO - [2025-07-03T17:59:00.983+0000] {dagbag.py:538} INFO - Filling up the DagBag from /home/airflow/.local/lib/python3.8/site-packages/airflow/example_dags/example_sla_dag.py
[2025-07-03T17:59:01.014+0000] {processor.py:840} INFO - DAG(s) 'example_sla_dag' retrieved from /home/airflow/.local/lib/python3.8/site-packages/airflow/example_dags/example_sla_dag.py
[2025-07-03T17:59:01.083+0000] {logging_mixin.py:188} INFO - [2025-07-03T17:59:01.083+0000] {dag.py:3036} INFO - Sync 1 DAGs
[2025-07-03T17:59:01.299+0000] {logging_mixin.py:188} INFO - [2025-07-03T17:59:01.299+0000] {dag.py:3823} INFO - Setting next_dagrun for example_sla_dag to 2025-07-03 17:56:00+00:00, run_after=2025-07-03 17:58:00+00:00
[2025-07-03T17:59:01.426+0000] {processor.py:183} INFO - Processing /home/airflow/.local/lib/python3.8/site-packages/airflow/example_dags/example_sla_dag.py took 0.472 seconds
[2025-07-03T17:59:32.182+0000] {processor.py:161} INFO - Started process (PID=3230) to work on /home/airflow/.local/lib/python3.8/site-packages/airflow/example_dags/example_sla_dag.py
[2025-07-03T17:59:32.194+0000] {processor.py:830} INFO - Processing file /home/airflow/.local/lib/python3.8/site-packages/airflow/example_dags/example_sla_dag.py for tasks to queue
[2025-07-03T17:59:32.203+0000] {logging_mixin.py:188} INFO - [2025-07-03T17:59:32.203+0000] {dagbag.py:538} INFO - Filling up the DagBag from /home/airflow/.local/lib/python3.8/site-packages/airflow/example_dags/example_sla_dag.py
[2025-07-03T17:59:32.232+0000] {processor.py:840} INFO - DAG(s) 'example_sla_dag' retrieved from /home/airflow/.local/lib/python3.8/site-packages/airflow/example_dags/example_sla_dag.py
[2025-07-03T17:59:32.288+0000] {logging_mixin.py:188} INFO - [2025-07-03T17:59:32.288+0000] {dag.py:3036} INFO - Sync 1 DAGs
[2025-07-03T17:59:32.419+0000] {logging_mixin.py:188} INFO - [2025-07-03T17:59:32.418+0000] {dag.py:3823} INFO - Setting next_dagrun for example_sla_dag to 2025-07-03 17:56:00+00:00, run_after=2025-07-03 17:58:00+00:00
[2025-07-03T17:59:32.484+0000] {processor.py:183} INFO - Processing /home/airflow/.local/lib/python3.8/site-packages/airflow/example_dags/example_sla_dag.py took 0.306 seconds
[2025-07-03T18:00:03.784+0000] {processor.py:161} INFO - Started process (PID=3293) to work on /home/airflow/.local/lib/python3.8/site-packages/airflow/example_dags/example_sla_dag.py
[2025-07-03T18:00:03.790+0000] {processor.py:830} INFO - Processing file /home/airflow/.local/lib/python3.8/site-packages/airflow/example_dags/example_sla_dag.py for tasks to queue
[2025-07-03T18:00:03.796+0000] {logging_mixin.py:188} INFO - [2025-07-03T18:00:03.795+0000] {dagbag.py:538} INFO - Filling up the DagBag from /home/airflow/.local/lib/python3.8/site-packages/airflow/example_dags/example_sla_dag.py
[2025-07-03T18:00:03.838+0000] {processor.py:840} INFO - DAG(s) 'example_sla_dag' retrieved from /home/airflow/.local/lib/python3.8/site-packages/airflow/example_dags/example_sla_dag.py
[2025-07-03T18:00:03.898+0000] {logging_mixin.py:188} INFO - [2025-07-03T18:00:03.897+0000] {dag.py:3036} INFO - Sync 1 DAGs
[2025-07-03T18:00:03.946+0000] {logging_mixin.py:188} INFO - [2025-07-03T18:00:03.946+0000] {dag.py:3823} INFO - Setting next_dagrun for example_sla_dag to 2025-07-03 17:58:00+00:00, run_after=2025-07-03 18:00:00+00:00
[2025-07-03T18:00:04.262+0000] {processor.py:183} INFO - Processing /home/airflow/.local/lib/python3.8/site-packages/airflow/example_dags/example_sla_dag.py took 0.488 seconds
[2025-07-03T18:00:34.532+0000] {processor.py:161} INFO - Started process (PID=3356) to work on /home/airflow/.local/lib/python3.8/site-packages/airflow/example_dags/example_sla_dag.py
[2025-07-03T18:00:34.541+0000] {processor.py:830} INFO - Processing file /home/airflow/.local/lib/python3.8/site-packages/airflow/example_dags/example_sla_dag.py for tasks to queue
[2025-07-03T18:00:34.543+0000] {logging_mixin.py:188} INFO - [2025-07-03T18:00:34.543+0000] {dagbag.py:538} INFO - Filling up the DagBag from /home/airflow/.local/lib/python3.8/site-packages/airflow/example_dags/example_sla_dag.py
[2025-07-03T18:00:34.573+0000] {processor.py:840} INFO - DAG(s) 'example_sla_dag' retrieved from /home/airflow/.local/lib/python3.8/site-packages/airflow/example_dags/example_sla_dag.py
[2025-07-03T18:00:34.624+0000] {logging_mixin.py:188} INFO - [2025-07-03T18:00:34.624+0000] {dag.py:3036} INFO - Sync 1 DAGs
[2025-07-03T18:00:34.688+0000] {logging_mixin.py:188} INFO - [2025-07-03T18:00:34.688+0000] {dag.py:3823} INFO - Setting next_dagrun for example_sla_dag to 2025-07-03 17:58:00+00:00, run_after=2025-07-03 18:00:00+00:00
[2025-07-03T18:00:34.743+0000] {processor.py:183} INFO - Processing /home/airflow/.local/lib/python3.8/site-packages/airflow/example_dags/example_sla_dag.py took 0.220 seconds
[2025-07-03T18:01:05.219+0000] {processor.py:161} INFO - Started process (PID=3414) to work on /home/airflow/.local/lib/python3.8/site-packages/airflow/example_dags/example_sla_dag.py
[2025-07-03T18:01:05.220+0000] {processor.py:830} INFO - Processing file /home/airflow/.local/lib/python3.8/site-packages/airflow/example_dags/example_sla_dag.py for tasks to queue
[2025-07-03T18:01:05.223+0000] {logging_mixin.py:188} INFO - [2025-07-03T18:01:05.222+0000] {dagbag.py:538} INFO - Filling up the DagBag from /home/airflow/.local/lib/python3.8/site-packages/airflow/example_dags/example_sla_dag.py
[2025-07-03T18:01:05.237+0000] {processor.py:840} INFO - DAG(s) 'example_sla_dag' retrieved from /home/airflow/.local/lib/python3.8/site-packages/airflow/example_dags/example_sla_dag.py
[2025-07-03T18:01:05.271+0000] {logging_mixin.py:188} INFO - [2025-07-03T18:01:05.271+0000] {dag.py:3036} INFO - Sync 1 DAGs
[2025-07-03T18:01:05.319+0000] {logging_mixin.py:188} INFO - [2025-07-03T18:01:05.318+0000] {dag.py:3823} INFO - Setting next_dagrun for example_sla_dag to 2025-07-03 17:58:00+00:00, run_after=2025-07-03 18:00:00+00:00
[2025-07-03T18:01:05.349+0000] {processor.py:183} INFO - Processing /home/airflow/.local/lib/python3.8/site-packages/airflow/example_dags/example_sla_dag.py took 0.135 seconds
[2025-07-03T18:01:36.090+0000] {processor.py:161} INFO - Started process (PID=3478) to work on /home/airflow/.local/lib/python3.8/site-packages/airflow/example_dags/example_sla_dag.py
[2025-07-03T18:01:36.101+0000] {processor.py:830} INFO - Processing file /home/airflow/.local/lib/python3.8/site-packages/airflow/example_dags/example_sla_dag.py for tasks to queue
[2025-07-03T18:01:36.104+0000] {logging_mixin.py:188} INFO - [2025-07-03T18:01:36.103+0000] {dagbag.py:538} INFO - Filling up the DagBag from /home/airflow/.local/lib/python3.8/site-packages/airflow/example_dags/example_sla_dag.py
[2025-07-03T18:01:36.142+0000] {processor.py:840} INFO - DAG(s) 'example_sla_dag' retrieved from /home/airflow/.local/lib/python3.8/site-packages/airflow/example_dags/example_sla_dag.py
[2025-07-03T18:01:36.222+0000] {logging_mixin.py:188} INFO - [2025-07-03T18:01:36.221+0000] {dag.py:3036} INFO - Sync 1 DAGs
[2025-07-03T18:01:36.355+0000] {logging_mixin.py:188} INFO - [2025-07-03T18:01:36.354+0000] {dag.py:3823} INFO - Setting next_dagrun for example_sla_dag to 2025-07-03 17:58:00+00:00, run_after=2025-07-03 18:00:00+00:00
[2025-07-03T18:01:36.417+0000] {processor.py:183} INFO - Processing /home/airflow/.local/lib/python3.8/site-packages/airflow/example_dags/example_sla_dag.py took 0.332 seconds
[2025-07-03T18:02:08.665+0000] {processor.py:161} INFO - Started process (PID=3543) to work on /home/airflow/.local/lib/python3.8/site-packages/airflow/example_dags/example_sla_dag.py
[2025-07-03T18:02:08.673+0000] {processor.py:830} INFO - Processing file /home/airflow/.local/lib/python3.8/site-packages/airflow/example_dags/example_sla_dag.py for tasks to queue
[2025-07-03T18:02:08.676+0000] {logging_mixin.py:188} INFO - [2025-07-03T18:02:08.675+0000] {dagbag.py:538} INFO - Filling up the DagBag from /home/airflow/.local/lib/python3.8/site-packages/airflow/example_dags/example_sla_dag.py
[2025-07-03T18:02:08.707+0000] {processor.py:840} INFO - DAG(s) 'example_sla_dag' retrieved from /home/airflow/.local/lib/python3.8/site-packages/airflow/example_dags/example_sla_dag.py
[2025-07-03T18:02:08.758+0000] {logging_mixin.py:188} INFO - [2025-07-03T18:02:08.757+0000] {dag.py:3036} INFO - Sync 1 DAGs
[2025-07-03T18:02:09.336+0000] {logging_mixin.py:188} INFO - [2025-07-03T18:02:09.336+0000] {dag.py:3823} INFO - Setting next_dagrun for example_sla_dag to 2025-07-03 18:00:00+00:00, run_after=2025-07-03 18:02:00+00:00
[2025-07-03T18:02:09.377+0000] {processor.py:183} INFO - Processing /home/airflow/.local/lib/python3.8/site-packages/airflow/example_dags/example_sla_dag.py took 0.716 seconds
[2025-07-03T18:02:39.818+0000] {processor.py:161} INFO - Started process (PID=3601) to work on /home/airflow/.local/lib/python3.8/site-packages/airflow/example_dags/example_sla_dag.py
[2025-07-03T18:02:39.820+0000] {processor.py:830} INFO - Processing file /home/airflow/.local/lib/python3.8/site-packages/airflow/example_dags/example_sla_dag.py for tasks to queue
[2025-07-03T18:02:39.822+0000] {logging_mixin.py:188} INFO - [2025-07-03T18:02:39.822+0000] {dagbag.py:538} INFO - Filling up the DagBag from /home/airflow/.local/lib/python3.8/site-packages/airflow/example_dags/example_sla_dag.py
[2025-07-03T18:02:39.835+0000] {processor.py:840} INFO - DAG(s) 'example_sla_dag' retrieved from /home/airflow/.local/lib/python3.8/site-packages/airflow/example_dags/example_sla_dag.py
[2025-07-03T18:02:39.866+0000] {logging_mixin.py:188} INFO - [2025-07-03T18:02:39.865+0000] {dag.py:3036} INFO - Sync 1 DAGs
[2025-07-03T18:02:39.988+0000] {logging_mixin.py:188} INFO - [2025-07-03T18:02:39.988+0000] {dag.py:3823} INFO - Setting next_dagrun for example_sla_dag to 2025-07-03 18:00:00+00:00, run_after=2025-07-03 18:02:00+00:00
[2025-07-03T18:02:40.191+0000] {processor.py:183} INFO - Processing /home/airflow/.local/lib/python3.8/site-packages/airflow/example_dags/example_sla_dag.py took 0.377 seconds
[2025-07-03T18:03:11.324+0000] {processor.py:161} INFO - Started process (PID=3666) to work on /home/airflow/.local/lib/python3.8/site-packages/airflow/example_dags/example_sla_dag.py
[2025-07-03T18:03:11.353+0000] {processor.py:830} INFO - Processing file /home/airflow/.local/lib/python3.8/site-packages/airflow/example_dags/example_sla_dag.py for tasks to queue
[2025-07-03T18:03:11.355+0000] {logging_mixin.py:188} INFO - [2025-07-03T18:03:11.355+0000] {dagbag.py:538} INFO - Filling up the DagBag from /home/airflow/.local/lib/python3.8/site-packages/airflow/example_dags/example_sla_dag.py
[2025-07-03T18:03:11.422+0000] {processor.py:840} INFO - DAG(s) 'example_sla_dag' retrieved from /home/airflow/.local/lib/python3.8/site-packages/airflow/example_dags/example_sla_dag.py
[2025-07-03T18:03:11.574+0000] {logging_mixin.py:188} INFO - [2025-07-03T18:03:11.574+0000] {dag.py:3036} INFO - Sync 1 DAGs
[2025-07-03T18:03:11.958+0000] {logging_mixin.py:188} INFO - [2025-07-03T18:03:11.957+0000] {dag.py:3823} INFO - Setting next_dagrun for example_sla_dag to 2025-07-03 18:00:00+00:00, run_after=2025-07-03 18:02:00+00:00
[2025-07-03T18:03:12.220+0000] {processor.py:183} INFO - Processing /home/airflow/.local/lib/python3.8/site-packages/airflow/example_dags/example_sla_dag.py took 0.927 seconds
[2025-07-03T18:04:40.124+0000] {processor.py:161} INFO - Started process (PID=3746) to work on /home/airflow/.local/lib/python3.8/site-packages/airflow/example_dags/example_sla_dag.py
[2025-07-03T18:04:40.273+0000] {processor.py:830} INFO - Processing file /home/airflow/.local/lib/python3.8/site-packages/airflow/example_dags/example_sla_dag.py for tasks to queue
[2025-07-03T18:04:40.294+0000] {logging_mixin.py:188} INFO - [2025-07-03T18:04:40.293+0000] {dagbag.py:538} INFO - Filling up the DagBag from /home/airflow/.local/lib/python3.8/site-packages/airflow/example_dags/example_sla_dag.py
[2025-07-03T18:04:40.540+0000] {processor.py:840} INFO - DAG(s) 'example_sla_dag' retrieved from /home/airflow/.local/lib/python3.8/site-packages/airflow/example_dags/example_sla_dag.py
[2025-07-03T18:04:41.196+0000] {logging_mixin.py:188} INFO - [2025-07-03T18:04:41.196+0000] {dag.py:3036} INFO - Sync 1 DAGs
[2025-07-03T18:04:42.155+0000] {logging_mixin.py:188} INFO - [2025-07-03T18:04:42.154+0000] {dag.py:3823} INFO - Setting next_dagrun for example_sla_dag to 2025-07-03 18:02:00+00:00, run_after=2025-07-03 18:04:00+00:00
[2025-07-03T18:04:42.986+0000] {processor.py:183} INFO - Processing /home/airflow/.local/lib/python3.8/site-packages/airflow/example_dags/example_sla_dag.py took 3.003 seconds
[2025-07-03T18:07:08.199+0000] {processor.py:161} INFO - Started process (PID=3864) to work on /home/airflow/.local/lib/python3.8/site-packages/airflow/example_dags/example_sla_dag.py
[2025-07-03T18:07:08.250+0000] {processor.py:830} INFO - Processing file /home/airflow/.local/lib/python3.8/site-packages/airflow/example_dags/example_sla_dag.py for tasks to queue
[2025-07-03T18:07:08.319+0000] {logging_mixin.py:188} INFO - [2025-07-03T18:07:08.318+0000] {dagbag.py:538} INFO - Filling up the DagBag from /home/airflow/.local/lib/python3.8/site-packages/airflow/example_dags/example_sla_dag.py
[2025-07-03T18:07:08.906+0000] {processor.py:840} INFO - DAG(s) 'example_sla_dag' retrieved from /home/airflow/.local/lib/python3.8/site-packages/airflow/example_dags/example_sla_dag.py
[2025-07-03T18:07:09.732+0000] {logging_mixin.py:188} INFO - [2025-07-03T18:07:09.731+0000] {dag.py:3036} INFO - Sync 1 DAGs
[2025-07-03T18:07:11.332+0000] {logging_mixin.py:188} INFO - [2025-07-03T18:07:11.331+0000] {dag.py:3823} INFO - Setting next_dagrun for example_sla_dag to 2025-07-03 18:04:00+00:00, run_after=2025-07-03 18:06:00+00:00
[2025-07-03T18:07:12.316+0000] {processor.py:183} INFO - Processing /home/airflow/.local/lib/python3.8/site-packages/airflow/example_dags/example_sla_dag.py took 4.232 seconds
[2025-07-03T18:21:14.728+0000] {processor.py:161} INFO - Started process (PID=128) to work on /home/airflow/.local/lib/python3.8/site-packages/airflow/example_dags/example_sla_dag.py
[2025-07-03T18:21:14.734+0000] {processor.py:830} INFO - Processing file /home/airflow/.local/lib/python3.8/site-packages/airflow/example_dags/example_sla_dag.py for tasks to queue
[2025-07-03T18:21:14.738+0000] {logging_mixin.py:188} INFO - [2025-07-03T18:21:14.737+0000] {dagbag.py:538} INFO - Filling up the DagBag from /home/airflow/.local/lib/python3.8/site-packages/airflow/example_dags/example_sla_dag.py
[2025-07-03T18:21:14.752+0000] {processor.py:840} INFO - DAG(s) 'example_sla_dag' retrieved from /home/airflow/.local/lib/python3.8/site-packages/airflow/example_dags/example_sla_dag.py
[2025-07-03T18:21:14.782+0000] {logging_mixin.py:188} INFO - [2025-07-03T18:21:14.782+0000] {dag.py:3036} INFO - Sync 1 DAGs
[2025-07-03T18:21:14.830+0000] {logging_mixin.py:188} INFO - [2025-07-03T18:21:14.830+0000] {dag.py:3823} INFO - Setting next_dagrun for example_sla_dag to 2025-07-03 18:18:00+00:00, run_after=2025-07-03 18:20:00+00:00
[2025-07-03T18:21:14.862+0000] {processor.py:183} INFO - Processing /home/airflow/.local/lib/python3.8/site-packages/airflow/example_dags/example_sla_dag.py took 0.138 seconds
[2025-07-03T18:21:45.593+0000] {processor.py:161} INFO - Started process (PID=193) to work on /home/airflow/.local/lib/python3.8/site-packages/airflow/example_dags/example_sla_dag.py
[2025-07-03T18:21:45.594+0000] {processor.py:830} INFO - Processing file /home/airflow/.local/lib/python3.8/site-packages/airflow/example_dags/example_sla_dag.py for tasks to queue
[2025-07-03T18:21:45.597+0000] {logging_mixin.py:188} INFO - [2025-07-03T18:21:45.597+0000] {dagbag.py:538} INFO - Filling up the DagBag from /home/airflow/.local/lib/python3.8/site-packages/airflow/example_dags/example_sla_dag.py
[2025-07-03T18:21:45.612+0000] {processor.py:840} INFO - DAG(s) 'example_sla_dag' retrieved from /home/airflow/.local/lib/python3.8/site-packages/airflow/example_dags/example_sla_dag.py
[2025-07-03T18:21:45.645+0000] {logging_mixin.py:188} INFO - [2025-07-03T18:21:45.645+0000] {dag.py:3036} INFO - Sync 1 DAGs
[2025-07-03T18:21:45.699+0000] {logging_mixin.py:188} INFO - [2025-07-03T18:21:45.699+0000] {dag.py:3823} INFO - Setting next_dagrun for example_sla_dag to 2025-07-03 18:18:00+00:00, run_after=2025-07-03 18:20:00+00:00
[2025-07-03T18:21:45.730+0000] {processor.py:183} INFO - Processing /home/airflow/.local/lib/python3.8/site-packages/airflow/example_dags/example_sla_dag.py took 0.142 seconds
[2025-07-03T18:22:15.978+0000] {processor.py:161} INFO - Started process (PID=258) to work on /home/airflow/.local/lib/python3.8/site-packages/airflow/example_dags/example_sla_dag.py
[2025-07-03T18:22:15.980+0000] {processor.py:830} INFO - Processing file /home/airflow/.local/lib/python3.8/site-packages/airflow/example_dags/example_sla_dag.py for tasks to queue
[2025-07-03T18:22:15.993+0000] {logging_mixin.py:188} INFO - [2025-07-03T18:22:15.993+0000] {dagbag.py:538} INFO - Filling up the DagBag from /home/airflow/.local/lib/python3.8/site-packages/airflow/example_dags/example_sla_dag.py
[2025-07-03T18:22:16.018+0000] {processor.py:840} INFO - DAG(s) 'example_sla_dag' retrieved from /home/airflow/.local/lib/python3.8/site-packages/airflow/example_dags/example_sla_dag.py
[2025-07-03T18:22:16.061+0000] {logging_mixin.py:188} INFO - [2025-07-03T18:22:16.060+0000] {dag.py:3036} INFO - Sync 1 DAGs
[2025-07-03T18:22:16.113+0000] {logging_mixin.py:188} INFO - [2025-07-03T18:22:16.112+0000] {dag.py:3823} INFO - Setting next_dagrun for example_sla_dag to 2025-07-03 18:20:00+00:00, run_after=2025-07-03 18:22:00+00:00
[2025-07-03T18:22:16.159+0000] {processor.py:183} INFO - Processing /home/airflow/.local/lib/python3.8/site-packages/airflow/example_dags/example_sla_dag.py took 0.185 seconds
[2025-07-03T18:22:47.915+0000] {processor.py:161} INFO - Started process (PID=325) to work on /home/airflow/.local/lib/python3.8/site-packages/airflow/example_dags/example_sla_dag.py
[2025-07-03T18:22:47.917+0000] {processor.py:830} INFO - Processing file /home/airflow/.local/lib/python3.8/site-packages/airflow/example_dags/example_sla_dag.py for tasks to queue
[2025-07-03T18:22:47.926+0000] {logging_mixin.py:188} INFO - [2025-07-03T18:22:47.926+0000] {dagbag.py:538} INFO - Filling up the DagBag from /home/airflow/.local/lib/python3.8/site-packages/airflow/example_dags/example_sla_dag.py
[2025-07-03T18:22:47.948+0000] {processor.py:840} INFO - DAG(s) 'example_sla_dag' retrieved from /home/airflow/.local/lib/python3.8/site-packages/airflow/example_dags/example_sla_dag.py
[2025-07-03T18:22:47.998+0000] {logging_mixin.py:188} INFO - [2025-07-03T18:22:47.998+0000] {dag.py:3036} INFO - Sync 1 DAGs
[2025-07-03T18:22:48.050+0000] {logging_mixin.py:188} INFO - [2025-07-03T18:22:48.050+0000] {dag.py:3823} INFO - Setting next_dagrun for example_sla_dag to 2025-07-03 18:20:00+00:00, run_after=2025-07-03 18:22:00+00:00
[2025-07-03T18:22:48.183+0000] {processor.py:183} INFO - Processing /home/airflow/.local/lib/python3.8/site-packages/airflow/example_dags/example_sla_dag.py took 0.277 seconds
[2025-07-03T18:23:18.410+0000] {processor.py:161} INFO - Started process (PID=398) to work on /home/airflow/.local/lib/python3.8/site-packages/airflow/example_dags/example_sla_dag.py
[2025-07-03T18:23:18.411+0000] {processor.py:830} INFO - Processing file /home/airflow/.local/lib/python3.8/site-packages/airflow/example_dags/example_sla_dag.py for tasks to queue
[2025-07-03T18:23:18.453+0000] {logging_mixin.py:188} INFO - [2025-07-03T18:23:18.453+0000] {dagbag.py:538} INFO - Filling up the DagBag from /home/airflow/.local/lib/python3.8/site-packages/airflow/example_dags/example_sla_dag.py
[2025-07-03T18:23:18.532+0000] {processor.py:840} INFO - DAG(s) 'example_sla_dag' retrieved from /home/airflow/.local/lib/python3.8/site-packages/airflow/example_dags/example_sla_dag.py
[2025-07-03T18:23:18.638+0000] {logging_mixin.py:188} INFO - [2025-07-03T18:23:18.637+0000] {dag.py:3036} INFO - Sync 1 DAGs
[2025-07-03T18:23:18.756+0000] {logging_mixin.py:188} INFO - [2025-07-03T18:23:18.756+0000] {dag.py:3823} INFO - Setting next_dagrun for example_sla_dag to 2025-07-03 18:20:00+00:00, run_after=2025-07-03 18:22:00+00:00
[2025-07-03T18:23:18.864+0000] {processor.py:183} INFO - Processing /home/airflow/.local/lib/python3.8/site-packages/airflow/example_dags/example_sla_dag.py took 0.476 seconds
[2025-07-03T18:23:49.919+0000] {processor.py:161} INFO - Started process (PID=464) to work on /home/airflow/.local/lib/python3.8/site-packages/airflow/example_dags/example_sla_dag.py
[2025-07-03T18:23:49.920+0000] {processor.py:830} INFO - Processing file /home/airflow/.local/lib/python3.8/site-packages/airflow/example_dags/example_sla_dag.py for tasks to queue
[2025-07-03T18:23:49.923+0000] {logging_mixin.py:188} INFO - [2025-07-03T18:23:49.922+0000] {dagbag.py:538} INFO - Filling up the DagBag from /home/airflow/.local/lib/python3.8/site-packages/airflow/example_dags/example_sla_dag.py
[2025-07-03T18:23:49.942+0000] {processor.py:840} INFO - DAG(s) 'example_sla_dag' retrieved from /home/airflow/.local/lib/python3.8/site-packages/airflow/example_dags/example_sla_dag.py
[2025-07-03T18:23:49.986+0000] {logging_mixin.py:188} INFO - [2025-07-03T18:23:49.986+0000] {dag.py:3036} INFO - Sync 1 DAGs
[2025-07-03T18:23:50.035+0000] {logging_mixin.py:188} INFO - [2025-07-03T18:23:50.035+0000] {dag.py:3823} INFO - Setting next_dagrun for example_sla_dag to 2025-07-03 18:20:00+00:00, run_after=2025-07-03 18:22:00+00:00
[2025-07-03T18:23:50.083+0000] {processor.py:183} INFO - Processing /home/airflow/.local/lib/python3.8/site-packages/airflow/example_dags/example_sla_dag.py took 0.169 seconds
[2025-07-03T18:24:20.376+0000] {processor.py:161} INFO - Started process (PID=530) to work on /home/airflow/.local/lib/python3.8/site-packages/airflow/example_dags/example_sla_dag.py
[2025-07-03T18:24:20.378+0000] {processor.py:830} INFO - Processing file /home/airflow/.local/lib/python3.8/site-packages/airflow/example_dags/example_sla_dag.py for tasks to queue
[2025-07-03T18:24:20.380+0000] {logging_mixin.py:188} INFO - [2025-07-03T18:24:20.379+0000] {dagbag.py:538} INFO - Filling up the DagBag from /home/airflow/.local/lib/python3.8/site-packages/airflow/example_dags/example_sla_dag.py
[2025-07-03T18:24:20.435+0000] {processor.py:840} INFO - DAG(s) 'example_sla_dag' retrieved from /home/airflow/.local/lib/python3.8/site-packages/airflow/example_dags/example_sla_dag.py
[2025-07-03T18:24:20.521+0000] {logging_mixin.py:188} INFO - [2025-07-03T18:24:20.521+0000] {dag.py:3036} INFO - Sync 1 DAGs
[2025-07-03T18:24:20.592+0000] {logging_mixin.py:188} INFO - [2025-07-03T18:24:20.592+0000] {dag.py:3823} INFO - Setting next_dagrun for example_sla_dag to 2025-07-03 18:22:00+00:00, run_after=2025-07-03 18:24:00+00:00
[2025-07-03T18:24:20.637+0000] {processor.py:183} INFO - Processing /home/airflow/.local/lib/python3.8/site-packages/airflow/example_dags/example_sla_dag.py took 0.269 seconds
