[2025-07-03T17:35:24.571+0000] {processor.py:161} INFO - Started process (PID=209) to work on /home/airflow/.local/lib/python3.8/site-packages/airflow/example_dags/tutorial.py
[2025-07-03T17:35:24.572+0000] {processor.py:830} INFO - Processing file /home/airflow/.local/lib/python3.8/site-packages/airflow/example_dags/tutorial.py for tasks to queue
[2025-07-03T17:35:24.574+0000] {logging_mixin.py:188} INFO - [2025-07-03T17:35:24.574+0000] {dagbag.py:538} INFO - Filling up the DagBag from /home/airflow/.local/lib/python3.8/site-packages/airflow/example_dags/tutorial.py
[2025-07-03T17:35:24.589+0000] {processor.py:840} INFO - DAG(s) 'tutorial' retrieved from /home/airflow/.local/lib/python3.8/site-packages/airflow/example_dags/tutorial.py
[2025-07-03T17:35:25.011+0000] {logging_mixin.py:188} INFO - [2025-07-03T17:35:25.010+0000] {dag.py:3036} INFO - Sync 1 DAGs
[2025-07-03T17:35:25.101+0000] {logging_mixin.py:188} INFO - [2025-07-03T17:35:25.101+0000] {dag.py:3823} INFO - Setting next_dagrun for tutorial to 2025-07-02 00:00:00+00:00, run_after=2025-07-03 00:00:00+00:00
[2025-07-03T17:35:25.198+0000] {processor.py:183} INFO - Processing /home/airflow/.local/lib/python3.8/site-packages/airflow/example_dags/tutorial.py took 0.640 seconds
[2025-07-03T17:35:59.972+0000] {processor.py:161} INFO - Started process (PID=273) to work on /home/airflow/.local/lib/python3.8/site-packages/airflow/example_dags/tutorial.py
[2025-07-03T17:35:59.995+0000] {processor.py:830} INFO - Processing file /home/airflow/.local/lib/python3.8/site-packages/airflow/example_dags/tutorial.py for tasks to queue
[2025-07-03T17:36:00.026+0000] {logging_mixin.py:188} INFO - [2025-07-03T17:36:00.008+0000] {dagbag.py:538} INFO - Filling up the DagBag from /home/airflow/.local/lib/python3.8/site-packages/airflow/example_dags/tutorial.py
[2025-07-03T17:36:00.107+0000] {processor.py:840} INFO - DAG(s) 'tutorial' retrieved from /home/airflow/.local/lib/python3.8/site-packages/airflow/example_dags/tutorial.py
[2025-07-03T17:36:00.261+0000] {logging_mixin.py:188} INFO - [2025-07-03T17:36:00.247+0000] {dag.py:3036} INFO - Sync 1 DAGs
[2025-07-03T17:36:00.435+0000] {logging_mixin.py:188} INFO - [2025-07-03T17:36:00.434+0000] {dag.py:3823} INFO - Setting next_dagrun for tutorial to 2025-07-02 00:00:00+00:00, run_after=2025-07-03 00:00:00+00:00
[2025-07-03T17:36:00.645+0000] {processor.py:183} INFO - Processing /home/airflow/.local/lib/python3.8/site-packages/airflow/example_dags/tutorial.py took 0.691 seconds
[2025-07-03T17:36:30.741+0000] {processor.py:161} INFO - Started process (PID=335) to work on /home/airflow/.local/lib/python3.8/site-packages/airflow/example_dags/tutorial.py
[2025-07-03T17:36:30.754+0000] {processor.py:830} INFO - Processing file /home/airflow/.local/lib/python3.8/site-packages/airflow/example_dags/tutorial.py for tasks to queue
[2025-07-03T17:36:30.767+0000] {logging_mixin.py:188} INFO - [2025-07-03T17:36:30.767+0000] {dagbag.py:538} INFO - Filling up the DagBag from /home/airflow/.local/lib/python3.8/site-packages/airflow/example_dags/tutorial.py
[2025-07-03T17:36:30.796+0000] {processor.py:840} INFO - DAG(s) 'tutorial' retrieved from /home/airflow/.local/lib/python3.8/site-packages/airflow/example_dags/tutorial.py
[2025-07-03T17:36:30.947+0000] {logging_mixin.py:188} INFO - [2025-07-03T17:36:30.947+0000] {dag.py:3036} INFO - Sync 1 DAGs
[2025-07-03T17:36:31.149+0000] {logging_mixin.py:188} INFO - [2025-07-03T17:36:31.149+0000] {dag.py:3823} INFO - Setting next_dagrun for tutorial to 2025-07-02 00:00:00+00:00, run_after=2025-07-03 00:00:00+00:00
[2025-07-03T17:36:31.390+0000] {processor.py:183} INFO - Processing /home/airflow/.local/lib/python3.8/site-packages/airflow/example_dags/tutorial.py took 0.654 seconds
[2025-07-03T17:37:01.730+0000] {processor.py:161} INFO - Started process (PID=393) to work on /home/airflow/.local/lib/python3.8/site-packages/airflow/example_dags/tutorial.py
[2025-07-03T17:37:01.735+0000] {processor.py:830} INFO - Processing file /home/airflow/.local/lib/python3.8/site-packages/airflow/example_dags/tutorial.py for tasks to queue
[2025-07-03T17:37:01.738+0000] {logging_mixin.py:188} INFO - [2025-07-03T17:37:01.737+0000] {dagbag.py:538} INFO - Filling up the DagBag from /home/airflow/.local/lib/python3.8/site-packages/airflow/example_dags/tutorial.py
[2025-07-03T17:37:01.762+0000] {processor.py:840} INFO - DAG(s) 'tutorial' retrieved from /home/airflow/.local/lib/python3.8/site-packages/airflow/example_dags/tutorial.py
[2025-07-03T17:37:01.821+0000] {logging_mixin.py:188} INFO - [2025-07-03T17:37:01.820+0000] {dag.py:3036} INFO - Sync 1 DAGs
[2025-07-03T17:37:01.867+0000] {logging_mixin.py:188} INFO - [2025-07-03T17:37:01.867+0000] {dag.py:3823} INFO - Setting next_dagrun for tutorial to 2025-07-02 00:00:00+00:00, run_after=2025-07-03 00:00:00+00:00
[2025-07-03T17:37:01.921+0000] {processor.py:183} INFO - Processing /home/airflow/.local/lib/python3.8/site-packages/airflow/example_dags/tutorial.py took 0.200 seconds
[2025-07-03T17:37:32.808+0000] {processor.py:161} INFO - Started process (PID=455) to work on /home/airflow/.local/lib/python3.8/site-packages/airflow/example_dags/tutorial.py
[2025-07-03T17:37:32.839+0000] {processor.py:830} INFO - Processing file /home/airflow/.local/lib/python3.8/site-packages/airflow/example_dags/tutorial.py for tasks to queue
[2025-07-03T17:37:32.850+0000] {logging_mixin.py:188} INFO - [2025-07-03T17:37:32.849+0000] {dagbag.py:538} INFO - Filling up the DagBag from /home/airflow/.local/lib/python3.8/site-packages/airflow/example_dags/tutorial.py
[2025-07-03T17:37:32.891+0000] {processor.py:840} INFO - DAG(s) 'tutorial' retrieved from /home/airflow/.local/lib/python3.8/site-packages/airflow/example_dags/tutorial.py
[2025-07-03T17:37:33.090+0000] {logging_mixin.py:188} INFO - [2025-07-03T17:37:33.089+0000] {dag.py:3036} INFO - Sync 1 DAGs
[2025-07-03T17:37:33.383+0000] {logging_mixin.py:188} INFO - [2025-07-03T17:37:33.383+0000] {dag.py:3823} INFO - Setting next_dagrun for tutorial to 2025-07-02 00:00:00+00:00, run_after=2025-07-03 00:00:00+00:00
[2025-07-03T17:37:33.524+0000] {processor.py:183} INFO - Processing /home/airflow/.local/lib/python3.8/site-packages/airflow/example_dags/tutorial.py took 0.733 seconds
[2025-07-03T17:38:03.846+0000] {processor.py:161} INFO - Started process (PID=513) to work on /home/airflow/.local/lib/python3.8/site-packages/airflow/example_dags/tutorial.py
[2025-07-03T17:38:03.853+0000] {processor.py:830} INFO - Processing file /home/airflow/.local/lib/python3.8/site-packages/airflow/example_dags/tutorial.py for tasks to queue
[2025-07-03T17:38:03.855+0000] {logging_mixin.py:188} INFO - [2025-07-03T17:38:03.855+0000] {dagbag.py:538} INFO - Filling up the DagBag from /home/airflow/.local/lib/python3.8/site-packages/airflow/example_dags/tutorial.py
[2025-07-03T17:38:03.892+0000] {processor.py:840} INFO - DAG(s) 'tutorial' retrieved from /home/airflow/.local/lib/python3.8/site-packages/airflow/example_dags/tutorial.py
[2025-07-03T17:38:04.159+0000] {logging_mixin.py:188} INFO - [2025-07-03T17:38:04.159+0000] {dag.py:3036} INFO - Sync 1 DAGs
[2025-07-03T17:38:04.243+0000] {logging_mixin.py:188} INFO - [2025-07-03T17:38:04.243+0000] {dag.py:3823} INFO - Setting next_dagrun for tutorial to 2025-07-02 00:00:00+00:00, run_after=2025-07-03 00:00:00+00:00
[2025-07-03T17:38:04.441+0000] {processor.py:183} INFO - Processing /home/airflow/.local/lib/python3.8/site-packages/airflow/example_dags/tutorial.py took 0.614 seconds
[2025-07-03T17:38:34.794+0000] {processor.py:161} INFO - Started process (PID=578) to work on /home/airflow/.local/lib/python3.8/site-packages/airflow/example_dags/tutorial.py
[2025-07-03T17:38:34.802+0000] {processor.py:830} INFO - Processing file /home/airflow/.local/lib/python3.8/site-packages/airflow/example_dags/tutorial.py for tasks to queue
[2025-07-03T17:38:34.813+0000] {logging_mixin.py:188} INFO - [2025-07-03T17:38:34.812+0000] {dagbag.py:538} INFO - Filling up the DagBag from /home/airflow/.local/lib/python3.8/site-packages/airflow/example_dags/tutorial.py
[2025-07-03T17:38:34.845+0000] {processor.py:840} INFO - DAG(s) 'tutorial' retrieved from /home/airflow/.local/lib/python3.8/site-packages/airflow/example_dags/tutorial.py
[2025-07-03T17:38:34.939+0000] {logging_mixin.py:188} INFO - [2025-07-03T17:38:34.938+0000] {dag.py:3036} INFO - Sync 1 DAGs
[2025-07-03T17:38:35.051+0000] {logging_mixin.py:188} INFO - [2025-07-03T17:38:35.050+0000] {dag.py:3823} INFO - Setting next_dagrun for tutorial to 2025-07-02 00:00:00+00:00, run_after=2025-07-03 00:00:00+00:00
[2025-07-03T17:38:35.141+0000] {processor.py:183} INFO - Processing /home/airflow/.local/lib/python3.8/site-packages/airflow/example_dags/tutorial.py took 0.362 seconds
[2025-07-03T17:39:05.775+0000] {processor.py:161} INFO - Started process (PID=642) to work on /home/airflow/.local/lib/python3.8/site-packages/airflow/example_dags/tutorial.py
[2025-07-03T17:39:05.778+0000] {processor.py:830} INFO - Processing file /home/airflow/.local/lib/python3.8/site-packages/airflow/example_dags/tutorial.py for tasks to queue
[2025-07-03T17:39:05.781+0000] {logging_mixin.py:188} INFO - [2025-07-03T17:39:05.780+0000] {dagbag.py:538} INFO - Filling up the DagBag from /home/airflow/.local/lib/python3.8/site-packages/airflow/example_dags/tutorial.py
[2025-07-03T17:39:05.791+0000] {processor.py:840} INFO - DAG(s) 'tutorial' retrieved from /home/airflow/.local/lib/python3.8/site-packages/airflow/example_dags/tutorial.py
[2025-07-03T17:39:05.858+0000] {logging_mixin.py:188} INFO - [2025-07-03T17:39:05.858+0000] {dag.py:3036} INFO - Sync 1 DAGs
[2025-07-03T17:39:05.929+0000] {logging_mixin.py:188} INFO - [2025-07-03T17:39:05.928+0000] {dag.py:3823} INFO - Setting next_dagrun for tutorial to 2025-07-02 00:00:00+00:00, run_after=2025-07-03 00:00:00+00:00
[2025-07-03T17:39:05.989+0000] {processor.py:183} INFO - Processing /home/airflow/.local/lib/python3.8/site-packages/airflow/example_dags/tutorial.py took 0.219 seconds
[2025-07-03T17:39:36.611+0000] {processor.py:161} INFO - Started process (PID=708) to work on /home/airflow/.local/lib/python3.8/site-packages/airflow/example_dags/tutorial.py
[2025-07-03T17:39:36.613+0000] {processor.py:830} INFO - Processing file /home/airflow/.local/lib/python3.8/site-packages/airflow/example_dags/tutorial.py for tasks to queue
[2025-07-03T17:39:36.616+0000] {logging_mixin.py:188} INFO - [2025-07-03T17:39:36.616+0000] {dagbag.py:538} INFO - Filling up the DagBag from /home/airflow/.local/lib/python3.8/site-packages/airflow/example_dags/tutorial.py
[2025-07-03T17:39:36.630+0000] {processor.py:840} INFO - DAG(s) 'tutorial' retrieved from /home/airflow/.local/lib/python3.8/site-packages/airflow/example_dags/tutorial.py
[2025-07-03T17:39:36.668+0000] {logging_mixin.py:188} INFO - [2025-07-03T17:39:36.668+0000] {dag.py:3036} INFO - Sync 1 DAGs
[2025-07-03T17:39:36.747+0000] {logging_mixin.py:188} INFO - [2025-07-03T17:39:36.746+0000] {dag.py:3823} INFO - Setting next_dagrun for tutorial to 2025-07-02 00:00:00+00:00, run_after=2025-07-03 00:00:00+00:00
[2025-07-03T17:39:36.803+0000] {processor.py:183} INFO - Processing /home/airflow/.local/lib/python3.8/site-packages/airflow/example_dags/tutorial.py took 0.204 seconds
[2025-07-03T17:40:07.602+0000] {processor.py:161} INFO - Started process (PID=765) to work on /home/airflow/.local/lib/python3.8/site-packages/airflow/example_dags/tutorial.py
[2025-07-03T17:40:07.604+0000] {processor.py:830} INFO - Processing file /home/airflow/.local/lib/python3.8/site-packages/airflow/example_dags/tutorial.py for tasks to queue
[2025-07-03T17:40:07.607+0000] {logging_mixin.py:188} INFO - [2025-07-03T17:40:07.606+0000] {dagbag.py:538} INFO - Filling up the DagBag from /home/airflow/.local/lib/python3.8/site-packages/airflow/example_dags/tutorial.py
[2025-07-03T17:40:07.617+0000] {processor.py:840} INFO - DAG(s) 'tutorial' retrieved from /home/airflow/.local/lib/python3.8/site-packages/airflow/example_dags/tutorial.py
[2025-07-03T17:40:07.652+0000] {logging_mixin.py:188} INFO - [2025-07-03T17:40:07.652+0000] {dag.py:3036} INFO - Sync 1 DAGs
[2025-07-03T17:40:07.700+0000] {logging_mixin.py:188} INFO - [2025-07-03T17:40:07.700+0000] {dag.py:3823} INFO - Setting next_dagrun for tutorial to 2025-07-02 00:00:00+00:00, run_after=2025-07-03 00:00:00+00:00
[2025-07-03T17:40:07.731+0000] {processor.py:183} INFO - Processing /home/airflow/.local/lib/python3.8/site-packages/airflow/example_dags/tutorial.py took 0.135 seconds
[2025-07-03T17:40:38.037+0000] {processor.py:161} INFO - Started process (PID=831) to work on /home/airflow/.local/lib/python3.8/site-packages/airflow/example_dags/tutorial.py
[2025-07-03T17:40:38.039+0000] {processor.py:830} INFO - Processing file /home/airflow/.local/lib/python3.8/site-packages/airflow/example_dags/tutorial.py for tasks to queue
[2025-07-03T17:40:38.041+0000] {logging_mixin.py:188} INFO - [2025-07-03T17:40:38.041+0000] {dagbag.py:538} INFO - Filling up the DagBag from /home/airflow/.local/lib/python3.8/site-packages/airflow/example_dags/tutorial.py
[2025-07-03T17:40:38.050+0000] {processor.py:840} INFO - DAG(s) 'tutorial' retrieved from /home/airflow/.local/lib/python3.8/site-packages/airflow/example_dags/tutorial.py
[2025-07-03T17:40:38.084+0000] {logging_mixin.py:188} INFO - [2025-07-03T17:40:38.084+0000] {dag.py:3036} INFO - Sync 1 DAGs
[2025-07-03T17:40:38.125+0000] {logging_mixin.py:188} INFO - [2025-07-03T17:40:38.125+0000] {dag.py:3823} INFO - Setting next_dagrun for tutorial to 2025-07-02 00:00:00+00:00, run_after=2025-07-03 00:00:00+00:00
[2025-07-03T17:40:38.155+0000] {processor.py:183} INFO - Processing /home/airflow/.local/lib/python3.8/site-packages/airflow/example_dags/tutorial.py took 0.123 seconds
[2025-07-03T17:41:08.607+0000] {processor.py:161} INFO - Started process (PID=895) to work on /home/airflow/.local/lib/python3.8/site-packages/airflow/example_dags/tutorial.py
[2025-07-03T17:41:08.609+0000] {processor.py:830} INFO - Processing file /home/airflow/.local/lib/python3.8/site-packages/airflow/example_dags/tutorial.py for tasks to queue
[2025-07-03T17:41:08.611+0000] {logging_mixin.py:188} INFO - [2025-07-03T17:41:08.611+0000] {dagbag.py:538} INFO - Filling up the DagBag from /home/airflow/.local/lib/python3.8/site-packages/airflow/example_dags/tutorial.py
[2025-07-03T17:41:08.620+0000] {processor.py:840} INFO - DAG(s) 'tutorial' retrieved from /home/airflow/.local/lib/python3.8/site-packages/airflow/example_dags/tutorial.py
[2025-07-03T17:41:08.655+0000] {logging_mixin.py:188} INFO - [2025-07-03T17:41:08.655+0000] {dag.py:3036} INFO - Sync 1 DAGs
[2025-07-03T17:41:08.699+0000] {logging_mixin.py:188} INFO - [2025-07-03T17:41:08.699+0000] {dag.py:3823} INFO - Setting next_dagrun for tutorial to 2025-07-02 00:00:00+00:00, run_after=2025-07-03 00:00:00+00:00
[2025-07-03T17:41:08.731+0000] {processor.py:183} INFO - Processing /home/airflow/.local/lib/python3.8/site-packages/airflow/example_dags/tutorial.py took 0.129 seconds
[2025-07-03T17:41:38.875+0000] {processor.py:161} INFO - Started process (PID=961) to work on /home/airflow/.local/lib/python3.8/site-packages/airflow/example_dags/tutorial.py
[2025-07-03T17:41:38.877+0000] {processor.py:830} INFO - Processing file /home/airflow/.local/lib/python3.8/site-packages/airflow/example_dags/tutorial.py for tasks to queue
[2025-07-03T17:41:38.880+0000] {logging_mixin.py:188} INFO - [2025-07-03T17:41:38.879+0000] {dagbag.py:538} INFO - Filling up the DagBag from /home/airflow/.local/lib/python3.8/site-packages/airflow/example_dags/tutorial.py
[2025-07-03T17:41:38.890+0000] {processor.py:840} INFO - DAG(s) 'tutorial' retrieved from /home/airflow/.local/lib/python3.8/site-packages/airflow/example_dags/tutorial.py
[2025-07-03T17:41:38.938+0000] {logging_mixin.py:188} INFO - [2025-07-03T17:41:38.937+0000] {dag.py:3036} INFO - Sync 1 DAGs
[2025-07-03T17:41:39.034+0000] {logging_mixin.py:188} INFO - [2025-07-03T17:41:39.034+0000] {dag.py:3823} INFO - Setting next_dagrun for tutorial to 2025-07-02 00:00:00+00:00, run_after=2025-07-03 00:00:00+00:00
[2025-07-03T17:41:39.134+0000] {processor.py:183} INFO - Processing /home/airflow/.local/lib/python3.8/site-packages/airflow/example_dags/tutorial.py took 0.276 seconds
[2025-07-03T17:42:09.588+0000] {processor.py:161} INFO - Started process (PID=1026) to work on /home/airflow/.local/lib/python3.8/site-packages/airflow/example_dags/tutorial.py
[2025-07-03T17:42:09.605+0000] {processor.py:830} INFO - Processing file /home/airflow/.local/lib/python3.8/site-packages/airflow/example_dags/tutorial.py for tasks to queue
[2025-07-03T17:42:09.608+0000] {logging_mixin.py:188} INFO - [2025-07-03T17:42:09.607+0000] {dagbag.py:538} INFO - Filling up the DagBag from /home/airflow/.local/lib/python3.8/site-packages/airflow/example_dags/tutorial.py
[2025-07-03T17:42:09.617+0000] {processor.py:840} INFO - DAG(s) 'tutorial' retrieved from /home/airflow/.local/lib/python3.8/site-packages/airflow/example_dags/tutorial.py
[2025-07-03T17:42:09.711+0000] {logging_mixin.py:188} INFO - [2025-07-03T17:42:09.710+0000] {dag.py:3036} INFO - Sync 1 DAGs
[2025-07-03T17:42:09.809+0000] {logging_mixin.py:188} INFO - [2025-07-03T17:42:09.809+0000] {dag.py:3823} INFO - Setting next_dagrun for tutorial to 2025-07-02 00:00:00+00:00, run_after=2025-07-03 00:00:00+00:00
[2025-07-03T17:42:09.890+0000] {processor.py:183} INFO - Processing /home/airflow/.local/lib/python3.8/site-packages/airflow/example_dags/tutorial.py took 0.307 seconds
[2025-07-03T17:42:39.963+0000] {processor.py:161} INFO - Started process (PID=1091) to work on /home/airflow/.local/lib/python3.8/site-packages/airflow/example_dags/tutorial.py
[2025-07-03T17:42:39.973+0000] {processor.py:830} INFO - Processing file /home/airflow/.local/lib/python3.8/site-packages/airflow/example_dags/tutorial.py for tasks to queue
[2025-07-03T17:42:39.975+0000] {logging_mixin.py:188} INFO - [2025-07-03T17:42:39.975+0000] {dagbag.py:538} INFO - Filling up the DagBag from /home/airflow/.local/lib/python3.8/site-packages/airflow/example_dags/tutorial.py
[2025-07-03T17:42:39.993+0000] {processor.py:840} INFO - DAG(s) 'tutorial' retrieved from /home/airflow/.local/lib/python3.8/site-packages/airflow/example_dags/tutorial.py
[2025-07-03T17:42:40.086+0000] {logging_mixin.py:188} INFO - [2025-07-03T17:42:40.086+0000] {dag.py:3036} INFO - Sync 1 DAGs
[2025-07-03T17:42:40.173+0000] {logging_mixin.py:188} INFO - [2025-07-03T17:42:40.172+0000] {dag.py:3823} INFO - Setting next_dagrun for tutorial to 2025-07-02 00:00:00+00:00, run_after=2025-07-03 00:00:00+00:00
[2025-07-03T17:42:40.264+0000] {processor.py:183} INFO - Processing /home/airflow/.local/lib/python3.8/site-packages/airflow/example_dags/tutorial.py took 0.305 seconds
[2025-07-03T17:43:11.133+0000] {processor.py:161} INFO - Started process (PID=1156) to work on /home/airflow/.local/lib/python3.8/site-packages/airflow/example_dags/tutorial.py
[2025-07-03T17:43:11.135+0000] {processor.py:830} INFO - Processing file /home/airflow/.local/lib/python3.8/site-packages/airflow/example_dags/tutorial.py for tasks to queue
[2025-07-03T17:43:11.137+0000] {logging_mixin.py:188} INFO - [2025-07-03T17:43:11.137+0000] {dagbag.py:538} INFO - Filling up the DagBag from /home/airflow/.local/lib/python3.8/site-packages/airflow/example_dags/tutorial.py
[2025-07-03T17:43:11.147+0000] {processor.py:840} INFO - DAG(s) 'tutorial' retrieved from /home/airflow/.local/lib/python3.8/site-packages/airflow/example_dags/tutorial.py
[2025-07-03T17:43:11.179+0000] {logging_mixin.py:188} INFO - [2025-07-03T17:43:11.178+0000] {dag.py:3036} INFO - Sync 1 DAGs
[2025-07-03T17:43:11.224+0000] {logging_mixin.py:188} INFO - [2025-07-03T17:43:11.224+0000] {dag.py:3823} INFO - Setting next_dagrun for tutorial to 2025-07-02 00:00:00+00:00, run_after=2025-07-03 00:00:00+00:00
[2025-07-03T17:43:11.263+0000] {processor.py:183} INFO - Processing /home/airflow/.local/lib/python3.8/site-packages/airflow/example_dags/tutorial.py took 0.134 seconds
[2025-07-03T17:43:41.560+0000] {processor.py:161} INFO - Started process (PID=1229) to work on /home/airflow/.local/lib/python3.8/site-packages/airflow/example_dags/tutorial.py
[2025-07-03T17:43:41.569+0000] {processor.py:830} INFO - Processing file /home/airflow/.local/lib/python3.8/site-packages/airflow/example_dags/tutorial.py for tasks to queue
[2025-07-03T17:43:41.572+0000] {logging_mixin.py:188} INFO - [2025-07-03T17:43:41.571+0000] {dagbag.py:538} INFO - Filling up the DagBag from /home/airflow/.local/lib/python3.8/site-packages/airflow/example_dags/tutorial.py
[2025-07-03T17:43:41.588+0000] {processor.py:840} INFO - DAG(s) 'tutorial' retrieved from /home/airflow/.local/lib/python3.8/site-packages/airflow/example_dags/tutorial.py
[2025-07-03T17:43:41.624+0000] {logging_mixin.py:188} INFO - [2025-07-03T17:43:41.623+0000] {dag.py:3036} INFO - Sync 1 DAGs
[2025-07-03T17:43:41.679+0000] {logging_mixin.py:188} INFO - [2025-07-03T17:43:41.679+0000] {dag.py:3823} INFO - Setting next_dagrun for tutorial to 2025-07-02 00:00:00+00:00, run_after=2025-07-03 00:00:00+00:00
[2025-07-03T17:43:41.741+0000] {processor.py:183} INFO - Processing /home/airflow/.local/lib/python3.8/site-packages/airflow/example_dags/tutorial.py took 0.192 seconds
[2025-07-03T17:44:12.199+0000] {processor.py:161} INFO - Started process (PID=1295) to work on /home/airflow/.local/lib/python3.8/site-packages/airflow/example_dags/tutorial.py
[2025-07-03T17:44:12.213+0000] {processor.py:830} INFO - Processing file /home/airflow/.local/lib/python3.8/site-packages/airflow/example_dags/tutorial.py for tasks to queue
[2025-07-03T17:44:12.216+0000] {logging_mixin.py:188} INFO - [2025-07-03T17:44:12.215+0000] {dagbag.py:538} INFO - Filling up the DagBag from /home/airflow/.local/lib/python3.8/site-packages/airflow/example_dags/tutorial.py
[2025-07-03T17:44:12.233+0000] {processor.py:840} INFO - DAG(s) 'tutorial' retrieved from /home/airflow/.local/lib/python3.8/site-packages/airflow/example_dags/tutorial.py
[2025-07-03T17:44:12.290+0000] {logging_mixin.py:188} INFO - [2025-07-03T17:44:12.290+0000] {dag.py:3036} INFO - Sync 1 DAGs
[2025-07-03T17:44:12.387+0000] {logging_mixin.py:188} INFO - [2025-07-03T17:44:12.386+0000] {dag.py:3823} INFO - Setting next_dagrun for tutorial to 2025-07-02 00:00:00+00:00, run_after=2025-07-03 00:00:00+00:00
[2025-07-03T17:44:12.443+0000] {processor.py:183} INFO - Processing /home/airflow/.local/lib/python3.8/site-packages/airflow/example_dags/tutorial.py took 0.248 seconds
[2025-07-03T17:44:43.030+0000] {processor.py:161} INFO - Started process (PID=1358) to work on /home/airflow/.local/lib/python3.8/site-packages/airflow/example_dags/tutorial.py
[2025-07-03T17:44:43.031+0000] {processor.py:830} INFO - Processing file /home/airflow/.local/lib/python3.8/site-packages/airflow/example_dags/tutorial.py for tasks to queue
[2025-07-03T17:44:43.033+0000] {logging_mixin.py:188} INFO - [2025-07-03T17:44:43.033+0000] {dagbag.py:538} INFO - Filling up the DagBag from /home/airflow/.local/lib/python3.8/site-packages/airflow/example_dags/tutorial.py
[2025-07-03T17:44:43.046+0000] {processor.py:840} INFO - DAG(s) 'tutorial' retrieved from /home/airflow/.local/lib/python3.8/site-packages/airflow/example_dags/tutorial.py
[2025-07-03T17:44:43.112+0000] {logging_mixin.py:188} INFO - [2025-07-03T17:44:43.111+0000] {dag.py:3036} INFO - Sync 1 DAGs
[2025-07-03T17:44:43.179+0000] {logging_mixin.py:188} INFO - [2025-07-03T17:44:43.179+0000] {dag.py:3823} INFO - Setting next_dagrun for tutorial to 2025-07-02 00:00:00+00:00, run_after=2025-07-03 00:00:00+00:00
[2025-07-03T17:44:43.218+0000] {processor.py:183} INFO - Processing /home/airflow/.local/lib/python3.8/site-packages/airflow/example_dags/tutorial.py took 0.202 seconds
[2025-07-03T17:45:13.942+0000] {processor.py:161} INFO - Started process (PID=1415) to work on /home/airflow/.local/lib/python3.8/site-packages/airflow/example_dags/tutorial.py
[2025-07-03T17:45:13.944+0000] {processor.py:830} INFO - Processing file /home/airflow/.local/lib/python3.8/site-packages/airflow/example_dags/tutorial.py for tasks to queue
[2025-07-03T17:45:13.946+0000] {logging_mixin.py:188} INFO - [2025-07-03T17:45:13.946+0000] {dagbag.py:538} INFO - Filling up the DagBag from /home/airflow/.local/lib/python3.8/site-packages/airflow/example_dags/tutorial.py
[2025-07-03T17:45:13.960+0000] {processor.py:840} INFO - DAG(s) 'tutorial' retrieved from /home/airflow/.local/lib/python3.8/site-packages/airflow/example_dags/tutorial.py
[2025-07-03T17:45:13.997+0000] {logging_mixin.py:188} INFO - [2025-07-03T17:45:13.996+0000] {dag.py:3036} INFO - Sync 1 DAGs
[2025-07-03T17:45:14.038+0000] {logging_mixin.py:188} INFO - [2025-07-03T17:45:14.038+0000] {dag.py:3823} INFO - Setting next_dagrun for tutorial to 2025-07-02 00:00:00+00:00, run_after=2025-07-03 00:00:00+00:00
[2025-07-03T17:45:14.072+0000] {processor.py:183} INFO - Processing /home/airflow/.local/lib/python3.8/site-packages/airflow/example_dags/tutorial.py took 0.135 seconds
[2025-07-03T17:45:44.379+0000] {processor.py:161} INFO - Started process (PID=1480) to work on /home/airflow/.local/lib/python3.8/site-packages/airflow/example_dags/tutorial.py
[2025-07-03T17:45:44.380+0000] {processor.py:830} INFO - Processing file /home/airflow/.local/lib/python3.8/site-packages/airflow/example_dags/tutorial.py for tasks to queue
[2025-07-03T17:45:44.382+0000] {logging_mixin.py:188} INFO - [2025-07-03T17:45:44.382+0000] {dagbag.py:538} INFO - Filling up the DagBag from /home/airflow/.local/lib/python3.8/site-packages/airflow/example_dags/tutorial.py
[2025-07-03T17:45:44.391+0000] {processor.py:840} INFO - DAG(s) 'tutorial' retrieved from /home/airflow/.local/lib/python3.8/site-packages/airflow/example_dags/tutorial.py
[2025-07-03T17:45:44.421+0000] {logging_mixin.py:188} INFO - [2025-07-03T17:45:44.420+0000] {dag.py:3036} INFO - Sync 1 DAGs
[2025-07-03T17:45:44.463+0000] {logging_mixin.py:188} INFO - [2025-07-03T17:45:44.462+0000] {dag.py:3823} INFO - Setting next_dagrun for tutorial to 2025-07-02 00:00:00+00:00, run_after=2025-07-03 00:00:00+00:00
[2025-07-03T17:45:44.496+0000] {processor.py:183} INFO - Processing /home/airflow/.local/lib/python3.8/site-packages/airflow/example_dags/tutorial.py took 0.122 seconds
[2025-07-03T17:46:14.634+0000] {processor.py:161} INFO - Started process (PID=1544) to work on /home/airflow/.local/lib/python3.8/site-packages/airflow/example_dags/tutorial.py
[2025-07-03T17:46:14.635+0000] {processor.py:830} INFO - Processing file /home/airflow/.local/lib/python3.8/site-packages/airflow/example_dags/tutorial.py for tasks to queue
[2025-07-03T17:46:14.638+0000] {logging_mixin.py:188} INFO - [2025-07-03T17:46:14.638+0000] {dagbag.py:538} INFO - Filling up the DagBag from /home/airflow/.local/lib/python3.8/site-packages/airflow/example_dags/tutorial.py
[2025-07-03T17:46:14.647+0000] {processor.py:840} INFO - DAG(s) 'tutorial' retrieved from /home/airflow/.local/lib/python3.8/site-packages/airflow/example_dags/tutorial.py
[2025-07-03T17:46:14.678+0000] {logging_mixin.py:188} INFO - [2025-07-03T17:46:14.678+0000] {dag.py:3036} INFO - Sync 1 DAGs
[2025-07-03T17:46:14.719+0000] {logging_mixin.py:188} INFO - [2025-07-03T17:46:14.719+0000] {dag.py:3823} INFO - Setting next_dagrun for tutorial to 2025-07-02 00:00:00+00:00, run_after=2025-07-03 00:00:00+00:00
[2025-07-03T17:46:14.755+0000] {processor.py:183} INFO - Processing /home/airflow/.local/lib/python3.8/site-packages/airflow/example_dags/tutorial.py took 0.129 seconds
[2025-07-03T17:46:45.713+0000] {processor.py:161} INFO - Started process (PID=1608) to work on /home/airflow/.local/lib/python3.8/site-packages/airflow/example_dags/tutorial.py
[2025-07-03T17:46:45.714+0000] {processor.py:830} INFO - Processing file /home/airflow/.local/lib/python3.8/site-packages/airflow/example_dags/tutorial.py for tasks to queue
[2025-07-03T17:46:45.716+0000] {logging_mixin.py:188} INFO - [2025-07-03T17:46:45.715+0000] {dagbag.py:538} INFO - Filling up the DagBag from /home/airflow/.local/lib/python3.8/site-packages/airflow/example_dags/tutorial.py
[2025-07-03T17:46:45.725+0000] {processor.py:840} INFO - DAG(s) 'tutorial' retrieved from /home/airflow/.local/lib/python3.8/site-packages/airflow/example_dags/tutorial.py
[2025-07-03T17:46:45.759+0000] {logging_mixin.py:188} INFO - [2025-07-03T17:46:45.758+0000] {dag.py:3036} INFO - Sync 1 DAGs
[2025-07-03T17:46:45.814+0000] {logging_mixin.py:188} INFO - [2025-07-03T17:46:45.813+0000] {dag.py:3823} INFO - Setting next_dagrun for tutorial to 2025-07-02 00:00:00+00:00, run_after=2025-07-03 00:00:00+00:00
[2025-07-03T17:46:45.846+0000] {processor.py:183} INFO - Processing /home/airflow/.local/lib/python3.8/site-packages/airflow/example_dags/tutorial.py took 0.138 seconds
[2025-07-03T17:47:16.043+0000] {processor.py:161} INFO - Started process (PID=1673) to work on /home/airflow/.local/lib/python3.8/site-packages/airflow/example_dags/tutorial.py
[2025-07-03T17:47:16.049+0000] {processor.py:830} INFO - Processing file /home/airflow/.local/lib/python3.8/site-packages/airflow/example_dags/tutorial.py for tasks to queue
[2025-07-03T17:47:16.059+0000] {logging_mixin.py:188} INFO - [2025-07-03T17:47:16.059+0000] {dagbag.py:538} INFO - Filling up the DagBag from /home/airflow/.local/lib/python3.8/site-packages/airflow/example_dags/tutorial.py
[2025-07-03T17:47:16.068+0000] {processor.py:840} INFO - DAG(s) 'tutorial' retrieved from /home/airflow/.local/lib/python3.8/site-packages/airflow/example_dags/tutorial.py
[2025-07-03T17:47:16.132+0000] {logging_mixin.py:188} INFO - [2025-07-03T17:47:16.132+0000] {dag.py:3036} INFO - Sync 1 DAGs
[2025-07-03T17:47:16.210+0000] {logging_mixin.py:188} INFO - [2025-07-03T17:47:16.210+0000] {dag.py:3823} INFO - Setting next_dagrun for tutorial to 2025-07-02 00:00:00+00:00, run_after=2025-07-03 00:00:00+00:00
[2025-07-03T17:47:16.271+0000] {processor.py:183} INFO - Processing /home/airflow/.local/lib/python3.8/site-packages/airflow/example_dags/tutorial.py took 0.232 seconds
[2025-07-03T17:47:46.587+0000] {processor.py:161} INFO - Started process (PID=1738) to work on /home/airflow/.local/lib/python3.8/site-packages/airflow/example_dags/tutorial.py
[2025-07-03T17:47:46.597+0000] {processor.py:830} INFO - Processing file /home/airflow/.local/lib/python3.8/site-packages/airflow/example_dags/tutorial.py for tasks to queue
[2025-07-03T17:47:46.600+0000] {logging_mixin.py:188} INFO - [2025-07-03T17:47:46.599+0000] {dagbag.py:538} INFO - Filling up the DagBag from /home/airflow/.local/lib/python3.8/site-packages/airflow/example_dags/tutorial.py
[2025-07-03T17:47:46.608+0000] {processor.py:840} INFO - DAG(s) 'tutorial' retrieved from /home/airflow/.local/lib/python3.8/site-packages/airflow/example_dags/tutorial.py
[2025-07-03T17:47:46.686+0000] {logging_mixin.py:188} INFO - [2025-07-03T17:47:46.686+0000] {dag.py:3036} INFO - Sync 1 DAGs
[2025-07-03T17:47:46.737+0000] {logging_mixin.py:188} INFO - [2025-07-03T17:47:46.737+0000] {dag.py:3823} INFO - Setting next_dagrun for tutorial to 2025-07-02 00:00:00+00:00, run_after=2025-07-03 00:00:00+00:00
[2025-07-03T17:47:46.781+0000] {processor.py:183} INFO - Processing /home/airflow/.local/lib/python3.8/site-packages/airflow/example_dags/tutorial.py took 0.206 seconds
[2025-07-03T17:48:17.225+0000] {processor.py:161} INFO - Started process (PID=1803) to work on /home/airflow/.local/lib/python3.8/site-packages/airflow/example_dags/tutorial.py
[2025-07-03T17:48:17.232+0000] {processor.py:830} INFO - Processing file /home/airflow/.local/lib/python3.8/site-packages/airflow/example_dags/tutorial.py for tasks to queue
[2025-07-03T17:48:17.235+0000] {logging_mixin.py:188} INFO - [2025-07-03T17:48:17.235+0000] {dagbag.py:538} INFO - Filling up the DagBag from /home/airflow/.local/lib/python3.8/site-packages/airflow/example_dags/tutorial.py
[2025-07-03T17:48:17.244+0000] {processor.py:840} INFO - DAG(s) 'tutorial' retrieved from /home/airflow/.local/lib/python3.8/site-packages/airflow/example_dags/tutorial.py
[2025-07-03T17:48:17.334+0000] {logging_mixin.py:188} INFO - [2025-07-03T17:48:17.333+0000] {dag.py:3036} INFO - Sync 1 DAGs
[2025-07-03T17:48:17.432+0000] {logging_mixin.py:188} INFO - [2025-07-03T17:48:17.431+0000] {dag.py:3823} INFO - Setting next_dagrun for tutorial to 2025-07-02 00:00:00+00:00, run_after=2025-07-03 00:00:00+00:00
[2025-07-03T17:48:17.482+0000] {processor.py:183} INFO - Processing /home/airflow/.local/lib/python3.8/site-packages/airflow/example_dags/tutorial.py took 0.266 seconds
[2025-07-03T17:48:48.064+0000] {processor.py:161} INFO - Started process (PID=1868) to work on /home/airflow/.local/lib/python3.8/site-packages/airflow/example_dags/tutorial.py
[2025-07-03T17:48:48.065+0000] {processor.py:830} INFO - Processing file /home/airflow/.local/lib/python3.8/site-packages/airflow/example_dags/tutorial.py for tasks to queue
[2025-07-03T17:48:48.068+0000] {logging_mixin.py:188} INFO - [2025-07-03T17:48:48.068+0000] {dagbag.py:538} INFO - Filling up the DagBag from /home/airflow/.local/lib/python3.8/site-packages/airflow/example_dags/tutorial.py
[2025-07-03T17:48:48.078+0000] {processor.py:840} INFO - DAG(s) 'tutorial' retrieved from /home/airflow/.local/lib/python3.8/site-packages/airflow/example_dags/tutorial.py
[2025-07-03T17:48:48.112+0000] {logging_mixin.py:188} INFO - [2025-07-03T17:48:48.111+0000] {dag.py:3036} INFO - Sync 1 DAGs
[2025-07-03T17:48:48.157+0000] {logging_mixin.py:188} INFO - [2025-07-03T17:48:48.157+0000] {dag.py:3823} INFO - Setting next_dagrun for tutorial to 2025-07-02 00:00:00+00:00, run_after=2025-07-03 00:00:00+00:00
[2025-07-03T17:48:48.190+0000] {processor.py:183} INFO - Processing /home/airflow/.local/lib/python3.8/site-packages/airflow/example_dags/tutorial.py took 0.135 seconds
[2025-07-03T17:49:18.608+0000] {processor.py:161} INFO - Started process (PID=1941) to work on /home/airflow/.local/lib/python3.8/site-packages/airflow/example_dags/tutorial.py
[2025-07-03T17:49:18.625+0000] {processor.py:830} INFO - Processing file /home/airflow/.local/lib/python3.8/site-packages/airflow/example_dags/tutorial.py for tasks to queue
[2025-07-03T17:49:18.628+0000] {logging_mixin.py:188} INFO - [2025-07-03T17:49:18.627+0000] {dagbag.py:538} INFO - Filling up the DagBag from /home/airflow/.local/lib/python3.8/site-packages/airflow/example_dags/tutorial.py
[2025-07-03T17:49:18.636+0000] {processor.py:840} INFO - DAG(s) 'tutorial' retrieved from /home/airflow/.local/lib/python3.8/site-packages/airflow/example_dags/tutorial.py
[2025-07-03T17:49:18.704+0000] {logging_mixin.py:188} INFO - [2025-07-03T17:49:18.703+0000] {dag.py:3036} INFO - Sync 1 DAGs
[2025-07-03T17:49:18.782+0000] {logging_mixin.py:188} INFO - [2025-07-03T17:49:18.782+0000] {dag.py:3823} INFO - Setting next_dagrun for tutorial to 2025-07-02 00:00:00+00:00, run_after=2025-07-03 00:00:00+00:00
[2025-07-03T17:49:18.838+0000] {processor.py:183} INFO - Processing /home/airflow/.local/lib/python3.8/site-packages/airflow/example_dags/tutorial.py took 0.234 seconds
[2025-07-03T17:49:49.339+0000] {processor.py:161} INFO - Started process (PID=2008) to work on /home/airflow/.local/lib/python3.8/site-packages/airflow/example_dags/tutorial.py
[2025-07-03T17:49:49.340+0000] {processor.py:830} INFO - Processing file /home/airflow/.local/lib/python3.8/site-packages/airflow/example_dags/tutorial.py for tasks to queue
[2025-07-03T17:49:49.342+0000] {logging_mixin.py:188} INFO - [2025-07-03T17:49:49.342+0000] {dagbag.py:538} INFO - Filling up the DagBag from /home/airflow/.local/lib/python3.8/site-packages/airflow/example_dags/tutorial.py
[2025-07-03T17:49:49.364+0000] {processor.py:840} INFO - DAG(s) 'tutorial' retrieved from /home/airflow/.local/lib/python3.8/site-packages/airflow/example_dags/tutorial.py
[2025-07-03T17:49:49.422+0000] {logging_mixin.py:188} INFO - [2025-07-03T17:49:49.421+0000] {dag.py:3036} INFO - Sync 1 DAGs
[2025-07-03T17:49:49.480+0000] {logging_mixin.py:188} INFO - [2025-07-03T17:49:49.480+0000] {dag.py:3823} INFO - Setting next_dagrun for tutorial to 2025-07-02 00:00:00+00:00, run_after=2025-07-03 00:00:00+00:00
[2025-07-03T17:49:49.525+0000] {processor.py:183} INFO - Processing /home/airflow/.local/lib/python3.8/site-packages/airflow/example_dags/tutorial.py took 0.201 seconds
[2025-07-03T17:50:20.408+0000] {processor.py:161} INFO - Started process (PID=2074) to work on /home/airflow/.local/lib/python3.8/site-packages/airflow/example_dags/tutorial.py
[2025-07-03T17:50:20.433+0000] {processor.py:830} INFO - Processing file /home/airflow/.local/lib/python3.8/site-packages/airflow/example_dags/tutorial.py for tasks to queue
[2025-07-03T17:50:20.451+0000] {logging_mixin.py:188} INFO - [2025-07-03T17:50:20.450+0000] {dagbag.py:538} INFO - Filling up the DagBag from /home/airflow/.local/lib/python3.8/site-packages/airflow/example_dags/tutorial.py
[2025-07-03T17:50:20.468+0000] {processor.py:840} INFO - DAG(s) 'tutorial' retrieved from /home/airflow/.local/lib/python3.8/site-packages/airflow/example_dags/tutorial.py
[2025-07-03T17:50:20.566+0000] {logging_mixin.py:188} INFO - [2025-07-03T17:50:20.565+0000] {dag.py:3036} INFO - Sync 1 DAGs
[2025-07-03T17:50:20.657+0000] {logging_mixin.py:188} INFO - [2025-07-03T17:50:20.656+0000] {dag.py:3823} INFO - Setting next_dagrun for tutorial to 2025-07-02 00:00:00+00:00, run_after=2025-07-03 00:00:00+00:00
[2025-07-03T17:50:20.742+0000] {processor.py:183} INFO - Processing /home/airflow/.local/lib/python3.8/site-packages/airflow/example_dags/tutorial.py took 0.338 seconds
[2025-07-03T17:50:50.864+0000] {processor.py:161} INFO - Started process (PID=2138) to work on /home/airflow/.local/lib/python3.8/site-packages/airflow/example_dags/tutorial.py
[2025-07-03T17:50:50.865+0000] {processor.py:830} INFO - Processing file /home/airflow/.local/lib/python3.8/site-packages/airflow/example_dags/tutorial.py for tasks to queue
[2025-07-03T17:50:50.867+0000] {logging_mixin.py:188} INFO - [2025-07-03T17:50:50.867+0000] {dagbag.py:538} INFO - Filling up the DagBag from /home/airflow/.local/lib/python3.8/site-packages/airflow/example_dags/tutorial.py
[2025-07-03T17:50:50.875+0000] {processor.py:840} INFO - DAG(s) 'tutorial' retrieved from /home/airflow/.local/lib/python3.8/site-packages/airflow/example_dags/tutorial.py
[2025-07-03T17:50:50.905+0000] {logging_mixin.py:188} INFO - [2025-07-03T17:50:50.905+0000] {dag.py:3036} INFO - Sync 1 DAGs
[2025-07-03T17:50:50.939+0000] {logging_mixin.py:188} INFO - [2025-07-03T17:50:50.938+0000] {dag.py:3823} INFO - Setting next_dagrun for tutorial to 2025-07-02 00:00:00+00:00, run_after=2025-07-03 00:00:00+00:00
[2025-07-03T17:50:50.964+0000] {processor.py:183} INFO - Processing /home/airflow/.local/lib/python3.8/site-packages/airflow/example_dags/tutorial.py took 0.103 seconds
[2025-07-03T17:51:21.093+0000] {processor.py:161} INFO - Started process (PID=2203) to work on /home/airflow/.local/lib/python3.8/site-packages/airflow/example_dags/tutorial.py
[2025-07-03T17:51:21.095+0000] {processor.py:830} INFO - Processing file /home/airflow/.local/lib/python3.8/site-packages/airflow/example_dags/tutorial.py for tasks to queue
[2025-07-03T17:51:21.097+0000] {logging_mixin.py:188} INFO - [2025-07-03T17:51:21.097+0000] {dagbag.py:538} INFO - Filling up the DagBag from /home/airflow/.local/lib/python3.8/site-packages/airflow/example_dags/tutorial.py
[2025-07-03T17:51:21.107+0000] {processor.py:840} INFO - DAG(s) 'tutorial' retrieved from /home/airflow/.local/lib/python3.8/site-packages/airflow/example_dags/tutorial.py
[2025-07-03T17:51:21.145+0000] {logging_mixin.py:188} INFO - [2025-07-03T17:51:21.144+0000] {dag.py:3036} INFO - Sync 1 DAGs
[2025-07-03T17:51:21.186+0000] {logging_mixin.py:188} INFO - [2025-07-03T17:51:21.185+0000] {dag.py:3823} INFO - Setting next_dagrun for tutorial to 2025-07-02 00:00:00+00:00, run_after=2025-07-03 00:00:00+00:00
[2025-07-03T17:51:21.246+0000] {processor.py:183} INFO - Processing /home/airflow/.local/lib/python3.8/site-packages/airflow/example_dags/tutorial.py took 0.158 seconds
[2025-07-03T17:51:51.892+0000] {processor.py:161} INFO - Started process (PID=2268) to work on /home/airflow/.local/lib/python3.8/site-packages/airflow/example_dags/tutorial.py
[2025-07-03T17:51:51.902+0000] {processor.py:830} INFO - Processing file /home/airflow/.local/lib/python3.8/site-packages/airflow/example_dags/tutorial.py for tasks to queue
[2025-07-03T17:51:51.910+0000] {logging_mixin.py:188} INFO - [2025-07-03T17:51:51.909+0000] {dagbag.py:538} INFO - Filling up the DagBag from /home/airflow/.local/lib/python3.8/site-packages/airflow/example_dags/tutorial.py
[2025-07-03T17:51:51.925+0000] {processor.py:840} INFO - DAG(s) 'tutorial' retrieved from /home/airflow/.local/lib/python3.8/site-packages/airflow/example_dags/tutorial.py
[2025-07-03T17:51:52.016+0000] {logging_mixin.py:188} INFO - [2025-07-03T17:51:52.015+0000] {dag.py:3036} INFO - Sync 1 DAGs
[2025-07-03T17:51:52.115+0000] {logging_mixin.py:188} INFO - [2025-07-03T17:51:52.114+0000] {dag.py:3823} INFO - Setting next_dagrun for tutorial to 2025-07-02 00:00:00+00:00, run_after=2025-07-03 00:00:00+00:00
[2025-07-03T17:51:52.196+0000] {processor.py:183} INFO - Processing /home/airflow/.local/lib/python3.8/site-packages/airflow/example_dags/tutorial.py took 0.309 seconds
[2025-07-03T17:52:22.340+0000] {processor.py:161} INFO - Started process (PID=2334) to work on /home/airflow/.local/lib/python3.8/site-packages/airflow/example_dags/tutorial.py
[2025-07-03T17:52:22.349+0000] {processor.py:830} INFO - Processing file /home/airflow/.local/lib/python3.8/site-packages/airflow/example_dags/tutorial.py for tasks to queue
[2025-07-03T17:52:22.353+0000] {logging_mixin.py:188} INFO - [2025-07-03T17:52:22.352+0000] {dagbag.py:538} INFO - Filling up the DagBag from /home/airflow/.local/lib/python3.8/site-packages/airflow/example_dags/tutorial.py
[2025-07-03T17:52:22.389+0000] {processor.py:840} INFO - DAG(s) 'tutorial' retrieved from /home/airflow/.local/lib/python3.8/site-packages/airflow/example_dags/tutorial.py
[2025-07-03T17:52:22.466+0000] {logging_mixin.py:188} INFO - [2025-07-03T17:52:22.465+0000] {dag.py:3036} INFO - Sync 1 DAGs
[2025-07-03T17:52:22.567+0000] {logging_mixin.py:188} INFO - [2025-07-03T17:52:22.566+0000] {dag.py:3823} INFO - Setting next_dagrun for tutorial to 2025-07-02 00:00:00+00:00, run_after=2025-07-03 00:00:00+00:00
[2025-07-03T17:52:22.636+0000] {processor.py:183} INFO - Processing /home/airflow/.local/lib/python3.8/site-packages/airflow/example_dags/tutorial.py took 0.307 seconds
[2025-07-03T17:52:53.004+0000] {processor.py:161} INFO - Started process (PID=2400) to work on /home/airflow/.local/lib/python3.8/site-packages/airflow/example_dags/tutorial.py
[2025-07-03T17:52:53.010+0000] {processor.py:830} INFO - Processing file /home/airflow/.local/lib/python3.8/site-packages/airflow/example_dags/tutorial.py for tasks to queue
[2025-07-03T17:52:53.020+0000] {logging_mixin.py:188} INFO - [2025-07-03T17:52:53.019+0000] {dagbag.py:538} INFO - Filling up the DagBag from /home/airflow/.local/lib/python3.8/site-packages/airflow/example_dags/tutorial.py
[2025-07-03T17:52:53.051+0000] {processor.py:840} INFO - DAG(s) 'tutorial' retrieved from /home/airflow/.local/lib/python3.8/site-packages/airflow/example_dags/tutorial.py
[2025-07-03T17:52:53.156+0000] {logging_mixin.py:188} INFO - [2025-07-03T17:52:53.155+0000] {dag.py:3036} INFO - Sync 1 DAGs
[2025-07-03T17:52:53.271+0000] {logging_mixin.py:188} INFO - [2025-07-03T17:52:53.271+0000] {dag.py:3823} INFO - Setting next_dagrun for tutorial to 2025-07-02 00:00:00+00:00, run_after=2025-07-03 00:00:00+00:00
[2025-07-03T17:52:53.377+0000] {processor.py:183} INFO - Processing /home/airflow/.local/lib/python3.8/site-packages/airflow/example_dags/tutorial.py took 0.392 seconds
[2025-07-03T17:53:23.704+0000] {processor.py:161} INFO - Started process (PID=2466) to work on /home/airflow/.local/lib/python3.8/site-packages/airflow/example_dags/tutorial.py
[2025-07-03T17:53:23.722+0000] {processor.py:830} INFO - Processing file /home/airflow/.local/lib/python3.8/site-packages/airflow/example_dags/tutorial.py for tasks to queue
[2025-07-03T17:53:23.725+0000] {logging_mixin.py:188} INFO - [2025-07-03T17:53:23.724+0000] {dagbag.py:538} INFO - Filling up the DagBag from /home/airflow/.local/lib/python3.8/site-packages/airflow/example_dags/tutorial.py
[2025-07-03T17:53:23.744+0000] {processor.py:840} INFO - DAG(s) 'tutorial' retrieved from /home/airflow/.local/lib/python3.8/site-packages/airflow/example_dags/tutorial.py
[2025-07-03T17:53:23.822+0000] {logging_mixin.py:188} INFO - [2025-07-03T17:53:23.821+0000] {dag.py:3036} INFO - Sync 1 DAGs
[2025-07-03T17:53:23.947+0000] {logging_mixin.py:188} INFO - [2025-07-03T17:53:23.947+0000] {dag.py:3823} INFO - Setting next_dagrun for tutorial to 2025-07-02 00:00:00+00:00, run_after=2025-07-03 00:00:00+00:00
[2025-07-03T17:53:24.043+0000] {processor.py:183} INFO - Processing /home/airflow/.local/lib/python3.8/site-packages/airflow/example_dags/tutorial.py took 0.343 seconds
[2025-07-03T17:53:54.965+0000] {processor.py:161} INFO - Started process (PID=2531) to work on /home/airflow/.local/lib/python3.8/site-packages/airflow/example_dags/tutorial.py
[2025-07-03T17:53:55.057+0000] {processor.py:830} INFO - Processing file /home/airflow/.local/lib/python3.8/site-packages/airflow/example_dags/tutorial.py for tasks to queue
[2025-07-03T17:53:55.063+0000] {logging_mixin.py:188} INFO - [2025-07-03T17:53:55.062+0000] {dagbag.py:538} INFO - Filling up the DagBag from /home/airflow/.local/lib/python3.8/site-packages/airflow/example_dags/tutorial.py
[2025-07-03T17:53:55.095+0000] {processor.py:840} INFO - DAG(s) 'tutorial' retrieved from /home/airflow/.local/lib/python3.8/site-packages/airflow/example_dags/tutorial.py
[2025-07-03T17:53:55.266+0000] {logging_mixin.py:188} INFO - [2025-07-03T17:53:55.265+0000] {dag.py:3036} INFO - Sync 1 DAGs
[2025-07-03T17:53:55.395+0000] {logging_mixin.py:188} INFO - [2025-07-03T17:53:55.394+0000] {dag.py:3823} INFO - Setting next_dagrun for tutorial to 2025-07-02 00:00:00+00:00, run_after=2025-07-03 00:00:00+00:00
[2025-07-03T17:53:55.522+0000] {processor.py:183} INFO - Processing /home/airflow/.local/lib/python3.8/site-packages/airflow/example_dags/tutorial.py took 0.573 seconds
[2025-07-03T17:54:26.344+0000] {processor.py:161} INFO - Started process (PID=2596) to work on /home/airflow/.local/lib/python3.8/site-packages/airflow/example_dags/tutorial.py
[2025-07-03T17:54:26.354+0000] {processor.py:830} INFO - Processing file /home/airflow/.local/lib/python3.8/site-packages/airflow/example_dags/tutorial.py for tasks to queue
[2025-07-03T17:54:26.356+0000] {logging_mixin.py:188} INFO - [2025-07-03T17:54:26.356+0000] {dagbag.py:538} INFO - Filling up the DagBag from /home/airflow/.local/lib/python3.8/site-packages/airflow/example_dags/tutorial.py
[2025-07-03T17:54:26.364+0000] {processor.py:840} INFO - DAG(s) 'tutorial' retrieved from /home/airflow/.local/lib/python3.8/site-packages/airflow/example_dags/tutorial.py
[2025-07-03T17:54:26.411+0000] {logging_mixin.py:188} INFO - [2025-07-03T17:54:26.410+0000] {dag.py:3036} INFO - Sync 1 DAGs
[2025-07-03T17:54:26.454+0000] {logging_mixin.py:188} INFO - [2025-07-03T17:54:26.454+0000] {dag.py:3823} INFO - Setting next_dagrun for tutorial to 2025-07-02 00:00:00+00:00, run_after=2025-07-03 00:00:00+00:00
[2025-07-03T17:54:26.497+0000] {processor.py:183} INFO - Processing /home/airflow/.local/lib/python3.8/site-packages/airflow/example_dags/tutorial.py took 0.168 seconds
[2025-07-03T17:54:57.418+0000] {processor.py:161} INFO - Started process (PID=2660) to work on /home/airflow/.local/lib/python3.8/site-packages/airflow/example_dags/tutorial.py
[2025-07-03T17:54:57.421+0000] {processor.py:830} INFO - Processing file /home/airflow/.local/lib/python3.8/site-packages/airflow/example_dags/tutorial.py for tasks to queue
[2025-07-03T17:54:57.424+0000] {logging_mixin.py:188} INFO - [2025-07-03T17:54:57.424+0000] {dagbag.py:538} INFO - Filling up the DagBag from /home/airflow/.local/lib/python3.8/site-packages/airflow/example_dags/tutorial.py
[2025-07-03T17:54:57.449+0000] {processor.py:840} INFO - DAG(s) 'tutorial' retrieved from /home/airflow/.local/lib/python3.8/site-packages/airflow/example_dags/tutorial.py
[2025-07-03T17:54:57.510+0000] {logging_mixin.py:188} INFO - [2025-07-03T17:54:57.509+0000] {dag.py:3036} INFO - Sync 1 DAGs
[2025-07-03T17:54:57.575+0000] {logging_mixin.py:188} INFO - [2025-07-03T17:54:57.574+0000] {dag.py:3823} INFO - Setting next_dagrun for tutorial to 2025-07-02 00:00:00+00:00, run_after=2025-07-03 00:00:00+00:00
[2025-07-03T17:54:57.645+0000] {processor.py:183} INFO - Processing /home/airflow/.local/lib/python3.8/site-packages/airflow/example_dags/tutorial.py took 0.237 seconds
[2025-07-03T17:55:27.995+0000] {processor.py:161} INFO - Started process (PID=2725) to work on /home/airflow/.local/lib/python3.8/site-packages/airflow/example_dags/tutorial.py
[2025-07-03T17:55:27.996+0000] {processor.py:830} INFO - Processing file /home/airflow/.local/lib/python3.8/site-packages/airflow/example_dags/tutorial.py for tasks to queue
[2025-07-03T17:55:27.998+0000] {logging_mixin.py:188} INFO - [2025-07-03T17:55:27.998+0000] {dagbag.py:538} INFO - Filling up the DagBag from /home/airflow/.local/lib/python3.8/site-packages/airflow/example_dags/tutorial.py
[2025-07-03T17:55:28.007+0000] {processor.py:840} INFO - DAG(s) 'tutorial' retrieved from /home/airflow/.local/lib/python3.8/site-packages/airflow/example_dags/tutorial.py
[2025-07-03T17:55:28.038+0000] {logging_mixin.py:188} INFO - [2025-07-03T17:55:28.038+0000] {dag.py:3036} INFO - Sync 1 DAGs
[2025-07-03T17:55:28.077+0000] {logging_mixin.py:188} INFO - [2025-07-03T17:55:28.077+0000] {dag.py:3823} INFO - Setting next_dagrun for tutorial to 2025-07-02 00:00:00+00:00, run_after=2025-07-03 00:00:00+00:00
[2025-07-03T17:55:28.110+0000] {processor.py:183} INFO - Processing /home/airflow/.local/lib/python3.8/site-packages/airflow/example_dags/tutorial.py took 0.120 seconds
[2025-07-03T17:55:58.525+0000] {processor.py:161} INFO - Started process (PID=2790) to work on /home/airflow/.local/lib/python3.8/site-packages/airflow/example_dags/tutorial.py
[2025-07-03T17:55:58.527+0000] {processor.py:830} INFO - Processing file /home/airflow/.local/lib/python3.8/site-packages/airflow/example_dags/tutorial.py for tasks to queue
[2025-07-03T17:55:58.530+0000] {logging_mixin.py:188} INFO - [2025-07-03T17:55:58.530+0000] {dagbag.py:538} INFO - Filling up the DagBag from /home/airflow/.local/lib/python3.8/site-packages/airflow/example_dags/tutorial.py
[2025-07-03T17:55:58.539+0000] {processor.py:840} INFO - DAG(s) 'tutorial' retrieved from /home/airflow/.local/lib/python3.8/site-packages/airflow/example_dags/tutorial.py
[2025-07-03T17:55:58.574+0000] {logging_mixin.py:188} INFO - [2025-07-03T17:55:58.574+0000] {dag.py:3036} INFO - Sync 1 DAGs
[2025-07-03T17:55:58.618+0000] {logging_mixin.py:188} INFO - [2025-07-03T17:55:58.618+0000] {dag.py:3823} INFO - Setting next_dagrun for tutorial to 2025-07-02 00:00:00+00:00, run_after=2025-07-03 00:00:00+00:00
[2025-07-03T17:55:58.651+0000] {processor.py:183} INFO - Processing /home/airflow/.local/lib/python3.8/site-packages/airflow/example_dags/tutorial.py took 0.131 seconds
[2025-07-03T17:56:29.237+0000] {processor.py:161} INFO - Started process (PID=2856) to work on /home/airflow/.local/lib/python3.8/site-packages/airflow/example_dags/tutorial.py
[2025-07-03T17:56:29.249+0000] {processor.py:830} INFO - Processing file /home/airflow/.local/lib/python3.8/site-packages/airflow/example_dags/tutorial.py for tasks to queue
[2025-07-03T17:56:29.252+0000] {logging_mixin.py:188} INFO - [2025-07-03T17:56:29.251+0000] {dagbag.py:538} INFO - Filling up the DagBag from /home/airflow/.local/lib/python3.8/site-packages/airflow/example_dags/tutorial.py
[2025-07-03T17:56:29.267+0000] {processor.py:840} INFO - DAG(s) 'tutorial' retrieved from /home/airflow/.local/lib/python3.8/site-packages/airflow/example_dags/tutorial.py
[2025-07-03T17:56:29.385+0000] {logging_mixin.py:188} INFO - [2025-07-03T17:56:29.385+0000] {dag.py:3036} INFO - Sync 1 DAGs
[2025-07-03T17:56:29.532+0000] {logging_mixin.py:188} INFO - [2025-07-03T17:56:29.532+0000] {dag.py:3823} INFO - Setting next_dagrun for tutorial to 2025-07-02 00:00:00+00:00, run_after=2025-07-03 00:00:00+00:00
[2025-07-03T17:56:29.786+0000] {processor.py:183} INFO - Processing /home/airflow/.local/lib/python3.8/site-packages/airflow/example_dags/tutorial.py took 0.560 seconds
[2025-07-03T17:56:59.913+0000] {processor.py:161} INFO - Started process (PID=2920) to work on /home/airflow/.local/lib/python3.8/site-packages/airflow/example_dags/tutorial.py
[2025-07-03T17:56:59.917+0000] {processor.py:830} INFO - Processing file /home/airflow/.local/lib/python3.8/site-packages/airflow/example_dags/tutorial.py for tasks to queue
[2025-07-03T17:56:59.920+0000] {logging_mixin.py:188} INFO - [2025-07-03T17:56:59.920+0000] {dagbag.py:538} INFO - Filling up the DagBag from /home/airflow/.local/lib/python3.8/site-packages/airflow/example_dags/tutorial.py
[2025-07-03T17:56:59.946+0000] {processor.py:840} INFO - DAG(s) 'tutorial' retrieved from /home/airflow/.local/lib/python3.8/site-packages/airflow/example_dags/tutorial.py
[2025-07-03T17:57:00.058+0000] {logging_mixin.py:188} INFO - [2025-07-03T17:57:00.058+0000] {dag.py:3036} INFO - Sync 1 DAGs
[2025-07-03T17:57:00.195+0000] {logging_mixin.py:188} INFO - [2025-07-03T17:57:00.195+0000] {dag.py:3823} INFO - Setting next_dagrun for tutorial to 2025-07-02 00:00:00+00:00, run_after=2025-07-03 00:00:00+00:00
[2025-07-03T17:57:00.290+0000] {processor.py:183} INFO - Processing /home/airflow/.local/lib/python3.8/site-packages/airflow/example_dags/tutorial.py took 0.382 seconds
[2025-07-03T17:57:30.840+0000] {processor.py:161} INFO - Started process (PID=2976) to work on /home/airflow/.local/lib/python3.8/site-packages/airflow/example_dags/tutorial.py
[2025-07-03T17:57:30.864+0000] {processor.py:830} INFO - Processing file /home/airflow/.local/lib/python3.8/site-packages/airflow/example_dags/tutorial.py for tasks to queue
[2025-07-03T17:57:30.878+0000] {logging_mixin.py:188} INFO - [2025-07-03T17:57:30.877+0000] {dagbag.py:538} INFO - Filling up the DagBag from /home/airflow/.local/lib/python3.8/site-packages/airflow/example_dags/tutorial.py
[2025-07-03T17:57:30.926+0000] {processor.py:840} INFO - DAG(s) 'tutorial' retrieved from /home/airflow/.local/lib/python3.8/site-packages/airflow/example_dags/tutorial.py
[2025-07-03T17:57:31.133+0000] {logging_mixin.py:188} INFO - [2025-07-03T17:57:31.130+0000] {dag.py:3036} INFO - Sync 1 DAGs
[2025-07-03T17:57:31.400+0000] {logging_mixin.py:188} INFO - [2025-07-03T17:57:31.399+0000] {dag.py:3823} INFO - Setting next_dagrun for tutorial to 2025-07-02 00:00:00+00:00, run_after=2025-07-03 00:00:00+00:00
[2025-07-03T17:57:31.580+0000] {processor.py:183} INFO - Processing /home/airflow/.local/lib/python3.8/site-packages/airflow/example_dags/tutorial.py took 0.758 seconds
[2025-07-03T17:58:01.960+0000] {processor.py:161} INFO - Started process (PID=3042) to work on /home/airflow/.local/lib/python3.8/site-packages/airflow/example_dags/tutorial.py
[2025-07-03T17:58:01.975+0000] {processor.py:830} INFO - Processing file /home/airflow/.local/lib/python3.8/site-packages/airflow/example_dags/tutorial.py for tasks to queue
[2025-07-03T17:58:02.027+0000] {logging_mixin.py:188} INFO - [2025-07-03T17:58:02.026+0000] {dagbag.py:538} INFO - Filling up the DagBag from /home/airflow/.local/lib/python3.8/site-packages/airflow/example_dags/tutorial.py
[2025-07-03T17:58:02.073+0000] {processor.py:840} INFO - DAG(s) 'tutorial' retrieved from /home/airflow/.local/lib/python3.8/site-packages/airflow/example_dags/tutorial.py
[2025-07-03T17:58:02.358+0000] {logging_mixin.py:188} INFO - [2025-07-03T17:58:02.357+0000] {dag.py:3036} INFO - Sync 1 DAGs
[2025-07-03T17:58:02.602+0000] {logging_mixin.py:188} INFO - [2025-07-03T17:58:02.602+0000] {dag.py:3823} INFO - Setting next_dagrun for tutorial to 2025-07-02 00:00:00+00:00, run_after=2025-07-03 00:00:00+00:00
[2025-07-03T17:58:02.823+0000] {processor.py:183} INFO - Processing /home/airflow/.local/lib/python3.8/site-packages/airflow/example_dags/tutorial.py took 0.891 seconds
[2025-07-03T17:58:32.941+0000] {processor.py:161} INFO - Started process (PID=3106) to work on /home/airflow/.local/lib/python3.8/site-packages/airflow/example_dags/tutorial.py
[2025-07-03T17:58:32.943+0000] {processor.py:830} INFO - Processing file /home/airflow/.local/lib/python3.8/site-packages/airflow/example_dags/tutorial.py for tasks to queue
[2025-07-03T17:58:32.946+0000] {logging_mixin.py:188} INFO - [2025-07-03T17:58:32.945+0000] {dagbag.py:538} INFO - Filling up the DagBag from /home/airflow/.local/lib/python3.8/site-packages/airflow/example_dags/tutorial.py
[2025-07-03T17:58:32.960+0000] {processor.py:840} INFO - DAG(s) 'tutorial' retrieved from /home/airflow/.local/lib/python3.8/site-packages/airflow/example_dags/tutorial.py
[2025-07-03T17:58:33.017+0000] {logging_mixin.py:188} INFO - [2025-07-03T17:58:33.017+0000] {dag.py:3036} INFO - Sync 1 DAGs
[2025-07-03T17:58:33.058+0000] {logging_mixin.py:188} INFO - [2025-07-03T17:58:33.058+0000] {dag.py:3823} INFO - Setting next_dagrun for tutorial to 2025-07-02 00:00:00+00:00, run_after=2025-07-03 00:00:00+00:00
[2025-07-03T17:58:33.114+0000] {processor.py:183} INFO - Processing /home/airflow/.local/lib/python3.8/site-packages/airflow/example_dags/tutorial.py took 0.186 seconds
[2025-07-03T17:59:04.026+0000] {processor.py:161} INFO - Started process (PID=3172) to work on /home/airflow/.local/lib/python3.8/site-packages/airflow/example_dags/tutorial.py
[2025-07-03T17:59:04.027+0000] {processor.py:830} INFO - Processing file /home/airflow/.local/lib/python3.8/site-packages/airflow/example_dags/tutorial.py for tasks to queue
[2025-07-03T17:59:04.033+0000] {logging_mixin.py:188} INFO - [2025-07-03T17:59:04.032+0000] {dagbag.py:538} INFO - Filling up the DagBag from /home/airflow/.local/lib/python3.8/site-packages/airflow/example_dags/tutorial.py
[2025-07-03T17:59:04.041+0000] {processor.py:840} INFO - DAG(s) 'tutorial' retrieved from /home/airflow/.local/lib/python3.8/site-packages/airflow/example_dags/tutorial.py
[2025-07-03T17:59:04.088+0000] {logging_mixin.py:188} INFO - [2025-07-03T17:59:04.088+0000] {dag.py:3036} INFO - Sync 1 DAGs
[2025-07-03T17:59:04.187+0000] {logging_mixin.py:188} INFO - [2025-07-03T17:59:04.187+0000] {dag.py:3823} INFO - Setting next_dagrun for tutorial to 2025-07-02 00:00:00+00:00, run_after=2025-07-03 00:00:00+00:00
[2025-07-03T17:59:04.234+0000] {processor.py:183} INFO - Processing /home/airflow/.local/lib/python3.8/site-packages/airflow/example_dags/tutorial.py took 0.223 seconds
[2025-07-03T17:59:34.325+0000] {processor.py:161} INFO - Started process (PID=3237) to work on /home/airflow/.local/lib/python3.8/site-packages/airflow/example_dags/tutorial.py
[2025-07-03T17:59:34.326+0000] {processor.py:830} INFO - Processing file /home/airflow/.local/lib/python3.8/site-packages/airflow/example_dags/tutorial.py for tasks to queue
[2025-07-03T17:59:34.329+0000] {logging_mixin.py:188} INFO - [2025-07-03T17:59:34.328+0000] {dagbag.py:538} INFO - Filling up the DagBag from /home/airflow/.local/lib/python3.8/site-packages/airflow/example_dags/tutorial.py
[2025-07-03T17:59:34.337+0000] {processor.py:840} INFO - DAG(s) 'tutorial' retrieved from /home/airflow/.local/lib/python3.8/site-packages/airflow/example_dags/tutorial.py
[2025-07-03T17:59:34.383+0000] {logging_mixin.py:188} INFO - [2025-07-03T17:59:34.383+0000] {dag.py:3036} INFO - Sync 1 DAGs
[2025-07-03T17:59:34.424+0000] {logging_mixin.py:188} INFO - [2025-07-03T17:59:34.424+0000] {dag.py:3823} INFO - Setting next_dagrun for tutorial to 2025-07-02 00:00:00+00:00, run_after=2025-07-03 00:00:00+00:00
[2025-07-03T17:59:34.453+0000] {processor.py:183} INFO - Processing /home/airflow/.local/lib/python3.8/site-packages/airflow/example_dags/tutorial.py took 0.134 seconds
[2025-07-03T18:00:04.578+0000] {processor.py:161} INFO - Started process (PID=3300) to work on /home/airflow/.local/lib/python3.8/site-packages/airflow/example_dags/tutorial.py
[2025-07-03T18:00:04.579+0000] {processor.py:830} INFO - Processing file /home/airflow/.local/lib/python3.8/site-packages/airflow/example_dags/tutorial.py for tasks to queue
[2025-07-03T18:00:04.582+0000] {logging_mixin.py:188} INFO - [2025-07-03T18:00:04.582+0000] {dagbag.py:538} INFO - Filling up the DagBag from /home/airflow/.local/lib/python3.8/site-packages/airflow/example_dags/tutorial.py
[2025-07-03T18:00:04.590+0000] {processor.py:840} INFO - DAG(s) 'tutorial' retrieved from /home/airflow/.local/lib/python3.8/site-packages/airflow/example_dags/tutorial.py
[2025-07-03T18:00:04.666+0000] {logging_mixin.py:188} INFO - [2025-07-03T18:00:04.665+0000] {dag.py:3036} INFO - Sync 1 DAGs
[2025-07-03T18:00:05.047+0000] {logging_mixin.py:188} INFO - [2025-07-03T18:00:05.046+0000] {dag.py:3823} INFO - Setting next_dagrun for tutorial to 2025-07-02 00:00:00+00:00, run_after=2025-07-03 00:00:00+00:00
[2025-07-03T18:00:05.113+0000] {processor.py:183} INFO - Processing /home/airflow/.local/lib/python3.8/site-packages/airflow/example_dags/tutorial.py took 0.539 seconds
[2025-07-03T18:00:35.597+0000] {processor.py:161} INFO - Started process (PID=3364) to work on /home/airflow/.local/lib/python3.8/site-packages/airflow/example_dags/tutorial.py
[2025-07-03T18:00:35.605+0000] {processor.py:830} INFO - Processing file /home/airflow/.local/lib/python3.8/site-packages/airflow/example_dags/tutorial.py for tasks to queue
[2025-07-03T18:00:35.607+0000] {logging_mixin.py:188} INFO - [2025-07-03T18:00:35.607+0000] {dagbag.py:538} INFO - Filling up the DagBag from /home/airflow/.local/lib/python3.8/site-packages/airflow/example_dags/tutorial.py
[2025-07-03T18:00:35.623+0000] {processor.py:840} INFO - DAG(s) 'tutorial' retrieved from /home/airflow/.local/lib/python3.8/site-packages/airflow/example_dags/tutorial.py
[2025-07-03T18:00:35.678+0000] {logging_mixin.py:188} INFO - [2025-07-03T18:00:35.677+0000] {dag.py:3036} INFO - Sync 1 DAGs
[2025-07-03T18:00:35.752+0000] {logging_mixin.py:188} INFO - [2025-07-03T18:00:35.752+0000] {dag.py:3823} INFO - Setting next_dagrun for tutorial to 2025-07-02 00:00:00+00:00, run_after=2025-07-03 00:00:00+00:00
[2025-07-03T18:00:36.127+0000] {processor.py:183} INFO - Processing /home/airflow/.local/lib/python3.8/site-packages/airflow/example_dags/tutorial.py took 0.542 seconds
[2025-07-03T18:01:06.524+0000] {processor.py:161} INFO - Started process (PID=3420) to work on /home/airflow/.local/lib/python3.8/site-packages/airflow/example_dags/tutorial.py
[2025-07-03T18:01:06.525+0000] {processor.py:830} INFO - Processing file /home/airflow/.local/lib/python3.8/site-packages/airflow/example_dags/tutorial.py for tasks to queue
[2025-07-03T18:01:06.528+0000] {logging_mixin.py:188} INFO - [2025-07-03T18:01:06.527+0000] {dagbag.py:538} INFO - Filling up the DagBag from /home/airflow/.local/lib/python3.8/site-packages/airflow/example_dags/tutorial.py
[2025-07-03T18:01:06.542+0000] {processor.py:840} INFO - DAG(s) 'tutorial' retrieved from /home/airflow/.local/lib/python3.8/site-packages/airflow/example_dags/tutorial.py
[2025-07-03T18:01:06.572+0000] {logging_mixin.py:188} INFO - [2025-07-03T18:01:06.572+0000] {dag.py:3036} INFO - Sync 1 DAGs
[2025-07-03T18:01:06.614+0000] {logging_mixin.py:188} INFO - [2025-07-03T18:01:06.614+0000] {dag.py:3823} INFO - Setting next_dagrun for tutorial to 2025-07-02 00:00:00+00:00, run_after=2025-07-03 00:00:00+00:00
[2025-07-03T18:01:06.650+0000] {processor.py:183} INFO - Processing /home/airflow/.local/lib/python3.8/site-packages/airflow/example_dags/tutorial.py took 0.131 seconds
[2025-07-03T18:01:37.041+0000] {processor.py:161} INFO - Started process (PID=3484) to work on /home/airflow/.local/lib/python3.8/site-packages/airflow/example_dags/tutorial.py
[2025-07-03T18:01:37.043+0000] {processor.py:830} INFO - Processing file /home/airflow/.local/lib/python3.8/site-packages/airflow/example_dags/tutorial.py for tasks to queue
[2025-07-03T18:01:37.045+0000] {logging_mixin.py:188} INFO - [2025-07-03T18:01:37.045+0000] {dagbag.py:538} INFO - Filling up the DagBag from /home/airflow/.local/lib/python3.8/site-packages/airflow/example_dags/tutorial.py
[2025-07-03T18:01:37.063+0000] {processor.py:840} INFO - DAG(s) 'tutorial' retrieved from /home/airflow/.local/lib/python3.8/site-packages/airflow/example_dags/tutorial.py
[2025-07-03T18:01:37.121+0000] {logging_mixin.py:188} INFO - [2025-07-03T18:01:37.120+0000] {dag.py:3036} INFO - Sync 1 DAGs
[2025-07-03T18:01:37.230+0000] {logging_mixin.py:188} INFO - [2025-07-03T18:01:37.230+0000] {dag.py:3823} INFO - Setting next_dagrun for tutorial to 2025-07-02 00:00:00+00:00, run_after=2025-07-03 00:00:00+00:00
[2025-07-03T18:01:37.319+0000] {processor.py:183} INFO - Processing /home/airflow/.local/lib/python3.8/site-packages/airflow/example_dags/tutorial.py took 0.282 seconds
[2025-07-03T18:02:07.678+0000] {processor.py:161} INFO - Started process (PID=3541) to work on /home/airflow/.local/lib/python3.8/site-packages/airflow/example_dags/tutorial.py
[2025-07-03T18:02:07.679+0000] {processor.py:830} INFO - Processing file /home/airflow/.local/lib/python3.8/site-packages/airflow/example_dags/tutorial.py for tasks to queue
[2025-07-03T18:02:07.686+0000] {logging_mixin.py:188} INFO - [2025-07-03T18:02:07.686+0000] {dagbag.py:538} INFO - Filling up the DagBag from /home/airflow/.local/lib/python3.8/site-packages/airflow/example_dags/tutorial.py
[2025-07-03T18:02:07.715+0000] {processor.py:840} INFO - DAG(s) 'tutorial' retrieved from /home/airflow/.local/lib/python3.8/site-packages/airflow/example_dags/tutorial.py
[2025-07-03T18:02:07.791+0000] {logging_mixin.py:188} INFO - [2025-07-03T18:02:07.791+0000] {dag.py:3036} INFO - Sync 1 DAGs
[2025-07-03T18:02:08.552+0000] {logging_mixin.py:188} INFO - [2025-07-03T18:02:08.552+0000] {dag.py:3823} INFO - Setting next_dagrun for tutorial to 2025-07-02 00:00:00+00:00, run_after=2025-07-03 00:00:00+00:00
[2025-07-03T18:02:08.618+0000] {processor.py:183} INFO - Processing /home/airflow/.local/lib/python3.8/site-packages/airflow/example_dags/tutorial.py took 0.962 seconds
[2025-07-03T18:02:39.131+0000] {processor.py:161} INFO - Started process (PID=3599) to work on /home/airflow/.local/lib/python3.8/site-packages/airflow/example_dags/tutorial.py
[2025-07-03T18:02:39.137+0000] {processor.py:830} INFO - Processing file /home/airflow/.local/lib/python3.8/site-packages/airflow/example_dags/tutorial.py for tasks to queue
[2025-07-03T18:02:39.139+0000] {logging_mixin.py:188} INFO - [2025-07-03T18:02:39.139+0000] {dagbag.py:538} INFO - Filling up the DagBag from /home/airflow/.local/lib/python3.8/site-packages/airflow/example_dags/tutorial.py
[2025-07-03T18:02:39.146+0000] {processor.py:840} INFO - DAG(s) 'tutorial' retrieved from /home/airflow/.local/lib/python3.8/site-packages/airflow/example_dags/tutorial.py
[2025-07-03T18:02:39.248+0000] {logging_mixin.py:188} INFO - [2025-07-03T18:02:39.247+0000] {dag.py:3036} INFO - Sync 1 DAGs
[2025-07-03T18:02:39.355+0000] {logging_mixin.py:188} INFO - [2025-07-03T18:02:39.355+0000] {dag.py:3823} INFO - Setting next_dagrun for tutorial to 2025-07-02 00:00:00+00:00, run_after=2025-07-03 00:00:00+00:00
[2025-07-03T18:02:39.797+0000] {processor.py:183} INFO - Processing /home/airflow/.local/lib/python3.8/site-packages/airflow/example_dags/tutorial.py took 0.673 seconds
[2025-07-03T18:03:10.480+0000] {processor.py:161} INFO - Started process (PID=3664) to work on /home/airflow/.local/lib/python3.8/site-packages/airflow/example_dags/tutorial.py
[2025-07-03T18:03:10.497+0000] {processor.py:830} INFO - Processing file /home/airflow/.local/lib/python3.8/site-packages/airflow/example_dags/tutorial.py for tasks to queue
[2025-07-03T18:03:10.506+0000] {logging_mixin.py:188} INFO - [2025-07-03T18:03:10.506+0000] {dagbag.py:538} INFO - Filling up the DagBag from /home/airflow/.local/lib/python3.8/site-packages/airflow/example_dags/tutorial.py
[2025-07-03T18:03:10.531+0000] {processor.py:840} INFO - DAG(s) 'tutorial' retrieved from /home/airflow/.local/lib/python3.8/site-packages/airflow/example_dags/tutorial.py
[2025-07-03T18:03:10.738+0000] {logging_mixin.py:188} INFO - [2025-07-03T18:03:10.737+0000] {dag.py:3036} INFO - Sync 1 DAGs
[2025-07-03T18:03:10.938+0000] {logging_mixin.py:188} INFO - [2025-07-03T18:03:10.938+0000] {dag.py:3823} INFO - Setting next_dagrun for tutorial to 2025-07-02 00:00:00+00:00, run_after=2025-07-03 00:00:00+00:00
[2025-07-03T18:03:11.167+0000] {processor.py:183} INFO - Processing /home/airflow/.local/lib/python3.8/site-packages/airflow/example_dags/tutorial.py took 0.704 seconds
[2025-07-03T18:03:53.926+0000] {processor.py:161} INFO - Started process (PID=3712) to work on /home/airflow/.local/lib/python3.8/site-packages/airflow/example_dags/tutorial.py
[2025-07-03T18:03:53.933+0000] {processor.py:830} INFO - Processing file /home/airflow/.local/lib/python3.8/site-packages/airflow/example_dags/tutorial.py for tasks to queue
[2025-07-03T18:03:53.935+0000] {logging_mixin.py:188} INFO - [2025-07-03T18:03:53.935+0000] {dagbag.py:538} INFO - Filling up the DagBag from /home/airflow/.local/lib/python3.8/site-packages/airflow/example_dags/tutorial.py
[2025-07-03T18:03:54.103+0000] {processor.py:840} INFO - DAG(s) 'tutorial' retrieved from /home/airflow/.local/lib/python3.8/site-packages/airflow/example_dags/tutorial.py
[2025-07-03T18:03:57.249+0000] {logging_mixin.py:188} INFO - [2025-07-03T18:03:57.229+0000] {dag.py:3036} INFO - Sync 1 DAGs
[2025-07-03T18:03:57.689+0000] {logging_mixin.py:188} INFO - [2025-07-03T18:03:57.689+0000] {dag.py:3823} INFO - Setting next_dagrun for tutorial to 2025-07-02 00:00:00+00:00, run_after=2025-07-03 00:00:00+00:00
[2025-07-03T18:03:58.030+0000] {processor.py:183} INFO - Processing /home/airflow/.local/lib/python3.8/site-packages/airflow/example_dags/tutorial.py took 4.161 seconds
[2025-07-03T18:04:50.620+0000] {processor.py:161} INFO - Started process (PID=3763) to work on /home/airflow/.local/lib/python3.8/site-packages/airflow/example_dags/tutorial.py
[2025-07-03T18:04:50.745+0000] {processor.py:830} INFO - Processing file /home/airflow/.local/lib/python3.8/site-packages/airflow/example_dags/tutorial.py for tasks to queue
[2025-07-03T18:04:50.798+0000] {logging_mixin.py:188} INFO - [2025-07-03T18:04:50.788+0000] {dagbag.py:538} INFO - Filling up the DagBag from /home/airflow/.local/lib/python3.8/site-packages/airflow/example_dags/tutorial.py
[2025-07-03T18:04:50.998+0000] {processor.py:840} INFO - DAG(s) 'tutorial' retrieved from /home/airflow/.local/lib/python3.8/site-packages/airflow/example_dags/tutorial.py
[2025-07-03T18:04:51.801+0000] {logging_mixin.py:188} INFO - [2025-07-03T18:04:51.801+0000] {dag.py:3036} INFO - Sync 1 DAGs
[2025-07-03T18:04:52.719+0000] {logging_mixin.py:188} INFO - [2025-07-03T18:04:52.718+0000] {dag.py:3823} INFO - Setting next_dagrun for tutorial to 2025-07-02 00:00:00+00:00, run_after=2025-07-03 00:00:00+00:00
[2025-07-03T18:04:53.457+0000] {processor.py:183} INFO - Processing /home/airflow/.local/lib/python3.8/site-packages/airflow/example_dags/tutorial.py took 3.085 seconds
[2025-07-03T18:06:01.512+0000] {processor.py:161} INFO - Started process (PID=3818) to work on /home/airflow/.local/lib/python3.8/site-packages/airflow/example_dags/tutorial.py
[2025-07-03T18:06:01.657+0000] {processor.py:830} INFO - Processing file /home/airflow/.local/lib/python3.8/site-packages/airflow/example_dags/tutorial.py for tasks to queue
[2025-07-03T18:06:01.690+0000] {logging_mixin.py:188} INFO - [2025-07-03T18:06:01.690+0000] {dagbag.py:538} INFO - Filling up the DagBag from /home/airflow/.local/lib/python3.8/site-packages/airflow/example_dags/tutorial.py
[2025-07-03T18:06:02.038+0000] {processor.py:840} INFO - DAG(s) 'tutorial' retrieved from /home/airflow/.local/lib/python3.8/site-packages/airflow/example_dags/tutorial.py
[2025-07-03T18:06:02.963+0000] {logging_mixin.py:188} INFO - [2025-07-03T18:06:02.963+0000] {dag.py:3036} INFO - Sync 1 DAGs
[2025-07-03T18:06:04.320+0000] {logging_mixin.py:188} INFO - [2025-07-03T18:06:04.320+0000] {dag.py:3823} INFO - Setting next_dagrun for tutorial to 2025-07-02 00:00:00+00:00, run_after=2025-07-03 00:00:00+00:00
[2025-07-03T18:06:05.287+0000] {processor.py:183} INFO - Processing /home/airflow/.local/lib/python3.8/site-packages/airflow/example_dags/tutorial.py took 3.898 seconds
[2025-07-03T18:07:24.691+0000] {processor.py:161} INFO - Started process (PID=3881) to work on /home/airflow/.local/lib/python3.8/site-packages/airflow/example_dags/tutorial.py
[2025-07-03T18:07:24.817+0000] {processor.py:830} INFO - Processing file /home/airflow/.local/lib/python3.8/site-packages/airflow/example_dags/tutorial.py for tasks to queue
[2025-07-03T18:07:24.819+0000] {logging_mixin.py:188} INFO - [2025-07-03T18:07:24.819+0000] {dagbag.py:538} INFO - Filling up the DagBag from /home/airflow/.local/lib/python3.8/site-packages/airflow/example_dags/tutorial.py
[2025-07-03T18:07:25.145+0000] {processor.py:840} INFO - DAG(s) 'tutorial' retrieved from /home/airflow/.local/lib/python3.8/site-packages/airflow/example_dags/tutorial.py
[2025-07-03T18:07:26.361+0000] {logging_mixin.py:188} INFO - [2025-07-03T18:07:26.361+0000] {dag.py:3036} INFO - Sync 1 DAGs
[2025-07-03T18:07:27.793+0000] {logging_mixin.py:188} INFO - [2025-07-03T18:07:27.704+0000] {dag.py:3823} INFO - Setting next_dagrun for tutorial to 2025-07-02 00:00:00+00:00, run_after=2025-07-03 00:00:00+00:00
[2025-07-03T18:07:28.821+0000] {processor.py:183} INFO - Processing /home/airflow/.local/lib/python3.8/site-packages/airflow/example_dags/tutorial.py took 4.235 seconds
[2025-07-03T18:21:07.765+0000] {processor.py:161} INFO - Started process (PID=90) to work on /home/airflow/.local/lib/python3.8/site-packages/airflow/example_dags/tutorial.py
[2025-07-03T18:21:07.769+0000] {processor.py:830} INFO - Processing file /home/airflow/.local/lib/python3.8/site-packages/airflow/example_dags/tutorial.py for tasks to queue
[2025-07-03T18:21:07.772+0000] {logging_mixin.py:188} INFO - [2025-07-03T18:21:07.771+0000] {dagbag.py:538} INFO - Filling up the DagBag from /home/airflow/.local/lib/python3.8/site-packages/airflow/example_dags/tutorial.py
[2025-07-03T18:21:07.827+0000] {processor.py:840} INFO - DAG(s) 'tutorial' retrieved from /home/airflow/.local/lib/python3.8/site-packages/airflow/example_dags/tutorial.py
[2025-07-03T18:21:07.943+0000] {logging_mixin.py:188} INFO - [2025-07-03T18:21:07.942+0000] {dag.py:3036} INFO - Sync 1 DAGs
[2025-07-03T18:21:08.093+0000] {logging_mixin.py:188} INFO - [2025-07-03T18:21:08.092+0000] {dag.py:3823} INFO - Setting next_dagrun for tutorial to 2025-07-02 00:00:00+00:00, run_after=2025-07-03 00:00:00+00:00
[2025-07-03T18:21:08.234+0000] {processor.py:183} INFO - Processing /home/airflow/.local/lib/python3.8/site-packages/airflow/example_dags/tutorial.py took 0.486 seconds
[2025-07-03T18:21:38.650+0000] {processor.py:161} INFO - Started process (PID=156) to work on /home/airflow/.local/lib/python3.8/site-packages/airflow/example_dags/tutorial.py
[2025-07-03T18:21:38.657+0000] {processor.py:830} INFO - Processing file /home/airflow/.local/lib/python3.8/site-packages/airflow/example_dags/tutorial.py for tasks to queue
[2025-07-03T18:21:38.664+0000] {logging_mixin.py:188} INFO - [2025-07-03T18:21:38.664+0000] {dagbag.py:538} INFO - Filling up the DagBag from /home/airflow/.local/lib/python3.8/site-packages/airflow/example_dags/tutorial.py
[2025-07-03T18:21:38.680+0000] {processor.py:840} INFO - DAG(s) 'tutorial' retrieved from /home/airflow/.local/lib/python3.8/site-packages/airflow/example_dags/tutorial.py
[2025-07-03T18:21:38.752+0000] {logging_mixin.py:188} INFO - [2025-07-03T18:21:38.752+0000] {dag.py:3036} INFO - Sync 1 DAGs
[2025-07-03T18:21:38.834+0000] {logging_mixin.py:188} INFO - [2025-07-03T18:21:38.834+0000] {dag.py:3823} INFO - Setting next_dagrun for tutorial to 2025-07-02 00:00:00+00:00, run_after=2025-07-03 00:00:00+00:00
[2025-07-03T18:21:38.892+0000] {processor.py:183} INFO - Processing /home/airflow/.local/lib/python3.8/site-packages/airflow/example_dags/tutorial.py took 0.247 seconds
[2025-07-03T18:22:09.081+0000] {processor.py:161} INFO - Started process (PID=221) to work on /home/airflow/.local/lib/python3.8/site-packages/airflow/example_dags/tutorial.py
[2025-07-03T18:22:09.083+0000] {processor.py:830} INFO - Processing file /home/airflow/.local/lib/python3.8/site-packages/airflow/example_dags/tutorial.py for tasks to queue
[2025-07-03T18:22:09.087+0000] {logging_mixin.py:188} INFO - [2025-07-03T18:22:09.086+0000] {dagbag.py:538} INFO - Filling up the DagBag from /home/airflow/.local/lib/python3.8/site-packages/airflow/example_dags/tutorial.py
[2025-07-03T18:22:09.096+0000] {processor.py:840} INFO - DAG(s) 'tutorial' retrieved from /home/airflow/.local/lib/python3.8/site-packages/airflow/example_dags/tutorial.py
[2025-07-03T18:22:09.161+0000] {logging_mixin.py:188} INFO - [2025-07-03T18:22:09.161+0000] {dag.py:3036} INFO - Sync 1 DAGs
[2025-07-03T18:22:09.218+0000] {logging_mixin.py:188} INFO - [2025-07-03T18:22:09.218+0000] {dag.py:3823} INFO - Setting next_dagrun for tutorial to 2025-07-02 00:00:00+00:00, run_after=2025-07-03 00:00:00+00:00
[2025-07-03T18:22:09.277+0000] {processor.py:183} INFO - Processing /home/airflow/.local/lib/python3.8/site-packages/airflow/example_dags/tutorial.py took 0.200 seconds
[2025-07-03T18:22:39.605+0000] {processor.py:161} INFO - Started process (PID=287) to work on /home/airflow/.local/lib/python3.8/site-packages/airflow/example_dags/tutorial.py
[2025-07-03T18:22:39.607+0000] {processor.py:830} INFO - Processing file /home/airflow/.local/lib/python3.8/site-packages/airflow/example_dags/tutorial.py for tasks to queue
[2025-07-03T18:22:39.610+0000] {logging_mixin.py:188} INFO - [2025-07-03T18:22:39.610+0000] {dagbag.py:538} INFO - Filling up the DagBag from /home/airflow/.local/lib/python3.8/site-packages/airflow/example_dags/tutorial.py
[2025-07-03T18:22:39.620+0000] {processor.py:840} INFO - DAG(s) 'tutorial' retrieved from /home/airflow/.local/lib/python3.8/site-packages/airflow/example_dags/tutorial.py
[2025-07-03T18:22:39.661+0000] {logging_mixin.py:188} INFO - [2025-07-03T18:22:39.661+0000] {dag.py:3036} INFO - Sync 1 DAGs
[2025-07-03T18:22:39.706+0000] {logging_mixin.py:188} INFO - [2025-07-03T18:22:39.705+0000] {dag.py:3823} INFO - Setting next_dagrun for tutorial to 2025-07-02 00:00:00+00:00, run_after=2025-07-03 00:00:00+00:00
[2025-07-03T18:22:39.741+0000] {processor.py:183} INFO - Processing /home/airflow/.local/lib/python3.8/site-packages/airflow/example_dags/tutorial.py took 0.140 seconds
[2025-07-03T18:23:10.051+0000] {processor.py:161} INFO - Started process (PID=353) to work on /home/airflow/.local/lib/python3.8/site-packages/airflow/example_dags/tutorial.py
[2025-07-03T18:23:10.053+0000] {processor.py:830} INFO - Processing file /home/airflow/.local/lib/python3.8/site-packages/airflow/example_dags/tutorial.py for tasks to queue
[2025-07-03T18:23:10.055+0000] {logging_mixin.py:188} INFO - [2025-07-03T18:23:10.054+0000] {dagbag.py:538} INFO - Filling up the DagBag from /home/airflow/.local/lib/python3.8/site-packages/airflow/example_dags/tutorial.py
[2025-07-03T18:23:10.063+0000] {processor.py:840} INFO - DAG(s) 'tutorial' retrieved from /home/airflow/.local/lib/python3.8/site-packages/airflow/example_dags/tutorial.py
[2025-07-03T18:23:10.098+0000] {logging_mixin.py:188} INFO - [2025-07-03T18:23:10.098+0000] {dag.py:3036} INFO - Sync 1 DAGs
[2025-07-03T18:23:10.140+0000] {logging_mixin.py:188} INFO - [2025-07-03T18:23:10.139+0000] {dag.py:3823} INFO - Setting next_dagrun for tutorial to 2025-07-02 00:00:00+00:00, run_after=2025-07-03 00:00:00+00:00
[2025-07-03T18:23:10.172+0000] {processor.py:183} INFO - Processing /home/airflow/.local/lib/python3.8/site-packages/airflow/example_dags/tutorial.py took 0.125 seconds
[2025-07-03T18:23:40.445+0000] {processor.py:161} INFO - Started process (PID=418) to work on /home/airflow/.local/lib/python3.8/site-packages/airflow/example_dags/tutorial.py
[2025-07-03T18:23:40.446+0000] {processor.py:830} INFO - Processing file /home/airflow/.local/lib/python3.8/site-packages/airflow/example_dags/tutorial.py for tasks to queue
[2025-07-03T18:23:40.449+0000] {logging_mixin.py:188} INFO - [2025-07-03T18:23:40.448+0000] {dagbag.py:538} INFO - Filling up the DagBag from /home/airflow/.local/lib/python3.8/site-packages/airflow/example_dags/tutorial.py
[2025-07-03T18:23:40.457+0000] {processor.py:840} INFO - DAG(s) 'tutorial' retrieved from /home/airflow/.local/lib/python3.8/site-packages/airflow/example_dags/tutorial.py
[2025-07-03T18:23:40.488+0000] {logging_mixin.py:188} INFO - [2025-07-03T18:23:40.488+0000] {dag.py:3036} INFO - Sync 1 DAGs
[2025-07-03T18:23:40.528+0000] {logging_mixin.py:188} INFO - [2025-07-03T18:23:40.528+0000] {dag.py:3823} INFO - Setting next_dagrun for tutorial to 2025-07-02 00:00:00+00:00, run_after=2025-07-03 00:00:00+00:00
[2025-07-03T18:23:40.574+0000] {processor.py:183} INFO - Processing /home/airflow/.local/lib/python3.8/site-packages/airflow/example_dags/tutorial.py took 0.133 seconds
[2025-07-03T18:24:10.681+0000] {processor.py:161} INFO - Started process (PID=484) to work on /home/airflow/.local/lib/python3.8/site-packages/airflow/example_dags/tutorial.py
[2025-07-03T18:24:10.682+0000] {processor.py:830} INFO - Processing file /home/airflow/.local/lib/python3.8/site-packages/airflow/example_dags/tutorial.py for tasks to queue
[2025-07-03T18:24:10.685+0000] {logging_mixin.py:188} INFO - [2025-07-03T18:24:10.684+0000] {dagbag.py:538} INFO - Filling up the DagBag from /home/airflow/.local/lib/python3.8/site-packages/airflow/example_dags/tutorial.py
[2025-07-03T18:24:10.692+0000] {processor.py:840} INFO - DAG(s) 'tutorial' retrieved from /home/airflow/.local/lib/python3.8/site-packages/airflow/example_dags/tutorial.py
[2025-07-03T18:24:10.725+0000] {logging_mixin.py:188} INFO - [2025-07-03T18:24:10.724+0000] {dag.py:3036} INFO - Sync 1 DAGs
[2025-07-03T18:24:10.765+0000] {logging_mixin.py:188} INFO - [2025-07-03T18:24:10.764+0000] {dag.py:3823} INFO - Setting next_dagrun for tutorial to 2025-07-02 00:00:00+00:00, run_after=2025-07-03 00:00:00+00:00
[2025-07-03T18:24:10.796+0000] {processor.py:183} INFO - Processing /home/airflow/.local/lib/python3.8/site-packages/airflow/example_dags/tutorial.py took 0.121 seconds
