[2025-07-03T17:35:24.026+0000] {processor.py:161} INFO - Started process (PID=207) to work on /home/airflow/.local/lib/python3.8/site-packages/airflow/example_dags/tutorial_dag.py
[2025-07-03T17:35:24.027+0000] {processor.py:830} INFO - Processing file /home/airflow/.local/lib/python3.8/site-packages/airflow/example_dags/tutorial_dag.py for tasks to queue
[2025-07-03T17:35:24.030+0000] {logging_mixin.py:188} INFO - [2025-07-03T17:35:24.030+0000] {dagbag.py:538} INFO - Filling up the DagBag from /home/airflow/.local/lib/python3.8/site-packages/airflow/example_dags/tutorial_dag.py
[2025-07-03T17:35:24.045+0000] {processor.py:840} INFO - DAG(s) 'tutorial_dag' retrieved from /home/airflow/.local/lib/python3.8/site-packages/airflow/example_dags/tutorial_dag.py
[2025-07-03T17:35:24.410+0000] {logging_mixin.py:188} INFO - [2025-07-03T17:35:24.409+0000] {dag.py:3036} INFO - Sync 1 DAGs
[2025-07-03T17:35:24.444+0000] {logging_mixin.py:188} INFO - [2025-07-03T17:35:24.443+0000] {dag.py:3823} INFO - Setting next_dagrun for tutorial_dag to None, run_after=None
[2025-07-03T17:35:24.507+0000] {processor.py:183} INFO - Processing /home/airflow/.local/lib/python3.8/site-packages/airflow/example_dags/tutorial_dag.py took 0.487 seconds
[2025-07-03T17:35:58.592+0000] {processor.py:161} INFO - Started process (PID=271) to work on /home/airflow/.local/lib/python3.8/site-packages/airflow/example_dags/tutorial_dag.py
[2025-07-03T17:35:58.624+0000] {processor.py:830} INFO - Processing file /home/airflow/.local/lib/python3.8/site-packages/airflow/example_dags/tutorial_dag.py for tasks to queue
[2025-07-03T17:35:58.629+0000] {logging_mixin.py:188} INFO - [2025-07-03T17:35:58.628+0000] {dagbag.py:538} INFO - Filling up the DagBag from /home/airflow/.local/lib/python3.8/site-packages/airflow/example_dags/tutorial_dag.py
[2025-07-03T17:35:58.711+0000] {processor.py:840} INFO - DAG(s) 'tutorial_dag' retrieved from /home/airflow/.local/lib/python3.8/site-packages/airflow/example_dags/tutorial_dag.py
[2025-07-03T17:35:58.840+0000] {logging_mixin.py:188} INFO - [2025-07-03T17:35:58.840+0000] {dag.py:3036} INFO - Sync 1 DAGs
[2025-07-03T17:35:58.961+0000] {logging_mixin.py:188} INFO - [2025-07-03T17:35:58.960+0000] {dag.py:3823} INFO - Setting next_dagrun for tutorial_dag to None, run_after=None
[2025-07-03T17:35:59.085+0000] {processor.py:183} INFO - Processing /home/airflow/.local/lib/python3.8/site-packages/airflow/example_dags/tutorial_dag.py took 0.508 seconds
[2025-07-03T17:36:29.880+0000] {processor.py:161} INFO - Started process (PID=333) to work on /home/airflow/.local/lib/python3.8/site-packages/airflow/example_dags/tutorial_dag.py
[2025-07-03T17:36:29.898+0000] {processor.py:830} INFO - Processing file /home/airflow/.local/lib/python3.8/site-packages/airflow/example_dags/tutorial_dag.py for tasks to queue
[2025-07-03T17:36:29.900+0000] {logging_mixin.py:188} INFO - [2025-07-03T17:36:29.900+0000] {dagbag.py:538} INFO - Filling up the DagBag from /home/airflow/.local/lib/python3.8/site-packages/airflow/example_dags/tutorial_dag.py
[2025-07-03T17:36:29.940+0000] {processor.py:840} INFO - DAG(s) 'tutorial_dag' retrieved from /home/airflow/.local/lib/python3.8/site-packages/airflow/example_dags/tutorial_dag.py
[2025-07-03T17:36:30.202+0000] {logging_mixin.py:188} INFO - [2025-07-03T17:36:30.202+0000] {dag.py:3036} INFO - Sync 1 DAGs
[2025-07-03T17:36:30.332+0000] {logging_mixin.py:188} INFO - [2025-07-03T17:36:30.332+0000] {dag.py:3823} INFO - Setting next_dagrun for tutorial_dag to None, run_after=None
[2025-07-03T17:36:30.609+0000] {processor.py:183} INFO - Processing /home/airflow/.local/lib/python3.8/site-packages/airflow/example_dags/tutorial_dag.py took 0.734 seconds
[2025-07-03T17:37:01.504+0000] {processor.py:161} INFO - Started process (PID=391) to work on /home/airflow/.local/lib/python3.8/site-packages/airflow/example_dags/tutorial_dag.py
[2025-07-03T17:37:01.513+0000] {processor.py:830} INFO - Processing file /home/airflow/.local/lib/python3.8/site-packages/airflow/example_dags/tutorial_dag.py for tasks to queue
[2025-07-03T17:37:01.516+0000] {logging_mixin.py:188} INFO - [2025-07-03T17:37:01.515+0000] {dagbag.py:538} INFO - Filling up the DagBag from /home/airflow/.local/lib/python3.8/site-packages/airflow/example_dags/tutorial_dag.py
[2025-07-03T17:37:01.530+0000] {processor.py:840} INFO - DAG(s) 'tutorial_dag' retrieved from /home/airflow/.local/lib/python3.8/site-packages/airflow/example_dags/tutorial_dag.py
[2025-07-03T17:37:01.566+0000] {logging_mixin.py:188} INFO - [2025-07-03T17:37:01.566+0000] {dag.py:3036} INFO - Sync 1 DAGs
[2025-07-03T17:37:01.611+0000] {logging_mixin.py:188} INFO - [2025-07-03T17:37:01.610+0000] {dag.py:3823} INFO - Setting next_dagrun for tutorial_dag to None, run_after=None
[2025-07-03T17:37:01.682+0000] {processor.py:183} INFO - Processing /home/airflow/.local/lib/python3.8/site-packages/airflow/example_dags/tutorial_dag.py took 0.187 seconds
[2025-07-03T17:37:31.982+0000] {processor.py:161} INFO - Started process (PID=453) to work on /home/airflow/.local/lib/python3.8/site-packages/airflow/example_dags/tutorial_dag.py
[2025-07-03T17:37:31.992+0000] {processor.py:830} INFO - Processing file /home/airflow/.local/lib/python3.8/site-packages/airflow/example_dags/tutorial_dag.py for tasks to queue
[2025-07-03T17:37:32.003+0000] {logging_mixin.py:188} INFO - [2025-07-03T17:37:32.003+0000] {dagbag.py:538} INFO - Filling up the DagBag from /home/airflow/.local/lib/python3.8/site-packages/airflow/example_dags/tutorial_dag.py
[2025-07-03T17:37:32.088+0000] {processor.py:840} INFO - DAG(s) 'tutorial_dag' retrieved from /home/airflow/.local/lib/python3.8/site-packages/airflow/example_dags/tutorial_dag.py
[2025-07-03T17:37:32.250+0000] {logging_mixin.py:188} INFO - [2025-07-03T17:37:32.249+0000] {dag.py:3036} INFO - Sync 1 DAGs
[2025-07-03T17:37:32.340+0000] {logging_mixin.py:188} INFO - [2025-07-03T17:37:32.340+0000] {dag.py:3823} INFO - Setting next_dagrun for tutorial_dag to None, run_after=None
[2025-07-03T17:37:32.629+0000] {processor.py:183} INFO - Processing /home/airflow/.local/lib/python3.8/site-packages/airflow/example_dags/tutorial_dag.py took 0.692 seconds
[2025-07-03T17:38:03.339+0000] {processor.py:161} INFO - Started process (PID=511) to work on /home/airflow/.local/lib/python3.8/site-packages/airflow/example_dags/tutorial_dag.py
[2025-07-03T17:38:03.349+0000] {processor.py:830} INFO - Processing file /home/airflow/.local/lib/python3.8/site-packages/airflow/example_dags/tutorial_dag.py for tasks to queue
[2025-07-03T17:38:03.351+0000] {logging_mixin.py:188} INFO - [2025-07-03T17:38:03.351+0000] {dagbag.py:538} INFO - Filling up the DagBag from /home/airflow/.local/lib/python3.8/site-packages/airflow/example_dags/tutorial_dag.py
[2025-07-03T17:38:03.385+0000] {processor.py:840} INFO - DAG(s) 'tutorial_dag' retrieved from /home/airflow/.local/lib/python3.8/site-packages/airflow/example_dags/tutorial_dag.py
[2025-07-03T17:38:03.538+0000] {logging_mixin.py:188} INFO - [2025-07-03T17:38:03.536+0000] {dag.py:3036} INFO - Sync 1 DAGs
[2025-07-03T17:38:03.656+0000] {logging_mixin.py:188} INFO - [2025-07-03T17:38:03.656+0000] {dag.py:3823} INFO - Setting next_dagrun for tutorial_dag to None, run_after=None
[2025-07-03T17:38:03.814+0000] {processor.py:183} INFO - Processing /home/airflow/.local/lib/python3.8/site-packages/airflow/example_dags/tutorial_dag.py took 0.487 seconds
[2025-07-03T17:38:34.355+0000] {processor.py:161} INFO - Started process (PID=576) to work on /home/airflow/.local/lib/python3.8/site-packages/airflow/example_dags/tutorial_dag.py
[2025-07-03T17:38:34.356+0000] {processor.py:830} INFO - Processing file /home/airflow/.local/lib/python3.8/site-packages/airflow/example_dags/tutorial_dag.py for tasks to queue
[2025-07-03T17:38:34.374+0000] {logging_mixin.py:188} INFO - [2025-07-03T17:38:34.374+0000] {dagbag.py:538} INFO - Filling up the DagBag from /home/airflow/.local/lib/python3.8/site-packages/airflow/example_dags/tutorial_dag.py
[2025-07-03T17:38:34.399+0000] {processor.py:840} INFO - DAG(s) 'tutorial_dag' retrieved from /home/airflow/.local/lib/python3.8/site-packages/airflow/example_dags/tutorial_dag.py
[2025-07-03T17:38:34.470+0000] {logging_mixin.py:188} INFO - [2025-07-03T17:38:34.470+0000] {dag.py:3036} INFO - Sync 1 DAGs
[2025-07-03T17:38:34.520+0000] {logging_mixin.py:188} INFO - [2025-07-03T17:38:34.520+0000] {dag.py:3823} INFO - Setting next_dagrun for tutorial_dag to None, run_after=None
[2025-07-03T17:38:34.634+0000] {processor.py:183} INFO - Processing /home/airflow/.local/lib/python3.8/site-packages/airflow/example_dags/tutorial_dag.py took 0.297 seconds
[2025-07-03T17:39:05.539+0000] {processor.py:161} INFO - Started process (PID=640) to work on /home/airflow/.local/lib/python3.8/site-packages/airflow/example_dags/tutorial_dag.py
[2025-07-03T17:39:05.547+0000] {processor.py:830} INFO - Processing file /home/airflow/.local/lib/python3.8/site-packages/airflow/example_dags/tutorial_dag.py for tasks to queue
[2025-07-03T17:39:05.561+0000] {logging_mixin.py:188} INFO - [2025-07-03T17:39:05.560+0000] {dagbag.py:538} INFO - Filling up the DagBag from /home/airflow/.local/lib/python3.8/site-packages/airflow/example_dags/tutorial_dag.py
[2025-07-03T17:39:05.576+0000] {processor.py:840} INFO - DAG(s) 'tutorial_dag' retrieved from /home/airflow/.local/lib/python3.8/site-packages/airflow/example_dags/tutorial_dag.py
[2025-07-03T17:39:05.641+0000] {logging_mixin.py:188} INFO - [2025-07-03T17:39:05.641+0000] {dag.py:3036} INFO - Sync 1 DAGs
[2025-07-03T17:39:05.683+0000] {logging_mixin.py:188} INFO - [2025-07-03T17:39:05.683+0000] {dag.py:3823} INFO - Setting next_dagrun for tutorial_dag to None, run_after=None
[2025-07-03T17:39:05.737+0000] {processor.py:183} INFO - Processing /home/airflow/.local/lib/python3.8/site-packages/airflow/example_dags/tutorial_dag.py took 0.211 seconds
[2025-07-03T17:39:36.349+0000] {processor.py:161} INFO - Started process (PID=706) to work on /home/airflow/.local/lib/python3.8/site-packages/airflow/example_dags/tutorial_dag.py
[2025-07-03T17:39:36.350+0000] {processor.py:830} INFO - Processing file /home/airflow/.local/lib/python3.8/site-packages/airflow/example_dags/tutorial_dag.py for tasks to queue
[2025-07-03T17:39:36.357+0000] {logging_mixin.py:188} INFO - [2025-07-03T17:39:36.356+0000] {dagbag.py:538} INFO - Filling up the DagBag from /home/airflow/.local/lib/python3.8/site-packages/airflow/example_dags/tutorial_dag.py
[2025-07-03T17:39:36.381+0000] {processor.py:840} INFO - DAG(s) 'tutorial_dag' retrieved from /home/airflow/.local/lib/python3.8/site-packages/airflow/example_dags/tutorial_dag.py
[2025-07-03T17:39:36.435+0000] {logging_mixin.py:188} INFO - [2025-07-03T17:39:36.435+0000] {dag.py:3036} INFO - Sync 1 DAGs
[2025-07-03T17:39:36.459+0000] {logging_mixin.py:188} INFO - [2025-07-03T17:39:36.458+0000] {dag.py:3823} INFO - Setting next_dagrun for tutorial_dag to None, run_after=None
[2025-07-03T17:39:36.544+0000] {processor.py:183} INFO - Processing /home/airflow/.local/lib/python3.8/site-packages/airflow/example_dags/tutorial_dag.py took 0.210 seconds
[2025-07-03T17:40:06.573+0000] {processor.py:161} INFO - Started process (PID=763) to work on /home/airflow/.local/lib/python3.8/site-packages/airflow/example_dags/tutorial_dag.py
[2025-07-03T17:40:06.575+0000] {processor.py:830} INFO - Processing file /home/airflow/.local/lib/python3.8/site-packages/airflow/example_dags/tutorial_dag.py for tasks to queue
[2025-07-03T17:40:06.578+0000] {logging_mixin.py:188} INFO - [2025-07-03T17:40:06.577+0000] {dagbag.py:538} INFO - Filling up the DagBag from /home/airflow/.local/lib/python3.8/site-packages/airflow/example_dags/tutorial_dag.py
[2025-07-03T17:40:06.585+0000] {processor.py:840} INFO - DAG(s) 'tutorial_dag' retrieved from /home/airflow/.local/lib/python3.8/site-packages/airflow/example_dags/tutorial_dag.py
[2025-07-03T17:40:06.612+0000] {logging_mixin.py:188} INFO - [2025-07-03T17:40:06.611+0000] {dag.py:3036} INFO - Sync 1 DAGs
[2025-07-03T17:40:06.630+0000] {logging_mixin.py:188} INFO - [2025-07-03T17:40:06.629+0000] {dag.py:3823} INFO - Setting next_dagrun for tutorial_dag to None, run_after=None
[2025-07-03T17:40:06.655+0000] {processor.py:183} INFO - Processing /home/airflow/.local/lib/python3.8/site-packages/airflow/example_dags/tutorial_dag.py took 0.086 seconds
[2025-07-03T17:40:36.983+0000] {processor.py:161} INFO - Started process (PID=829) to work on /home/airflow/.local/lib/python3.8/site-packages/airflow/example_dags/tutorial_dag.py
[2025-07-03T17:40:36.984+0000] {processor.py:830} INFO - Processing file /home/airflow/.local/lib/python3.8/site-packages/airflow/example_dags/tutorial_dag.py for tasks to queue
[2025-07-03T17:40:36.986+0000] {logging_mixin.py:188} INFO - [2025-07-03T17:40:36.986+0000] {dagbag.py:538} INFO - Filling up the DagBag from /home/airflow/.local/lib/python3.8/site-packages/airflow/example_dags/tutorial_dag.py
[2025-07-03T17:40:36.992+0000] {processor.py:840} INFO - DAG(s) 'tutorial_dag' retrieved from /home/airflow/.local/lib/python3.8/site-packages/airflow/example_dags/tutorial_dag.py
[2025-07-03T17:40:37.020+0000] {logging_mixin.py:188} INFO - [2025-07-03T17:40:37.020+0000] {dag.py:3036} INFO - Sync 1 DAGs
[2025-07-03T17:40:37.038+0000] {logging_mixin.py:188} INFO - [2025-07-03T17:40:37.037+0000] {dag.py:3823} INFO - Setting next_dagrun for tutorial_dag to None, run_after=None
[2025-07-03T17:40:37.064+0000] {processor.py:183} INFO - Processing /home/airflow/.local/lib/python3.8/site-packages/airflow/example_dags/tutorial_dag.py took 0.084 seconds
[2025-07-03T17:41:07.533+0000] {processor.py:161} INFO - Started process (PID=893) to work on /home/airflow/.local/lib/python3.8/site-packages/airflow/example_dags/tutorial_dag.py
[2025-07-03T17:41:07.534+0000] {processor.py:830} INFO - Processing file /home/airflow/.local/lib/python3.8/site-packages/airflow/example_dags/tutorial_dag.py for tasks to queue
[2025-07-03T17:41:07.536+0000] {logging_mixin.py:188} INFO - [2025-07-03T17:41:07.536+0000] {dagbag.py:538} INFO - Filling up the DagBag from /home/airflow/.local/lib/python3.8/site-packages/airflow/example_dags/tutorial_dag.py
[2025-07-03T17:41:07.543+0000] {processor.py:840} INFO - DAG(s) 'tutorial_dag' retrieved from /home/airflow/.local/lib/python3.8/site-packages/airflow/example_dags/tutorial_dag.py
[2025-07-03T17:41:07.569+0000] {logging_mixin.py:188} INFO - [2025-07-03T17:41:07.569+0000] {dag.py:3036} INFO - Sync 1 DAGs
[2025-07-03T17:41:07.590+0000] {logging_mixin.py:188} INFO - [2025-07-03T17:41:07.590+0000] {dag.py:3823} INFO - Setting next_dagrun for tutorial_dag to None, run_after=None
[2025-07-03T17:41:07.614+0000] {processor.py:183} INFO - Processing /home/airflow/.local/lib/python3.8/site-packages/airflow/example_dags/tutorial_dag.py took 0.085 seconds
[2025-07-03T17:41:37.800+0000] {processor.py:161} INFO - Started process (PID=959) to work on /home/airflow/.local/lib/python3.8/site-packages/airflow/example_dags/tutorial_dag.py
[2025-07-03T17:41:37.801+0000] {processor.py:830} INFO - Processing file /home/airflow/.local/lib/python3.8/site-packages/airflow/example_dags/tutorial_dag.py for tasks to queue
[2025-07-03T17:41:37.803+0000] {logging_mixin.py:188} INFO - [2025-07-03T17:41:37.803+0000] {dagbag.py:538} INFO - Filling up the DagBag from /home/airflow/.local/lib/python3.8/site-packages/airflow/example_dags/tutorial_dag.py
[2025-07-03T17:41:37.810+0000] {processor.py:840} INFO - DAG(s) 'tutorial_dag' retrieved from /home/airflow/.local/lib/python3.8/site-packages/airflow/example_dags/tutorial_dag.py
[2025-07-03T17:41:37.837+0000] {logging_mixin.py:188} INFO - [2025-07-03T17:41:37.836+0000] {dag.py:3036} INFO - Sync 1 DAGs
[2025-07-03T17:41:37.855+0000] {logging_mixin.py:188} INFO - [2025-07-03T17:41:37.854+0000] {dag.py:3823} INFO - Setting next_dagrun for tutorial_dag to None, run_after=None
[2025-07-03T17:41:37.879+0000] {processor.py:183} INFO - Processing /home/airflow/.local/lib/python3.8/site-packages/airflow/example_dags/tutorial_dag.py took 0.083 seconds
[2025-07-03T17:42:08.549+0000] {processor.py:161} INFO - Started process (PID=1024) to work on /home/airflow/.local/lib/python3.8/site-packages/airflow/example_dags/tutorial_dag.py
[2025-07-03T17:42:08.551+0000] {processor.py:830} INFO - Processing file /home/airflow/.local/lib/python3.8/site-packages/airflow/example_dags/tutorial_dag.py for tasks to queue
[2025-07-03T17:42:08.553+0000] {logging_mixin.py:188} INFO - [2025-07-03T17:42:08.553+0000] {dagbag.py:538} INFO - Filling up the DagBag from /home/airflow/.local/lib/python3.8/site-packages/airflow/example_dags/tutorial_dag.py
[2025-07-03T17:42:08.561+0000] {processor.py:840} INFO - DAG(s) 'tutorial_dag' retrieved from /home/airflow/.local/lib/python3.8/site-packages/airflow/example_dags/tutorial_dag.py
[2025-07-03T17:42:08.594+0000] {logging_mixin.py:188} INFO - [2025-07-03T17:42:08.594+0000] {dag.py:3036} INFO - Sync 1 DAGs
[2025-07-03T17:42:08.617+0000] {logging_mixin.py:188} INFO - [2025-07-03T17:42:08.617+0000] {dag.py:3823} INFO - Setting next_dagrun for tutorial_dag to None, run_after=None
[2025-07-03T17:42:08.650+0000] {processor.py:183} INFO - Processing /home/airflow/.local/lib/python3.8/site-packages/airflow/example_dags/tutorial_dag.py took 0.116 seconds
[2025-07-03T17:42:38.882+0000] {processor.py:161} INFO - Started process (PID=1089) to work on /home/airflow/.local/lib/python3.8/site-packages/airflow/example_dags/tutorial_dag.py
[2025-07-03T17:42:38.891+0000] {processor.py:830} INFO - Processing file /home/airflow/.local/lib/python3.8/site-packages/airflow/example_dags/tutorial_dag.py for tasks to queue
[2025-07-03T17:42:38.895+0000] {logging_mixin.py:188} INFO - [2025-07-03T17:42:38.894+0000] {dagbag.py:538} INFO - Filling up the DagBag from /home/airflow/.local/lib/python3.8/site-packages/airflow/example_dags/tutorial_dag.py
[2025-07-03T17:42:38.904+0000] {processor.py:840} INFO - DAG(s) 'tutorial_dag' retrieved from /home/airflow/.local/lib/python3.8/site-packages/airflow/example_dags/tutorial_dag.py
[2025-07-03T17:42:38.940+0000] {logging_mixin.py:188} INFO - [2025-07-03T17:42:38.940+0000] {dag.py:3036} INFO - Sync 1 DAGs
[2025-07-03T17:42:38.963+0000] {logging_mixin.py:188} INFO - [2025-07-03T17:42:38.963+0000] {dag.py:3823} INFO - Setting next_dagrun for tutorial_dag to None, run_after=None
[2025-07-03T17:42:38.992+0000] {processor.py:183} INFO - Processing /home/airflow/.local/lib/python3.8/site-packages/airflow/example_dags/tutorial_dag.py took 0.115 seconds
[2025-07-03T17:43:09.094+0000] {processor.py:161} INFO - Started process (PID=1154) to work on /home/airflow/.local/lib/python3.8/site-packages/airflow/example_dags/tutorial_dag.py
[2025-07-03T17:43:09.095+0000] {processor.py:830} INFO - Processing file /home/airflow/.local/lib/python3.8/site-packages/airflow/example_dags/tutorial_dag.py for tasks to queue
[2025-07-03T17:43:09.097+0000] {logging_mixin.py:188} INFO - [2025-07-03T17:43:09.096+0000] {dagbag.py:538} INFO - Filling up the DagBag from /home/airflow/.local/lib/python3.8/site-packages/airflow/example_dags/tutorial_dag.py
[2025-07-03T17:43:09.103+0000] {processor.py:840} INFO - DAG(s) 'tutorial_dag' retrieved from /home/airflow/.local/lib/python3.8/site-packages/airflow/example_dags/tutorial_dag.py
[2025-07-03T17:43:09.129+0000] {logging_mixin.py:188} INFO - [2025-07-03T17:43:09.128+0000] {dag.py:3036} INFO - Sync 1 DAGs
[2025-07-03T17:43:09.146+0000] {logging_mixin.py:188} INFO - [2025-07-03T17:43:09.145+0000] {dag.py:3823} INFO - Setting next_dagrun for tutorial_dag to None, run_after=None
[2025-07-03T17:43:09.171+0000] {processor.py:183} INFO - Processing /home/airflow/.local/lib/python3.8/site-packages/airflow/example_dags/tutorial_dag.py took 0.082 seconds
[2025-07-03T17:43:39.818+0000] {processor.py:161} INFO - Started process (PID=1217) to work on /home/airflow/.local/lib/python3.8/site-packages/airflow/example_dags/tutorial_dag.py
[2025-07-03T17:43:39.821+0000] {processor.py:830} INFO - Processing file /home/airflow/.local/lib/python3.8/site-packages/airflow/example_dags/tutorial_dag.py for tasks to queue
[2025-07-03T17:43:39.823+0000] {logging_mixin.py:188} INFO - [2025-07-03T17:43:39.823+0000] {dagbag.py:538} INFO - Filling up the DagBag from /home/airflow/.local/lib/python3.8/site-packages/airflow/example_dags/tutorial_dag.py
[2025-07-03T17:43:39.854+0000] {processor.py:840} INFO - DAG(s) 'tutorial_dag' retrieved from /home/airflow/.local/lib/python3.8/site-packages/airflow/example_dags/tutorial_dag.py
[2025-07-03T17:43:39.893+0000] {logging_mixin.py:188} INFO - [2025-07-03T17:43:39.893+0000] {dag.py:3036} INFO - Sync 1 DAGs
[2025-07-03T17:43:39.918+0000] {logging_mixin.py:188} INFO - [2025-07-03T17:43:39.918+0000] {dag.py:3823} INFO - Setting next_dagrun for tutorial_dag to None, run_after=None
[2025-07-03T17:43:39.951+0000] {processor.py:183} INFO - Processing /home/airflow/.local/lib/python3.8/site-packages/airflow/example_dags/tutorial_dag.py took 0.138 seconds
[2025-07-03T17:44:10.020+0000] {processor.py:161} INFO - Started process (PID=1283) to work on /home/airflow/.local/lib/python3.8/site-packages/airflow/example_dags/tutorial_dag.py
[2025-07-03T17:44:10.021+0000] {processor.py:830} INFO - Processing file /home/airflow/.local/lib/python3.8/site-packages/airflow/example_dags/tutorial_dag.py for tasks to queue
[2025-07-03T17:44:10.034+0000] {logging_mixin.py:188} INFO - [2025-07-03T17:44:10.033+0000] {dagbag.py:538} INFO - Filling up the DagBag from /home/airflow/.local/lib/python3.8/site-packages/airflow/example_dags/tutorial_dag.py
[2025-07-03T17:44:10.042+0000] {processor.py:840} INFO - DAG(s) 'tutorial_dag' retrieved from /home/airflow/.local/lib/python3.8/site-packages/airflow/example_dags/tutorial_dag.py
[2025-07-03T17:44:10.081+0000] {logging_mixin.py:188} INFO - [2025-07-03T17:44:10.080+0000] {dag.py:3036} INFO - Sync 1 DAGs
[2025-07-03T17:44:10.123+0000] {logging_mixin.py:188} INFO - [2025-07-03T17:44:10.112+0000] {dag.py:3823} INFO - Setting next_dagrun for tutorial_dag to None, run_after=None
[2025-07-03T17:44:10.246+0000] {processor.py:183} INFO - Processing /home/airflow/.local/lib/python3.8/site-packages/airflow/example_dags/tutorial_dag.py took 0.250 seconds
[2025-07-03T17:44:40.385+0000] {processor.py:161} INFO - Started process (PID=1347) to work on /home/airflow/.local/lib/python3.8/site-packages/airflow/example_dags/tutorial_dag.py
[2025-07-03T17:44:40.387+0000] {processor.py:830} INFO - Processing file /home/airflow/.local/lib/python3.8/site-packages/airflow/example_dags/tutorial_dag.py for tasks to queue
[2025-07-03T17:44:40.390+0000] {logging_mixin.py:188} INFO - [2025-07-03T17:44:40.389+0000] {dagbag.py:538} INFO - Filling up the DagBag from /home/airflow/.local/lib/python3.8/site-packages/airflow/example_dags/tutorial_dag.py
[2025-07-03T17:44:40.399+0000] {processor.py:840} INFO - DAG(s) 'tutorial_dag' retrieved from /home/airflow/.local/lib/python3.8/site-packages/airflow/example_dags/tutorial_dag.py
[2025-07-03T17:44:40.431+0000] {logging_mixin.py:188} INFO - [2025-07-03T17:44:40.431+0000] {dag.py:3036} INFO - Sync 1 DAGs
[2025-07-03T17:44:40.457+0000] {logging_mixin.py:188} INFO - [2025-07-03T17:44:40.457+0000] {dag.py:3823} INFO - Setting next_dagrun for tutorial_dag to None, run_after=None
[2025-07-03T17:44:40.529+0000] {processor.py:183} INFO - Processing /home/airflow/.local/lib/python3.8/site-packages/airflow/example_dags/tutorial_dag.py took 0.148 seconds
[2025-07-03T17:45:11.370+0000] {processor.py:161} INFO - Started process (PID=1406) to work on /home/airflow/.local/lib/python3.8/site-packages/airflow/example_dags/tutorial_dag.py
[2025-07-03T17:45:11.373+0000] {processor.py:830} INFO - Processing file /home/airflow/.local/lib/python3.8/site-packages/airflow/example_dags/tutorial_dag.py for tasks to queue
[2025-07-03T17:45:11.376+0000] {logging_mixin.py:188} INFO - [2025-07-03T17:45:11.376+0000] {dagbag.py:538} INFO - Filling up the DagBag from /home/airflow/.local/lib/python3.8/site-packages/airflow/example_dags/tutorial_dag.py
[2025-07-03T17:45:11.384+0000] {processor.py:840} INFO - DAG(s) 'tutorial_dag' retrieved from /home/airflow/.local/lib/python3.8/site-packages/airflow/example_dags/tutorial_dag.py
[2025-07-03T17:45:11.416+0000] {logging_mixin.py:188} INFO - [2025-07-03T17:45:11.415+0000] {dag.py:3036} INFO - Sync 1 DAGs
[2025-07-03T17:45:11.439+0000] {logging_mixin.py:188} INFO - [2025-07-03T17:45:11.438+0000] {dag.py:3823} INFO - Setting next_dagrun for tutorial_dag to None, run_after=None
[2025-07-03T17:45:11.470+0000] {processor.py:183} INFO - Processing /home/airflow/.local/lib/python3.8/site-packages/airflow/example_dags/tutorial_dag.py took 0.118 seconds
[2025-07-03T17:45:41.821+0000] {processor.py:161} INFO - Started process (PID=1471) to work on /home/airflow/.local/lib/python3.8/site-packages/airflow/example_dags/tutorial_dag.py
[2025-07-03T17:45:41.823+0000] {processor.py:830} INFO - Processing file /home/airflow/.local/lib/python3.8/site-packages/airflow/example_dags/tutorial_dag.py for tasks to queue
[2025-07-03T17:45:41.825+0000] {logging_mixin.py:188} INFO - [2025-07-03T17:45:41.825+0000] {dagbag.py:538} INFO - Filling up the DagBag from /home/airflow/.local/lib/python3.8/site-packages/airflow/example_dags/tutorial_dag.py
[2025-07-03T17:45:41.835+0000] {processor.py:840} INFO - DAG(s) 'tutorial_dag' retrieved from /home/airflow/.local/lib/python3.8/site-packages/airflow/example_dags/tutorial_dag.py
[2025-07-03T17:45:41.877+0000] {logging_mixin.py:188} INFO - [2025-07-03T17:45:41.876+0000] {dag.py:3036} INFO - Sync 1 DAGs
[2025-07-03T17:45:41.898+0000] {logging_mixin.py:188} INFO - [2025-07-03T17:45:41.898+0000] {dag.py:3823} INFO - Setting next_dagrun for tutorial_dag to None, run_after=None
[2025-07-03T17:45:41.929+0000] {processor.py:183} INFO - Processing /home/airflow/.local/lib/python3.8/site-packages/airflow/example_dags/tutorial_dag.py took 0.112 seconds
[2025-07-03T17:46:11.954+0000] {processor.py:161} INFO - Started process (PID=1535) to work on /home/airflow/.local/lib/python3.8/site-packages/airflow/example_dags/tutorial_dag.py
[2025-07-03T17:46:11.955+0000] {processor.py:830} INFO - Processing file /home/airflow/.local/lib/python3.8/site-packages/airflow/example_dags/tutorial_dag.py for tasks to queue
[2025-07-03T17:46:11.957+0000] {logging_mixin.py:188} INFO - [2025-07-03T17:46:11.957+0000] {dagbag.py:538} INFO - Filling up the DagBag from /home/airflow/.local/lib/python3.8/site-packages/airflow/example_dags/tutorial_dag.py
[2025-07-03T17:46:11.964+0000] {processor.py:840} INFO - DAG(s) 'tutorial_dag' retrieved from /home/airflow/.local/lib/python3.8/site-packages/airflow/example_dags/tutorial_dag.py
[2025-07-03T17:46:11.993+0000] {logging_mixin.py:188} INFO - [2025-07-03T17:46:11.993+0000] {dag.py:3036} INFO - Sync 1 DAGs
[2025-07-03T17:46:12.012+0000] {logging_mixin.py:188} INFO - [2025-07-03T17:46:12.012+0000] {dag.py:3823} INFO - Setting next_dagrun for tutorial_dag to None, run_after=None
[2025-07-03T17:46:12.037+0000] {processor.py:183} INFO - Processing /home/airflow/.local/lib/python3.8/site-packages/airflow/example_dags/tutorial_dag.py took 0.087 seconds
[2025-07-03T17:46:42.163+0000] {processor.py:161} INFO - Started process (PID=1599) to work on /home/airflow/.local/lib/python3.8/site-packages/airflow/example_dags/tutorial_dag.py
[2025-07-03T17:46:42.164+0000] {processor.py:830} INFO - Processing file /home/airflow/.local/lib/python3.8/site-packages/airflow/example_dags/tutorial_dag.py for tasks to queue
[2025-07-03T17:46:42.166+0000] {logging_mixin.py:188} INFO - [2025-07-03T17:46:42.166+0000] {dagbag.py:538} INFO - Filling up the DagBag from /home/airflow/.local/lib/python3.8/site-packages/airflow/example_dags/tutorial_dag.py
[2025-07-03T17:46:42.173+0000] {processor.py:840} INFO - DAG(s) 'tutorial_dag' retrieved from /home/airflow/.local/lib/python3.8/site-packages/airflow/example_dags/tutorial_dag.py
[2025-07-03T17:46:42.201+0000] {logging_mixin.py:188} INFO - [2025-07-03T17:46:42.200+0000] {dag.py:3036} INFO - Sync 1 DAGs
[2025-07-03T17:46:42.219+0000] {logging_mixin.py:188} INFO - [2025-07-03T17:46:42.219+0000] {dag.py:3823} INFO - Setting next_dagrun for tutorial_dag to None, run_after=None
[2025-07-03T17:46:42.254+0000] {processor.py:183} INFO - Processing /home/airflow/.local/lib/python3.8/site-packages/airflow/example_dags/tutorial_dag.py took 0.096 seconds
[2025-07-03T17:47:12.544+0000] {processor.py:161} INFO - Started process (PID=1665) to work on /home/airflow/.local/lib/python3.8/site-packages/airflow/example_dags/tutorial_dag.py
[2025-07-03T17:47:12.548+0000] {processor.py:830} INFO - Processing file /home/airflow/.local/lib/python3.8/site-packages/airflow/example_dags/tutorial_dag.py for tasks to queue
[2025-07-03T17:47:12.552+0000] {logging_mixin.py:188} INFO - [2025-07-03T17:47:12.551+0000] {dagbag.py:538} INFO - Filling up the DagBag from /home/airflow/.local/lib/python3.8/site-packages/airflow/example_dags/tutorial_dag.py
[2025-07-03T17:47:12.561+0000] {processor.py:840} INFO - DAG(s) 'tutorial_dag' retrieved from /home/airflow/.local/lib/python3.8/site-packages/airflow/example_dags/tutorial_dag.py
[2025-07-03T17:47:12.601+0000] {logging_mixin.py:188} INFO - [2025-07-03T17:47:12.600+0000] {dag.py:3036} INFO - Sync 1 DAGs
[2025-07-03T17:47:12.629+0000] {logging_mixin.py:188} INFO - [2025-07-03T17:47:12.629+0000] {dag.py:3823} INFO - Setting next_dagrun for tutorial_dag to None, run_after=None
[2025-07-03T17:47:12.662+0000] {processor.py:183} INFO - Processing /home/airflow/.local/lib/python3.8/site-packages/airflow/example_dags/tutorial_dag.py took 0.123 seconds
[2025-07-03T17:47:42.735+0000] {processor.py:161} INFO - Started process (PID=1730) to work on /home/airflow/.local/lib/python3.8/site-packages/airflow/example_dags/tutorial_dag.py
[2025-07-03T17:47:42.737+0000] {processor.py:830} INFO - Processing file /home/airflow/.local/lib/python3.8/site-packages/airflow/example_dags/tutorial_dag.py for tasks to queue
[2025-07-03T17:47:42.739+0000] {logging_mixin.py:188} INFO - [2025-07-03T17:47:42.739+0000] {dagbag.py:538} INFO - Filling up the DagBag from /home/airflow/.local/lib/python3.8/site-packages/airflow/example_dags/tutorial_dag.py
[2025-07-03T17:47:42.748+0000] {processor.py:840} INFO - DAG(s) 'tutorial_dag' retrieved from /home/airflow/.local/lib/python3.8/site-packages/airflow/example_dags/tutorial_dag.py
[2025-07-03T17:47:42.779+0000] {logging_mixin.py:188} INFO - [2025-07-03T17:47:42.778+0000] {dag.py:3036} INFO - Sync 1 DAGs
[2025-07-03T17:47:42.802+0000] {logging_mixin.py:188} INFO - [2025-07-03T17:47:42.801+0000] {dag.py:3823} INFO - Setting next_dagrun for tutorial_dag to None, run_after=None
[2025-07-03T17:47:42.838+0000] {processor.py:183} INFO - Processing /home/airflow/.local/lib/python3.8/site-packages/airflow/example_dags/tutorial_dag.py took 0.107 seconds
[2025-07-03T17:48:13.212+0000] {processor.py:161} INFO - Started process (PID=1795) to work on /home/airflow/.local/lib/python3.8/site-packages/airflow/example_dags/tutorial_dag.py
[2025-07-03T17:48:13.217+0000] {processor.py:830} INFO - Processing file /home/airflow/.local/lib/python3.8/site-packages/airflow/example_dags/tutorial_dag.py for tasks to queue
[2025-07-03T17:48:13.223+0000] {logging_mixin.py:188} INFO - [2025-07-03T17:48:13.222+0000] {dagbag.py:538} INFO - Filling up the DagBag from /home/airflow/.local/lib/python3.8/site-packages/airflow/example_dags/tutorial_dag.py
[2025-07-03T17:48:13.241+0000] {processor.py:840} INFO - DAG(s) 'tutorial_dag' retrieved from /home/airflow/.local/lib/python3.8/site-packages/airflow/example_dags/tutorial_dag.py
[2025-07-03T17:48:13.298+0000] {logging_mixin.py:188} INFO - [2025-07-03T17:48:13.297+0000] {dag.py:3036} INFO - Sync 1 DAGs
[2025-07-03T17:48:13.350+0000] {logging_mixin.py:188} INFO - [2025-07-03T17:48:13.350+0000] {dag.py:3823} INFO - Setting next_dagrun for tutorial_dag to None, run_after=None
[2025-07-03T17:48:13.407+0000] {processor.py:183} INFO - Processing /home/airflow/.local/lib/python3.8/site-packages/airflow/example_dags/tutorial_dag.py took 0.208 seconds
[2025-07-03T17:48:44.145+0000] {processor.py:161} INFO - Started process (PID=1860) to work on /home/airflow/.local/lib/python3.8/site-packages/airflow/example_dags/tutorial_dag.py
[2025-07-03T17:48:44.146+0000] {processor.py:830} INFO - Processing file /home/airflow/.local/lib/python3.8/site-packages/airflow/example_dags/tutorial_dag.py for tasks to queue
[2025-07-03T17:48:44.158+0000] {logging_mixin.py:188} INFO - [2025-07-03T17:48:44.157+0000] {dagbag.py:538} INFO - Filling up the DagBag from /home/airflow/.local/lib/python3.8/site-packages/airflow/example_dags/tutorial_dag.py
[2025-07-03T17:48:44.167+0000] {processor.py:840} INFO - DAG(s) 'tutorial_dag' retrieved from /home/airflow/.local/lib/python3.8/site-packages/airflow/example_dags/tutorial_dag.py
[2025-07-03T17:48:44.262+0000] {logging_mixin.py:188} INFO - [2025-07-03T17:48:44.261+0000] {dag.py:3036} INFO - Sync 1 DAGs
[2025-07-03T17:48:44.318+0000] {logging_mixin.py:188} INFO - [2025-07-03T17:48:44.317+0000] {dag.py:3823} INFO - Setting next_dagrun for tutorial_dag to None, run_after=None
[2025-07-03T17:48:44.388+0000] {processor.py:183} INFO - Processing /home/airflow/.local/lib/python3.8/site-packages/airflow/example_dags/tutorial_dag.py took 0.264 seconds
[2025-07-03T17:49:15.060+0000] {processor.py:161} INFO - Started process (PID=1926) to work on /home/airflow/.local/lib/python3.8/site-packages/airflow/example_dags/tutorial_dag.py
[2025-07-03T17:49:15.067+0000] {processor.py:830} INFO - Processing file /home/airflow/.local/lib/python3.8/site-packages/airflow/example_dags/tutorial_dag.py for tasks to queue
[2025-07-03T17:49:15.081+0000] {logging_mixin.py:188} INFO - [2025-07-03T17:49:15.076+0000] {dagbag.py:538} INFO - Filling up the DagBag from /home/airflow/.local/lib/python3.8/site-packages/airflow/example_dags/tutorial_dag.py
[2025-07-03T17:49:15.098+0000] {processor.py:840} INFO - DAG(s) 'tutorial_dag' retrieved from /home/airflow/.local/lib/python3.8/site-packages/airflow/example_dags/tutorial_dag.py
[2025-07-03T17:49:15.169+0000] {logging_mixin.py:188} INFO - [2025-07-03T17:49:15.169+0000] {dag.py:3036} INFO - Sync 1 DAGs
[2025-07-03T17:49:15.241+0000] {logging_mixin.py:188} INFO - [2025-07-03T17:49:15.241+0000] {dag.py:3823} INFO - Setting next_dagrun for tutorial_dag to None, run_after=None
[2025-07-03T17:49:15.366+0000] {processor.py:183} INFO - Processing /home/airflow/.local/lib/python3.8/site-packages/airflow/example_dags/tutorial_dag.py took 0.319 seconds
[2025-07-03T17:49:45.843+0000] {processor.py:161} INFO - Started process (PID=1991) to work on /home/airflow/.local/lib/python3.8/site-packages/airflow/example_dags/tutorial_dag.py
[2025-07-03T17:49:45.844+0000] {processor.py:830} INFO - Processing file /home/airflow/.local/lib/python3.8/site-packages/airflow/example_dags/tutorial_dag.py for tasks to queue
[2025-07-03T17:49:45.847+0000] {logging_mixin.py:188} INFO - [2025-07-03T17:49:45.846+0000] {dagbag.py:538} INFO - Filling up the DagBag from /home/airflow/.local/lib/python3.8/site-packages/airflow/example_dags/tutorial_dag.py
[2025-07-03T17:49:45.856+0000] {processor.py:840} INFO - DAG(s) 'tutorial_dag' retrieved from /home/airflow/.local/lib/python3.8/site-packages/airflow/example_dags/tutorial_dag.py
[2025-07-03T17:49:45.888+0000] {logging_mixin.py:188} INFO - [2025-07-03T17:49:45.887+0000] {dag.py:3036} INFO - Sync 1 DAGs
[2025-07-03T17:49:45.911+0000] {logging_mixin.py:188} INFO - [2025-07-03T17:49:45.910+0000] {dag.py:3823} INFO - Setting next_dagrun for tutorial_dag to None, run_after=None
[2025-07-03T17:49:45.944+0000] {processor.py:183} INFO - Processing /home/airflow/.local/lib/python3.8/site-packages/airflow/example_dags/tutorial_dag.py took 0.110 seconds
[2025-07-03T17:50:16.571+0000] {processor.py:161} INFO - Started process (PID=2065) to work on /home/airflow/.local/lib/python3.8/site-packages/airflow/example_dags/tutorial_dag.py
[2025-07-03T17:50:16.578+0000] {processor.py:830} INFO - Processing file /home/airflow/.local/lib/python3.8/site-packages/airflow/example_dags/tutorial_dag.py for tasks to queue
[2025-07-03T17:50:16.581+0000] {logging_mixin.py:188} INFO - [2025-07-03T17:50:16.581+0000] {dagbag.py:538} INFO - Filling up the DagBag from /home/airflow/.local/lib/python3.8/site-packages/airflow/example_dags/tutorial_dag.py
[2025-07-03T17:50:16.596+0000] {processor.py:840} INFO - DAG(s) 'tutorial_dag' retrieved from /home/airflow/.local/lib/python3.8/site-packages/airflow/example_dags/tutorial_dag.py
[2025-07-03T17:50:16.654+0000] {logging_mixin.py:188} INFO - [2025-07-03T17:50:16.653+0000] {dag.py:3036} INFO - Sync 1 DAGs
[2025-07-03T17:50:16.704+0000] {logging_mixin.py:188} INFO - [2025-07-03T17:50:16.703+0000] {dag.py:3823} INFO - Setting next_dagrun for tutorial_dag to None, run_after=None
[2025-07-03T17:50:16.768+0000] {processor.py:183} INFO - Processing /home/airflow/.local/lib/python3.8/site-packages/airflow/example_dags/tutorial_dag.py took 0.212 seconds
[2025-07-03T17:50:46.818+0000] {processor.py:161} INFO - Started process (PID=2129) to work on /home/airflow/.local/lib/python3.8/site-packages/airflow/example_dags/tutorial_dag.py
[2025-07-03T17:50:46.820+0000] {processor.py:830} INFO - Processing file /home/airflow/.local/lib/python3.8/site-packages/airflow/example_dags/tutorial_dag.py for tasks to queue
[2025-07-03T17:50:46.823+0000] {logging_mixin.py:188} INFO - [2025-07-03T17:50:46.823+0000] {dagbag.py:538} INFO - Filling up the DagBag from /home/airflow/.local/lib/python3.8/site-packages/airflow/example_dags/tutorial_dag.py
[2025-07-03T17:50:46.831+0000] {processor.py:840} INFO - DAG(s) 'tutorial_dag' retrieved from /home/airflow/.local/lib/python3.8/site-packages/airflow/example_dags/tutorial_dag.py
[2025-07-03T17:50:46.866+0000] {logging_mixin.py:188} INFO - [2025-07-03T17:50:46.865+0000] {dag.py:3036} INFO - Sync 1 DAGs
[2025-07-03T17:50:46.889+0000] {logging_mixin.py:188} INFO - [2025-07-03T17:50:46.889+0000] {dag.py:3823} INFO - Setting next_dagrun for tutorial_dag to None, run_after=None
[2025-07-03T17:50:46.920+0000] {processor.py:183} INFO - Processing /home/airflow/.local/lib/python3.8/site-packages/airflow/example_dags/tutorial_dag.py took 0.106 seconds
[2025-07-03T17:51:17.036+0000] {processor.py:161} INFO - Started process (PID=2193) to work on /home/airflow/.local/lib/python3.8/site-packages/airflow/example_dags/tutorial_dag.py
[2025-07-03T17:51:17.045+0000] {processor.py:830} INFO - Processing file /home/airflow/.local/lib/python3.8/site-packages/airflow/example_dags/tutorial_dag.py for tasks to queue
[2025-07-03T17:51:17.048+0000] {logging_mixin.py:188} INFO - [2025-07-03T17:51:17.047+0000] {dagbag.py:538} INFO - Filling up the DagBag from /home/airflow/.local/lib/python3.8/site-packages/airflow/example_dags/tutorial_dag.py
[2025-07-03T17:51:17.056+0000] {processor.py:840} INFO - DAG(s) 'tutorial_dag' retrieved from /home/airflow/.local/lib/python3.8/site-packages/airflow/example_dags/tutorial_dag.py
[2025-07-03T17:51:17.091+0000] {logging_mixin.py:188} INFO - [2025-07-03T17:51:17.090+0000] {dag.py:3036} INFO - Sync 1 DAGs
[2025-07-03T17:51:17.115+0000] {logging_mixin.py:188} INFO - [2025-07-03T17:51:17.114+0000] {dag.py:3823} INFO - Setting next_dagrun for tutorial_dag to None, run_after=None
[2025-07-03T17:51:17.165+0000] {processor.py:183} INFO - Processing /home/airflow/.local/lib/python3.8/site-packages/airflow/example_dags/tutorial_dag.py took 0.137 seconds
[2025-07-03T17:51:47.361+0000] {processor.py:161} INFO - Started process (PID=2255) to work on /home/airflow/.local/lib/python3.8/site-packages/airflow/example_dags/tutorial_dag.py
[2025-07-03T17:51:47.362+0000] {processor.py:830} INFO - Processing file /home/airflow/.local/lib/python3.8/site-packages/airflow/example_dags/tutorial_dag.py for tasks to queue
[2025-07-03T17:51:47.366+0000] {logging_mixin.py:188} INFO - [2025-07-03T17:51:47.365+0000] {dagbag.py:538} INFO - Filling up the DagBag from /home/airflow/.local/lib/python3.8/site-packages/airflow/example_dags/tutorial_dag.py
[2025-07-03T17:51:47.377+0000] {processor.py:840} INFO - DAG(s) 'tutorial_dag' retrieved from /home/airflow/.local/lib/python3.8/site-packages/airflow/example_dags/tutorial_dag.py
[2025-07-03T17:51:47.410+0000] {logging_mixin.py:188} INFO - [2025-07-03T17:51:47.410+0000] {dag.py:3036} INFO - Sync 1 DAGs
[2025-07-03T17:51:47.439+0000] {logging_mixin.py:188} INFO - [2025-07-03T17:51:47.439+0000] {dag.py:3823} INFO - Setting next_dagrun for tutorial_dag to None, run_after=None
[2025-07-03T17:51:47.474+0000] {processor.py:183} INFO - Processing /home/airflow/.local/lib/python3.8/site-packages/airflow/example_dags/tutorial_dag.py took 0.126 seconds
[2025-07-03T17:52:18.225+0000] {processor.py:161} INFO - Started process (PID=2321) to work on /home/airflow/.local/lib/python3.8/site-packages/airflow/example_dags/tutorial_dag.py
[2025-07-03T17:52:18.237+0000] {processor.py:830} INFO - Processing file /home/airflow/.local/lib/python3.8/site-packages/airflow/example_dags/tutorial_dag.py for tasks to queue
[2025-07-03T17:52:18.239+0000] {logging_mixin.py:188} INFO - [2025-07-03T17:52:18.239+0000] {dagbag.py:538} INFO - Filling up the DagBag from /home/airflow/.local/lib/python3.8/site-packages/airflow/example_dags/tutorial_dag.py
[2025-07-03T17:52:18.256+0000] {processor.py:840} INFO - DAG(s) 'tutorial_dag' retrieved from /home/airflow/.local/lib/python3.8/site-packages/airflow/example_dags/tutorial_dag.py
[2025-07-03T17:52:18.298+0000] {logging_mixin.py:188} INFO - [2025-07-03T17:52:18.297+0000] {dag.py:3036} INFO - Sync 1 DAGs
[2025-07-03T17:52:18.328+0000] {logging_mixin.py:188} INFO - [2025-07-03T17:52:18.327+0000] {dag.py:3823} INFO - Setting next_dagrun for tutorial_dag to None, run_after=None
[2025-07-03T17:52:18.370+0000] {processor.py:183} INFO - Processing /home/airflow/.local/lib/python3.8/site-packages/airflow/example_dags/tutorial_dag.py took 0.149 seconds
[2025-07-03T17:52:48.886+0000] {processor.py:161} INFO - Started process (PID=2387) to work on /home/airflow/.local/lib/python3.8/site-packages/airflow/example_dags/tutorial_dag.py
[2025-07-03T17:52:48.890+0000] {processor.py:830} INFO - Processing file /home/airflow/.local/lib/python3.8/site-packages/airflow/example_dags/tutorial_dag.py for tasks to queue
[2025-07-03T17:52:48.895+0000] {logging_mixin.py:188} INFO - [2025-07-03T17:52:48.894+0000] {dagbag.py:538} INFO - Filling up the DagBag from /home/airflow/.local/lib/python3.8/site-packages/airflow/example_dags/tutorial_dag.py
[2025-07-03T17:52:48.918+0000] {processor.py:840} INFO - DAG(s) 'tutorial_dag' retrieved from /home/airflow/.local/lib/python3.8/site-packages/airflow/example_dags/tutorial_dag.py
[2025-07-03T17:52:48.978+0000] {logging_mixin.py:188} INFO - [2025-07-03T17:52:48.978+0000] {dag.py:3036} INFO - Sync 1 DAGs
[2025-07-03T17:52:49.013+0000] {logging_mixin.py:188} INFO - [2025-07-03T17:52:49.013+0000] {dag.py:3823} INFO - Setting next_dagrun for tutorial_dag to None, run_after=None
[2025-07-03T17:52:49.069+0000] {processor.py:183} INFO - Processing /home/airflow/.local/lib/python3.8/site-packages/airflow/example_dags/tutorial_dag.py took 0.192 seconds
[2025-07-03T17:53:19.152+0000] {processor.py:161} INFO - Started process (PID=2444) to work on /home/airflow/.local/lib/python3.8/site-packages/airflow/example_dags/tutorial_dag.py
[2025-07-03T17:53:19.154+0000] {processor.py:830} INFO - Processing file /home/airflow/.local/lib/python3.8/site-packages/airflow/example_dags/tutorial_dag.py for tasks to queue
[2025-07-03T17:53:19.165+0000] {logging_mixin.py:188} INFO - [2025-07-03T17:53:19.156+0000] {dagbag.py:538} INFO - Filling up the DagBag from /home/airflow/.local/lib/python3.8/site-packages/airflow/example_dags/tutorial_dag.py
[2025-07-03T17:53:19.186+0000] {processor.py:840} INFO - DAG(s) 'tutorial_dag' retrieved from /home/airflow/.local/lib/python3.8/site-packages/airflow/example_dags/tutorial_dag.py
[2025-07-03T17:53:19.268+0000] {logging_mixin.py:188} INFO - [2025-07-03T17:53:19.267+0000] {dag.py:3036} INFO - Sync 1 DAGs
[2025-07-03T17:53:19.302+0000] {logging_mixin.py:188} INFO - [2025-07-03T17:53:19.302+0000] {dag.py:3823} INFO - Setting next_dagrun for tutorial_dag to None, run_after=None
[2025-07-03T17:53:19.336+0000] {processor.py:183} INFO - Processing /home/airflow/.local/lib/python3.8/site-packages/airflow/example_dags/tutorial_dag.py took 0.190 seconds
[2025-07-03T17:53:49.528+0000] {processor.py:161} INFO - Started process (PID=2511) to work on /home/airflow/.local/lib/python3.8/site-packages/airflow/example_dags/tutorial_dag.py
[2025-07-03T17:53:49.529+0000] {processor.py:830} INFO - Processing file /home/airflow/.local/lib/python3.8/site-packages/airflow/example_dags/tutorial_dag.py for tasks to queue
[2025-07-03T17:53:49.532+0000] {logging_mixin.py:188} INFO - [2025-07-03T17:53:49.531+0000] {dagbag.py:538} INFO - Filling up the DagBag from /home/airflow/.local/lib/python3.8/site-packages/airflow/example_dags/tutorial_dag.py
[2025-07-03T17:53:49.545+0000] {processor.py:840} INFO - DAG(s) 'tutorial_dag' retrieved from /home/airflow/.local/lib/python3.8/site-packages/airflow/example_dags/tutorial_dag.py
[2025-07-03T17:53:49.577+0000] {logging_mixin.py:188} INFO - [2025-07-03T17:53:49.577+0000] {dag.py:3036} INFO - Sync 1 DAGs
[2025-07-03T17:53:49.603+0000] {logging_mixin.py:188} INFO - [2025-07-03T17:53:49.603+0000] {dag.py:3823} INFO - Setting next_dagrun for tutorial_dag to None, run_after=None
[2025-07-03T17:53:49.637+0000] {processor.py:183} INFO - Processing /home/airflow/.local/lib/python3.8/site-packages/airflow/example_dags/tutorial_dag.py took 0.114 seconds
[2025-07-03T17:54:20.007+0000] {processor.py:161} INFO - Started process (PID=2575) to work on /home/airflow/.local/lib/python3.8/site-packages/airflow/example_dags/tutorial_dag.py
[2025-07-03T17:54:20.009+0000] {processor.py:830} INFO - Processing file /home/airflow/.local/lib/python3.8/site-packages/airflow/example_dags/tutorial_dag.py for tasks to queue
[2025-07-03T17:54:20.011+0000] {logging_mixin.py:188} INFO - [2025-07-03T17:54:20.011+0000] {dagbag.py:538} INFO - Filling up the DagBag from /home/airflow/.local/lib/python3.8/site-packages/airflow/example_dags/tutorial_dag.py
[2025-07-03T17:54:20.019+0000] {processor.py:840} INFO - DAG(s) 'tutorial_dag' retrieved from /home/airflow/.local/lib/python3.8/site-packages/airflow/example_dags/tutorial_dag.py
[2025-07-03T17:54:20.049+0000] {logging_mixin.py:188} INFO - [2025-07-03T17:54:20.048+0000] {dag.py:3036} INFO - Sync 1 DAGs
[2025-07-03T17:54:20.074+0000] {logging_mixin.py:188} INFO - [2025-07-03T17:54:20.074+0000] {dag.py:3823} INFO - Setting next_dagrun for tutorial_dag to None, run_after=None
[2025-07-03T17:54:20.114+0000] {processor.py:183} INFO - Processing /home/airflow/.local/lib/python3.8/site-packages/airflow/example_dags/tutorial_dag.py took 0.119 seconds
[2025-07-03T17:54:50.915+0000] {processor.py:161} INFO - Started process (PID=2639) to work on /home/airflow/.local/lib/python3.8/site-packages/airflow/example_dags/tutorial_dag.py
[2025-07-03T17:54:50.917+0000] {processor.py:830} INFO - Processing file /home/airflow/.local/lib/python3.8/site-packages/airflow/example_dags/tutorial_dag.py for tasks to queue
[2025-07-03T17:54:50.920+0000] {logging_mixin.py:188} INFO - [2025-07-03T17:54:50.920+0000] {dagbag.py:538} INFO - Filling up the DagBag from /home/airflow/.local/lib/python3.8/site-packages/airflow/example_dags/tutorial_dag.py
[2025-07-03T17:54:50.929+0000] {processor.py:840} INFO - DAG(s) 'tutorial_dag' retrieved from /home/airflow/.local/lib/python3.8/site-packages/airflow/example_dags/tutorial_dag.py
[2025-07-03T17:54:50.972+0000] {logging_mixin.py:188} INFO - [2025-07-03T17:54:50.972+0000] {dag.py:3036} INFO - Sync 1 DAGs
[2025-07-03T17:54:51.024+0000] {logging_mixin.py:188} INFO - [2025-07-03T17:54:51.024+0000] {dag.py:3823} INFO - Setting next_dagrun for tutorial_dag to None, run_after=None
[2025-07-03T17:54:51.086+0000] {processor.py:183} INFO - Processing /home/airflow/.local/lib/python3.8/site-packages/airflow/example_dags/tutorial_dag.py took 0.176 seconds
[2025-07-03T17:55:21.853+0000] {processor.py:161} INFO - Started process (PID=2704) to work on /home/airflow/.local/lib/python3.8/site-packages/airflow/example_dags/tutorial_dag.py
[2025-07-03T17:55:21.854+0000] {processor.py:830} INFO - Processing file /home/airflow/.local/lib/python3.8/site-packages/airflow/example_dags/tutorial_dag.py for tasks to queue
[2025-07-03T17:55:21.856+0000] {logging_mixin.py:188} INFO - [2025-07-03T17:55:21.856+0000] {dagbag.py:538} INFO - Filling up the DagBag from /home/airflow/.local/lib/python3.8/site-packages/airflow/example_dags/tutorial_dag.py
[2025-07-03T17:55:21.864+0000] {processor.py:840} INFO - DAG(s) 'tutorial_dag' retrieved from /home/airflow/.local/lib/python3.8/site-packages/airflow/example_dags/tutorial_dag.py
[2025-07-03T17:55:21.900+0000] {logging_mixin.py:188} INFO - [2025-07-03T17:55:21.899+0000] {dag.py:3036} INFO - Sync 1 DAGs
[2025-07-03T17:55:21.922+0000] {logging_mixin.py:188} INFO - [2025-07-03T17:55:21.922+0000] {dag.py:3823} INFO - Setting next_dagrun for tutorial_dag to None, run_after=None
[2025-07-03T17:55:21.952+0000] {processor.py:183} INFO - Processing /home/airflow/.local/lib/python3.8/site-packages/airflow/example_dags/tutorial_dag.py took 0.104 seconds
[2025-07-03T17:55:52.962+0000] {processor.py:161} INFO - Started process (PID=2777) to work on /home/airflow/.local/lib/python3.8/site-packages/airflow/example_dags/tutorial_dag.py
[2025-07-03T17:55:53.022+0000] {processor.py:830} INFO - Processing file /home/airflow/.local/lib/python3.8/site-packages/airflow/example_dags/tutorial_dag.py for tasks to queue
[2025-07-03T17:55:53.025+0000] {logging_mixin.py:188} INFO - [2025-07-03T17:55:53.024+0000] {dagbag.py:538} INFO - Filling up the DagBag from /home/airflow/.local/lib/python3.8/site-packages/airflow/example_dags/tutorial_dag.py
[2025-07-03T17:55:53.033+0000] {processor.py:840} INFO - DAG(s) 'tutorial_dag' retrieved from /home/airflow/.local/lib/python3.8/site-packages/airflow/example_dags/tutorial_dag.py
[2025-07-03T17:55:53.101+0000] {logging_mixin.py:188} INFO - [2025-07-03T17:55:53.099+0000] {dag.py:3036} INFO - Sync 1 DAGs
[2025-07-03T17:55:53.156+0000] {logging_mixin.py:188} INFO - [2025-07-03T17:55:53.150+0000] {dag.py:3823} INFO - Setting next_dagrun for tutorial_dag to None, run_after=None
[2025-07-03T17:55:53.220+0000] {processor.py:183} INFO - Processing /home/airflow/.local/lib/python3.8/site-packages/airflow/example_dags/tutorial_dag.py took 0.264 seconds
[2025-07-03T17:56:23.453+0000] {processor.py:161} INFO - Started process (PID=2843) to work on /home/airflow/.local/lib/python3.8/site-packages/airflow/example_dags/tutorial_dag.py
[2025-07-03T17:56:23.454+0000] {processor.py:830} INFO - Processing file /home/airflow/.local/lib/python3.8/site-packages/airflow/example_dags/tutorial_dag.py for tasks to queue
[2025-07-03T17:56:23.457+0000] {logging_mixin.py:188} INFO - [2025-07-03T17:56:23.457+0000] {dagbag.py:538} INFO - Filling up the DagBag from /home/airflow/.local/lib/python3.8/site-packages/airflow/example_dags/tutorial_dag.py
[2025-07-03T17:56:23.474+0000] {processor.py:840} INFO - DAG(s) 'tutorial_dag' retrieved from /home/airflow/.local/lib/python3.8/site-packages/airflow/example_dags/tutorial_dag.py
[2025-07-03T17:56:23.576+0000] {logging_mixin.py:188} INFO - [2025-07-03T17:56:23.576+0000] {dag.py:3036} INFO - Sync 1 DAGs
[2025-07-03T17:56:23.683+0000] {logging_mixin.py:188} INFO - [2025-07-03T17:56:23.682+0000] {dag.py:3823} INFO - Setting next_dagrun for tutorial_dag to None, run_after=None
[2025-07-03T17:56:23.801+0000] {processor.py:183} INFO - Processing /home/airflow/.local/lib/python3.8/site-packages/airflow/example_dags/tutorial_dag.py took 0.372 seconds
[2025-07-03T17:56:54.132+0000] {processor.py:161} INFO - Started process (PID=2900) to work on /home/airflow/.local/lib/python3.8/site-packages/airflow/example_dags/tutorial_dag.py
[2025-07-03T17:56:54.149+0000] {processor.py:830} INFO - Processing file /home/airflow/.local/lib/python3.8/site-packages/airflow/example_dags/tutorial_dag.py for tasks to queue
[2025-07-03T17:56:54.151+0000] {logging_mixin.py:188} INFO - [2025-07-03T17:56:54.151+0000] {dagbag.py:538} INFO - Filling up the DagBag from /home/airflow/.local/lib/python3.8/site-packages/airflow/example_dags/tutorial_dag.py
[2025-07-03T17:56:54.181+0000] {processor.py:840} INFO - DAG(s) 'tutorial_dag' retrieved from /home/airflow/.local/lib/python3.8/site-packages/airflow/example_dags/tutorial_dag.py
[2025-07-03T17:56:54.286+0000] {logging_mixin.py:188} INFO - [2025-07-03T17:56:54.285+0000] {dag.py:3036} INFO - Sync 1 DAGs
[2025-07-03T17:56:54.351+0000] {logging_mixin.py:188} INFO - [2025-07-03T17:56:54.350+0000] {dag.py:3823} INFO - Setting next_dagrun for tutorial_dag to None, run_after=None
[2025-07-03T17:56:54.445+0000] {processor.py:183} INFO - Processing /home/airflow/.local/lib/python3.8/site-packages/airflow/example_dags/tutorial_dag.py took 0.327 seconds
[2025-07-03T17:57:26.011+0000] {processor.py:161} INFO - Started process (PID=2964) to work on /home/airflow/.local/lib/python3.8/site-packages/airflow/example_dags/tutorial_dag.py
[2025-07-03T17:57:26.013+0000] {processor.py:830} INFO - Processing file /home/airflow/.local/lib/python3.8/site-packages/airflow/example_dags/tutorial_dag.py for tasks to queue
[2025-07-03T17:57:26.018+0000] {logging_mixin.py:188} INFO - [2025-07-03T17:57:26.017+0000] {dagbag.py:538} INFO - Filling up the DagBag from /home/airflow/.local/lib/python3.8/site-packages/airflow/example_dags/tutorial_dag.py
[2025-07-03T17:57:26.068+0000] {processor.py:840} INFO - DAG(s) 'tutorial_dag' retrieved from /home/airflow/.local/lib/python3.8/site-packages/airflow/example_dags/tutorial_dag.py
[2025-07-03T17:57:26.272+0000] {logging_mixin.py:188} INFO - [2025-07-03T17:57:26.271+0000] {dag.py:3036} INFO - Sync 1 DAGs
[2025-07-03T17:57:26.400+0000] {logging_mixin.py:188} INFO - [2025-07-03T17:57:26.388+0000] {dag.py:3823} INFO - Setting next_dagrun for tutorial_dag to None, run_after=None
[2025-07-03T17:57:26.647+0000] {processor.py:183} INFO - Processing /home/airflow/.local/lib/python3.8/site-packages/airflow/example_dags/tutorial_dag.py took 0.672 seconds
[2025-07-03T17:57:57.414+0000] {processor.py:161} INFO - Started process (PID=3021) to work on /home/airflow/.local/lib/python3.8/site-packages/airflow/example_dags/tutorial_dag.py
[2025-07-03T17:57:57.415+0000] {processor.py:830} INFO - Processing file /home/airflow/.local/lib/python3.8/site-packages/airflow/example_dags/tutorial_dag.py for tasks to queue
[2025-07-03T17:57:57.418+0000] {logging_mixin.py:188} INFO - [2025-07-03T17:57:57.418+0000] {dagbag.py:538} INFO - Filling up the DagBag from /home/airflow/.local/lib/python3.8/site-packages/airflow/example_dags/tutorial_dag.py
[2025-07-03T17:57:57.444+0000] {processor.py:840} INFO - DAG(s) 'tutorial_dag' retrieved from /home/airflow/.local/lib/python3.8/site-packages/airflow/example_dags/tutorial_dag.py
[2025-07-03T17:57:57.543+0000] {logging_mixin.py:188} INFO - [2025-07-03T17:57:57.542+0000] {dag.py:3036} INFO - Sync 1 DAGs
[2025-07-03T17:57:57.608+0000] {logging_mixin.py:188} INFO - [2025-07-03T17:57:57.607+0000] {dag.py:3823} INFO - Setting next_dagrun for tutorial_dag to None, run_after=None
[2025-07-03T17:57:57.701+0000] {processor.py:183} INFO - Processing /home/airflow/.local/lib/python3.8/site-packages/airflow/example_dags/tutorial_dag.py took 0.300 seconds
[2025-07-03T17:58:27.893+0000] {processor.py:161} INFO - Started process (PID=3087) to work on /home/airflow/.local/lib/python3.8/site-packages/airflow/example_dags/tutorial_dag.py
[2025-07-03T17:58:27.915+0000] {processor.py:830} INFO - Processing file /home/airflow/.local/lib/python3.8/site-packages/airflow/example_dags/tutorial_dag.py for tasks to queue
[2025-07-03T17:58:27.918+0000] {logging_mixin.py:188} INFO - [2025-07-03T17:58:27.918+0000] {dagbag.py:538} INFO - Filling up the DagBag from /home/airflow/.local/lib/python3.8/site-packages/airflow/example_dags/tutorial_dag.py
[2025-07-03T17:58:27.951+0000] {processor.py:840} INFO - DAG(s) 'tutorial_dag' retrieved from /home/airflow/.local/lib/python3.8/site-packages/airflow/example_dags/tutorial_dag.py
[2025-07-03T17:58:28.018+0000] {logging_mixin.py:188} INFO - [2025-07-03T17:58:28.017+0000] {dag.py:3036} INFO - Sync 1 DAGs
[2025-07-03T17:58:28.065+0000] {logging_mixin.py:188} INFO - [2025-07-03T17:58:28.064+0000] {dag.py:3823} INFO - Setting next_dagrun for tutorial_dag to None, run_after=None
[2025-07-03T17:58:28.165+0000] {processor.py:183} INFO - Processing /home/airflow/.local/lib/python3.8/site-packages/airflow/example_dags/tutorial_dag.py took 0.297 seconds
[2025-07-03T17:59:00.092+0000] {processor.py:161} INFO - Started process (PID=3152) to work on /home/airflow/.local/lib/python3.8/site-packages/airflow/example_dags/tutorial_dag.py
[2025-07-03T17:59:00.093+0000] {processor.py:830} INFO - Processing file /home/airflow/.local/lib/python3.8/site-packages/airflow/example_dags/tutorial_dag.py for tasks to queue
[2025-07-03T17:59:00.095+0000] {logging_mixin.py:188} INFO - [2025-07-03T17:59:00.095+0000] {dagbag.py:538} INFO - Filling up the DagBag from /home/airflow/.local/lib/python3.8/site-packages/airflow/example_dags/tutorial_dag.py
[2025-07-03T17:59:00.134+0000] {processor.py:840} INFO - DAG(s) 'tutorial_dag' retrieved from /home/airflow/.local/lib/python3.8/site-packages/airflow/example_dags/tutorial_dag.py
[2025-07-03T17:59:00.221+0000] {logging_mixin.py:188} INFO - [2025-07-03T17:59:00.221+0000] {dag.py:3036} INFO - Sync 1 DAGs
[2025-07-03T17:59:00.292+0000] {logging_mixin.py:188} INFO - [2025-07-03T17:59:00.292+0000] {dag.py:3823} INFO - Setting next_dagrun for tutorial_dag to None, run_after=None
[2025-07-03T17:59:00.394+0000] {processor.py:183} INFO - Processing /home/airflow/.local/lib/python3.8/site-packages/airflow/example_dags/tutorial_dag.py took 0.319 seconds
[2025-07-03T17:59:30.575+0000] {processor.py:161} INFO - Started process (PID=3216) to work on /home/airflow/.local/lib/python3.8/site-packages/airflow/example_dags/tutorial_dag.py
[2025-07-03T17:59:30.585+0000] {processor.py:830} INFO - Processing file /home/airflow/.local/lib/python3.8/site-packages/airflow/example_dags/tutorial_dag.py for tasks to queue
[2025-07-03T17:59:30.588+0000] {logging_mixin.py:188} INFO - [2025-07-03T17:59:30.587+0000] {dagbag.py:538} INFO - Filling up the DagBag from /home/airflow/.local/lib/python3.8/site-packages/airflow/example_dags/tutorial_dag.py
[2025-07-03T17:59:30.609+0000] {processor.py:840} INFO - DAG(s) 'tutorial_dag' retrieved from /home/airflow/.local/lib/python3.8/site-packages/airflow/example_dags/tutorial_dag.py
[2025-07-03T17:59:30.673+0000] {logging_mixin.py:188} INFO - [2025-07-03T17:59:30.673+0000] {dag.py:3036} INFO - Sync 1 DAGs
[2025-07-03T17:59:30.715+0000] {logging_mixin.py:188} INFO - [2025-07-03T17:59:30.715+0000] {dag.py:3823} INFO - Setting next_dagrun for tutorial_dag to None, run_after=None
[2025-07-03T17:59:30.773+0000] {processor.py:183} INFO - Processing /home/airflow/.local/lib/python3.8/site-packages/airflow/example_dags/tutorial_dag.py took 0.202 seconds
[2025-07-03T18:00:01.151+0000] {processor.py:161} INFO - Started process (PID=3277) to work on /home/airflow/.local/lib/python3.8/site-packages/airflow/example_dags/tutorial_dag.py
[2025-07-03T18:00:01.152+0000] {processor.py:830} INFO - Processing file /home/airflow/.local/lib/python3.8/site-packages/airflow/example_dags/tutorial_dag.py for tasks to queue
[2025-07-03T18:00:01.154+0000] {logging_mixin.py:188} INFO - [2025-07-03T18:00:01.154+0000] {dagbag.py:538} INFO - Filling up the DagBag from /home/airflow/.local/lib/python3.8/site-packages/airflow/example_dags/tutorial_dag.py
[2025-07-03T18:00:01.166+0000] {processor.py:840} INFO - DAG(s) 'tutorial_dag' retrieved from /home/airflow/.local/lib/python3.8/site-packages/airflow/example_dags/tutorial_dag.py
[2025-07-03T18:00:01.198+0000] {logging_mixin.py:188} INFO - [2025-07-03T18:00:01.197+0000] {dag.py:3036} INFO - Sync 1 DAGs
[2025-07-03T18:00:01.220+0000] {logging_mixin.py:188} INFO - [2025-07-03T18:00:01.220+0000] {dag.py:3823} INFO - Setting next_dagrun for tutorial_dag to None, run_after=None
[2025-07-03T18:00:01.250+0000] {processor.py:183} INFO - Processing /home/airflow/.local/lib/python3.8/site-packages/airflow/example_dags/tutorial_dag.py took 0.104 seconds
[2025-07-03T18:00:31.760+0000] {processor.py:161} INFO - Started process (PID=3341) to work on /home/airflow/.local/lib/python3.8/site-packages/airflow/example_dags/tutorial_dag.py
[2025-07-03T18:00:31.761+0000] {processor.py:830} INFO - Processing file /home/airflow/.local/lib/python3.8/site-packages/airflow/example_dags/tutorial_dag.py for tasks to queue
[2025-07-03T18:00:31.764+0000] {logging_mixin.py:188} INFO - [2025-07-03T18:00:31.764+0000] {dagbag.py:538} INFO - Filling up the DagBag from /home/airflow/.local/lib/python3.8/site-packages/airflow/example_dags/tutorial_dag.py
[2025-07-03T18:00:31.772+0000] {processor.py:840} INFO - DAG(s) 'tutorial_dag' retrieved from /home/airflow/.local/lib/python3.8/site-packages/airflow/example_dags/tutorial_dag.py
[2025-07-03T18:00:31.806+0000] {logging_mixin.py:188} INFO - [2025-07-03T18:00:31.805+0000] {dag.py:3036} INFO - Sync 1 DAGs
[2025-07-03T18:00:31.828+0000] {logging_mixin.py:188} INFO - [2025-07-03T18:00:31.828+0000] {dag.py:3823} INFO - Setting next_dagrun for tutorial_dag to None, run_after=None
[2025-07-03T18:00:31.858+0000] {processor.py:183} INFO - Processing /home/airflow/.local/lib/python3.8/site-packages/airflow/example_dags/tutorial_dag.py took 0.103 seconds
[2025-07-03T18:01:02.590+0000] {processor.py:161} INFO - Started process (PID=3406) to work on /home/airflow/.local/lib/python3.8/site-packages/airflow/example_dags/tutorial_dag.py
[2025-07-03T18:01:02.591+0000] {processor.py:830} INFO - Processing file /home/airflow/.local/lib/python3.8/site-packages/airflow/example_dags/tutorial_dag.py for tasks to queue
[2025-07-03T18:01:02.604+0000] {logging_mixin.py:188} INFO - [2025-07-03T18:01:02.604+0000] {dagbag.py:538} INFO - Filling up the DagBag from /home/airflow/.local/lib/python3.8/site-packages/airflow/example_dags/tutorial_dag.py
[2025-07-03T18:01:02.628+0000] {processor.py:840} INFO - DAG(s) 'tutorial_dag' retrieved from /home/airflow/.local/lib/python3.8/site-packages/airflow/example_dags/tutorial_dag.py
[2025-07-03T18:01:02.686+0000] {logging_mixin.py:188} INFO - [2025-07-03T18:01:02.685+0000] {dag.py:3036} INFO - Sync 1 DAGs
[2025-07-03T18:01:02.736+0000] {logging_mixin.py:188} INFO - [2025-07-03T18:01:02.736+0000] {dag.py:3823} INFO - Setting next_dagrun for tutorial_dag to None, run_after=None
[2025-07-03T18:01:02.850+0000] {processor.py:183} INFO - Processing /home/airflow/.local/lib/python3.8/site-packages/airflow/example_dags/tutorial_dag.py took 0.274 seconds
[2025-07-03T18:01:33.183+0000] {processor.py:161} INFO - Started process (PID=3469) to work on /home/airflow/.local/lib/python3.8/site-packages/airflow/example_dags/tutorial_dag.py
[2025-07-03T18:01:33.221+0000] {processor.py:830} INFO - Processing file /home/airflow/.local/lib/python3.8/site-packages/airflow/example_dags/tutorial_dag.py for tasks to queue
[2025-07-03T18:01:33.251+0000] {logging_mixin.py:188} INFO - [2025-07-03T18:01:33.250+0000] {dagbag.py:538} INFO - Filling up the DagBag from /home/airflow/.local/lib/python3.8/site-packages/airflow/example_dags/tutorial_dag.py
[2025-07-03T18:01:33.304+0000] {processor.py:840} INFO - DAG(s) 'tutorial_dag' retrieved from /home/airflow/.local/lib/python3.8/site-packages/airflow/example_dags/tutorial_dag.py
[2025-07-03T18:01:33.385+0000] {logging_mixin.py:188} INFO - [2025-07-03T18:01:33.385+0000] {dag.py:3036} INFO - Sync 1 DAGs
[2025-07-03T18:01:33.452+0000] {logging_mixin.py:188} INFO - [2025-07-03T18:01:33.452+0000] {dag.py:3823} INFO - Setting next_dagrun for tutorial_dag to None, run_after=None
[2025-07-03T18:01:33.542+0000] {processor.py:183} INFO - Processing /home/airflow/.local/lib/python3.8/site-packages/airflow/example_dags/tutorial_dag.py took 0.381 seconds
[2025-07-03T18:02:03.691+0000] {processor.py:161} INFO - Started process (PID=3527) to work on /home/airflow/.local/lib/python3.8/site-packages/airflow/example_dags/tutorial_dag.py
[2025-07-03T18:02:03.700+0000] {processor.py:830} INFO - Processing file /home/airflow/.local/lib/python3.8/site-packages/airflow/example_dags/tutorial_dag.py for tasks to queue
[2025-07-03T18:02:03.702+0000] {logging_mixin.py:188} INFO - [2025-07-03T18:02:03.702+0000] {dagbag.py:538} INFO - Filling up the DagBag from /home/airflow/.local/lib/python3.8/site-packages/airflow/example_dags/tutorial_dag.py
[2025-07-03T18:02:03.722+0000] {processor.py:840} INFO - DAG(s) 'tutorial_dag' retrieved from /home/airflow/.local/lib/python3.8/site-packages/airflow/example_dags/tutorial_dag.py
[2025-07-03T18:02:03.794+0000] {logging_mixin.py:188} INFO - [2025-07-03T18:02:03.793+0000] {dag.py:3036} INFO - Sync 1 DAGs
[2025-07-03T18:02:03.852+0000] {logging_mixin.py:188} INFO - [2025-07-03T18:02:03.851+0000] {dag.py:3823} INFO - Setting next_dagrun for tutorial_dag to None, run_after=None
[2025-07-03T18:02:03.943+0000] {processor.py:183} INFO - Processing /home/airflow/.local/lib/python3.8/site-packages/airflow/example_dags/tutorial_dag.py took 0.257 seconds
[2025-07-03T18:02:34.200+0000] {processor.py:161} INFO - Started process (PID=3592) to work on /home/airflow/.local/lib/python3.8/site-packages/airflow/example_dags/tutorial_dag.py
[2025-07-03T18:02:34.210+0000] {processor.py:830} INFO - Processing file /home/airflow/.local/lib/python3.8/site-packages/airflow/example_dags/tutorial_dag.py for tasks to queue
[2025-07-03T18:02:34.213+0000] {logging_mixin.py:188} INFO - [2025-07-03T18:02:34.213+0000] {dagbag.py:538} INFO - Filling up the DagBag from /home/airflow/.local/lib/python3.8/site-packages/airflow/example_dags/tutorial_dag.py
[2025-07-03T18:02:34.220+0000] {processor.py:840} INFO - DAG(s) 'tutorial_dag' retrieved from /home/airflow/.local/lib/python3.8/site-packages/airflow/example_dags/tutorial_dag.py
[2025-07-03T18:02:34.250+0000] {logging_mixin.py:188} INFO - [2025-07-03T18:02:34.250+0000] {dag.py:3036} INFO - Sync 1 DAGs
[2025-07-03T18:02:34.273+0000] {logging_mixin.py:188} INFO - [2025-07-03T18:02:34.272+0000] {dag.py:3823} INFO - Setting next_dagrun for tutorial_dag to None, run_after=None
[2025-07-03T18:02:34.301+0000] {processor.py:183} INFO - Processing /home/airflow/.local/lib/python3.8/site-packages/airflow/example_dags/tutorial_dag.py took 0.110 seconds
[2025-07-03T18:03:06.601+0000] {processor.py:161} INFO - Started process (PID=3656) to work on /home/airflow/.local/lib/python3.8/site-packages/airflow/example_dags/tutorial_dag.py
[2025-07-03T18:03:06.613+0000] {processor.py:830} INFO - Processing file /home/airflow/.local/lib/python3.8/site-packages/airflow/example_dags/tutorial_dag.py for tasks to queue
[2025-07-03T18:03:06.616+0000] {logging_mixin.py:188} INFO - [2025-07-03T18:03:06.615+0000] {dagbag.py:538} INFO - Filling up the DagBag from /home/airflow/.local/lib/python3.8/site-packages/airflow/example_dags/tutorial_dag.py
[2025-07-03T18:03:06.671+0000] {processor.py:840} INFO - DAG(s) 'tutorial_dag' retrieved from /home/airflow/.local/lib/python3.8/site-packages/airflow/example_dags/tutorial_dag.py
[2025-07-03T18:03:06.919+0000] {logging_mixin.py:188} INFO - [2025-07-03T18:03:06.919+0000] {dag.py:3036} INFO - Sync 1 DAGs
[2025-07-03T18:03:07.056+0000] {logging_mixin.py:188} INFO - [2025-07-03T18:03:07.055+0000] {dag.py:3823} INFO - Setting next_dagrun for tutorial_dag to None, run_after=None
[2025-07-03T18:03:07.282+0000] {processor.py:183} INFO - Processing /home/airflow/.local/lib/python3.8/site-packages/airflow/example_dags/tutorial_dag.py took 0.757 seconds
[2025-07-03T18:03:52.026+0000] {processor.py:161} INFO - Started process (PID=3711) to work on /home/airflow/.local/lib/python3.8/site-packages/airflow/example_dags/tutorial_dag.py
[2025-07-03T18:03:52.053+0000] {processor.py:830} INFO - Processing file /home/airflow/.local/lib/python3.8/site-packages/airflow/example_dags/tutorial_dag.py for tasks to queue
[2025-07-03T18:03:52.094+0000] {logging_mixin.py:188} INFO - [2025-07-03T18:03:52.093+0000] {dagbag.py:538} INFO - Filling up the DagBag from /home/airflow/.local/lib/python3.8/site-packages/airflow/example_dags/tutorial_dag.py
[2025-07-03T18:03:52.214+0000] {processor.py:840} INFO - DAG(s) 'tutorial_dag' retrieved from /home/airflow/.local/lib/python3.8/site-packages/airflow/example_dags/tutorial_dag.py
[2025-07-03T18:03:52.583+0000] {logging_mixin.py:188} INFO - [2025-07-03T18:03:52.583+0000] {dag.py:3036} INFO - Sync 1 DAGs
[2025-07-03T18:03:55.616+0000] {logging_mixin.py:188} INFO - [2025-07-03T18:03:55.615+0000] {dag.py:3823} INFO - Setting next_dagrun for tutorial_dag to None, run_after=None
[2025-07-03T18:03:56.437+0000] {processor.py:183} INFO - Processing /home/airflow/.local/lib/python3.8/site-packages/airflow/example_dags/tutorial_dag.py took 4.490 seconds
[2025-07-03T18:04:47.637+0000] {processor.py:161} INFO - Started process (PID=3761) to work on /home/airflow/.local/lib/python3.8/site-packages/airflow/example_dags/tutorial_dag.py
[2025-07-03T18:04:47.665+0000] {processor.py:830} INFO - Processing file /home/airflow/.local/lib/python3.8/site-packages/airflow/example_dags/tutorial_dag.py for tasks to queue
[2025-07-03T18:04:47.668+0000] {logging_mixin.py:188} INFO - [2025-07-03T18:04:47.667+0000] {dagbag.py:538} INFO - Filling up the DagBag from /home/airflow/.local/lib/python3.8/site-packages/airflow/example_dags/tutorial_dag.py
[2025-07-03T18:04:47.816+0000] {processor.py:840} INFO - DAG(s) 'tutorial_dag' retrieved from /home/airflow/.local/lib/python3.8/site-packages/airflow/example_dags/tutorial_dag.py
[2025-07-03T18:04:48.704+0000] {logging_mixin.py:188} INFO - [2025-07-03T18:04:48.703+0000] {dag.py:3036} INFO - Sync 1 DAGs
[2025-07-03T18:04:49.168+0000] {logging_mixin.py:188} INFO - [2025-07-03T18:04:49.168+0000] {dag.py:3823} INFO - Setting next_dagrun for tutorial_dag to None, run_after=None
[2025-07-03T18:04:49.866+0000] {processor.py:183} INFO - Processing /home/airflow/.local/lib/python3.8/site-packages/airflow/example_dags/tutorial_dag.py took 2.249 seconds
[2025-07-03T18:05:54.250+0000] {processor.py:161} INFO - Started process (PID=3816) to work on /home/airflow/.local/lib/python3.8/site-packages/airflow/example_dags/tutorial_dag.py
[2025-07-03T18:05:54.453+0000] {processor.py:830} INFO - Processing file /home/airflow/.local/lib/python3.8/site-packages/airflow/example_dags/tutorial_dag.py for tasks to queue
[2025-07-03T18:05:54.479+0000] {logging_mixin.py:188} INFO - [2025-07-03T18:05:54.478+0000] {dagbag.py:538} INFO - Filling up the DagBag from /home/airflow/.local/lib/python3.8/site-packages/airflow/example_dags/tutorial_dag.py
[2025-07-03T18:05:54.632+0000] {processor.py:840} INFO - DAG(s) 'tutorial_dag' retrieved from /home/airflow/.local/lib/python3.8/site-packages/airflow/example_dags/tutorial_dag.py
[2025-07-03T18:05:55.529+0000] {logging_mixin.py:188} INFO - [2025-07-03T18:05:55.528+0000] {dag.py:3036} INFO - Sync 1 DAGs
[2025-07-03T18:05:56.242+0000] {logging_mixin.py:188} INFO - [2025-07-03T18:05:56.160+0000] {dag.py:3823} INFO - Setting next_dagrun for tutorial_dag to None, run_after=None
[2025-07-03T18:05:57.042+0000] {processor.py:183} INFO - Processing /home/airflow/.local/lib/python3.8/site-packages/airflow/example_dags/tutorial_dag.py took 2.918 seconds
[2025-07-03T18:07:19.799+0000] {processor.py:161} INFO - Started process (PID=3879) to work on /home/airflow/.local/lib/python3.8/site-packages/airflow/example_dags/tutorial_dag.py
[2025-07-03T18:07:19.856+0000] {processor.py:830} INFO - Processing file /home/airflow/.local/lib/python3.8/site-packages/airflow/example_dags/tutorial_dag.py for tasks to queue
[2025-07-03T18:07:19.966+0000] {logging_mixin.py:188} INFO - [2025-07-03T18:07:19.937+0000] {dagbag.py:538} INFO - Filling up the DagBag from /home/airflow/.local/lib/python3.8/site-packages/airflow/example_dags/tutorial_dag.py
[2025-07-03T18:07:20.199+0000] {processor.py:840} INFO - DAG(s) 'tutorial_dag' retrieved from /home/airflow/.local/lib/python3.8/site-packages/airflow/example_dags/tutorial_dag.py
[2025-07-03T18:07:21.243+0000] {logging_mixin.py:188} INFO - [2025-07-03T18:07:21.242+0000] {dag.py:3036} INFO - Sync 1 DAGs
[2025-07-03T18:07:22.392+0000] {logging_mixin.py:188} INFO - [2025-07-03T18:07:22.104+0000] {dag.py:3823} INFO - Setting next_dagrun for tutorial_dag to None, run_after=None
[2025-07-03T18:07:23.929+0000] {processor.py:183} INFO - Processing /home/airflow/.local/lib/python3.8/site-packages/airflow/example_dags/tutorial_dag.py took 4.290 seconds
[2025-07-03T18:21:06.883+0000] {processor.py:161} INFO - Started process (PID=88) to work on /home/airflow/.local/lib/python3.8/site-packages/airflow/example_dags/tutorial_dag.py
[2025-07-03T18:21:06.897+0000] {processor.py:830} INFO - Processing file /home/airflow/.local/lib/python3.8/site-packages/airflow/example_dags/tutorial_dag.py for tasks to queue
[2025-07-03T18:21:06.914+0000] {logging_mixin.py:188} INFO - [2025-07-03T18:21:06.913+0000] {dagbag.py:538} INFO - Filling up the DagBag from /home/airflow/.local/lib/python3.8/site-packages/airflow/example_dags/tutorial_dag.py
[2025-07-03T18:21:06.948+0000] {processor.py:840} INFO - DAG(s) 'tutorial_dag' retrieved from /home/airflow/.local/lib/python3.8/site-packages/airflow/example_dags/tutorial_dag.py
[2025-07-03T18:21:07.123+0000] {logging_mixin.py:188} INFO - [2025-07-03T18:21:07.122+0000] {dag.py:3036} INFO - Sync 1 DAGs
[2025-07-03T18:21:07.224+0000] {logging_mixin.py:188} INFO - [2025-07-03T18:21:07.224+0000] {dag.py:3823} INFO - Setting next_dagrun for tutorial_dag to None, run_after=None
[2025-07-03T18:21:07.311+0000] {processor.py:183} INFO - Processing /home/airflow/.local/lib/python3.8/site-packages/airflow/example_dags/tutorial_dag.py took 0.442 seconds
[2025-07-03T18:21:38.243+0000] {processor.py:161} INFO - Started process (PID=153) to work on /home/airflow/.local/lib/python3.8/site-packages/airflow/example_dags/tutorial_dag.py
[2025-07-03T18:21:38.257+0000] {processor.py:830} INFO - Processing file /home/airflow/.local/lib/python3.8/site-packages/airflow/example_dags/tutorial_dag.py for tasks to queue
[2025-07-03T18:21:38.260+0000] {logging_mixin.py:188} INFO - [2025-07-03T18:21:38.260+0000] {dagbag.py:538} INFO - Filling up the DagBag from /home/airflow/.local/lib/python3.8/site-packages/airflow/example_dags/tutorial_dag.py
[2025-07-03T18:21:38.268+0000] {processor.py:840} INFO - DAG(s) 'tutorial_dag' retrieved from /home/airflow/.local/lib/python3.8/site-packages/airflow/example_dags/tutorial_dag.py
[2025-07-03T18:21:38.336+0000] {logging_mixin.py:188} INFO - [2025-07-03T18:21:38.336+0000] {dag.py:3036} INFO - Sync 1 DAGs
[2025-07-03T18:21:38.379+0000] {logging_mixin.py:188} INFO - [2025-07-03T18:21:38.379+0000] {dag.py:3823} INFO - Setting next_dagrun for tutorial_dag to None, run_after=None
[2025-07-03T18:21:38.462+0000] {processor.py:183} INFO - Processing /home/airflow/.local/lib/python3.8/site-packages/airflow/example_dags/tutorial_dag.py took 0.224 seconds
[2025-07-03T18:22:08.683+0000] {processor.py:161} INFO - Started process (PID=218) to work on /home/airflow/.local/lib/python3.8/site-packages/airflow/example_dags/tutorial_dag.py
[2025-07-03T18:22:08.689+0000] {processor.py:830} INFO - Processing file /home/airflow/.local/lib/python3.8/site-packages/airflow/example_dags/tutorial_dag.py for tasks to queue
[2025-07-03T18:22:08.691+0000] {logging_mixin.py:188} INFO - [2025-07-03T18:22:08.691+0000] {dagbag.py:538} INFO - Filling up the DagBag from /home/airflow/.local/lib/python3.8/site-packages/airflow/example_dags/tutorial_dag.py
[2025-07-03T18:22:08.703+0000] {processor.py:840} INFO - DAG(s) 'tutorial_dag' retrieved from /home/airflow/.local/lib/python3.8/site-packages/airflow/example_dags/tutorial_dag.py
[2025-07-03T18:22:08.766+0000] {logging_mixin.py:188} INFO - [2025-07-03T18:22:08.765+0000] {dag.py:3036} INFO - Sync 1 DAGs
[2025-07-03T18:22:08.812+0000] {logging_mixin.py:188} INFO - [2025-07-03T18:22:08.811+0000] {dag.py:3823} INFO - Setting next_dagrun for tutorial_dag to None, run_after=None
[2025-07-03T18:22:08.865+0000] {processor.py:183} INFO - Processing /home/airflow/.local/lib/python3.8/site-packages/airflow/example_dags/tutorial_dag.py took 0.186 seconds
[2025-07-03T18:22:39.350+0000] {processor.py:161} INFO - Started process (PID=285) to work on /home/airflow/.local/lib/python3.8/site-packages/airflow/example_dags/tutorial_dag.py
[2025-07-03T18:22:39.351+0000] {processor.py:830} INFO - Processing file /home/airflow/.local/lib/python3.8/site-packages/airflow/example_dags/tutorial_dag.py for tasks to queue
[2025-07-03T18:22:39.354+0000] {logging_mixin.py:188} INFO - [2025-07-03T18:22:39.353+0000] {dagbag.py:538} INFO - Filling up the DagBag from /home/airflow/.local/lib/python3.8/site-packages/airflow/example_dags/tutorial_dag.py
[2025-07-03T18:22:39.361+0000] {processor.py:840} INFO - DAG(s) 'tutorial_dag' retrieved from /home/airflow/.local/lib/python3.8/site-packages/airflow/example_dags/tutorial_dag.py
[2025-07-03T18:22:39.393+0000] {logging_mixin.py:188} INFO - [2025-07-03T18:22:39.392+0000] {dag.py:3036} INFO - Sync 1 DAGs
[2025-07-03T18:22:39.417+0000] {logging_mixin.py:188} INFO - [2025-07-03T18:22:39.416+0000] {dag.py:3823} INFO - Setting next_dagrun for tutorial_dag to None, run_after=None
[2025-07-03T18:22:39.451+0000] {processor.py:183} INFO - Processing /home/airflow/.local/lib/python3.8/site-packages/airflow/example_dags/tutorial_dag.py took 0.105 seconds
[2025-07-03T18:23:09.800+0000] {processor.py:161} INFO - Started process (PID=351) to work on /home/airflow/.local/lib/python3.8/site-packages/airflow/example_dags/tutorial_dag.py
[2025-07-03T18:23:09.801+0000] {processor.py:830} INFO - Processing file /home/airflow/.local/lib/python3.8/site-packages/airflow/example_dags/tutorial_dag.py for tasks to queue
[2025-07-03T18:23:09.804+0000] {logging_mixin.py:188} INFO - [2025-07-03T18:23:09.803+0000] {dagbag.py:538} INFO - Filling up the DagBag from /home/airflow/.local/lib/python3.8/site-packages/airflow/example_dags/tutorial_dag.py
[2025-07-03T18:23:09.811+0000] {processor.py:840} INFO - DAG(s) 'tutorial_dag' retrieved from /home/airflow/.local/lib/python3.8/site-packages/airflow/example_dags/tutorial_dag.py
[2025-07-03T18:23:09.842+0000] {logging_mixin.py:188} INFO - [2025-07-03T18:23:09.842+0000] {dag.py:3036} INFO - Sync 1 DAGs
[2025-07-03T18:23:09.865+0000] {logging_mixin.py:188} INFO - [2025-07-03T18:23:09.865+0000] {dag.py:3823} INFO - Setting next_dagrun for tutorial_dag to None, run_after=None
[2025-07-03T18:23:09.895+0000] {processor.py:183} INFO - Processing /home/airflow/.local/lib/python3.8/site-packages/airflow/example_dags/tutorial_dag.py took 0.101 seconds
[2025-07-03T18:23:40.198+0000] {processor.py:161} INFO - Started process (PID=416) to work on /home/airflow/.local/lib/python3.8/site-packages/airflow/example_dags/tutorial_dag.py
[2025-07-03T18:23:40.200+0000] {processor.py:830} INFO - Processing file /home/airflow/.local/lib/python3.8/site-packages/airflow/example_dags/tutorial_dag.py for tasks to queue
[2025-07-03T18:23:40.202+0000] {logging_mixin.py:188} INFO - [2025-07-03T18:23:40.202+0000] {dagbag.py:538} INFO - Filling up the DagBag from /home/airflow/.local/lib/python3.8/site-packages/airflow/example_dags/tutorial_dag.py
[2025-07-03T18:23:40.210+0000] {processor.py:840} INFO - DAG(s) 'tutorial_dag' retrieved from /home/airflow/.local/lib/python3.8/site-packages/airflow/example_dags/tutorial_dag.py
[2025-07-03T18:23:40.241+0000] {logging_mixin.py:188} INFO - [2025-07-03T18:23:40.241+0000] {dag.py:3036} INFO - Sync 1 DAGs
[2025-07-03T18:23:40.263+0000] {logging_mixin.py:188} INFO - [2025-07-03T18:23:40.263+0000] {dag.py:3823} INFO - Setting next_dagrun for tutorial_dag to None, run_after=None
[2025-07-03T18:23:40.294+0000] {processor.py:183} INFO - Processing /home/airflow/.local/lib/python3.8/site-packages/airflow/example_dags/tutorial_dag.py took 0.100 seconds
[2025-07-03T18:24:10.501+0000] {processor.py:161} INFO - Started process (PID=482) to work on /home/airflow/.local/lib/python3.8/site-packages/airflow/example_dags/tutorial_dag.py
[2025-07-03T18:24:10.503+0000] {processor.py:830} INFO - Processing file /home/airflow/.local/lib/python3.8/site-packages/airflow/example_dags/tutorial_dag.py for tasks to queue
[2025-07-03T18:24:10.510+0000] {logging_mixin.py:188} INFO - [2025-07-03T18:24:10.509+0000] {dagbag.py:538} INFO - Filling up the DagBag from /home/airflow/.local/lib/python3.8/site-packages/airflow/example_dags/tutorial_dag.py
[2025-07-03T18:24:10.524+0000] {processor.py:840} INFO - DAG(s) 'tutorial_dag' retrieved from /home/airflow/.local/lib/python3.8/site-packages/airflow/example_dags/tutorial_dag.py
[2025-07-03T18:24:10.577+0000] {logging_mixin.py:188} INFO - [2025-07-03T18:24:10.577+0000] {dag.py:3036} INFO - Sync 1 DAGs
[2025-07-03T18:24:10.603+0000] {logging_mixin.py:188} INFO - [2025-07-03T18:24:10.603+0000] {dag.py:3823} INFO - Setting next_dagrun for tutorial_dag to None, run_after=None
[2025-07-03T18:24:10.637+0000] {processor.py:183} INFO - Processing /home/airflow/.local/lib/python3.8/site-packages/airflow/example_dags/tutorial_dag.py took 0.157 seconds
