[2025-07-03T17:35:24.803+0000] {processor.py:161} INFO - Started process (PID=210) to work on /home/airflow/.local/lib/python3.8/site-packages/airflow/example_dags/tutorial_taskflow_api.py
[2025-07-03T17:35:24.804+0000] {processor.py:830} INFO - Processing file /home/airflow/.local/lib/python3.8/site-packages/airflow/example_dags/tutorial_taskflow_api.py for tasks to queue
[2025-07-03T17:35:24.806+0000] {logging_mixin.py:188} INFO - [2025-07-03T17:35:24.806+0000] {dagbag.py:538} INFO - Filling up the DagBag from /home/airflow/.local/lib/python3.8/site-packages/airflow/example_dags/tutorial_taskflow_api.py
[2025-07-03T17:35:24.844+0000] {processor.py:840} INFO - DAG(s) 'tutorial_taskflow_api' retrieved from /home/airflow/.local/lib/python3.8/site-packages/airflow/example_dags/tutorial_taskflow_api.py
[2025-07-03T17:35:25.356+0000] {logging_mixin.py:188} INFO - [2025-07-03T17:35:25.355+0000] {dag.py:3036} INFO - Sync 1 DAGs
[2025-07-03T17:35:25.552+0000] {logging_mixin.py:188} INFO - [2025-07-03T17:35:25.551+0000] {dag.py:3823} INFO - Setting next_dagrun for tutorial_taskflow_api to None, run_after=None
[2025-07-03T17:35:25.937+0000] {processor.py:183} INFO - Processing /home/airflow/.local/lib/python3.8/site-packages/airflow/example_dags/tutorial_taskflow_api.py took 1.151 seconds
[2025-07-03T17:36:00.748+0000] {processor.py:161} INFO - Started process (PID=274) to work on /home/airflow/.local/lib/python3.8/site-packages/airflow/example_dags/tutorial_taskflow_api.py
[2025-07-03T17:36:00.765+0000] {processor.py:830} INFO - Processing file /home/airflow/.local/lib/python3.8/site-packages/airflow/example_dags/tutorial_taskflow_api.py for tasks to queue
[2025-07-03T17:36:00.768+0000] {logging_mixin.py:188} INFO - [2025-07-03T17:36:00.768+0000] {dagbag.py:538} INFO - Filling up the DagBag from /home/airflow/.local/lib/python3.8/site-packages/airflow/example_dags/tutorial_taskflow_api.py
[2025-07-03T17:36:00.820+0000] {processor.py:840} INFO - DAG(s) 'tutorial_taskflow_api' retrieved from /home/airflow/.local/lib/python3.8/site-packages/airflow/example_dags/tutorial_taskflow_api.py
[2025-07-03T17:36:01.107+0000] {logging_mixin.py:188} INFO - [2025-07-03T17:36:01.106+0000] {dag.py:3036} INFO - Sync 1 DAGs
[2025-07-03T17:36:01.206+0000] {logging_mixin.py:188} INFO - [2025-07-03T17:36:01.205+0000] {dag.py:3823} INFO - Setting next_dagrun for tutorial_taskflow_api to None, run_after=None
[2025-07-03T17:36:01.405+0000] {processor.py:183} INFO - Processing /home/airflow/.local/lib/python3.8/site-packages/airflow/example_dags/tutorial_taskflow_api.py took 0.670 seconds
[2025-07-03T17:36:31.557+0000] {processor.py:161} INFO - Started process (PID=337) to work on /home/airflow/.local/lib/python3.8/site-packages/airflow/example_dags/tutorial_taskflow_api.py
[2025-07-03T17:36:31.558+0000] {processor.py:830} INFO - Processing file /home/airflow/.local/lib/python3.8/site-packages/airflow/example_dags/tutorial_taskflow_api.py for tasks to queue
[2025-07-03T17:36:31.561+0000] {logging_mixin.py:188} INFO - [2025-07-03T17:36:31.561+0000] {dagbag.py:538} INFO - Filling up the DagBag from /home/airflow/.local/lib/python3.8/site-packages/airflow/example_dags/tutorial_taskflow_api.py
[2025-07-03T17:36:31.619+0000] {processor.py:840} INFO - DAG(s) 'tutorial_taskflow_api' retrieved from /home/airflow/.local/lib/python3.8/site-packages/airflow/example_dags/tutorial_taskflow_api.py
[2025-07-03T17:36:31.710+0000] {logging_mixin.py:188} INFO - [2025-07-03T17:36:31.709+0000] {dag.py:3036} INFO - Sync 1 DAGs
[2025-07-03T17:36:31.768+0000] {logging_mixin.py:188} INFO - [2025-07-03T17:36:31.767+0000] {dag.py:3823} INFO - Setting next_dagrun for tutorial_taskflow_api to None, run_after=None
[2025-07-03T17:36:31.925+0000] {processor.py:183} INFO - Processing /home/airflow/.local/lib/python3.8/site-packages/airflow/example_dags/tutorial_taskflow_api.py took 0.408 seconds
[2025-07-03T17:37:02.822+0000] {processor.py:161} INFO - Started process (PID=394) to work on /home/airflow/.local/lib/python3.8/site-packages/airflow/example_dags/tutorial_taskflow_api.py
[2025-07-03T17:37:02.824+0000] {processor.py:830} INFO - Processing file /home/airflow/.local/lib/python3.8/site-packages/airflow/example_dags/tutorial_taskflow_api.py for tasks to queue
[2025-07-03T17:37:02.826+0000] {logging_mixin.py:188} INFO - [2025-07-03T17:37:02.826+0000] {dagbag.py:538} INFO - Filling up the DagBag from /home/airflow/.local/lib/python3.8/site-packages/airflow/example_dags/tutorial_taskflow_api.py
[2025-07-03T17:37:02.836+0000] {processor.py:840} INFO - DAG(s) 'tutorial_taskflow_api' retrieved from /home/airflow/.local/lib/python3.8/site-packages/airflow/example_dags/tutorial_taskflow_api.py
[2025-07-03T17:37:02.869+0000] {logging_mixin.py:188} INFO - [2025-07-03T17:37:02.868+0000] {dag.py:3036} INFO - Sync 1 DAGs
[2025-07-03T17:37:02.893+0000] {logging_mixin.py:188} INFO - [2025-07-03T17:37:02.892+0000] {dag.py:3823} INFO - Setting next_dagrun for tutorial_taskflow_api to None, run_after=None
[2025-07-03T17:37:02.927+0000] {processor.py:183} INFO - Processing /home/airflow/.local/lib/python3.8/site-packages/airflow/example_dags/tutorial_taskflow_api.py took 0.110 seconds
[2025-07-03T17:37:33.611+0000] {processor.py:161} INFO - Started process (PID=456) to work on /home/airflow/.local/lib/python3.8/site-packages/airflow/example_dags/tutorial_taskflow_api.py
[2025-07-03T17:37:33.621+0000] {processor.py:830} INFO - Processing file /home/airflow/.local/lib/python3.8/site-packages/airflow/example_dags/tutorial_taskflow_api.py for tasks to queue
[2025-07-03T17:37:33.634+0000] {logging_mixin.py:188} INFO - [2025-07-03T17:37:33.633+0000] {dagbag.py:538} INFO - Filling up the DagBag from /home/airflow/.local/lib/python3.8/site-packages/airflow/example_dags/tutorial_taskflow_api.py
[2025-07-03T17:37:33.654+0000] {processor.py:840} INFO - DAG(s) 'tutorial_taskflow_api' retrieved from /home/airflow/.local/lib/python3.8/site-packages/airflow/example_dags/tutorial_taskflow_api.py
[2025-07-03T17:37:33.746+0000] {logging_mixin.py:188} INFO - [2025-07-03T17:37:33.746+0000] {dag.py:3036} INFO - Sync 1 DAGs
[2025-07-03T17:37:33.771+0000] {logging_mixin.py:188} INFO - [2025-07-03T17:37:33.770+0000] {dag.py:3823} INFO - Setting next_dagrun for tutorial_taskflow_api to None, run_after=None
[2025-07-03T17:37:33.830+0000] {processor.py:183} INFO - Processing /home/airflow/.local/lib/python3.8/site-packages/airflow/example_dags/tutorial_taskflow_api.py took 0.225 seconds
[2025-07-03T17:38:04.008+0000] {processor.py:161} INFO - Started process (PID=514) to work on /home/airflow/.local/lib/python3.8/site-packages/airflow/example_dags/tutorial_taskflow_api.py
[2025-07-03T17:38:04.055+0000] {processor.py:830} INFO - Processing file /home/airflow/.local/lib/python3.8/site-packages/airflow/example_dags/tutorial_taskflow_api.py for tasks to queue
[2025-07-03T17:38:04.067+0000] {logging_mixin.py:188} INFO - [2025-07-03T17:38:04.066+0000] {dagbag.py:538} INFO - Filling up the DagBag from /home/airflow/.local/lib/python3.8/site-packages/airflow/example_dags/tutorial_taskflow_api.py
[2025-07-03T17:38:04.124+0000] {processor.py:840} INFO - DAG(s) 'tutorial_taskflow_api' retrieved from /home/airflow/.local/lib/python3.8/site-packages/airflow/example_dags/tutorial_taskflow_api.py
[2025-07-03T17:38:04.308+0000] {logging_mixin.py:188} INFO - [2025-07-03T17:38:04.308+0000] {dag.py:3036} INFO - Sync 1 DAGs
[2025-07-03T17:38:04.368+0000] {logging_mixin.py:188} INFO - [2025-07-03T17:38:04.368+0000] {dag.py:3823} INFO - Setting next_dagrun for tutorial_taskflow_api to None, run_after=None
[2025-07-03T17:38:04.501+0000] {processor.py:183} INFO - Processing /home/airflow/.local/lib/python3.8/site-packages/airflow/example_dags/tutorial_taskflow_api.py took 0.523 seconds
[2025-07-03T17:38:34.856+0000] {processor.py:161} INFO - Started process (PID=579) to work on /home/airflow/.local/lib/python3.8/site-packages/airflow/example_dags/tutorial_taskflow_api.py
[2025-07-03T17:38:34.865+0000] {processor.py:830} INFO - Processing file /home/airflow/.local/lib/python3.8/site-packages/airflow/example_dags/tutorial_taskflow_api.py for tasks to queue
[2025-07-03T17:38:34.872+0000] {logging_mixin.py:188} INFO - [2025-07-03T17:38:34.871+0000] {dagbag.py:538} INFO - Filling up the DagBag from /home/airflow/.local/lib/python3.8/site-packages/airflow/example_dags/tutorial_taskflow_api.py
[2025-07-03T17:38:34.891+0000] {processor.py:840} INFO - DAG(s) 'tutorial_taskflow_api' retrieved from /home/airflow/.local/lib/python3.8/site-packages/airflow/example_dags/tutorial_taskflow_api.py
[2025-07-03T17:38:34.990+0000] {logging_mixin.py:188} INFO - [2025-07-03T17:38:34.989+0000] {dag.py:3036} INFO - Sync 1 DAGs
[2025-07-03T17:38:35.027+0000] {logging_mixin.py:188} INFO - [2025-07-03T17:38:35.027+0000] {dag.py:3823} INFO - Setting next_dagrun for tutorial_taskflow_api to None, run_after=None
[2025-07-03T17:38:35.108+0000] {processor.py:183} INFO - Processing /home/airflow/.local/lib/python3.8/site-packages/airflow/example_dags/tutorial_taskflow_api.py took 0.272 seconds
[2025-07-03T17:39:05.886+0000] {processor.py:161} INFO - Started process (PID=643) to work on /home/airflow/.local/lib/python3.8/site-packages/airflow/example_dags/tutorial_taskflow_api.py
[2025-07-03T17:39:05.888+0000] {processor.py:830} INFO - Processing file /home/airflow/.local/lib/python3.8/site-packages/airflow/example_dags/tutorial_taskflow_api.py for tasks to queue
[2025-07-03T17:39:05.891+0000] {logging_mixin.py:188} INFO - [2025-07-03T17:39:05.890+0000] {dagbag.py:538} INFO - Filling up the DagBag from /home/airflow/.local/lib/python3.8/site-packages/airflow/example_dags/tutorial_taskflow_api.py
[2025-07-03T17:39:05.911+0000] {processor.py:840} INFO - DAG(s) 'tutorial_taskflow_api' retrieved from /home/airflow/.local/lib/python3.8/site-packages/airflow/example_dags/tutorial_taskflow_api.py
[2025-07-03T17:39:05.963+0000] {logging_mixin.py:188} INFO - [2025-07-03T17:39:05.963+0000] {dag.py:3036} INFO - Sync 1 DAGs
[2025-07-03T17:39:06.006+0000] {logging_mixin.py:188} INFO - [2025-07-03T17:39:06.006+0000] {dag.py:3823} INFO - Setting next_dagrun for tutorial_taskflow_api to None, run_after=None
[2025-07-03T17:39:06.046+0000] {processor.py:183} INFO - Processing /home/airflow/.local/lib/python3.8/site-packages/airflow/example_dags/tutorial_taskflow_api.py took 0.173 seconds
[2025-07-03T17:39:36.816+0000] {processor.py:161} INFO - Started process (PID=709) to work on /home/airflow/.local/lib/python3.8/site-packages/airflow/example_dags/tutorial_taskflow_api.py
[2025-07-03T17:39:36.817+0000] {processor.py:830} INFO - Processing file /home/airflow/.local/lib/python3.8/site-packages/airflow/example_dags/tutorial_taskflow_api.py for tasks to queue
[2025-07-03T17:39:36.820+0000] {logging_mixin.py:188} INFO - [2025-07-03T17:39:36.819+0000] {dagbag.py:538} INFO - Filling up the DagBag from /home/airflow/.local/lib/python3.8/site-packages/airflow/example_dags/tutorial_taskflow_api.py
[2025-07-03T17:39:36.830+0000] {processor.py:840} INFO - DAG(s) 'tutorial_taskflow_api' retrieved from /home/airflow/.local/lib/python3.8/site-packages/airflow/example_dags/tutorial_taskflow_api.py
[2025-07-03T17:39:36.861+0000] {logging_mixin.py:188} INFO - [2025-07-03T17:39:36.861+0000] {dag.py:3036} INFO - Sync 1 DAGs
[2025-07-03T17:39:36.885+0000] {logging_mixin.py:188} INFO - [2025-07-03T17:39:36.884+0000] {dag.py:3823} INFO - Setting next_dagrun for tutorial_taskflow_api to None, run_after=None
[2025-07-03T17:39:36.917+0000] {processor.py:183} INFO - Processing /home/airflow/.local/lib/python3.8/site-packages/airflow/example_dags/tutorial_taskflow_api.py took 0.127 seconds
[2025-07-03T17:40:07.761+0000] {processor.py:161} INFO - Started process (PID=766) to work on /home/airflow/.local/lib/python3.8/site-packages/airflow/example_dags/tutorial_taskflow_api.py
[2025-07-03T17:40:07.762+0000] {processor.py:830} INFO - Processing file /home/airflow/.local/lib/python3.8/site-packages/airflow/example_dags/tutorial_taskflow_api.py for tasks to queue
[2025-07-03T17:40:07.764+0000] {logging_mixin.py:188} INFO - [2025-07-03T17:40:07.764+0000] {dagbag.py:538} INFO - Filling up the DagBag from /home/airflow/.local/lib/python3.8/site-packages/airflow/example_dags/tutorial_taskflow_api.py
[2025-07-03T17:40:07.772+0000] {processor.py:840} INFO - DAG(s) 'tutorial_taskflow_api' retrieved from /home/airflow/.local/lib/python3.8/site-packages/airflow/example_dags/tutorial_taskflow_api.py
[2025-07-03T17:40:07.797+0000] {logging_mixin.py:188} INFO - [2025-07-03T17:40:07.797+0000] {dag.py:3036} INFO - Sync 1 DAGs
[2025-07-03T17:40:07.815+0000] {logging_mixin.py:188} INFO - [2025-07-03T17:40:07.814+0000] {dag.py:3823} INFO - Setting next_dagrun for tutorial_taskflow_api to None, run_after=None
[2025-07-03T17:40:07.846+0000] {processor.py:183} INFO - Processing /home/airflow/.local/lib/python3.8/site-packages/airflow/example_dags/tutorial_taskflow_api.py took 0.089 seconds
[2025-07-03T17:40:38.183+0000] {processor.py:161} INFO - Started process (PID=832) to work on /home/airflow/.local/lib/python3.8/site-packages/airflow/example_dags/tutorial_taskflow_api.py
[2025-07-03T17:40:38.184+0000] {processor.py:830} INFO - Processing file /home/airflow/.local/lib/python3.8/site-packages/airflow/example_dags/tutorial_taskflow_api.py for tasks to queue
[2025-07-03T17:40:38.186+0000] {logging_mixin.py:188} INFO - [2025-07-03T17:40:38.186+0000] {dagbag.py:538} INFO - Filling up the DagBag from /home/airflow/.local/lib/python3.8/site-packages/airflow/example_dags/tutorial_taskflow_api.py
[2025-07-03T17:40:38.194+0000] {processor.py:840} INFO - DAG(s) 'tutorial_taskflow_api' retrieved from /home/airflow/.local/lib/python3.8/site-packages/airflow/example_dags/tutorial_taskflow_api.py
[2025-07-03T17:40:38.221+0000] {logging_mixin.py:188} INFO - [2025-07-03T17:40:38.221+0000] {dag.py:3036} INFO - Sync 1 DAGs
[2025-07-03T17:40:38.239+0000] {logging_mixin.py:188} INFO - [2025-07-03T17:40:38.238+0000] {dag.py:3823} INFO - Setting next_dagrun for tutorial_taskflow_api to None, run_after=None
[2025-07-03T17:40:38.264+0000] {processor.py:183} INFO - Processing /home/airflow/.local/lib/python3.8/site-packages/airflow/example_dags/tutorial_taskflow_api.py took 0.084 seconds
[2025-07-03T17:41:08.757+0000] {processor.py:161} INFO - Started process (PID=896) to work on /home/airflow/.local/lib/python3.8/site-packages/airflow/example_dags/tutorial_taskflow_api.py
[2025-07-03T17:41:08.758+0000] {processor.py:830} INFO - Processing file /home/airflow/.local/lib/python3.8/site-packages/airflow/example_dags/tutorial_taskflow_api.py for tasks to queue
[2025-07-03T17:41:08.760+0000] {logging_mixin.py:188} INFO - [2025-07-03T17:41:08.760+0000] {dagbag.py:538} INFO - Filling up the DagBag from /home/airflow/.local/lib/python3.8/site-packages/airflow/example_dags/tutorial_taskflow_api.py
[2025-07-03T17:41:08.768+0000] {processor.py:840} INFO - DAG(s) 'tutorial_taskflow_api' retrieved from /home/airflow/.local/lib/python3.8/site-packages/airflow/example_dags/tutorial_taskflow_api.py
[2025-07-03T17:41:08.796+0000] {logging_mixin.py:188} INFO - [2025-07-03T17:41:08.795+0000] {dag.py:3036} INFO - Sync 1 DAGs
[2025-07-03T17:41:08.813+0000] {logging_mixin.py:188} INFO - [2025-07-03T17:41:08.813+0000] {dag.py:3823} INFO - Setting next_dagrun for tutorial_taskflow_api to None, run_after=None
[2025-07-03T17:41:08.839+0000] {processor.py:183} INFO - Processing /home/airflow/.local/lib/python3.8/site-packages/airflow/example_dags/tutorial_taskflow_api.py took 0.086 seconds
[2025-07-03T17:41:39.094+0000] {processor.py:161} INFO - Started process (PID=962) to work on /home/airflow/.local/lib/python3.8/site-packages/airflow/example_dags/tutorial_taskflow_api.py
[2025-07-03T17:41:39.096+0000] {processor.py:830} INFO - Processing file /home/airflow/.local/lib/python3.8/site-packages/airflow/example_dags/tutorial_taskflow_api.py for tasks to queue
[2025-07-03T17:41:39.099+0000] {logging_mixin.py:188} INFO - [2025-07-03T17:41:39.098+0000] {dagbag.py:538} INFO - Filling up the DagBag from /home/airflow/.local/lib/python3.8/site-packages/airflow/example_dags/tutorial_taskflow_api.py
[2025-07-03T17:41:39.111+0000] {processor.py:840} INFO - DAG(s) 'tutorial_taskflow_api' retrieved from /home/airflow/.local/lib/python3.8/site-packages/airflow/example_dags/tutorial_taskflow_api.py
[2025-07-03T17:41:39.149+0000] {logging_mixin.py:188} INFO - [2025-07-03T17:41:39.149+0000] {dag.py:3036} INFO - Sync 1 DAGs
[2025-07-03T17:41:39.176+0000] {logging_mixin.py:188} INFO - [2025-07-03T17:41:39.176+0000] {dag.py:3823} INFO - Setting next_dagrun for tutorial_taskflow_api to None, run_after=None
[2025-07-03T17:41:39.219+0000] {processor.py:183} INFO - Processing /home/airflow/.local/lib/python3.8/site-packages/airflow/example_dags/tutorial_taskflow_api.py took 0.131 seconds
[2025-07-03T17:42:09.918+0000] {processor.py:161} INFO - Started process (PID=1027) to work on /home/airflow/.local/lib/python3.8/site-packages/airflow/example_dags/tutorial_taskflow_api.py
[2025-07-03T17:42:09.919+0000] {processor.py:830} INFO - Processing file /home/airflow/.local/lib/python3.8/site-packages/airflow/example_dags/tutorial_taskflow_api.py for tasks to queue
[2025-07-03T17:42:09.922+0000] {logging_mixin.py:188} INFO - [2025-07-03T17:42:09.922+0000] {dagbag.py:538} INFO - Filling up the DagBag from /home/airflow/.local/lib/python3.8/site-packages/airflow/example_dags/tutorial_taskflow_api.py
[2025-07-03T17:42:09.931+0000] {processor.py:840} INFO - DAG(s) 'tutorial_taskflow_api' retrieved from /home/airflow/.local/lib/python3.8/site-packages/airflow/example_dags/tutorial_taskflow_api.py
[2025-07-03T17:42:09.963+0000] {logging_mixin.py:188} INFO - [2025-07-03T17:42:09.962+0000] {dag.py:3036} INFO - Sync 1 DAGs
[2025-07-03T17:42:09.991+0000] {logging_mixin.py:188} INFO - [2025-07-03T17:42:09.990+0000] {dag.py:3823} INFO - Setting next_dagrun for tutorial_taskflow_api to None, run_after=None
[2025-07-03T17:42:10.034+0000] {processor.py:183} INFO - Processing /home/airflow/.local/lib/python3.8/site-packages/airflow/example_dags/tutorial_taskflow_api.py took 0.121 seconds
[2025-07-03T17:42:40.298+0000] {processor.py:161} INFO - Started process (PID=1092) to work on /home/airflow/.local/lib/python3.8/site-packages/airflow/example_dags/tutorial_taskflow_api.py
[2025-07-03T17:42:40.299+0000] {processor.py:830} INFO - Processing file /home/airflow/.local/lib/python3.8/site-packages/airflow/example_dags/tutorial_taskflow_api.py for tasks to queue
[2025-07-03T17:42:40.301+0000] {logging_mixin.py:188} INFO - [2025-07-03T17:42:40.301+0000] {dagbag.py:538} INFO - Filling up the DagBag from /home/airflow/.local/lib/python3.8/site-packages/airflow/example_dags/tutorial_taskflow_api.py
[2025-07-03T17:42:40.311+0000] {processor.py:840} INFO - DAG(s) 'tutorial_taskflow_api' retrieved from /home/airflow/.local/lib/python3.8/site-packages/airflow/example_dags/tutorial_taskflow_api.py
[2025-07-03T17:42:40.358+0000] {logging_mixin.py:188} INFO - [2025-07-03T17:42:40.357+0000] {dag.py:3036} INFO - Sync 1 DAGs
[2025-07-03T17:42:40.402+0000] {logging_mixin.py:188} INFO - [2025-07-03T17:42:40.402+0000] {dag.py:3823} INFO - Setting next_dagrun for tutorial_taskflow_api to None, run_after=None
[2025-07-03T17:42:40.435+0000] {processor.py:183} INFO - Processing /home/airflow/.local/lib/python3.8/site-packages/airflow/example_dags/tutorial_taskflow_api.py took 0.142 seconds
[2025-07-03T17:43:11.281+0000] {processor.py:161} INFO - Started process (PID=1157) to work on /home/airflow/.local/lib/python3.8/site-packages/airflow/example_dags/tutorial_taskflow_api.py
[2025-07-03T17:43:11.283+0000] {processor.py:830} INFO - Processing file /home/airflow/.local/lib/python3.8/site-packages/airflow/example_dags/tutorial_taskflow_api.py for tasks to queue
[2025-07-03T17:43:11.285+0000] {logging_mixin.py:188} INFO - [2025-07-03T17:43:11.285+0000] {dagbag.py:538} INFO - Filling up the DagBag from /home/airflow/.local/lib/python3.8/site-packages/airflow/example_dags/tutorial_taskflow_api.py
[2025-07-03T17:43:11.293+0000] {processor.py:840} INFO - DAG(s) 'tutorial_taskflow_api' retrieved from /home/airflow/.local/lib/python3.8/site-packages/airflow/example_dags/tutorial_taskflow_api.py
[2025-07-03T17:43:11.318+0000] {logging_mixin.py:188} INFO - [2025-07-03T17:43:11.318+0000] {dag.py:3036} INFO - Sync 1 DAGs
[2025-07-03T17:43:11.336+0000] {logging_mixin.py:188} INFO - [2025-07-03T17:43:11.335+0000] {dag.py:3823} INFO - Setting next_dagrun for tutorial_taskflow_api to None, run_after=None
[2025-07-03T17:43:11.361+0000] {processor.py:183} INFO - Processing /home/airflow/.local/lib/python3.8/site-packages/airflow/example_dags/tutorial_taskflow_api.py took 0.084 seconds
[2025-07-03T17:43:41.790+0000] {processor.py:161} INFO - Started process (PID=1231) to work on /home/airflow/.local/lib/python3.8/site-packages/airflow/example_dags/tutorial_taskflow_api.py
[2025-07-03T17:43:41.791+0000] {processor.py:830} INFO - Processing file /home/airflow/.local/lib/python3.8/site-packages/airflow/example_dags/tutorial_taskflow_api.py for tasks to queue
[2025-07-03T17:43:41.794+0000] {logging_mixin.py:188} INFO - [2025-07-03T17:43:41.793+0000] {dagbag.py:538} INFO - Filling up the DagBag from /home/airflow/.local/lib/python3.8/site-packages/airflow/example_dags/tutorial_taskflow_api.py
[2025-07-03T17:43:41.805+0000] {processor.py:840} INFO - DAG(s) 'tutorial_taskflow_api' retrieved from /home/airflow/.local/lib/python3.8/site-packages/airflow/example_dags/tutorial_taskflow_api.py
[2025-07-03T17:43:41.862+0000] {logging_mixin.py:188} INFO - [2025-07-03T17:43:41.861+0000] {dag.py:3036} INFO - Sync 1 DAGs
[2025-07-03T17:43:41.885+0000] {logging_mixin.py:188} INFO - [2025-07-03T17:43:41.884+0000] {dag.py:3823} INFO - Setting next_dagrun for tutorial_taskflow_api to None, run_after=None
[2025-07-03T17:43:41.915+0000] {processor.py:183} INFO - Processing /home/airflow/.local/lib/python3.8/site-packages/airflow/example_dags/tutorial_taskflow_api.py took 0.129 seconds
[2025-07-03T17:44:12.436+0000] {processor.py:161} INFO - Started process (PID=1296) to work on /home/airflow/.local/lib/python3.8/site-packages/airflow/example_dags/tutorial_taskflow_api.py
[2025-07-03T17:44:12.453+0000] {processor.py:830} INFO - Processing file /home/airflow/.local/lib/python3.8/site-packages/airflow/example_dags/tutorial_taskflow_api.py for tasks to queue
[2025-07-03T17:44:12.455+0000] {logging_mixin.py:188} INFO - [2025-07-03T17:44:12.455+0000] {dagbag.py:538} INFO - Filling up the DagBag from /home/airflow/.local/lib/python3.8/site-packages/airflow/example_dags/tutorial_taskflow_api.py
[2025-07-03T17:44:12.467+0000] {processor.py:840} INFO - DAG(s) 'tutorial_taskflow_api' retrieved from /home/airflow/.local/lib/python3.8/site-packages/airflow/example_dags/tutorial_taskflow_api.py
[2025-07-03T17:44:12.498+0000] {logging_mixin.py:188} INFO - [2025-07-03T17:44:12.497+0000] {dag.py:3036} INFO - Sync 1 DAGs
[2025-07-03T17:44:12.520+0000] {logging_mixin.py:188} INFO - [2025-07-03T17:44:12.519+0000] {dag.py:3823} INFO - Setting next_dagrun for tutorial_taskflow_api to None, run_after=None
[2025-07-03T17:44:12.550+0000] {processor.py:183} INFO - Processing /home/airflow/.local/lib/python3.8/site-packages/airflow/example_dags/tutorial_taskflow_api.py took 0.118 seconds
[2025-07-03T17:44:43.271+0000] {processor.py:161} INFO - Started process (PID=1359) to work on /home/airflow/.local/lib/python3.8/site-packages/airflow/example_dags/tutorial_taskflow_api.py
[2025-07-03T17:44:43.277+0000] {processor.py:830} INFO - Processing file /home/airflow/.local/lib/python3.8/site-packages/airflow/example_dags/tutorial_taskflow_api.py for tasks to queue
[2025-07-03T17:44:43.279+0000] {logging_mixin.py:188} INFO - [2025-07-03T17:44:43.279+0000] {dagbag.py:538} INFO - Filling up the DagBag from /home/airflow/.local/lib/python3.8/site-packages/airflow/example_dags/tutorial_taskflow_api.py
[2025-07-03T17:44:43.296+0000] {processor.py:840} INFO - DAG(s) 'tutorial_taskflow_api' retrieved from /home/airflow/.local/lib/python3.8/site-packages/airflow/example_dags/tutorial_taskflow_api.py
[2025-07-03T17:44:43.350+0000] {logging_mixin.py:188} INFO - [2025-07-03T17:44:43.349+0000] {dag.py:3036} INFO - Sync 1 DAGs
[2025-07-03T17:44:43.389+0000] {logging_mixin.py:188} INFO - [2025-07-03T17:44:43.388+0000] {dag.py:3823} INFO - Setting next_dagrun for tutorial_taskflow_api to None, run_after=None
[2025-07-03T17:44:43.448+0000] {processor.py:183} INFO - Processing /home/airflow/.local/lib/python3.8/site-packages/airflow/example_dags/tutorial_taskflow_api.py took 0.194 seconds
[2025-07-03T17:45:14.099+0000] {processor.py:161} INFO - Started process (PID=1416) to work on /home/airflow/.local/lib/python3.8/site-packages/airflow/example_dags/tutorial_taskflow_api.py
[2025-07-03T17:45:14.101+0000] {processor.py:830} INFO - Processing file /home/airflow/.local/lib/python3.8/site-packages/airflow/example_dags/tutorial_taskflow_api.py for tasks to queue
[2025-07-03T17:45:14.104+0000] {logging_mixin.py:188} INFO - [2025-07-03T17:45:14.104+0000] {dagbag.py:538} INFO - Filling up the DagBag from /home/airflow/.local/lib/python3.8/site-packages/airflow/example_dags/tutorial_taskflow_api.py
[2025-07-03T17:45:14.112+0000] {processor.py:840} INFO - DAG(s) 'tutorial_taskflow_api' retrieved from /home/airflow/.local/lib/python3.8/site-packages/airflow/example_dags/tutorial_taskflow_api.py
[2025-07-03T17:45:14.142+0000] {logging_mixin.py:188} INFO - [2025-07-03T17:45:14.142+0000] {dag.py:3036} INFO - Sync 1 DAGs
[2025-07-03T17:45:14.161+0000] {logging_mixin.py:188} INFO - [2025-07-03T17:45:14.160+0000] {dag.py:3823} INFO - Setting next_dagrun for tutorial_taskflow_api to None, run_after=None
[2025-07-03T17:45:14.185+0000] {processor.py:183} INFO - Processing /home/airflow/.local/lib/python3.8/site-packages/airflow/example_dags/tutorial_taskflow_api.py took 0.089 seconds
[2025-07-03T17:45:44.524+0000] {processor.py:161} INFO - Started process (PID=1481) to work on /home/airflow/.local/lib/python3.8/site-packages/airflow/example_dags/tutorial_taskflow_api.py
[2025-07-03T17:45:44.525+0000] {processor.py:830} INFO - Processing file /home/airflow/.local/lib/python3.8/site-packages/airflow/example_dags/tutorial_taskflow_api.py for tasks to queue
[2025-07-03T17:45:44.527+0000] {logging_mixin.py:188} INFO - [2025-07-03T17:45:44.527+0000] {dagbag.py:538} INFO - Filling up the DagBag from /home/airflow/.local/lib/python3.8/site-packages/airflow/example_dags/tutorial_taskflow_api.py
[2025-07-03T17:45:44.535+0000] {processor.py:840} INFO - DAG(s) 'tutorial_taskflow_api' retrieved from /home/airflow/.local/lib/python3.8/site-packages/airflow/example_dags/tutorial_taskflow_api.py
[2025-07-03T17:45:44.560+0000] {logging_mixin.py:188} INFO - [2025-07-03T17:45:44.559+0000] {dag.py:3036} INFO - Sync 1 DAGs
[2025-07-03T17:45:44.576+0000] {logging_mixin.py:188} INFO - [2025-07-03T17:45:44.576+0000] {dag.py:3823} INFO - Setting next_dagrun for tutorial_taskflow_api to None, run_after=None
[2025-07-03T17:45:44.600+0000] {processor.py:183} INFO - Processing /home/airflow/.local/lib/python3.8/site-packages/airflow/example_dags/tutorial_taskflow_api.py took 0.080 seconds
[2025-07-03T17:46:14.792+0000] {processor.py:161} INFO - Started process (PID=1546) to work on /home/airflow/.local/lib/python3.8/site-packages/airflow/example_dags/tutorial_taskflow_api.py
[2025-07-03T17:46:14.793+0000] {processor.py:830} INFO - Processing file /home/airflow/.local/lib/python3.8/site-packages/airflow/example_dags/tutorial_taskflow_api.py for tasks to queue
[2025-07-03T17:46:14.796+0000] {logging_mixin.py:188} INFO - [2025-07-03T17:46:14.795+0000] {dagbag.py:538} INFO - Filling up the DagBag from /home/airflow/.local/lib/python3.8/site-packages/airflow/example_dags/tutorial_taskflow_api.py
[2025-07-03T17:46:14.808+0000] {processor.py:840} INFO - DAG(s) 'tutorial_taskflow_api' retrieved from /home/airflow/.local/lib/python3.8/site-packages/airflow/example_dags/tutorial_taskflow_api.py
[2025-07-03T17:46:14.841+0000] {logging_mixin.py:188} INFO - [2025-07-03T17:46:14.840+0000] {dag.py:3036} INFO - Sync 1 DAGs
[2025-07-03T17:46:14.866+0000] {logging_mixin.py:188} INFO - [2025-07-03T17:46:14.865+0000] {dag.py:3823} INFO - Setting next_dagrun for tutorial_taskflow_api to None, run_after=None
[2025-07-03T17:46:14.896+0000] {processor.py:183} INFO - Processing /home/airflow/.local/lib/python3.8/site-packages/airflow/example_dags/tutorial_taskflow_api.py took 0.110 seconds
[2025-07-03T17:46:45.870+0000] {processor.py:161} INFO - Started process (PID=1609) to work on /home/airflow/.local/lib/python3.8/site-packages/airflow/example_dags/tutorial_taskflow_api.py
[2025-07-03T17:46:45.871+0000] {processor.py:830} INFO - Processing file /home/airflow/.local/lib/python3.8/site-packages/airflow/example_dags/tutorial_taskflow_api.py for tasks to queue
[2025-07-03T17:46:45.873+0000] {logging_mixin.py:188} INFO - [2025-07-03T17:46:45.872+0000] {dagbag.py:538} INFO - Filling up the DagBag from /home/airflow/.local/lib/python3.8/site-packages/airflow/example_dags/tutorial_taskflow_api.py
[2025-07-03T17:46:45.880+0000] {processor.py:840} INFO - DAG(s) 'tutorial_taskflow_api' retrieved from /home/airflow/.local/lib/python3.8/site-packages/airflow/example_dags/tutorial_taskflow_api.py
[2025-07-03T17:46:45.917+0000] {logging_mixin.py:188} INFO - [2025-07-03T17:46:45.917+0000] {dag.py:3036} INFO - Sync 1 DAGs
[2025-07-03T17:46:45.936+0000] {logging_mixin.py:188} INFO - [2025-07-03T17:46:45.935+0000] {dag.py:3823} INFO - Setting next_dagrun for tutorial_taskflow_api to None, run_after=None
[2025-07-03T17:46:45.961+0000] {processor.py:183} INFO - Processing /home/airflow/.local/lib/python3.8/site-packages/airflow/example_dags/tutorial_taskflow_api.py took 0.096 seconds
[2025-07-03T17:47:16.320+0000] {processor.py:161} INFO - Started process (PID=1674) to work on /home/airflow/.local/lib/python3.8/site-packages/airflow/example_dags/tutorial_taskflow_api.py
[2025-07-03T17:47:16.322+0000] {processor.py:830} INFO - Processing file /home/airflow/.local/lib/python3.8/site-packages/airflow/example_dags/tutorial_taskflow_api.py for tasks to queue
[2025-07-03T17:47:16.329+0000] {logging_mixin.py:188} INFO - [2025-07-03T17:47:16.328+0000] {dagbag.py:538} INFO - Filling up the DagBag from /home/airflow/.local/lib/python3.8/site-packages/airflow/example_dags/tutorial_taskflow_api.py
[2025-07-03T17:47:16.343+0000] {processor.py:840} INFO - DAG(s) 'tutorial_taskflow_api' retrieved from /home/airflow/.local/lib/python3.8/site-packages/airflow/example_dags/tutorial_taskflow_api.py
[2025-07-03T17:47:16.375+0000] {logging_mixin.py:188} INFO - [2025-07-03T17:47:16.374+0000] {dag.py:3036} INFO - Sync 1 DAGs
[2025-07-03T17:47:16.399+0000] {logging_mixin.py:188} INFO - [2025-07-03T17:47:16.398+0000] {dag.py:3823} INFO - Setting next_dagrun for tutorial_taskflow_api to None, run_after=None
[2025-07-03T17:47:16.432+0000] {processor.py:183} INFO - Processing /home/airflow/.local/lib/python3.8/site-packages/airflow/example_dags/tutorial_taskflow_api.py took 0.117 seconds
[2025-07-03T17:47:46.838+0000] {processor.py:161} INFO - Started process (PID=1739) to work on /home/airflow/.local/lib/python3.8/site-packages/airflow/example_dags/tutorial_taskflow_api.py
[2025-07-03T17:47:46.839+0000] {processor.py:830} INFO - Processing file /home/airflow/.local/lib/python3.8/site-packages/airflow/example_dags/tutorial_taskflow_api.py for tasks to queue
[2025-07-03T17:47:46.842+0000] {logging_mixin.py:188} INFO - [2025-07-03T17:47:46.841+0000] {dagbag.py:538} INFO - Filling up the DagBag from /home/airflow/.local/lib/python3.8/site-packages/airflow/example_dags/tutorial_taskflow_api.py
[2025-07-03T17:47:46.872+0000] {processor.py:840} INFO - DAG(s) 'tutorial_taskflow_api' retrieved from /home/airflow/.local/lib/python3.8/site-packages/airflow/example_dags/tutorial_taskflow_api.py
[2025-07-03T17:47:46.908+0000] {logging_mixin.py:188} INFO - [2025-07-03T17:47:46.907+0000] {dag.py:3036} INFO - Sync 1 DAGs
[2025-07-03T17:47:46.944+0000] {logging_mixin.py:188} INFO - [2025-07-03T17:47:46.943+0000] {dag.py:3823} INFO - Setting next_dagrun for tutorial_taskflow_api to None, run_after=None
[2025-07-03T17:47:46.991+0000] {processor.py:183} INFO - Processing /home/airflow/.local/lib/python3.8/site-packages/airflow/example_dags/tutorial_taskflow_api.py took 0.158 seconds
[2025-07-03T17:48:17.538+0000] {processor.py:161} INFO - Started process (PID=1804) to work on /home/airflow/.local/lib/python3.8/site-packages/airflow/example_dags/tutorial_taskflow_api.py
[2025-07-03T17:48:17.547+0000] {processor.py:830} INFO - Processing file /home/airflow/.local/lib/python3.8/site-packages/airflow/example_dags/tutorial_taskflow_api.py for tasks to queue
[2025-07-03T17:48:17.550+0000] {logging_mixin.py:188} INFO - [2025-07-03T17:48:17.550+0000] {dagbag.py:538} INFO - Filling up the DagBag from /home/airflow/.local/lib/python3.8/site-packages/airflow/example_dags/tutorial_taskflow_api.py
[2025-07-03T17:48:17.560+0000] {processor.py:840} INFO - DAG(s) 'tutorial_taskflow_api' retrieved from /home/airflow/.local/lib/python3.8/site-packages/airflow/example_dags/tutorial_taskflow_api.py
[2025-07-03T17:48:17.600+0000] {logging_mixin.py:188} INFO - [2025-07-03T17:48:17.599+0000] {dag.py:3036} INFO - Sync 1 DAGs
[2025-07-03T17:48:17.624+0000] {logging_mixin.py:188} INFO - [2025-07-03T17:48:17.624+0000] {dag.py:3823} INFO - Setting next_dagrun for tutorial_taskflow_api to None, run_after=None
[2025-07-03T17:48:17.671+0000] {processor.py:183} INFO - Processing /home/airflow/.local/lib/python3.8/site-packages/airflow/example_dags/tutorial_taskflow_api.py took 0.142 seconds
[2025-07-03T17:48:48.216+0000] {processor.py:161} INFO - Started process (PID=1869) to work on /home/airflow/.local/lib/python3.8/site-packages/airflow/example_dags/tutorial_taskflow_api.py
[2025-07-03T17:48:48.217+0000] {processor.py:830} INFO - Processing file /home/airflow/.local/lib/python3.8/site-packages/airflow/example_dags/tutorial_taskflow_api.py for tasks to queue
[2025-07-03T17:48:48.219+0000] {logging_mixin.py:188} INFO - [2025-07-03T17:48:48.218+0000] {dagbag.py:538} INFO - Filling up the DagBag from /home/airflow/.local/lib/python3.8/site-packages/airflow/example_dags/tutorial_taskflow_api.py
[2025-07-03T17:48:48.226+0000] {processor.py:840} INFO - DAG(s) 'tutorial_taskflow_api' retrieved from /home/airflow/.local/lib/python3.8/site-packages/airflow/example_dags/tutorial_taskflow_api.py
[2025-07-03T17:48:48.252+0000] {logging_mixin.py:188} INFO - [2025-07-03T17:48:48.252+0000] {dag.py:3036} INFO - Sync 1 DAGs
[2025-07-03T17:48:48.270+0000] {logging_mixin.py:188} INFO - [2025-07-03T17:48:48.270+0000] {dag.py:3823} INFO - Setting next_dagrun for tutorial_taskflow_api to None, run_after=None
[2025-07-03T17:48:48.296+0000] {processor.py:183} INFO - Processing /home/airflow/.local/lib/python3.8/site-packages/airflow/example_dags/tutorial_taskflow_api.py took 0.084 seconds
[2025-07-03T17:49:18.889+0000] {processor.py:161} INFO - Started process (PID=1942) to work on /home/airflow/.local/lib/python3.8/site-packages/airflow/example_dags/tutorial_taskflow_api.py
[2025-07-03T17:49:18.933+0000] {processor.py:830} INFO - Processing file /home/airflow/.local/lib/python3.8/site-packages/airflow/example_dags/tutorial_taskflow_api.py for tasks to queue
[2025-07-03T17:49:18.936+0000] {logging_mixin.py:188} INFO - [2025-07-03T17:49:18.935+0000] {dagbag.py:538} INFO - Filling up the DagBag from /home/airflow/.local/lib/python3.8/site-packages/airflow/example_dags/tutorial_taskflow_api.py
[2025-07-03T17:49:18.950+0000] {processor.py:840} INFO - DAG(s) 'tutorial_taskflow_api' retrieved from /home/airflow/.local/lib/python3.8/site-packages/airflow/example_dags/tutorial_taskflow_api.py
[2025-07-03T17:49:18.983+0000] {logging_mixin.py:188} INFO - [2025-07-03T17:49:18.983+0000] {dag.py:3036} INFO - Sync 1 DAGs
[2025-07-03T17:49:19.013+0000] {logging_mixin.py:188} INFO - [2025-07-03T17:49:19.012+0000] {dag.py:3823} INFO - Setting next_dagrun for tutorial_taskflow_api to None, run_after=None
[2025-07-03T17:49:19.046+0000] {processor.py:183} INFO - Processing /home/airflow/.local/lib/python3.8/site-packages/airflow/example_dags/tutorial_taskflow_api.py took 0.166 seconds
[2025-07-03T17:49:49.548+0000] {processor.py:161} INFO - Started process (PID=2009) to work on /home/airflow/.local/lib/python3.8/site-packages/airflow/example_dags/tutorial_taskflow_api.py
[2025-07-03T17:49:49.550+0000] {processor.py:830} INFO - Processing file /home/airflow/.local/lib/python3.8/site-packages/airflow/example_dags/tutorial_taskflow_api.py for tasks to queue
[2025-07-03T17:49:49.553+0000] {logging_mixin.py:188} INFO - [2025-07-03T17:49:49.552+0000] {dagbag.py:538} INFO - Filling up the DagBag from /home/airflow/.local/lib/python3.8/site-packages/airflow/example_dags/tutorial_taskflow_api.py
[2025-07-03T17:49:49.563+0000] {processor.py:840} INFO - DAG(s) 'tutorial_taskflow_api' retrieved from /home/airflow/.local/lib/python3.8/site-packages/airflow/example_dags/tutorial_taskflow_api.py
[2025-07-03T17:49:49.594+0000] {logging_mixin.py:188} INFO - [2025-07-03T17:49:49.594+0000] {dag.py:3036} INFO - Sync 1 DAGs
[2025-07-03T17:49:49.617+0000] {logging_mixin.py:188} INFO - [2025-07-03T17:49:49.616+0000] {dag.py:3823} INFO - Setting next_dagrun for tutorial_taskflow_api to None, run_after=None
[2025-07-03T17:49:49.646+0000] {processor.py:183} INFO - Processing /home/airflow/.local/lib/python3.8/site-packages/airflow/example_dags/tutorial_taskflow_api.py took 0.102 seconds
[2025-07-03T17:50:20.758+0000] {processor.py:161} INFO - Started process (PID=2075) to work on /home/airflow/.local/lib/python3.8/site-packages/airflow/example_dags/tutorial_taskflow_api.py
[2025-07-03T17:50:20.759+0000] {processor.py:830} INFO - Processing file /home/airflow/.local/lib/python3.8/site-packages/airflow/example_dags/tutorial_taskflow_api.py for tasks to queue
[2025-07-03T17:50:20.762+0000] {logging_mixin.py:188} INFO - [2025-07-03T17:50:20.761+0000] {dagbag.py:538} INFO - Filling up the DagBag from /home/airflow/.local/lib/python3.8/site-packages/airflow/example_dags/tutorial_taskflow_api.py
[2025-07-03T17:50:20.777+0000] {processor.py:840} INFO - DAG(s) 'tutorial_taskflow_api' retrieved from /home/airflow/.local/lib/python3.8/site-packages/airflow/example_dags/tutorial_taskflow_api.py
[2025-07-03T17:50:20.838+0000] {logging_mixin.py:188} INFO - [2025-07-03T17:50:20.837+0000] {dag.py:3036} INFO - Sync 1 DAGs
[2025-07-03T17:50:20.874+0000] {logging_mixin.py:188} INFO - [2025-07-03T17:50:20.874+0000] {dag.py:3823} INFO - Setting next_dagrun for tutorial_taskflow_api to None, run_after=None
[2025-07-03T17:50:20.914+0000] {processor.py:183} INFO - Processing /home/airflow/.local/lib/python3.8/site-packages/airflow/example_dags/tutorial_taskflow_api.py took 0.173 seconds
[2025-07-03T17:50:50.991+0000] {processor.py:161} INFO - Started process (PID=2139) to work on /home/airflow/.local/lib/python3.8/site-packages/airflow/example_dags/tutorial_taskflow_api.py
[2025-07-03T17:50:50.992+0000] {processor.py:830} INFO - Processing file /home/airflow/.local/lib/python3.8/site-packages/airflow/example_dags/tutorial_taskflow_api.py for tasks to queue
[2025-07-03T17:50:50.994+0000] {logging_mixin.py:188} INFO - [2025-07-03T17:50:50.993+0000] {dagbag.py:538} INFO - Filling up the DagBag from /home/airflow/.local/lib/python3.8/site-packages/airflow/example_dags/tutorial_taskflow_api.py
[2025-07-03T17:50:51.001+0000] {processor.py:840} INFO - DAG(s) 'tutorial_taskflow_api' retrieved from /home/airflow/.local/lib/python3.8/site-packages/airflow/example_dags/tutorial_taskflow_api.py
[2025-07-03T17:50:51.026+0000] {logging_mixin.py:188} INFO - [2025-07-03T17:50:51.026+0000] {dag.py:3036} INFO - Sync 1 DAGs
[2025-07-03T17:50:51.043+0000] {logging_mixin.py:188} INFO - [2025-07-03T17:50:51.042+0000] {dag.py:3823} INFO - Setting next_dagrun for tutorial_taskflow_api to None, run_after=None
[2025-07-03T17:50:51.067+0000] {processor.py:183} INFO - Processing /home/airflow/.local/lib/python3.8/site-packages/airflow/example_dags/tutorial_taskflow_api.py took 0.081 seconds
[2025-07-03T17:51:21.265+0000] {processor.py:161} INFO - Started process (PID=2204) to work on /home/airflow/.local/lib/python3.8/site-packages/airflow/example_dags/tutorial_taskflow_api.py
[2025-07-03T17:51:21.267+0000] {processor.py:830} INFO - Processing file /home/airflow/.local/lib/python3.8/site-packages/airflow/example_dags/tutorial_taskflow_api.py for tasks to queue
[2025-07-03T17:51:21.269+0000] {logging_mixin.py:188} INFO - [2025-07-03T17:51:21.269+0000] {dagbag.py:538} INFO - Filling up the DagBag from /home/airflow/.local/lib/python3.8/site-packages/airflow/example_dags/tutorial_taskflow_api.py
[2025-07-03T17:51:21.281+0000] {processor.py:840} INFO - DAG(s) 'tutorial_taskflow_api' retrieved from /home/airflow/.local/lib/python3.8/site-packages/airflow/example_dags/tutorial_taskflow_api.py
[2025-07-03T17:51:21.316+0000] {logging_mixin.py:188} INFO - [2025-07-03T17:51:21.316+0000] {dag.py:3036} INFO - Sync 1 DAGs
[2025-07-03T17:51:21.341+0000] {logging_mixin.py:188} INFO - [2025-07-03T17:51:21.340+0000] {dag.py:3823} INFO - Setting next_dagrun for tutorial_taskflow_api to None, run_after=None
[2025-07-03T17:51:21.400+0000] {processor.py:183} INFO - Processing /home/airflow/.local/lib/python3.8/site-packages/airflow/example_dags/tutorial_taskflow_api.py took 0.146 seconds
[2025-07-03T17:51:52.224+0000] {processor.py:161} INFO - Started process (PID=2269) to work on /home/airflow/.local/lib/python3.8/site-packages/airflow/example_dags/tutorial_taskflow_api.py
[2025-07-03T17:51:52.225+0000] {processor.py:830} INFO - Processing file /home/airflow/.local/lib/python3.8/site-packages/airflow/example_dags/tutorial_taskflow_api.py for tasks to queue
[2025-07-03T17:51:52.228+0000] {logging_mixin.py:188} INFO - [2025-07-03T17:51:52.228+0000] {dagbag.py:538} INFO - Filling up the DagBag from /home/airflow/.local/lib/python3.8/site-packages/airflow/example_dags/tutorial_taskflow_api.py
[2025-07-03T17:51:52.239+0000] {processor.py:840} INFO - DAG(s) 'tutorial_taskflow_api' retrieved from /home/airflow/.local/lib/python3.8/site-packages/airflow/example_dags/tutorial_taskflow_api.py
[2025-07-03T17:51:52.273+0000] {logging_mixin.py:188} INFO - [2025-07-03T17:51:52.273+0000] {dag.py:3036} INFO - Sync 1 DAGs
[2025-07-03T17:51:52.297+0000] {logging_mixin.py:188} INFO - [2025-07-03T17:51:52.297+0000] {dag.py:3823} INFO - Setting next_dagrun for tutorial_taskflow_api to None, run_after=None
[2025-07-03T17:51:52.331+0000] {processor.py:183} INFO - Processing /home/airflow/.local/lib/python3.8/site-packages/airflow/example_dags/tutorial_taskflow_api.py took 0.112 seconds
[2025-07-03T17:52:22.678+0000] {processor.py:161} INFO - Started process (PID=2335) to work on /home/airflow/.local/lib/python3.8/site-packages/airflow/example_dags/tutorial_taskflow_api.py
[2025-07-03T17:52:22.688+0000] {processor.py:830} INFO - Processing file /home/airflow/.local/lib/python3.8/site-packages/airflow/example_dags/tutorial_taskflow_api.py for tasks to queue
[2025-07-03T17:52:22.693+0000] {logging_mixin.py:188} INFO - [2025-07-03T17:52:22.693+0000] {dagbag.py:538} INFO - Filling up the DagBag from /home/airflow/.local/lib/python3.8/site-packages/airflow/example_dags/tutorial_taskflow_api.py
[2025-07-03T17:52:22.712+0000] {processor.py:840} INFO - DAG(s) 'tutorial_taskflow_api' retrieved from /home/airflow/.local/lib/python3.8/site-packages/airflow/example_dags/tutorial_taskflow_api.py
[2025-07-03T17:52:22.764+0000] {logging_mixin.py:188} INFO - [2025-07-03T17:52:22.763+0000] {dag.py:3036} INFO - Sync 1 DAGs
[2025-07-03T17:52:22.812+0000] {logging_mixin.py:188} INFO - [2025-07-03T17:52:22.807+0000] {dag.py:3823} INFO - Setting next_dagrun for tutorial_taskflow_api to None, run_after=None
[2025-07-03T17:52:22.909+0000] {processor.py:183} INFO - Processing /home/airflow/.local/lib/python3.8/site-packages/airflow/example_dags/tutorial_taskflow_api.py took 0.247 seconds
[2025-07-03T17:52:53.407+0000] {processor.py:161} INFO - Started process (PID=2401) to work on /home/airflow/.local/lib/python3.8/site-packages/airflow/example_dags/tutorial_taskflow_api.py
[2025-07-03T17:52:53.408+0000] {processor.py:830} INFO - Processing file /home/airflow/.local/lib/python3.8/site-packages/airflow/example_dags/tutorial_taskflow_api.py for tasks to queue
[2025-07-03T17:52:53.421+0000] {logging_mixin.py:188} INFO - [2025-07-03T17:52:53.421+0000] {dagbag.py:538} INFO - Filling up the DagBag from /home/airflow/.local/lib/python3.8/site-packages/airflow/example_dags/tutorial_taskflow_api.py
[2025-07-03T17:52:53.456+0000] {processor.py:840} INFO - DAG(s) 'tutorial_taskflow_api' retrieved from /home/airflow/.local/lib/python3.8/site-packages/airflow/example_dags/tutorial_taskflow_api.py
[2025-07-03T17:52:53.623+0000] {logging_mixin.py:188} INFO - [2025-07-03T17:52:53.623+0000] {dag.py:3036} INFO - Sync 1 DAGs
[2025-07-03T17:52:53.750+0000] {logging_mixin.py:188} INFO - [2025-07-03T17:52:53.749+0000] {dag.py:3823} INFO - Setting next_dagrun for tutorial_taskflow_api to None, run_after=None
[2025-07-03T17:52:53.843+0000] {processor.py:183} INFO - Processing /home/airflow/.local/lib/python3.8/site-packages/airflow/example_dags/tutorial_taskflow_api.py took 0.466 seconds
[2025-07-03T17:53:24.113+0000] {processor.py:161} INFO - Started process (PID=2467) to work on /home/airflow/.local/lib/python3.8/site-packages/airflow/example_dags/tutorial_taskflow_api.py
[2025-07-03T17:53:24.118+0000] {processor.py:830} INFO - Processing file /home/airflow/.local/lib/python3.8/site-packages/airflow/example_dags/tutorial_taskflow_api.py for tasks to queue
[2025-07-03T17:53:24.134+0000] {logging_mixin.py:188} INFO - [2025-07-03T17:53:24.133+0000] {dagbag.py:538} INFO - Filling up the DagBag from /home/airflow/.local/lib/python3.8/site-packages/airflow/example_dags/tutorial_taskflow_api.py
[2025-07-03T17:53:24.158+0000] {processor.py:840} INFO - DAG(s) 'tutorial_taskflow_api' retrieved from /home/airflow/.local/lib/python3.8/site-packages/airflow/example_dags/tutorial_taskflow_api.py
[2025-07-03T17:53:24.218+0000] {logging_mixin.py:188} INFO - [2025-07-03T17:53:24.217+0000] {dag.py:3036} INFO - Sync 1 DAGs
[2025-07-03T17:53:24.267+0000] {logging_mixin.py:188} INFO - [2025-07-03T17:53:24.267+0000] {dag.py:3823} INFO - Setting next_dagrun for tutorial_taskflow_api to None, run_after=None
[2025-07-03T17:53:24.383+0000] {processor.py:183} INFO - Processing /home/airflow/.local/lib/python3.8/site-packages/airflow/example_dags/tutorial_taskflow_api.py took 0.290 seconds
[2025-07-03T17:53:55.622+0000] {processor.py:161} INFO - Started process (PID=2532) to work on /home/airflow/.local/lib/python3.8/site-packages/airflow/example_dags/tutorial_taskflow_api.py
[2025-07-03T17:53:55.629+0000] {processor.py:830} INFO - Processing file /home/airflow/.local/lib/python3.8/site-packages/airflow/example_dags/tutorial_taskflow_api.py for tasks to queue
[2025-07-03T17:53:55.632+0000] {logging_mixin.py:188} INFO - [2025-07-03T17:53:55.631+0000] {dagbag.py:538} INFO - Filling up the DagBag from /home/airflow/.local/lib/python3.8/site-packages/airflow/example_dags/tutorial_taskflow_api.py
[2025-07-03T17:53:55.655+0000] {processor.py:840} INFO - DAG(s) 'tutorial_taskflow_api' retrieved from /home/airflow/.local/lib/python3.8/site-packages/airflow/example_dags/tutorial_taskflow_api.py
[2025-07-03T17:53:55.718+0000] {logging_mixin.py:188} INFO - [2025-07-03T17:53:55.717+0000] {dag.py:3036} INFO - Sync 1 DAGs
[2025-07-03T17:53:55.756+0000] {logging_mixin.py:188} INFO - [2025-07-03T17:53:55.756+0000] {dag.py:3823} INFO - Setting next_dagrun for tutorial_taskflow_api to None, run_after=None
[2025-07-03T17:53:55.837+0000] {processor.py:183} INFO - Processing /home/airflow/.local/lib/python3.8/site-packages/airflow/example_dags/tutorial_taskflow_api.py took 0.224 seconds
[2025-07-03T17:54:26.544+0000] {processor.py:161} INFO - Started process (PID=2597) to work on /home/airflow/.local/lib/python3.8/site-packages/airflow/example_dags/tutorial_taskflow_api.py
[2025-07-03T17:54:26.563+0000] {processor.py:830} INFO - Processing file /home/airflow/.local/lib/python3.8/site-packages/airflow/example_dags/tutorial_taskflow_api.py for tasks to queue
[2025-07-03T17:54:26.565+0000] {logging_mixin.py:188} INFO - [2025-07-03T17:54:26.565+0000] {dagbag.py:538} INFO - Filling up the DagBag from /home/airflow/.local/lib/python3.8/site-packages/airflow/example_dags/tutorial_taskflow_api.py
[2025-07-03T17:54:26.580+0000] {processor.py:840} INFO - DAG(s) 'tutorial_taskflow_api' retrieved from /home/airflow/.local/lib/python3.8/site-packages/airflow/example_dags/tutorial_taskflow_api.py
[2025-07-03T17:54:26.621+0000] {logging_mixin.py:188} INFO - [2025-07-03T17:54:26.620+0000] {dag.py:3036} INFO - Sync 1 DAGs
[2025-07-03T17:54:26.668+0000] {logging_mixin.py:188} INFO - [2025-07-03T17:54:26.667+0000] {dag.py:3823} INFO - Setting next_dagrun for tutorial_taskflow_api to None, run_after=None
[2025-07-03T17:54:26.734+0000] {processor.py:183} INFO - Processing /home/airflow/.local/lib/python3.8/site-packages/airflow/example_dags/tutorial_taskflow_api.py took 0.194 seconds
[2025-07-03T17:54:57.612+0000] {processor.py:161} INFO - Started process (PID=2661) to work on /home/airflow/.local/lib/python3.8/site-packages/airflow/example_dags/tutorial_taskflow_api.py
[2025-07-03T17:54:57.617+0000] {processor.py:830} INFO - Processing file /home/airflow/.local/lib/python3.8/site-packages/airflow/example_dags/tutorial_taskflow_api.py for tasks to queue
[2025-07-03T17:54:57.621+0000] {logging_mixin.py:188} INFO - [2025-07-03T17:54:57.621+0000] {dagbag.py:538} INFO - Filling up the DagBag from /home/airflow/.local/lib/python3.8/site-packages/airflow/example_dags/tutorial_taskflow_api.py
[2025-07-03T17:54:57.634+0000] {processor.py:840} INFO - DAG(s) 'tutorial_taskflow_api' retrieved from /home/airflow/.local/lib/python3.8/site-packages/airflow/example_dags/tutorial_taskflow_api.py
[2025-07-03T17:54:57.670+0000] {logging_mixin.py:188} INFO - [2025-07-03T17:54:57.670+0000] {dag.py:3036} INFO - Sync 1 DAGs
[2025-07-03T17:54:57.692+0000] {logging_mixin.py:188} INFO - [2025-07-03T17:54:57.692+0000] {dag.py:3823} INFO - Setting next_dagrun for tutorial_taskflow_api to None, run_after=None
[2025-07-03T17:54:57.757+0000] {processor.py:183} INFO - Processing /home/airflow/.local/lib/python3.8/site-packages/airflow/example_dags/tutorial_taskflow_api.py took 0.150 seconds
[2025-07-03T17:55:28.141+0000] {processor.py:161} INFO - Started process (PID=2726) to work on /home/airflow/.local/lib/python3.8/site-packages/airflow/example_dags/tutorial_taskflow_api.py
[2025-07-03T17:55:28.143+0000] {processor.py:830} INFO - Processing file /home/airflow/.local/lib/python3.8/site-packages/airflow/example_dags/tutorial_taskflow_api.py for tasks to queue
[2025-07-03T17:55:28.146+0000] {logging_mixin.py:188} INFO - [2025-07-03T17:55:28.146+0000] {dagbag.py:538} INFO - Filling up the DagBag from /home/airflow/.local/lib/python3.8/site-packages/airflow/example_dags/tutorial_taskflow_api.py
[2025-07-03T17:55:28.156+0000] {processor.py:840} INFO - DAG(s) 'tutorial_taskflow_api' retrieved from /home/airflow/.local/lib/python3.8/site-packages/airflow/example_dags/tutorial_taskflow_api.py
[2025-07-03T17:55:28.187+0000] {logging_mixin.py:188} INFO - [2025-07-03T17:55:28.187+0000] {dag.py:3036} INFO - Sync 1 DAGs
[2025-07-03T17:55:28.210+0000] {logging_mixin.py:188} INFO - [2025-07-03T17:55:28.210+0000] {dag.py:3823} INFO - Setting next_dagrun for tutorial_taskflow_api to None, run_after=None
[2025-07-03T17:55:28.243+0000] {processor.py:183} INFO - Processing /home/airflow/.local/lib/python3.8/site-packages/airflow/example_dags/tutorial_taskflow_api.py took 0.107 seconds
[2025-07-03T17:55:58.679+0000] {processor.py:161} INFO - Started process (PID=2791) to work on /home/airflow/.local/lib/python3.8/site-packages/airflow/example_dags/tutorial_taskflow_api.py
[2025-07-03T17:55:58.680+0000] {processor.py:830} INFO - Processing file /home/airflow/.local/lib/python3.8/site-packages/airflow/example_dags/tutorial_taskflow_api.py for tasks to queue
[2025-07-03T17:55:58.682+0000] {logging_mixin.py:188} INFO - [2025-07-03T17:55:58.681+0000] {dagbag.py:538} INFO - Filling up the DagBag from /home/airflow/.local/lib/python3.8/site-packages/airflow/example_dags/tutorial_taskflow_api.py
[2025-07-03T17:55:58.689+0000] {processor.py:840} INFO - DAG(s) 'tutorial_taskflow_api' retrieved from /home/airflow/.local/lib/python3.8/site-packages/airflow/example_dags/tutorial_taskflow_api.py
[2025-07-03T17:55:58.715+0000] {logging_mixin.py:188} INFO - [2025-07-03T17:55:58.715+0000] {dag.py:3036} INFO - Sync 1 DAGs
[2025-07-03T17:55:58.733+0000] {logging_mixin.py:188} INFO - [2025-07-03T17:55:58.732+0000] {dag.py:3823} INFO - Setting next_dagrun for tutorial_taskflow_api to None, run_after=None
[2025-07-03T17:55:58.761+0000] {processor.py:183} INFO - Processing /home/airflow/.local/lib/python3.8/site-packages/airflow/example_dags/tutorial_taskflow_api.py took 0.086 seconds
[2025-07-03T17:56:29.728+0000] {processor.py:161} INFO - Started process (PID=2857) to work on /home/airflow/.local/lib/python3.8/site-packages/airflow/example_dags/tutorial_taskflow_api.py
[2025-07-03T17:56:29.749+0000] {processor.py:830} INFO - Processing file /home/airflow/.local/lib/python3.8/site-packages/airflow/example_dags/tutorial_taskflow_api.py for tasks to queue
[2025-07-03T17:56:29.760+0000] {logging_mixin.py:188} INFO - [2025-07-03T17:56:29.759+0000] {dagbag.py:538} INFO - Filling up the DagBag from /home/airflow/.local/lib/python3.8/site-packages/airflow/example_dags/tutorial_taskflow_api.py
[2025-07-03T17:56:29.853+0000] {processor.py:840} INFO - DAG(s) 'tutorial_taskflow_api' retrieved from /home/airflow/.local/lib/python3.8/site-packages/airflow/example_dags/tutorial_taskflow_api.py
[2025-07-03T17:56:29.922+0000] {logging_mixin.py:188} INFO - [2025-07-03T17:56:29.921+0000] {dag.py:3036} INFO - Sync 1 DAGs
[2025-07-03T17:56:30.004+0000] {logging_mixin.py:188} INFO - [2025-07-03T17:56:30.003+0000] {dag.py:3823} INFO - Setting next_dagrun for tutorial_taskflow_api to None, run_after=None
[2025-07-03T17:56:30.200+0000] {processor.py:183} INFO - Processing /home/airflow/.local/lib/python3.8/site-packages/airflow/example_dags/tutorial_taskflow_api.py took 0.529 seconds
[2025-07-03T17:57:00.428+0000] {processor.py:161} INFO - Started process (PID=2921) to work on /home/airflow/.local/lib/python3.8/site-packages/airflow/example_dags/tutorial_taskflow_api.py
[2025-07-03T17:57:00.441+0000] {processor.py:830} INFO - Processing file /home/airflow/.local/lib/python3.8/site-packages/airflow/example_dags/tutorial_taskflow_api.py for tasks to queue
[2025-07-03T17:57:00.444+0000] {logging_mixin.py:188} INFO - [2025-07-03T17:57:00.443+0000] {dagbag.py:538} INFO - Filling up the DagBag from /home/airflow/.local/lib/python3.8/site-packages/airflow/example_dags/tutorial_taskflow_api.py
[2025-07-03T17:57:00.490+0000] {processor.py:840} INFO - DAG(s) 'tutorial_taskflow_api' retrieved from /home/airflow/.local/lib/python3.8/site-packages/airflow/example_dags/tutorial_taskflow_api.py
[2025-07-03T17:57:00.586+0000] {logging_mixin.py:188} INFO - [2025-07-03T17:57:00.586+0000] {dag.py:3036} INFO - Sync 1 DAGs
[2025-07-03T17:57:00.655+0000] {logging_mixin.py:188} INFO - [2025-07-03T17:57:00.655+0000] {dag.py:3823} INFO - Setting next_dagrun for tutorial_taskflow_api to None, run_after=None
[2025-07-03T17:57:00.723+0000] {processor.py:183} INFO - Processing /home/airflow/.local/lib/python3.8/site-packages/airflow/example_dags/tutorial_taskflow_api.py took 0.300 seconds
[2025-07-03T17:57:31.199+0000] {processor.py:161} INFO - Started process (PID=2977) to work on /home/airflow/.local/lib/python3.8/site-packages/airflow/example_dags/tutorial_taskflow_api.py
[2025-07-03T17:57:31.213+0000] {processor.py:830} INFO - Processing file /home/airflow/.local/lib/python3.8/site-packages/airflow/example_dags/tutorial_taskflow_api.py for tasks to queue
[2025-07-03T17:57:31.226+0000] {logging_mixin.py:188} INFO - [2025-07-03T17:57:31.224+0000] {dagbag.py:538} INFO - Filling up the DagBag from /home/airflow/.local/lib/python3.8/site-packages/airflow/example_dags/tutorial_taskflow_api.py
[2025-07-03T17:57:31.296+0000] {processor.py:840} INFO - DAG(s) 'tutorial_taskflow_api' retrieved from /home/airflow/.local/lib/python3.8/site-packages/airflow/example_dags/tutorial_taskflow_api.py
[2025-07-03T17:57:31.452+0000] {logging_mixin.py:188} INFO - [2025-07-03T17:57:31.452+0000] {dag.py:3036} INFO - Sync 1 DAGs
[2025-07-03T17:57:31.563+0000] {logging_mixin.py:188} INFO - [2025-07-03T17:57:31.562+0000] {dag.py:3823} INFO - Setting next_dagrun for tutorial_taskflow_api to None, run_after=None
[2025-07-03T17:57:31.682+0000] {processor.py:183} INFO - Processing /home/airflow/.local/lib/python3.8/site-packages/airflow/example_dags/tutorial_taskflow_api.py took 0.515 seconds
[2025-07-03T17:58:02.045+0000] {processor.py:161} INFO - Started process (PID=3043) to work on /home/airflow/.local/lib/python3.8/site-packages/airflow/example_dags/tutorial_taskflow_api.py
[2025-07-03T17:58:02.057+0000] {processor.py:830} INFO - Processing file /home/airflow/.local/lib/python3.8/site-packages/airflow/example_dags/tutorial_taskflow_api.py for tasks to queue
[2025-07-03T17:58:02.059+0000] {logging_mixin.py:188} INFO - [2025-07-03T17:58:02.059+0000] {dagbag.py:538} INFO - Filling up the DagBag from /home/airflow/.local/lib/python3.8/site-packages/airflow/example_dags/tutorial_taskflow_api.py
[2025-07-03T17:58:02.162+0000] {processor.py:840} INFO - DAG(s) 'tutorial_taskflow_api' retrieved from /home/airflow/.local/lib/python3.8/site-packages/airflow/example_dags/tutorial_taskflow_api.py
[2025-07-03T17:58:02.348+0000] {logging_mixin.py:188} INFO - [2025-07-03T17:58:02.347+0000] {dag.py:3036} INFO - Sync 1 DAGs
[2025-07-03T17:58:02.493+0000] {logging_mixin.py:188} INFO - [2025-07-03T17:58:02.493+0000] {dag.py:3823} INFO - Setting next_dagrun for tutorial_taskflow_api to None, run_after=None
[2025-07-03T17:58:02.698+0000] {processor.py:183} INFO - Processing /home/airflow/.local/lib/python3.8/site-packages/airflow/example_dags/tutorial_taskflow_api.py took 0.683 seconds
[2025-07-03T17:58:32.949+0000] {processor.py:161} INFO - Started process (PID=3107) to work on /home/airflow/.local/lib/python3.8/site-packages/airflow/example_dags/tutorial_taskflow_api.py
[2025-07-03T17:58:32.953+0000] {processor.py:830} INFO - Processing file /home/airflow/.local/lib/python3.8/site-packages/airflow/example_dags/tutorial_taskflow_api.py for tasks to queue
[2025-07-03T17:58:32.956+0000] {logging_mixin.py:188} INFO - [2025-07-03T17:58:32.956+0000] {dagbag.py:538} INFO - Filling up the DagBag from /home/airflow/.local/lib/python3.8/site-packages/airflow/example_dags/tutorial_taskflow_api.py
[2025-07-03T17:58:32.981+0000] {processor.py:840} INFO - DAG(s) 'tutorial_taskflow_api' retrieved from /home/airflow/.local/lib/python3.8/site-packages/airflow/example_dags/tutorial_taskflow_api.py
[2025-07-03T17:58:33.038+0000] {logging_mixin.py:188} INFO - [2025-07-03T17:58:33.038+0000] {dag.py:3036} INFO - Sync 1 DAGs
[2025-07-03T17:58:33.077+0000] {logging_mixin.py:188} INFO - [2025-07-03T17:58:33.076+0000] {dag.py:3823} INFO - Setting next_dagrun for tutorial_taskflow_api to None, run_after=None
[2025-07-03T17:58:33.109+0000] {processor.py:183} INFO - Processing /home/airflow/.local/lib/python3.8/site-packages/airflow/example_dags/tutorial_taskflow_api.py took 0.172 seconds
[2025-07-03T17:59:04.066+0000] {processor.py:161} INFO - Started process (PID=3173) to work on /home/airflow/.local/lib/python3.8/site-packages/airflow/example_dags/tutorial_taskflow_api.py
[2025-07-03T17:59:04.069+0000] {processor.py:830} INFO - Processing file /home/airflow/.local/lib/python3.8/site-packages/airflow/example_dags/tutorial_taskflow_api.py for tasks to queue
[2025-07-03T17:59:04.073+0000] {logging_mixin.py:188} INFO - [2025-07-03T17:59:04.072+0000] {dagbag.py:538} INFO - Filling up the DagBag from /home/airflow/.local/lib/python3.8/site-packages/airflow/example_dags/tutorial_taskflow_api.py
[2025-07-03T17:59:04.100+0000] {processor.py:840} INFO - DAG(s) 'tutorial_taskflow_api' retrieved from /home/airflow/.local/lib/python3.8/site-packages/airflow/example_dags/tutorial_taskflow_api.py
[2025-07-03T17:59:04.189+0000] {logging_mixin.py:188} INFO - [2025-07-03T17:59:04.189+0000] {dag.py:3036} INFO - Sync 1 DAGs
[2025-07-03T17:59:04.238+0000] {logging_mixin.py:188} INFO - [2025-07-03T17:59:04.238+0000] {dag.py:3823} INFO - Setting next_dagrun for tutorial_taskflow_api to None, run_after=None
[2025-07-03T17:59:04.299+0000] {processor.py:183} INFO - Processing /home/airflow/.local/lib/python3.8/site-packages/airflow/example_dags/tutorial_taskflow_api.py took 0.270 seconds
[2025-07-03T17:59:34.488+0000] {processor.py:161} INFO - Started process (PID=3238) to work on /home/airflow/.local/lib/python3.8/site-packages/airflow/example_dags/tutorial_taskflow_api.py
[2025-07-03T17:59:34.489+0000] {processor.py:830} INFO - Processing file /home/airflow/.local/lib/python3.8/site-packages/airflow/example_dags/tutorial_taskflow_api.py for tasks to queue
[2025-07-03T17:59:34.491+0000] {logging_mixin.py:188} INFO - [2025-07-03T17:59:34.491+0000] {dagbag.py:538} INFO - Filling up the DagBag from /home/airflow/.local/lib/python3.8/site-packages/airflow/example_dags/tutorial_taskflow_api.py
[2025-07-03T17:59:34.501+0000] {processor.py:840} INFO - DAG(s) 'tutorial_taskflow_api' retrieved from /home/airflow/.local/lib/python3.8/site-packages/airflow/example_dags/tutorial_taskflow_api.py
[2025-07-03T17:59:34.532+0000] {logging_mixin.py:188} INFO - [2025-07-03T17:59:34.531+0000] {dag.py:3036} INFO - Sync 1 DAGs
[2025-07-03T17:59:34.555+0000] {logging_mixin.py:188} INFO - [2025-07-03T17:59:34.554+0000] {dag.py:3823} INFO - Setting next_dagrun for tutorial_taskflow_api to None, run_after=None
[2025-07-03T17:59:34.584+0000] {processor.py:183} INFO - Processing /home/airflow/.local/lib/python3.8/site-packages/airflow/example_dags/tutorial_taskflow_api.py took 0.101 seconds
[2025-07-03T18:00:04.946+0000] {processor.py:161} INFO - Started process (PID=3301) to work on /home/airflow/.local/lib/python3.8/site-packages/airflow/example_dags/tutorial_taskflow_api.py
[2025-07-03T18:00:04.949+0000] {processor.py:830} INFO - Processing file /home/airflow/.local/lib/python3.8/site-packages/airflow/example_dags/tutorial_taskflow_api.py for tasks to queue
[2025-07-03T18:00:04.952+0000] {logging_mixin.py:188} INFO - [2025-07-03T18:00:04.951+0000] {dagbag.py:538} INFO - Filling up the DagBag from /home/airflow/.local/lib/python3.8/site-packages/airflow/example_dags/tutorial_taskflow_api.py
[2025-07-03T18:00:04.962+0000] {processor.py:840} INFO - DAG(s) 'tutorial_taskflow_api' retrieved from /home/airflow/.local/lib/python3.8/site-packages/airflow/example_dags/tutorial_taskflow_api.py
[2025-07-03T18:00:05.002+0000] {logging_mixin.py:188} INFO - [2025-07-03T18:00:05.002+0000] {dag.py:3036} INFO - Sync 1 DAGs
[2025-07-03T18:00:05.026+0000] {logging_mixin.py:188} INFO - [2025-07-03T18:00:05.026+0000] {dag.py:3823} INFO - Setting next_dagrun for tutorial_taskflow_api to None, run_after=None
[2025-07-03T18:00:05.328+0000] {processor.py:183} INFO - Processing /home/airflow/.local/lib/python3.8/site-packages/airflow/example_dags/tutorial_taskflow_api.py took 0.393 seconds
[2025-07-03T18:00:35.843+0000] {processor.py:161} INFO - Started process (PID=3366) to work on /home/airflow/.local/lib/python3.8/site-packages/airflow/example_dags/tutorial_taskflow_api.py
[2025-07-03T18:00:35.849+0000] {processor.py:830} INFO - Processing file /home/airflow/.local/lib/python3.8/site-packages/airflow/example_dags/tutorial_taskflow_api.py for tasks to queue
[2025-07-03T18:00:35.856+0000] {logging_mixin.py:188} INFO - [2025-07-03T18:00:35.855+0000] {dagbag.py:538} INFO - Filling up the DagBag from /home/airflow/.local/lib/python3.8/site-packages/airflow/example_dags/tutorial_taskflow_api.py
[2025-07-03T18:00:35.867+0000] {processor.py:840} INFO - DAG(s) 'tutorial_taskflow_api' retrieved from /home/airflow/.local/lib/python3.8/site-packages/airflow/example_dags/tutorial_taskflow_api.py
[2025-07-03T18:00:35.898+0000] {logging_mixin.py:188} INFO - [2025-07-03T18:00:35.898+0000] {dag.py:3036} INFO - Sync 1 DAGs
[2025-07-03T18:00:35.923+0000] {logging_mixin.py:188} INFO - [2025-07-03T18:00:35.923+0000] {dag.py:3823} INFO - Setting next_dagrun for tutorial_taskflow_api to None, run_after=None
[2025-07-03T18:00:35.970+0000] {processor.py:183} INFO - Processing /home/airflow/.local/lib/python3.8/site-packages/airflow/example_dags/tutorial_taskflow_api.py took 0.133 seconds
[2025-07-03T18:01:06.668+0000] {processor.py:161} INFO - Started process (PID=3421) to work on /home/airflow/.local/lib/python3.8/site-packages/airflow/example_dags/tutorial_taskflow_api.py
[2025-07-03T18:01:06.669+0000] {processor.py:830} INFO - Processing file /home/airflow/.local/lib/python3.8/site-packages/airflow/example_dags/tutorial_taskflow_api.py for tasks to queue
[2025-07-03T18:01:06.671+0000] {logging_mixin.py:188} INFO - [2025-07-03T18:01:06.671+0000] {dagbag.py:538} INFO - Filling up the DagBag from /home/airflow/.local/lib/python3.8/site-packages/airflow/example_dags/tutorial_taskflow_api.py
[2025-07-03T18:01:06.680+0000] {processor.py:840} INFO - DAG(s) 'tutorial_taskflow_api' retrieved from /home/airflow/.local/lib/python3.8/site-packages/airflow/example_dags/tutorial_taskflow_api.py
[2025-07-03T18:01:06.711+0000] {logging_mixin.py:188} INFO - [2025-07-03T18:01:06.710+0000] {dag.py:3036} INFO - Sync 1 DAGs
[2025-07-03T18:01:06.734+0000] {logging_mixin.py:188} INFO - [2025-07-03T18:01:06.733+0000] {dag.py:3823} INFO - Setting next_dagrun for tutorial_taskflow_api to None, run_after=None
[2025-07-03T18:01:06.763+0000] {processor.py:183} INFO - Processing /home/airflow/.local/lib/python3.8/site-packages/airflow/example_dags/tutorial_taskflow_api.py took 0.099 seconds
[2025-07-03T18:01:37.394+0000] {processor.py:161} INFO - Started process (PID=3485) to work on /home/airflow/.local/lib/python3.8/site-packages/airflow/example_dags/tutorial_taskflow_api.py
[2025-07-03T18:01:37.404+0000] {processor.py:830} INFO - Processing file /home/airflow/.local/lib/python3.8/site-packages/airflow/example_dags/tutorial_taskflow_api.py for tasks to queue
[2025-07-03T18:01:37.414+0000] {logging_mixin.py:188} INFO - [2025-07-03T18:01:37.413+0000] {dagbag.py:538} INFO - Filling up the DagBag from /home/airflow/.local/lib/python3.8/site-packages/airflow/example_dags/tutorial_taskflow_api.py
[2025-07-03T18:01:37.454+0000] {processor.py:840} INFO - DAG(s) 'tutorial_taskflow_api' retrieved from /home/airflow/.local/lib/python3.8/site-packages/airflow/example_dags/tutorial_taskflow_api.py
[2025-07-03T18:01:37.545+0000] {logging_mixin.py:188} INFO - [2025-07-03T18:01:37.540+0000] {dag.py:3036} INFO - Sync 1 DAGs
[2025-07-03T18:01:37.603+0000] {logging_mixin.py:188} INFO - [2025-07-03T18:01:37.602+0000] {dag.py:3823} INFO - Setting next_dagrun for tutorial_taskflow_api to None, run_after=None
[2025-07-03T18:01:37.694+0000] {processor.py:183} INFO - Processing /home/airflow/.local/lib/python3.8/site-packages/airflow/example_dags/tutorial_taskflow_api.py took 0.310 seconds
[2025-07-03T18:02:09.906+0000] {processor.py:161} INFO - Started process (PID=3550) to work on /home/airflow/.local/lib/python3.8/site-packages/airflow/example_dags/tutorial_taskflow_api.py
[2025-07-03T18:02:09.915+0000] {processor.py:830} INFO - Processing file /home/airflow/.local/lib/python3.8/site-packages/airflow/example_dags/tutorial_taskflow_api.py for tasks to queue
[2025-07-03T18:02:09.917+0000] {logging_mixin.py:188} INFO - [2025-07-03T18:02:09.917+0000] {dagbag.py:538} INFO - Filling up the DagBag from /home/airflow/.local/lib/python3.8/site-packages/airflow/example_dags/tutorial_taskflow_api.py
[2025-07-03T18:02:09.934+0000] {processor.py:840} INFO - DAG(s) 'tutorial_taskflow_api' retrieved from /home/airflow/.local/lib/python3.8/site-packages/airflow/example_dags/tutorial_taskflow_api.py
[2025-07-03T18:02:09.976+0000] {logging_mixin.py:188} INFO - [2025-07-03T18:02:09.976+0000] {dag.py:3036} INFO - Sync 1 DAGs
[2025-07-03T18:02:10.384+0000] {logging_mixin.py:188} INFO - [2025-07-03T18:02:10.383+0000] {dag.py:3823} INFO - Setting next_dagrun for tutorial_taskflow_api to None, run_after=None
[2025-07-03T18:02:10.473+0000] {processor.py:183} INFO - Processing /home/airflow/.local/lib/python3.8/site-packages/airflow/example_dags/tutorial_taskflow_api.py took 0.572 seconds
[2025-07-03T18:02:41.273+0000] {processor.py:161} INFO - Started process (PID=3607) to work on /home/airflow/.local/lib/python3.8/site-packages/airflow/example_dags/tutorial_taskflow_api.py
[2025-07-03T18:02:41.274+0000] {processor.py:830} INFO - Processing file /home/airflow/.local/lib/python3.8/site-packages/airflow/example_dags/tutorial_taskflow_api.py for tasks to queue
[2025-07-03T18:02:41.277+0000] {logging_mixin.py:188} INFO - [2025-07-03T18:02:41.277+0000] {dagbag.py:538} INFO - Filling up the DagBag from /home/airflow/.local/lib/python3.8/site-packages/airflow/example_dags/tutorial_taskflow_api.py
[2025-07-03T18:02:41.287+0000] {processor.py:840} INFO - DAG(s) 'tutorial_taskflow_api' retrieved from /home/airflow/.local/lib/python3.8/site-packages/airflow/example_dags/tutorial_taskflow_api.py
[2025-07-03T18:02:41.320+0000] {logging_mixin.py:188} INFO - [2025-07-03T18:02:41.319+0000] {dag.py:3036} INFO - Sync 1 DAGs
[2025-07-03T18:02:41.343+0000] {logging_mixin.py:188} INFO - [2025-07-03T18:02:41.342+0000] {dag.py:3823} INFO - Setting next_dagrun for tutorial_taskflow_api to None, run_after=None
[2025-07-03T18:02:41.374+0000] {processor.py:183} INFO - Processing /home/airflow/.local/lib/python3.8/site-packages/airflow/example_dags/tutorial_taskflow_api.py took 0.106 seconds
[2025-07-03T18:03:13.417+0000] {processor.py:161} INFO - Started process (PID=3672) to work on /home/airflow/.local/lib/python3.8/site-packages/airflow/example_dags/tutorial_taskflow_api.py
[2025-07-03T18:03:13.441+0000] {processor.py:830} INFO - Processing file /home/airflow/.local/lib/python3.8/site-packages/airflow/example_dags/tutorial_taskflow_api.py for tasks to queue
[2025-07-03T18:03:13.444+0000] {logging_mixin.py:188} INFO - [2025-07-03T18:03:13.443+0000] {dagbag.py:538} INFO - Filling up the DagBag from /home/airflow/.local/lib/python3.8/site-packages/airflow/example_dags/tutorial_taskflow_api.py
[2025-07-03T18:03:13.539+0000] {processor.py:840} INFO - DAG(s) 'tutorial_taskflow_api' retrieved from /home/airflow/.local/lib/python3.8/site-packages/airflow/example_dags/tutorial_taskflow_api.py
[2025-07-03T18:03:13.808+0000] {logging_mixin.py:188} INFO - [2025-07-03T18:03:13.804+0000] {dag.py:3036} INFO - Sync 1 DAGs
[2025-07-03T18:03:13.984+0000] {logging_mixin.py:188} INFO - [2025-07-03T18:03:13.984+0000] {dag.py:3823} INFO - Setting next_dagrun for tutorial_taskflow_api to None, run_after=None
[2025-07-03T18:03:14.254+0000] {processor.py:183} INFO - Processing /home/airflow/.local/lib/python3.8/site-packages/airflow/example_dags/tutorial_taskflow_api.py took 0.909 seconds
[2025-07-03T18:04:52.740+0000] {processor.py:161} INFO - Started process (PID=3764) to work on /home/airflow/.local/lib/python3.8/site-packages/airflow/example_dags/tutorial_taskflow_api.py
[2025-07-03T18:04:52.833+0000] {processor.py:830} INFO - Processing file /home/airflow/.local/lib/python3.8/site-packages/airflow/example_dags/tutorial_taskflow_api.py for tasks to queue
[2025-07-03T18:04:52.878+0000] {logging_mixin.py:188} INFO - [2025-07-03T18:04:52.877+0000] {dagbag.py:538} INFO - Filling up the DagBag from /home/airflow/.local/lib/python3.8/site-packages/airflow/example_dags/tutorial_taskflow_api.py
[2025-07-03T18:04:53.063+0000] {processor.py:840} INFO - DAG(s) 'tutorial_taskflow_api' retrieved from /home/airflow/.local/lib/python3.8/site-packages/airflow/example_dags/tutorial_taskflow_api.py
[2025-07-03T18:04:53.870+0000] {logging_mixin.py:188} INFO - [2025-07-03T18:04:53.869+0000] {dag.py:3036} INFO - Sync 1 DAGs
[2025-07-03T18:04:54.467+0000] {logging_mixin.py:188} INFO - [2025-07-03T18:04:54.466+0000] {dag.py:3823} INFO - Setting next_dagrun for tutorial_taskflow_api to None, run_after=None
[2025-07-03T18:04:55.262+0000] {processor.py:183} INFO - Processing /home/airflow/.local/lib/python3.8/site-packages/airflow/example_dags/tutorial_taskflow_api.py took 2.590 seconds
[2025-07-03T18:06:05.140+0000] {processor.py:161} INFO - Started process (PID=3819) to work on /home/airflow/.local/lib/python3.8/site-packages/airflow/example_dags/tutorial_taskflow_api.py
[2025-07-03T18:06:05.270+0000] {processor.py:830} INFO - Processing file /home/airflow/.local/lib/python3.8/site-packages/airflow/example_dags/tutorial_taskflow_api.py for tasks to queue
[2025-07-03T18:06:05.343+0000] {logging_mixin.py:188} INFO - [2025-07-03T18:06:05.342+0000] {dagbag.py:538} INFO - Filling up the DagBag from /home/airflow/.local/lib/python3.8/site-packages/airflow/example_dags/tutorial_taskflow_api.py
[2025-07-03T18:06:05.658+0000] {processor.py:840} INFO - DAG(s) 'tutorial_taskflow_api' retrieved from /home/airflow/.local/lib/python3.8/site-packages/airflow/example_dags/tutorial_taskflow_api.py
[2025-07-03T18:06:06.195+0000] {logging_mixin.py:188} INFO - [2025-07-03T18:06:06.194+0000] {dag.py:3036} INFO - Sync 1 DAGs
[2025-07-03T18:06:06.768+0000] {logging_mixin.py:188} INFO - [2025-07-03T18:06:06.768+0000] {dag.py:3823} INFO - Setting next_dagrun for tutorial_taskflow_api to None, run_after=None
[2025-07-03T18:06:07.612+0000] {processor.py:183} INFO - Processing /home/airflow/.local/lib/python3.8/site-packages/airflow/example_dags/tutorial_taskflow_api.py took 2.605 seconds
[2025-07-03T18:07:28.590+0000] {processor.py:161} INFO - Started process (PID=3882) to work on /home/airflow/.local/lib/python3.8/site-packages/airflow/example_dags/tutorial_taskflow_api.py
[2025-07-03T18:07:28.703+0000] {processor.py:830} INFO - Processing file /home/airflow/.local/lib/python3.8/site-packages/airflow/example_dags/tutorial_taskflow_api.py for tasks to queue
[2025-07-03T18:07:28.762+0000] {logging_mixin.py:188} INFO - [2025-07-03T18:07:28.761+0000] {dagbag.py:538} INFO - Filling up the DagBag from /home/airflow/.local/lib/python3.8/site-packages/airflow/example_dags/tutorial_taskflow_api.py
[2025-07-03T18:07:29.035+0000] {processor.py:840} INFO - DAG(s) 'tutorial_taskflow_api' retrieved from /home/airflow/.local/lib/python3.8/site-packages/airflow/example_dags/tutorial_taskflow_api.py
[2025-07-03T18:07:30.402+0000] {logging_mixin.py:188} INFO - [2025-07-03T18:07:30.401+0000] {dag.py:3036} INFO - Sync 1 DAGs
[2025-07-03T18:07:31.343+0000] {logging_mixin.py:188} INFO - [2025-07-03T18:07:31.343+0000] {dag.py:3823} INFO - Setting next_dagrun for tutorial_taskflow_api to None, run_after=None
[2025-07-03T18:07:32.335+0000] {processor.py:183} INFO - Processing /home/airflow/.local/lib/python3.8/site-packages/airflow/example_dags/tutorial_taskflow_api.py took 3.966 seconds
[2025-07-03T18:21:07.797+0000] {processor.py:161} INFO - Started process (PID=91) to work on /home/airflow/.local/lib/python3.8/site-packages/airflow/example_dags/tutorial_taskflow_api.py
[2025-07-03T18:21:07.814+0000] {processor.py:830} INFO - Processing file /home/airflow/.local/lib/python3.8/site-packages/airflow/example_dags/tutorial_taskflow_api.py for tasks to queue
[2025-07-03T18:21:07.817+0000] {logging_mixin.py:188} INFO - [2025-07-03T18:21:07.816+0000] {dagbag.py:538} INFO - Filling up the DagBag from /home/airflow/.local/lib/python3.8/site-packages/airflow/example_dags/tutorial_taskflow_api.py
[2025-07-03T18:21:07.870+0000] {processor.py:840} INFO - DAG(s) 'tutorial_taskflow_api' retrieved from /home/airflow/.local/lib/python3.8/site-packages/airflow/example_dags/tutorial_taskflow_api.py
[2025-07-03T18:21:07.962+0000] {logging_mixin.py:188} INFO - [2025-07-03T18:21:07.961+0000] {dag.py:3036} INFO - Sync 1 DAGs
[2025-07-03T18:21:08.010+0000] {logging_mixin.py:188} INFO - [2025-07-03T18:21:08.010+0000] {dag.py:3823} INFO - Setting next_dagrun for tutorial_taskflow_api to None, run_after=None
[2025-07-03T18:21:08.133+0000] {processor.py:183} INFO - Processing /home/airflow/.local/lib/python3.8/site-packages/airflow/example_dags/tutorial_taskflow_api.py took 0.357 seconds
[2025-07-03T18:21:38.520+0000] {processor.py:161} INFO - Started process (PID=155) to work on /home/airflow/.local/lib/python3.8/site-packages/airflow/example_dags/tutorial_taskflow_api.py
[2025-07-03T18:21:38.522+0000] {processor.py:830} INFO - Processing file /home/airflow/.local/lib/python3.8/site-packages/airflow/example_dags/tutorial_taskflow_api.py for tasks to queue
[2025-07-03T18:21:38.534+0000] {logging_mixin.py:188} INFO - [2025-07-03T18:21:38.533+0000] {dagbag.py:538} INFO - Filling up the DagBag from /home/airflow/.local/lib/python3.8/site-packages/airflow/example_dags/tutorial_taskflow_api.py
[2025-07-03T18:21:38.552+0000] {processor.py:840} INFO - DAG(s) 'tutorial_taskflow_api' retrieved from /home/airflow/.local/lib/python3.8/site-packages/airflow/example_dags/tutorial_taskflow_api.py
[2025-07-03T18:21:38.618+0000] {logging_mixin.py:188} INFO - [2025-07-03T18:21:38.617+0000] {dag.py:3036} INFO - Sync 1 DAGs
[2025-07-03T18:21:38.644+0000] {logging_mixin.py:188} INFO - [2025-07-03T18:21:38.643+0000] {dag.py:3823} INFO - Setting next_dagrun for tutorial_taskflow_api to None, run_after=None
[2025-07-03T18:21:38.700+0000] {processor.py:183} INFO - Processing /home/airflow/.local/lib/python3.8/site-packages/airflow/example_dags/tutorial_taskflow_api.py took 0.192 seconds
[2025-07-03T18:22:08.916+0000] {processor.py:161} INFO - Started process (PID=220) to work on /home/airflow/.local/lib/python3.8/site-packages/airflow/example_dags/tutorial_taskflow_api.py
[2025-07-03T18:22:08.918+0000] {processor.py:830} INFO - Processing file /home/airflow/.local/lib/python3.8/site-packages/airflow/example_dags/tutorial_taskflow_api.py for tasks to queue
[2025-07-03T18:22:08.921+0000] {logging_mixin.py:188} INFO - [2025-07-03T18:22:08.921+0000] {dagbag.py:538} INFO - Filling up the DagBag from /home/airflow/.local/lib/python3.8/site-packages/airflow/example_dags/tutorial_taskflow_api.py
[2025-07-03T18:22:08.932+0000] {processor.py:840} INFO - DAG(s) 'tutorial_taskflow_api' retrieved from /home/airflow/.local/lib/python3.8/site-packages/airflow/example_dags/tutorial_taskflow_api.py
[2025-07-03T18:22:08.963+0000] {logging_mixin.py:188} INFO - [2025-07-03T18:22:08.963+0000] {dag.py:3036} INFO - Sync 1 DAGs
[2025-07-03T18:22:08.987+0000] {logging_mixin.py:188} INFO - [2025-07-03T18:22:08.987+0000] {dag.py:3823} INFO - Setting next_dagrun for tutorial_taskflow_api to None, run_after=None
[2025-07-03T18:22:09.029+0000] {processor.py:183} INFO - Processing /home/airflow/.local/lib/python3.8/site-packages/airflow/example_dags/tutorial_taskflow_api.py took 0.123 seconds
[2025-07-03T18:22:39.617+0000] {processor.py:161} INFO - Started process (PID=288) to work on /home/airflow/.local/lib/python3.8/site-packages/airflow/example_dags/tutorial_taskflow_api.py
[2025-07-03T18:22:39.618+0000] {processor.py:830} INFO - Processing file /home/airflow/.local/lib/python3.8/site-packages/airflow/example_dags/tutorial_taskflow_api.py for tasks to queue
[2025-07-03T18:22:39.620+0000] {logging_mixin.py:188} INFO - [2025-07-03T18:22:39.620+0000] {dagbag.py:538} INFO - Filling up the DagBag from /home/airflow/.local/lib/python3.8/site-packages/airflow/example_dags/tutorial_taskflow_api.py
[2025-07-03T18:22:39.636+0000] {processor.py:840} INFO - DAG(s) 'tutorial_taskflow_api' retrieved from /home/airflow/.local/lib/python3.8/site-packages/airflow/example_dags/tutorial_taskflow_api.py
[2025-07-03T18:22:39.670+0000] {logging_mixin.py:188} INFO - [2025-07-03T18:22:39.670+0000] {dag.py:3036} INFO - Sync 1 DAGs
[2025-07-03T18:22:39.693+0000] {logging_mixin.py:188} INFO - [2025-07-03T18:22:39.693+0000] {dag.py:3823} INFO - Setting next_dagrun for tutorial_taskflow_api to None, run_after=None
[2025-07-03T18:22:39.724+0000] {processor.py:183} INFO - Processing /home/airflow/.local/lib/python3.8/site-packages/airflow/example_dags/tutorial_taskflow_api.py took 0.112 seconds
[2025-07-03T18:23:10.063+0000] {processor.py:161} INFO - Started process (PID=354) to work on /home/airflow/.local/lib/python3.8/site-packages/airflow/example_dags/tutorial_taskflow_api.py
[2025-07-03T18:23:10.065+0000] {processor.py:830} INFO - Processing file /home/airflow/.local/lib/python3.8/site-packages/airflow/example_dags/tutorial_taskflow_api.py for tasks to queue
[2025-07-03T18:23:10.067+0000] {logging_mixin.py:188} INFO - [2025-07-03T18:23:10.067+0000] {dagbag.py:538} INFO - Filling up the DagBag from /home/airflow/.local/lib/python3.8/site-packages/airflow/example_dags/tutorial_taskflow_api.py
[2025-07-03T18:23:10.083+0000] {processor.py:840} INFO - DAG(s) 'tutorial_taskflow_api' retrieved from /home/airflow/.local/lib/python3.8/site-packages/airflow/example_dags/tutorial_taskflow_api.py
[2025-07-03T18:23:10.114+0000] {logging_mixin.py:188} INFO - [2025-07-03T18:23:10.113+0000] {dag.py:3036} INFO - Sync 1 DAGs
[2025-07-03T18:23:10.136+0000] {logging_mixin.py:188} INFO - [2025-07-03T18:23:10.136+0000] {dag.py:3823} INFO - Setting next_dagrun for tutorial_taskflow_api to None, run_after=None
[2025-07-03T18:23:10.181+0000] {processor.py:183} INFO - Processing /home/airflow/.local/lib/python3.8/site-packages/airflow/example_dags/tutorial_taskflow_api.py took 0.122 seconds
[2025-07-03T18:23:40.458+0000] {processor.py:161} INFO - Started process (PID=419) to work on /home/airflow/.local/lib/python3.8/site-packages/airflow/example_dags/tutorial_taskflow_api.py
[2025-07-03T18:23:40.460+0000] {processor.py:830} INFO - Processing file /home/airflow/.local/lib/python3.8/site-packages/airflow/example_dags/tutorial_taskflow_api.py for tasks to queue
[2025-07-03T18:23:40.462+0000] {logging_mixin.py:188} INFO - [2025-07-03T18:23:40.461+0000] {dagbag.py:538} INFO - Filling up the DagBag from /home/airflow/.local/lib/python3.8/site-packages/airflow/example_dags/tutorial_taskflow_api.py
[2025-07-03T18:23:40.472+0000] {processor.py:840} INFO - DAG(s) 'tutorial_taskflow_api' retrieved from /home/airflow/.local/lib/python3.8/site-packages/airflow/example_dags/tutorial_taskflow_api.py
[2025-07-03T18:23:40.504+0000] {logging_mixin.py:188} INFO - [2025-07-03T18:23:40.503+0000] {dag.py:3036} INFO - Sync 1 DAGs
[2025-07-03T18:23:40.526+0000] {logging_mixin.py:188} INFO - [2025-07-03T18:23:40.526+0000] {dag.py:3823} INFO - Setting next_dagrun for tutorial_taskflow_api to None, run_after=None
[2025-07-03T18:23:40.578+0000] {processor.py:183} INFO - Processing /home/airflow/.local/lib/python3.8/site-packages/airflow/example_dags/tutorial_taskflow_api.py took 0.124 seconds
[2025-07-03T18:24:10.808+0000] {processor.py:161} INFO - Started process (PID=485) to work on /home/airflow/.local/lib/python3.8/site-packages/airflow/example_dags/tutorial_taskflow_api.py
[2025-07-03T18:24:10.810+0000] {processor.py:830} INFO - Processing file /home/airflow/.local/lib/python3.8/site-packages/airflow/example_dags/tutorial_taskflow_api.py for tasks to queue
[2025-07-03T18:24:10.812+0000] {logging_mixin.py:188} INFO - [2025-07-03T18:24:10.812+0000] {dagbag.py:538} INFO - Filling up the DagBag from /home/airflow/.local/lib/python3.8/site-packages/airflow/example_dags/tutorial_taskflow_api.py
[2025-07-03T18:24:10.821+0000] {processor.py:840} INFO - DAG(s) 'tutorial_taskflow_api' retrieved from /home/airflow/.local/lib/python3.8/site-packages/airflow/example_dags/tutorial_taskflow_api.py
[2025-07-03T18:24:10.855+0000] {logging_mixin.py:188} INFO - [2025-07-03T18:24:10.855+0000] {dag.py:3036} INFO - Sync 1 DAGs
[2025-07-03T18:24:10.878+0000] {logging_mixin.py:188} INFO - [2025-07-03T18:24:10.877+0000] {dag.py:3823} INFO - Setting next_dagrun for tutorial_taskflow_api to None, run_after=None
[2025-07-03T18:24:10.908+0000] {processor.py:183} INFO - Processing /home/airflow/.local/lib/python3.8/site-packages/airflow/example_dags/tutorial_taskflow_api.py took 0.105 seconds
