[2025-07-08T10:40:45.781+0000] {taskinstance.py:1956} INFO - Dependencies all met for dep_context=non-requeueable deps ti=<TaskInstance: weather_pipeline.select_best scheduled__2025-07-08T10:39:00+00:00 [queued]>
[2025-07-08T10:40:45.804+0000] {taskinstance.py:1956} INFO - Dependencies all met for dep_context=requeueable deps ti=<TaskInstance: weather_pipeline.select_best scheduled__2025-07-08T10:39:00+00:00 [queued]>
[2025-07-08T10:40:45.805+0000] {taskinstance.py:2170} INFO - Starting attempt 1 of 1
[2025-07-08T10:40:45.841+0000] {taskinstance.py:2191} INFO - Executing <Task(PythonOperator): select_best> on 2025-07-08 10:39:00+00:00
[2025-07-08T10:40:45.898+0000] {standard_task_runner.py:60} INFO - Started process 3407 to run task
[2025-07-08T10:40:45.919+0000] {standard_task_runner.py:87} INFO - Running: ['***', 'tasks', 'run', 'weather_pipeline', 'select_best', 'scheduled__2025-07-08T10:39:00+00:00', '--job-id', '120', '--raw', '--subdir', 'DAGS_FOLDER/weather_pipeline.py', '--cfg-path', '/tmp/tmpnvzutktm']
[2025-07-08T10:40:45.929+0000] {standard_task_runner.py:88} INFO - Job 120: Subtask select_best
[2025-07-08T10:40:45.975+0000] {warnings.py:109} WARNING - /home/***/.local/lib/python3.8/site-packages/***/settings.py:194: DeprecationWarning: The sql_alchemy_conn option in [core] has been moved to the sql_alchemy_conn option in [database] - the old setting has been used, but please update your config.
  SQL_ALCHEMY_CONN = conf.get("database", "SQL_ALCHEMY_CONN")

[2025-07-08T10:40:46.113+0000] {task_command.py:423} INFO - Running <TaskInstance: weather_pipeline.select_best scheduled__2025-07-08T10:39:00+00:00 [running]> on host bacb6c67936a
[2025-07-08T10:40:46.399+0000] {taskinstance.py:2480} INFO - Exporting env vars: AIRFLOW_CTX_DAG_OWNER='***' AIRFLOW_CTX_DAG_ID='weather_pipeline' AIRFLOW_CTX_TASK_ID='select_best' AIRFLOW_CTX_EXECUTION_DATE='2025-07-08T10:39:00+00:00' AIRFLOW_CTX_TRY_NUMBER='1' AIRFLOW_CTX_DAG_RUN_ID='scheduled__2025-07-08T10:39:00+00:00'
[2025-07-08T10:40:46.401+0000] {taskinstance.py:2698} ERROR - Task failed with exception
Traceback (most recent call last):
  File "/home/airflow/.local/lib/python3.8/site-packages/airflow/models/taskinstance.py", line 433, in _execute_task
    result = execute_callable(context=context, **execute_callable_kwargs)
  File "/home/airflow/.local/lib/python3.8/site-packages/airflow/operators/python.py", line 199, in execute
    return_value = self.execute_callable()
  File "/home/airflow/.local/lib/python3.8/site-packages/airflow/operators/python.py", line 216, in execute_callable
    return self.python_callable(*self.op_args, **self.op_kwargs)
  File "/opt/airflow/dags/weather_pipeline.py", line 98, in select_best
    scores = {
  File "/opt/airflow/dags/weather_pipeline.py", line 99, in <dictcomp>
    name: ti.xcom_pull(task_ids = f"train_{name}", key = "score")
NameError: name 'ti' is not defined
[2025-07-08T10:40:46.429+0000] {taskinstance.py:1138} INFO - Marking task as FAILED. dag_id=weather_pipeline, task_id=select_best, execution_date=20250708T103900, start_date=20250708T104045, end_date=20250708T104046
[2025-07-08T10:40:46.479+0000] {standard_task_runner.py:107} ERROR - Failed to execute job 120 for task select_best (name 'ti' is not defined; 3407)
[2025-07-08T10:40:46.558+0000] {local_task_job_runner.py:234} INFO - Task exited with return code 1
[2025-07-08T10:40:46.678+0000] {taskinstance.py:3280} INFO - 0 downstream tasks scheduled from follow-on schedule check
