[2025-07-08T10:22:20.251+0000] {taskinstance.py:1956} INFO - Dependencies all met for dep_context=non-requeueable deps ti=<TaskInstance: weather_pipeline.train_linear_regression scheduled__2025-07-08T10:21:00+00:00 [queued]>
[2025-07-08T10:22:20.268+0000] {taskinstance.py:1956} INFO - Dependencies all met for dep_context=requeueable deps ti=<TaskInstance: weather_pipeline.train_linear_regression scheduled__2025-07-08T10:21:00+00:00 [queued]>
[2025-07-08T10:22:20.269+0000] {taskinstance.py:2170} INFO - Starting attempt 1 of 1
[2025-07-08T10:22:20.306+0000] {taskinstance.py:2191} INFO - Executing <Task(PythonOperator): train_linear_regression> on 2025-07-08 10:21:00+00:00
[2025-07-08T10:22:20.326+0000] {standard_task_runner.py:60} INFO - Started process 2575 to run task
[2025-07-08T10:22:20.331+0000] {standard_task_runner.py:87} INFO - Running: ['***', 'tasks', 'run', 'weather_pipeline', 'train_linear_regression', 'scheduled__2025-07-08T10:21:00+00:00', '--job-id', '34', '--raw', '--subdir', 'DAGS_FOLDER/weather_pipeline.py', '--cfg-path', '/tmp/tmp5pp6svh5']
[2025-07-08T10:22:20.341+0000] {standard_task_runner.py:88} INFO - Job 34: Subtask train_linear_regression
[2025-07-08T10:22:20.390+0000] {warnings.py:109} WARNING - /home/***/.local/lib/python3.8/site-packages/***/settings.py:194: DeprecationWarning: The sql_alchemy_conn option in [core] has been moved to the sql_alchemy_conn option in [database] - the old setting has been used, but please update your config.
  SQL_ALCHEMY_CONN = conf.get("database", "SQL_ALCHEMY_CONN")

[2025-07-08T10:22:20.498+0000] {task_command.py:423} INFO - Running <TaskInstance: weather_pipeline.train_linear_regression scheduled__2025-07-08T10:21:00+00:00 [running]> on host bacb6c67936a
[2025-07-08T10:22:20.753+0000] {taskinstance.py:2480} INFO - Exporting env vars: AIRFLOW_CTX_DAG_OWNER='***' AIRFLOW_CTX_DAG_ID='weather_pipeline' AIRFLOW_CTX_TASK_ID='train_linear_regression' AIRFLOW_CTX_EXECUTION_DATE='2025-07-08T10:21:00+00:00' AIRFLOW_CTX_TRY_NUMBER='1' AIRFLOW_CTX_DAG_RUN_ID='scheduled__2025-07-08T10:21:00+00:00'
[2025-07-08T10:22:20.865+0000] {taskinstance.py:2698} ERROR - Task failed with exception
Traceback (most recent call last):
  File "/home/airflow/.local/lib/python3.8/site-packages/airflow/models/taskinstance.py", line 433, in _execute_task
    result = execute_callable(context=context, **execute_callable_kwargs)
  File "/home/airflow/.local/lib/python3.8/site-packages/airflow/operators/python.py", line 199, in execute
    return_value = self.execute_callable()
  File "/home/airflow/.local/lib/python3.8/site-packages/airflow/operators/python.py", line 216, in execute_callable
    return self.python_callable(*self.op_args, **self.op_kwargs)
  File "/opt/airflow/dags/weather_pipeline.py", line 70, in train_model
    score = cross_val_score(model_cls(), X, y,
  File "/home/airflow/.local/lib/python3.8/site-packages/sklearn/model_selection/_validation.py", line 562, in cross_val_score
    cv_results = cross_validate(
  File "/home/airflow/.local/lib/python3.8/site-packages/sklearn/utils/_param_validation.py", line 214, in wrapper
    return func(*args, **kwargs)
  File "/home/airflow/.local/lib/python3.8/site-packages/sklearn/model_selection/_validation.py", line 309, in cross_validate
    results = parallel(
  File "/home/airflow/.local/lib/python3.8/site-packages/sklearn/utils/parallel.py", line 65, in __call__
    return super().__call__(iterable_with_config)
  File "/home/airflow/.local/lib/python3.8/site-packages/joblib/parallel.py", line 1918, in __call__
    return output if self.return_generator else list(output)
  File "/home/airflow/.local/lib/python3.8/site-packages/joblib/parallel.py", line 1844, in _get_sequential_output
    for func, args, kwargs in iterable:
  File "/home/airflow/.local/lib/python3.8/site-packages/sklearn/utils/parallel.py", line 61, in <genexpr>
    iterable_with_config = (
  File "/home/airflow/.local/lib/python3.8/site-packages/sklearn/model_selection/_validation.py", line 309, in <genexpr>
    results = parallel(
  File "/home/airflow/.local/lib/python3.8/site-packages/sklearn/model_selection/_split.py", line 370, in split
    raise ValueError(
ValueError: Cannot have number of splits n_splits=3 greater than the number of samples: n_samples=0.
[2025-07-08T10:22:20.889+0000] {taskinstance.py:1138} INFO - Marking task as FAILED. dag_id=weather_pipeline, task_id=train_linear_regression, execution_date=20250708T102100, start_date=20250708T102220, end_date=20250708T102220
[2025-07-08T10:22:20.916+0000] {standard_task_runner.py:107} ERROR - Failed to execute job 34 for task train_linear_regression (Cannot have number of splits n_splits=3 greater than the number of samples: n_samples=0.; 2575)
[2025-07-08T10:22:20.993+0000] {local_task_job_runner.py:234} INFO - Task exited with return code 1
[2025-07-08T10:22:21.055+0000] {taskinstance.py:3280} INFO - 0 downstream tasks scheduled from follow-on schedule check
