[2025-07-03T17:45:04.362+0000] {taskinstance.py:1956} INFO - Dependencies all met for dep_context=non-requeueable deps ti=<TaskInstance: dataset_produces_1.producing_task_1 scheduled__2025-07-02T00:00:00+00:00 [queued]>
[2025-07-03T17:45:04.417+0000] {taskinstance.py:1956} INFO - Dependencies all met for dep_context=requeueable deps ti=<TaskInstance: dataset_produces_1.producing_task_1 scheduled__2025-07-02T00:00:00+00:00 [queued]>
[2025-07-03T17:45:04.418+0000] {taskinstance.py:2170} INFO - Starting attempt 1 of 1
[2025-07-03T17:45:04.475+0000] {taskinstance.py:2191} INFO - Executing <Task(BashOperator): producing_task_1> on 2025-07-02 00:00:00+00:00
[2025-07-03T17:45:04.493+0000] {standard_task_runner.py:60} INFO - Started process 520 to run task
[2025-07-03T17:45:04.505+0000] {standard_task_runner.py:87} INFO - Running: ['***', 'tasks', 'run', 'dataset_produces_1', 'producing_task_1', 'scheduled__2025-07-02T00:00:00+00:00', '--job-id', '2', '--raw', '--subdir', '/home/***/.local/lib/python3.8/site-packages/***/example_dags/example_datasets.py', '--cfg-path', '/tmp/tmpyj746mmk']
[2025-07-03T17:45:04.508+0000] {standard_task_runner.py:88} INFO - Job 2: Subtask producing_task_1
[2025-07-03T17:45:04.547+0000] {warnings.py:109} WARNING - /home/***/.local/lib/python3.8/site-packages/***/settings.py:194: DeprecationWarning: The sql_alchemy_conn option in [core] has been moved to the sql_alchemy_conn option in [database] - the old setting has been used, but please update your config.
  SQL_ALCHEMY_CONN = conf.get("database", "SQL_ALCHEMY_CONN")

[2025-07-03T17:45:04.615+0000] {task_command.py:423} INFO - Running <TaskInstance: dataset_produces_1.producing_task_1 scheduled__2025-07-02T00:00:00+00:00 [running]> on host d77c3bcf817c
[2025-07-03T17:45:04.806+0000] {taskinstance.py:2480} INFO - Exporting env vars: AIRFLOW_CTX_DAG_OWNER='***' AIRFLOW_CTX_DAG_ID='dataset_produces_1' AIRFLOW_CTX_TASK_ID='producing_task_1' AIRFLOW_CTX_EXECUTION_DATE='2025-07-02T00:00:00+00:00' AIRFLOW_CTX_TRY_NUMBER='1' AIRFLOW_CTX_DAG_RUN_ID='scheduled__2025-07-02T00:00:00+00:00'
[2025-07-03T17:45:04.808+0000] {subprocess.py:63} INFO - Tmp dir root location: /tmp
[2025-07-03T17:45:04.809+0000] {subprocess.py:75} INFO - Running command: ['/usr/bin/bash', '-c', 'sleep 5']
[2025-07-03T17:45:04.927+0000] {subprocess.py:86} INFO - Output:
[2025-07-03T17:45:09.936+0000] {subprocess.py:97} INFO - Command exited with return code 0
[2025-07-03T17:45:10.072+0000] {warnings.py:109} WARNING - /home/***/.local/lib/python3.8/site-packages/***/models/baseoperator.py:1469: RemovedInAirflow3Warning: Passing 'execution_date' to 'TaskInstance.xcom_push()' is deprecated.
  context["ti"].xcom_push(key=key, value=value, execution_date=execution_date)

[2025-07-03T17:45:10.100+0000] {taskinstance.py:1138} INFO - Marking task as SUCCESS. dag_id=dataset_produces_1, task_id=producing_task_1, execution_date=20250702T000000, start_date=20250703T174504, end_date=20250703T174510
[2025-07-03T17:45:10.154+0000] {local_task_job_runner.py:234} INFO - Task exited with return code 0
[2025-07-03T17:45:10.178+0000] {taskinstance.py:3280} INFO - 0 downstream tasks scheduled from follow-on schedule check
