[2025-07-08T10:35:54.075+0000] {taskinstance.py:1956} INFO - Dependencies all met for dep_context=non-requeueable deps ti=<TaskInstance: weather_pipeline.select_best scheduled__2025-07-08T10:34:00+00:00 [queued]>
[2025-07-08T10:35:54.098+0000] {taskinstance.py:1956} INFO - Dependencies all met for dep_context=requeueable deps ti=<TaskInstance: weather_pipeline.select_best scheduled__2025-07-08T10:34:00+00:00 [queued]>
[2025-07-08T10:35:54.099+0000] {taskinstance.py:2170} INFO - Starting attempt 1 of 1
[2025-07-08T10:35:54.134+0000] {taskinstance.py:2191} INFO - Executing <Task(PythonOperator): select_best> on 2025-07-08 10:34:00+00:00
[2025-07-08T10:35:54.165+0000] {standard_task_runner.py:60} INFO - Started process 3166 to run task
[2025-07-08T10:35:54.180+0000] {standard_task_runner.py:87} INFO - Running: ['***', 'tasks', 'run', 'weather_pipeline', 'select_best', 'scheduled__2025-07-08T10:34:00+00:00', '--job-id', '91', '--raw', '--subdir', 'DAGS_FOLDER/weather_pipeline.py', '--cfg-path', '/tmp/tmpim0c_gs4']
[2025-07-08T10:35:54.190+0000] {standard_task_runner.py:88} INFO - Job 91: Subtask select_best
[2025-07-08T10:35:54.236+0000] {warnings.py:109} WARNING - /home/***/.local/lib/python3.8/site-packages/***/settings.py:194: DeprecationWarning: The sql_alchemy_conn option in [core] has been moved to the sql_alchemy_conn option in [database] - the old setting has been used, but please update your config.
  SQL_ALCHEMY_CONN = conf.get("database", "SQL_ALCHEMY_CONN")

[2025-07-08T10:35:54.315+0000] {task_command.py:423} INFO - Running <TaskInstance: weather_pipeline.select_best scheduled__2025-07-08T10:34:00+00:00 [running]> on host bacb6c67936a
[2025-07-08T10:35:54.506+0000] {taskinstance.py:2480} INFO - Exporting env vars: AIRFLOW_CTX_DAG_OWNER='***' AIRFLOW_CTX_DAG_ID='weather_pipeline' AIRFLOW_CTX_TASK_ID='select_best' AIRFLOW_CTX_EXECUTION_DATE='2025-07-08T10:34:00+00:00' AIRFLOW_CTX_TRY_NUMBER='1' AIRFLOW_CTX_DAG_RUN_ID='scheduled__2025-07-08T10:34:00+00:00'
[2025-07-08T10:35:54.513+0000] {taskinstance.py:2698} ERROR - Task failed with exception
Traceback (most recent call last):
  File "/home/airflow/.local/lib/python3.8/site-packages/airflow/models/taskinstance.py", line 433, in _execute_task
    result = execute_callable(context=context, **execute_callable_kwargs)
  File "/home/airflow/.local/lib/python3.8/site-packages/airflow/operators/python.py", line 199, in execute
    return_value = self.execute_callable()
  File "/home/airflow/.local/lib/python3.8/site-packages/airflow/operators/python.py", line 216, in execute_callable
    return self.python_callable(*self.op_args, **self.op_kwargs)
  File "/opt/airflow/dags/weather_pipeline.py", line 82, in select_best
    scores = {
  File "/opt/airflow/dags/weather_pipeline.py", line 83, in <dictcomp>
    name: ti.xcom_pull(task_ids = f"train_{name}", key = "score")
NameError: name 'ti' is not defined
[2025-07-08T10:35:54.527+0000] {taskinstance.py:1138} INFO - Marking task as FAILED. dag_id=weather_pipeline, task_id=select_best, execution_date=20250708T103400, start_date=20250708T103554, end_date=20250708T103554
[2025-07-08T10:35:54.557+0000] {standard_task_runner.py:107} ERROR - Failed to execute job 91 for task select_best (name 'ti' is not defined; 3166)
[2025-07-08T10:35:54.598+0000] {local_task_job_runner.py:234} INFO - Task exited with return code 1
[2025-07-08T10:35:54.668+0000] {taskinstance.py:3280} INFO - 0 downstream tasks scheduled from follow-on schedule check
